2026-02-02T18:01:58.9896433Z Current runner version: '2.331.0'
2026-02-02T18:01:59.0117103Z ##[group]Runner Image Provisioner
2026-02-02T18:01:59.0117989Z Hosted Compute Agent
2026-02-02T18:01:59.0118541Z Version: 20260123.484
2026-02-02T18:01:59.0119199Z Commit: 6bd6555ca37d84114959e1c76d2c01448ff61c5d
2026-02-02T18:01:59.0119917Z Build Date: 2026-01-23T19:41:17Z
2026-02-02T18:01:59.0120699Z Worker ID: {c34b8afd-ebc7-40c8-b36c-b14f73105369}
2026-02-02T18:01:59.0121521Z Azure Region: centralus
2026-02-02T18:01:59.0122069Z ##[endgroup]
2026-02-02T18:01:59.0123431Z ##[group]Operating System
2026-02-02T18:01:59.0124414Z Microsoft Windows Server 2025
2026-02-02T18:01:59.0125162Z 10.0.26100
2026-02-02T18:01:59.0125577Z Datacenter
2026-02-02T18:01:59.0126043Z ##[endgroup]
2026-02-02T18:01:59.0126490Z ##[group]Runner Image
2026-02-02T18:01:59.0127035Z Image: windows-2025
2026-02-02T18:01:59.0127520Z Version: 20260127.11.2
2026-02-02T18:01:59.0128923Z Included Software: https://github.com/actions/runner-images/blob/win25/20260127.11/images/windows/Windows2025-Readme.md
2026-02-02T18:01:59.0130430Z Image Release: https://github.com/actions/runner-images/releases/tag/win25%2F20260127.11
2026-02-02T18:01:59.0131357Z ##[endgroup]
2026-02-02T18:01:59.0132459Z ##[group]GITHUB_TOKEN Permissions
2026-02-02T18:01:59.0134543Z Contents: read
2026-02-02T18:01:59.0135033Z Metadata: read
2026-02-02T18:01:59.0135503Z Packages: read
2026-02-02T18:01:59.0136023Z ##[endgroup]
2026-02-02T18:01:59.0138110Z Secret source: Actions
2026-02-02T18:01:59.0138912Z Prepare workflow directory
2026-02-02T18:01:59.1044708Z Prepare all required actions
2026-02-02T18:01:59.1083815Z Getting action download info
2026-02-02T18:01:59.4401833Z Download action repository 'actions/checkout@v4' (SHA:34e114876b0b11c390a56381ad16ebd13914f8d5)
2026-02-02T18:01:59.6119690Z Download action repository 'actions/setup-python@v5' (SHA:a26af69be951a213d495a4c3e4e4022e16d87065)
2026-02-02T18:01:59.8192261Z Download action repository 'codecov/codecov-action@v4' (SHA:b9fd7d16f6d7d1b5d2bec1a2887e65ceed900238)
2026-02-02T18:02:00.4168676Z Download action repository 'actions/upload-artifact@v4' (SHA:ea165f8d65b6e75b540449e92b4886f43607fa02)
2026-02-02T18:02:01.1647177Z Complete job name: Test Python 3.12 on windows-latest
2026-02-02T18:02:01.6935639Z ##[group]Run actions/checkout@v4
2026-02-02T18:02:01.6936973Z with:
2026-02-02T18:02:01.6937641Z   repository: lmvcruz/argos
2026-02-02T18:02:01.6938819Z   token: ***
2026-02-02T18:02:01.6939489Z   ssh-strict: true
2026-02-02T18:02:01.6940183Z   ssh-user: git
2026-02-02T18:02:01.6940899Z   persist-credentials: true
2026-02-02T18:02:01.6941676Z   clean: true
2026-02-02T18:02:01.6942387Z   sparse-checkout-cone-mode: true
2026-02-02T18:02:01.6943244Z   fetch-depth: 1
2026-02-02T18:02:01.6943939Z   fetch-tags: false
2026-02-02T18:02:01.6944638Z   show-progress: true
2026-02-02T18:02:01.6945354Z   lfs: false
2026-02-02T18:02:01.6946021Z   submodules: false
2026-02-02T18:02:01.6946732Z   set-safe-directory: true
2026-02-02T18:02:01.6948247Z ##[endgroup]
2026-02-02T18:02:01.8983706Z Syncing repository: lmvcruz/argos
2026-02-02T18:02:01.8986211Z ##[group]Getting Git version info
2026-02-02T18:02:01.8987349Z Working directory is 'D:\a\argos\argos'
2026-02-02T18:02:02.0353808Z [command]"C:\Program Files\Git\bin\git.exe" version
2026-02-02T18:02:02.3915150Z git version 2.52.0.windows.1
2026-02-02T18:02:02.3976262Z ##[endgroup]
2026-02-02T18:02:02.4011446Z Temporarily overriding HOME='D:\a\_temp\268ade97-4b8d-4d2b-886a-027a617b959b' before making global git config changes
2026-02-02T18:02:02.4015169Z Adding repository directory to the temporary git global config as a safe directory
2026-02-02T18:02:02.4018642Z [command]"C:\Program Files\Git\bin\git.exe" config --global --add safe.directory D:\a\argos\argos
2026-02-02T18:02:02.4619489Z Deleting the contents of 'D:\a\argos\argos'
2026-02-02T18:02:02.4628200Z ##[group]Initializing the repository
2026-02-02T18:02:02.4638401Z [command]"C:\Program Files\Git\bin\git.exe" init D:\a\argos\argos
2026-02-02T18:02:02.5445526Z Initialized empty Git repository in D:/a/argos/argos/.git/
2026-02-02T18:02:02.5497865Z [command]"C:\Program Files\Git\bin\git.exe" remote add origin https://github.com/lmvcruz/argos
2026-02-02T18:02:02.6029324Z ##[endgroup]
2026-02-02T18:02:02.6030687Z ##[group]Disabling automatic garbage collection
2026-02-02T18:02:02.6039516Z [command]"C:\Program Files\Git\bin\git.exe" config --local gc.auto 0
2026-02-02T18:02:02.6449429Z ##[endgroup]
2026-02-02T18:02:02.6451854Z ##[group]Setting up auth
2026-02-02T18:02:02.6462145Z [command]"C:\Program Files\Git\bin\git.exe" config --local --name-only --get-regexp core\.sshCommand
2026-02-02T18:02:02.6786932Z [command]"C:\Program Files\Git\bin\git.exe" submodule foreach --recursive "sh -c \"git config --local --name-only --get-regexp 'core\.sshCommand' && git config --local --unset-all 'core.sshCommand' || :\""
2026-02-02T18:02:04.0844001Z [command]"C:\Program Files\Git\bin\git.exe" config --local --name-only --get-regexp http\.https\:\/\/github\.com\/\.extraheader
2026-02-02T18:02:04.1172535Z [command]"C:\Program Files\Git\bin\git.exe" submodule foreach --recursive "sh -c \"git config --local --name-only --get-regexp 'http\.https\:\/\/github\.com\/\.extraheader' && git config --local --unset-all 'http.https://github.com/.extraheader' || :\""
2026-02-02T18:02:04.6907611Z [command]"C:\Program Files\Git\bin\git.exe" config --local --name-only --get-regexp ^includeIf\.gitdir:
2026-02-02T18:02:04.7227268Z [command]"C:\Program Files\Git\bin\git.exe" submodule foreach --recursive "git config --local --show-origin --name-only --get-regexp remote.origin.url"
2026-02-02T18:02:05.2786779Z [command]"C:\Program Files\Git\bin\git.exe" config --local http.https://github.com/.extraheader "AUTHORIZATION: basic ***"
2026-02-02T18:02:05.3112942Z ##[endgroup]
2026-02-02T18:02:05.3113686Z ##[group]Fetching the repository
2026-02-02T18:02:05.3126636Z [command]"C:\Program Files\Git\bin\git.exe" -c protocol.version=2 fetch --no-tags --prune --no-recurse-submodules --depth=1 origin +5563a4bf4fc378de14842c14efad0d4117ca0a1e:refs/remotes/origin/main
2026-02-02T18:02:06.5519100Z From https://github.com/lmvcruz/argos
2026-02-02T18:02:06.5521798Z  * [new ref]         5563a4bf4fc378de14842c14efad0d4117ca0a1e -> origin/main
2026-02-02T18:02:06.5874775Z ##[endgroup]
2026-02-02T18:02:06.5875572Z ##[group]Determining the checkout info
2026-02-02T18:02:06.5877816Z ##[endgroup]
2026-02-02T18:02:06.5890242Z [command]"C:\Program Files\Git\bin\git.exe" sparse-checkout disable
2026-02-02T18:02:06.6402852Z [command]"C:\Program Files\Git\bin\git.exe" config --local --unset-all extensions.worktreeConfig
2026-02-02T18:02:06.6796149Z ##[group]Checking out the ref
2026-02-02T18:02:06.6811998Z [command]"C:\Program Files\Git\bin\git.exe" checkout --progress --force -B main refs/remotes/origin/main
2026-02-02T18:02:06.8359083Z branch 'main' set up to track 'origin/main'.
2026-02-02T18:02:06.8368056Z Switched to a new branch 'main'
2026-02-02T18:02:06.8419126Z ##[endgroup]
2026-02-02T18:02:06.8872705Z [command]"C:\Program Files\Git\bin\git.exe" log -1 --format=%H
2026-02-02T18:02:06.9196225Z 5563a4bf4fc378de14842c14efad0d4117ca0a1e
2026-02-02T18:02:06.9683805Z ##[group]Run actions/setup-python@v5
2026-02-02T18:02:06.9684274Z with:
2026-02-02T18:02:06.9684541Z   python-version: 3.12
2026-02-02T18:02:06.9684867Z   check-latest: false
2026-02-02T18:02:06.9685346Z   token: ***
2026-02-02T18:02:06.9685614Z   update-environment: true
2026-02-02T18:02:06.9685961Z   allow-prereleases: false
2026-02-02T18:02:06.9686309Z   freethreaded: false
2026-02-02T18:02:06.9686630Z ##[endgroup]
2026-02-02T18:02:07.2374085Z ##[group]Installed versions
2026-02-02T18:02:07.2622087Z Successfully set up CPython (3.12.10)
2026-02-02T18:02:07.2623078Z ##[endgroup]
2026-02-02T18:02:07.2949682Z ##[group]Run python -m pip install --upgrade pip
2026-02-02T18:02:07.2950140Z [36;1mpython -m pip install --upgrade pip[0m
2026-02-02T18:02:07.2950448Z [36;1mpip install -e ".[dev]"[0m
2026-02-02T18:02:07.3567706Z shell: C:\Program Files\PowerShell\7\pwsh.EXE -command ". '{0}'"
2026-02-02T18:02:07.3568254Z env:
2026-02-02T18:02:07.3568653Z   pythonLocation: C:\hostedtoolcache\windows\Python\3.12.10\x64
2026-02-02T18:02:07.3569373Z   PKG_CONFIG_PATH: C:\hostedtoolcache\windows\Python\3.12.10\x64/lib/pkgconfig
2026-02-02T18:02:07.3570079Z   Python_ROOT_DIR: C:\hostedtoolcache\windows\Python\3.12.10\x64
2026-02-02T18:02:07.3570695Z   Python2_ROOT_DIR: C:\hostedtoolcache\windows\Python\3.12.10\x64
2026-02-02T18:02:07.3571308Z   Python3_ROOT_DIR: C:\hostedtoolcache\windows\Python\3.12.10\x64
2026-02-02T18:02:07.3571786Z ##[endgroup]
2026-02-02T18:02:15.8931721Z Requirement already satisfied: pip in c:\hostedtoolcache\windows\python\3.12.10\x64\lib\site-packages (25.3)
2026-02-02T18:02:16.3622120Z Collecting pip
2026-02-02T18:02:16.6392607Z   Downloading pip-26.0-py3-none-any.whl.metadata (4.7 kB)
2026-02-02T18:02:16.6819831Z Downloading pip-26.0-py3-none-any.whl (1.8 MB)
2026-02-02T18:02:16.8445944Z    ---------------------------------------- 1.8/1.8 MB 32.5 MB/s  0:00:00
2026-02-02T18:02:16.9776469Z Installing collected packages: pip
2026-02-02T18:02:16.9778089Z   Attempting uninstall: pip
2026-02-02T18:02:16.9805857Z     Found existing installation: pip 25.3
2026-02-02T18:02:17.1124838Z     Uninstalling pip-25.3:
2026-02-02T18:02:17.1377468Z       Successfully uninstalled pip-25.3
2026-02-02T18:02:19.4308928Z Successfully installed pip-26.0
2026-02-02T18:02:21.0897599Z Obtaining file:///D:/a/argos/argos/scout
2026-02-02T18:02:21.0935501Z   Installing build dependencies: started
2026-02-02T18:02:24.1794624Z   Installing build dependencies: finished with status 'done'
2026-02-02T18:02:24.1811880Z   Checking if build backend supports build_editable: started
2026-02-02T18:02:24.6883777Z   Checking if build backend supports build_editable: finished with status 'done'
2026-02-02T18:02:24.6910237Z   Getting requirements to build editable: started
2026-02-02T18:02:25.4886836Z   Getting requirements to build editable: finished with status 'done'
2026-02-02T18:02:25.4918367Z   Preparing editable metadata (pyproject.toml): started
2026-02-02T18:02:25.9804432Z   Preparing editable metadata (pyproject.toml): finished with status 'done'
2026-02-02T18:02:26.3521954Z Collecting requests>=2.28.0 (from argos-scout==0.1.0)
2026-02-02T18:02:26.6110656Z   Downloading requests-2.32.5-py3-none-any.whl.metadata (4.9 kB)
2026-02-02T18:02:26.8021670Z Collecting pydantic>=2.0.0 (from argos-scout==0.1.0)
2026-02-02T18:02:26.8202968Z   Downloading pydantic-2.12.5-py3-none-any.whl.metadata (90 kB)
2026-02-02T18:02:26.9534135Z Collecting rich>=13.0.0 (from argos-scout==0.1.0)
2026-02-02T18:02:26.9683849Z   Downloading rich-14.3.2-py3-none-any.whl.metadata (18 kB)
2026-02-02T18:02:27.0292399Z Collecting python-dateutil>=2.8.0 (from argos-scout==0.1.0)
2026-02-02T18:02:27.0444724Z   Downloading python_dateutil-2.9.0.post0-py2.py3-none-any.whl.metadata (8.4 kB)
2026-02-02T18:02:27.3803111Z Collecting sqlalchemy>=2.0.0 (from argos-scout==0.1.0)
2026-02-02T18:02:27.3964737Z   Downloading sqlalchemy-2.0.46-cp312-cp312-win_amd64.whl.metadata (9.8 kB)
2026-02-02T18:02:27.4666991Z Collecting pytest>=7.0.0 (from argos-scout==0.1.0)
2026-02-02T18:02:27.4862429Z   Downloading pytest-9.0.2-py3-none-any.whl.metadata (7.6 kB)
2026-02-02T18:02:27.5392138Z Collecting pytest-cov>=4.0.0 (from argos-scout==0.1.0)
2026-02-02T18:02:27.5539294Z   Downloading pytest_cov-7.0.0-py3-none-any.whl.metadata (31 kB)
2026-02-02T18:02:27.6096247Z Collecting pytest-mock>=3.10.0 (from argos-scout==0.1.0)
2026-02-02T18:02:27.6245137Z   Downloading pytest_mock-3.15.1-py3-none-any.whl.metadata (3.9 kB)
2026-02-02T18:02:27.7380639Z Collecting black>=23.0.0 (from argos-scout==0.1.0)
2026-02-02T18:02:27.7551001Z   Downloading black-26.1.0-cp312-cp312-win_amd64.whl.metadata (88 kB)
2026-02-02T18:02:27.8328714Z Collecting flake8>=6.0.0 (from argos-scout==0.1.0)
2026-02-02T18:02:27.8480762Z   Downloading flake8-7.3.0-py2.py3-none-any.whl.metadata (3.8 kB)
2026-02-02T18:02:27.9074340Z Collecting isort>=5.12.0 (from argos-scout==0.1.0)
2026-02-02T18:02:27.9225602Z   Downloading isort-7.0.0-py3-none-any.whl.metadata (11 kB)
2026-02-02T18:02:28.0649657Z Collecting mypy>=1.0.0 (from argos-scout==0.1.0)
2026-02-02T18:02:28.0832029Z   Downloading mypy-1.19.1-cp312-cp312-win_amd64.whl.metadata (2.3 kB)
2026-02-02T18:02:28.0994005Z Requirement already satisfied: click>=8.0.0 in C:\hostedtoolcache\windows\Python\3.12.10\x64\Lib\site-packages (from black>=23.0.0->argos-scout==0.1.0) (8.3.1)
2026-02-02T18:02:28.1339003Z Collecting mypy-extensions>=0.4.3 (from black>=23.0.0->argos-scout==0.1.0)
2026-02-02T18:02:28.1492922Z   Downloading mypy_extensions-1.1.0-py3-none-any.whl.metadata (1.1 kB)
2026-02-02T18:02:28.1721304Z Requirement already satisfied: packaging>=22.0 in C:\hostedtoolcache\windows\Python\3.12.10\x64\Lib\site-packages (from black>=23.0.0->argos-scout==0.1.0) (26.0)
2026-02-02T18:02:28.2251961Z Collecting pathspec>=1.0.0 (from black>=23.0.0->argos-scout==0.1.0)
2026-02-02T18:02:28.2401524Z   Downloading pathspec-1.0.4-py3-none-any.whl.metadata (13 kB)
2026-02-02T18:02:28.2582502Z Requirement already satisfied: platformdirs>=2 in C:\hostedtoolcache\windows\Python\3.12.10\x64\Lib\site-packages (from black>=23.0.0->argos-scout==0.1.0) (4.5.1)
2026-02-02T18:02:28.2946653Z Collecting pytokens>=0.3.0 (from black>=23.0.0->argos-scout==0.1.0)
2026-02-02T18:02:28.3116273Z   Downloading pytokens-0.4.1-cp312-cp312-win_amd64.whl.metadata (3.9 kB)
2026-02-02T18:02:28.3297148Z Requirement already satisfied: colorama in C:\hostedtoolcache\windows\Python\3.12.10\x64\Lib\site-packages (from click>=8.0.0->black>=23.0.0->argos-scout==0.1.0) (0.4.6)
2026-02-02T18:02:28.3635200Z Collecting mccabe<0.8.0,>=0.7.0 (from flake8>=6.0.0->argos-scout==0.1.0)
2026-02-02T18:02:28.3784569Z   Downloading mccabe-0.7.0-py2.py3-none-any.whl.metadata (5.0 kB)
2026-02-02T18:02:28.4247691Z Collecting pycodestyle<2.15.0,>=2.14.0 (from flake8>=6.0.0->argos-scout==0.1.0)
2026-02-02T18:02:28.4405373Z   Downloading pycodestyle-2.14.0-py2.py3-none-any.whl.metadata (4.5 kB)
2026-02-02T18:02:28.4910940Z Collecting pyflakes<3.5.0,>=3.4.0 (from flake8>=6.0.0->argos-scout==0.1.0)
2026-02-02T18:02:28.5062416Z   Downloading pyflakes-3.4.0-py2.py3-none-any.whl.metadata (3.5 kB)
2026-02-02T18:02:28.5749317Z Collecting typing_extensions>=4.6.0 (from mypy>=1.0.0->argos-scout==0.1.0)
2026-02-02T18:02:28.5896398Z   Downloading typing_extensions-4.15.0-py3-none-any.whl.metadata (3.3 kB)
2026-02-02T18:02:28.7269122Z Collecting librt>=0.6.2 (from mypy>=1.0.0->argos-scout==0.1.0)
2026-02-02T18:02:28.7431365Z   Downloading librt-0.7.8-cp312-cp312-win_amd64.whl.metadata (1.4 kB)
2026-02-02T18:02:28.7959154Z Collecting annotated-types>=0.6.0 (from pydantic>=2.0.0->argos-scout==0.1.0)
2026-02-02T18:02:28.8105238Z   Downloading annotated_types-0.7.0-py3-none-any.whl.metadata (15 kB)
2026-02-02T18:02:29.5583166Z Collecting pydantic-core==2.41.5 (from pydantic>=2.0.0->argos-scout==0.1.0)
2026-02-02T18:02:29.5731492Z   Downloading pydantic_core-2.41.5-cp312-cp312-win_amd64.whl.metadata (7.4 kB)
2026-02-02T18:02:29.6187801Z Collecting typing-inspection>=0.4.2 (from pydantic>=2.0.0->argos-scout==0.1.0)
2026-02-02T18:02:29.6332823Z   Downloading typing_inspection-0.4.2-py3-none-any.whl.metadata (2.6 kB)
2026-02-02T18:02:29.6803611Z Collecting iniconfig>=1.0.1 (from pytest>=7.0.0->argos-scout==0.1.0)
2026-02-02T18:02:29.6948300Z   Downloading iniconfig-2.3.0-py3-none-any.whl.metadata (2.5 kB)
2026-02-02T18:02:29.7493441Z Collecting pluggy<2,>=1.5 (from pytest>=7.0.0->argos-scout==0.1.0)
2026-02-02T18:02:29.7640511Z   Downloading pluggy-1.6.0-py3-none-any.whl.metadata (4.8 kB)
2026-02-02T18:02:29.8211020Z Collecting pygments>=2.7.2 (from pytest>=7.0.0->argos-scout==0.1.0)
2026-02-02T18:02:29.8364389Z   Downloading pygments-2.19.2-py3-none-any.whl.metadata (2.5 kB)
2026-02-02T18:02:30.2873811Z Collecting coverage>=7.10.6 (from coverage[toml]>=7.10.6->pytest-cov>=4.0.0->argos-scout==0.1.0)
2026-02-02T18:02:30.3037200Z   Downloading coverage-7.13.2-cp312-cp312-win_amd64.whl.metadata (8.7 kB)
2026-02-02T18:02:30.3608018Z Collecting six>=1.5 (from python-dateutil>=2.8.0->argos-scout==0.1.0)
2026-02-02T18:02:30.3758472Z   Downloading six-1.17.0-py2.py3-none-any.whl.metadata (1.7 kB)
2026-02-02T18:02:30.4898269Z Collecting charset_normalizer<4,>=2 (from requests>=2.28.0->argos-scout==0.1.0)
2026-02-02T18:02:30.5046806Z   Downloading charset_normalizer-3.4.4-cp312-cp312-win_amd64.whl.metadata (38 kB)
2026-02-02T18:02:30.5585738Z Collecting idna<4,>=2.5 (from requests>=2.28.0->argos-scout==0.1.0)
2026-02-02T18:02:30.5732588Z   Downloading idna-3.11-py3-none-any.whl.metadata (8.4 kB)
2026-02-02T18:02:30.6422220Z Collecting urllib3<3,>=1.21.1 (from requests>=2.28.0->argos-scout==0.1.0)
2026-02-02T18:02:30.6569860Z   Downloading urllib3-2.6.3-py3-none-any.whl.metadata (6.9 kB)
2026-02-02T18:02:30.7125589Z Collecting certifi>=2017.4.17 (from requests>=2.28.0->argos-scout==0.1.0)
2026-02-02T18:02:30.7274446Z   Downloading certifi-2026.1.4-py3-none-any.whl.metadata (2.5 kB)
2026-02-02T18:02:30.7843864Z Collecting markdown-it-py>=2.2.0 (from rich>=13.0.0->argos-scout==0.1.0)
2026-02-02T18:02:30.8007580Z   Downloading markdown_it_py-4.0.0-py3-none-any.whl.metadata (7.3 kB)
2026-02-02T18:02:30.8561858Z Collecting mdurl~=0.1 (from markdown-it-py>=2.2.0->rich>=13.0.0->argos-scout==0.1.0)
2026-02-02T18:02:30.8711835Z   Downloading mdurl-0.1.2-py3-none-any.whl.metadata (1.6 kB)
2026-02-02T18:02:31.0333226Z Collecting greenlet>=1 (from sqlalchemy>=2.0.0->argos-scout==0.1.0)
2026-02-02T18:02:31.0500708Z   Downloading greenlet-3.3.1-cp312-cp312-win_amd64.whl.metadata (3.8 kB)
2026-02-02T18:02:31.0907695Z Downloading black-26.1.0-cp312-cp312-win_amd64.whl (1.4 MB)
2026-02-02T18:02:31.1565035Z    ---------------------------------------- 1.4/1.4 MB 24.3 MB/s  0:00:00
2026-02-02T18:02:31.1713926Z Downloading flake8-7.3.0-py2.py3-none-any.whl (57 kB)
2026-02-02T18:02:31.2108629Z Downloading mccabe-0.7.0-py2.py3-none-any.whl (7.3 kB)
2026-02-02T18:02:31.2366924Z Downloading pycodestyle-2.14.0-py2.py3-none-any.whl (31 kB)
2026-02-02T18:02:31.2643931Z Downloading pyflakes-3.4.0-py2.py3-none-any.whl (63 kB)
2026-02-02T18:02:31.2945151Z Downloading isort-7.0.0-py3-none-any.whl (94 kB)
2026-02-02T18:02:31.3232924Z Downloading mypy-1.19.1-cp312-cp312-win_amd64.whl (10.1 MB)
2026-02-02T18:02:31.4057873Z    ---------------------------------------- 10.1/10.1 MB 126.4 MB/s  0:00:00
2026-02-02T18:02:31.4213093Z Downloading librt-0.7.8-cp312-cp312-win_amd64.whl (50 kB)
2026-02-02T18:02:31.4540017Z Downloading mypy_extensions-1.1.0-py3-none-any.whl (5.0 kB)
2026-02-02T18:02:31.4820700Z Downloading pathspec-1.0.4-py3-none-any.whl (55 kB)
2026-02-02T18:02:31.5091320Z Downloading pydantic-2.12.5-py3-none-any.whl (463 kB)
2026-02-02T18:02:31.5432080Z Downloading pydantic_core-2.41.5-cp312-cp312-win_amd64.whl (2.0 MB)
2026-02-02T18:02:31.5716236Z    ---------------------------------------- 2.0/2.0 MB 56.7 MB/s  0:00:00
2026-02-02T18:02:31.5863831Z Downloading annotated_types-0.7.0-py3-none-any.whl (13 kB)
2026-02-02T18:02:31.6139494Z Downloading pytest-9.0.2-py3-none-any.whl (374 kB)
2026-02-02T18:02:31.6499621Z Downloading pluggy-1.6.0-py3-none-any.whl (20 kB)
2026-02-02T18:02:31.6843254Z Downloading iniconfig-2.3.0-py3-none-any.whl (7.5 kB)
2026-02-02T18:02:31.7132793Z Downloading pygments-2.19.2-py3-none-any.whl (1.2 MB)
2026-02-02T18:02:31.7350203Z    ---------------------------------------- 1.2/1.2 MB 64.2 MB/s  0:00:00
2026-02-02T18:02:31.7536390Z Downloading pytest_cov-7.0.0-py3-none-any.whl (22 kB)
2026-02-02T18:02:31.8007776Z Downloading coverage-7.13.2-cp312-cp312-win_amd64.whl (222 kB)
2026-02-02T18:02:31.8314777Z Downloading pytest_mock-3.15.1-py3-none-any.whl (10 kB)
2026-02-02T18:02:31.8578167Z Downloading python_dateutil-2.9.0.post0-py2.py3-none-any.whl (229 kB)
2026-02-02T18:02:31.8874503Z Downloading pytokens-0.4.1-cp312-cp312-win_amd64.whl (103 kB)
2026-02-02T18:02:31.9162289Z Downloading requests-2.32.5-py3-none-any.whl (64 kB)
2026-02-02T18:02:31.9411811Z Downloading charset_normalizer-3.4.4-cp312-cp312-win_amd64.whl (107 kB)
2026-02-02T18:02:31.9773884Z Downloading idna-3.11-py3-none-any.whl (71 kB)
2026-02-02T18:02:32.0046037Z Downloading urllib3-2.6.3-py3-none-any.whl (131 kB)
2026-02-02T18:02:32.0333317Z Downloading certifi-2026.1.4-py3-none-any.whl (152 kB)
2026-02-02T18:02:32.0638023Z Downloading rich-14.3.2-py3-none-any.whl (309 kB)
2026-02-02T18:02:32.0995033Z Downloading markdown_it_py-4.0.0-py3-none-any.whl (87 kB)
2026-02-02T18:02:32.1280789Z Downloading mdurl-0.1.2-py3-none-any.whl (10.0 kB)
2026-02-02T18:02:32.1559392Z Downloading six-1.17.0-py2.py3-none-any.whl (11 kB)
2026-02-02T18:02:32.1906849Z Downloading sqlalchemy-2.0.46-cp312-cp312-win_amd64.whl (2.1 MB)
2026-02-02T18:02:32.2249842Z    ---------------------------------------- 2.1/2.1 MB 60.6 MB/s  0:00:00
2026-02-02T18:02:32.2436548Z Downloading greenlet-3.3.1-cp312-cp312-win_amd64.whl (227 kB)
2026-02-02T18:02:32.2763889Z Downloading typing_extensions-4.15.0-py3-none-any.whl (44 kB)
2026-02-02T18:02:32.3056210Z Downloading typing_inspection-0.4.2-py3-none-any.whl (14 kB)
2026-02-02T18:02:32.4115277Z Building wheels for collected packages: argos-scout
2026-02-02T18:02:32.4150533Z   Building editable for argos-scout (pyproject.toml): started
2026-02-02T18:02:33.0746942Z   Building editable for argos-scout (pyproject.toml): finished with status 'done'
2026-02-02T18:02:33.0791106Z   Created wheel for argos-scout: filename=argos_scout-0.1.0-0.editable-py3-none-any.whl size=4040 sha256=ee44ba034cb38fde0c79ceaf0514ab28a2d806dc0a9cfb618bb9ed0e4d4e059b
2026-02-02T18:02:33.0793068Z   Stored in directory: C:\Users\runneradmin\AppData\Local\Temp\pip-ephem-wheel-cache-ji0zx58w\wheels\bf\a0\7d\aeb93051a78276ceadd37cf08586851384bf916aaec988cf24
2026-02-02T18:02:33.0822298Z Successfully built argos-scout
2026-02-02T18:02:33.1699131Z Installing collected packages: urllib3, typing_extensions, six, pytokens, pygments, pyflakes, pycodestyle, pluggy, pathspec, mypy-extensions, mdurl, mccabe, librt, isort, iniconfig, idna, greenlet, coverage, charset_normalizer, certifi, annotated-types, typing-inspection, sqlalchemy, requests, python-dateutil, pytest, pydantic-core, mypy, markdown-it-py, flake8, black, rich, pytest-mock, pytest-cov, pydantic, argos-scout
2026-02-02T18:02:49.2268663Z 
2026-02-02T18:02:49.2315596Z Successfully installed annotated-types-0.7.0 argos-scout-0.1.0 black-26.1.0 certifi-2026.1.4 charset_normalizer-3.4.4 coverage-7.13.2 flake8-7.3.0 greenlet-3.3.1 idna-3.11 iniconfig-2.3.0 isort-7.0.0 librt-0.7.8 markdown-it-py-4.0.0 mccabe-0.7.0 mdurl-0.1.2 mypy-1.19.1 mypy-extensions-1.1.0 pathspec-1.0.4 pluggy-1.6.0 pycodestyle-2.14.0 pydantic-2.12.5 pydantic-core-2.41.5 pyflakes-3.4.0 pygments-2.19.2 pytest-9.0.2 pytest-cov-7.0.0 pytest-mock-3.15.1 python-dateutil-2.9.0.post0 pytokens-0.4.1 requests-2.32.5 rich-14.3.2 six-1.17.0 sqlalchemy-2.0.46 typing-inspection-0.4.2 typing_extensions-4.15.0 urllib3-2.6.3
2026-02-02T18:02:50.8040951Z ##[group]Run pytest tests/ -v --cov=scout --cov-report=xml --cov-report=term-missing
2026-02-02T18:02:50.8041601Z [36;1mpytest tests/ -v --cov=scout --cov-report=xml --cov-report=term-missing[0m
2026-02-02T18:02:50.8112434Z shell: C:\Program Files\PowerShell\7\pwsh.EXE -command ". '{0}'"
2026-02-02T18:02:50.8112799Z env:
2026-02-02T18:02:50.8113083Z   pythonLocation: C:\hostedtoolcache\windows\Python\3.12.10\x64
2026-02-02T18:02:50.8113572Z   PKG_CONFIG_PATH: C:\hostedtoolcache\windows\Python\3.12.10\x64/lib/pkgconfig
2026-02-02T18:02:50.8114050Z   Python_ROOT_DIR: C:\hostedtoolcache\windows\Python\3.12.10\x64
2026-02-02T18:02:50.8114481Z   Python2_ROOT_DIR: C:\hostedtoolcache\windows\Python\3.12.10\x64
2026-02-02T18:02:50.8114904Z   Python3_ROOT_DIR: C:\hostedtoolcache\windows\Python\3.12.10\x64
2026-02-02T18:02:50.8115242Z ##[endgroup]
2026-02-02T18:02:52.2129433Z ============================= test session starts =============================
2026-02-02T18:02:52.2131712Z platform win32 -- Python 3.12.10, pytest-9.0.2, pluggy-1.6.0 -- C:\hostedtoolcache\windows\Python\3.12.10\x64\python.exe
2026-02-02T18:02:52.2133083Z cachedir: .pytest_cache
2026-02-02T18:02:52.2133533Z rootdir: D:\a\argos\argos\scout
2026-02-02T18:02:52.2133988Z configfile: pyproject.toml
2026-02-02T18:02:52.2134489Z plugins: cov-7.0.0, mock-3.15.1
2026-02-02T18:02:54.1975062Z collecting ... collected 251 items
2026-02-02T18:02:54.1975392Z 
2026-02-02T18:02:54.2004693Z tests/test_analysis.py::TestFlakyTestDetection::test_detect_flaky_test_with_mixed_results PASSED [  0%]
2026-02-02T18:02:54.2019179Z tests/test_analysis.py::TestFlakyTestDetection::test_no_flaky_tests_when_always_passing PASSED [  0%]
2026-02-02T18:02:54.2032617Z tests/test_analysis.py::TestFlakyTestDetection::test_no_flaky_tests_when_always_failing PASSED [  1%]
2026-02-02T18:02:54.2046761Z tests/test_analysis.py::TestFlakyTestDetection::test_flaky_test_with_multiple_tests PASSED [  1%]
2026-02-02T18:02:54.2060859Z tests/test_analysis.py::TestFlakyTestDetection::test_insufficient_runs_for_flaky_detection PASSED [  1%]
2026-02-02T18:02:54.2074548Z tests/test_analysis.py::TestRecurringFailureDetection::test_detect_recurring_failure PASSED [  2%]
2026-02-02T18:02:54.2087789Z tests/test_analysis.py::TestRecurringFailureDetection::test_no_recurring_failures_below_threshold PASSED [  2%]
2026-02-02T18:02:54.2101859Z tests/test_analysis.py::TestRecurringFailureDetection::test_multiple_recurring_failures PASSED [  3%]
2026-02-02T18:02:54.2116059Z tests/test_analysis.py::TestPlatformSpecificFailures::test_detect_windows_only_failure PASSED [  3%]
2026-02-02T18:02:54.2129585Z tests/test_analysis.py::TestPlatformSpecificFailures::test_detect_linux_only_failure PASSED [  3%]
2026-02-02T18:02:54.2143531Z tests/test_analysis.py::TestPlatformSpecificFailures::test_no_platform_specific_when_all_fail PASSED [  4%]
2026-02-02T18:02:54.2157359Z tests/test_analysis.py::TestPlatformSpecificFailures::test_no_platform_specific_when_all_pass PASSED [  4%]
2026-02-02T18:02:54.2170880Z tests/test_analysis.py::TestFailureGrouping::test_group_failures_by_same_message PASSED [  5%]
2026-02-02T18:02:54.2184904Z tests/test_analysis.py::TestFailureGrouping::test_group_failures_by_same_location PASSED [  5%]
2026-02-02T18:02:54.2198642Z tests/test_analysis.py::TestFailureGrouping::test_group_failures_by_same_type PASSED [  5%]
2026-02-02T18:02:54.2214437Z tests/test_analysis.py::TestFailureGrouping::test_no_grouping_for_unique_failures PASSED [  6%]
2026-02-02T18:02:54.2228866Z tests/test_analysis.py::TestTrendAnalysis::test_detect_increasing_failure_trend PASSED [  6%]
2026-02-02T18:02:54.2242497Z tests/test_analysis.py::TestTrendAnalysis::test_detect_decreasing_failure_trend PASSED [  7%]
2026-02-02T18:02:54.2256680Z tests/test_analysis.py::TestTrendAnalysis::test_detect_stable_trend PASSED [  7%]
2026-02-02T18:02:54.2270309Z tests/test_analysis.py::TestTrendAnalysis::test_insufficient_data_for_trend PASSED [  7%]
2026-02-02T18:02:54.2286663Z tests/test_analysis.py::TestRecommendationGeneration::test_recommendation_for_flaky_test PASSED [  8%]
2026-02-02T18:02:54.2298232Z tests/test_analysis.py::TestRecommendationGeneration::test_recommendation_for_recurring_failure PASSED [  8%]
2026-02-02T18:02:54.2312138Z tests/test_analysis.py::TestRecommendationGeneration::test_recommendation_for_platform_specific_failure PASSED [  9%]
2026-02-02T18:02:54.2325160Z tests/test_analysis.py::TestRecommendationGeneration::test_recommendation_for_increasing_trend PASSED [  9%]
2026-02-02T18:02:54.2338632Z tests/test_analysis.py::TestRecommendationGeneration::test_no_recommendations_for_healthy_state PASSED [  9%]
2026-02-02T18:02:54.2352585Z tests/test_analysis.py::TestRecommendationGeneration::test_multiple_recommendations_prioritized PASSED [ 10%]
2026-02-02T18:02:54.2366448Z tests/test_analysis.py::TestFailureGroupDataclass::test_failure_group_creation PASSED [ 10%]
2026-02-02T18:02:54.2379573Z tests/test_analysis.py::TestFlakyTestDataclass::test_flaky_test_creation PASSED [ 11%]
2026-02-02T18:02:54.2393426Z tests/test_analysis.py::TestPlatformFailureDataclass::test_platform_failure_creation PASSED [ 11%]
2026-02-02T18:02:54.2407046Z tests/test_analysis.py::TestRecommendationDataclass::test_recommendation_creation PASSED [ 11%]
2026-02-02T18:02:54.2424622Z tests/test_analysis.py::TestFailureTrendDataclass::test_failure_trend_creation PASSED [ 12%]
2026-02-02T18:02:54.2537636Z tests/test_ci_log_parser.py::TestPytestLogParsing::test_parse_pytest_log_all_passed PASSED [ 12%]
2026-02-02T18:02:54.2577679Z tests/test_ci_log_parser.py::TestPytestLogParsing::test_parse_pytest_log_with_failures PASSED [ 13%]
2026-02-02T18:02:54.2593150Z tests/test_ci_log_parser.py::TestPytestLogParsing::test_parse_pytest_log_with_skipped_tests PASSED [ 13%]
2026-02-02T18:02:54.2609226Z tests/test_ci_log_parser.py::TestPytestLogParsing::test_parse_pytest_log_with_errors PASSED [ 13%]
2026-02-02T18:02:54.2624733Z tests/test_ci_log_parser.py::TestPytestLogParsing::test_parse_pytest_log_with_durations PASSED [ 14%]
2026-02-02T18:02:54.2640811Z tests/test_ci_log_parser.py::TestPytestLogParsing::test_parse_pytest_log_extract_traceback PASSED [ 14%]
2026-02-02T18:02:54.2656768Z tests/test_ci_log_parser.py::TestPytestLogParsing::test_parse_pytest_log_with_parametrized_tests PASSED [ 15%]
2026-02-02T18:02:54.2672092Z tests/test_ci_log_parser.py::TestPytestLogParsing::test_parse_pytest_empty_log PASSED [ 15%]
2026-02-02T18:02:54.2687841Z tests/test_ci_log_parser.py::TestPytestLogParsing::test_parse_pytest_log_no_collection PASSED [ 15%]
2026-02-02T18:02:54.2749558Z tests/test_ci_log_parser.py::TestCoverageLogParsing::test_parse_coverage_log_basic PASSED [ 16%]
2026-02-02T18:02:54.2764691Z tests/test_ci_log_parser.py::TestCoverageLogParsing::test_parse_coverage_log_with_missing_lines PASSED [ 16%]
2026-02-02T18:02:54.2779023Z tests/test_ci_log_parser.py::TestCoverageLogParsing::test_parse_coverage_log_empty PASSED [ 17%]
2026-02-02T18:02:54.2812582Z tests/test_ci_log_parser.py::TestFlake8LogParsing::test_parse_flake8_log_with_violations PASSED [ 17%]
2026-02-02T18:02:54.2826704Z tests/test_ci_log_parser.py::TestFlake8LogParsing::test_parse_flake8_log_no_violations PASSED [ 17%]
2026-02-02T18:02:54.2921031Z tests/test_ci_log_parser.py::TestFailurePatternDetection::test_detect_timeout_pattern PASSED [ 18%]
2026-02-02T18:02:54.2936202Z tests/test_ci_log_parser.py::TestFailurePatternDetection::test_detect_platform_specific_pattern PASSED [ 18%]
2026-02-02T18:02:54.2951485Z tests/test_ci_log_parser.py::TestFailurePatternDetection::test_detect_setup_failure_pattern PASSED [ 19%]
2026-02-02T18:02:54.2966496Z tests/test_ci_log_parser.py::TestFailurePatternDetection::test_detect_import_error_pattern PASSED [ 19%]
2026-02-02T18:02:54.2982161Z tests/test_ci_log_parser.py::TestFailurePatternDetection::test_detect_multiple_patterns PASSED [ 19%]
2026-02-02T18:02:54.2999667Z tests/test_ci_log_parser.py::TestFailurePatternDetection::test_no_patterns_in_successful_log PASSED [ 20%]
2026-02-02T18:02:54.3051184Z tests/test_cli.py::TestCLIArgumentParsing::test_create_parser_returns_argparse_parser PASSED [ 20%]
2026-02-02T18:02:54.3129514Z tests/test_cli.py::TestCLIArgumentParsing::test_parser_has_version_argument PASSED [ 21%]
2026-02-02T18:02:54.3186068Z tests/test_cli.py::TestCLIArgumentParsing::test_parser_has_help_argument PASSED [ 21%]
2026-02-02T18:02:54.3232785Z tests/test_cli.py::TestCLIArgumentParsing::test_parser_requires_subcommand PASSED [ 21%]
2026-02-02T18:02:54.3276199Z tests/test_cli.py::TestLogsCommand::test_logs_command_with_workflow_name PASSED [ 22%]
2026-02-02T18:02:54.3318009Z tests/test_cli.py::TestLogsCommand::test_logs_command_with_limit_option PASSED [ 22%]
2026-02-02T18:02:54.3358662Z tests/test_cli.py::TestLogsCommand::test_logs_command_with_output_option PASSED [ 23%]
2026-02-02T18:02:54.3400149Z tests/test_cli.py::TestLogsCommand::test_logs_command_with_branch_filter PASSED [ 23%]
2026-02-02T18:02:54.3496304Z tests/test_cli.py::TestLogsCommand::test_logs_command_execution PASSED   [ 23%]
2026-02-02T18:02:54.3535581Z tests/test_cli.py::TestAnalyzeCommand::test_analyze_command_with_run_id PASSED [ 24%]
2026-02-02T18:02:54.3576338Z tests/test_cli.py::TestAnalyzeCommand::test_analyze_command_with_format_option PASSED [ 24%]
2026-02-02T18:02:54.3616589Z tests/test_cli.py::TestAnalyzeCommand::test_analyze_command_with_output_file PASSED [ 25%]
2026-02-02T18:02:54.3658577Z tests/test_cli.py::TestAnalyzeCommand::test_analyze_command_with_verbose_flag PASSED [ 25%]
2026-02-02T18:02:54.3752914Z tests/test_cli.py::TestAnalyzeCommand::test_analyze_command_execution PASSED [ 25%]
2026-02-02T18:02:54.3794199Z tests/test_cli.py::TestTrendsCommand::test_trends_command_with_workflow_name PASSED [ 26%]
2026-02-02T18:02:54.3838644Z tests/test_cli.py::TestTrendsCommand::test_trends_command_with_days_option PASSED [ 26%]
2026-02-02T18:02:54.3888466Z tests/test_cli.py::TestTrendsCommand::test_trends_command_with_format_option PASSED [ 27%]
2026-02-02T18:02:54.4192405Z tests/test_cli.py::TestTrendsCommand::test_trends_command_execution PASSED [ 27%]
2026-02-02T18:02:54.4233269Z tests/test_cli.py::TestFlakyCommand::test_flaky_command_no_arguments PASSED [ 27%]
2026-02-02T18:02:54.4275406Z tests/test_cli.py::TestFlakyCommand::test_flaky_command_with_threshold_option PASSED [ 28%]
2026-02-02T18:02:54.4317986Z tests/test_cli.py::TestFlakyCommand::test_flaky_command_with_min_runs_option PASSED [ 28%]
2026-02-02T18:02:54.4357423Z tests/test_cli.py::TestFlakyCommand::test_flaky_command_with_format_option PASSED [ 29%]
2026-02-02T18:02:54.4439886Z tests/test_cli.py::TestFlakyCommand::test_flaky_command_execution PASSED [ 29%]
2026-02-02T18:02:54.4480010Z tests/test_cli.py::TestConfigCommand::test_config_show_command PASSED    [ 29%]
2026-02-02T18:02:54.4528739Z tests/test_cli.py::TestConfigCommand::test_config_set_command_with_key_value PASSED [ 30%]
2026-02-02T18:02:54.4568778Z tests/test_cli.py::TestConfigCommand::test_config_get_command_with_key PASSED [ 30%]
2026-02-02T18:02:54.4633047Z tests/test_cli.py::TestConfigCommand::test_config_show_execution PASSED  [ 31%]
2026-02-02T18:02:54.4701861Z tests/test_cli.py::TestAuthenticationHandling::test_token_from_environment_variable PASSED [ 31%]
2026-02-02T18:02:54.4742340Z tests/test_cli.py::TestAuthenticationHandling::test_token_from_command_line_option PASSED [ 31%]
2026-02-02T18:02:54.4811131Z tests/test_cli.py::TestAuthenticationHandling::test_repo_from_environment_variable PASSED [ 32%]
2026-02-02T18:02:54.4851487Z tests/test_cli.py::TestAuthenticationHandling::test_repo_from_command_line_option PASSED [ 32%]
2026-02-02T18:02:54.4892812Z tests/test_cli.py::TestOutputFormatOptions::test_console_format PASSED   [ 33%]
2026-02-02T18:02:54.4932743Z tests/test_cli.py::TestOutputFormatOptions::test_html_format PASSED      [ 33%]
2026-02-02T18:02:54.4973959Z tests/test_cli.py::TestOutputFormatOptions::test_json_format PASSED      [ 33%]
2026-02-02T18:02:54.5014695Z tests/test_cli.py::TestOutputFormatOptions::test_csv_format PASSED       [ 34%]
2026-02-02T18:02:54.5054419Z tests/test_cli.py::TestOutputFormatOptions::test_default_format_is_console PASSED [ 34%]
2026-02-02T18:02:54.5135213Z tests/test_cli.py::TestErrorHandling::test_missing_token_error PASSED    [ 35%]
2026-02-02T18:02:54.5217200Z tests/test_cli.py::TestErrorHandling::test_invalid_repository_format_error PASSED [ 35%]
2026-02-02T18:02:54.5309769Z tests/test_cli.py::TestErrorHandling::test_network_error_handling PASSED [ 35%]
2026-02-02T18:02:54.5388868Z tests/test_cli.py::TestVerboseOutput::test_verbose_flag_sets_logging_level PASSED [ 36%]
2026-02-02T18:02:54.5435070Z tests/test_cli.py::TestVerboseOutput::test_quiet_flag_sets_logging_level PASSED [ 36%]
2026-02-02T18:02:54.5541916Z tests/test_cli.py::TestCLIIntegration::test_full_analyze_workflow PASSED [ 37%]
2026-02-02T18:02:54.5649426Z tests/test_cli.py::TestCLIIntegration::test_html_report_generation_workflow PASSED [ 37%]
2026-02-02T18:02:54.5690532Z tests/test_cli.py::TestMainFunction::test_main_with_no_arguments_shows_help PASSED [ 37%]
2026-02-02T18:02:54.5733723Z tests/test_cli.py::TestMainFunction::test_main_returns_zero_on_success PASSED [ 38%]
2026-02-02T18:02:54.5778274Z tests/test_cli.py::TestMainFunction::test_main_returns_nonzero_on_error PASSED [ 38%]
2026-02-02T18:02:54.5793056Z tests/test_failure_parser.py::TestFailureLocation::test_failure_location_creation PASSED [ 39%]
2026-02-02T18:02:54.5807591Z tests/test_failure_parser.py::TestFailureLocation::test_failure_location_without_column PASSED [ 39%]
2026-02-02T18:02:54.5822106Z tests/test_failure_parser.py::TestFailureLocation::test_failure_location_string_representation PASSED [ 39%]
2026-02-02T18:02:54.5836023Z tests/test_failure_parser.py::TestStackFrame::test_stack_frame_creation PASSED [ 40%]
2026-02-02T18:02:54.5849951Z tests/test_failure_parser.py::TestStackFrame::test_stack_frame_without_code PASSED [ 40%]
2026-02-02T18:02:54.5865058Z tests/test_failure_parser.py::TestFailureDataclass::test_test_failure_creation PASSED [ 41%]
2026-02-02T18:02:54.5879178Z tests/test_failure_parser.py::TestFailureDataclass::test_test_failure_minimal PASSED [ 41%]
2026-02-02T18:02:54.5931640Z tests/test_failure_parser.py::TestPytestParser::test_parse_pytest_simple_failure PASSED [ 41%]
2026-02-02T18:02:54.5947051Z tests/test_failure_parser.py::TestPytestParser::test_parse_pytest_with_stack_trace PASSED [ 42%]
2026-02-02T18:02:54.5962025Z tests/test_failure_parser.py::TestPytestParser::test_parse_pytest_multiple_failures PASSED [ 42%]
2026-02-02T18:02:54.5975773Z tests/test_failure_parser.py::TestPytestParser::test_parse_pytest_json_output PASSED [ 43%]
2026-02-02T18:02:54.5990753Z tests/test_failure_parser.py::TestPytestParser::test_parse_pytest_parametrized_test PASSED [ 43%]
2026-02-02T18:02:54.6004933Z tests/test_failure_parser.py::TestPytestParser::test_parse_pytest_no_failures PASSED [ 43%]
2026-02-02T18:02:54.6021002Z tests/test_failure_parser.py::TestPytestParser::test_parse_pytest_with_captured_output PASSED [ 44%]
2026-02-02T18:02:54.6042348Z tests/test_failure_parser.py::TestUnittestParser::test_parse_unittest_simple_failure PASSED [ 44%]
2026-02-02T18:02:54.6057205Z tests/test_failure_parser.py::TestUnittestParser::test_parse_unittest_error PASSED [ 45%]
2026-02-02T18:02:54.6071509Z tests/test_failure_parser.py::TestUnittestParser::test_parse_unittest_multiple_failures PASSED [ 45%]
2026-02-02T18:02:54.6085738Z tests/test_failure_parser.py::TestUnittestParser::test_parse_unittest_no_failures PASSED [ 45%]
2026-02-02T18:02:54.6101287Z tests/test_failure_parser.py::TestUnittestParser::test_parse_unittest_with_stack_trace PASSED [ 46%]
2026-02-02T18:02:54.6164255Z tests/test_failure_parser.py::TestGoogleTestParser::test_parse_gtest_simple_failure PASSED [ 46%]
2026-02-02T18:02:54.6192684Z tests/test_failure_parser.py::TestGoogleTestParser::test_parse_gtest_xml_output PASSED [ 47%]
2026-02-02T18:02:54.6207963Z tests/test_failure_parser.py::TestGoogleTestParser::test_parse_gtest_json_output PASSED [ 47%]
2026-02-02T18:02:54.6270461Z tests/test_failure_parser.py::TestGoogleTestParser::test_parse_gtest_multiple_failures PASSED [ 47%]
2026-02-02T18:02:54.6283596Z tests/test_failure_parser.py::TestGoogleTestParser::test_parse_gtest_no_failures PASSED [ 48%]
2026-02-02T18:02:54.6297901Z tests/test_failure_parser.py::TestFailureParser::test_auto_detect_pytest PASSED [ 48%]
2026-02-02T18:02:54.6322345Z tests/test_failure_parser.py::TestFailureParser::test_auto_detect_unittest PASSED [ 49%]
2026-02-02T18:02:54.6369009Z tests/test_failure_parser.py::TestFailureParser::test_auto_detect_gtest PASSED [ 49%]
2026-02-02T18:02:54.6382503Z tests/test_failure_parser.py::TestFailureParser::test_parse_with_explicit_format PASSED [ 49%]
2026-02-02T18:02:54.6396814Z tests/test_failure_parser.py::TestFailureParser::test_parse_empty_output PASSED [ 50%]
2026-02-02T18:02:54.6410582Z tests/test_failure_parser.py::TestFailureParser::test_parse_unknown_format PASSED [ 50%]
2026-02-02T18:02:54.6424254Z tests/test_failure_parser.py::TestFailureParser::test_parse_json_pytest PASSED [ 50%]
2026-02-02T18:02:54.6439902Z tests/test_failure_parser.py::TestFailureParser::test_get_parser_by_format PASSED [ 51%]
2026-02-02T18:02:55.1093184Z tests/test_github_actions_client.py::TestGitHubActionsClient::test_client_initialization PASSED [ 51%]
2026-02-02T18:02:55.4737369Z tests/test_github_actions_client.py::TestGitHubActionsClient::test_fetch_and_store_workflow_runs PASSED [ 52%]
2026-02-02T18:02:55.8125564Z tests/test_github_actions_client.py::TestGitHubActionsClient::test_fetch_duplicate_runs_updates_existing PASSED [ 52%]
2026-02-02T18:02:56.1468850Z tests/test_github_actions_client.py::TestGitHubActionsClient::test_fetch_workflow_jobs PASSED [ 52%]
2026-02-02T18:02:56.4385511Z tests/test_github_actions_client.py::TestGitHubActionsClient::test_parse_job_name_extracts_platform_and_python PASSED [ 53%]
2026-02-02T18:02:56.7520268Z tests/test_github_actions_client.py::TestGitHubActionsClient::test_calculate_duration PASSED [ 53%]
2026-02-02T18:02:57.0867462Z tests/test_github_actions_client.py::TestGitHubActionsClient::test_fetch_jobs_without_run_in_database PASSED [ 54%]
2026-02-02T18:02:57.5760812Z tests/test_github_actions_client.py::TestGitHubActionsClient::test_get_workflow_run_from_database PASSED [ 54%]
2026-02-02T18:02:57.8840231Z tests/test_github_actions_client.py::TestGitHubActionsClient::test_get_nonexistent_workflow_run PASSED [ 54%]
2026-02-02T18:02:58.2782693Z tests/test_github_actions_client.py::TestGitHubActionsClient::test_get_workflow_jobs_from_database PASSED [ 55%]
2026-02-02T18:02:58.6245137Z tests/test_github_actions_client.py::TestGitHubActionsClient::test_list_recent_workflow_runs PASSED [ 55%]
2026-02-02T18:02:58.9092288Z tests/test_github_actions_client.py::TestGitHubActionsClient::test_get_failed_runs PASSED [ 56%]
2026-02-02T18:02:59.2349406Z tests/test_github_actions_client.py::TestGitHubActionsClient::test_extract_run_number_from_metadata PASSED [ 56%]
2026-02-02T18:02:59.2364201Z tests/test_log_retrieval.py::TestLogParser::test_remove_ansi_codes_simple PASSED [ 56%]
2026-02-02T18:02:59.2378622Z tests/test_log_retrieval.py::TestLogParser::test_remove_ansi_codes_multiple PASSED [ 57%]
2026-02-02T18:02:59.2392184Z tests/test_log_retrieval.py::TestLogParser::test_remove_ansi_codes_no_codes PASSED [ 57%]
2026-02-02T18:02:59.2406419Z tests/test_log_retrieval.py::TestLogParser::test_remove_ansi_codes_empty PASSED [ 58%]
2026-02-02T18:02:59.2421129Z tests/test_log_retrieval.py::TestLogParser::test_extract_timestamp_iso8601 PASSED [ 58%]
2026-02-02T18:02:59.2435246Z tests/test_log_retrieval.py::TestLogParser::test_extract_timestamp_iso8601_with_millis PASSED [ 58%]
2026-02-02T18:02:59.2615630Z tests/test_log_retrieval.py::TestLogParser::test_extract_timestamp_space_separated PASSED [ 59%]
2026-02-02T18:02:59.2629970Z tests/test_log_retrieval.py::TestLogParser::test_extract_timestamp_unix PASSED [ 59%]
2026-02-02T18:02:59.2644251Z tests/test_log_retrieval.py::TestLogParser::test_extract_timestamp_no_timestamp PASSED [ 60%]
2026-02-02T18:02:59.2659259Z tests/test_log_retrieval.py::TestLogParser::test_parse_log_lines_simple PASSED [ 60%]
2026-02-02T18:02:59.2673779Z tests/test_log_retrieval.py::TestLogParser::test_parse_log_lines_with_ansi PASSED [ 60%]
2026-02-02T18:02:59.2687721Z tests/test_log_retrieval.py::TestLogParser::test_parse_log_lines_with_timestamps PASSED [ 61%]
2026-02-02T18:02:59.2702164Z tests/test_log_retrieval.py::TestLogParser::test_parse_log_lines_skip_empty PASSED [ 61%]
2026-02-02T18:02:59.2716259Z tests/test_log_retrieval.py::TestLogParser::test_parse_log_lines_empty_input PASSED [ 62%]
2026-02-02T18:02:59.2729897Z tests/test_log_retrieval.py::TestLogParser::test_extract_timestamp_invalid_format PASSED [ 62%]
2026-02-02T18:02:59.2765118Z tests/test_log_retrieval.py::TestLogCache::test_cache_initialization PASSED [ 62%]
2026-02-02T18:02:59.2787797Z tests/test_log_retrieval.py::TestLogCache::test_is_cached_false_for_missing PASSED [ 63%]
2026-02-02T18:02:59.2833155Z tests/test_log_retrieval.py::TestLogCache::test_save_and_load_log PASSED [ 63%]
2026-02-02T18:02:59.2874527Z tests/test_log_retrieval.py::TestLogCache::test_save_log_with_no_timestamps PASSED [ 64%]
2026-02-02T18:02:59.2897494Z tests/test_log_retrieval.py::TestLogCache::test_load_nonexistent_log PASSED [ 64%]
2026-02-02T18:02:59.2976358Z tests/test_log_retrieval.py::TestLogCache::test_clear_specific_run PASSED [ 64%]
2026-02-02T18:02:59.3070698Z tests/test_log_retrieval.py::TestLogCache::test_clear_all_logs PASSED    [ 65%]
2026-02-02T18:02:59.3094670Z tests/test_log_retrieval.py::TestLogRetriever::test_initialization_default_cache_dir PASSED [ 65%]
2026-02-02T18:02:59.3113284Z tests/test_log_retrieval.py::TestLogRetriever::test_initialization_custom_cache_dir PASSED [ 66%]
2026-02-02T18:02:59.3156725Z tests/test_log_retrieval.py::TestLogRetriever::test_get_logs_from_provider PASSED [ 66%]
2026-02-02T18:02:59.3200124Z tests/test_log_retrieval.py::TestLogRetriever::test_get_logs_from_cache PASSED [ 66%]
2026-02-02T18:02:59.3247968Z tests/test_log_retrieval.py::TestLogRetriever::test_get_logs_bypasses_cache_when_disabled PASSED [ 67%]
2026-02-02T18:02:59.3302856Z tests/test_log_retrieval.py::TestLogRetriever::test_get_all_job_logs PASSED [ 67%]
2026-02-02T18:02:59.3345656Z tests/test_log_retrieval.py::TestLogRetriever::test_get_all_job_logs_handles_errors PASSED [ 68%]
2026-02-02T18:02:59.3385866Z tests/test_log_retrieval.py::TestLogRetriever::test_get_logs_with_no_job_found PASSED [ 68%]
2026-02-02T18:02:59.3430533Z tests/test_log_retrieval.py::TestLogRetriever::test_cache_save_creates_directory_structure PASSED [ 68%]
2026-02-02T18:02:59.3471893Z tests/test_log_retrieval.py::TestLogRetriever::test_load_with_invalid_timestamp_in_cache PASSED [ 69%]
2026-02-02T18:02:59.3488431Z tests/test_log_retrieval.py::TestWorkflowLog::test_workflow_log_creation PASSED [ 69%]
2026-02-02T18:02:59.3515575Z tests/test_providers.py::TestCIProviderInterface::test_provider_interface_is_abstract PASSED [ 70%]
2026-02-02T18:02:59.3530218Z tests/test_providers.py::TestCIProviderInterface::test_provider_interface_requires_get_workflow_runs PASSED [ 70%]
2026-02-02T18:02:59.3544733Z tests/test_providers.py::TestCIProviderInterface::test_provider_interface_requires_get_workflow_run PASSED [ 70%]
2026-02-02T18:02:59.3559034Z tests/test_providers.py::TestCIProviderInterface::test_provider_interface_requires_get_jobs PASSED [ 71%]
2026-02-02T18:02:59.3573470Z tests/test_providers.py::TestCIProviderInterface::test_provider_interface_requires_get_logs PASSED [ 71%]
2026-02-02T18:02:59.3586989Z tests/test_providers.py::TestWorkflowRunModel::test_workflow_run_creation_with_all_fields PASSED [ 72%]
2026-02-02T18:02:59.3600920Z tests/test_providers.py::TestWorkflowRunModel::test_workflow_run_creation_with_optional_fields PASSED [ 72%]
2026-02-02T18:02:59.3615018Z tests/test_providers.py::TestJobModel::test_job_creation_with_all_fields PASSED [ 72%]
2026-02-02T18:02:59.3628739Z tests/test_providers.py::TestJobModel::test_job_creation_with_optional_fields PASSED [ 73%]
2026-02-02T18:02:59.3642001Z tests/test_providers.py::TestLogEntryModel::test_log_entry_creation PASSED [ 73%]
2026-02-02T18:02:59.3655293Z tests/test_providers.py::TestGitHubActionsProvider::test_github_actions_provider_initialization PASSED [ 74%]
2026-02-02T18:02:59.3668835Z tests/test_providers.py::TestGitHubActionsProvider::test_github_actions_provider_initialization_without_token PASSED [ 74%]
2026-02-02T18:02:59.3692474Z tests/test_providers.py::TestGitHubActionsProvider::test_get_workflow_runs_success PASSED [ 74%]
2026-02-02T18:02:59.3713918Z tests/test_providers.py::TestGitHubActionsProvider::test_get_workflow_run_success PASSED [ 75%]
2026-02-02T18:02:59.3757958Z tests/test_providers.py::TestGitHubActionsProvider::test_get_jobs_success PASSED [ 75%]
2026-02-02T18:02:59.3778583Z tests/test_providers.py::TestGitHubActionsProvider::test_get_logs_success PASSED [ 76%]
2026-02-02T18:02:59.3800168Z tests/test_providers.py::TestGitHubActionsProvider::test_authentication_with_token PASSED [ 76%]
2026-02-02T18:02:59.3820363Z tests/test_providers.py::TestGitHubActionsProvider::test_authentication_without_token PASSED [ 76%]
2026-02-02T18:02:59.3842985Z tests/test_providers.py::TestGitHubActionsProvider::test_rate_limiting_error_handling PASSED [ 77%]
2026-02-02T18:02:59.3865730Z tests/test_providers.py::TestGitHubActionsProvider::test_404_not_found_error_handling PASSED [ 77%]
2026-02-02T18:02:59.3888141Z tests/test_providers.py::TestGitHubActionsProvider::test_network_timeout_error_handling PASSED [ 78%]
2026-02-02T18:02:59.3911851Z tests/test_providers.py::TestGitHubActionsProvider::test_generic_request_error_handling PASSED [ 78%]
2026-02-02T18:02:59.3937195Z tests/test_providers.py::TestGitHubActionsProvider::test_malformed_response_handling PASSED [ 78%]
2026-02-02T18:02:59.3960127Z tests/test_providers.py::TestGitHubActionsProvider::test_pagination_support PASSED [ 79%]
2026-02-02T18:02:59.3981485Z tests/test_providers.py::TestGitHubActionsProvider::test_workflow_name_filtering PASSED [ 79%]
2026-02-02T18:02:59.4001648Z tests/test_providers.py::TestGitHubActionsProvider::test_get_logs_with_invalid_timestamps PASSED [ 80%]
2026-02-02T18:02:59.4024271Z tests/test_providers.py::TestGitHubActionsProvider::test_get_logs_with_empty_lines PASSED [ 80%]
2026-02-02T18:02:59.4038609Z tests/test_reporting.py::TestReportFormatter::test_format_duration_ms PASSED [ 80%]
2026-02-02T18:02:59.4051885Z tests/test_reporting.py::TestReportFormatter::test_format_duration_none PASSED [ 81%]
2026-02-02T18:02:59.4065249Z tests/test_reporting.py::TestReportFormatter::test_format_timestamp PASSED [ 81%]
2026-02-02T18:02:59.4078907Z tests/test_reporting.py::TestReportFormatter::test_format_percentage PASSED [ 82%]
2026-02-02T18:02:59.4092261Z tests/test_reporting.py::TestReportFormatter::test_truncate_message PASSED [ 82%]
2026-02-02T18:02:59.4106736Z tests/test_reporting.py::TestConsoleReporter::test_generate_failure_summary_empty PASSED [ 82%]
2026-02-02T18:02:59.4120989Z tests/test_reporting.py::TestConsoleReporter::test_generate_failure_summary_with_failures PASSED [ 83%]
2026-02-02T18:02:59.4134103Z tests/test_reporting.py::TestConsoleReporter::test_generate_failure_summary_with_colors PASSED [ 83%]
2026-02-02T18:02:59.4147976Z tests/test_reporting.py::TestConsoleReporter::test_generate_flaky_test_report PASSED [ 84%]
2026-02-02T18:02:59.4163477Z tests/test_reporting.py::TestConsoleReporter::test_generate_platform_comparison PASSED [ 84%]
2026-02-02T18:02:59.4177250Z tests/test_reporting.py::TestConsoleReporter::test_generate_recommendations_report PASSED [ 84%]
2026-02-02T18:02:59.4191358Z tests/test_reporting.py::TestConsoleReporter::test_color_detection_auto PASSED [ 85%]
2026-02-02T18:02:59.4206058Z tests/test_reporting.py::TestHtmlReporter::test_generate_html_report_basic PASSED [ 85%]
2026-02-02T18:02:59.4220597Z tests/test_reporting.py::TestHtmlReporter::test_generate_html_report_with_timeline PASSED [ 86%]
2026-02-02T18:02:59.4234594Z tests/test_reporting.py::TestHtmlReporter::test_generate_html_with_flaky_tests PASSED [ 86%]
2026-02-02T18:02:59.4248749Z tests/test_reporting.py::TestHtmlReporter::test_generate_html_with_platform_comparison PASSED [ 86%]
2026-02-02T18:02:59.4308646Z tests/test_reporting.py::TestHtmlReporter::test_save_html_report_to_file PASSED [ 87%]
2026-02-02T18:02:59.4323115Z tests/test_reporting.py::TestHtmlReporter::test_html_escaping PASSED     [ 87%]
2026-02-02T18:02:59.4343628Z tests/test_reporting.py::TestJsonExporter::test_export_failures_to_json PASSED [ 88%]
2026-02-02T18:02:59.4358783Z tests/test_reporting.py::TestJsonExporter::test_export_flaky_tests_to_json PASSED [ 88%]
2026-02-02T18:02:59.4376249Z tests/test_reporting.py::TestJsonExporter::test_export_complete_analysis_to_json PASSED [ 88%]
2026-02-02T18:02:59.4413314Z tests/test_reporting.py::TestJsonExporter::test_save_json_to_file PASSED [ 89%]
2026-02-02T18:02:59.4439738Z tests/test_reporting.py::TestJsonExporter::test_json_indentation PASSED  [ 89%]
2026-02-02T18:02:59.4454496Z tests/test_reporting.py::TestCsvExporter::test_export_failures_to_csv PASSED [ 90%]
2026-02-02T18:02:59.4468494Z tests/test_reporting.py::TestCsvExporter::test_export_flaky_tests_to_csv PASSED [ 90%]
2026-02-02T18:02:59.4507309Z tests/test_reporting.py::TestCsvExporter::test_save_csv_to_file PASSED   [ 90%]
2026-02-02T18:02:59.4521289Z tests/test_reporting.py::TestCsvExporter::test_csv_escaping PASSED       [ 91%]
2026-02-02T18:02:59.4580439Z tests/test_reporting.py::TestReportIntegration::test_generate_all_formats PASSED [ 91%]
2026-02-02T18:02:59.4597391Z tests/test_reporting.py::TestReportIntegration::test_empty_failures_all_formats PASSED [ 92%]
2026-02-02T18:02:59.4727238Z tests/test_storage.py::TestWorkflowRun::test_create_workflow_run PASSED  [ 92%]
2026-02-02T18:02:59.4838944Z tests/test_storage.py::TestWorkflowRun::test_workflow_run_unique_constraint PASSED [ 92%]
2026-02-02T18:02:59.4855396Z tests/test_storage.py::TestWorkflowRun::test_workflow_run_repr PASSED    [ 93%]
2026-02-02T18:02:59.5022248Z tests/test_storage.py::TestWorkflowRun::test_workflow_run_relationship_to_jobs PASSED [ 93%]
2026-02-02T18:02:59.5257440Z tests/test_storage.py::TestWorkflowRun::test_workflow_run_cascade_delete PASSED [ 94%]
2026-02-02T18:02:59.5398830Z tests/test_storage.py::TestWorkflowJob::test_create_workflow_job PASSED  [ 94%]
2026-02-02T18:02:59.5529360Z tests/test_storage.py::TestWorkflowJob::test_workflow_job_unique_constraint PASSED [ 94%]
2026-02-02T18:02:59.5544985Z tests/test_storage.py::TestWorkflowJob::test_workflow_job_repr PASSED    [ 95%]
2026-02-02T18:02:59.5723904Z tests/test_storage.py::TestWorkflowJob::test_workflow_job_foreign_key PASSED [ 95%]
2026-02-02T18:02:59.5881924Z tests/test_storage.py::TestWorkflowTestResult::test_create_test_result PASSED [ 96%]
2026-02-02T18:02:59.5896674Z tests/test_storage.py::TestWorkflowTestResult::test_test_result_repr PASSED [ 96%]
2026-02-02T18:02:59.6133919Z tests/test_storage.py::TestWorkflowTestResult::test_test_result_cascade_delete PASSED [ 96%]
2026-02-02T18:02:59.6257068Z tests/test_storage.py::TestCIFailurePattern::test_create_failure_pattern PASSED [ 97%]
2026-02-02T18:02:59.6271070Z tests/test_storage.py::TestCIFailurePattern::test_failure_pattern_repr PASSED [ 97%]
2026-02-02T18:02:59.6304491Z tests/test_storage.py::TestDatabaseManager::test_create_database_manager PASSED [ 98%]
2026-02-02T18:02:59.9944710Z tests/test_storage.py::TestDatabaseManager::test_initialize_database PASSED [ 98%]
2026-02-02T18:02:59.9989202Z tests/test_storage.py::TestDatabaseManager::test_get_session_without_initialize PASSED [ 98%]
2026-02-02T18:03:00.7995042Z tests/test_storage.py::TestDatabaseManager::test_reset_database PASSED   [ 99%]
2026-02-02T18:03:01.1196449Z tests/test_storage.py::TestDatabaseManager::test_context_manager PASSED  [ 99%]
2026-02-02T18:03:01.9579878Z tests/test_storage.py::TestDatabaseManager::test_in_memory_database PASSED [100%]
2026-02-02T18:03:01.9580620Z 
2026-02-02T18:03:01.9580885Z =============================== tests coverage ================================
2026-02-02T18:03:01.9582392Z ______________ coverage: platform win32, python 3.12.10-final-0 _______________
2026-02-02T18:03:01.9583144Z 
2026-02-02T18:03:01.9583450Z Name                                Stmts   Miss  Cover   Missing
2026-02-02T18:03:01.9584778Z -----------------------------------------------------------------
2026-02-02T18:03:01.9585695Z scout\__init__.py                       2      0   100%
2026-02-02T18:03:01.9586543Z scout\analysis.py                     153      1    99%   385
2026-02-02T18:03:01.9587346Z scout\ci\__init__.py                    2      0   100%
2026-02-02T18:03:01.9588328Z scout\ci\github_actions_client.py      84      5    94%   162-168
2026-02-02T18:03:01.9589978Z scout\failure_parser.py               314     22    93%   36, 129, 171, 183-188, 227, 239, 250, 266-267, 296-297, 397-398, 466, 581, 595-596, 704
2026-02-02T18:03:01.9591510Z scout\log_retrieval.py                146      0   100%
2026-02-02T18:03:01.9592304Z scout\parsers\__init__.py               2      0   100%
2026-02-02T18:03:01.9593397Z scout\parsers\ci_log_parser.py         96      4    96%   146, 204, 234, 318
2026-02-02T18:03:01.9594215Z scout\providers\__init__.py             3      0   100%
2026-02-02T18:03:01.9594831Z scout\providers\base.py                30      0   100%
2026-02-02T18:03:01.9595471Z scout\providers\github_actions.py      72      0   100%
2026-02-02T18:03:01.9596494Z scout\reporting.py                    265     20    92%   131, 136-141, 191, 198-199, 255-256, 293-294, 527, 532-533, 663, 665, 668, 671, 736
2026-02-02T18:03:01.9597515Z scout\storage\__init__.py               3      0   100%
2026-02-02T18:03:01.9598258Z scout\storage\database.py              45      7    84%   51-53, 71-73, 121
2026-02-02T18:03:01.9598993Z scout\storage\schema.py                69      0   100%
2026-02-02T18:03:01.9599609Z -----------------------------------------------------------------
2026-02-02T18:03:01.9600232Z TOTAL                                1286     59    95%
2026-02-02T18:03:01.9600784Z Coverage HTML written to dir htmlcov
2026-02-02T18:03:01.9601293Z Coverage XML written to file coverage.xml
2026-02-02T18:03:01.9601913Z Required test coverage of 90% reached. Total coverage: 95.41%
2026-02-02T18:03:01.9602525Z ============================= 251 passed in 9.62s =============================
2026-02-02T18:03:02.2457763Z ##[group]Run actions/upload-artifact@v4
2026-02-02T18:03:02.2458067Z with:
2026-02-02T18:03:02.2458276Z   name: coverage-scout-windows-latest-py3.12
2026-02-02T18:03:02.2458564Z   path: ./scout/coverage.xml
2026-02-02T18:03:02.2458778Z   retention-days: 30
2026-02-02T18:03:02.2458958Z   if-no-files-found: warn
2026-02-02T18:03:02.2459204Z   compression-level: 6
2026-02-02T18:03:02.2459388Z   overwrite: false
2026-02-02T18:03:02.2459564Z   include-hidden-files: false
2026-02-02T18:03:02.2459765Z env:
2026-02-02T18:03:02.2459997Z   pythonLocation: C:\hostedtoolcache\windows\Python\3.12.10\x64
2026-02-02T18:03:02.2460440Z   PKG_CONFIG_PATH: C:\hostedtoolcache\windows\Python\3.12.10\x64/lib/pkgconfig
2026-02-02T18:03:02.2460881Z   Python_ROOT_DIR: C:\hostedtoolcache\windows\Python\3.12.10\x64
2026-02-02T18:03:02.2461266Z   Python2_ROOT_DIR: C:\hostedtoolcache\windows\Python\3.12.10\x64
2026-02-02T18:03:02.2461690Z   Python3_ROOT_DIR: C:\hostedtoolcache\windows\Python\3.12.10\x64
2026-02-02T18:03:02.2461983Z ##[endgroup]
2026-02-02T18:03:02.5396529Z With the provided path, there will be 1 file uploaded
2026-02-02T18:03:02.5402778Z Artifact name is valid!
2026-02-02T18:03:02.5406237Z Root directory input is valid!
2026-02-02T18:03:02.7369435Z Beginning upload of artifact content to blob storage
2026-02-02T18:03:02.9402264Z Uploaded bytes 3923
2026-02-02T18:03:02.9945443Z Finished uploading artifact content to blob storage!
2026-02-02T18:03:02.9949384Z SHA256 digest of uploaded artifact zip is 2c6017cc39dac0614d0f08e74611ebeff5904d3ffdbb492c30ce4f82a77b4726
2026-02-02T18:03:02.9951761Z Finalizing artifact upload
2026-02-02T18:03:03.1432563Z Artifact coverage-scout-windows-latest-py3.12.zip successfully finalized. Artifact ID 5347605390
2026-02-02T18:03:03.1434203Z Artifact coverage-scout-windows-latest-py3.12 has been successfully uploaded! Final size is 3923 bytes. Artifact ID is 5347605390
2026-02-02T18:03:03.1447302Z Artifact download URL: https://github.com/lmvcruz/argos/actions/runs/21601435348/artifacts/5347605390
2026-02-02T18:03:03.1745244Z Post job cleanup.
2026-02-02T18:03:03.4316094Z Post job cleanup.
2026-02-02T18:03:03.6787285Z [command]"C:\Program Files\Git\bin\git.exe" version
2026-02-02T18:03:03.7073862Z git version 2.52.0.windows.1
2026-02-02T18:03:03.7157356Z Temporarily overriding HOME='D:\a\_temp\6b72771a-884c-40da-9030-1a0178a08545' before making global git config changes
2026-02-02T18:03:03.7158264Z Adding repository directory to the temporary git global config as a safe directory
2026-02-02T18:03:03.7168744Z [command]"C:\Program Files\Git\bin\git.exe" config --global --add safe.directory D:\a\argos\argos
2026-02-02T18:03:03.7489551Z [command]"C:\Program Files\Git\bin\git.exe" config --local --name-only --get-regexp core\.sshCommand
2026-02-02T18:03:03.7817809Z [command]"C:\Program Files\Git\bin\git.exe" submodule foreach --recursive "sh -c \"git config --local --name-only --get-regexp 'core\.sshCommand' && git config --local --unset-all 'core.sshCommand' || :\""
2026-02-02T18:03:04.3530225Z [command]"C:\Program Files\Git\bin\git.exe" config --local --name-only --get-regexp http\.https\:\/\/github\.com\/\.extraheader
2026-02-02T18:03:04.3799383Z http.https://github.com/.extraheader
2026-02-02T18:03:04.3855886Z [command]"C:\Program Files\Git\bin\git.exe" config --local --unset-all http.https://github.com/.extraheader
2026-02-02T18:03:04.4183713Z [command]"C:\Program Files\Git\bin\git.exe" submodule foreach --recursive "sh -c \"git config --local --name-only --get-regexp 'http\.https\:\/\/github\.com\/\.extraheader' && git config --local --unset-all 'http.https://github.com/.extraheader' || :\""
2026-02-02T18:03:04.9824434Z [command]"C:\Program Files\Git\bin\git.exe" config --local --name-only --get-regexp ^includeIf\.gitdir:
2026-02-02T18:03:05.0151163Z [command]"C:\Program Files\Git\bin\git.exe" submodule foreach --recursive "git config --local --show-origin --name-only --get-regexp remote.origin.url"
2026-02-02T18:03:05.5925441Z Cleaning up orphan processes
