2026-02-02T18:03:20.7437560Z Current runner version: '2.331.0'
2026-02-02T18:03:20.7457320Z ##[group]Runner Image Provisioner
2026-02-02T18:03:20.7457870Z Hosted Compute Agent
2026-02-02T18:03:20.7458230Z Version: 20260123.484
2026-02-02T18:03:20.7458610Z Commit: 6bd6555ca37d84114959e1c76d2c01448ff61c5d
2026-02-02T18:03:20.7459050Z Build Date: 2026-01-23T19:41:17Z
2026-02-02T18:03:20.7459480Z Worker ID: {e8e379bb-461e-4387-a417-b1eb40db2125}
2026-02-02T18:03:20.7459910Z Azure Region: westus
2026-02-02T18:03:20.7460250Z ##[endgroup]
2026-02-02T18:03:20.7461250Z ##[group]Operating System
2026-02-02T18:03:20.7462200Z macOS
2026-02-02T18:03:20.7462560Z 15.7.3
2026-02-02T18:03:20.7462840Z 24G419
2026-02-02T18:03:20.7463170Z ##[endgroup]
2026-02-02T18:03:20.7463920Z ##[group]Runner Image
2026-02-02T18:03:20.7465000Z Image: macos-15-arm64
2026-02-02T18:03:20.7465840Z Version: 20260127.0129.1
2026-02-02T18:03:20.7466730Z Included Software: https://github.com/actions/runner-images/blob/macos-15-arm64/20260127.0129/images/macos/macos-15-arm64-Readme.md
2026-02-02T18:03:20.7467750Z Image Release: https://github.com/actions/runner-images/releases/tag/macos-15-arm64%2F20260127.0129
2026-02-02T18:03:20.7468350Z ##[endgroup]
2026-02-02T18:03:20.7469090Z ##[group]GITHUB_TOKEN Permissions
2026-02-02T18:03:20.7473560Z Contents: read
2026-02-02T18:03:20.7474010Z Metadata: read
2026-02-02T18:03:20.7474320Z Packages: read
2026-02-02T18:03:20.7474630Z ##[endgroup]
2026-02-02T18:03:20.7476690Z Secret source: Actions
2026-02-02T18:03:20.7477120Z Prepare workflow directory
2026-02-02T18:03:20.7794770Z Prepare all required actions
2026-02-02T18:03:20.7822000Z Getting action download info
2026-02-02T18:03:21.2274360Z Download action repository 'actions/checkout@v4' (SHA:34e114876b0b11c390a56381ad16ebd13914f8d5)
2026-02-02T18:03:21.4687820Z Download action repository 'actions/setup-python@v5' (SHA:a26af69be951a213d495a4c3e4e4022e16d87065)
2026-02-02T18:03:21.6003150Z Download action repository 'codecov/codecov-action@v4' (SHA:b9fd7d16f6d7d1b5d2bec1a2887e65ceed900238)
2026-02-02T18:03:22.6467780Z Download action repository 'actions/upload-artifact@v4' (SHA:ea165f8d65b6e75b540449e92b4886f43607fa02)
2026-02-02T18:03:22.8656730Z Complete job name: Test Python 3.9 on macos-latest
2026-02-02T18:03:22.8990030Z ##[group]Run actions/checkout@v4
2026-02-02T18:03:22.8990530Z with:
2026-02-02T18:03:22.8990800Z   repository: lmvcruz/argos
2026-02-02T18:03:22.8991240Z   token: ***
2026-02-02T18:03:22.8991510Z   ssh-strict: true
2026-02-02T18:03:22.8991780Z   ssh-user: git
2026-02-02T18:03:22.8992060Z   persist-credentials: true
2026-02-02T18:03:22.8992380Z   clean: true
2026-02-02T18:03:22.8992670Z   sparse-checkout-cone-mode: true
2026-02-02T18:03:22.8993010Z   fetch-depth: 1
2026-02-02T18:03:22.8993280Z   fetch-tags: false
2026-02-02T18:03:22.8993550Z   show-progress: true
2026-02-02T18:03:22.8993840Z   lfs: false
2026-02-02T18:03:22.8994110Z   submodules: false
2026-02-02T18:03:22.8994400Z   set-safe-directory: true
2026-02-02T18:03:22.8994820Z ##[endgroup]
2026-02-02T18:03:23.1532650Z Syncing repository: lmvcruz/argos
2026-02-02T18:03:23.1534010Z ##[group]Getting Git version info
2026-02-02T18:03:23.1534490Z Working directory is '/Users/runner/work/argos/argos'
2026-02-02T18:03:23.1535260Z [command]/opt/homebrew/bin/git version
2026-02-02T18:03:23.2112650Z git version 2.52.0
2026-02-02T18:03:23.2142450Z ##[endgroup]
2026-02-02T18:03:23.2165090Z Copying '/Users/runner/.gitconfig' to '/Users/runner/work/_temp/3c0dedad-02d4-4805-b36c-7764060b61d7/.gitconfig'
2026-02-02T18:03:23.2168470Z Temporarily overriding HOME='/Users/runner/work/_temp/3c0dedad-02d4-4805-b36c-7764060b61d7' before making global git config changes
2026-02-02T18:03:23.2171340Z Adding repository directory to the temporary git global config as a safe directory
2026-02-02T18:03:23.2174820Z [command]/opt/homebrew/bin/git config --global --add safe.directory /Users/runner/work/argos/argos
2026-02-02T18:03:23.2310020Z Deleting the contents of '/Users/runner/work/argos/argos'
2026-02-02T18:03:23.2314310Z ##[group]Initializing the repository
2026-02-02T18:03:23.2320070Z [command]/opt/homebrew/bin/git init /Users/runner/work/argos/argos
2026-02-02T18:03:23.2526890Z hint: Using 'master' as the name for the initial branch. This default branch name
2026-02-02T18:03:23.2529500Z hint: will change to "main" in Git 3.0. To configure the initial branch name
2026-02-02T18:03:23.2530910Z hint: to use in all of your new repositories, which will suppress this warning,
2026-02-02T18:03:23.2544130Z hint: call:
2026-02-02T18:03:23.2545070Z hint:
2026-02-02T18:03:23.2546330Z hint: 	git config --global init.defaultBranch <name>
2026-02-02T18:03:23.2547590Z hint:
2026-02-02T18:03:23.2548790Z hint: Names commonly chosen instead of 'master' are 'main', 'trunk' and
2026-02-02T18:03:23.2550780Z hint: 'development'. The just-created branch can be renamed via this command:
2026-02-02T18:03:23.2552360Z hint:
2026-02-02T18:03:23.2553300Z hint: 	git branch -m <name>
2026-02-02T18:03:23.2554320Z hint:
2026-02-02T18:03:23.2555650Z hint: Disable this message with "git config set advice.defaultBranchName false"
2026-02-02T18:03:23.2557780Z Initialized empty Git repository in /Users/runner/work/argos/argos/.git/
2026-02-02T18:03:23.2565850Z [command]/opt/homebrew/bin/git remote add origin https://github.com/lmvcruz/argos
2026-02-02T18:03:23.2630360Z ##[endgroup]
2026-02-02T18:03:23.2632400Z ##[group]Disabling automatic garbage collection
2026-02-02T18:03:23.2633980Z [command]/opt/homebrew/bin/git config --local gc.auto 0
2026-02-02T18:03:23.2701640Z ##[endgroup]
2026-02-02T18:03:23.2703170Z ##[group]Setting up auth
2026-02-02T18:03:23.2705280Z [command]/opt/homebrew/bin/git config --local --name-only --get-regexp core\.sshCommand
2026-02-02T18:03:23.2774250Z [command]/opt/homebrew/bin/git submodule foreach --recursive sh -c "git config --local --name-only --get-regexp 'core\.sshCommand' && git config --local --unset-all 'core.sshCommand' || :"
2026-02-02T18:03:23.3760520Z [command]/opt/homebrew/bin/git config --local --name-only --get-regexp http\.https\:\/\/github\.com\/\.extraheader
2026-02-02T18:03:23.3825140Z [command]/opt/homebrew/bin/git submodule foreach --recursive sh -c "git config --local --name-only --get-regexp 'http\.https\:\/\/github\.com\/\.extraheader' && git config --local --unset-all 'http.https://github.com/.extraheader' || :"
2026-02-02T18:03:23.4443020Z [command]/opt/homebrew/bin/git config --local --name-only --get-regexp ^includeIf\.gitdir:
2026-02-02T18:03:23.4492750Z [command]/opt/homebrew/bin/git submodule foreach --recursive git config --local --show-origin --name-only --get-regexp remote.origin.url
2026-02-02T18:03:23.5456390Z [command]/opt/homebrew/bin/git config --local http.https://github.com/.extraheader AUTHORIZATION: basic ***
2026-02-02T18:03:23.5567400Z ##[endgroup]
2026-02-02T18:03:23.5568580Z ##[group]Fetching the repository
2026-02-02T18:03:23.5569920Z [command]/opt/homebrew/bin/git -c protocol.version=2 fetch --no-tags --prune --no-recurse-submodules --depth=1 origin +5563a4bf4fc378de14842c14efad0d4117ca0a1e:refs/remotes/origin/main
2026-02-02T18:03:24.5531620Z From https://github.com/lmvcruz/argos
2026-02-02T18:03:24.5532950Z  * [new ref]         5563a4bf4fc378de14842c14efad0d4117ca0a1e -> origin/main
2026-02-02T18:03:24.5625950Z ##[endgroup]
2026-02-02T18:03:24.5628280Z ##[group]Determining the checkout info
2026-02-02T18:03:24.5630830Z ##[endgroup]
2026-02-02T18:03:24.5632410Z [command]/opt/homebrew/bin/git sparse-checkout disable
2026-02-02T18:03:24.5717000Z [command]/opt/homebrew/bin/git config --local --unset-all extensions.worktreeConfig
2026-02-02T18:03:24.5781990Z ##[group]Checking out the ref
2026-02-02T18:03:24.5784780Z [command]/opt/homebrew/bin/git checkout --progress --force -B main refs/remotes/origin/main
2026-02-02T18:03:24.6268540Z Switched to a new branch 'main'
2026-02-02T18:03:24.6278590Z branch 'main' set up to track 'origin/main'.
2026-02-02T18:03:24.6283280Z ##[endgroup]
2026-02-02T18:03:24.6354160Z [command]/opt/homebrew/bin/git log -1 --format=%H
2026-02-02T18:03:24.6402570Z 5563a4bf4fc378de14842c14efad0d4117ca0a1e
2026-02-02T18:03:24.6629210Z ##[group]Run actions/setup-python@v5
2026-02-02T18:03:24.6629980Z with:
2026-02-02T18:03:24.6630510Z   python-version: 3.9
2026-02-02T18:03:24.6631140Z   check-latest: false
2026-02-02T18:03:24.6631990Z   token: ***
2026-02-02T18:03:24.6632610Z   update-environment: true
2026-02-02T18:03:24.6633300Z   allow-prereleases: false
2026-02-02T18:03:24.6633990Z   freethreaded: false
2026-02-02T18:03:24.6634630Z ##[endgroup]
2026-02-02T18:03:24.8002140Z ##[group]Installed versions
2026-02-02T18:03:24.8036050Z Version 3.9 was not found in the local cache
2026-02-02T18:03:25.8299850Z Version 3.9 is available for downloading
2026-02-02T18:03:25.8300410Z Download from "https://github.com/actions/python-versions/releases/download/3.9.13-11183687820/python-3.9.13-darwin-arm64.tar.gz"
2026-02-02T18:03:26.6187950Z Extract downloaded archive
2026-02-02T18:03:26.6344910Z [command]/usr/bin/tar xz -C /Users/runner/work/_temp/edbb1fe2-479c-42a2-b469-56c6f63b8061 -f /Users/runner/work/_temp/50c563a9-6b74-47c7-b079-00be615cbec2
2026-02-02T18:03:26.7163810Z Execute installation script
2026-02-02T18:03:26.7369020Z Check if Python hostedtoolcache folder exist...
2026-02-02T18:03:26.7438140Z Install Python binaries from prebuilt package
2026-02-02T18:03:48.3011520Z installer: Package name is Python
2026-02-02T18:03:48.3114650Z installer: Upgrading at base path /
2026-02-02T18:03:48.3137870Z installer: The upgrade was successful.
2026-02-02T18:03:48.3139480Z Create hostedtoolcach symlinks (Required for the backward compatibility)
2026-02-02T18:03:48.3209960Z Create Python 3.9.13 folder
2026-02-02T18:03:48.3434530Z Create additional symlinks (Required for the UsePythonVersion Azure Pipelines task and the setup-python GitHub Action)
2026-02-02T18:03:48.3557010Z Upgrading pip...
2026-02-02T18:03:50.5181470Z Looking in links: /var/folders/yz/zr09txvs5dn18vt4cn21kzl40000gn/T/tmp6r7rzvyh
2026-02-02T18:03:50.5186620Z Requirement already satisfied: setuptools in /Library/Frameworks/Python.framework/Versions/3.9/lib/python3.9/site-packages (58.1.0)
2026-02-02T18:03:50.5188000Z Requirement already satisfied: pip in /Library/Frameworks/Python.framework/Versions/3.9/lib/python3.9/site-packages (22.0.4)
2026-02-02T18:03:51.1153210Z Collecting pip
2026-02-02T18:03:51.1805450Z Downloading pip-26.0-py3-none-any.whl (1.8 MB)
2026-02-02T18:03:51.2504100Z ━━━━━━━━━━━━━━━━━━━━━━━━━━━━━━━━━━━━━━━━ 1.8/1.8 MB 27.4 MB/s eta 0:00:00
2026-02-02T18:03:51.2505000Z 
2026-02-02T18:03:51.2730100Z Installing collected packages: pip
2026-02-02T18:03:51.2730440Z Attempting uninstall: pip
2026-02-02T18:03:51.2733120Z Found existing installation: pip 22.0.4
2026-02-02T18:03:51.3863240Z Uninstalling pip-22.0.4:
2026-02-02T18:03:51.6162270Z Successfully uninstalled pip-22.0.4
2026-02-02T18:03:52.3491530Z Successfully installed pip-26.0
2026-02-02T18:03:52.3907060Z Install OpenSSL certificates
2026-02-02T18:03:52.7926940Z Collecting certifi
2026-02-02T18:03:52.8028820Z Using cached certifi-2026.1.4-py3-none-any.whl.metadata (2.5 kB)
2026-02-02T18:03:52.8053930Z Using cached certifi-2026.1.4-py3-none-any.whl (152 kB)
2026-02-02T18:03:52.8142710Z Installing collected packages: certifi
2026-02-02T18:03:52.8219910Z Successfully installed certifi-2026.1.4
2026-02-02T18:03:52.9642120Z -- pip install --upgrade certifi
2026-02-02T18:03:52.9643250Z  -- removing any existing file or link
2026-02-02T18:03:52.9644060Z  -- creating symlink to certifi certificate bundle
2026-02-02T18:03:52.9645080Z  -- setting permissions
2026-02-02T18:03:52.9645660Z  -- update complete
2026-02-02T18:03:52.9707580Z Create complete file
2026-02-02T18:03:52.9822300Z Successfully set up CPython (3.9.13)
2026-02-02T18:03:52.9832020Z ##[endgroup]
2026-02-02T18:03:53.0195440Z ##[group]Run python -m pip install --upgrade pip
2026-02-02T18:03:53.0195870Z [36;1mpython -m pip install --upgrade pip[0m
2026-02-02T18:03:53.0196210Z [36;1mpip install -e ".[dev]"[0m
2026-02-02T18:03:53.0311910Z shell: /bin/bash -e {0}
2026-02-02T18:03:53.0312450Z env:
2026-02-02T18:03:53.0313100Z   pythonLocation: /Users/runner/hostedtoolcache/Python/3.9.13/arm64
2026-02-02T18:03:53.0333620Z   PKG_CONFIG_PATH: /Users/runner/hostedtoolcache/Python/3.9.13/arm64/lib/pkgconfig
2026-02-02T18:03:53.0334850Z   Python_ROOT_DIR: /Users/runner/hostedtoolcache/Python/3.9.13/arm64
2026-02-02T18:03:53.0335820Z   Python2_ROOT_DIR: /Users/runner/hostedtoolcache/Python/3.9.13/arm64
2026-02-02T18:03:53.0336890Z   Python3_ROOT_DIR: /Users/runner/hostedtoolcache/Python/3.9.13/arm64
2026-02-02T18:03:53.0337640Z ##[endgroup]
2026-02-02T18:03:53.6089710Z Requirement already satisfied: pip in /Library/Frameworks/Python.framework/Versions/3.9/lib/python3.9/site-packages (26.0)
2026-02-02T18:03:54.0526730Z Obtaining file:///Users/runner/work/argos/argos/scout
2026-02-02T18:03:54.0556030Z   Installing build dependencies: started
2026-02-02T18:03:55.2464090Z   Installing build dependencies: finished with status 'done'
2026-02-02T18:03:55.2565630Z   Checking if build backend supports build_editable: started
2026-02-02T18:03:55.5046500Z   Checking if build backend supports build_editable: finished with status 'done'
2026-02-02T18:03:55.5057510Z   Getting requirements to build editable: started
2026-02-02T18:03:55.9000200Z   Getting requirements to build editable: finished with status 'done'
2026-02-02T18:03:55.9012650Z   Preparing editable metadata (pyproject.toml): started
2026-02-02T18:03:56.1443140Z   Preparing editable metadata (pyproject.toml): finished with status 'done'
2026-02-02T18:03:56.2362880Z Collecting requests>=2.28.0 (from argos-scout==0.1.0)
2026-02-02T18:03:56.2850520Z   Downloading requests-2.32.5-py3-none-any.whl.metadata (4.9 kB)
2026-02-02T18:03:56.4312450Z Collecting pydantic>=2.0.0 (from argos-scout==0.1.0)
2026-02-02T18:03:56.4472080Z   Downloading pydantic-2.12.5-py3-none-any.whl.metadata (90 kB)
2026-02-02T18:03:56.5209510Z Collecting rich>=13.0.0 (from argos-scout==0.1.0)
2026-02-02T18:03:56.5392140Z   Downloading rich-14.3.2-py3-none-any.whl.metadata (18 kB)
2026-02-02T18:03:56.5690430Z Collecting python-dateutil>=2.8.0 (from argos-scout==0.1.0)
2026-02-02T18:03:56.5856510Z   Downloading python_dateutil-2.9.0.post0-py2.py3-none-any.whl.metadata (8.4 kB)
2026-02-02T18:03:56.9170830Z Collecting sqlalchemy>=2.0.0 (from argos-scout==0.1.0)
2026-02-02T18:03:56.9327430Z   Downloading sqlalchemy-2.0.46-cp39-cp39-macosx_11_0_arm64.whl.metadata (9.5 kB)
2026-02-02T18:03:57.0074770Z Collecting pytest>=7.0.0 (from argos-scout==0.1.0)
2026-02-02T18:03:57.0294560Z   Downloading pytest-8.4.2-py3-none-any.whl.metadata (7.7 kB)
2026-02-02T18:03:57.1100430Z Collecting pytest-cov>=4.0.0 (from argos-scout==0.1.0)
2026-02-02T18:03:57.1305330Z   Downloading pytest_cov-7.0.0-py3-none-any.whl.metadata (31 kB)
2026-02-02T18:03:57.1668990Z Collecting pytest-mock>=3.10.0 (from argos-scout==0.1.0)
2026-02-02T18:03:57.1834620Z   Downloading pytest_mock-3.15.1-py3-none-any.whl.metadata (3.9 kB)
2026-02-02T18:03:57.2463250Z Collecting black>=23.0.0 (from argos-scout==0.1.0)
2026-02-02T18:03:57.2618010Z   Downloading black-25.11.0-cp39-cp39-macosx_11_0_arm64.whl.metadata (85 kB)
2026-02-02T18:03:57.3099200Z Collecting flake8>=6.0.0 (from argos-scout==0.1.0)
2026-02-02T18:03:57.3396740Z   Downloading flake8-7.3.0-py2.py3-none-any.whl.metadata (3.8 kB)
2026-02-02T18:03:57.3763150Z Collecting isort>=5.12.0 (from argos-scout==0.1.0)
2026-02-02T18:03:57.3963350Z   Downloading isort-6.1.0-py3-none-any.whl.metadata (12 kB)
2026-02-02T18:03:57.4958670Z Collecting mypy>=1.0.0 (from argos-scout==0.1.0)
2026-02-02T18:03:57.5125560Z   Downloading mypy-1.19.1-cp39-cp39-macosx_11_0_arm64.whl.metadata (2.2 kB)
2026-02-02T18:03:57.5454020Z Collecting click>=8.0.0 (from black>=23.0.0->argos-scout==0.1.0)
2026-02-02T18:03:57.5613080Z   Downloading click-8.1.8-py3-none-any.whl.metadata (2.3 kB)
2026-02-02T18:03:57.5847480Z Collecting mypy-extensions>=0.4.3 (from black>=23.0.0->argos-scout==0.1.0)
2026-02-02T18:03:57.5979370Z   Downloading mypy_extensions-1.1.0-py3-none-any.whl.metadata (1.1 kB)
2026-02-02T18:03:57.6307480Z Collecting packaging>=22.0 (from black>=23.0.0->argos-scout==0.1.0)
2026-02-02T18:03:57.6329990Z   Using cached packaging-26.0-py3-none-any.whl.metadata (3.3 kB)
2026-02-02T18:03:57.6613500Z Collecting pathspec>=0.9.0 (from black>=23.0.0->argos-scout==0.1.0)
2026-02-02T18:03:57.6769640Z   Downloading pathspec-1.0.4-py3-none-any.whl.metadata (13 kB)
2026-02-02T18:03:57.7158630Z Collecting platformdirs>=2 (from black>=23.0.0->argos-scout==0.1.0)
2026-02-02T18:03:57.7313550Z   Downloading platformdirs-4.4.0-py3-none-any.whl.metadata (12 kB)
2026-02-02T18:03:57.7632210Z Collecting pytokens>=0.3.0 (from black>=23.0.0->argos-scout==0.1.0)
2026-02-02T18:03:57.7810050Z   Downloading pytokens-0.4.1-cp39-cp39-macosx_11_0_arm64.whl.metadata (3.8 kB)
2026-02-02T18:03:57.8106020Z Collecting tomli>=1.1.0 (from black>=23.0.0->argos-scout==0.1.0)
2026-02-02T18:03:57.8124460Z   Using cached tomli-2.4.0-py3-none-any.whl.metadata (10 kB)
2026-02-02T18:03:57.8390030Z Collecting typing-extensions>=4.0.1 (from black>=23.0.0->argos-scout==0.1.0)
2026-02-02T18:03:57.8483270Z   Using cached typing_extensions-4.15.0-py3-none-any.whl.metadata (3.3 kB)
2026-02-02T18:03:57.8645060Z Collecting mccabe<0.8.0,>=0.7.0 (from flake8>=6.0.0->argos-scout==0.1.0)
2026-02-02T18:03:57.8772000Z   Downloading mccabe-0.7.0-py2.py3-none-any.whl.metadata (5.0 kB)
2026-02-02T18:03:57.8968270Z Collecting pycodestyle<2.15.0,>=2.14.0 (from flake8>=6.0.0->argos-scout==0.1.0)
2026-02-02T18:03:57.9097170Z   Downloading pycodestyle-2.14.0-py2.py3-none-any.whl.metadata (4.5 kB)
2026-02-02T18:03:57.9294180Z Collecting pyflakes<3.5.0,>=3.4.0 (from flake8>=6.0.0->argos-scout==0.1.0)
2026-02-02T18:03:57.9425300Z   Downloading pyflakes-3.4.0-py2.py3-none-any.whl.metadata (3.5 kB)
2026-02-02T18:03:57.9744870Z Collecting importlib-metadata>=4.6.0 (from isort>=5.12.0->argos-scout==0.1.0)
2026-02-02T18:03:57.9881950Z   Downloading importlib_metadata-8.7.1-py3-none-any.whl.metadata (4.7 kB)
2026-02-02T18:03:58.0173760Z Collecting zipp>=3.20 (from importlib-metadata>=4.6.0->isort>=5.12.0->argos-scout==0.1.0)
2026-02-02T18:03:58.0320450Z   Downloading zipp-3.23.0-py3-none-any.whl.metadata (3.6 kB)
2026-02-02T18:03:58.1376640Z Collecting librt>=0.6.2 (from mypy>=1.0.0->argos-scout==0.1.0)
2026-02-02T18:03:58.1536240Z   Downloading librt-0.7.8-cp39-cp39-macosx_11_0_arm64.whl.metadata (1.3 kB)
2026-02-02T18:03:58.1735390Z Collecting annotated-types>=0.6.0 (from pydantic>=2.0.0->argos-scout==0.1.0)
2026-02-02T18:03:58.1870900Z   Downloading annotated_types-0.7.0-py3-none-any.whl.metadata (15 kB)
2026-02-02T18:03:58.8943470Z Collecting pydantic-core==2.41.5 (from pydantic>=2.0.0->argos-scout==0.1.0)
2026-02-02T18:03:58.9165340Z   Downloading pydantic_core-2.41.5-cp39-cp39-macosx_11_0_arm64.whl.metadata (7.3 kB)
2026-02-02T18:03:58.9795760Z Collecting typing-inspection>=0.4.2 (from pydantic>=2.0.0->argos-scout==0.1.0)
2026-02-02T18:03:58.9955870Z   Downloading typing_inspection-0.4.2-py3-none-any.whl.metadata (2.6 kB)
2026-02-02T18:03:59.0390540Z Collecting exceptiongroup>=1 (from pytest>=7.0.0->argos-scout==0.1.0)
2026-02-02T18:03:59.0544860Z   Downloading exceptiongroup-1.3.1-py3-none-any.whl.metadata (6.7 kB)
2026-02-02T18:03:59.0831700Z Collecting iniconfig>=1 (from pytest>=7.0.0->argos-scout==0.1.0)
2026-02-02T18:03:59.0993390Z   Downloading iniconfig-2.1.0-py3-none-any.whl.metadata (2.7 kB)
2026-02-02T18:03:59.1233320Z Collecting pluggy<2,>=1.5 (from pytest>=7.0.0->argos-scout==0.1.0)
2026-02-02T18:03:59.1387990Z   Downloading pluggy-1.6.0-py3-none-any.whl.metadata (4.8 kB)
2026-02-02T18:03:59.1893190Z Collecting pygments>=2.7.2 (from pytest>=7.0.0->argos-scout==0.1.0)
2026-02-02T18:03:59.2116670Z   Downloading pygments-2.19.2-py3-none-any.whl.metadata (2.5 kB)
2026-02-02T18:03:59.9077210Z Collecting coverage>=7.10.6 (from coverage[toml]>=7.10.6->pytest-cov>=4.0.0->argos-scout==0.1.0)
2026-02-02T18:03:59.9285650Z   Downloading coverage-7.10.7-cp39-cp39-macosx_11_0_arm64.whl.metadata (8.9 kB)
2026-02-02T18:03:59.9588390Z Collecting six>=1.5 (from python-dateutil>=2.8.0->argos-scout==0.1.0)
2026-02-02T18:03:59.9888440Z   Downloading six-1.17.0-py2.py3-none-any.whl.metadata (1.7 kB)
2026-02-02T18:04:00.1880930Z Collecting charset_normalizer<4,>=2 (from requests>=2.28.0->argos-scout==0.1.0)
2026-02-02T18:04:00.1987290Z   Downloading charset_normalizer-3.4.4-cp39-cp39-macosx_10_9_universal2.whl.metadata (37 kB)
2026-02-02T18:04:00.2505120Z Collecting idna<4,>=2.5 (from requests>=2.28.0->argos-scout==0.1.0)
2026-02-02T18:04:00.2707880Z   Downloading idna-3.11-py3-none-any.whl.metadata (8.4 kB)
2026-02-02T18:04:00.3403290Z Collecting urllib3<3,>=1.21.1 (from requests>=2.28.0->argos-scout==0.1.0)
2026-02-02T18:04:00.3542570Z   Downloading urllib3-2.6.3-py3-none-any.whl.metadata (6.9 kB)
2026-02-02T18:04:00.3678560Z Requirement already satisfied: certifi>=2017.4.17 in /Library/Frameworks/Python.framework/Versions/3.9/lib/python3.9/site-packages (from requests>=2.28.0->argos-scout==0.1.0) (2026.1.4)
2026-02-02T18:04:00.4014480Z Collecting markdown-it-py>=2.2.0 (from rich>=13.0.0->argos-scout==0.1.0)
2026-02-02T18:04:00.4167220Z   Downloading markdown_it_py-3.0.0-py3-none-any.whl.metadata (6.9 kB)
2026-02-02T18:04:00.4845870Z Collecting mdurl~=0.1 (from markdown-it-py>=2.2.0->rich>=13.0.0->argos-scout==0.1.0)
2026-02-02T18:04:00.5002120Z   Downloading mdurl-0.1.2-py3-none-any.whl.metadata (1.6 kB)
2026-02-02T18:04:00.5468380Z Downloading black-25.11.0-cp39-cp39-macosx_11_0_arm64.whl (1.6 MB)
2026-02-02T18:04:00.6033170Z    ━━━━━━━━━━━━━━━━━━━━━━━━━━━━━━━━━━━━━━━━ 1.6/1.6 MB 31.9 MB/s  0:00:00
2026-02-02T18:04:00.6249250Z Downloading click-8.1.8-py3-none-any.whl (98 kB)
2026-02-02T18:04:00.6443550Z Downloading flake8-7.3.0-py2.py3-none-any.whl (57 kB)
2026-02-02T18:04:00.6642330Z Downloading mccabe-0.7.0-py2.py3-none-any.whl (7.3 kB)
2026-02-02T18:04:00.6878680Z Downloading pycodestyle-2.14.0-py2.py3-none-any.whl (31 kB)
2026-02-02T18:04:00.7143030Z Downloading pyflakes-3.4.0-py2.py3-none-any.whl (63 kB)
2026-02-02T18:04:00.7409490Z Downloading isort-6.1.0-py3-none-any.whl (94 kB)
2026-02-02T18:04:00.7588600Z Downloading importlib_metadata-8.7.1-py3-none-any.whl (27 kB)
2026-02-02T18:04:00.7787100Z Downloading mypy-1.19.1-cp39-cp39-macosx_11_0_arm64.whl (12.2 MB)
2026-02-02T18:04:00.9161950Z    ━━━━━━━━━━━━━━━━━━━━━━━━━━━━━━━━━━━━━━━━ 12.2/12.2 MB 90.7 MB/s  0:00:00
2026-02-02T18:04:00.9415820Z Downloading librt-0.7.8-cp39-cp39-macosx_11_0_arm64.whl (58 kB)
2026-02-02T18:04:00.9714830Z Downloading mypy_extensions-1.1.0-py3-none-any.whl (5.0 kB)
2026-02-02T18:04:00.9763110Z Using cached packaging-26.0-py3-none-any.whl (74 kB)
2026-02-02T18:04:00.9958280Z Downloading pathspec-1.0.4-py3-none-any.whl (55 kB)
2026-02-02T18:04:01.0200550Z Downloading platformdirs-4.4.0-py3-none-any.whl (18 kB)
2026-02-02T18:04:01.0461560Z Downloading pydantic-2.12.5-py3-none-any.whl (463 kB)
2026-02-02T18:04:01.0757700Z Downloading pydantic_core-2.41.5-cp39-cp39-macosx_11_0_arm64.whl (1.9 MB)
2026-02-02T18:04:01.1119510Z    ━━━━━━━━━━━━━━━━━━━━━━━━━━━━━━━━━━━━━━━━ 1.9/1.9 MB 55.3 MB/s  0:00:00
2026-02-02T18:04:01.1339310Z Downloading annotated_types-0.7.0-py3-none-any.whl (13 kB)
2026-02-02T18:04:01.1573710Z Downloading pytest-8.4.2-py3-none-any.whl (365 kB)
2026-02-02T18:04:01.1803340Z Downloading pluggy-1.6.0-py3-none-any.whl (20 kB)
2026-02-02T18:04:01.2047380Z Downloading exceptiongroup-1.3.1-py3-none-any.whl (16 kB)
2026-02-02T18:04:01.2253010Z Downloading iniconfig-2.1.0-py3-none-any.whl (6.0 kB)
2026-02-02T18:04:01.2538550Z Downloading pygments-2.19.2-py3-none-any.whl (1.2 MB)
2026-02-02T18:04:01.2655300Z    ━━━━━━━━━━━━━━━━━━━━━━━━━━━━━━━━━━━━━━━━ 1.2/1.2 MB 98.6 MB/s  0:00:00
2026-02-02T18:04:01.2828700Z Downloading pytest_cov-7.0.0-py3-none-any.whl (22 kB)
2026-02-02T18:04:01.3100840Z Downloading coverage-7.10.7-cp39-cp39-macosx_11_0_arm64.whl (218 kB)
2026-02-02T18:04:01.3311640Z Downloading pytest_mock-3.15.1-py3-none-any.whl (10 kB)
2026-02-02T18:04:01.3515080Z Downloading python_dateutil-2.9.0.post0-py2.py3-none-any.whl (229 kB)
2026-02-02T18:04:01.3699380Z Downloading pytokens-0.4.1-cp39-cp39-macosx_11_0_arm64.whl (161 kB)
2026-02-02T18:04:01.3879610Z Downloading requests-2.32.5-py3-none-any.whl (64 kB)
2026-02-02T18:04:01.4115820Z Downloading charset_normalizer-3.4.4-cp39-cp39-macosx_10_9_universal2.whl (209 kB)
2026-02-02T18:04:01.4319630Z Downloading idna-3.11-py3-none-any.whl (71 kB)
2026-02-02T18:04:01.4495610Z Downloading urllib3-2.6.3-py3-none-any.whl (131 kB)
2026-02-02T18:04:01.4786800Z Downloading rich-14.3.2-py3-none-any.whl (309 kB)
2026-02-02T18:04:01.5204860Z Downloading markdown_it_py-3.0.0-py3-none-any.whl (87 kB)
2026-02-02T18:04:01.5486520Z Downloading mdurl-0.1.2-py3-none-any.whl (10.0 kB)
2026-02-02T18:04:01.5760400Z Downloading six-1.17.0-py2.py3-none-any.whl (11 kB)
2026-02-02T18:04:01.6013170Z Downloading sqlalchemy-2.0.46-cp39-cp39-macosx_11_0_arm64.whl (2.2 MB)
2026-02-02T18:04:01.6246730Z    ━━━━━━━━━━━━━━━━━━━━━━━━━━━━━━━━━━━━━━━━ 2.2/2.2 MB 107.9 MB/s  0:00:00
2026-02-02T18:04:01.6351000Z Using cached tomli-2.4.0-py3-none-any.whl (14 kB)
2026-02-02T18:04:01.6404160Z Using cached typing_extensions-4.15.0-py3-none-any.whl (44 kB)
2026-02-02T18:04:01.6585160Z Downloading typing_inspection-0.4.2-py3-none-any.whl (14 kB)
2026-02-02T18:04:01.6782120Z Downloading zipp-3.23.0-py3-none-any.whl (10 kB)
2026-02-02T18:04:01.7248800Z Building wheels for collected packages: argos-scout
2026-02-02T18:04:01.7256780Z   Building editable for argos-scout (pyproject.toml): started
2026-02-02T18:04:02.2357940Z   Building editable for argos-scout (pyproject.toml): finished with status 'done'
2026-02-02T18:04:02.2374310Z   Created wheel for argos-scout: filename=argos_scout-0.1.0-0.editable-py3-none-any.whl size=4024 sha256=4f890f25ee0ee10e3ac3afc0657ef6480c5c5a8f7a2d7f5af43e52b3e3f639dc
2026-02-02T18:04:02.2375720Z   Stored in directory: /private/var/folders/yz/zr09txvs5dn18vt4cn21kzl40000gn/T/pip-ephem-wheel-cache-xnxr_15p/wheels/7d/09/61/8004efa6dfc6a943b6102a12a3a2a691d02147a24980805b13
2026-02-02T18:04:02.2376580Z Successfully built argos-scout
2026-02-02T18:04:02.3184780Z Installing collected packages: zipp, urllib3, typing-extensions, tomli, six, pytokens, pygments, pyflakes, pycodestyle, pluggy, platformdirs, pathspec, packaging, mypy-extensions, mdurl, mccabe, librt, iniconfig, idna, coverage, click, charset_normalizer, annotated-types, typing-inspection, sqlalchemy, requests, python-dateutil, pydantic-core, mypy, markdown-it-py, importlib-metadata, flake8, exceptiongroup, black, rich, pytest, pydantic, isort, pytest-mock, pytest-cov, argos-scout
2026-02-02T18:04:07.7664300Z 
2026-02-02T18:04:07.7725760Z Successfully installed annotated-types-0.7.0 argos-scout-0.1.0 black-25.11.0 charset_normalizer-3.4.4 click-8.1.8 coverage-7.10.7 exceptiongroup-1.3.1 flake8-7.3.0 idna-3.11 importlib-metadata-8.7.1 iniconfig-2.1.0 isort-6.1.0 librt-0.7.8 markdown-it-py-3.0.0 mccabe-0.7.0 mdurl-0.1.2 mypy-1.19.1 mypy-extensions-1.1.0 packaging-26.0 pathspec-1.0.4 platformdirs-4.4.0 pluggy-1.6.0 pycodestyle-2.14.0 pydantic-2.12.5 pydantic-core-2.41.5 pyflakes-3.4.0 pygments-2.19.2 pytest-8.4.2 pytest-cov-7.0.0 pytest-mock-3.15.1 python-dateutil-2.9.0.post0 pytokens-0.4.1 requests-2.32.5 rich-14.3.2 six-1.17.0 sqlalchemy-2.0.46 tomli-2.4.0 typing-extensions-4.15.0 typing-inspection-0.4.2 urllib3-2.6.3 zipp-3.23.0
2026-02-02T18:04:08.5206550Z ##[group]Run pytest tests/ -v --cov=scout --cov-report=xml --cov-report=term-missing
2026-02-02T18:04:08.5207210Z [36;1mpytest tests/ -v --cov=scout --cov-report=xml --cov-report=term-missing[0m
2026-02-02T18:04:08.5259790Z shell: /bin/bash -e {0}
2026-02-02T18:04:08.5260120Z env:
2026-02-02T18:04:08.5260420Z   pythonLocation: /Users/runner/hostedtoolcache/Python/3.9.13/arm64
2026-02-02T18:04:08.5260850Z   PKG_CONFIG_PATH: /Users/runner/hostedtoolcache/Python/3.9.13/arm64/lib/pkgconfig
2026-02-02T18:04:08.5261300Z   Python_ROOT_DIR: /Users/runner/hostedtoolcache/Python/3.9.13/arm64
2026-02-02T18:04:08.5261750Z   Python2_ROOT_DIR: /Users/runner/hostedtoolcache/Python/3.9.13/arm64
2026-02-02T18:04:08.5262140Z   Python3_ROOT_DIR: /Users/runner/hostedtoolcache/Python/3.9.13/arm64
2026-02-02T18:04:08.5262440Z ##[endgroup]
2026-02-02T18:04:08.9961670Z ============================= test session starts ==============================
2026-02-02T18:04:08.9968720Z platform darwin -- Python 3.9.13, pytest-8.4.2, pluggy-1.6.0 -- /Library/Frameworks/Python.framework/Versions/3.9/bin/python
2026-02-02T18:04:08.9970280Z cachedir: .pytest_cache
2026-02-02T18:04:08.9971010Z rootdir: /Users/runner/work/argos/argos/scout
2026-02-02T18:04:08.9971710Z configfile: pyproject.toml
2026-02-02T18:04:08.9972290Z plugins: mock-3.15.1, cov-7.0.0
2026-02-02T18:04:09.9346280Z collecting ... collected 251 items
2026-02-02T18:04:09.9346890Z 
2026-02-02T18:04:09.9355860Z tests/test_analysis.py::TestFlakyTestDetection::test_detect_flaky_test_with_mixed_results PASSED [  0%]
2026-02-02T18:04:09.9376150Z tests/test_analysis.py::TestFlakyTestDetection::test_no_flaky_tests_when_always_passing PASSED [  0%]
2026-02-02T18:04:09.9381380Z tests/test_analysis.py::TestFlakyTestDetection::test_no_flaky_tests_when_always_failing PASSED [  1%]
2026-02-02T18:04:09.9386860Z tests/test_analysis.py::TestFlakyTestDetection::test_flaky_test_with_multiple_tests PASSED [  1%]
2026-02-02T18:04:09.9394760Z tests/test_analysis.py::TestFlakyTestDetection::test_insufficient_runs_for_flaky_detection PASSED [  1%]
2026-02-02T18:04:09.9398730Z tests/test_analysis.py::TestRecurringFailureDetection::test_detect_recurring_failure PASSED [  2%]
2026-02-02T18:04:09.9404830Z tests/test_analysis.py::TestRecurringFailureDetection::test_no_recurring_failures_below_threshold PASSED [  2%]
2026-02-02T18:04:09.9410600Z tests/test_analysis.py::TestRecurringFailureDetection::test_multiple_recurring_failures PASSED [  3%]
2026-02-02T18:04:09.9416180Z tests/test_analysis.py::TestPlatformSpecificFailures::test_detect_windows_only_failure PASSED [  3%]
2026-02-02T18:04:09.9421770Z tests/test_analysis.py::TestPlatformSpecificFailures::test_detect_linux_only_failure PASSED [  3%]
2026-02-02T18:04:09.9427700Z tests/test_analysis.py::TestPlatformSpecificFailures::test_no_platform_specific_when_all_fail PASSED [  4%]
2026-02-02T18:04:09.9436750Z tests/test_analysis.py::TestPlatformSpecificFailures::test_no_platform_specific_when_all_pass PASSED [  4%]
2026-02-02T18:04:09.9442380Z tests/test_analysis.py::TestFailureGrouping::test_group_failures_by_same_message PASSED [  5%]
2026-02-02T18:04:09.9448390Z tests/test_analysis.py::TestFailureGrouping::test_group_failures_by_same_location PASSED [  5%]
2026-02-02T18:04:09.9456860Z tests/test_analysis.py::TestFailureGrouping::test_group_failures_by_same_type PASSED [  5%]
2026-02-02T18:04:09.9462570Z tests/test_analysis.py::TestFailureGrouping::test_no_grouping_for_unique_failures PASSED [  6%]
2026-02-02T18:04:09.9469010Z tests/test_analysis.py::TestTrendAnalysis::test_detect_increasing_failure_trend PASSED [  6%]
2026-02-02T18:04:09.9475110Z tests/test_analysis.py::TestTrendAnalysis::test_detect_decreasing_failure_trend PASSED [  7%]
2026-02-02T18:04:09.9480280Z tests/test_analysis.py::TestTrendAnalysis::test_detect_stable_trend PASSED [  7%]
2026-02-02T18:04:09.9488100Z tests/test_analysis.py::TestTrendAnalysis::test_insufficient_data_for_trend PASSED [  7%]
2026-02-02T18:04:09.9495090Z tests/test_analysis.py::TestRecommendationGeneration::test_recommendation_for_flaky_test PASSED [  8%]
2026-02-02T18:04:09.9500100Z tests/test_analysis.py::TestRecommendationGeneration::test_recommendation_for_recurring_failure PASSED [  8%]
2026-02-02T18:04:09.9506140Z tests/test_analysis.py::TestRecommendationGeneration::test_recommendation_for_platform_specific_failure PASSED [  9%]
2026-02-02T18:04:09.9511980Z tests/test_analysis.py::TestRecommendationGeneration::test_recommendation_for_increasing_trend PASSED [  9%]
2026-02-02T18:04:09.9517870Z tests/test_analysis.py::TestRecommendationGeneration::test_no_recommendations_for_healthy_state PASSED [  9%]
2026-02-02T18:04:09.9524640Z tests/test_analysis.py::TestRecommendationGeneration::test_multiple_recommendations_prioritized PASSED [ 10%]
2026-02-02T18:04:09.9530190Z tests/test_analysis.py::TestFailureGroupDataclass::test_failure_group_creation PASSED [ 10%]
2026-02-02T18:04:09.9537660Z tests/test_analysis.py::TestFlakyTestDataclass::test_flaky_test_creation PASSED [ 11%]
2026-02-02T18:04:09.9543680Z tests/test_analysis.py::TestPlatformFailureDataclass::test_platform_failure_creation PASSED [ 11%]
2026-02-02T18:04:09.9549790Z tests/test_analysis.py::TestRecommendationDataclass::test_recommendation_creation PASSED [ 11%]
2026-02-02T18:04:09.9556620Z tests/test_analysis.py::TestFailureTrendDataclass::test_failure_trend_creation PASSED [ 12%]
2026-02-02T18:04:09.9578700Z tests/test_ci_log_parser.py::TestPytestLogParsing::test_parse_pytest_log_all_passed PASSED [ 12%]
2026-02-02T18:04:09.9590600Z tests/test_ci_log_parser.py::TestPytestLogParsing::test_parse_pytest_log_with_failures PASSED [ 13%]
2026-02-02T18:04:09.9602150Z tests/test_ci_log_parser.py::TestPytestLogParsing::test_parse_pytest_log_with_skipped_tests PASSED [ 13%]
2026-02-02T18:04:09.9619500Z tests/test_ci_log_parser.py::TestPytestLogParsing::test_parse_pytest_log_with_errors PASSED [ 13%]
2026-02-02T18:04:09.9633810Z tests/test_ci_log_parser.py::TestPytestLogParsing::test_parse_pytest_log_with_durations PASSED [ 14%]
2026-02-02T18:04:09.9643300Z tests/test_ci_log_parser.py::TestPytestLogParsing::test_parse_pytest_log_extract_traceback PASSED [ 14%]
2026-02-02T18:04:09.9651110Z tests/test_ci_log_parser.py::TestPytestLogParsing::test_parse_pytest_log_with_parametrized_tests PASSED [ 15%]
2026-02-02T18:04:09.9657500Z tests/test_ci_log_parser.py::TestPytestLogParsing::test_parse_pytest_empty_log PASSED [ 15%]
2026-02-02T18:04:09.9664430Z tests/test_ci_log_parser.py::TestPytestLogParsing::test_parse_pytest_log_no_collection PASSED [ 15%]
2026-02-02T18:04:09.9680440Z tests/test_ci_log_parser.py::TestCoverageLogParsing::test_parse_coverage_log_basic PASSED [ 16%]
2026-02-02T18:04:09.9686880Z tests/test_ci_log_parser.py::TestCoverageLogParsing::test_parse_coverage_log_with_missing_lines PASSED [ 16%]
2026-02-02T18:04:09.9692600Z tests/test_ci_log_parser.py::TestCoverageLogParsing::test_parse_coverage_log_empty PASSED [ 17%]
2026-02-02T18:04:09.9702940Z tests/test_ci_log_parser.py::TestFlake8LogParsing::test_parse_flake8_log_with_violations PASSED [ 17%]
2026-02-02T18:04:09.9709230Z tests/test_ci_log_parser.py::TestFlake8LogParsing::test_parse_flake8_log_no_violations PASSED [ 17%]
2026-02-02T18:04:09.9725010Z tests/test_ci_log_parser.py::TestFailurePatternDetection::test_detect_timeout_pattern PASSED [ 18%]
2026-02-02T18:04:09.9733290Z tests/test_ci_log_parser.py::TestFailurePatternDetection::test_detect_platform_specific_pattern PASSED [ 18%]
2026-02-02T18:04:09.9739600Z tests/test_ci_log_parser.py::TestFailurePatternDetection::test_detect_setup_failure_pattern PASSED [ 19%]
2026-02-02T18:04:09.9746820Z tests/test_ci_log_parser.py::TestFailurePatternDetection::test_detect_import_error_pattern PASSED [ 19%]
2026-02-02T18:04:09.9753570Z tests/test_ci_log_parser.py::TestFailurePatternDetection::test_detect_multiple_patterns PASSED [ 19%]
2026-02-02T18:04:09.9761250Z tests/test_ci_log_parser.py::TestFailurePatternDetection::test_no_patterns_in_successful_log PASSED [ 20%]
2026-02-02T18:04:09.9790410Z tests/test_cli.py::TestCLIArgumentParsing::test_create_parser_returns_argparse_parser PASSED [ 20%]
2026-02-02T18:04:09.9826600Z tests/test_cli.py::TestCLIArgumentParsing::test_parser_has_version_argument PASSED [ 21%]
2026-02-02T18:04:09.9866250Z tests/test_cli.py::TestCLIArgumentParsing::test_parser_has_help_argument PASSED [ 21%]
2026-02-02T18:04:09.9902040Z tests/test_cli.py::TestCLIArgumentParsing::test_parser_requires_subcommand PASSED [ 21%]
2026-02-02T18:04:09.9933400Z tests/test_cli.py::TestLogsCommand::test_logs_command_with_workflow_name PASSED [ 22%]
2026-02-02T18:04:09.9977580Z tests/test_cli.py::TestLogsCommand::test_logs_command_with_limit_option PASSED [ 22%]
2026-02-02T18:04:09.9997530Z tests/test_cli.py::TestLogsCommand::test_logs_command_with_output_option PASSED [ 23%]
2026-02-02T18:04:10.0029470Z tests/test_cli.py::TestLogsCommand::test_logs_command_with_branch_filter PASSED [ 23%]
2026-02-02T18:04:10.0089680Z tests/test_cli.py::TestLogsCommand::test_logs_command_execution PASSED   [ 23%]
2026-02-02T18:04:10.0119080Z tests/test_cli.py::TestAnalyzeCommand::test_analyze_command_with_run_id PASSED [ 24%]
2026-02-02T18:04:10.0148050Z tests/test_cli.py::TestAnalyzeCommand::test_analyze_command_with_format_option PASSED [ 24%]
2026-02-02T18:04:10.0177360Z tests/test_cli.py::TestAnalyzeCommand::test_analyze_command_with_output_file PASSED [ 25%]
2026-02-02T18:04:10.0205200Z tests/test_cli.py::TestAnalyzeCommand::test_analyze_command_with_verbose_flag PASSED [ 25%]
2026-02-02T18:04:10.0291390Z tests/test_cli.py::TestAnalyzeCommand::test_analyze_command_execution PASSED [ 25%]
2026-02-02T18:04:10.0404330Z tests/test_cli.py::TestTrendsCommand::test_trends_command_with_workflow_name PASSED [ 26%]
2026-02-02T18:04:10.0506930Z tests/test_cli.py::TestTrendsCommand::test_trends_command_with_days_option PASSED [ 26%]
2026-02-02T18:04:10.0609060Z tests/test_cli.py::TestTrendsCommand::test_trends_command_with_format_option PASSED [ 27%]
2026-02-02T18:04:10.0706980Z tests/test_cli.py::TestTrendsCommand::test_trends_command_execution PASSED [ 27%]
2026-02-02T18:04:10.0707490Z tests/test_cli.py::TestFlakyCommand::test_flaky_command_no_arguments PASSED [ 27%]
2026-02-02T18:04:10.0707960Z tests/test_cli.py::TestFlakyCommand::test_flaky_command_with_threshold_option PASSED [ 28%]
2026-02-02T18:04:10.0708440Z tests/test_cli.py::TestFlakyCommand::test_flaky_command_with_min_runs_option PASSED [ 28%]
2026-02-02T18:04:10.0709040Z tests/test_cli.py::TestFlakyCommand::test_flaky_command_with_format_option PASSED [ 29%]
2026-02-02T18:04:10.0810220Z tests/test_cli.py::TestFlakyCommand::test_flaky_command_execution PASSED [ 29%]
2026-02-02T18:04:10.0911580Z tests/test_cli.py::TestConfigCommand::test_config_show_command PASSED    [ 29%]
2026-02-02T18:04:10.1012420Z tests/test_cli.py::TestConfigCommand::test_config_set_command_with_key_value PASSED [ 30%]
2026-02-02T18:04:10.1115300Z tests/test_cli.py::TestConfigCommand::test_config_get_command_with_key PASSED [ 30%]
2026-02-02T18:04:10.1216550Z tests/test_cli.py::TestConfigCommand::test_config_show_execution PASSED  [ 31%]
2026-02-02T18:04:10.1316840Z tests/test_cli.py::TestAuthenticationHandling::test_token_from_environment_variable PASSED [ 31%]
2026-02-02T18:04:10.1318140Z tests/test_cli.py::TestAuthenticationHandling::test_token_from_command_line_option PASSED [ 31%]
2026-02-02T18:04:10.1319340Z tests/test_cli.py::TestAuthenticationHandling::test_repo_from_environment_variable PASSED [ 32%]
2026-02-02T18:04:10.1320030Z tests/test_cli.py::TestAuthenticationHandling::test_repo_from_command_line_option PASSED [ 32%]
2026-02-02T18:04:10.1320690Z tests/test_cli.py::TestOutputFormatOptions::test_console_format PASSED   [ 33%]
2026-02-02T18:04:10.1321390Z tests/test_cli.py::TestOutputFormatOptions::test_html_format PASSED      [ 33%]
2026-02-02T18:04:10.1322060Z tests/test_cli.py::TestOutputFormatOptions::test_json_format PASSED      [ 33%]
2026-02-02T18:04:10.1322740Z tests/test_cli.py::TestOutputFormatOptions::test_csv_format PASSED       [ 34%]
2026-02-02T18:04:10.1323790Z tests/test_cli.py::TestOutputFormatOptions::test_default_format_is_console PASSED [ 34%]
2026-02-02T18:04:10.1324440Z tests/test_cli.py::TestErrorHandling::test_missing_token_error PASSED    [ 35%]
2026-02-02T18:04:10.1325140Z tests/test_cli.py::TestErrorHandling::test_invalid_repository_format_error PASSED [ 35%]
2026-02-02T18:04:10.1338190Z tests/test_cli.py::TestErrorHandling::test_network_error_handling PASSED [ 35%]
2026-02-02T18:04:10.1365970Z tests/test_cli.py::TestVerboseOutput::test_verbose_flag_sets_logging_level PASSED [ 36%]
2026-02-02T18:04:10.1391980Z tests/test_cli.py::TestVerboseOutput::test_quiet_flag_sets_logging_level PASSED [ 36%]
2026-02-02T18:04:10.1462290Z tests/test_cli.py::TestCLIIntegration::test_full_analyze_workflow PASSED [ 37%]
2026-02-02T18:04:10.1519580Z tests/test_cli.py::TestCLIIntegration::test_html_report_generation_workflow PASSED [ 37%]
2026-02-02T18:04:10.1546460Z tests/test_cli.py::TestMainFunction::test_main_with_no_arguments_shows_help PASSED [ 37%]
2026-02-02T18:04:10.1572190Z tests/test_cli.py::TestMainFunction::test_main_returns_zero_on_success PASSED [ 38%]
2026-02-02T18:04:10.1597900Z tests/test_cli.py::TestMainFunction::test_main_returns_nonzero_on_error PASSED [ 38%]
2026-02-02T18:04:10.1603840Z tests/test_failure_parser.py::TestFailureLocation::test_failure_location_creation PASSED [ 39%]
2026-02-02T18:04:10.1609410Z tests/test_failure_parser.py::TestFailureLocation::test_failure_location_without_column PASSED [ 39%]
2026-02-02T18:04:10.1614810Z tests/test_failure_parser.py::TestFailureLocation::test_failure_location_string_representation PASSED [ 39%]
2026-02-02T18:04:10.1619970Z tests/test_failure_parser.py::TestStackFrame::test_stack_frame_creation PASSED [ 40%]
2026-02-02T18:04:10.1625430Z tests/test_failure_parser.py::TestStackFrame::test_stack_frame_without_code PASSED [ 40%]
2026-02-02T18:04:10.1630780Z tests/test_failure_parser.py::TestFailureDataclass::test_test_failure_creation PASSED [ 41%]
2026-02-02T18:04:10.1635970Z tests/test_failure_parser.py::TestFailureDataclass::test_test_failure_minimal PASSED [ 41%]
2026-02-02T18:04:10.1647860Z tests/test_failure_parser.py::TestPytestParser::test_parse_pytest_simple_failure PASSED [ 41%]
2026-02-02T18:04:10.1653750Z tests/test_failure_parser.py::TestPytestParser::test_parse_pytest_with_stack_trace PASSED [ 42%]
2026-02-02T18:04:10.1659450Z tests/test_failure_parser.py::TestPytestParser::test_parse_pytest_multiple_failures PASSED [ 42%]
2026-02-02T18:04:10.1665160Z tests/test_failure_parser.py::TestPytestParser::test_parse_pytest_json_output PASSED [ 43%]
2026-02-02T18:04:10.1671290Z tests/test_failure_parser.py::TestPytestParser::test_parse_pytest_parametrized_test PASSED [ 43%]
2026-02-02T18:04:10.1677370Z tests/test_failure_parser.py::TestPytestParser::test_parse_pytest_no_failures PASSED [ 43%]
2026-02-02T18:04:10.1682780Z tests/test_failure_parser.py::TestPytestParser::test_parse_pytest_with_captured_output PASSED [ 44%]
2026-02-02T18:04:10.1690060Z tests/test_failure_parser.py::TestUnittestParser::test_parse_unittest_simple_failure PASSED [ 44%]
2026-02-02T18:04:10.1695570Z tests/test_failure_parser.py::TestUnittestParser::test_parse_unittest_error PASSED [ 45%]
2026-02-02T18:04:10.1701440Z tests/test_failure_parser.py::TestUnittestParser::test_parse_unittest_multiple_failures PASSED [ 45%]
2026-02-02T18:04:10.1707030Z tests/test_failure_parser.py::TestUnittestParser::test_parse_unittest_no_failures PASSED [ 45%]
2026-02-02T18:04:10.1712820Z tests/test_failure_parser.py::TestUnittestParser::test_parse_unittest_with_stack_trace PASSED [ 46%]
2026-02-02T18:04:10.1724860Z tests/test_failure_parser.py::TestGoogleTestParser::test_parse_gtest_simple_failure PASSED [ 46%]
2026-02-02T18:04:10.1735090Z tests/test_failure_parser.py::TestGoogleTestParser::test_parse_gtest_xml_output PASSED [ 47%]
2026-02-02T18:04:10.1740970Z tests/test_failure_parser.py::TestGoogleTestParser::test_parse_gtest_json_output PASSED [ 47%]
2026-02-02T18:04:10.1753190Z tests/test_failure_parser.py::TestGoogleTestParser::test_parse_gtest_multiple_failures PASSED [ 47%]
2026-02-02T18:04:10.1759360Z tests/test_failure_parser.py::TestGoogleTestParser::test_parse_gtest_no_failures PASSED [ 48%]
2026-02-02T18:04:10.1764460Z tests/test_failure_parser.py::TestFailureParser::test_auto_detect_pytest PASSED [ 48%]
2026-02-02T18:04:10.1773400Z tests/test_failure_parser.py::TestFailureParser::test_auto_detect_unittest PASSED [ 49%]
2026-02-02T18:04:10.1781290Z tests/test_failure_parser.py::TestFailureParser::test_auto_detect_gtest PASSED [ 49%]
2026-02-02T18:04:10.1786770Z tests/test_failure_parser.py::TestFailureParser::test_parse_with_explicit_format PASSED [ 49%]
2026-02-02T18:04:10.1792310Z tests/test_failure_parser.py::TestFailureParser::test_parse_empty_output PASSED [ 50%]
2026-02-02T18:04:10.1798170Z tests/test_failure_parser.py::TestFailureParser::test_parse_unknown_format PASSED [ 50%]
2026-02-02T18:04:10.1803550Z tests/test_failure_parser.py::TestFailureParser::test_parse_json_pytest PASSED [ 50%]
2026-02-02T18:04:10.1809530Z tests/test_failure_parser.py::TestFailureParser::test_get_parser_by_format PASSED [ 51%]
2026-02-02T18:04:10.2112590Z tests/test_github_actions_client.py::TestGitHubActionsClient::test_client_initialization PASSED [ 51%]
2026-02-02T18:04:10.2652730Z tests/test_github_actions_client.py::TestGitHubActionsClient::test_fetch_and_store_workflow_runs PASSED [ 52%]
2026-02-02T18:04:10.2920610Z tests/test_github_actions_client.py::TestGitHubActionsClient::test_fetch_duplicate_runs_updates_existing PASSED [ 52%]
2026-02-02T18:04:10.3344810Z tests/test_github_actions_client.py::TestGitHubActionsClient::test_fetch_workflow_jobs PASSED [ 52%]
2026-02-02T18:04:10.3586380Z tests/test_github_actions_client.py::TestGitHubActionsClient::test_parse_job_name_extracts_platform_and_python PASSED [ 53%]
2026-02-02T18:04:10.3747480Z tests/test_github_actions_client.py::TestGitHubActionsClient::test_calculate_duration PASSED [ 53%]
2026-02-02T18:04:10.4106950Z tests/test_github_actions_client.py::TestGitHubActionsClient::test_fetch_jobs_without_run_in_database PASSED [ 54%]
2026-02-02T18:04:10.4520850Z tests/test_github_actions_client.py::TestGitHubActionsClient::test_get_workflow_run_from_database PASSED [ 54%]
2026-02-02T18:04:10.4849220Z tests/test_github_actions_client.py::TestGitHubActionsClient::test_get_nonexistent_workflow_run PASSED [ 54%]
2026-02-02T18:04:10.5136230Z tests/test_github_actions_client.py::TestGitHubActionsClient::test_get_workflow_jobs_from_database PASSED [ 55%]
2026-02-02T18:04:10.5407340Z tests/test_github_actions_client.py::TestGitHubActionsClient::test_list_recent_workflow_runs PASSED [ 55%]
2026-02-02T18:04:10.5763390Z tests/test_github_actions_client.py::TestGitHubActionsClient::test_get_failed_runs PASSED [ 56%]
2026-02-02T18:04:10.6083300Z tests/test_github_actions_client.py::TestGitHubActionsClient::test_extract_run_number_from_metadata PASSED [ 56%]
2026-02-02T18:04:10.6087120Z tests/test_log_retrieval.py::TestLogParser::test_remove_ansi_codes_simple PASSED [ 56%]
2026-02-02T18:04:10.6093070Z tests/test_log_retrieval.py::TestLogParser::test_remove_ansi_codes_multiple PASSED [ 57%]
2026-02-02T18:04:10.6100840Z tests/test_log_retrieval.py::TestLogParser::test_remove_ansi_codes_no_codes PASSED [ 57%]
2026-02-02T18:04:10.6106070Z tests/test_log_retrieval.py::TestLogParser::test_remove_ansi_codes_empty PASSED [ 58%]
2026-02-02T18:04:10.6111950Z tests/test_log_retrieval.py::TestLogParser::test_extract_timestamp_iso8601 PASSED [ 58%]
2026-02-02T18:04:10.6118410Z tests/test_log_retrieval.py::TestLogParser::test_extract_timestamp_iso8601_with_millis PASSED [ 58%]
2026-02-02T18:04:10.6148230Z tests/test_log_retrieval.py::TestLogParser::test_extract_timestamp_space_separated PASSED [ 59%]
2026-02-02T18:04:10.6249570Z tests/test_log_retrieval.py::TestLogParser::test_extract_timestamp_unix PASSED [ 59%]
2026-02-02T18:04:10.6342980Z tests/test_log_retrieval.py::TestLogParser::test_extract_timestamp_no_timestamp PASSED [ 60%]
2026-02-02T18:04:10.6354020Z tests/test_log_retrieval.py::TestLogParser::test_parse_log_lines_simple PASSED [ 60%]
2026-02-02T18:04:10.6364520Z tests/test_log_retrieval.py::TestLogParser::test_parse_log_lines_with_ansi PASSED [ 60%]
2026-02-02T18:04:10.6365240Z tests/test_log_retrieval.py::TestLogParser::test_parse_log_lines_with_timestamps PASSED [ 61%]
2026-02-02T18:04:10.6365780Z tests/test_log_retrieval.py::TestLogParser::test_parse_log_lines_skip_empty PASSED [ 61%]
2026-02-02T18:04:10.6366270Z tests/test_log_retrieval.py::TestLogParser::test_parse_log_lines_empty_input PASSED [ 62%]
2026-02-02T18:04:10.6366760Z tests/test_log_retrieval.py::TestLogParser::test_extract_timestamp_invalid_format PASSED [ 62%]
2026-02-02T18:04:10.6367330Z tests/test_log_retrieval.py::TestLogCache::test_cache_initialization PASSED [ 62%]
2026-02-02T18:04:10.6367790Z tests/test_log_retrieval.py::TestLogCache::test_is_cached_false_for_missing PASSED [ 63%]
2026-02-02T18:04:10.6368240Z tests/test_log_retrieval.py::TestLogCache::test_save_and_load_log PASSED [ 63%]
2026-02-02T18:04:10.6368690Z tests/test_log_retrieval.py::TestLogCache::test_save_log_with_no_timestamps PASSED [ 64%]
2026-02-02T18:04:10.6369390Z tests/test_log_retrieval.py::TestLogCache::test_load_nonexistent_log PASSED [ 64%]
2026-02-02T18:04:10.6369840Z tests/test_log_retrieval.py::TestLogCache::test_clear_specific_run PASSED [ 64%]
2026-02-02T18:04:10.6370260Z tests/test_log_retrieval.py::TestLogCache::test_clear_all_logs PASSED    [ 65%]
2026-02-02T18:04:10.6370750Z tests/test_log_retrieval.py::TestLogRetriever::test_initialization_default_cache_dir PASSED [ 65%]
2026-02-02T18:04:10.6371380Z tests/test_log_retrieval.py::TestLogRetriever::test_initialization_custom_cache_dir PASSED [ 66%]
2026-02-02T18:04:10.6394090Z tests/test_log_retrieval.py::TestLogRetriever::test_get_logs_from_provider PASSED [ 66%]
2026-02-02T18:04:10.6412360Z tests/test_log_retrieval.py::TestLogRetriever::test_get_logs_from_cache PASSED [ 66%]
2026-02-02T18:04:10.6437870Z tests/test_log_retrieval.py::TestLogRetriever::test_get_logs_bypasses_cache_when_disabled PASSED [ 67%]
2026-02-02T18:04:10.6472780Z tests/test_log_retrieval.py::TestLogRetriever::test_get_all_job_logs PASSED [ 67%]
2026-02-02T18:04:10.6491100Z tests/test_log_retrieval.py::TestLogRetriever::test_get_all_job_logs_handles_errors PASSED [ 68%]
2026-02-02T18:04:10.6508270Z tests/test_log_retrieval.py::TestLogRetriever::test_get_logs_with_no_job_found PASSED [ 68%]
2026-02-02T18:04:10.6523500Z tests/test_log_retrieval.py::TestLogRetriever::test_cache_save_creates_directory_structure PASSED [ 68%]
2026-02-02T18:04:10.6573420Z tests/test_log_retrieval.py::TestLogRetriever::test_load_with_invalid_timestamp_in_cache PASSED [ 69%]
2026-02-02T18:04:10.6574130Z tests/test_log_retrieval.py::TestWorkflowLog::test_workflow_log_creation PASSED [ 69%]
2026-02-02T18:04:10.6574830Z tests/test_providers.py::TestCIProviderInterface::test_provider_interface_is_abstract PASSED [ 70%]
2026-02-02T18:04:10.6575530Z tests/test_providers.py::TestCIProviderInterface::test_provider_interface_requires_get_workflow_runs PASSED [ 70%]
2026-02-02T18:04:10.6576290Z tests/test_providers.py::TestCIProviderInterface::test_provider_interface_requires_get_workflow_run PASSED [ 70%]
2026-02-02T18:04:10.6587710Z tests/test_providers.py::TestCIProviderInterface::test_provider_interface_requires_get_jobs PASSED [ 71%]
2026-02-02T18:04:10.6592620Z tests/test_providers.py::TestCIProviderInterface::test_provider_interface_requires_get_logs PASSED [ 71%]
2026-02-02T18:04:10.6598390Z tests/test_providers.py::TestWorkflowRunModel::test_workflow_run_creation_with_all_fields PASSED [ 72%]
2026-02-02T18:04:10.6605290Z tests/test_providers.py::TestWorkflowRunModel::test_workflow_run_creation_with_optional_fields PASSED [ 72%]
2026-02-02T18:04:10.6610970Z tests/test_providers.py::TestJobModel::test_job_creation_with_all_fields PASSED [ 72%]
2026-02-02T18:04:10.6616320Z tests/test_providers.py::TestJobModel::test_job_creation_with_optional_fields PASSED [ 73%]
2026-02-02T18:04:10.6622070Z tests/test_providers.py::TestLogEntryModel::test_log_entry_creation PASSED [ 73%]
2026-02-02T18:04:10.6628170Z tests/test_providers.py::TestGitHubActionsProvider::test_github_actions_provider_initialization PASSED [ 74%]
2026-02-02T18:04:10.6633630Z tests/test_providers.py::TestGitHubActionsProvider::test_github_actions_provider_initialization_without_token PASSED [ 74%]
2026-02-02T18:04:10.6652870Z tests/test_providers.py::TestGitHubActionsProvider::test_get_workflow_runs_success PASSED [ 74%]
2026-02-02T18:04:10.6667150Z tests/test_providers.py::TestGitHubActionsProvider::test_get_workflow_run_success PASSED [ 75%]
2026-02-02T18:04:10.6679640Z tests/test_providers.py::TestGitHubActionsProvider::test_get_jobs_success PASSED [ 75%]
2026-02-02T18:04:10.6692660Z tests/test_providers.py::TestGitHubActionsProvider::test_get_logs_success PASSED [ 76%]
2026-02-02T18:04:10.6707380Z tests/test_providers.py::TestGitHubActionsProvider::test_authentication_with_token PASSED [ 76%]
2026-02-02T18:04:10.6719700Z tests/test_providers.py::TestGitHubActionsProvider::test_authentication_without_token PASSED [ 76%]
2026-02-02T18:04:10.6734460Z tests/test_providers.py::TestGitHubActionsProvider::test_rate_limiting_error_handling PASSED [ 77%]
2026-02-02T18:04:10.6749230Z tests/test_providers.py::TestGitHubActionsProvider::test_404_not_found_error_handling PASSED [ 77%]
2026-02-02T18:04:10.6760570Z tests/test_providers.py::TestGitHubActionsProvider::test_network_timeout_error_handling PASSED [ 78%]
2026-02-02T18:04:10.6772370Z tests/test_providers.py::TestGitHubActionsProvider::test_generic_request_error_handling PASSED [ 78%]
2026-02-02T18:04:10.6786570Z tests/test_providers.py::TestGitHubActionsProvider::test_malformed_response_handling PASSED [ 78%]
2026-02-02T18:04:10.6799450Z tests/test_providers.py::TestGitHubActionsProvider::test_pagination_support PASSED [ 79%]
2026-02-02T18:04:10.6816690Z tests/test_providers.py::TestGitHubActionsProvider::test_workflow_name_filtering PASSED [ 79%]
2026-02-02T18:04:10.6830530Z tests/test_providers.py::TestGitHubActionsProvider::test_get_logs_with_invalid_timestamps PASSED [ 80%]
2026-02-02T18:04:10.6842970Z tests/test_providers.py::TestGitHubActionsProvider::test_get_logs_with_empty_lines PASSED [ 80%]
2026-02-02T18:04:10.6850260Z tests/test_reporting.py::TestReportFormatter::test_format_duration_ms PASSED [ 80%]
2026-02-02T18:04:10.6857530Z tests/test_reporting.py::TestReportFormatter::test_format_duration_none PASSED [ 81%]
2026-02-02T18:04:10.6863670Z tests/test_reporting.py::TestReportFormatter::test_format_timestamp PASSED [ 81%]
2026-02-02T18:04:10.6869410Z tests/test_reporting.py::TestReportFormatter::test_format_percentage PASSED [ 82%]
2026-02-02T18:04:10.6876860Z tests/test_reporting.py::TestReportFormatter::test_truncate_message PASSED [ 82%]
2026-02-02T18:04:10.6888290Z tests/test_reporting.py::TestConsoleReporter::test_generate_failure_summary_empty PASSED [ 82%]
2026-02-02T18:04:10.6893820Z tests/test_reporting.py::TestConsoleReporter::test_generate_failure_summary_with_failures PASSED [ 83%]
2026-02-02T18:04:10.6903450Z tests/test_reporting.py::TestConsoleReporter::test_generate_failure_summary_with_colors PASSED [ 83%]
2026-02-02T18:04:10.6905590Z tests/test_reporting.py::TestConsoleReporter::test_generate_flaky_test_report PASSED [ 84%]
2026-02-02T18:04:10.6912660Z tests/test_reporting.py::TestConsoleReporter::test_generate_platform_comparison PASSED [ 84%]
2026-02-02T18:04:10.6918390Z tests/test_reporting.py::TestConsoleReporter::test_generate_recommendations_report PASSED [ 84%]
2026-02-02T18:04:10.6923870Z tests/test_reporting.py::TestConsoleReporter::test_color_detection_auto PASSED [ 85%]
2026-02-02T18:04:10.6936140Z tests/test_reporting.py::TestHtmlReporter::test_generate_html_report_basic PASSED [ 85%]
2026-02-02T18:04:10.6940890Z tests/test_reporting.py::TestHtmlReporter::test_generate_html_report_with_timeline PASSED [ 86%]
2026-02-02T18:04:10.6942900Z tests/test_reporting.py::TestHtmlReporter::test_generate_html_with_flaky_tests PASSED [ 86%]
2026-02-02T18:04:10.6951510Z tests/test_reporting.py::TestHtmlReporter::test_generate_html_with_platform_comparison PASSED [ 86%]
2026-02-02T18:04:10.6974110Z tests/test_reporting.py::TestHtmlReporter::test_save_html_report_to_file PASSED [ 87%]
2026-02-02T18:04:10.6980310Z tests/test_reporting.py::TestHtmlReporter::test_html_escaping PASSED     [ 87%]
2026-02-02T18:04:10.6989610Z tests/test_reporting.py::TestJsonExporter::test_export_failures_to_json PASSED [ 88%]
2026-02-02T18:04:10.6999470Z tests/test_reporting.py::TestJsonExporter::test_export_flaky_tests_to_json PASSED [ 88%]
2026-02-02T18:04:10.7006390Z tests/test_reporting.py::TestJsonExporter::test_export_complete_analysis_to_json PASSED [ 88%]
2026-02-02T18:04:10.7023720Z tests/test_reporting.py::TestJsonExporter::test_save_json_to_file PASSED [ 89%]
2026-02-02T18:04:10.7033120Z tests/test_reporting.py::TestJsonExporter::test_json_indentation PASSED  [ 89%]
2026-02-02T18:04:10.7036950Z tests/test_reporting.py::TestCsvExporter::test_export_failures_to_csv PASSED [ 90%]
2026-02-02T18:04:10.7043500Z tests/test_reporting.py::TestCsvExporter::test_export_flaky_tests_to_csv PASSED [ 90%]
2026-02-02T18:04:10.7059000Z tests/test_reporting.py::TestCsvExporter::test_save_csv_to_file PASSED   [ 90%]
2026-02-02T18:04:10.7075990Z tests/test_reporting.py::TestCsvExporter::test_csv_escaping PASSED       [ 91%]
2026-02-02T18:04:10.7092660Z tests/test_reporting.py::TestReportIntegration::test_generate_all_formats PASSED [ 91%]
2026-02-02T18:04:10.7099300Z tests/test_reporting.py::TestReportIntegration::test_empty_failures_all_formats PASSED [ 92%]
2026-02-02T18:04:10.7177980Z tests/test_storage.py::TestWorkflowRun::test_create_workflow_run PASSED  [ 92%]
2026-02-02T18:04:10.7247270Z tests/test_storage.py::TestWorkflowRun::test_workflow_run_unique_constraint PASSED [ 92%]
2026-02-02T18:04:10.7264090Z tests/test_storage.py::TestWorkflowRun::test_workflow_run_repr PASSED    [ 93%]
2026-02-02T18:04:10.7378150Z tests/test_storage.py::TestWorkflowRun::test_workflow_run_relationship_to_jobs PASSED [ 93%]
2026-02-02T18:04:10.7520680Z tests/test_storage.py::TestWorkflowRun::test_workflow_run_cascade_delete PASSED [ 94%]
2026-02-02T18:04:10.7605720Z tests/test_storage.py::TestWorkflowJob::test_create_workflow_job PASSED  [ 94%]
2026-02-02T18:04:10.7698610Z tests/test_storage.py::TestWorkflowJob::test_workflow_job_unique_constraint PASSED [ 94%]
2026-02-02T18:04:10.7704740Z tests/test_storage.py::TestWorkflowJob::test_workflow_job_repr PASSED    [ 95%]
2026-02-02T18:04:10.7796400Z tests/test_storage.py::TestWorkflowJob::test_workflow_job_foreign_key PASSED [ 95%]
2026-02-02T18:04:10.7933160Z tests/test_storage.py::TestWorkflowTestResult::test_create_test_result PASSED [ 96%]
2026-02-02T18:04:10.7978720Z tests/test_storage.py::TestWorkflowTestResult::test_test_result_repr PASSED [ 96%]
2026-02-02T18:04:10.8093400Z tests/test_storage.py::TestWorkflowTestResult::test_test_result_cascade_delete PASSED [ 96%]
2026-02-02T18:04:10.8150710Z tests/test_storage.py::TestCIFailurePattern::test_create_failure_pattern PASSED [ 97%]
2026-02-02T18:04:10.8162100Z tests/test_storage.py::TestCIFailurePattern::test_failure_pattern_repr PASSED [ 97%]
2026-02-02T18:04:10.8262910Z tests/test_storage.py::TestDatabaseManager::test_create_database_manager PASSED [ 98%]
2026-02-02T18:04:10.8319710Z tests/test_storage.py::TestDatabaseManager::test_initialize_database PASSED [ 98%]
2026-02-02T18:04:10.8333210Z tests/test_storage.py::TestDatabaseManager::test_get_session_without_initialize PASSED [ 98%]
2026-02-02T18:04:10.8715810Z tests/test_storage.py::TestDatabaseManager::test_reset_database PASSED   [ 99%]
2026-02-02T18:04:10.8875870Z tests/test_storage.py::TestDatabaseManager::test_context_manager PASSED  [ 99%]
2026-02-02T18:04:11.6039270Z tests/test_storage.py::TestDatabaseManager::test_in_memory_database PASSED [100%]
2026-02-02T18:04:11.6039700Z 
2026-02-02T18:04:11.6039820Z ================================ tests coverage ================================
2026-02-02T18:04:11.6040170Z _______________ coverage: platform darwin, python 3.9.13-final-0 _______________
2026-02-02T18:04:11.6040410Z 
2026-02-02T18:04:11.6040650Z Name                                Stmts   Miss  Cover   Missing
2026-02-02T18:04:11.6041270Z -----------------------------------------------------------------
2026-02-02T18:04:11.6041630Z scout/__init__.py                       2      0   100%
2026-02-02T18:04:11.6041930Z scout/analysis.py                     153      1    99%   385
2026-02-02T18:04:11.6042200Z scout/ci/__init__.py                    2      0   100%
2026-02-02T18:04:11.6042480Z scout/ci/github_actions_client.py      84      5    94%   162-168
2026-02-02T18:04:11.6042920Z scout/failure_parser.py               314     22    93%   36, 129, 171, 183-188, 227, 239, 250, 266-267, 296-297, 397-398, 466, 581, 595-596, 704
2026-02-02T18:04:11.6043330Z scout/log_retrieval.py                146      0   100%
2026-02-02T18:04:11.6043580Z scout/parsers/__init__.py               2      0   100%
2026-02-02T18:04:11.6043880Z scout/parsers/ci_log_parser.py         96      4    96%   146, 204, 234, 318
2026-02-02T18:04:11.6044180Z scout/providers/__init__.py             3      0   100%
2026-02-02T18:04:11.6044730Z scout/providers/base.py                30      0   100%
2026-02-02T18:04:11.6044990Z scout/providers/github_actions.py      72      0   100%
2026-02-02T18:04:11.6045390Z scout/reporting.py                    265     20    92%   131, 136-141, 191, 198-199, 255-256, 293-294, 527, 532-533, 663, 665, 668, 671, 736
2026-02-02T18:04:11.6045780Z scout/storage/__init__.py               3      0   100%
2026-02-02T18:04:11.6046080Z scout/storage/database.py              45      7    84%   51-53, 71-73, 121
2026-02-02T18:04:11.6046370Z scout/storage/schema.py                69      0   100%
2026-02-02T18:04:11.6046630Z -----------------------------------------------------------------
2026-02-02T18:04:11.6046880Z TOTAL                                1286     59    95%
2026-02-02T18:04:11.6047080Z Coverage HTML written to dir htmlcov
2026-02-02T18:04:11.6047280Z Coverage XML written to file coverage.xml
2026-02-02T18:04:11.6047520Z Required test coverage of 90% reached. Total coverage: 95.41%
2026-02-02T18:04:11.6047820Z ============================= 251 passed in 2.55s ==============================
2026-02-02T18:04:11.7225230Z ##[group]Run actions/upload-artifact@v4
2026-02-02T18:04:11.7225450Z with:
2026-02-02T18:04:11.7225590Z   name: coverage-scout-macos-latest-py3.9
2026-02-02T18:04:11.7225790Z   path: ./scout/coverage.xml
2026-02-02T18:04:11.7225950Z   retention-days: 30
2026-02-02T18:04:11.7226100Z   if-no-files-found: warn
2026-02-02T18:04:11.7226260Z   compression-level: 6
2026-02-02T18:04:11.7226390Z   overwrite: false
2026-02-02T18:04:11.7226530Z   include-hidden-files: false
2026-02-02T18:04:11.7226680Z env:
2026-02-02T18:04:11.7226880Z   pythonLocation: /Users/runner/hostedtoolcache/Python/3.9.13/arm64
2026-02-02T18:04:11.7227270Z   PKG_CONFIG_PATH: /Users/runner/hostedtoolcache/Python/3.9.13/arm64/lib/pkgconfig
2026-02-02T18:04:11.7227640Z   Python_ROOT_DIR: /Users/runner/hostedtoolcache/Python/3.9.13/arm64
2026-02-02T18:04:11.7227980Z   Python2_ROOT_DIR: /Users/runner/hostedtoolcache/Python/3.9.13/arm64
2026-02-02T18:04:11.7228350Z   Python3_ROOT_DIR: /Users/runner/hostedtoolcache/Python/3.9.13/arm64
2026-02-02T18:04:11.7228600Z ##[endgroup]
2026-02-02T18:04:12.0697200Z With the provided path, there will be 1 file uploaded
2026-02-02T18:04:12.0710420Z Artifact name is valid!
2026-02-02T18:04:12.0712840Z Root directory input is valid!
2026-02-02T18:04:12.2907810Z Beginning upload of artifact content to blob storage
2026-02-02T18:04:12.4633780Z Uploaded bytes 3935
2026-02-02T18:04:12.5030110Z Finished uploading artifact content to blob storage!
2026-02-02T18:04:12.5031670Z SHA256 digest of uploaded artifact zip is 860c3b10c8168cde5d41f3d32a58fa78845e1865bddce8b74dc2e582cc7e93d1
2026-02-02T18:04:12.5032850Z Finalizing artifact upload
2026-02-02T18:04:12.6203650Z Artifact coverage-scout-macos-latest-py3.9.zip successfully finalized. Artifact ID 5347620313
2026-02-02T18:04:12.6205410Z Artifact coverage-scout-macos-latest-py3.9 has been successfully uploaded! Final size is 3935 bytes. Artifact ID is 5347620313
2026-02-02T18:04:12.6211050Z Artifact download URL: https://github.com/lmvcruz/argos/actions/runs/21601435348/artifacts/5347620313
2026-02-02T18:04:12.6326380Z Post job cleanup.
2026-02-02T18:04:12.7899910Z Post job cleanup.
2026-02-02T18:04:12.8883420Z [command]/opt/homebrew/bin/git version
2026-02-02T18:04:12.8986880Z git version 2.52.0
2026-02-02T18:04:12.9012800Z Copying '/Users/runner/.gitconfig' to '/Users/runner/work/_temp/f6ab6aa1-3748-4996-bd99-43a1597c13a7/.gitconfig'
2026-02-02T18:04:12.9028010Z Temporarily overriding HOME='/Users/runner/work/_temp/f6ab6aa1-3748-4996-bd99-43a1597c13a7' before making global git config changes
2026-02-02T18:04:12.9029600Z Adding repository directory to the temporary git global config as a safe directory
2026-02-02T18:04:12.9039400Z [command]/opt/homebrew/bin/git config --global --add safe.directory /Users/runner/work/argos/argos
2026-02-02T18:04:12.9148120Z [command]/opt/homebrew/bin/git config --local --name-only --get-regexp core\.sshCommand
2026-02-02T18:04:12.9219960Z [command]/opt/homebrew/bin/git submodule foreach --recursive sh -c "git config --local --name-only --get-regexp 'core\.sshCommand' && git config --local --unset-all 'core.sshCommand' || :"
2026-02-02T18:04:13.0158310Z [command]/opt/homebrew/bin/git config --local --name-only --get-regexp http\.https\:\/\/github\.com\/\.extraheader
2026-02-02T18:04:13.0202760Z http.https://github.com/.extraheader
2026-02-02T18:04:13.0210950Z [command]/opt/homebrew/bin/git config --local --unset-all http.https://github.com/.extraheader
2026-02-02T18:04:13.0261400Z [command]/opt/homebrew/bin/git submodule foreach --recursive sh -c "git config --local --name-only --get-regexp 'http\.https\:\/\/github\.com\/\.extraheader' && git config --local --unset-all 'http.https://github.com/.extraheader' || :"
2026-02-02T18:04:13.0845400Z [command]/opt/homebrew/bin/git config --local --name-only --get-regexp ^includeIf\.gitdir:
2026-02-02T18:04:13.0895590Z [command]/opt/homebrew/bin/git submodule foreach --recursive git config --local --show-origin --name-only --get-regexp remote.origin.url
2026-02-02T18:04:13.2259660Z Cleaning up orphan processes
