2026-02-02T18:02:56.5193570Z Current runner version: '2.331.0'
2026-02-02T18:02:56.5211600Z ##[group]Runner Image Provisioner
2026-02-02T18:02:56.5212090Z Hosted Compute Agent
2026-02-02T18:02:56.5212440Z Version: 20260123.484
2026-02-02T18:02:56.5212820Z Commit: 6bd6555ca37d84114959e1c76d2c01448ff61c5d
2026-02-02T18:02:56.5213250Z Build Date: 2026-01-23T19:41:17Z
2026-02-02T18:02:56.5213660Z Worker ID: {0a784cc4-560d-43a4-9d03-b94ec808ed93}
2026-02-02T18:02:56.5214080Z Azure Region: westus
2026-02-02T18:02:56.5214420Z ##[endgroup]
2026-02-02T18:02:56.5215240Z ##[group]Operating System
2026-02-02T18:02:56.5215590Z macOS
2026-02-02T18:02:56.5215900Z 15.7.3
2026-02-02T18:02:56.5216200Z 24G419
2026-02-02T18:02:56.5216500Z ##[endgroup]
2026-02-02T18:02:56.5216800Z ##[group]Runner Image
2026-02-02T18:02:56.5217120Z Image: macos-15-arm64
2026-02-02T18:02:56.5217440Z Version: 20260127.0129.1
2026-02-02T18:02:56.5218240Z Included Software: https://github.com/actions/runner-images/blob/macos-15-arm64/20260127.0129/images/macos/macos-15-arm64-Readme.md
2026-02-02T18:02:56.5219220Z Image Release: https://github.com/actions/runner-images/releases/tag/macos-15-arm64%2F20260127.0129
2026-02-02T18:02:56.5219840Z ##[endgroup]
2026-02-02T18:02:56.5220590Z ##[group]GITHUB_TOKEN Permissions
2026-02-02T18:02:56.5221750Z Contents: read
2026-02-02T18:02:56.5222050Z Metadata: read
2026-02-02T18:02:56.5222350Z Packages: read
2026-02-02T18:02:56.5222690Z ##[endgroup]
2026-02-02T18:02:56.5224180Z Secret source: Actions
2026-02-02T18:02:56.5224660Z Prepare workflow directory
2026-02-02T18:02:56.5664260Z Prepare all required actions
2026-02-02T18:02:56.5694480Z Getting action download info
2026-02-02T18:02:56.8743720Z Download action repository 'actions/checkout@v4' (SHA:34e114876b0b11c390a56381ad16ebd13914f8d5)
2026-02-02T18:02:57.4007940Z Download action repository 'actions/setup-python@v5' (SHA:a26af69be951a213d495a4c3e4e4022e16d87065)
2026-02-02T18:02:57.5330130Z Download action repository 'codecov/codecov-action@v4' (SHA:b9fd7d16f6d7d1b5d2bec1a2887e65ceed900238)
2026-02-02T18:02:58.9552170Z Download action repository 'actions/upload-artifact@v4' (SHA:ea165f8d65b6e75b540449e92b4886f43607fa02)
2026-02-02T18:02:59.3210700Z Complete job name: Test Python 3.8 on macos-latest
2026-02-02T18:02:59.3803330Z ##[group]Run actions/checkout@v4
2026-02-02T18:02:59.3803880Z with:
2026-02-02T18:02:59.3804160Z   repository: lmvcruz/argos
2026-02-02T18:02:59.3804740Z   token: ***
2026-02-02T18:02:59.3805000Z   ssh-strict: true
2026-02-02T18:02:59.3805270Z   ssh-user: git
2026-02-02T18:02:59.3805530Z   persist-credentials: true
2026-02-02T18:02:59.3805830Z   clean: true
2026-02-02T18:02:59.3806100Z   sparse-checkout-cone-mode: true
2026-02-02T18:02:59.3806430Z   fetch-depth: 1
2026-02-02T18:02:59.3806690Z   fetch-tags: false
2026-02-02T18:02:59.3806950Z   show-progress: true
2026-02-02T18:02:59.3807240Z   lfs: false
2026-02-02T18:02:59.3807490Z   submodules: false
2026-02-02T18:02:59.3807760Z   set-safe-directory: true
2026-02-02T18:02:59.3808190Z ##[endgroup]
2026-02-02T18:02:59.9060110Z Syncing repository: lmvcruz/argos
2026-02-02T18:02:59.9062090Z ##[group]Getting Git version info
2026-02-02T18:02:59.9062590Z Working directory is '/Users/runner/work/argos/argos'
2026-02-02T18:02:59.9063630Z [command]/opt/homebrew/bin/git version
2026-02-02T18:03:00.0021280Z git version 2.52.0
2026-02-02T18:03:00.0068620Z ##[endgroup]
2026-02-02T18:03:00.0099650Z Copying '/Users/runner/.gitconfig' to '/Users/runner/work/_temp/24b8d837-800f-40ba-93f2-49e7ad729d38/.gitconfig'
2026-02-02T18:03:00.0104110Z Temporarily overriding HOME='/Users/runner/work/_temp/24b8d837-800f-40ba-93f2-49e7ad729d38' before making global git config changes
2026-02-02T18:03:00.0107310Z Adding repository directory to the temporary git global config as a safe directory
2026-02-02T18:03:00.0110970Z [command]/opt/homebrew/bin/git config --global --add safe.directory /Users/runner/work/argos/argos
2026-02-02T18:03:00.0243660Z Deleting the contents of '/Users/runner/work/argos/argos'
2026-02-02T18:03:00.0249140Z ##[group]Initializing the repository
2026-02-02T18:03:00.0260290Z [command]/opt/homebrew/bin/git init /Users/runner/work/argos/argos
2026-02-02T18:03:00.1074630Z hint: Using 'master' as the name for the initial branch. This default branch name
2026-02-02T18:03:00.1079170Z hint: will change to "main" in Git 3.0. To configure the initial branch name
2026-02-02T18:03:00.1080280Z hint: to use in all of your new repositories, which will suppress this warning,
2026-02-02T18:03:00.1081090Z hint: call:
2026-02-02T18:03:00.1081630Z hint:
2026-02-02T18:03:00.1082660Z hint: 	git config --global init.defaultBranch <name>
2026-02-02T18:03:00.1132760Z hint:
2026-02-02T18:03:00.1133910Z hint: Names commonly chosen instead of 'master' are 'main', 'trunk' and
2026-02-02T18:03:00.1134960Z hint: 'development'. The just-created branch can be renamed via this command:
2026-02-02T18:03:00.1136620Z hint:
2026-02-02T18:03:00.1137210Z hint: 	git branch -m <name>
2026-02-02T18:03:00.1137870Z hint:
2026-02-02T18:03:00.1138550Z hint: Disable this message with "git config set advice.defaultBranchName false"
2026-02-02T18:03:00.1168710Z Initialized empty Git repository in /Users/runner/work/argos/argos/.git/
2026-02-02T18:03:00.1172120Z [command]/opt/homebrew/bin/git remote add origin https://github.com/lmvcruz/argos
2026-02-02T18:03:00.1268650Z ##[endgroup]
2026-02-02T18:03:00.1269640Z ##[group]Disabling automatic garbage collection
2026-02-02T18:03:00.1271630Z [command]/opt/homebrew/bin/git config --local gc.auto 0
2026-02-02T18:03:00.1495450Z ##[endgroup]
2026-02-02T18:03:00.1496710Z ##[group]Setting up auth
2026-02-02T18:03:00.1501570Z [command]/opt/homebrew/bin/git config --local --name-only --get-regexp core\.sshCommand
2026-02-02T18:03:00.1602530Z [command]/opt/homebrew/bin/git submodule foreach --recursive sh -c "git config --local --name-only --get-regexp 'core\.sshCommand' && git config --local --unset-all 'core.sshCommand' || :"
2026-02-02T18:03:00.3274820Z [command]/opt/homebrew/bin/git config --local --name-only --get-regexp http\.https\:\/\/github\.com\/\.extraheader
2026-02-02T18:03:00.3427730Z [command]/opt/homebrew/bin/git submodule foreach --recursive sh -c "git config --local --name-only --get-regexp 'http\.https\:\/\/github\.com\/\.extraheader' && git config --local --unset-all 'http.https://github.com/.extraheader' || :"
2026-02-02T18:03:00.5033590Z [command]/opt/homebrew/bin/git config --local --name-only --get-regexp ^includeIf\.gitdir:
2026-02-02T18:03:00.5358090Z [command]/opt/homebrew/bin/git submodule foreach --recursive git config --local --show-origin --name-only --get-regexp remote.origin.url
2026-02-02T18:03:00.6938580Z [command]/opt/homebrew/bin/git config --local http.https://github.com/.extraheader AUTHORIZATION: basic ***
2026-02-02T18:03:00.7021470Z ##[endgroup]
2026-02-02T18:03:00.7024260Z ##[group]Fetching the repository
2026-02-02T18:03:00.7028710Z [command]/opt/homebrew/bin/git -c protocol.version=2 fetch --no-tags --prune --no-recurse-submodules --depth=1 origin +5563a4bf4fc378de14842c14efad0d4117ca0a1e:refs/remotes/origin/main
2026-02-02T18:03:01.9615310Z From https://github.com/lmvcruz/argos
2026-02-02T18:03:01.9616720Z  * [new ref]         5563a4bf4fc378de14842c14efad0d4117ca0a1e -> origin/main
2026-02-02T18:03:02.0207350Z ##[endgroup]
2026-02-02T18:03:02.0208750Z ##[group]Determining the checkout info
2026-02-02T18:03:02.0209460Z ##[endgroup]
2026-02-02T18:03:02.0210080Z [command]/opt/homebrew/bin/git sparse-checkout disable
2026-02-02T18:03:02.0758330Z [command]/opt/homebrew/bin/git config --local --unset-all extensions.worktreeConfig
2026-02-02T18:03:02.0923730Z ##[group]Checking out the ref
2026-02-02T18:03:02.0936650Z [command]/opt/homebrew/bin/git checkout --progress --force -B main refs/remotes/origin/main
2026-02-02T18:03:02.9391260Z Switched to a new branch 'main'
2026-02-02T18:03:02.9393160Z branch 'main' set up to track 'origin/main'.
2026-02-02T18:03:02.9397340Z ##[endgroup]
2026-02-02T18:03:02.9544690Z [command]/opt/homebrew/bin/git log -1 --format=%H
2026-02-02T18:03:02.9613460Z 5563a4bf4fc378de14842c14efad0d4117ca0a1e
2026-02-02T18:03:02.9925610Z ##[group]Run actions/setup-python@v5
2026-02-02T18:03:02.9925980Z with:
2026-02-02T18:03:02.9926110Z   python-version: 3.8
2026-02-02T18:03:02.9926430Z   check-latest: false
2026-02-02T18:03:02.9926760Z   token: ***
2026-02-02T18:03:02.9926920Z   update-environment: true
2026-02-02T18:03:02.9927320Z   allow-prereleases: false
2026-02-02T18:03:02.9927480Z   freethreaded: false
2026-02-02T18:03:02.9927680Z ##[endgroup]
2026-02-02T18:03:03.2070070Z ##[group]Installed versions
2026-02-02T18:03:03.2162800Z Version 3.8 was not found in the local cache
2026-02-02T18:03:04.6198060Z Version 3.8 is available for downloading
2026-02-02T18:03:04.6198600Z Download from "https://github.com/actions/python-versions/releases/download/3.8.10-8879978422/python-3.8.10-darwin-arm64.tar.gz"
2026-02-02T18:03:05.4303890Z Extract downloaded archive
2026-02-02T18:03:05.4443250Z [command]/usr/bin/tar xz -C /Users/runner/work/_temp/7ac8c13d-057d-48a7-aeb2-d6030793335e -f /Users/runner/work/_temp/146c90b8-0003-4b9d-b998-7831b71e8130
2026-02-02T18:03:05.5209680Z Execute installation script
2026-02-02T18:03:05.5543780Z Check if Python hostedtoolcache folder exist...
2026-02-02T18:03:05.5627090Z Install Python binaries from prebuilt package
2026-02-02T18:03:54.0235070Z installer: Package name is Python
2026-02-02T18:03:54.0238630Z installer: Upgrading at base path /
2026-02-02T18:03:54.0239140Z installer: The upgrade was successful.
2026-02-02T18:03:54.0264260Z Create hostedtoolcach symlinks (Required for the backward compatibility)
2026-02-02T18:03:54.0267690Z Create Python 3.8.10 folder
2026-02-02T18:03:54.0570160Z Create additional symlinks (Required for the UsePythonVersion Azure Pipelines task and the setup-python GitHub Action)
2026-02-02T18:03:54.0846670Z Upgrading pip...
2026-02-02T18:03:55.3472090Z Looking in links: /var/folders/yz/zr09txvs5dn18vt4cn21kzl40000gn/T/tmprc09t_sj
2026-02-02T18:03:55.3489600Z Requirement already satisfied: setuptools in /Library/Frameworks/Python.framework/Versions/3.8/lib/python3.8/site-packages (56.0.0)
2026-02-02T18:03:55.3594710Z Requirement already satisfied: pip in /Library/Frameworks/Python.framework/Versions/3.8/lib/python3.8/site-packages (21.1.1)
2026-02-02T18:03:55.8534920Z Collecting pip
2026-02-02T18:03:55.8949900Z Downloading pip-25.0.1-py3-none-any.whl (1.8 MB)
2026-02-02T18:03:55.9731650Z Installing collected packages: pip
2026-02-02T18:03:56.8457820Z Successfully installed pip-25.0.1
2026-02-02T18:03:56.8899520Z Install OpenSSL certificates
2026-02-02T18:03:57.5646720Z Collecting certifi
2026-02-02T18:03:57.5682550Z Using cached certifi-2026.1.4-py3-none-any.whl.metadata (2.5 kB)
2026-02-02T18:03:57.5757520Z Using cached certifi-2026.1.4-py3-none-any.whl (152 kB)
2026-02-02T18:03:57.5843620Z Installing collected packages: certifi
2026-02-02T18:03:57.5925260Z Successfully installed certifi-2026.1.4
2026-02-02T18:03:57.6472770Z ##[error][notice] A new release of pip is available: 21.1.1 -> 25.0.1
[notice] To update, run: python3.8 -m pip install --upgrade pip
2026-02-02T18:03:57.6927530Z -- pip install --upgrade certifi
2026-02-02T18:03:57.6928510Z  -- removing any existing file or link
2026-02-02T18:03:57.6930210Z  -- creating symlink to certifi certificate bundle
2026-02-02T18:03:57.6931230Z  -- setting permissions
2026-02-02T18:03:57.6931970Z  -- update complete
2026-02-02T18:03:57.7001930Z Create complete file
2026-02-02T18:03:57.7167120Z Successfully set up CPython (3.8.10)
2026-02-02T18:03:57.7168960Z ##[endgroup]
2026-02-02T18:03:57.7392420Z ##[group]Run python -m pip install --upgrade pip
2026-02-02T18:03:57.7392840Z [36;1mpython -m pip install --upgrade pip[0m
2026-02-02T18:03:57.7393180Z [36;1mpip install -e ".[dev]"[0m
2026-02-02T18:03:57.7580870Z shell: /bin/bash -e {0}
2026-02-02T18:03:57.7581130Z env:
2026-02-02T18:03:57.7581420Z   pythonLocation: /Users/runner/hostedtoolcache/Python/3.8.10/arm64
2026-02-02T18:03:57.7581960Z   PKG_CONFIG_PATH: /Users/runner/hostedtoolcache/Python/3.8.10/arm64/lib/pkgconfig
2026-02-02T18:03:57.7582420Z   Python_ROOT_DIR: /Users/runner/hostedtoolcache/Python/3.8.10/arm64
2026-02-02T18:03:57.7587880Z   Python2_ROOT_DIR: /Users/runner/hostedtoolcache/Python/3.8.10/arm64
2026-02-02T18:03:57.7588280Z   Python3_ROOT_DIR: /Users/runner/hostedtoolcache/Python/3.8.10/arm64
2026-02-02T18:03:57.7588670Z ##[endgroup]
2026-02-02T18:03:58.1692050Z Requirement already satisfied: pip in /Library/Frameworks/Python.framework/Versions/3.8/lib/python3.8/site-packages (21.1.1)
2026-02-02T18:03:58.2469500Z Collecting pip
2026-02-02T18:03:58.2598350Z   Downloading pip-25.0.1-py3-none-any.whl.metadata (3.7 kB)
2026-02-02T18:03:58.2733490Z Downloading pip-25.0.1-py3-none-any.whl (1.8 MB)
2026-02-02T18:03:58.2942900Z    ━━━━━━━━━━━━━━━━━━━━━━━━━━━━━━━━━━━━━━━━ 1.8/1.8 MB 100.2 MB/s eta 0:00:00
2026-02-02T18:03:58.3066680Z Installing collected packages: pip
2026-02-02T18:03:58.3067890Z   Attempting uninstall: pip
2026-02-02T18:03:58.3069990Z     Found existing installation: pip 21.1.1
2026-02-02T18:03:58.3316520Z     Uninstalling pip-21.1.1:
2026-02-02T18:03:58.5457660Z       Successfully uninstalled pip-21.1.1
2026-02-02T18:03:59.4383450Z Successfully installed pip-25.0.1
2026-02-02T18:03:59.8668480Z Obtaining file:///Users/runner/work/argos/argos/scout
2026-02-02T18:03:59.8713540Z   Installing build dependencies: started
2026-02-02T18:04:01.9037470Z   Installing build dependencies: finished with status 'done'
2026-02-02T18:04:01.9059190Z   Checking if build backend supports build_editable: started
2026-02-02T18:04:02.0663150Z   Checking if build backend supports build_editable: finished with status 'done'
2026-02-02T18:04:02.0677140Z   Getting requirements to build editable: started
2026-02-02T18:04:02.4693670Z   Getting requirements to build editable: finished with status 'done'
2026-02-02T18:04:02.4720430Z   Preparing editable metadata (pyproject.toml): started
2026-02-02T18:04:02.7768200Z   Preparing editable metadata (pyproject.toml): finished with status 'done'
2026-02-02T18:04:02.8434920Z Collecting requests>=2.28.0 (from argos-scout==0.1.0)
2026-02-02T18:04:02.8630410Z   Downloading requests-2.32.4-py3-none-any.whl.metadata (4.9 kB)
2026-02-02T18:04:02.9771660Z Collecting pydantic>=2.0.0 (from argos-scout==0.1.0)
2026-02-02T18:04:02.9889010Z   Downloading pydantic-2.10.6-py3-none-any.whl.metadata (30 kB)
2026-02-02T18:04:03.0338670Z Collecting rich>=13.0.0 (from argos-scout==0.1.0)
2026-02-02T18:04:03.0422780Z   Downloading rich-14.3.2-py3-none-any.whl.metadata (18 kB)
2026-02-02T18:04:03.0634470Z Collecting python-dateutil>=2.8.0 (from argos-scout==0.1.0)
2026-02-02T18:04:03.0685050Z   Downloading python_dateutil-2.9.0.post0-py2.py3-none-any.whl.metadata (8.4 kB)
2026-02-02T18:04:03.2954030Z Collecting sqlalchemy>=2.0.0 (from argos-scout==0.1.0)
2026-02-02T18:04:03.3055770Z   Downloading sqlalchemy-2.0.46-cp38-cp38-macosx_11_0_arm64.whl.metadata (9.6 kB)
2026-02-02T18:04:03.3629130Z Collecting pytest>=7.0.0 (from argos-scout==0.1.0)
2026-02-02T18:04:03.3677790Z   Downloading pytest-8.3.5-py3-none-any.whl.metadata (7.6 kB)
2026-02-02T18:04:03.3894610Z Collecting pytest-cov>=4.0.0 (from argos-scout==0.1.0)
2026-02-02T18:04:03.4022880Z   Downloading pytest_cov-5.0.0-py3-none-any.whl.metadata (27 kB)
2026-02-02T18:04:03.4401410Z Collecting pytest-mock>=3.10.0 (from argos-scout==0.1.0)
2026-02-02T18:04:03.4508030Z   Downloading pytest_mock-3.14.1-py3-none-any.whl.metadata (3.9 kB)
2026-02-02T18:04:03.5381660Z Collecting black>=23.0.0 (from argos-scout==0.1.0)
2026-02-02T18:04:03.5531420Z   Downloading black-24.8.0-cp38-cp38-macosx_11_0_arm64.whl.metadata (78 kB)
2026-02-02T18:04:03.5813500Z Collecting flake8>=6.0.0 (from argos-scout==0.1.0)
2026-02-02T18:04:03.5867100Z   Downloading flake8-7.1.2-py2.py3-none-any.whl.metadata (3.8 kB)
2026-02-02T18:04:03.6145540Z Collecting isort>=5.12.0 (from argos-scout==0.1.0)
2026-02-02T18:04:03.6197640Z   Downloading isort-5.13.2-py3-none-any.whl.metadata (12 kB)
2026-02-02T18:04:03.6957350Z Collecting mypy>=1.0.0 (from argos-scout==0.1.0)
2026-02-02T18:04:03.7082910Z   Downloading mypy-1.14.1-cp38-cp38-macosx_11_0_arm64.whl.metadata (2.1 kB)
2026-02-02T18:04:03.7304110Z Collecting click>=8.0.0 (from black>=23.0.0->argos-scout==0.1.0)
2026-02-02T18:04:03.7429090Z   Downloading click-8.1.8-py3-none-any.whl.metadata (2.3 kB)
2026-02-02T18:04:03.7629410Z Collecting mypy-extensions>=0.4.3 (from black>=23.0.0->argos-scout==0.1.0)
2026-02-02T18:04:03.7692730Z   Downloading mypy_extensions-1.1.0-py3-none-any.whl.metadata (1.1 kB)
2026-02-02T18:04:03.7858070Z Collecting packaging>=22.0 (from black>=23.0.0->argos-scout==0.1.0)
2026-02-02T18:04:03.7881710Z   Using cached packaging-26.0-py3-none-any.whl.metadata (3.3 kB)
2026-02-02T18:04:03.8025750Z Collecting pathspec>=0.9.0 (from black>=23.0.0->argos-scout==0.1.0)
2026-02-02T18:04:03.8092600Z   Downloading pathspec-0.12.1-py3-none-any.whl.metadata (21 kB)
2026-02-02T18:04:03.8355310Z Collecting platformdirs>=2 (from black>=23.0.0->argos-scout==0.1.0)
2026-02-02T18:04:03.8410990Z   Downloading platformdirs-4.3.6-py3-none-any.whl.metadata (11 kB)
2026-02-02T18:04:03.8587920Z Collecting tomli>=1.1.0 (from black>=23.0.0->argos-scout==0.1.0)
2026-02-02T18:04:03.8612180Z   Using cached tomli-2.4.0-py3-none-any.whl.metadata (10 kB)
2026-02-02T18:04:03.8776990Z Collecting typing-extensions>=4.0.1 (from black>=23.0.0->argos-scout==0.1.0)
2026-02-02T18:04:03.8848650Z   Using cached typing_extensions-4.13.2-py3-none-any.whl.metadata (3.0 kB)
2026-02-02T18:04:03.9011860Z Collecting mccabe<0.8.0,>=0.7.0 (from flake8>=6.0.0->argos-scout==0.1.0)
2026-02-02T18:04:03.9059550Z   Downloading mccabe-0.7.0-py2.py3-none-any.whl.metadata (5.0 kB)
2026-02-02T18:04:03.9220930Z Collecting pycodestyle<2.13.0,>=2.12.0 (from flake8>=6.0.0->argos-scout==0.1.0)
2026-02-02T18:04:03.9277920Z   Downloading pycodestyle-2.12.1-py2.py3-none-any.whl.metadata (4.5 kB)
2026-02-02T18:04:03.9547840Z Collecting pyflakes<3.3.0,>=3.2.0 (from flake8>=6.0.0->argos-scout==0.1.0)
2026-02-02T18:04:03.9601570Z   Downloading pyflakes-3.2.0-py2.py3-none-any.whl.metadata (3.5 kB)
2026-02-02T18:04:03.9780280Z Collecting annotated-types>=0.6.0 (from pydantic>=2.0.0->argos-scout==0.1.0)
2026-02-02T18:04:03.9832690Z   Downloading annotated_types-0.7.0-py3-none-any.whl.metadata (15 kB)
2026-02-02T18:04:04.5500110Z Collecting pydantic-core==2.27.2 (from pydantic>=2.0.0->argos-scout==0.1.0)
2026-02-02T18:04:04.5570710Z   Downloading pydantic_core-2.27.2-cp38-cp38-macosx_11_0_arm64.whl.metadata (6.6 kB)
2026-02-02T18:04:04.5939600Z Collecting exceptiongroup>=1.0.0rc8 (from pytest>=7.0.0->argos-scout==0.1.0)
2026-02-02T18:04:04.6005080Z   Downloading exceptiongroup-1.3.1-py3-none-any.whl.metadata (6.7 kB)
2026-02-02T18:04:04.6276770Z Collecting iniconfig (from pytest>=7.0.0->argos-scout==0.1.0)
2026-02-02T18:04:04.6368400Z   Downloading iniconfig-2.1.0-py3-none-any.whl.metadata (2.7 kB)
2026-02-02T18:04:04.6929660Z Collecting pluggy<2,>=1.5 (from pytest>=7.0.0->argos-scout==0.1.0)
2026-02-02T18:04:04.7005040Z   Downloading pluggy-1.5.0-py3-none-any.whl.metadata (4.8 kB)
2026-02-02T18:04:05.0105580Z Collecting coverage>=5.2.1 (from coverage[toml]>=5.2.1->pytest-cov>=4.0.0->argos-scout==0.1.0)
2026-02-02T18:04:05.0173490Z   Downloading coverage-7.6.1-cp38-cp38-macosx_11_0_arm64.whl.metadata (8.3 kB)
2026-02-02T18:04:05.0445700Z Collecting six>=1.5 (from python-dateutil>=2.8.0->argos-scout==0.1.0)
2026-02-02T18:04:05.0490030Z   Downloading six-1.17.0-py2.py3-none-any.whl.metadata (1.7 kB)
2026-02-02T18:04:05.1204210Z Collecting charset_normalizer<4,>=2 (from requests>=2.28.0->argos-scout==0.1.0)
2026-02-02T18:04:05.1275530Z   Downloading charset_normalizer-3.4.4-cp38-cp38-macosx_10_9_universal2.whl.metadata (37 kB)
2026-02-02T18:04:05.1912130Z Collecting idna<4,>=2.5 (from requests>=2.28.0->argos-scout==0.1.0)
2026-02-02T18:04:05.1988560Z   Downloading idna-3.11-py3-none-any.whl.metadata (8.4 kB)
2026-02-02T18:04:05.2419180Z Collecting urllib3<3,>=1.21.1 (from requests>=2.28.0->argos-scout==0.1.0)
2026-02-02T18:04:05.2469250Z   Downloading urllib3-2.2.3-py3-none-any.whl.metadata (6.5 kB)
2026-02-02T18:04:05.2526020Z Requirement already satisfied: certifi>=2017.4.17 in /Library/Frameworks/Python.framework/Versions/3.8/lib/python3.8/site-packages (from requests>=2.28.0->argos-scout==0.1.0) (2026.1.4)
2026-02-02T18:04:05.2661890Z Collecting markdown-it-py>=2.2.0 (from rich>=13.0.0->argos-scout==0.1.0)
2026-02-02T18:04:05.2729330Z   Downloading markdown_it_py-3.0.0-py3-none-any.whl.metadata (6.9 kB)
2026-02-02T18:04:05.2961160Z Collecting pygments<3.0.0,>=2.13.0 (from rich>=13.0.0->argos-scout==0.1.0)
2026-02-02T18:04:05.3027180Z   Downloading pygments-2.19.2-py3-none-any.whl.metadata (2.5 kB)
2026-02-02T18:04:05.3395470Z Collecting mdurl~=0.1 (from markdown-it-py>=2.2.0->rich>=13.0.0->argos-scout==0.1.0)
2026-02-02T18:04:05.3483440Z   Downloading mdurl-0.1.2-py3-none-any.whl.metadata (1.6 kB)
2026-02-02T18:04:05.3762560Z Downloading black-24.8.0-cp38-cp38-macosx_11_0_arm64.whl (1.4 MB)
2026-02-02T18:04:05.4049840Z    ━━━━━━━━━━━━━━━━━━━━━━━━━━━━━━━━━━━━━━━━ 1.4/1.4 MB 54.4 MB/s eta 0:00:00
2026-02-02T18:04:05.4120090Z Downloading flake8-7.1.2-py2.py3-none-any.whl (57 kB)
2026-02-02T18:04:05.4275210Z Downloading isort-5.13.2-py3-none-any.whl (92 kB)
2026-02-02T18:04:05.4501860Z Downloading mypy-1.14.1-cp38-cp38-macosx_11_0_arm64.whl (10.3 MB)
2026-02-02T18:04:05.5710880Z    ━━━━━━━━━━━━━━━━━━━━━━━━━━━━━━━━━━━━━━━━ 10.3/10.3 MB 86.6 MB/s eta 0:00:00
2026-02-02T18:04:05.5786280Z Downloading pydantic-2.10.6-py3-none-any.whl (431 kB)
2026-02-02T18:04:05.5960570Z Downloading pydantic_core-2.27.2-cp38-cp38-macosx_11_0_arm64.whl (1.8 MB)
2026-02-02T18:04:05.6143770Z    ━━━━━━━━━━━━━━━━━━━━━━━━━━━━━━━━━━━━━━━━ 1.8/1.8 MB 95.5 MB/s eta 0:00:00
2026-02-02T18:04:05.6205940Z Downloading pytest-8.3.5-py3-none-any.whl (343 kB)
2026-02-02T18:04:05.6368700Z Downloading pytest_cov-5.0.0-py3-none-any.whl (21 kB)
2026-02-02T18:04:05.6474270Z Downloading pytest_mock-3.14.1-py3-none-any.whl (9.9 kB)
2026-02-02T18:04:05.6576530Z Downloading python_dateutil-2.9.0.post0-py2.py3-none-any.whl (229 kB)
2026-02-02T18:04:05.6684160Z Downloading requests-2.32.4-py3-none-any.whl (64 kB)
2026-02-02T18:04:05.6798120Z Downloading rich-14.3.2-py3-none-any.whl (309 kB)
2026-02-02T18:04:05.6923430Z Downloading sqlalchemy-2.0.46-cp38-cp38-macosx_11_0_arm64.whl (2.2 MB)
2026-02-02T18:04:05.7218190Z    ━━━━━━━━━━━━━━━━━━━━━━━━━━━━━━━━━━━━━━━━ 2.2/2.2 MB 70.3 MB/s eta 0:00:00
2026-02-02T18:04:05.7286300Z Downloading annotated_types-0.7.0-py3-none-any.whl (13 kB)
2026-02-02T18:04:05.7444460Z Downloading charset_normalizer-3.4.4-cp38-cp38-macosx_10_9_universal2.whl (198 kB)
2026-02-02T18:04:05.7601530Z Downloading click-8.1.8-py3-none-any.whl (98 kB)
2026-02-02T18:04:05.7730010Z Downloading coverage-7.6.1-cp38-cp38-macosx_11_0_arm64.whl (207 kB)
2026-02-02T18:04:05.7873380Z Downloading exceptiongroup-1.3.1-py3-none-any.whl (16 kB)
2026-02-02T18:04:05.8009560Z Downloading idna-3.11-py3-none-any.whl (71 kB)
2026-02-02T18:04:05.8111320Z Downloading markdown_it_py-3.0.0-py3-none-any.whl (87 kB)
2026-02-02T18:04:05.8199620Z Downloading mccabe-0.7.0-py2.py3-none-any.whl (7.3 kB)
2026-02-02T18:04:05.8278950Z Downloading mypy_extensions-1.1.0-py3-none-any.whl (5.0 kB)
2026-02-02T18:04:05.8334310Z Using cached packaging-26.0-py3-none-any.whl (74 kB)
2026-02-02T18:04:05.8405090Z Downloading pathspec-0.12.1-py3-none-any.whl (31 kB)
2026-02-02T18:04:05.8514840Z Downloading platformdirs-4.3.6-py3-none-any.whl (18 kB)
2026-02-02T18:04:05.8652490Z Downloading pluggy-1.5.0-py3-none-any.whl (20 kB)
2026-02-02T18:04:05.8740660Z Downloading pycodestyle-2.12.1-py2.py3-none-any.whl (31 kB)
2026-02-02T18:04:05.8824990Z Downloading pyflakes-3.2.0-py2.py3-none-any.whl (62 kB)
2026-02-02T18:04:05.8934480Z Downloading pygments-2.19.2-py3-none-any.whl (1.2 MB)
2026-02-02T18:04:05.9053990Z    ━━━━━━━━━━━━━━━━━━━━━━━━━━━━━━━━━━━━━━━━ 1.2/1.2 MB 102.4 MB/s eta 0:00:00
2026-02-02T18:04:05.9117510Z Downloading six-1.17.0-py2.py3-none-any.whl (11 kB)
2026-02-02T18:04:05.9187920Z Using cached tomli-2.4.0-py3-none-any.whl (14 kB)
2026-02-02T18:04:05.9218460Z Using cached typing_extensions-4.13.2-py3-none-any.whl (45 kB)
2026-02-02T18:04:05.9268290Z Downloading urllib3-2.2.3-py3-none-any.whl (126 kB)
2026-02-02T18:04:05.9351400Z Downloading iniconfig-2.1.0-py3-none-any.whl (6.0 kB)
2026-02-02T18:04:05.9445450Z Downloading mdurl-0.1.2-py3-none-any.whl (10.0 kB)
2026-02-02T18:04:05.9927920Z Building wheels for collected packages: argos-scout
2026-02-02T18:04:05.9936470Z   Building editable for argos-scout (pyproject.toml): started
2026-02-02T18:04:06.3361100Z   Building editable for argos-scout (pyproject.toml): finished with status 'done'
2026-02-02T18:04:06.3370690Z   Created wheel for argos-scout: filename=argos_scout-0.1.0-0.editable-py3-none-any.whl size=4024 sha256=2464d4bfd6b1fa36ec92d78e71fe1160e120452f84407170b8afbfa4f053761d
2026-02-02T18:04:06.3373610Z   Stored in directory: /private/var/folders/yz/zr09txvs5dn18vt4cn21kzl40000gn/T/pip-ephem-wheel-cache-trnwk9t4/wheels/9c/ae/94/c9e3193fadf3257b390167740c117015241d6f23f5be2e25e3
2026-02-02T18:04:06.3388470Z Successfully built argos-scout
2026-02-02T18:04:06.4098680Z Installing collected packages: urllib3, typing-extensions, tomli, six, pygments, pyflakes, pycodestyle, pluggy, platformdirs, pathspec, packaging, mypy-extensions, mdurl, mccabe, isort, iniconfig, idna, coverage, click, charset_normalizer, sqlalchemy, requests, python-dateutil, pydantic-core, mypy, markdown-it-py, flake8, exceptiongroup, black, annotated-types, rich, pytest, pydantic, pytest-mock, pytest-cov, argos-scout
2026-02-02T18:04:09.8837110Z Successfully installed annotated-types-0.7.0 argos-scout-0.1.0 black-24.8.0 charset_normalizer-3.4.4 click-8.1.8 coverage-7.6.1 exceptiongroup-1.3.1 flake8-7.1.2 idna-3.11 iniconfig-2.1.0 isort-5.13.2 markdown-it-py-3.0.0 mccabe-0.7.0 mdurl-0.1.2 mypy-1.14.1 mypy-extensions-1.1.0 packaging-26.0 pathspec-0.12.1 platformdirs-4.3.6 pluggy-1.5.0 pycodestyle-2.12.1 pydantic-2.10.6 pydantic-core-2.27.2 pyflakes-3.2.0 pygments-2.19.2 pytest-8.3.5 pytest-cov-5.0.0 pytest-mock-3.14.1 python-dateutil-2.9.0.post0 requests-2.32.4 rich-14.3.2 six-1.17.0 sqlalchemy-2.0.46 tomli-2.4.0 typing-extensions-4.13.2 urllib3-2.2.3
2026-02-02T18:04:10.1637340Z ##[group]Run pytest tests/ -v --cov=scout --cov-report=xml --cov-report=term-missing
2026-02-02T18:04:10.1637990Z [36;1mpytest tests/ -v --cov=scout --cov-report=xml --cov-report=term-missing[0m
2026-02-02T18:04:10.1682350Z shell: /bin/bash -e {0}
2026-02-02T18:04:10.1682570Z env:
2026-02-02T18:04:10.1683070Z   pythonLocation: /Users/runner/hostedtoolcache/Python/3.8.10/arm64
2026-02-02T18:04:10.1683560Z   PKG_CONFIG_PATH: /Users/runner/hostedtoolcache/Python/3.8.10/arm64/lib/pkgconfig
2026-02-02T18:04:10.1684020Z   Python_ROOT_DIR: /Users/runner/hostedtoolcache/Python/3.8.10/arm64
2026-02-02T18:04:10.1684490Z   Python2_ROOT_DIR: /Users/runner/hostedtoolcache/Python/3.8.10/arm64
2026-02-02T18:04:10.1684890Z   Python3_ROOT_DIR: /Users/runner/hostedtoolcache/Python/3.8.10/arm64
2026-02-02T18:04:10.1685210Z ##[endgroup]
2026-02-02T18:04:10.4921570Z ============================= test session starts ==============================
2026-02-02T18:04:10.4923280Z platform darwin -- Python 3.8.10, pytest-8.3.5, pluggy-1.5.0 -- /Library/Frameworks/Python.framework/Versions/3.8/bin/python
2026-02-02T18:04:10.4924560Z cachedir: .pytest_cache
2026-02-02T18:04:10.4925120Z rootdir: /Users/runner/work/argos/argos/scout
2026-02-02T18:04:10.4925890Z configfile: pyproject.toml
2026-02-02T18:04:10.4926480Z plugins: cov-5.0.0, mock-3.14.1
2026-02-02T18:04:12.3395080Z collecting ... collected 205 items / 1 error
2026-02-02T18:04:12.3482120Z 
2026-02-02T18:04:12.3648080Z ==================================== ERRORS ====================================
2026-02-02T18:04:12.3756710Z ______________________ ERROR collecting tests/test_cli.py ______________________
2026-02-02T18:04:12.3859270Z tests/test_cli.py:14: in <module>
2026-02-02T18:04:12.3980070Z     from scout.cli import create_parser, main
2026-02-02T18:04:12.4152760Z scout/cli.py:220: in <module>
2026-02-02T18:04:12.4254710Z     def get_github_credentials(args) -> tuple[str, str, Optional[str]]:
2026-02-02T18:04:12.4255590Z E   TypeError: 'type' object is not subscriptable
2026-02-02T18:04:12.4392110Z 
2026-02-02T18:04:12.4493600Z ---------- coverage: platform darwin, python 3.8.10-final-0 ----------
2026-02-02T18:04:12.4684950Z Name                                Stmts   Miss  Cover   Missing
2026-02-02T18:04:12.4833330Z -----------------------------------------------------------------
2026-02-02T18:04:12.4946120Z scout/__init__.py                       2      0   100%
2026-02-02T18:04:12.5047940Z scout/analysis.py                     153    115    25%   139-167, 185-203, 219-247, 268-351, 366-400, 421-499
2026-02-02T18:04:12.5049200Z scout/ci/__init__.py                    2      0   100%
2026-02-02T18:04:12.5150960Z scout/ci/github_actions_client.py      84     68    19%   49-50, 76-127, 145-198, 215-218, 235-238, 255-263, 280-289, 319-327, 350-354
2026-02-02T18:04:12.5253530Z scout/failure_parser.py               314    253    19%   35-37, 102-131, 136-150, 161-171, 176-188, 192-222, 226-239, 243-271, 283-326, 347-372, 379-407, 419-447, 452-468, 489-544, 556-598, 610-639, 654, 673-688, 701-704, 708, 721-732
2026-02-02T18:04:12.5364110Z scout/log_retrieval.py                146    110    25%   76, 97-115, 136-154, 171-172, 185, 198, 211-212, 235-255, 274-313, 340-357, 373-378, 404-439, 458-469
2026-02-02T18:04:12.5467650Z scout/parsers/__init__.py               2      0   100%
2026-02-02T18:04:12.5510450Z scout/parsers/ci_log_parser.py         96     86    10%   48-84, 97-147, 158-170, 195-243, 268-289, 317-386
2026-02-02T18:04:12.5606250Z scout/providers/__init__.py             3      0   100%
2026-02-02T18:04:12.5607020Z scout/providers/base.py                30      0   100%
2026-02-02T18:04:12.5621030Z scout/providers/github_actions.py      72     57    21%   52-54, 63-68, 81, 99-128, 145-152, 179-203, 220-255
2026-02-02T18:04:12.5631470Z scout/reporting.py                    265    218    18%   42-48, 60, 72, 85-87, 114-120, 130-141, 154-156, 168-203, 215-240, 252-278, 290-328, 342, 351, 465-503, 515-538, 550-553, 572-597, 615-618, 636, 648-675, 687-697, 718-746, 756-759, 780-813, 825-842, 852-855
2026-02-02T18:04:12.5633000Z scout/storage/__init__.py               3      0   100%
2026-02-02T18:04:12.5638280Z scout/storage/database.py              45     28    38%   49-58, 71-73, 83-90, 109-111, 120-127, 131-134, 138, 142
2026-02-02T18:04:12.5639010Z scout/storage/schema.py                69      0   100%
2026-02-02T18:04:12.5640290Z -----------------------------------------------------------------
2026-02-02T18:04:12.5640790Z TOTAL                                1286    935    27%
2026-02-02T18:04:12.5743420Z Coverage HTML written to dir htmlcov
2026-02-02T18:04:12.5846220Z Coverage XML written to file coverage.xml
2026-02-02T18:04:12.5940170Z 
2026-02-02T18:04:12.5967490Z FAIL Required test coverage of 90% not reached. Total coverage: 27.29%
2026-02-02T18:04:12.5968650Z =========================== short test summary info ============================
2026-02-02T18:04:12.5969140Z ERROR tests/test_cli.py - TypeError: 'type' object is not subscriptable
2026-02-02T18:04:12.5969670Z !!!!!!!!!!!!!!!!!!!! Interrupted: 1 error during collection !!!!!!!!!!!!!!!!!!!!
2026-02-02T18:04:12.5970050Z =============================== 1 error in 1.85s ===============================
2026-02-02T18:04:12.5974390Z ##[error]Process completed with exit code 2.
2026-02-02T18:04:12.6575730Z ##[group]Run actions/upload-artifact@v4
2026-02-02T18:04:12.6576060Z with:
2026-02-02T18:04:12.6576340Z   name: coverage-scout-macos-latest-py3.8
2026-02-02T18:04:12.6576640Z   path: ./scout/coverage.xml
2026-02-02T18:04:12.6576880Z   retention-days: 30
2026-02-02T18:04:12.6577270Z   if-no-files-found: warn
2026-02-02T18:04:12.6577580Z   compression-level: 6
2026-02-02T18:04:12.6577820Z   overwrite: false
2026-02-02T18:04:12.6578040Z   include-hidden-files: false
2026-02-02T18:04:12.6578330Z env:
2026-02-02T18:04:12.6578600Z   pythonLocation: /Users/runner/hostedtoolcache/Python/3.8.10/arm64
2026-02-02T18:04:12.6579070Z   PKG_CONFIG_PATH: /Users/runner/hostedtoolcache/Python/3.8.10/arm64/lib/pkgconfig
2026-02-02T18:04:12.6579960Z   Python_ROOT_DIR: /Users/runner/hostedtoolcache/Python/3.8.10/arm64
2026-02-02T18:04:12.6580390Z   Python2_ROOT_DIR: /Users/runner/hostedtoolcache/Python/3.8.10/arm64
2026-02-02T18:04:12.6580910Z   Python3_ROOT_DIR: /Users/runner/hostedtoolcache/Python/3.8.10/arm64
2026-02-02T18:04:12.6581240Z ##[endgroup]
2026-02-02T18:04:13.1222030Z With the provided path, there will be 1 file uploaded
2026-02-02T18:04:13.1222770Z Artifact name is valid!
2026-02-02T18:04:13.1223060Z Root directory input is valid!
2026-02-02T18:04:13.2583370Z Beginning upload of artifact content to blob storage
2026-02-02T18:04:13.3874690Z Uploaded bytes 4047
2026-02-02T18:04:13.4342930Z Finished uploading artifact content to blob storage!
2026-02-02T18:04:13.4407650Z SHA256 digest of uploaded artifact zip is 4fe543444853ac63b2a65f72ce046cb9d948fb4fae1ed59021604f951b1b1fb7
2026-02-02T18:04:13.4508520Z Finalizing artifact upload
2026-02-02T18:04:13.5609950Z Artifact coverage-scout-macos-latest-py3.8.zip successfully finalized. Artifact ID 5347620550
2026-02-02T18:04:13.5690220Z Artifact coverage-scout-macos-latest-py3.8 has been successfully uploaded! Final size is 4047 bytes. Artifact ID is 5347620550
2026-02-02T18:04:13.5716530Z Artifact download URL: https://github.com/lmvcruz/argos/actions/runs/21601435348/artifacts/5347620550
2026-02-02T18:04:13.6477330Z Post job cleanup.
2026-02-02T18:04:14.5799160Z [command]/opt/homebrew/bin/git version
2026-02-02T18:04:14.6477940Z git version 2.52.0
2026-02-02T18:04:14.6549830Z Copying '/Users/runner/.gitconfig' to '/Users/runner/work/_temp/ce0559e9-91df-459c-8f1d-9f0f2c3f39ef/.gitconfig'
2026-02-02T18:04:14.6605290Z Temporarily overriding HOME='/Users/runner/work/_temp/ce0559e9-91df-459c-8f1d-9f0f2c3f39ef' before making global git config changes
2026-02-02T18:04:14.6615410Z Adding repository directory to the temporary git global config as a safe directory
2026-02-02T18:04:14.6617460Z [command]/opt/homebrew/bin/git config --global --add safe.directory /Users/runner/work/argos/argos
2026-02-02T18:04:14.7557610Z [command]/opt/homebrew/bin/git config --local --name-only --get-regexp core\.sshCommand
2026-02-02T18:04:14.7709040Z [command]/opt/homebrew/bin/git submodule foreach --recursive sh -c "git config --local --name-only --get-regexp 'core\.sshCommand' && git config --local --unset-all 'core.sshCommand' || :"
2026-02-02T18:04:15.1752280Z [command]/opt/homebrew/bin/git config --local --name-only --get-regexp http\.https\:\/\/github\.com\/\.extraheader
2026-02-02T18:04:15.1858590Z http.https://github.com/.extraheader
2026-02-02T18:04:15.1911640Z [command]/opt/homebrew/bin/git config --local --unset-all http.https://github.com/.extraheader
2026-02-02T18:04:15.2035620Z [command]/opt/homebrew/bin/git submodule foreach --recursive sh -c "git config --local --name-only --get-regexp 'http\.https\:\/\/github\.com\/\.extraheader' && git config --local --unset-all 'http.https://github.com/.extraheader' || :"
2026-02-02T18:04:15.3712520Z [command]/opt/homebrew/bin/git config --local --name-only --get-regexp ^includeIf\.gitdir:
2026-02-02T18:04:15.4042690Z [command]/opt/homebrew/bin/git submodule foreach --recursive git config --local --show-origin --name-only --get-regexp remote.origin.url
2026-02-02T18:04:15.5947260Z Cleaning up orphan processes
