2026-02-02T18:01:22.9419660Z Current runner version: '2.331.0'
2026-02-02T18:01:22.9454000Z ##[group]Runner Image Provisioner
2026-02-02T18:01:22.9454690Z Hosted Compute Agent
2026-02-02T18:01:22.9456480Z Version: 20260123.484
2026-02-02T18:01:22.9457050Z Commit: 6bd6555ca37d84114959e1c76d2c01448ff61c5d
2026-02-02T18:01:22.9457500Z Build Date: 2026-01-23T19:41:17Z
2026-02-02T18:01:22.9457920Z Worker ID: {19c8bab4-14b7-4bf0-b425-cc9655119e5c}
2026-02-02T18:01:22.9458360Z Azure Region: westus
2026-02-02T18:01:22.9458710Z ##[endgroup]
2026-02-02T18:01:22.9460670Z ##[group]Operating System
2026-02-02T18:01:22.9461040Z macOS
2026-02-02T18:01:22.9462060Z 15.7.3
2026-02-02T18:01:22.9462350Z 24G419
2026-02-02T18:01:22.9463420Z ##[endgroup]
2026-02-02T18:01:22.9463750Z ##[group]Runner Image
2026-02-02T18:01:22.9464080Z Image: macos-15-arm64
2026-02-02T18:01:22.9465200Z Version: 20260127.0129.1
2026-02-02T18:01:22.9466250Z Included Software: https://github.com/actions/runner-images/blob/macos-15-arm64/20260127.0129/images/macos/macos-15-arm64-Readme.md
2026-02-02T18:01:22.9468210Z Image Release: https://github.com/actions/runner-images/releases/tag/macos-15-arm64%2F20260127.0129
2026-02-02T18:01:22.9469770Z ##[endgroup]
2026-02-02T18:01:22.9470860Z ##[group]GITHUB_TOKEN Permissions
2026-02-02T18:01:22.9476430Z Contents: read
2026-02-02T18:01:22.9476770Z Metadata: read
2026-02-02T18:01:22.9477080Z Packages: read
2026-02-02T18:01:22.9477380Z ##[endgroup]
2026-02-02T18:01:22.9479670Z Secret source: Actions
2026-02-02T18:01:22.9480220Z Prepare workflow directory
2026-02-02T18:01:23.0019280Z Prepare all required actions
2026-02-02T18:01:23.0060120Z Getting action download info
2026-02-02T18:01:23.4725210Z Download action repository 'actions/checkout@v4' (SHA:34e114876b0b11c390a56381ad16ebd13914f8d5)
2026-02-02T18:01:23.8870460Z Download action repository 'actions/setup-python@v5' (SHA:a26af69be951a213d495a4c3e4e4022e16d87065)
2026-02-02T18:01:24.0202450Z Download action repository 'codecov/codecov-action@v4' (SHA:b9fd7d16f6d7d1b5d2bec1a2887e65ceed900238)
2026-02-02T18:01:25.7849440Z Download action repository 'actions/upload-artifact@v4' (SHA:ea165f8d65b6e75b540449e92b4886f43607fa02)
2026-02-02T18:01:26.1712600Z Complete job name: Test Python 3.10 on macos-latest
2026-02-02T18:01:26.2371650Z ##[group]Run actions/checkout@v4
2026-02-02T18:01:26.2373630Z with:
2026-02-02T18:01:26.2373970Z   repository: lmvcruz/argos
2026-02-02T18:01:26.2374670Z   token: ***
2026-02-02T18:01:26.2374940Z   ssh-strict: true
2026-02-02T18:01:26.2375230Z   ssh-user: git
2026-02-02T18:01:26.2375530Z   persist-credentials: true
2026-02-02T18:01:26.2376140Z   clean: true
2026-02-02T18:01:26.2376500Z   sparse-checkout-cone-mode: true
2026-02-02T18:01:26.2376910Z   fetch-depth: 1
2026-02-02T18:01:26.2377220Z   fetch-tags: false
2026-02-02T18:01:26.2377540Z   show-progress: true
2026-02-02T18:01:26.2377850Z   lfs: false
2026-02-02T18:01:26.2378110Z   submodules: false
2026-02-02T18:01:26.2378430Z   set-safe-directory: true
2026-02-02T18:01:26.2379020Z ##[endgroup]
2026-02-02T18:01:26.7623330Z Syncing repository: lmvcruz/argos
2026-02-02T18:01:26.7625440Z ##[group]Getting Git version info
2026-02-02T18:01:26.7625760Z Working directory is '/Users/runner/work/argos/argos'
2026-02-02T18:01:26.7670590Z [command]/opt/homebrew/bin/git version
2026-02-02T18:01:26.8620140Z git version 2.52.0
2026-02-02T18:01:26.8672930Z ##[endgroup]
2026-02-02T18:01:26.8693110Z Copying '/Users/runner/.gitconfig' to '/Users/runner/work/_temp/62f88934-2177-49ea-9473-cd147762f149/.gitconfig'
2026-02-02T18:01:26.8696110Z Temporarily overriding HOME='/Users/runner/work/_temp/62f88934-2177-49ea-9473-cd147762f149' before making global git config changes
2026-02-02T18:01:26.8710280Z Adding repository directory to the temporary git global config as a safe directory
2026-02-02T18:01:26.8719140Z [command]/opt/homebrew/bin/git config --global --add safe.directory /Users/runner/work/argos/argos
2026-02-02T18:01:26.8986460Z Deleting the contents of '/Users/runner/work/argos/argos'
2026-02-02T18:01:26.8992620Z ##[group]Initializing the repository
2026-02-02T18:01:26.8998600Z [command]/opt/homebrew/bin/git init /Users/runner/work/argos/argos
2026-02-02T18:01:26.9234610Z hint: Using 'master' as the name for the initial branch. This default branch name
2026-02-02T18:01:26.9239200Z hint: will change to "main" in Git 3.0. To configure the initial branch name
2026-02-02T18:01:26.9240900Z hint: to use in all of your new repositories, which will suppress this warning,
2026-02-02T18:01:26.9241960Z hint: call:
2026-02-02T18:01:26.9242580Z hint:
2026-02-02T18:01:26.9243150Z hint: 	git config --global init.defaultBranch <name>
2026-02-02T18:01:26.9243840Z hint:
2026-02-02T18:01:26.9245000Z hint: Names commonly chosen instead of 'master' are 'main', 'trunk' and
2026-02-02T18:01:26.9246380Z hint: 'development'. The just-created branch can be renamed via this command:
2026-02-02T18:01:26.9247370Z hint:
2026-02-02T18:01:26.9248670Z hint: 	git branch -m <name>
2026-02-02T18:01:26.9249220Z hint:
2026-02-02T18:01:26.9249940Z hint: Disable this message with "git config set advice.defaultBranchName false"
2026-02-02T18:01:26.9251340Z Initialized empty Git repository in /Users/runner/work/argos/argos/.git/
2026-02-02T18:01:26.9257360Z [command]/opt/homebrew/bin/git remote add origin https://github.com/lmvcruz/argos
2026-02-02T18:01:26.9395900Z ##[endgroup]
2026-02-02T18:01:26.9397040Z ##[group]Disabling automatic garbage collection
2026-02-02T18:01:26.9398200Z [command]/opt/homebrew/bin/git config --local gc.auto 0
2026-02-02T18:01:26.9511830Z ##[endgroup]
2026-02-02T18:01:26.9512810Z ##[group]Setting up auth
2026-02-02T18:01:26.9522240Z [command]/opt/homebrew/bin/git config --local --name-only --get-regexp core\.sshCommand
2026-02-02T18:01:26.9591300Z [command]/opt/homebrew/bin/git submodule foreach --recursive sh -c "git config --local --name-only --get-regexp 'core\.sshCommand' && git config --local --unset-all 'core.sshCommand' || :"
2026-02-02T18:01:27.1489310Z [command]/opt/homebrew/bin/git config --local --name-only --get-regexp http\.https\:\/\/github\.com\/\.extraheader
2026-02-02T18:01:27.1529700Z [command]/opt/homebrew/bin/git submodule foreach --recursive sh -c "git config --local --name-only --get-regexp 'http\.https\:\/\/github\.com\/\.extraheader' && git config --local --unset-all 'http.https://github.com/.extraheader' || :"
2026-02-02T18:01:27.3471520Z [command]/opt/homebrew/bin/git config --local --name-only --get-regexp ^includeIf\.gitdir:
2026-02-02T18:01:27.3473960Z [command]/opt/homebrew/bin/git submodule foreach --recursive git config --local --show-origin --name-only --get-regexp remote.origin.url
2026-02-02T18:01:27.4860750Z [command]/opt/homebrew/bin/git config --local http.https://github.com/.extraheader AUTHORIZATION: basic ***
2026-02-02T18:01:27.5073480Z ##[endgroup]
2026-02-02T18:01:27.5101960Z ##[group]Fetching the repository
2026-02-02T18:01:27.5104980Z [command]/opt/homebrew/bin/git -c protocol.version=2 fetch --no-tags --prune --no-recurse-submodules --depth=1 origin +5563a4bf4fc378de14842c14efad0d4117ca0a1e:refs/remotes/origin/main
2026-02-02T18:01:28.5038540Z From https://github.com/lmvcruz/argos
2026-02-02T18:01:28.5067200Z  * [new ref]         5563a4bf4fc378de14842c14efad0d4117ca0a1e -> origin/main
2026-02-02T18:01:28.5218820Z ##[endgroup]
2026-02-02T18:01:28.5220050Z ##[group]Determining the checkout info
2026-02-02T18:01:28.5221970Z ##[endgroup]
2026-02-02T18:01:28.5227760Z [command]/opt/homebrew/bin/git sparse-checkout disable
2026-02-02T18:01:28.5394270Z [command]/opt/homebrew/bin/git config --local --unset-all extensions.worktreeConfig
2026-02-02T18:01:28.5508340Z ##[group]Checking out the ref
2026-02-02T18:01:28.5541890Z [command]/opt/homebrew/bin/git checkout --progress --force -B main refs/remotes/origin/main
2026-02-02T18:01:28.6375830Z Switched to a new branch 'main'
2026-02-02T18:01:28.6393280Z branch 'main' set up to track 'origin/main'.
2026-02-02T18:01:28.6401900Z ##[endgroup]
2026-02-02T18:01:28.6472990Z [command]/opt/homebrew/bin/git log -1 --format=%H
2026-02-02T18:01:28.6539770Z 5563a4bf4fc378de14842c14efad0d4117ca0a1e
2026-02-02T18:01:28.7026670Z ##[group]Run actions/setup-python@v5
2026-02-02T18:01:28.7026930Z with:
2026-02-02T18:01:28.7027100Z   python-version: 3.10
2026-02-02T18:01:28.7027320Z   check-latest: false
2026-02-02T18:01:28.7027600Z   token: ***
2026-02-02T18:01:28.7027880Z   update-environment: true
2026-02-02T18:01:28.7028100Z   allow-prereleases: false
2026-02-02T18:01:28.7028290Z   freethreaded: false
2026-02-02T18:01:28.7028490Z ##[endgroup]
2026-02-02T18:01:29.0167610Z ##[group]Installed versions
2026-02-02T18:01:29.0411030Z Version 3.10 was not found in the local cache
2026-02-02T18:01:30.1443650Z Version 3.10 is available for downloading
2026-02-02T18:01:30.1445720Z Download from "https://github.com/actions/python-versions/releases/download/3.10.11-11114431484/python-3.10.11-darwin-arm64.tar.gz"
2026-02-02T18:01:30.9219890Z Extract downloaded archive
2026-02-02T18:01:30.9534630Z [command]/usr/bin/tar xz -C /Users/runner/work/_temp/deab8658-8098-4732-a7bf-010ad6c2a4fe -f /Users/runner/work/_temp/96afdbe6-89af-4f89-9af9-7f278ab6491e
2026-02-02T18:01:31.0462290Z Execute installation script
2026-02-02T18:01:31.0763950Z Check if Python hostedtoolcache folder exist...
2026-02-02T18:01:31.0861300Z Install Python binaries from prebuilt package
2026-02-02T18:01:53.3696140Z installer: Package name is Python
2026-02-02T18:01:53.3738950Z installer: Upgrading at base path /
2026-02-02T18:01:53.3739630Z installer: The upgrade was successful.
2026-02-02T18:01:53.3742690Z Create hostedtoolcach symlinks (Required for the backward compatibility)
2026-02-02T18:01:53.3743950Z Create Python 3.10.11 folder
2026-02-02T18:01:53.4115920Z Create additional symlinks (Required for the UsePythonVersion Azure Pipelines task and the setup-python GitHub Action)
2026-02-02T18:01:53.4292830Z Upgrading pip...
2026-02-02T18:01:55.6837400Z Looking in links: /var/folders/yz/zr09txvs5dn18vt4cn21kzl40000gn/T/tmpo6nr0b94
2026-02-02T18:01:55.6957150Z Requirement already satisfied: setuptools in /Library/Frameworks/Python.framework/Versions/3.10/lib/python3.10/site-packages (65.5.0)
2026-02-02T18:01:55.7073740Z Requirement already satisfied: pip in /Library/Frameworks/Python.framework/Versions/3.10/lib/python3.10/site-packages (23.0.1)
2026-02-02T18:01:57.7608140Z Collecting pip
2026-02-02T18:01:57.8235240Z Downloading pip-26.0-py3-none-any.whl (1.8 MB)
2026-02-02T18:01:57.8927830Z ━━━━━━━━━━━━━━━━━━━━━━━━━━━━━━━━━━━━━━━━ 1.8/1.8 MB 27.9 MB/s eta 0:00:00
2026-02-02T18:01:57.8929090Z 
2026-02-02T18:01:57.9191560Z Installing collected packages: pip
2026-02-02T18:01:57.9192130Z Attempting uninstall: pip
2026-02-02T18:01:57.9194280Z Found existing installation: pip 23.0.1
2026-02-02T18:01:58.0106340Z Uninstalling pip-23.0.1:
2026-02-02T18:01:58.2413910Z Successfully uninstalled pip-23.0.1
2026-02-02T18:01:58.8918560Z Successfully installed pip-26.0
2026-02-02T18:01:58.9317150Z Install OpenSSL certificates
2026-02-02T18:01:59.3590930Z Collecting certifi
2026-02-02T18:01:59.3636140Z Using cached certifi-2026.1.4-py3-none-any.whl.metadata (2.5 kB)
2026-02-02T18:01:59.3689080Z Using cached certifi-2026.1.4-py3-none-any.whl (152 kB)
2026-02-02T18:01:59.3788830Z Installing collected packages: certifi
2026-02-02T18:01:59.4096960Z Successfully installed certifi-2026.1.4
2026-02-02T18:01:59.5509380Z -- pip install --upgrade certifi
2026-02-02T18:01:59.5510320Z  -- removing any existing file or link
2026-02-02T18:01:59.5510640Z  -- creating symlink to certifi certificate bundle
2026-02-02T18:01:59.5510970Z  -- setting permissions
2026-02-02T18:01:59.5511160Z  -- update complete
2026-02-02T18:01:59.5562500Z Create complete file
2026-02-02T18:01:59.5663040Z Successfully set up CPython (3.10.11)
2026-02-02T18:01:59.5673900Z ##[endgroup]
2026-02-02T18:01:59.5883990Z ##[group]Run python -m pip install --upgrade pip
2026-02-02T18:01:59.5884550Z [36;1mpython -m pip install --upgrade pip[0m
2026-02-02T18:01:59.5884920Z [36;1mpip install -e ".[dev]"[0m
2026-02-02T18:01:59.5952130Z shell: /bin/bash -e {0}
2026-02-02T18:01:59.5952390Z env:
2026-02-02T18:01:59.5952660Z   pythonLocation: /Users/runner/hostedtoolcache/Python/3.10.11/arm64
2026-02-02T18:01:59.5957620Z   PKG_CONFIG_PATH: /Users/runner/hostedtoolcache/Python/3.10.11/arm64/lib/pkgconfig
2026-02-02T18:01:59.5958060Z   Python_ROOT_DIR: /Users/runner/hostedtoolcache/Python/3.10.11/arm64
2026-02-02T18:01:59.5958440Z   Python2_ROOT_DIR: /Users/runner/hostedtoolcache/Python/3.10.11/arm64
2026-02-02T18:01:59.5958880Z   Python3_ROOT_DIR: /Users/runner/hostedtoolcache/Python/3.10.11/arm64
2026-02-02T18:01:59.5959170Z ##[endgroup]
2026-02-02T18:01:59.9904300Z Requirement already satisfied: pip in /Library/Frameworks/Python.framework/Versions/3.10/lib/python3.10/site-packages (26.0)
2026-02-02T18:02:00.4909750Z Obtaining file:///Users/runner/work/argos/argos/scout
2026-02-02T18:02:00.4932860Z   Installing build dependencies: started
2026-02-02T18:02:01.5552630Z   Installing build dependencies: finished with status 'done'
2026-02-02T18:02:01.5561490Z   Checking if build backend supports build_editable: started
2026-02-02T18:02:01.7814970Z   Checking if build backend supports build_editable: finished with status 'done'
2026-02-02T18:02:01.7843580Z   Getting requirements to build editable: started
2026-02-02T18:02:02.1050910Z   Getting requirements to build editable: finished with status 'done'
2026-02-02T18:02:02.1062520Z   Preparing editable metadata (pyproject.toml): started
2026-02-02T18:02:02.3061270Z   Preparing editable metadata (pyproject.toml): finished with status 'done'
2026-02-02T18:02:02.4000950Z Collecting requests>=2.28.0 (from argos-scout==0.1.0)
2026-02-02T18:02:02.4560720Z   Downloading requests-2.32.5-py3-none-any.whl.metadata (4.9 kB)
2026-02-02T18:02:02.5733760Z Collecting pydantic>=2.0.0 (from argos-scout==0.1.0)
2026-02-02T18:02:02.5893890Z   Downloading pydantic-2.12.5-py3-none-any.whl.metadata (90 kB)
2026-02-02T18:02:02.6531550Z Collecting rich>=13.0.0 (from argos-scout==0.1.0)
2026-02-02T18:02:02.6690090Z   Downloading rich-14.3.2-py3-none-any.whl.metadata (18 kB)
2026-02-02T18:02:02.6988620Z Collecting python-dateutil>=2.8.0 (from argos-scout==0.1.0)
2026-02-02T18:02:02.7180930Z   Downloading python_dateutil-2.9.0.post0-py2.py3-none-any.whl.metadata (8.4 kB)
2026-02-02T18:02:02.9344070Z Collecting sqlalchemy>=2.0.0 (from argos-scout==0.1.0)
2026-02-02T18:02:02.9512860Z   Downloading sqlalchemy-2.0.46-cp310-cp310-macosx_11_0_arm64.whl.metadata (9.5 kB)
2026-02-02T18:02:03.0467490Z Collecting pytest>=7.0.0 (from argos-scout==0.1.0)
2026-02-02T18:02:03.0629300Z   Downloading pytest-9.0.2-py3-none-any.whl.metadata (7.6 kB)
2026-02-02T18:02:03.0867160Z Collecting pytest-cov>=4.0.0 (from argos-scout==0.1.0)
2026-02-02T18:02:03.1020440Z   Downloading pytest_cov-7.0.0-py3-none-any.whl.metadata (31 kB)
2026-02-02T18:02:03.1261090Z Collecting pytest-mock>=3.10.0 (from argos-scout==0.1.0)
2026-02-02T18:02:03.1411450Z   Downloading pytest_mock-3.15.1-py3-none-any.whl.metadata (3.9 kB)
2026-02-02T18:02:03.1883450Z Collecting black>=23.0.0 (from argos-scout==0.1.0)
2026-02-02T18:02:03.2081990Z   Downloading black-26.1.0-cp310-cp310-macosx_11_0_arm64.whl.metadata (88 kB)
2026-02-02T18:02:03.2377880Z Collecting flake8>=6.0.0 (from argos-scout==0.1.0)
2026-02-02T18:02:03.2556850Z   Downloading flake8-7.3.0-py2.py3-none-any.whl.metadata (3.8 kB)
2026-02-02T18:02:03.3146150Z Collecting isort>=5.12.0 (from argos-scout==0.1.0)
2026-02-02T18:02:03.3295160Z   Downloading isort-7.0.0-py3-none-any.whl.metadata (11 kB)
2026-02-02T18:02:03.4216460Z Collecting mypy>=1.0.0 (from argos-scout==0.1.0)
2026-02-02T18:02:03.4395080Z   Downloading mypy-1.19.1-cp310-cp310-macosx_11_0_arm64.whl.metadata (2.2 kB)
2026-02-02T18:02:03.4646170Z Collecting click>=8.0.0 (from black>=23.0.0->argos-scout==0.1.0)
2026-02-02T18:02:03.4801880Z   Downloading click-8.3.1-py3-none-any.whl.metadata (2.6 kB)
2026-02-02T18:02:03.5019710Z Collecting mypy-extensions>=0.4.3 (from black>=23.0.0->argos-scout==0.1.0)
2026-02-02T18:02:03.5202930Z   Downloading mypy_extensions-1.1.0-py3-none-any.whl.metadata (1.1 kB)
2026-02-02T18:02:03.5411350Z Collecting packaging>=22.0 (from black>=23.0.0->argos-scout==0.1.0)
2026-02-02T18:02:03.5426620Z   Using cached packaging-26.0-py3-none-any.whl.metadata (3.3 kB)
2026-02-02T18:02:03.5612640Z Collecting pathspec>=1.0.0 (from black>=23.0.0->argos-scout==0.1.0)
2026-02-02T18:02:03.5761780Z   Downloading pathspec-1.0.4-py3-none-any.whl.metadata (13 kB)
2026-02-02T18:02:03.6018410Z Collecting platformdirs>=2 (from black>=23.0.0->argos-scout==0.1.0)
2026-02-02T18:02:03.6254050Z   Downloading platformdirs-4.5.1-py3-none-any.whl.metadata (12 kB)
2026-02-02T18:02:03.6619870Z Collecting pytokens>=0.3.0 (from black>=23.0.0->argos-scout==0.1.0)
2026-02-02T18:02:03.6831490Z   Downloading pytokens-0.4.1-cp310-cp310-macosx_11_0_arm64.whl.metadata (3.8 kB)
2026-02-02T18:02:03.7147120Z Collecting tomli>=1.1.0 (from black>=23.0.0->argos-scout==0.1.0)
2026-02-02T18:02:03.7166180Z   Using cached tomli-2.4.0-py3-none-any.whl.metadata (10 kB)
2026-02-02T18:02:03.7561170Z Collecting typing-extensions>=4.0.1 (from black>=23.0.0->argos-scout==0.1.0)
2026-02-02T18:02:03.7743300Z   Downloading typing_extensions-4.15.0-py3-none-any.whl.metadata (3.3 kB)
2026-02-02T18:02:03.7962950Z Collecting mccabe<0.8.0,>=0.7.0 (from flake8>=6.0.0->argos-scout==0.1.0)
2026-02-02T18:02:03.8121130Z   Downloading mccabe-0.7.0-py2.py3-none-any.whl.metadata (5.0 kB)
2026-02-02T18:02:03.8360240Z Collecting pycodestyle<2.15.0,>=2.14.0 (from flake8>=6.0.0->argos-scout==0.1.0)
2026-02-02T18:02:03.8508550Z   Downloading pycodestyle-2.14.0-py2.py3-none-any.whl.metadata (4.5 kB)
2026-02-02T18:02:03.8736370Z Collecting pyflakes<3.5.0,>=3.4.0 (from flake8>=6.0.0->argos-scout==0.1.0)
2026-02-02T18:02:03.8888840Z   Downloading pyflakes-3.4.0-py2.py3-none-any.whl.metadata (3.5 kB)
2026-02-02T18:02:03.9861620Z Collecting librt>=0.6.2 (from mypy>=1.0.0->argos-scout==0.1.0)
2026-02-02T18:02:04.0010400Z   Downloading librt-0.7.8-cp310-cp310-macosx_11_0_arm64.whl.metadata (1.3 kB)
2026-02-02T18:02:04.0276820Z Collecting annotated-types>=0.6.0 (from pydantic>=2.0.0->argos-scout==0.1.0)
2026-02-02T18:02:04.0440800Z   Downloading annotated_types-0.7.0-py3-none-any.whl.metadata (15 kB)
2026-02-02T18:02:04.8659810Z Collecting pydantic-core==2.41.5 (from pydantic>=2.0.0->argos-scout==0.1.0)
2026-02-02T18:02:04.8877890Z   Downloading pydantic_core-2.41.5-cp310-cp310-macosx_11_0_arm64.whl.metadata (7.3 kB)
2026-02-02T18:02:04.9813060Z Collecting typing-inspection>=0.4.2 (from pydantic>=2.0.0->argos-scout==0.1.0)
2026-02-02T18:02:04.9968830Z   Downloading typing_inspection-0.4.2-py3-none-any.whl.metadata (2.6 kB)
2026-02-02T18:02:05.0314650Z Collecting exceptiongroup>=1 (from pytest>=7.0.0->argos-scout==0.1.0)
2026-02-02T18:02:05.0479520Z   Downloading exceptiongroup-1.3.1-py3-none-any.whl.metadata (6.7 kB)
2026-02-02T18:02:05.0754800Z Collecting iniconfig>=1.0.1 (from pytest>=7.0.0->argos-scout==0.1.0)
2026-02-02T18:02:05.0947720Z   Downloading iniconfig-2.3.0-py3-none-any.whl.metadata (2.5 kB)
2026-02-02T18:02:05.1864390Z Collecting pluggy<2,>=1.5 (from pytest>=7.0.0->argos-scout==0.1.0)
2026-02-02T18:02:05.2045660Z   Downloading pluggy-1.6.0-py3-none-any.whl.metadata (4.8 kB)
2026-02-02T18:02:05.3070270Z Collecting pygments>=2.7.2 (from pytest>=7.0.0->argos-scout==0.1.0)
2026-02-02T18:02:05.3243660Z   Downloading pygments-2.19.2-py3-none-any.whl.metadata (2.5 kB)
2026-02-02T18:02:05.9119810Z Collecting coverage>=7.10.6 (from coverage[toml]>=7.10.6->pytest-cov>=4.0.0->argos-scout==0.1.0)
2026-02-02T18:02:05.9324760Z   Downloading coverage-7.13.2-cp310-cp310-macosx_11_0_arm64.whl.metadata (8.5 kB)
2026-02-02T18:02:06.0264430Z Collecting six>=1.5 (from python-dateutil>=2.8.0->argos-scout==0.1.0)
2026-02-02T18:02:06.0442870Z   Downloading six-1.17.0-py2.py3-none-any.whl.metadata (1.7 kB)
2026-02-02T18:02:06.1394250Z Collecting charset_normalizer<4,>=2 (from requests>=2.28.0->argos-scout==0.1.0)
2026-02-02T18:02:06.1573100Z   Downloading charset_normalizer-3.4.4-cp310-cp310-macosx_10_9_universal2.whl.metadata (37 kB)
2026-02-02T18:02:06.1967250Z Collecting idna<4,>=2.5 (from requests>=2.28.0->argos-scout==0.1.0)
2026-02-02T18:02:06.2129370Z   Downloading idna-3.11-py3-none-any.whl.metadata (8.4 kB)
2026-02-02T18:02:06.2725850Z Collecting urllib3<3,>=1.21.1 (from requests>=2.28.0->argos-scout==0.1.0)
2026-02-02T18:02:06.2895120Z   Downloading urllib3-2.6.3-py3-none-any.whl.metadata (6.9 kB)
2026-02-02T18:02:06.3086190Z Requirement already satisfied: certifi>=2017.4.17 in /Library/Frameworks/Python.framework/Versions/3.10/lib/python3.10/site-packages (from requests>=2.28.0->argos-scout==0.1.0) (2026.1.4)
2026-02-02T18:02:06.3763590Z Collecting markdown-it-py>=2.2.0 (from rich>=13.0.0->argos-scout==0.1.0)
2026-02-02T18:02:06.3948340Z   Downloading markdown_it_py-4.0.0-py3-none-any.whl.metadata (7.3 kB)
2026-02-02T18:02:06.4474670Z Collecting mdurl~=0.1 (from markdown-it-py>=2.2.0->rich>=13.0.0->argos-scout==0.1.0)
2026-02-02T18:02:06.4644240Z   Downloading mdurl-0.1.2-py3-none-any.whl.metadata (1.6 kB)
2026-02-02T18:02:06.5031060Z Downloading black-26.1.0-cp310-cp310-macosx_11_0_arm64.whl (1.7 MB)
2026-02-02T18:02:06.5870130Z    ━━━━━━━━━━━━━━━━━━━━━━━━━━━━━━━━━━━━━━━━ 1.7/1.7 MB 20.8 MB/s  0:00:00
2026-02-02T18:02:06.6089770Z Downloading click-8.3.1-py3-none-any.whl (108 kB)
2026-02-02T18:02:06.6343520Z Downloading flake8-7.3.0-py2.py3-none-any.whl (57 kB)
2026-02-02T18:02:06.6615170Z Downloading mccabe-0.7.0-py2.py3-none-any.whl (7.3 kB)
2026-02-02T18:02:06.7129660Z Downloading pycodestyle-2.14.0-py2.py3-none-any.whl (31 kB)
2026-02-02T18:02:06.7599600Z Downloading pyflakes-3.4.0-py2.py3-none-any.whl (63 kB)
2026-02-02T18:02:06.7877060Z Downloading isort-7.0.0-py3-none-any.whl (94 kB)
2026-02-02T18:02:06.8172250Z Downloading mypy-1.19.1-cp310-cp310-macosx_11_0_arm64.whl (12.2 MB)
2026-02-02T18:02:06.9544220Z    ━━━━━━━━━━━━━━━━━━━━━━━━━━━━━━━━━━━━━━━━ 12.2/12.2 MB 91.5 MB/s  0:00:00
2026-02-02T18:02:06.9902400Z Downloading librt-0.7.8-cp310-cp310-macosx_11_0_arm64.whl (58 kB)
2026-02-02T18:02:07.0511130Z Downloading mypy_extensions-1.1.0-py3-none-any.whl (5.0 kB)
2026-02-02T18:02:07.0881850Z Using cached packaging-26.0-py3-none-any.whl (74 kB)
2026-02-02T18:02:07.1139080Z Downloading pathspec-1.0.4-py3-none-any.whl (55 kB)
2026-02-02T18:02:07.1791900Z Downloading platformdirs-4.5.1-py3-none-any.whl (18 kB)
2026-02-02T18:02:07.2491940Z Downloading pydantic-2.12.5-py3-none-any.whl (463 kB)
2026-02-02T18:02:07.3039890Z Downloading pydantic_core-2.41.5-cp310-cp310-macosx_11_0_arm64.whl (1.9 MB)
2026-02-02T18:02:07.3520680Z    ━━━━━━━━━━━━━━━━━━━━━━━━━━━━━━━━━━━━━━━━ 1.9/1.9 MB 33.5 MB/s  0:00:00
2026-02-02T18:02:07.3900550Z Downloading annotated_types-0.7.0-py3-none-any.whl (13 kB)
2026-02-02T18:02:07.4691880Z Downloading pytest-9.0.2-py3-none-any.whl (374 kB)
2026-02-02T18:02:07.5405470Z Downloading pluggy-1.6.0-py3-none-any.whl (20 kB)
2026-02-02T18:02:07.6164970Z Downloading exceptiongroup-1.3.1-py3-none-any.whl (16 kB)
2026-02-02T18:02:07.6872330Z Downloading iniconfig-2.3.0-py3-none-any.whl (7.5 kB)
2026-02-02T18:02:07.7482480Z Downloading pygments-2.19.2-py3-none-any.whl (1.2 MB)
2026-02-02T18:02:07.7891340Z    ━━━━━━━━━━━━━━━━━━━━━━━━━━━━━━━━━━━━━━━━ 1.2/1.2 MB 42.7 MB/s  0:00:00
2026-02-02T18:02:07.8129550Z Downloading pytest_cov-7.0.0-py3-none-any.whl (22 kB)
2026-02-02T18:02:07.8652610Z Downloading coverage-7.13.2-cp310-cp310-macosx_11_0_arm64.whl (219 kB)
2026-02-02T18:02:07.8882300Z Downloading pytest_mock-3.15.1-py3-none-any.whl (10 kB)
2026-02-02T18:02:07.9361750Z Downloading python_dateutil-2.9.0.post0-py2.py3-none-any.whl (229 kB)
2026-02-02T18:02:07.9858840Z Downloading pytokens-0.4.1-cp310-cp310-macosx_11_0_arm64.whl (161 kB)
2026-02-02T18:02:08.0263140Z Downloading requests-2.32.5-py3-none-any.whl (64 kB)
2026-02-02T18:02:08.0627730Z Downloading charset_normalizer-3.4.4-cp310-cp310-macosx_10_9_universal2.whl (209 kB)
2026-02-02T18:02:08.1534040Z Downloading idna-3.11-py3-none-any.whl (71 kB)
2026-02-02T18:02:08.1799780Z Downloading urllib3-2.6.3-py3-none-any.whl (131 kB)
2026-02-02T18:02:08.2044400Z Downloading rich-14.3.2-py3-none-any.whl (309 kB)
2026-02-02T18:02:08.2269940Z Downloading markdown_it_py-4.0.0-py3-none-any.whl (87 kB)
2026-02-02T18:02:08.2629370Z Downloading mdurl-0.1.2-py3-none-any.whl (10.0 kB)
2026-02-02T18:02:08.2984080Z Downloading six-1.17.0-py2.py3-none-any.whl (11 kB)
2026-02-02T18:02:08.3458700Z Downloading sqlalchemy-2.0.46-cp310-cp310-macosx_11_0_arm64.whl (2.2 MB)
2026-02-02T18:02:08.3750240Z    ━━━━━━━━━━━━━━━━━━━━━━━━━━━━━━━━━━━━━━━━ 2.2/2.2 MB 86.9 MB/s  0:00:00
2026-02-02T18:02:08.3885650Z Using cached tomli-2.4.0-py3-none-any.whl (14 kB)
2026-02-02T18:02:08.4207000Z Downloading typing_extensions-4.15.0-py3-none-any.whl (44 kB)
2026-02-02T18:02:08.4652380Z Downloading typing_inspection-0.4.2-py3-none-any.whl (14 kB)
2026-02-02T18:02:08.5457110Z Building wheels for collected packages: argos-scout
2026-02-02T18:02:08.5577340Z   Building editable for argos-scout (pyproject.toml): started
2026-02-02T18:02:09.2626490Z   Building editable for argos-scout (pyproject.toml): finished with status 'done'
2026-02-02T18:02:09.2729710Z   Created wheel for argos-scout: filename=argos_scout-0.1.0-0.editable-py3-none-any.whl size=4024 sha256=57151f9fc31060e7403bfecdf2b65a20096f7ebb5b6377d1e11a288da11d02c0
2026-02-02T18:02:09.2831710Z   Stored in directory: /private/var/folders/yz/zr09txvs5dn18vt4cn21kzl40000gn/T/pip-ephem-wheel-cache-vt_oz4mg/wheels/36/38/e4/c06e9bd5ff934332d61128ddf944f0515baa2c1acac85cd398
2026-02-02T18:02:09.2937150Z Successfully built argos-scout
2026-02-02T18:02:09.3374080Z Installing collected packages: urllib3, typing-extensions, tomli, six, pytokens, pygments, pyflakes, pycodestyle, pluggy, platformdirs, pathspec, packaging, mypy-extensions, mdurl, mccabe, librt, isort, iniconfig, idna, coverage, click, charset_normalizer, annotated-types, typing-inspection, sqlalchemy, requests, python-dateutil, pydantic-core, mypy, markdown-it-py, flake8, exceptiongroup, black, rich, pytest, pydantic, pytest-mock, pytest-cov, argos-scout
2026-02-02T18:02:13.0107840Z 
2026-02-02T18:02:13.0145790Z Successfully installed annotated-types-0.7.0 argos-scout-0.1.0 black-26.1.0 charset_normalizer-3.4.4 click-8.3.1 coverage-7.13.2 exceptiongroup-1.3.1 flake8-7.3.0 idna-3.11 iniconfig-2.3.0 isort-7.0.0 librt-0.7.8 markdown-it-py-4.0.0 mccabe-0.7.0 mdurl-0.1.2 mypy-1.19.1 mypy-extensions-1.1.0 packaging-26.0 pathspec-1.0.4 platformdirs-4.5.1 pluggy-1.6.0 pycodestyle-2.14.0 pydantic-2.12.5 pydantic-core-2.41.5 pyflakes-3.4.0 pygments-2.19.2 pytest-9.0.2 pytest-cov-7.0.0 pytest-mock-3.15.1 python-dateutil-2.9.0.post0 pytokens-0.4.1 requests-2.32.5 rich-14.3.2 six-1.17.0 sqlalchemy-2.0.46 tomli-2.4.0 typing-extensions-4.15.0 typing-inspection-0.4.2 urllib3-2.6.3
2026-02-02T18:02:13.4470430Z ##[group]Run pytest tests/ -v --cov=scout --cov-report=xml --cov-report=term-missing
2026-02-02T18:02:13.4471110Z [36;1mpytest tests/ -v --cov=scout --cov-report=xml --cov-report=term-missing[0m
2026-02-02T18:02:13.4516370Z shell: /bin/bash -e {0}
2026-02-02T18:02:13.4516670Z env:
2026-02-02T18:02:13.4516980Z   pythonLocation: /Users/runner/hostedtoolcache/Python/3.10.11/arm64
2026-02-02T18:02:13.4517430Z   PKG_CONFIG_PATH: /Users/runner/hostedtoolcache/Python/3.10.11/arm64/lib/pkgconfig
2026-02-02T18:02:13.4517850Z   Python_ROOT_DIR: /Users/runner/hostedtoolcache/Python/3.10.11/arm64
2026-02-02T18:02:13.4518290Z   Python2_ROOT_DIR: /Users/runner/hostedtoolcache/Python/3.10.11/arm64
2026-02-02T18:02:13.4518690Z   Python3_ROOT_DIR: /Users/runner/hostedtoolcache/Python/3.10.11/arm64
2026-02-02T18:02:13.4518980Z ##[endgroup]
2026-02-02T18:02:13.7674750Z ============================= test session starts ==============================
2026-02-02T18:02:13.7675530Z platform darwin -- Python 3.10.11, pytest-9.0.2, pluggy-1.6.0 -- /Library/Frameworks/Python.framework/Versions/3.10/bin/python
2026-02-02T18:02:13.7675990Z cachedir: .pytest_cache
2026-02-02T18:02:13.7676220Z rootdir: /Users/runner/work/argos/argos/scout
2026-02-02T18:02:13.7676480Z configfile: pyproject.toml
2026-02-02T18:02:13.7676750Z plugins: mock-3.15.1, cov-7.0.0
2026-02-02T18:02:14.4033020Z collecting ... collected 251 items
2026-02-02T18:02:14.4033350Z 
2026-02-02T18:02:14.4043730Z tests/test_analysis.py::TestFlakyTestDetection::test_detect_flaky_test_with_mixed_results PASSED [  0%]
2026-02-02T18:02:14.4049120Z tests/test_analysis.py::TestFlakyTestDetection::test_no_flaky_tests_when_always_passing PASSED [  0%]
2026-02-02T18:02:14.4054400Z tests/test_analysis.py::TestFlakyTestDetection::test_no_flaky_tests_when_always_failing PASSED [  1%]
2026-02-02T18:02:14.4059770Z tests/test_analysis.py::TestFlakyTestDetection::test_flaky_test_with_multiple_tests PASSED [  1%]
2026-02-02T18:02:14.4064940Z tests/test_analysis.py::TestFlakyTestDetection::test_insufficient_runs_for_flaky_detection PASSED [  1%]
2026-02-02T18:02:14.4070050Z tests/test_analysis.py::TestRecurringFailureDetection::test_detect_recurring_failure PASSED [  2%]
2026-02-02T18:02:14.4075250Z tests/test_analysis.py::TestRecurringFailureDetection::test_no_recurring_failures_below_threshold PASSED [  2%]
2026-02-02T18:02:14.4080570Z tests/test_analysis.py::TestRecurringFailureDetection::test_multiple_recurring_failures PASSED [  3%]
2026-02-02T18:02:14.4087270Z tests/test_analysis.py::TestPlatformSpecificFailures::test_detect_windows_only_failure PASSED [  3%]
2026-02-02T18:02:14.4093250Z tests/test_analysis.py::TestPlatformSpecificFailures::test_detect_linux_only_failure PASSED [  3%]
2026-02-02T18:02:14.4098610Z tests/test_analysis.py::TestPlatformSpecificFailures::test_no_platform_specific_when_all_fail PASSED [  4%]
2026-02-02T18:02:14.4104300Z tests/test_analysis.py::TestPlatformSpecificFailures::test_no_platform_specific_when_all_pass PASSED [  4%]
2026-02-02T18:02:14.4109510Z tests/test_analysis.py::TestFailureGrouping::test_group_failures_by_same_message PASSED [  5%]
2026-02-02T18:02:14.4114730Z tests/test_analysis.py::TestFailureGrouping::test_group_failures_by_same_location PASSED [  5%]
2026-02-02T18:02:14.4120730Z tests/test_analysis.py::TestFailureGrouping::test_group_failures_by_same_type PASSED [  5%]
2026-02-02T18:02:14.4126070Z tests/test_analysis.py::TestFailureGrouping::test_no_grouping_for_unique_failures PASSED [  6%]
2026-02-02T18:02:14.4131240Z tests/test_analysis.py::TestTrendAnalysis::test_detect_increasing_failure_trend PASSED [  6%]
2026-02-02T18:02:14.4136770Z tests/test_analysis.py::TestTrendAnalysis::test_detect_decreasing_failure_trend PASSED [  7%]
2026-02-02T18:02:14.4142120Z tests/test_analysis.py::TestTrendAnalysis::test_detect_stable_trend PASSED [  7%]
2026-02-02T18:02:14.4147610Z tests/test_analysis.py::TestTrendAnalysis::test_insufficient_data_for_trend PASSED [  7%]
2026-02-02T18:02:14.4153160Z tests/test_analysis.py::TestRecommendationGeneration::test_recommendation_for_flaky_test PASSED [  8%]
2026-02-02T18:02:14.4157950Z tests/test_analysis.py::TestRecommendationGeneration::test_recommendation_for_recurring_failure PASSED [  8%]
2026-02-02T18:02:14.4163380Z tests/test_analysis.py::TestRecommendationGeneration::test_recommendation_for_platform_specific_failure PASSED [  9%]
2026-02-02T18:02:14.4168160Z tests/test_analysis.py::TestRecommendationGeneration::test_recommendation_for_increasing_trend PASSED [  9%]
2026-02-02T18:02:14.4173360Z tests/test_analysis.py::TestRecommendationGeneration::test_no_recommendations_for_healthy_state PASSED [  9%]
2026-02-02T18:02:14.4178350Z tests/test_analysis.py::TestRecommendationGeneration::test_multiple_recommendations_prioritized PASSED [ 10%]
2026-02-02T18:02:14.4183200Z tests/test_analysis.py::TestFailureGroupDataclass::test_failure_group_creation PASSED [ 10%]
2026-02-02T18:02:14.4188170Z tests/test_analysis.py::TestFlakyTestDataclass::test_flaky_test_creation PASSED [ 11%]
2026-02-02T18:02:14.4193450Z tests/test_analysis.py::TestPlatformFailureDataclass::test_platform_failure_creation PASSED [ 11%]
2026-02-02T18:02:14.4198520Z tests/test_analysis.py::TestRecommendationDataclass::test_recommendation_creation PASSED [ 11%]
2026-02-02T18:02:14.4204320Z tests/test_analysis.py::TestFailureTrendDataclass::test_failure_trend_creation PASSED [ 12%]
2026-02-02T18:02:14.4222690Z tests/test_ci_log_parser.py::TestPytestLogParsing::test_parse_pytest_log_all_passed PASSED [ 12%]
2026-02-02T18:02:14.4233640Z tests/test_ci_log_parser.py::TestPytestLogParsing::test_parse_pytest_log_with_failures PASSED [ 13%]
2026-02-02T18:02:14.4240040Z tests/test_ci_log_parser.py::TestPytestLogParsing::test_parse_pytest_log_with_skipped_tests PASSED [ 13%]
2026-02-02T18:02:14.4246390Z tests/test_ci_log_parser.py::TestPytestLogParsing::test_parse_pytest_log_with_errors PASSED [ 13%]
2026-02-02T18:02:14.4252570Z tests/test_ci_log_parser.py::TestPytestLogParsing::test_parse_pytest_log_with_durations PASSED [ 14%]
2026-02-02T18:02:14.4259210Z tests/test_ci_log_parser.py::TestPytestLogParsing::test_parse_pytest_log_extract_traceback PASSED [ 14%]
2026-02-02T18:02:14.4265800Z tests/test_ci_log_parser.py::TestPytestLogParsing::test_parse_pytest_log_with_parametrized_tests PASSED [ 15%]
2026-02-02T18:02:14.4271180Z tests/test_ci_log_parser.py::TestPytestLogParsing::test_parse_pytest_empty_log PASSED [ 15%]
2026-02-02T18:02:14.4277280Z tests/test_ci_log_parser.py::TestPytestLogParsing::test_parse_pytest_log_no_collection PASSED [ 15%]
2026-02-02T18:02:14.4289760Z tests/test_ci_log_parser.py::TestCoverageLogParsing::test_parse_coverage_log_basic PASSED [ 16%]
2026-02-02T18:02:14.4295590Z tests/test_ci_log_parser.py::TestCoverageLogParsing::test_parse_coverage_log_with_missing_lines PASSED [ 16%]
2026-02-02T18:02:14.4301280Z tests/test_ci_log_parser.py::TestCoverageLogParsing::test_parse_coverage_log_empty PASSED [ 17%]
2026-02-02T18:02:14.4309430Z tests/test_ci_log_parser.py::TestFlake8LogParsing::test_parse_flake8_log_with_violations PASSED [ 17%]
2026-02-02T18:02:14.4314990Z tests/test_ci_log_parser.py::TestFlake8LogParsing::test_parse_flake8_log_no_violations PASSED [ 17%]
2026-02-02T18:02:14.4330250Z tests/test_ci_log_parser.py::TestFailurePatternDetection::test_detect_timeout_pattern PASSED [ 18%]
2026-02-02T18:02:14.4336390Z tests/test_ci_log_parser.py::TestFailurePatternDetection::test_detect_platform_specific_pattern PASSED [ 18%]
2026-02-02T18:02:14.4342030Z tests/test_ci_log_parser.py::TestFailurePatternDetection::test_detect_setup_failure_pattern PASSED [ 19%]
2026-02-02T18:02:14.4347920Z tests/test_ci_log_parser.py::TestFailurePatternDetection::test_detect_import_error_pattern PASSED [ 19%]
2026-02-02T18:02:14.4353540Z tests/test_ci_log_parser.py::TestFailurePatternDetection::test_detect_multiple_patterns PASSED [ 19%]
2026-02-02T18:02:14.4360550Z tests/test_ci_log_parser.py::TestFailurePatternDetection::test_no_patterns_in_successful_log PASSED [ 20%]
2026-02-02T18:02:14.4387500Z tests/test_cli.py::TestCLIArgumentParsing::test_create_parser_returns_argparse_parser PASSED [ 20%]
2026-02-02T18:02:14.4413820Z tests/test_cli.py::TestCLIArgumentParsing::test_parser_has_version_argument PASSED [ 21%]
2026-02-02T18:02:14.4443480Z tests/test_cli.py::TestCLIArgumentParsing::test_parser_has_help_argument PASSED [ 21%]
2026-02-02T18:02:14.4472930Z tests/test_cli.py::TestCLIArgumentParsing::test_parser_requires_subcommand PASSED [ 21%]
2026-02-02T18:02:14.4569930Z tests/test_cli.py::TestLogsCommand::test_logs_command_with_workflow_name PASSED [ 22%]
2026-02-02T18:02:14.4570590Z tests/test_cli.py::TestLogsCommand::test_logs_command_with_limit_option PASSED [ 22%]
2026-02-02T18:02:14.4571210Z tests/test_cli.py::TestLogsCommand::test_logs_command_with_output_option PASSED [ 23%]
2026-02-02T18:02:14.4585270Z tests/test_cli.py::TestLogsCommand::test_logs_command_with_branch_filter PASSED [ 23%]
2026-02-02T18:02:14.4630100Z tests/test_cli.py::TestLogsCommand::test_logs_command_execution PASSED   [ 23%]
2026-02-02T18:02:14.4654690Z tests/test_cli.py::TestAnalyzeCommand::test_analyze_command_with_run_id PASSED [ 24%]
2026-02-02T18:02:14.4678140Z tests/test_cli.py::TestAnalyzeCommand::test_analyze_command_with_format_option PASSED [ 24%]
2026-02-02T18:02:14.4703690Z tests/test_cli.py::TestAnalyzeCommand::test_analyze_command_with_output_file PASSED [ 25%]
2026-02-02T18:02:14.4728560Z tests/test_cli.py::TestAnalyzeCommand::test_analyze_command_with_verbose_flag PASSED [ 25%]
2026-02-02T18:02:14.4781720Z tests/test_cli.py::TestAnalyzeCommand::test_analyze_command_execution PASSED [ 25%]
2026-02-02T18:02:14.4806340Z tests/test_cli.py::TestTrendsCommand::test_trends_command_with_workflow_name PASSED [ 26%]
2026-02-02T18:02:14.4830120Z tests/test_cli.py::TestTrendsCommand::test_trends_command_with_days_option PASSED [ 26%]
2026-02-02T18:02:14.4855520Z tests/test_cli.py::TestTrendsCommand::test_trends_command_with_format_option PASSED [ 27%]
2026-02-02T18:02:14.4909360Z tests/test_cli.py::TestTrendsCommand::test_trends_command_execution PASSED [ 27%]
2026-02-02T18:02:14.4933240Z tests/test_cli.py::TestFlakyCommand::test_flaky_command_no_arguments PASSED [ 27%]
2026-02-02T18:02:14.4956420Z tests/test_cli.py::TestFlakyCommand::test_flaky_command_with_threshold_option PASSED [ 28%]
2026-02-02T18:02:14.4981000Z tests/test_cli.py::TestFlakyCommand::test_flaky_command_with_min_runs_option PASSED [ 28%]
2026-02-02T18:02:14.5004920Z tests/test_cli.py::TestFlakyCommand::test_flaky_command_with_format_option PASSED [ 29%]
2026-02-02T18:02:14.5042360Z tests/test_cli.py::TestFlakyCommand::test_flaky_command_execution PASSED [ 29%]
2026-02-02T18:02:14.5065980Z tests/test_cli.py::TestConfigCommand::test_config_show_command PASSED    [ 29%]
2026-02-02T18:02:14.5090490Z tests/test_cli.py::TestConfigCommand::test_config_set_command_with_key_value PASSED [ 30%]
2026-02-02T18:02:14.5115780Z tests/test_cli.py::TestConfigCommand::test_config_get_command_with_key PASSED [ 30%]
2026-02-02T18:02:14.5146870Z tests/test_cli.py::TestConfigCommand::test_config_show_execution PASSED  [ 31%]
2026-02-02T18:02:14.5177170Z tests/test_cli.py::TestAuthenticationHandling::test_token_from_environment_variable PASSED [ 31%]
2026-02-02T18:02:14.5200430Z tests/test_cli.py::TestAuthenticationHandling::test_token_from_command_line_option PASSED [ 31%]
2026-02-02T18:02:14.5229880Z tests/test_cli.py::TestAuthenticationHandling::test_repo_from_environment_variable PASSED [ 32%]
2026-02-02T18:02:14.5261430Z tests/test_cli.py::TestAuthenticationHandling::test_repo_from_command_line_option PASSED [ 32%]
2026-02-02T18:02:14.5287970Z tests/test_cli.py::TestOutputFormatOptions::test_console_format PASSED   [ 33%]
2026-02-02T18:02:14.5320710Z tests/test_cli.py::TestOutputFormatOptions::test_html_format PASSED      [ 33%]
2026-02-02T18:02:14.5343360Z tests/test_cli.py::TestOutputFormatOptions::test_json_format PASSED      [ 33%]
2026-02-02T18:02:14.5366770Z tests/test_cli.py::TestOutputFormatOptions::test_csv_format PASSED       [ 34%]
2026-02-02T18:02:14.5389750Z tests/test_cli.py::TestOutputFormatOptions::test_default_format_is_console PASSED [ 34%]
2026-02-02T18:02:14.5417450Z tests/test_cli.py::TestErrorHandling::test_missing_token_error PASSED    [ 35%]
2026-02-02T18:02:14.5450140Z tests/test_cli.py::TestErrorHandling::test_invalid_repository_format_error PASSED [ 35%]
2026-02-02T18:02:14.5488420Z tests/test_cli.py::TestErrorHandling::test_network_error_handling PASSED [ 35%]
2026-02-02T18:02:14.5567520Z tests/test_cli.py::TestVerboseOutput::test_verbose_flag_sets_logging_level PASSED [ 36%]
2026-02-02T18:02:14.5568410Z tests/test_cli.py::TestVerboseOutput::test_quiet_flag_sets_logging_level PASSED [ 36%]
2026-02-02T18:02:14.5604640Z tests/test_cli.py::TestCLIIntegration::test_full_analyze_workflow PASSED [ 37%]
2026-02-02T18:02:14.5674650Z tests/test_cli.py::TestCLIIntegration::test_html_report_generation_workflow PASSED [ 37%]
2026-02-02T18:02:14.5701740Z tests/test_cli.py::TestMainFunction::test_main_with_no_arguments_shows_help PASSED [ 37%]
2026-02-02T18:02:14.5728790Z tests/test_cli.py::TestMainFunction::test_main_returns_zero_on_success PASSED [ 38%]
2026-02-02T18:02:14.5755980Z tests/test_cli.py::TestMainFunction::test_main_returns_nonzero_on_error PASSED [ 38%]
2026-02-02T18:02:14.5762210Z tests/test_failure_parser.py::TestFailureLocation::test_failure_location_creation PASSED [ 39%]
2026-02-02T18:02:14.5767580Z tests/test_failure_parser.py::TestFailureLocation::test_failure_location_without_column PASSED [ 39%]
2026-02-02T18:02:14.5772820Z tests/test_failure_parser.py::TestFailureLocation::test_failure_location_string_representation PASSED [ 39%]
2026-02-02T18:02:14.5778550Z tests/test_failure_parser.py::TestStackFrame::test_stack_frame_creation PASSED [ 40%]
2026-02-02T18:02:14.5784860Z tests/test_failure_parser.py::TestStackFrame::test_stack_frame_without_code PASSED [ 40%]
2026-02-02T18:02:14.5790310Z tests/test_failure_parser.py::TestFailureDataclass::test_test_failure_creation PASSED [ 41%]
2026-02-02T18:02:14.5796380Z tests/test_failure_parser.py::TestFailureDataclass::test_test_failure_minimal PASSED [ 41%]
2026-02-02T18:02:14.5808380Z tests/test_failure_parser.py::TestPytestParser::test_parse_pytest_simple_failure PASSED [ 41%]
2026-02-02T18:02:14.5814340Z tests/test_failure_parser.py::TestPytestParser::test_parse_pytest_with_stack_trace PASSED [ 42%]
2026-02-02T18:02:14.5823700Z tests/test_failure_parser.py::TestPytestParser::test_parse_pytest_multiple_failures PASSED [ 42%]
2026-02-02T18:02:14.5829500Z tests/test_failure_parser.py::TestPytestParser::test_parse_pytest_json_output PASSED [ 43%]
2026-02-02T18:02:14.5835260Z tests/test_failure_parser.py::TestPytestParser::test_parse_pytest_parametrized_test PASSED [ 43%]
2026-02-02T18:02:14.5840620Z tests/test_failure_parser.py::TestPytestParser::test_parse_pytest_no_failures PASSED [ 43%]
2026-02-02T18:02:14.5846340Z tests/test_failure_parser.py::TestPytestParser::test_parse_pytest_with_captured_output PASSED [ 44%]
2026-02-02T18:02:14.5853540Z tests/test_failure_parser.py::TestUnittestParser::test_parse_unittest_simple_failure PASSED [ 44%]
2026-02-02T18:02:14.5859350Z tests/test_failure_parser.py::TestUnittestParser::test_parse_unittest_error PASSED [ 45%]
2026-02-02T18:02:14.5865210Z tests/test_failure_parser.py::TestUnittestParser::test_parse_unittest_multiple_failures PASSED [ 45%]
2026-02-02T18:02:14.5870520Z tests/test_failure_parser.py::TestUnittestParser::test_parse_unittest_no_failures PASSED [ 45%]
2026-02-02T18:02:14.5877070Z tests/test_failure_parser.py::TestUnittestParser::test_parse_unittest_with_stack_trace PASSED [ 46%]
2026-02-02T18:02:14.5889880Z tests/test_failure_parser.py::TestGoogleTestParser::test_parse_gtest_simple_failure PASSED [ 46%]
2026-02-02T18:02:14.5900280Z tests/test_failure_parser.py::TestGoogleTestParser::test_parse_gtest_xml_output PASSED [ 47%]
2026-02-02T18:02:14.5905920Z tests/test_failure_parser.py::TestGoogleTestParser::test_parse_gtest_json_output PASSED [ 47%]
2026-02-02T18:02:14.5918130Z tests/test_failure_parser.py::TestGoogleTestParser::test_parse_gtest_multiple_failures PASSED [ 47%]
2026-02-02T18:02:14.5924120Z tests/test_failure_parser.py::TestGoogleTestParser::test_parse_gtest_no_failures PASSED [ 48%]
2026-02-02T18:02:14.5929250Z tests/test_failure_parser.py::TestFailureParser::test_auto_detect_pytest PASSED [ 48%]
2026-02-02T18:02:14.5936320Z tests/test_failure_parser.py::TestFailureParser::test_auto_detect_unittest PASSED [ 49%]
2026-02-02T18:02:14.5945700Z tests/test_failure_parser.py::TestFailureParser::test_auto_detect_gtest PASSED [ 49%]
2026-02-02T18:02:14.5950920Z tests/test_failure_parser.py::TestFailureParser::test_parse_with_explicit_format PASSED [ 49%]
2026-02-02T18:02:14.5956120Z tests/test_failure_parser.py::TestFailureParser::test_parse_empty_output PASSED [ 50%]
2026-02-02T18:02:14.5961300Z tests/test_failure_parser.py::TestFailureParser::test_parse_unknown_format PASSED [ 50%]
2026-02-02T18:02:14.5966370Z tests/test_failure_parser.py::TestFailureParser::test_parse_json_pytest PASSED [ 50%]
2026-02-02T18:02:14.5972190Z tests/test_failure_parser.py::TestFailureParser::test_get_parser_by_format PASSED [ 51%]
2026-02-02T18:02:14.6209070Z tests/test_github_actions_client.py::TestGitHubActionsClient::test_client_initialization PASSED [ 51%]
2026-02-02T18:02:14.6574120Z tests/test_github_actions_client.py::TestGitHubActionsClient::test_fetch_and_store_workflow_runs PASSED [ 52%]
2026-02-02T18:02:14.6761350Z tests/test_github_actions_client.py::TestGitHubActionsClient::test_fetch_duplicate_runs_updates_existing PASSED [ 52%]
2026-02-02T18:02:14.6966550Z tests/test_github_actions_client.py::TestGitHubActionsClient::test_fetch_workflow_jobs PASSED [ 52%]
2026-02-02T18:02:14.7073020Z tests/test_github_actions_client.py::TestGitHubActionsClient::test_parse_job_name_extracts_platform_and_python PASSED [ 53%]
2026-02-02T18:02:14.7173440Z tests/test_github_actions_client.py::TestGitHubActionsClient::test_calculate_duration PASSED [ 53%]
2026-02-02T18:02:14.7332740Z tests/test_github_actions_client.py::TestGitHubActionsClient::test_fetch_jobs_without_run_in_database PASSED [ 54%]
2026-02-02T18:02:14.7501020Z tests/test_github_actions_client.py::TestGitHubActionsClient::test_get_workflow_run_from_database PASSED [ 54%]
2026-02-02T18:02:14.7636220Z tests/test_github_actions_client.py::TestGitHubActionsClient::test_get_nonexistent_workflow_run PASSED [ 54%]
2026-02-02T18:02:14.7847710Z tests/test_github_actions_client.py::TestGitHubActionsClient::test_get_workflow_jobs_from_database PASSED [ 55%]
2026-02-02T18:02:14.8011520Z tests/test_github_actions_client.py::TestGitHubActionsClient::test_list_recent_workflow_runs PASSED [ 55%]
2026-02-02T18:02:14.8171140Z tests/test_github_actions_client.py::TestGitHubActionsClient::test_get_failed_runs PASSED [ 56%]
2026-02-02T18:02:14.8317320Z tests/test_github_actions_client.py::TestGitHubActionsClient::test_extract_run_number_from_metadata PASSED [ 56%]
2026-02-02T18:02:14.8322370Z tests/test_log_retrieval.py::TestLogParser::test_remove_ansi_codes_simple PASSED [ 56%]
2026-02-02T18:02:14.8327680Z tests/test_log_retrieval.py::TestLogParser::test_remove_ansi_codes_multiple PASSED [ 57%]
2026-02-02T18:02:14.8333010Z tests/test_log_retrieval.py::TestLogParser::test_remove_ansi_codes_no_codes PASSED [ 57%]
2026-02-02T18:02:14.8338060Z tests/test_log_retrieval.py::TestLogParser::test_remove_ansi_codes_empty PASSED [ 58%]
2026-02-02T18:02:14.8343220Z tests/test_log_retrieval.py::TestLogParser::test_extract_timestamp_iso8601 PASSED [ 58%]
2026-02-02T18:02:14.8348530Z tests/test_log_retrieval.py::TestLogParser::test_extract_timestamp_iso8601_with_millis PASSED [ 58%]
2026-02-02T18:02:14.8372750Z tests/test_log_retrieval.py::TestLogParser::test_extract_timestamp_space_separated PASSED [ 59%]
2026-02-02T18:02:14.8378260Z tests/test_log_retrieval.py::TestLogParser::test_extract_timestamp_unix PASSED [ 59%]
2026-02-02T18:02:14.8383680Z tests/test_log_retrieval.py::TestLogParser::test_extract_timestamp_no_timestamp PASSED [ 60%]
2026-02-02T18:02:14.8389580Z tests/test_log_retrieval.py::TestLogParser::test_parse_log_lines_simple PASSED [ 60%]
2026-02-02T18:02:14.8395260Z tests/test_log_retrieval.py::TestLogParser::test_parse_log_lines_with_ansi PASSED [ 60%]
2026-02-02T18:02:14.8400370Z tests/test_log_retrieval.py::TestLogParser::test_parse_log_lines_with_timestamps PASSED [ 61%]
2026-02-02T18:02:14.8406190Z tests/test_log_retrieval.py::TestLogParser::test_parse_log_lines_skip_empty PASSED [ 61%]
2026-02-02T18:02:14.8411110Z tests/test_log_retrieval.py::TestLogParser::test_parse_log_lines_empty_input PASSED [ 62%]
2026-02-02T18:02:14.8416380Z tests/test_log_retrieval.py::TestLogParser::test_extract_timestamp_invalid_format PASSED [ 62%]
2026-02-02T18:02:14.8425850Z tests/test_log_retrieval.py::TestLogCache::test_cache_initialization PASSED [ 62%]
2026-02-02T18:02:14.8432960Z tests/test_log_retrieval.py::TestLogCache::test_is_cached_false_for_missing PASSED [ 63%]
2026-02-02T18:02:14.8444780Z tests/test_log_retrieval.py::TestLogCache::test_save_and_load_log PASSED [ 63%]
2026-02-02T18:02:14.8455720Z tests/test_log_retrieval.py::TestLogCache::test_save_log_with_no_timestamps PASSED [ 64%]
2026-02-02T18:02:14.8463830Z tests/test_log_retrieval.py::TestLogCache::test_load_nonexistent_log PASSED [ 64%]
2026-02-02T18:02:14.8481480Z tests/test_log_retrieval.py::TestLogCache::test_clear_specific_run PASSED [ 64%]
2026-02-02T18:02:14.8515960Z tests/test_log_retrieval.py::TestLogCache::test_clear_all_logs PASSED    [ 65%]
2026-02-02T18:02:14.8524840Z tests/test_log_retrieval.py::TestLogRetriever::test_initialization_default_cache_dir PASSED [ 65%]
2026-02-02T18:02:14.8532680Z tests/test_log_retrieval.py::TestLogRetriever::test_initialization_custom_cache_dir PASSED [ 66%]
2026-02-02T18:02:14.8546530Z tests/test_log_retrieval.py::TestLogRetriever::test_get_logs_from_provider PASSED [ 66%]
2026-02-02T18:02:14.8560510Z tests/test_log_retrieval.py::TestLogRetriever::test_get_logs_from_cache PASSED [ 66%]
2026-02-02T18:02:14.8576130Z tests/test_log_retrieval.py::TestLogRetriever::test_get_logs_bypasses_cache_when_disabled PASSED [ 67%]
2026-02-02T18:02:14.8593040Z tests/test_log_retrieval.py::TestLogRetriever::test_get_all_job_logs PASSED [ 67%]
2026-02-02T18:02:14.8607790Z tests/test_log_retrieval.py::TestLogRetriever::test_get_all_job_logs_handles_errors PASSED [ 68%]
2026-02-02T18:02:14.8621990Z tests/test_log_retrieval.py::TestLogRetriever::test_get_logs_with_no_job_found PASSED [ 68%]
2026-02-02T18:02:14.8635400Z tests/test_log_retrieval.py::TestLogRetriever::test_cache_save_creates_directory_structure PASSED [ 68%]
2026-02-02T18:02:14.8647060Z tests/test_log_retrieval.py::TestLogRetriever::test_load_with_invalid_timestamp_in_cache PASSED [ 69%]
2026-02-02T18:02:14.8652990Z tests/test_log_retrieval.py::TestWorkflowLog::test_workflow_log_creation PASSED [ 69%]
2026-02-02T18:02:14.8660440Z tests/test_providers.py::TestCIProviderInterface::test_provider_interface_is_abstract PASSED [ 70%]
2026-02-02T18:02:14.8666400Z tests/test_providers.py::TestCIProviderInterface::test_provider_interface_requires_get_workflow_runs PASSED [ 70%]
2026-02-02T18:02:14.8671660Z tests/test_providers.py::TestCIProviderInterface::test_provider_interface_requires_get_workflow_run PASSED [ 70%]
2026-02-02T18:02:14.8677420Z tests/test_providers.py::TestCIProviderInterface::test_provider_interface_requires_get_jobs PASSED [ 71%]
2026-02-02T18:02:14.8683000Z tests/test_providers.py::TestCIProviderInterface::test_provider_interface_requires_get_logs PASSED [ 71%]
2026-02-02T18:02:14.8688030Z tests/test_providers.py::TestWorkflowRunModel::test_workflow_run_creation_with_all_fields PASSED [ 72%]
2026-02-02T18:02:14.8693160Z tests/test_providers.py::TestWorkflowRunModel::test_workflow_run_creation_with_optional_fields PASSED [ 72%]
2026-02-02T18:02:14.8698230Z tests/test_providers.py::TestJobModel::test_job_creation_with_all_fields PASSED [ 72%]
2026-02-02T18:02:14.8703470Z tests/test_providers.py::TestJobModel::test_job_creation_with_optional_fields PASSED [ 73%]
2026-02-02T18:02:14.8708510Z tests/test_providers.py::TestLogEntryModel::test_log_entry_creation PASSED [ 73%]
2026-02-02T18:02:14.8714530Z tests/test_providers.py::TestGitHubActionsProvider::test_github_actions_provider_initialization PASSED [ 74%]
2026-02-02T18:02:14.8719100Z tests/test_providers.py::TestGitHubActionsProvider::test_github_actions_provider_initialization_without_token PASSED [ 74%]
2026-02-02T18:02:14.8734840Z tests/test_providers.py::TestGitHubActionsProvider::test_get_workflow_runs_success PASSED [ 74%]
2026-02-02T18:02:14.8746720Z tests/test_providers.py::TestGitHubActionsProvider::test_get_workflow_run_success PASSED [ 75%]
2026-02-02T18:02:14.8758690Z tests/test_providers.py::TestGitHubActionsProvider::test_get_jobs_success PASSED [ 75%]
2026-02-02T18:02:14.8769220Z tests/test_providers.py::TestGitHubActionsProvider::test_get_logs_success PASSED [ 76%]
2026-02-02T18:02:14.8780600Z tests/test_providers.py::TestGitHubActionsProvider::test_authentication_with_token PASSED [ 76%]
2026-02-02T18:02:14.8792590Z tests/test_providers.py::TestGitHubActionsProvider::test_authentication_without_token PASSED [ 76%]
2026-02-02T18:02:14.8803410Z tests/test_providers.py::TestGitHubActionsProvider::test_rate_limiting_error_handling PASSED [ 77%]
2026-02-02T18:02:14.8814730Z tests/test_providers.py::TestGitHubActionsProvider::test_404_not_found_error_handling PASSED [ 77%]
2026-02-02T18:02:14.8824360Z tests/test_providers.py::TestGitHubActionsProvider::test_network_timeout_error_handling PASSED [ 78%]
2026-02-02T18:02:14.8832890Z tests/test_providers.py::TestGitHubActionsProvider::test_generic_request_error_handling PASSED [ 78%]
2026-02-02T18:02:14.8844930Z tests/test_providers.py::TestGitHubActionsProvider::test_malformed_response_handling PASSED [ 78%]
2026-02-02T18:02:14.8857300Z tests/test_providers.py::TestGitHubActionsProvider::test_pagination_support PASSED [ 79%]
2026-02-02T18:02:14.8868670Z tests/test_providers.py::TestGitHubActionsProvider::test_workflow_name_filtering PASSED [ 79%]
2026-02-02T18:02:14.8879140Z tests/test_providers.py::TestGitHubActionsProvider::test_get_logs_with_invalid_timestamps PASSED [ 80%]
2026-02-02T18:02:14.8891080Z tests/test_providers.py::TestGitHubActionsProvider::test_get_logs_with_empty_lines PASSED [ 80%]
2026-02-02T18:02:14.8896310Z tests/test_reporting.py::TestReportFormatter::test_format_duration_ms PASSED [ 80%]
2026-02-02T18:02:14.8901150Z tests/test_reporting.py::TestReportFormatter::test_format_duration_none PASSED [ 81%]
2026-02-02T18:02:14.8906070Z tests/test_reporting.py::TestReportFormatter::test_format_timestamp PASSED [ 81%]
2026-02-02T18:02:14.8911080Z tests/test_reporting.py::TestReportFormatter::test_format_percentage PASSED [ 82%]
2026-02-02T18:02:14.8915930Z tests/test_reporting.py::TestReportFormatter::test_truncate_message PASSED [ 82%]
2026-02-02T18:02:14.8920840Z tests/test_reporting.py::TestConsoleReporter::test_generate_failure_summary_empty PASSED [ 82%]
2026-02-02T18:02:14.8928710Z tests/test_reporting.py::TestConsoleReporter::test_generate_failure_summary_with_failures PASSED [ 83%]
2026-02-02T18:02:14.8934050Z tests/test_reporting.py::TestConsoleReporter::test_generate_failure_summary_with_colors PASSED [ 83%]
2026-02-02T18:02:14.8939200Z tests/test_reporting.py::TestConsoleReporter::test_generate_flaky_test_report PASSED [ 84%]
2026-02-02T18:02:14.8945010Z tests/test_reporting.py::TestConsoleReporter::test_generate_platform_comparison PASSED [ 84%]
2026-02-02T18:02:14.8950220Z tests/test_reporting.py::TestConsoleReporter::test_generate_recommendations_report PASSED [ 84%]
2026-02-02T18:02:14.8955260Z tests/test_reporting.py::TestConsoleReporter::test_color_detection_auto PASSED [ 85%]
2026-02-02T18:02:14.8960500Z tests/test_reporting.py::TestHtmlReporter::test_generate_html_report_basic PASSED [ 85%]
2026-02-02T18:02:14.8965800Z tests/test_reporting.py::TestHtmlReporter::test_generate_html_report_with_timeline PASSED [ 86%]
2026-02-02T18:02:14.8970960Z tests/test_reporting.py::TestHtmlReporter::test_generate_html_with_flaky_tests PASSED [ 86%]
2026-02-02T18:02:14.8976100Z tests/test_reporting.py::TestHtmlReporter::test_generate_html_with_platform_comparison PASSED [ 86%]
2026-02-02T18:02:14.8988660Z tests/test_reporting.py::TestHtmlReporter::test_save_html_report_to_file PASSED [ 87%]
2026-02-02T18:02:14.8994400Z tests/test_reporting.py::TestHtmlReporter::test_html_escaping PASSED     [ 87%]
2026-02-02T18:02:14.9001010Z tests/test_reporting.py::TestJsonExporter::test_export_failures_to_json PASSED [ 88%]
2026-02-02T18:02:14.9006900Z tests/test_reporting.py::TestJsonExporter::test_export_flaky_tests_to_json PASSED [ 88%]
2026-02-02T18:02:14.9013430Z tests/test_reporting.py::TestJsonExporter::test_export_complete_analysis_to_json PASSED [ 88%]
2026-02-02T18:02:14.9024010Z tests/test_reporting.py::TestJsonExporter::test_save_json_to_file PASSED [ 89%]
2026-02-02T18:02:14.9030260Z tests/test_reporting.py::TestJsonExporter::test_json_indentation PASSED  [ 89%]
2026-02-02T18:02:14.9035570Z tests/test_reporting.py::TestCsvExporter::test_export_failures_to_csv PASSED [ 90%]
2026-02-02T18:02:14.9040790Z tests/test_reporting.py::TestCsvExporter::test_export_flaky_tests_to_csv PASSED [ 90%]
2026-02-02T18:02:14.9051140Z tests/test_reporting.py::TestCsvExporter::test_save_csv_to_file PASSED   [ 90%]
2026-02-02T18:02:14.9056080Z tests/test_reporting.py::TestCsvExporter::test_csv_escaping PASSED       [ 91%]
2026-02-02T18:02:14.9068380Z tests/test_reporting.py::TestReportIntegration::test_generate_all_formats PASSED [ 91%]
2026-02-02T18:02:14.9074200Z tests/test_reporting.py::TestReportIntegration::test_empty_failures_all_formats PASSED [ 92%]
2026-02-02T18:02:14.9134120Z tests/test_storage.py::TestWorkflowRun::test_create_workflow_run PASSED  [ 92%]
2026-02-02T18:02:14.9181300Z tests/test_storage.py::TestWorkflowRun::test_workflow_run_unique_constraint PASSED [ 92%]
2026-02-02T18:02:14.9187500Z tests/test_storage.py::TestWorkflowRun::test_workflow_run_repr PASSED    [ 93%]
2026-02-02T18:02:14.9258180Z tests/test_storage.py::TestWorkflowRun::test_workflow_run_relationship_to_jobs PASSED [ 93%]
2026-02-02T18:02:14.9370770Z tests/test_storage.py::TestWorkflowRun::test_workflow_run_cascade_delete PASSED [ 94%]
2026-02-02T18:02:14.9429610Z tests/test_storage.py::TestWorkflowJob::test_create_workflow_job PASSED  [ 94%]
2026-02-02T18:02:14.9481590Z tests/test_storage.py::TestWorkflowJob::test_workflow_job_unique_constraint PASSED [ 94%]
2026-02-02T18:02:14.9487910Z tests/test_storage.py::TestWorkflowJob::test_workflow_job_repr PASSED    [ 95%]
2026-02-02T18:02:14.9554480Z tests/test_storage.py::TestWorkflowJob::test_workflow_job_foreign_key PASSED [ 95%]
2026-02-02T18:02:14.9620850Z tests/test_storage.py::TestWorkflowTestResult::test_create_test_result PASSED [ 96%]
2026-02-02T18:02:14.9626400Z tests/test_storage.py::TestWorkflowTestResult::test_test_result_repr PASSED [ 96%]
2026-02-02T18:02:14.9728410Z tests/test_storage.py::TestWorkflowTestResult::test_test_result_cascade_delete PASSED [ 96%]
2026-02-02T18:02:14.9780310Z tests/test_storage.py::TestCIFailurePattern::test_create_failure_pattern PASSED [ 97%]
2026-02-02T18:02:14.9785940Z tests/test_storage.py::TestCIFailurePattern::test_failure_pattern_repr PASSED [ 97%]
2026-02-02T18:02:14.9796230Z tests/test_storage.py::TestDatabaseManager::test_create_database_manager PASSED [ 98%]
2026-02-02T18:02:14.9907070Z tests/test_storage.py::TestDatabaseManager::test_initialize_database PASSED [ 98%]
2026-02-02T18:02:14.9918230Z tests/test_storage.py::TestDatabaseManager::test_get_session_without_initialize PASSED [ 98%]
2026-02-02T18:02:15.0228030Z tests/test_storage.py::TestDatabaseManager::test_reset_database PASSED   [ 99%]
2026-02-02T18:02:15.0342020Z tests/test_storage.py::TestDatabaseManager::test_context_manager PASSED  [ 99%]
2026-02-02T18:02:15.5725440Z tests/test_storage.py::TestDatabaseManager::test_in_memory_database PASSED [100%]
2026-02-02T18:02:15.5727160Z 
2026-02-02T18:02:15.5732750Z ================================ tests coverage ================================
2026-02-02T18:02:15.5733450Z ______________ coverage: platform darwin, python 3.10.11-final-0 _______________
2026-02-02T18:02:15.5735020Z 
2026-02-02T18:02:15.5735270Z Name                                Stmts   Miss  Cover   Missing
2026-02-02T18:02:15.5735920Z -----------------------------------------------------------------
2026-02-02T18:02:15.5736260Z scout/__init__.py                       2      0   100%
2026-02-02T18:02:15.5736680Z scout/analysis.py                     153      1    99%   385
2026-02-02T18:02:15.5736960Z scout/ci/__init__.py                    2      0   100%
2026-02-02T18:02:15.5737250Z scout/ci/github_actions_client.py      84      5    94%   162-168
2026-02-02T18:02:15.5737740Z scout/failure_parser.py               314     22    93%   36, 129, 171, 183-188, 227, 239, 250, 266-267, 296-297, 397-398, 466, 581, 595-596, 704
2026-02-02T18:02:15.5738160Z scout/log_retrieval.py                146      0   100%
2026-02-02T18:02:15.5738400Z scout/parsers/__init__.py               2      0   100%
2026-02-02T18:02:15.5738690Z scout/parsers/ci_log_parser.py         96      4    96%   146, 204, 234, 318
2026-02-02T18:02:15.5738980Z scout/providers/__init__.py             3      0   100%
2026-02-02T18:02:15.5739220Z scout/providers/base.py                30      0   100%
2026-02-02T18:02:15.5739470Z scout/providers/github_actions.py      72      0   100%
2026-02-02T18:02:15.5739850Z scout/reporting.py                    265     20    92%   131, 136-141, 191, 198-199, 255-256, 293-294, 527, 532-533, 663, 665, 668, 671, 736
2026-02-02T18:02:15.5740230Z scout/storage/__init__.py               3      0   100%
2026-02-02T18:02:15.5740500Z scout/storage/database.py              45      7    84%   51-53, 71-73, 121
2026-02-02T18:02:15.5741010Z scout/storage/schema.py                69      0   100%
2026-02-02T18:02:15.5741260Z -----------------------------------------------------------------
2026-02-02T18:02:15.5741500Z TOTAL                                1286     59    95%
2026-02-02T18:02:15.5741690Z Coverage HTML written to dir htmlcov
2026-02-02T18:02:15.5741880Z Coverage XML written to file coverage.xml
2026-02-02T18:02:15.5742120Z Required test coverage of 90% reached. Total coverage: 95.41%
2026-02-02T18:02:15.5742400Z ============================= 251 passed in 1.72s ==============================
2026-02-02T18:02:15.6550670Z ##[group]Run actions/upload-artifact@v4
2026-02-02T18:02:15.6550870Z with:
2026-02-02T18:02:15.6551010Z   name: coverage-scout-macos-latest-py3.10
2026-02-02T18:02:15.6551200Z   path: ./scout/coverage.xml
2026-02-02T18:02:15.6551350Z   retention-days: 30
2026-02-02T18:02:15.6551480Z   if-no-files-found: warn
2026-02-02T18:02:15.6551620Z   compression-level: 6
2026-02-02T18:02:15.6551750Z   overwrite: false
2026-02-02T18:02:15.6551890Z   include-hidden-files: false
2026-02-02T18:02:15.6552030Z env:
2026-02-02T18:02:15.6552220Z   pythonLocation: /Users/runner/hostedtoolcache/Python/3.10.11/arm64
2026-02-02T18:02:15.6552590Z   PKG_CONFIG_PATH: /Users/runner/hostedtoolcache/Python/3.10.11/arm64/lib/pkgconfig
2026-02-02T18:02:15.6552940Z   Python_ROOT_DIR: /Users/runner/hostedtoolcache/Python/3.10.11/arm64
2026-02-02T18:02:15.6553260Z   Python2_ROOT_DIR: /Users/runner/hostedtoolcache/Python/3.10.11/arm64
2026-02-02T18:02:15.6553600Z   Python3_ROOT_DIR: /Users/runner/hostedtoolcache/Python/3.10.11/arm64
2026-02-02T18:02:15.6563300Z ##[endgroup]
2026-02-02T18:02:15.9685670Z With the provided path, there will be 1 file uploaded
2026-02-02T18:02:15.9688140Z Artifact name is valid!
2026-02-02T18:02:15.9688790Z Root directory input is valid!
2026-02-02T18:02:16.1571710Z Beginning upload of artifact content to blob storage
2026-02-02T18:02:16.3309580Z Uploaded bytes 3935
2026-02-02T18:02:16.3765950Z Finished uploading artifact content to blob storage!
2026-02-02T18:02:16.3768970Z SHA256 digest of uploaded artifact zip is ddc40307bc61feb455616873bd44050a0c72ce89a3cc4ce14296b0aefcea74fc
2026-02-02T18:02:16.3771090Z Finalizing artifact upload
2026-02-02T18:02:16.5016700Z Artifact coverage-scout-macos-latest-py3.10.zip successfully finalized. Artifact ID 5347594980
2026-02-02T18:02:16.5018580Z Artifact coverage-scout-macos-latest-py3.10 has been successfully uploaded! Final size is 3935 bytes. Artifact ID is 5347594980
2026-02-02T18:02:16.5038220Z Artifact download URL: https://github.com/lmvcruz/argos/actions/runs/21601435348/artifacts/5347594980
2026-02-02T18:02:16.5288350Z Post job cleanup.
2026-02-02T18:02:16.6822200Z Post job cleanup.
2026-02-02T18:02:16.7732020Z [command]/opt/homebrew/bin/git version
2026-02-02T18:02:16.7810470Z git version 2.52.0
2026-02-02T18:02:16.7822980Z Copying '/Users/runner/.gitconfig' to '/Users/runner/work/_temp/22376c12-4dea-4036-9224-263bede41049/.gitconfig'
2026-02-02T18:02:16.7830160Z Temporarily overriding HOME='/Users/runner/work/_temp/22376c12-4dea-4036-9224-263bede41049' before making global git config changes
2026-02-02T18:02:16.7830870Z Adding repository directory to the temporary git global config as a safe directory
2026-02-02T18:02:16.7839190Z [command]/opt/homebrew/bin/git config --global --add safe.directory /Users/runner/work/argos/argos
2026-02-02T18:02:16.7923350Z [command]/opt/homebrew/bin/git config --local --name-only --get-regexp core\.sshCommand
2026-02-02T18:02:16.7985000Z [command]/opt/homebrew/bin/git submodule foreach --recursive sh -c "git config --local --name-only --get-regexp 'core\.sshCommand' && git config --local --unset-all 'core.sshCommand' || :"
2026-02-02T18:02:16.8795780Z [command]/opt/homebrew/bin/git config --local --name-only --get-regexp http\.https\:\/\/github\.com\/\.extraheader
2026-02-02T18:02:16.8842550Z http.https://github.com/.extraheader
2026-02-02T18:02:16.8850400Z [command]/opt/homebrew/bin/git config --local --unset-all http.https://github.com/.extraheader
2026-02-02T18:02:16.8901340Z [command]/opt/homebrew/bin/git submodule foreach --recursive sh -c "git config --local --name-only --get-regexp 'http\.https\:\/\/github\.com\/\.extraheader' && git config --local --unset-all 'http.https://github.com/.extraheader' || :"
2026-02-02T18:02:16.9522590Z [command]/opt/homebrew/bin/git config --local --name-only --get-regexp ^includeIf\.gitdir:
2026-02-02T18:02:16.9574940Z [command]/opt/homebrew/bin/git submodule foreach --recursive git config --local --show-origin --name-only --get-regexp remote.origin.url
2026-02-02T18:02:17.0226070Z Cleaning up orphan processes
