2026-02-02T18:01:01.2889173Z Current runner version: '2.331.0'
2026-02-02T18:01:01.2911812Z ##[group]Runner Image Provisioner
2026-02-02T18:01:01.2912905Z Hosted Compute Agent
2026-02-02T18:01:01.2913454Z Version: 20260123.484
2026-02-02T18:01:01.2914134Z Commit: 6bd6555ca37d84114959e1c76d2c01448ff61c5d
2026-02-02T18:01:01.2914783Z Build Date: 2026-01-23T19:41:17Z
2026-02-02T18:01:01.2915419Z Worker ID: {21dfec6b-1e42-4c4d-b4af-f02d4bd71acc}
2026-02-02T18:01:01.2916163Z Azure Region: westcentralus
2026-02-02T18:01:01.2916729Z ##[endgroup]
2026-02-02T18:01:01.2918061Z ##[group]Operating System
2026-02-02T18:01:01.2918733Z Ubuntu
2026-02-02T18:01:01.2919160Z 24.04.3
2026-02-02T18:01:01.2919607Z LTS
2026-02-02T18:01:01.2920132Z ##[endgroup]
2026-02-02T18:01:01.2920584Z ##[group]Runner Image
2026-02-02T18:01:01.2921110Z Image: ubuntu-24.04
2026-02-02T18:01:01.2921606Z Version: 20260126.10.1
2026-02-02T18:01:01.2922998Z Included Software: https://github.com/actions/runner-images/blob/ubuntu24/20260126.10/images/ubuntu/Ubuntu2404-Readme.md
2026-02-02T18:01:01.2924518Z Image Release: https://github.com/actions/runner-images/releases/tag/ubuntu24%2F20260126.10
2026-02-02T18:01:01.2925398Z ##[endgroup]
2026-02-02T18:01:01.2926381Z ##[group]GITHUB_TOKEN Permissions
2026-02-02T18:01:01.2928183Z Contents: read
2026-02-02T18:01:01.2928726Z Metadata: read
2026-02-02T18:01:01.2929168Z Packages: read
2026-02-02T18:01:01.2929789Z ##[endgroup]
2026-02-02T18:01:01.2932126Z Secret source: Actions
2026-02-02T18:01:01.2932990Z Prepare workflow directory
2026-02-02T18:01:01.3379545Z Prepare all required actions
2026-02-02T18:01:01.3416742Z Getting action download info
2026-02-02T18:01:01.7701730Z Download action repository 'actions/checkout@v4' (SHA:34e114876b0b11c390a56381ad16ebd13914f8d5)
2026-02-02T18:01:01.8611817Z Download action repository 'actions/setup-python@v5' (SHA:a26af69be951a213d495a4c3e4e4022e16d87065)
2026-02-02T18:01:01.9881717Z Download action repository 'codecov/codecov-action@v4' (SHA:b9fd7d16f6d7d1b5d2bec1a2887e65ceed900238)
2026-02-02T18:01:02.5605340Z Download action repository 'actions/upload-artifact@v4' (SHA:ea165f8d65b6e75b540449e92b4886f43607fa02)
2026-02-02T18:01:02.8225986Z Complete job name: Test Python 3.11 on ubuntu-latest
2026-02-02T18:01:02.8927979Z ##[group]Run actions/checkout@v4
2026-02-02T18:01:02.8929057Z with:
2026-02-02T18:01:02.8929551Z   repository: lmvcruz/argos
2026-02-02T18:01:02.8930455Z   token: ***
2026-02-02T18:01:02.8930944Z   ssh-strict: true
2026-02-02T18:01:02.8931456Z   ssh-user: git
2026-02-02T18:01:02.8931991Z   persist-credentials: true
2026-02-02T18:01:02.8932788Z   clean: true
2026-02-02T18:01:02.8933334Z   sparse-checkout-cone-mode: true
2026-02-02T18:01:02.8934033Z   fetch-depth: 1
2026-02-02T18:01:02.8934563Z   fetch-tags: false
2026-02-02T18:01:02.8935109Z   show-progress: true
2026-02-02T18:01:02.8935642Z   lfs: false
2026-02-02T18:01:02.8936122Z   submodules: false
2026-02-02T18:01:02.8936676Z   set-safe-directory: true
2026-02-02T18:01:02.8937530Z ##[endgroup]
2026-02-02T18:01:03.0025877Z Syncing repository: lmvcruz/argos
2026-02-02T18:01:03.0027993Z ##[group]Getting Git version info
2026-02-02T18:01:03.0028936Z Working directory is '/home/runner/work/argos/argos'
2026-02-02T18:01:03.0030315Z [command]/usr/bin/git version
2026-02-02T18:01:03.0104495Z git version 2.52.0
2026-02-02T18:01:03.0130235Z ##[endgroup]
2026-02-02T18:01:03.0145203Z Temporarily overriding HOME='/home/runner/work/_temp/27279a0d-eef5-4e82-ba91-0834d56f88aa' before making global git config changes
2026-02-02T18:01:03.0147640Z Adding repository directory to the temporary git global config as a safe directory
2026-02-02T18:01:03.0157676Z [command]/usr/bin/git config --global --add safe.directory /home/runner/work/argos/argos
2026-02-02T18:01:03.0198760Z Deleting the contents of '/home/runner/work/argos/argos'
2026-02-02T18:01:03.0201891Z ##[group]Initializing the repository
2026-02-02T18:01:03.0206421Z [command]/usr/bin/git init /home/runner/work/argos/argos
2026-02-02T18:01:03.0321583Z hint: Using 'master' as the name for the initial branch. This default branch name
2026-02-02T18:01:03.0324389Z hint: will change to "main" in Git 3.0. To configure the initial branch name
2026-02-02T18:01:03.0326908Z hint: to use in all of your new repositories, which will suppress this warning,
2026-02-02T18:01:03.0328494Z hint: call:
2026-02-02T18:01:03.0328922Z hint:
2026-02-02T18:01:03.0329752Z hint: 	git config --global init.defaultBranch <name>
2026-02-02T18:01:03.0330763Z hint:
2026-02-02T18:01:03.0331807Z hint: Names commonly chosen instead of 'master' are 'main', 'trunk' and
2026-02-02T18:01:03.0333547Z hint: 'development'. The just-created branch can be renamed via this command:
2026-02-02T18:01:03.0334656Z hint:
2026-02-02T18:01:03.0335115Z hint: 	git branch -m <name>
2026-02-02T18:01:03.0335699Z hint:
2026-02-02T18:01:03.0336587Z hint: Disable this message with "git config set advice.defaultBranchName false"
2026-02-02T18:01:03.0338631Z Initialized empty Git repository in /home/runner/work/argos/argos/.git/
2026-02-02T18:01:03.0341029Z [command]/usr/bin/git remote add origin https://github.com/lmvcruz/argos
2026-02-02T18:01:03.0374561Z ##[endgroup]
2026-02-02T18:01:03.0375572Z ##[group]Disabling automatic garbage collection
2026-02-02T18:01:03.0378516Z [command]/usr/bin/git config --local gc.auto 0
2026-02-02T18:01:03.0407454Z ##[endgroup]
2026-02-02T18:01:03.0408323Z ##[group]Setting up auth
2026-02-02T18:01:03.0414681Z [command]/usr/bin/git config --local --name-only --get-regexp core\.sshCommand
2026-02-02T18:01:03.0444710Z [command]/usr/bin/git submodule foreach --recursive sh -c "git config --local --name-only --get-regexp 'core\.sshCommand' && git config --local --unset-all 'core.sshCommand' || :"
2026-02-02T18:01:03.0825424Z [command]/usr/bin/git config --local --name-only --get-regexp http\.https\:\/\/github\.com\/\.extraheader
2026-02-02T18:01:03.0854840Z [command]/usr/bin/git submodule foreach --recursive sh -c "git config --local --name-only --get-regexp 'http\.https\:\/\/github\.com\/\.extraheader' && git config --local --unset-all 'http.https://github.com/.extraheader' || :"
2026-02-02T18:01:03.1078776Z [command]/usr/bin/git config --local --name-only --get-regexp ^includeIf\.gitdir:
2026-02-02T18:01:03.1110294Z [command]/usr/bin/git submodule foreach --recursive git config --local --show-origin --name-only --get-regexp remote.origin.url
2026-02-02T18:01:03.1342142Z [command]/usr/bin/git config --local http.https://github.com/.extraheader AUTHORIZATION: basic ***
2026-02-02T18:01:03.1374877Z ##[endgroup]
2026-02-02T18:01:03.1376059Z ##[group]Fetching the repository
2026-02-02T18:01:03.1384502Z [command]/usr/bin/git -c protocol.version=2 fetch --no-tags --prune --no-recurse-submodules --depth=1 origin +5563a4bf4fc378de14842c14efad0d4117ca0a1e:refs/remotes/origin/main
2026-02-02T18:01:03.8310701Z From https://github.com/lmvcruz/argos
2026-02-02T18:01:03.8312259Z  * [new ref]         5563a4bf4fc378de14842c14efad0d4117ca0a1e -> origin/main
2026-02-02T18:01:03.8346083Z ##[endgroup]
2026-02-02T18:01:03.8348165Z ##[group]Determining the checkout info
2026-02-02T18:01:03.8350335Z ##[endgroup]
2026-02-02T18:01:03.8354530Z [command]/usr/bin/git sparse-checkout disable
2026-02-02T18:01:03.8397933Z [command]/usr/bin/git config --local --unset-all extensions.worktreeConfig
2026-02-02T18:01:03.8423950Z ##[group]Checking out the ref
2026-02-02T18:01:03.8427468Z [command]/usr/bin/git checkout --progress --force -B main refs/remotes/origin/main
2026-02-02T18:01:03.8692792Z Switched to a new branch 'main'
2026-02-02T18:01:03.8695023Z branch 'main' set up to track 'origin/main'.
2026-02-02T18:01:03.8703540Z ##[endgroup]
2026-02-02T18:01:03.8738692Z [command]/usr/bin/git log -1 --format=%H
2026-02-02T18:01:03.8760869Z 5563a4bf4fc378de14842c14efad0d4117ca0a1e
2026-02-02T18:01:03.9057207Z ##[group]Run actions/setup-python@v5
2026-02-02T18:01:03.9058318Z with:
2026-02-02T18:01:03.9059100Z   python-version: 3.11
2026-02-02T18:01:03.9060002Z   check-latest: false
2026-02-02T18:01:03.9061112Z   token: ***
2026-02-02T18:01:03.9061944Z   update-environment: true
2026-02-02T18:01:03.9063283Z   allow-prereleases: false
2026-02-02T18:01:03.9064234Z   freethreaded: false
2026-02-02T18:01:03.9065099Z ##[endgroup]
2026-02-02T18:01:04.0998786Z ##[group]Installed versions
2026-02-02T18:01:04.1681832Z Successfully set up CPython (3.11.14)
2026-02-02T18:01:04.1684720Z ##[endgroup]
2026-02-02T18:01:04.1897135Z ##[group]Run python -m pip install --upgrade pip
2026-02-02T18:01:04.1898525Z [36;1mpython -m pip install --upgrade pip[0m
2026-02-02T18:01:04.1899646Z [36;1mpip install -e ".[dev]"[0m
2026-02-02T18:01:04.2076543Z shell: /usr/bin/bash -e {0}
2026-02-02T18:01:04.2077470Z env:
2026-02-02T18:01:04.2078380Z   pythonLocation: /opt/hostedtoolcache/Python/3.11.14/x64
2026-02-02T18:01:04.2079966Z   PKG_CONFIG_PATH: /opt/hostedtoolcache/Python/3.11.14/x64/lib/pkgconfig
2026-02-02T18:01:04.2081637Z   Python_ROOT_DIR: /opt/hostedtoolcache/Python/3.11.14/x64
2026-02-02T18:01:04.2083245Z   Python2_ROOT_DIR: /opt/hostedtoolcache/Python/3.11.14/x64
2026-02-02T18:01:04.2084667Z   Python3_ROOT_DIR: /opt/hostedtoolcache/Python/3.11.14/x64
2026-02-02T18:01:04.2086118Z   LD_LIBRARY_PATH: /opt/hostedtoolcache/Python/3.11.14/x64/lib
2026-02-02T18:01:04.2087391Z ##[endgroup]
2026-02-02T18:01:07.3656209Z Requirement already satisfied: pip in /opt/hostedtoolcache/Python/3.11.14/x64/lib/python3.11/site-packages (25.3)
2026-02-02T18:01:07.5213713Z Collecting pip
2026-02-02T18:01:07.6235577Z   Downloading pip-26.0-py3-none-any.whl.metadata (4.7 kB)
2026-02-02T18:01:07.6468190Z Downloading pip-26.0-py3-none-any.whl (1.8 MB)
2026-02-02T18:01:07.9408891Z    ━━━━━━━━━━━━━━━━━━━━━━━━━━━━━━━━━━━━━━━━ 1.8/1.8 MB 6.8 MB/s  0:00:00
2026-02-02T18:01:07.9943839Z Installing collected packages: pip
2026-02-02T18:01:07.9944796Z   Attempting uninstall: pip
2026-02-02T18:01:07.9958946Z     Found existing installation: pip 25.3
2026-02-02T18:01:08.0700553Z     Uninstalling pip-25.3:
2026-02-02T18:01:08.0757958Z       Successfully uninstalled pip-25.3
2026-02-02T18:01:08.8801923Z Successfully installed pip-26.0
2026-02-02T18:01:09.3528557Z Obtaining file:///home/runner/work/argos/argos/scout
2026-02-02T18:01:09.3548814Z   Installing build dependencies: started
2026-02-02T18:01:10.4957820Z   Installing build dependencies: finished with status 'done'
2026-02-02T18:01:10.4964143Z   Checking if build backend supports build_editable: started
2026-02-02T18:01:10.8177392Z   Checking if build backend supports build_editable: finished with status 'done'
2026-02-02T18:01:10.8184762Z   Getting requirements to build editable: started
2026-02-02T18:01:11.2050776Z   Getting requirements to build editable: finished with status 'done'
2026-02-02T18:01:11.2060528Z   Preparing editable metadata (pyproject.toml): started
2026-02-02T18:01:11.4168805Z   Preparing editable metadata (pyproject.toml): finished with status 'done'
2026-02-02T18:01:11.5512534Z Collecting requests>=2.28.0 (from argos-scout==0.1.0)
2026-02-02T18:01:11.6500362Z   Downloading requests-2.32.5-py3-none-any.whl.metadata (4.9 kB)
2026-02-02T18:01:11.8104948Z Collecting pydantic>=2.0.0 (from argos-scout==0.1.0)
2026-02-02T18:01:11.8299239Z   Downloading pydantic-2.12.5-py3-none-any.whl.metadata (90 kB)
2026-02-02T18:01:11.9080563Z Collecting rich>=13.0.0 (from argos-scout==0.1.0)
2026-02-02T18:01:11.9273701Z   Downloading rich-14.3.2-py3-none-any.whl.metadata (18 kB)
2026-02-02T18:01:11.9587921Z Collecting python-dateutil>=2.8.0 (from argos-scout==0.1.0)
2026-02-02T18:01:11.9782612Z   Downloading python_dateutil-2.9.0.post0-py2.py3-none-any.whl.metadata (8.4 kB)
2026-02-02T18:01:12.2416976Z Collecting sqlalchemy>=2.0.0 (from argos-scout==0.1.0)
2026-02-02T18:01:12.2619470Z   Downloading sqlalchemy-2.0.46-cp311-cp311-manylinux2014_x86_64.manylinux_2_17_x86_64.manylinux_2_28_x86_64.whl.metadata (9.5 kB)
2026-02-02T18:01:12.3153990Z Collecting pytest>=7.0.0 (from argos-scout==0.1.0)
2026-02-02T18:01:12.3342920Z   Downloading pytest-9.0.2-py3-none-any.whl.metadata (7.6 kB)
2026-02-02T18:01:12.3645853Z Collecting pytest-cov>=4.0.0 (from argos-scout==0.1.0)
2026-02-02T18:01:12.3835260Z   Downloading pytest_cov-7.0.0-py3-none-any.whl.metadata (31 kB)
2026-02-02T18:01:12.4213823Z Collecting pytest-mock>=3.10.0 (from argos-scout==0.1.0)
2026-02-02T18:01:12.4403504Z   Downloading pytest_mock-3.15.1-py3-none-any.whl.metadata (3.9 kB)
2026-02-02T18:01:12.5021621Z Collecting black>=23.0.0 (from argos-scout==0.1.0)
2026-02-02T18:01:12.5219516Z   Downloading black-26.1.0-cp311-cp311-manylinux2014_x86_64.manylinux_2_17_x86_64.manylinux_2_28_x86_64.whl.metadata (88 kB)
2026-02-02T18:01:12.5956119Z Collecting flake8>=6.0.0 (from argos-scout==0.1.0)
2026-02-02T18:01:12.6147219Z   Downloading flake8-7.3.0-py2.py3-none-any.whl.metadata (3.8 kB)
2026-02-02T18:01:12.6517444Z Collecting isort>=5.12.0 (from argos-scout==0.1.0)
2026-02-02T18:01:12.6743278Z   Downloading isort-7.0.0-py3-none-any.whl.metadata (11 kB)
2026-02-02T18:01:12.7802081Z Collecting mypy>=1.0.0 (from argos-scout==0.1.0)
2026-02-02T18:01:12.7996857Z   Downloading mypy-1.19.1-cp311-cp311-manylinux2014_x86_64.manylinux_2_17_x86_64.manylinux_2_28_x86_64.whl.metadata (2.2 kB)
2026-02-02T18:01:12.8309218Z Collecting click>=8.0.0 (from black>=23.0.0->argos-scout==0.1.0)
2026-02-02T18:01:12.8500577Z   Downloading click-8.3.1-py3-none-any.whl.metadata (2.6 kB)
2026-02-02T18:01:12.8751610Z Collecting mypy-extensions>=0.4.3 (from black>=23.0.0->argos-scout==0.1.0)
2026-02-02T18:01:12.8939461Z   Downloading mypy_extensions-1.1.0-py3-none-any.whl.metadata (1.1 kB)
2026-02-02T18:01:12.9222025Z Collecting packaging>=22.0 (from black>=23.0.0->argos-scout==0.1.0)
2026-02-02T18:01:12.9236058Z   Using cached packaging-26.0-py3-none-any.whl.metadata (3.3 kB)
2026-02-02T18:01:12.9482527Z Collecting pathspec>=1.0.0 (from black>=23.0.0->argos-scout==0.1.0)
2026-02-02T18:01:12.9670862Z   Downloading pathspec-1.0.4-py3-none-any.whl.metadata (13 kB)
2026-02-02T18:01:13.0010832Z Collecting platformdirs>=2 (from black>=23.0.0->argos-scout==0.1.0)
2026-02-02T18:01:13.0201884Z   Downloading platformdirs-4.5.1-py3-none-any.whl.metadata (12 kB)
2026-02-02T18:01:13.0534845Z Collecting pytokens>=0.3.0 (from black>=23.0.0->argos-scout==0.1.0)
2026-02-02T18:01:13.0737040Z   Downloading pytokens-0.4.1-cp311-cp311-manylinux2014_x86_64.manylinux_2_17_x86_64.manylinux_2_28_x86_64.whl.metadata (3.8 kB)
2026-02-02T18:01:13.1008107Z Collecting mccabe<0.8.0,>=0.7.0 (from flake8>=6.0.0->argos-scout==0.1.0)
2026-02-02T18:01:13.1199679Z   Downloading mccabe-0.7.0-py2.py3-none-any.whl.metadata (5.0 kB)
2026-02-02T18:01:13.1468793Z Collecting pycodestyle<2.15.0,>=2.14.0 (from flake8>=6.0.0->argos-scout==0.1.0)
2026-02-02T18:01:13.1685964Z   Downloading pycodestyle-2.14.0-py2.py3-none-any.whl.metadata (4.5 kB)
2026-02-02T18:01:13.1956692Z Collecting pyflakes<3.5.0,>=3.4.0 (from flake8>=6.0.0->argos-scout==0.1.0)
2026-02-02T18:01:13.2147401Z   Downloading pyflakes-3.4.0-py2.py3-none-any.whl.metadata (3.5 kB)
2026-02-02T18:01:13.2463601Z Collecting typing_extensions>=4.6.0 (from mypy>=1.0.0->argos-scout==0.1.0)
2026-02-02T18:01:13.2654123Z   Downloading typing_extensions-4.15.0-py3-none-any.whl.metadata (3.3 kB)
2026-02-02T18:01:13.3655516Z Collecting librt>=0.6.2 (from mypy>=1.0.0->argos-scout==0.1.0)
2026-02-02T18:01:13.3846436Z   Downloading librt-0.7.8-cp311-cp311-manylinux2014_x86_64.manylinux_2_17_x86_64.manylinux_2_28_x86_64.whl.metadata (1.3 kB)
2026-02-02T18:01:13.4118345Z Collecting annotated-types>=0.6.0 (from pydantic>=2.0.0->argos-scout==0.1.0)
2026-02-02T18:01:13.4317911Z   Downloading annotated_types-0.7.0-py3-none-any.whl.metadata (15 kB)
2026-02-02T18:01:14.0815170Z Collecting pydantic-core==2.41.5 (from pydantic>=2.0.0->argos-scout==0.1.0)
2026-02-02T18:01:14.1009231Z   Downloading pydantic_core-2.41.5-cp311-cp311-manylinux_2_17_x86_64.manylinux2014_x86_64.whl.metadata (7.3 kB)
2026-02-02T18:01:14.1274439Z Collecting typing-inspection>=0.4.2 (from pydantic>=2.0.0->argos-scout==0.1.0)
2026-02-02T18:01:14.1461998Z   Downloading typing_inspection-0.4.2-py3-none-any.whl.metadata (2.6 kB)
2026-02-02T18:01:14.1727959Z Collecting iniconfig>=1.0.1 (from pytest>=7.0.0->argos-scout==0.1.0)
2026-02-02T18:01:14.1919205Z   Downloading iniconfig-2.3.0-py3-none-any.whl.metadata (2.5 kB)
2026-02-02T18:01:14.2179293Z Collecting pluggy<2,>=1.5 (from pytest>=7.0.0->argos-scout==0.1.0)
2026-02-02T18:01:14.2369811Z   Downloading pluggy-1.6.0-py3-none-any.whl.metadata (4.8 kB)
2026-02-02T18:01:14.2704465Z Collecting pygments>=2.7.2 (from pytest>=7.0.0->argos-scout==0.1.0)
2026-02-02T18:01:14.2892197Z   Downloading pygments-2.19.2-py3-none-any.whl.metadata (2.5 kB)
2026-02-02T18:01:14.6717376Z Collecting coverage>=7.10.6 (from coverage[toml]>=7.10.6->pytest-cov>=4.0.0->argos-scout==0.1.0)
2026-02-02T18:01:14.6912528Z   Downloading coverage-7.13.2-cp311-cp311-manylinux1_x86_64.manylinux_2_28_x86_64.manylinux_2_5_x86_64.whl.metadata (8.5 kB)
2026-02-02T18:01:14.7297218Z Collecting six>=1.5 (from python-dateutil>=2.8.0->argos-scout==0.1.0)
2026-02-02T18:01:14.7488270Z   Downloading six-1.17.0-py2.py3-none-any.whl.metadata (1.7 kB)
2026-02-02T18:01:14.8359378Z Collecting charset_normalizer<4,>=2 (from requests>=2.28.0->argos-scout==0.1.0)
2026-02-02T18:01:14.8571426Z   Downloading charset_normalizer-3.4.4-cp311-cp311-manylinux2014_x86_64.manylinux_2_17_x86_64.manylinux_2_28_x86_64.whl.metadata (37 kB)
2026-02-02T18:01:14.8932014Z Collecting idna<4,>=2.5 (from requests>=2.28.0->argos-scout==0.1.0)
2026-02-02T18:01:14.9123346Z   Downloading idna-3.11-py3-none-any.whl.metadata (8.4 kB)
2026-02-02T18:01:14.9510271Z Collecting urllib3<3,>=1.21.1 (from requests>=2.28.0->argos-scout==0.1.0)
2026-02-02T18:01:14.9698978Z   Downloading urllib3-2.6.3-py3-none-any.whl.metadata (6.9 kB)
2026-02-02T18:01:15.0034286Z Collecting certifi>=2017.4.17 (from requests>=2.28.0->argos-scout==0.1.0)
2026-02-02T18:01:15.0226595Z   Downloading certifi-2026.1.4-py3-none-any.whl.metadata (2.5 kB)
2026-02-02T18:01:15.0534413Z Collecting markdown-it-py>=2.2.0 (from rich>=13.0.0->argos-scout==0.1.0)
2026-02-02T18:01:15.0722861Z   Downloading markdown_it_py-4.0.0-py3-none-any.whl.metadata (7.3 kB)
2026-02-02T18:01:15.1026176Z Collecting mdurl~=0.1 (from markdown-it-py>=2.2.0->rich>=13.0.0->argos-scout==0.1.0)
2026-02-02T18:01:15.1214557Z   Downloading mdurl-0.1.2-py3-none-any.whl.metadata (1.6 kB)
2026-02-02T18:01:15.2496991Z Collecting greenlet>=1 (from sqlalchemy>=2.0.0->argos-scout==0.1.0)
2026-02-02T18:01:15.2690970Z   Downloading greenlet-3.3.1-cp311-cp311-manylinux_2_24_x86_64.manylinux_2_28_x86_64.whl.metadata (3.7 kB)
2026-02-02T18:01:15.2950088Z Downloading black-26.1.0-cp311-cp311-manylinux2014_x86_64.manylinux_2_17_x86_64.manylinux_2_28_x86_64.whl (1.7 MB)
2026-02-02T18:01:15.5558224Z    ━━━━━━━━━━━━━━━━━━━━━━━━━━━━━━━━━━━━━━━━ 1.7/1.7 MB 7.2 MB/s  0:00:00
2026-02-02T18:01:15.5747973Z Downloading click-8.3.1-py3-none-any.whl (108 kB)
2026-02-02T18:01:15.6037518Z Downloading flake8-7.3.0-py2.py3-none-any.whl (57 kB)
2026-02-02T18:01:15.6296821Z Downloading mccabe-0.7.0-py2.py3-none-any.whl (7.3 kB)
2026-02-02T18:01:15.6506622Z Downloading pycodestyle-2.14.0-py2.py3-none-any.whl (31 kB)
2026-02-02T18:01:15.6728517Z Downloading pyflakes-3.4.0-py2.py3-none-any.whl (63 kB)
2026-02-02T18:01:15.6985045Z Downloading isort-7.0.0-py3-none-any.whl (94 kB)
2026-02-02T18:01:15.7256105Z Downloading mypy-1.19.1-cp311-cp311-manylinux2014_x86_64.manylinux_2_17_x86_64.manylinux_2_28_x86_64.whl (13.4 MB)
2026-02-02T18:01:16.3233133Z    ━━━━━━━━━━━━━━━━━━━━━━━━━━━━━━━━━━━━━━━━ 13.4/13.4 MB 23.1 MB/s  0:00:00
2026-02-02T18:01:16.3428244Z Downloading librt-0.7.8-cp311-cp311-manylinux2014_x86_64.manylinux_2_17_x86_64.manylinux_2_28_x86_64.whl (188 kB)
2026-02-02T18:01:16.3665413Z Downloading mypy_extensions-1.1.0-py3-none-any.whl (5.0 kB)
2026-02-02T18:01:16.3705097Z Using cached packaging-26.0-py3-none-any.whl (74 kB)
2026-02-02T18:01:16.3895476Z Downloading pathspec-1.0.4-py3-none-any.whl (55 kB)
2026-02-02T18:01:16.4107478Z Downloading platformdirs-4.5.1-py3-none-any.whl (18 kB)
2026-02-02T18:01:16.4318120Z Downloading pydantic-2.12.5-py3-none-any.whl (463 kB)
2026-02-02T18:01:16.4607632Z Downloading pydantic_core-2.41.5-cp311-cp311-manylinux_2_17_x86_64.manylinux2014_x86_64.whl (2.1 MB)
2026-02-02T18:01:16.5065009Z    ━━━━━━━━━━━━━━━━━━━━━━━━━━━━━━━━━━━━━━━━ 2.1/2.1 MB 44.4 MB/s  0:00:00
2026-02-02T18:01:16.5254807Z Downloading annotated_types-0.7.0-py3-none-any.whl (13 kB)
2026-02-02T18:01:16.5461124Z Downloading pytest-9.0.2-py3-none-any.whl (374 kB)
2026-02-02T18:01:16.5719167Z Downloading pluggy-1.6.0-py3-none-any.whl (20 kB)
2026-02-02T18:01:16.5929594Z Downloading iniconfig-2.3.0-py3-none-any.whl (7.5 kB)
2026-02-02T18:01:16.6153284Z Downloading pygments-2.19.2-py3-none-any.whl (1.2 MB)
2026-02-02T18:01:16.6413622Z    ━━━━━━━━━━━━━━━━━━━━━━━━━━━━━━━━━━━━━━━━ 1.2/1.2 MB 46.6 MB/s  0:00:00
2026-02-02T18:01:16.6623209Z Downloading pytest_cov-7.0.0-py3-none-any.whl (22 kB)
2026-02-02T18:01:16.6836069Z Downloading coverage-7.13.2-cp311-cp311-manylinux1_x86_64.manylinux_2_28_x86_64.manylinux_2_5_x86_64.whl (251 kB)
2026-02-02T18:01:16.7071774Z Downloading pytest_mock-3.15.1-py3-none-any.whl (10 kB)
2026-02-02T18:01:16.7280579Z Downloading python_dateutil-2.9.0.post0-py2.py3-none-any.whl (229 kB)
2026-02-02T18:01:16.7515846Z Downloading pytokens-0.4.1-cp311-cp311-manylinux2014_x86_64.manylinux_2_17_x86_64.manylinux_2_28_x86_64.whl (260 kB)
2026-02-02T18:01:16.7771028Z Downloading requests-2.32.5-py3-none-any.whl (64 kB)
2026-02-02T18:01:16.7986281Z Downloading charset_normalizer-3.4.4-cp311-cp311-manylinux2014_x86_64.manylinux_2_17_x86_64.manylinux_2_28_x86_64.whl (151 kB)
2026-02-02T18:01:16.8211208Z Downloading idna-3.11-py3-none-any.whl (71 kB)
2026-02-02T18:01:16.8425254Z Downloading urllib3-2.6.3-py3-none-any.whl (131 kB)
2026-02-02T18:01:16.8648797Z Downloading certifi-2026.1.4-py3-none-any.whl (152 kB)
2026-02-02T18:01:16.8873394Z Downloading rich-14.3.2-py3-none-any.whl (309 kB)
2026-02-02T18:01:16.9122690Z Downloading markdown_it_py-4.0.0-py3-none-any.whl (87 kB)
2026-02-02T18:01:16.9334534Z Downloading mdurl-0.1.2-py3-none-any.whl (10.0 kB)
2026-02-02T18:01:16.9544636Z Downloading six-1.17.0-py2.py3-none-any.whl (11 kB)
2026-02-02T18:01:16.9759468Z Downloading sqlalchemy-2.0.46-cp311-cp311-manylinux2014_x86_64.manylinux_2_17_x86_64.manylinux_2_28_x86_64.whl (3.3 MB)
2026-02-02T18:01:17.0378402Z    ━━━━━━━━━━━━━━━━━━━━━━━━━━━━━━━━━━━━━━━━ 3.3/3.3 MB 53.4 MB/s  0:00:00
2026-02-02T18:01:17.0568951Z Downloading greenlet-3.3.1-cp311-cp311-manylinux_2_24_x86_64.manylinux_2_28_x86_64.whl (590 kB)
2026-02-02T18:01:17.0692626Z    ━━━━━━━━━━━━━━━━━━━━━━━━━━━━━━━━━━━━━━━━ 590.3/590.3 kB 40.3 MB/s  0:00:00
2026-02-02T18:01:17.0880913Z Downloading typing_extensions-4.15.0-py3-none-any.whl (44 kB)
2026-02-02T18:01:17.1094408Z Downloading typing_inspection-0.4.2-py3-none-any.whl (14 kB)
2026-02-02T18:01:17.1632834Z Building wheels for collected packages: argos-scout
2026-02-02T18:01:17.1640612Z   Building editable for argos-scout (pyproject.toml): started
2026-02-02T18:01:17.4186892Z   Building editable for argos-scout (pyproject.toml): finished with status 'done'
2026-02-02T18:01:17.4192589Z   Created wheel for argos-scout: filename=argos_scout-0.1.0-0.editable-py3-none-any.whl size=4024 sha256=97226a9d09cd4048d63f9c775f9db0067a96e938b07642b1f0643e9c0a7c1e6d
2026-02-02T18:01:17.4194079Z   Stored in directory: /tmp/pip-ephem-wheel-cache-dn37537m/wheels/3e/37/f8/c57641ba5c5eb2e0cf57ea1607167ece0e54208f547e0325c2
2026-02-02T18:01:17.4209829Z Successfully built argos-scout
2026-02-02T18:01:17.4821899Z Installing collected packages: urllib3, typing_extensions, six, pytokens, pygments, pyflakes, pycodestyle, pluggy, platformdirs, pathspec, packaging, mypy-extensions, mdurl, mccabe, librt, isort, iniconfig, idna, greenlet, coverage, click, charset_normalizer, certifi, annotated-types, typing-inspection, sqlalchemy, requests, python-dateutil, pytest, pydantic-core, mypy, markdown-it-py, flake8, black, rich, pytest-mock, pytest-cov, pydantic, argos-scout
2026-02-02T18:01:22.2037261Z 
2026-02-02T18:01:22.2061992Z Successfully installed annotated-types-0.7.0 argos-scout-0.1.0 black-26.1.0 certifi-2026.1.4 charset_normalizer-3.4.4 click-8.3.1 coverage-7.13.2 flake8-7.3.0 greenlet-3.3.1 idna-3.11 iniconfig-2.3.0 isort-7.0.0 librt-0.7.8 markdown-it-py-4.0.0 mccabe-0.7.0 mdurl-0.1.2 mypy-1.19.1 mypy-extensions-1.1.0 packaging-26.0 pathspec-1.0.4 platformdirs-4.5.1 pluggy-1.6.0 pycodestyle-2.14.0 pydantic-2.12.5 pydantic-core-2.41.5 pyflakes-3.4.0 pygments-2.19.2 pytest-9.0.2 pytest-cov-7.0.0 pytest-mock-3.15.1 python-dateutil-2.9.0.post0 pytokens-0.4.1 requests-2.32.5 rich-14.3.2 six-1.17.0 sqlalchemy-2.0.46 typing-inspection-0.4.2 typing_extensions-4.15.0 urllib3-2.6.3
2026-02-02T18:01:22.5815405Z ##[group]Run pytest tests/ -v --cov=scout --cov-report=xml --cov-report=term-missing
2026-02-02T18:01:22.5816006Z [36;1mpytest tests/ -v --cov=scout --cov-report=xml --cov-report=term-missing[0m
2026-02-02T18:01:22.5850165Z shell: /usr/bin/bash -e {0}
2026-02-02T18:01:22.5850391Z env:
2026-02-02T18:01:22.5850643Z   pythonLocation: /opt/hostedtoolcache/Python/3.11.14/x64
2026-02-02T18:01:22.5851048Z   PKG_CONFIG_PATH: /opt/hostedtoolcache/Python/3.11.14/x64/lib/pkgconfig
2026-02-02T18:01:22.5851447Z   Python_ROOT_DIR: /opt/hostedtoolcache/Python/3.11.14/x64
2026-02-02T18:01:22.5851818Z   Python2_ROOT_DIR: /opt/hostedtoolcache/Python/3.11.14/x64
2026-02-02T18:01:22.5852165Z   Python3_ROOT_DIR: /opt/hostedtoolcache/Python/3.11.14/x64
2026-02-02T18:01:22.5852647Z   LD_LIBRARY_PATH: /opt/hostedtoolcache/Python/3.11.14/x64/lib
2026-02-02T18:01:22.5852945Z ##[endgroup]
2026-02-02T18:01:23.4687320Z ============================= test session starts ==============================
2026-02-02T18:01:23.4688256Z platform linux -- Python 3.11.14, pytest-9.0.2, pluggy-1.6.0 -- /opt/hostedtoolcache/Python/3.11.14/x64/bin/python
2026-02-02T18:01:23.4688859Z cachedir: .pytest_cache
2026-02-02T18:01:23.4689159Z rootdir: /home/runner/work/argos/argos/scout
2026-02-02T18:01:23.4689502Z configfile: pyproject.toml
2026-02-02T18:01:23.4689789Z plugins: cov-7.0.0, mock-3.15.1
2026-02-02T18:01:24.5455198Z collecting ... collected 251 items
2026-02-02T18:01:24.5455567Z 
2026-02-02T18:01:24.5473228Z tests/test_analysis.py::TestFlakyTestDetection::test_detect_flaky_test_with_mixed_results PASSED [  0%]
2026-02-02T18:01:24.5485426Z tests/test_analysis.py::TestFlakyTestDetection::test_no_flaky_tests_when_always_passing PASSED [  0%]
2026-02-02T18:01:24.5497688Z tests/test_analysis.py::TestFlakyTestDetection::test_no_flaky_tests_when_always_failing PASSED [  1%]
2026-02-02T18:01:24.5509686Z tests/test_analysis.py::TestFlakyTestDetection::test_flaky_test_with_multiple_tests PASSED [  1%]
2026-02-02T18:01:24.5521358Z tests/test_analysis.py::TestFlakyTestDetection::test_insufficient_runs_for_flaky_detection PASSED [  1%]
2026-02-02T18:01:24.5533145Z tests/test_analysis.py::TestRecurringFailureDetection::test_detect_recurring_failure PASSED [  2%]
2026-02-02T18:01:24.5544981Z tests/test_analysis.py::TestRecurringFailureDetection::test_no_recurring_failures_below_threshold PASSED [  2%]
2026-02-02T18:01:24.5556834Z tests/test_analysis.py::TestRecurringFailureDetection::test_multiple_recurring_failures PASSED [  3%]
2026-02-02T18:01:24.5568419Z tests/test_analysis.py::TestPlatformSpecificFailures::test_detect_windows_only_failure PASSED [  3%]
2026-02-02T18:01:24.5580165Z tests/test_analysis.py::TestPlatformSpecificFailures::test_detect_linux_only_failure PASSED [  3%]
2026-02-02T18:01:24.5591868Z tests/test_analysis.py::TestPlatformSpecificFailures::test_no_platform_specific_when_all_fail PASSED [  4%]
2026-02-02T18:01:24.5606704Z tests/test_analysis.py::TestPlatformSpecificFailures::test_no_platform_specific_when_all_pass PASSED [  4%]
2026-02-02T18:01:24.5618604Z tests/test_analysis.py::TestFailureGrouping::test_group_failures_by_same_message PASSED [  5%]
2026-02-02T18:01:24.5630799Z tests/test_analysis.py::TestFailureGrouping::test_group_failures_by_same_location PASSED [  5%]
2026-02-02T18:01:24.5642563Z tests/test_analysis.py::TestFailureGrouping::test_group_failures_by_same_type PASSED [  5%]
2026-02-02T18:01:24.5654300Z tests/test_analysis.py::TestFailureGrouping::test_no_grouping_for_unique_failures PASSED [  6%]
2026-02-02T18:01:24.5666300Z tests/test_analysis.py::TestTrendAnalysis::test_detect_increasing_failure_trend PASSED [  6%]
2026-02-02T18:01:24.5678000Z tests/test_analysis.py::TestTrendAnalysis::test_detect_decreasing_failure_trend PASSED [  7%]
2026-02-02T18:01:24.5689861Z tests/test_analysis.py::TestTrendAnalysis::test_detect_stable_trend PASSED [  7%]
2026-02-02T18:01:24.5701675Z tests/test_analysis.py::TestTrendAnalysis::test_insufficient_data_for_trend PASSED [  7%]
2026-02-02T18:01:24.5713702Z tests/test_analysis.py::TestRecommendationGeneration::test_recommendation_for_flaky_test PASSED [  8%]
2026-02-02T18:01:24.5725404Z tests/test_analysis.py::TestRecommendationGeneration::test_recommendation_for_recurring_failure PASSED [  8%]
2026-02-02T18:01:24.5737205Z tests/test_analysis.py::TestRecommendationGeneration::test_recommendation_for_platform_specific_failure PASSED [  9%]
2026-02-02T18:01:24.5748811Z tests/test_analysis.py::TestRecommendationGeneration::test_recommendation_for_increasing_trend PASSED [  9%]
2026-02-02T18:01:24.5764990Z tests/test_analysis.py::TestRecommendationGeneration::test_no_recommendations_for_healthy_state PASSED [  9%]
2026-02-02T18:01:24.5776809Z tests/test_analysis.py::TestRecommendationGeneration::test_multiple_recommendations_prioritized PASSED [ 10%]
2026-02-02T18:01:24.5788123Z tests/test_analysis.py::TestFailureGroupDataclass::test_failure_group_creation PASSED [ 10%]
2026-02-02T18:01:24.5799499Z tests/test_analysis.py::TestFlakyTestDataclass::test_flaky_test_creation PASSED [ 11%]
2026-02-02T18:01:24.5811032Z tests/test_analysis.py::TestPlatformFailureDataclass::test_platform_failure_creation PASSED [ 11%]
2026-02-02T18:01:24.5830202Z tests/test_analysis.py::TestRecommendationDataclass::test_recommendation_creation PASSED [ 11%]
2026-02-02T18:01:24.5843546Z tests/test_analysis.py::TestFailureTrendDataclass::test_failure_trend_creation PASSED [ 12%]
2026-02-02T18:01:24.5875591Z tests/test_ci_log_parser.py::TestPytestLogParsing::test_parse_pytest_log_all_passed PASSED [ 12%]
2026-02-02T18:01:24.5894517Z tests/test_ci_log_parser.py::TestPytestLogParsing::test_parse_pytest_log_with_failures PASSED [ 13%]
2026-02-02T18:01:24.5908373Z tests/test_ci_log_parser.py::TestPytestLogParsing::test_parse_pytest_log_with_skipped_tests PASSED [ 13%]
2026-02-02T18:01:24.5922690Z tests/test_ci_log_parser.py::TestPytestLogParsing::test_parse_pytest_log_with_errors PASSED [ 13%]
2026-02-02T18:01:24.5936666Z tests/test_ci_log_parser.py::TestPytestLogParsing::test_parse_pytest_log_with_durations PASSED [ 14%]
2026-02-02T18:01:24.5951021Z tests/test_ci_log_parser.py::TestPytestLogParsing::test_parse_pytest_log_extract_traceback PASSED [ 14%]
2026-02-02T18:01:24.5965139Z tests/test_ci_log_parser.py::TestPytestLogParsing::test_parse_pytest_log_with_parametrized_tests PASSED [ 15%]
2026-02-02T18:01:24.5977601Z tests/test_ci_log_parser.py::TestPytestLogParsing::test_parse_pytest_empty_log PASSED [ 15%]
2026-02-02T18:01:24.5990690Z tests/test_ci_log_parser.py::TestPytestLogParsing::test_parse_pytest_log_no_collection PASSED [ 15%]
2026-02-02T18:01:24.6014473Z tests/test_ci_log_parser.py::TestCoverageLogParsing::test_parse_coverage_log_basic PASSED [ 16%]
2026-02-02T18:01:24.6027397Z tests/test_ci_log_parser.py::TestCoverageLogParsing::test_parse_coverage_log_with_missing_lines PASSED [ 16%]
2026-02-02T18:01:24.6039647Z tests/test_ci_log_parser.py::TestCoverageLogParsing::test_parse_coverage_log_empty PASSED [ 17%]
2026-02-02T18:01:24.6058058Z tests/test_ci_log_parser.py::TestFlake8LogParsing::test_parse_flake8_log_with_violations PASSED [ 17%]
2026-02-02T18:01:24.6070512Z tests/test_ci_log_parser.py::TestFlake8LogParsing::test_parse_flake8_log_no_violations PASSED [ 17%]
2026-02-02T18:01:24.6096539Z tests/test_ci_log_parser.py::TestFailurePatternDetection::test_detect_timeout_pattern PASSED [ 18%]
2026-02-02T18:01:24.6109662Z tests/test_ci_log_parser.py::TestFailurePatternDetection::test_detect_platform_specific_pattern PASSED [ 18%]
2026-02-02T18:01:24.6122590Z tests/test_ci_log_parser.py::TestFailurePatternDetection::test_detect_setup_failure_pattern PASSED [ 19%]
2026-02-02T18:01:24.6135747Z tests/test_ci_log_parser.py::TestFailurePatternDetection::test_detect_import_error_pattern PASSED [ 19%]
2026-02-02T18:01:24.6149196Z tests/test_ci_log_parser.py::TestFailurePatternDetection::test_detect_multiple_patterns PASSED [ 19%]
2026-02-02T18:01:24.6163665Z tests/test_ci_log_parser.py::TestFailurePatternDetection::test_no_patterns_in_successful_log PASSED [ 20%]
2026-02-02T18:01:24.6216557Z tests/test_cli.py::TestCLIArgumentParsing::test_create_parser_returns_argparse_parser PASSED [ 20%]
2026-02-02T18:01:24.6276923Z tests/test_cli.py::TestCLIArgumentParsing::test_parser_has_version_argument PASSED [ 21%]
2026-02-02T18:01:24.6337575Z tests/test_cli.py::TestCLIArgumentParsing::test_parser_has_help_argument PASSED [ 21%]
2026-02-02T18:01:24.6392616Z tests/test_cli.py::TestCLIArgumentParsing::test_parser_requires_subcommand PASSED [ 21%]
2026-02-02T18:01:24.6442265Z tests/test_cli.py::TestLogsCommand::test_logs_command_with_workflow_name PASSED [ 22%]
2026-02-02T18:01:24.6492144Z tests/test_cli.py::TestLogsCommand::test_logs_command_with_limit_option PASSED [ 22%]
2026-02-02T18:01:24.6540519Z tests/test_cli.py::TestLogsCommand::test_logs_command_with_output_option PASSED [ 23%]
2026-02-02T18:01:24.6590354Z tests/test_cli.py::TestLogsCommand::test_logs_command_with_branch_filter PASSED [ 23%]
2026-02-02T18:01:24.6677693Z tests/test_cli.py::TestLogsCommand::test_logs_command_execution PASSED   [ 23%]
2026-02-02T18:01:24.6726567Z tests/test_cli.py::TestAnalyzeCommand::test_analyze_command_with_run_id PASSED [ 24%]
2026-02-02T18:01:24.6781415Z tests/test_cli.py::TestAnalyzeCommand::test_analyze_command_with_format_option PASSED [ 24%]
2026-02-02T18:01:24.6830383Z tests/test_cli.py::TestAnalyzeCommand::test_analyze_command_with_output_file PASSED [ 25%]
2026-02-02T18:01:24.6881635Z tests/test_cli.py::TestAnalyzeCommand::test_analyze_command_with_verbose_flag PASSED [ 25%]
2026-02-02T18:01:24.6986550Z tests/test_cli.py::TestAnalyzeCommand::test_analyze_command_execution PASSED [ 25%]
2026-02-02T18:01:24.7035638Z tests/test_cli.py::TestTrendsCommand::test_trends_command_with_workflow_name PASSED [ 26%]
2026-02-02T18:01:24.7083434Z tests/test_cli.py::TestTrendsCommand::test_trends_command_with_days_option PASSED [ 26%]
2026-02-02T18:01:24.7132805Z tests/test_cli.py::TestTrendsCommand::test_trends_command_with_format_option PASSED [ 27%]
2026-02-02T18:01:24.7220130Z tests/test_cli.py::TestTrendsCommand::test_trends_command_execution PASSED [ 27%]
2026-02-02T18:01:24.7269317Z tests/test_cli.py::TestFlakyCommand::test_flaky_command_no_arguments PASSED [ 27%]
2026-02-02T18:01:24.7317154Z tests/test_cli.py::TestFlakyCommand::test_flaky_command_with_threshold_option PASSED [ 28%]
2026-02-02T18:01:24.7366712Z tests/test_cli.py::TestFlakyCommand::test_flaky_command_with_min_runs_option PASSED [ 28%]
2026-02-02T18:01:24.7414134Z tests/test_cli.py::TestFlakyCommand::test_flaky_command_with_format_option PASSED [ 29%]
2026-02-02T18:01:24.7486582Z tests/test_cli.py::TestFlakyCommand::test_flaky_command_execution PASSED [ 29%]
2026-02-02T18:01:24.7534858Z tests/test_cli.py::TestConfigCommand::test_config_show_command PASSED    [ 29%]
2026-02-02T18:01:24.7587082Z tests/test_cli.py::TestConfigCommand::test_config_set_command_with_key_value PASSED [ 30%]
2026-02-02T18:01:24.7634788Z tests/test_cli.py::TestConfigCommand::test_config_get_command_with_key PASSED [ 30%]
2026-02-02T18:01:24.7696723Z tests/test_cli.py::TestConfigCommand::test_config_show_execution PASSED  [ 31%]
2026-02-02T18:01:24.7757217Z tests/test_cli.py::TestAuthenticationHandling::test_token_from_environment_variable PASSED [ 31%]
2026-02-02T18:01:24.7817630Z tests/test_cli.py::TestAuthenticationHandling::test_token_from_command_line_option PASSED [ 31%]
2026-02-02T18:01:24.7878814Z tests/test_cli.py::TestAuthenticationHandling::test_repo_from_environment_variable PASSED [ 32%]
2026-02-02T18:01:24.7928623Z tests/test_cli.py::TestAuthenticationHandling::test_repo_from_command_line_option PASSED [ 32%]
2026-02-02T18:01:24.7977317Z tests/test_cli.py::TestOutputFormatOptions::test_console_format PASSED   [ 33%]
2026-02-02T18:01:24.8027019Z tests/test_cli.py::TestOutputFormatOptions::test_html_format PASSED      [ 33%]
2026-02-02T18:01:24.8075082Z tests/test_cli.py::TestOutputFormatOptions::test_json_format PASSED      [ 33%]
2026-02-02T18:01:24.8124529Z tests/test_cli.py::TestOutputFormatOptions::test_csv_format PASSED       [ 34%]
2026-02-02T18:01:24.8172969Z tests/test_cli.py::TestOutputFormatOptions::test_default_format_is_console PASSED [ 34%]
2026-02-02T18:01:24.8226263Z tests/test_cli.py::TestErrorHandling::test_missing_token_error PASSED    [ 35%]
2026-02-02T18:01:24.8291520Z tests/test_cli.py::TestErrorHandling::test_invalid_repository_format_error PASSED [ 35%]
2026-02-02T18:01:24.8369365Z tests/test_cli.py::TestErrorHandling::test_network_error_handling PASSED [ 35%]
2026-02-02T18:01:24.8419050Z tests/test_cli.py::TestVerboseOutput::test_verbose_flag_sets_logging_level PASSED [ 36%]
2026-02-02T18:01:24.8467333Z tests/test_cli.py::TestVerboseOutput::test_quiet_flag_sets_logging_level PASSED [ 36%]
2026-02-02T18:01:24.8575096Z tests/test_cli.py::TestCLIIntegration::test_full_analyze_workflow PASSED [ 37%]
2026-02-02T18:01:24.8700005Z tests/test_cli.py::TestCLIIntegration::test_html_report_generation_workflow PASSED [ 37%]
2026-02-02T18:01:24.8750944Z tests/test_cli.py::TestMainFunction::test_main_with_no_arguments_shows_help PASSED [ 37%]
2026-02-02T18:01:24.8801282Z tests/test_cli.py::TestMainFunction::test_main_returns_zero_on_success PASSED [ 38%]
2026-02-02T18:01:24.8852864Z tests/test_cli.py::TestMainFunction::test_main_returns_nonzero_on_error PASSED [ 38%]
2026-02-02T18:01:24.8864981Z tests/test_failure_parser.py::TestFailureLocation::test_failure_location_creation PASSED [ 39%]
2026-02-02T18:01:24.8876789Z tests/test_failure_parser.py::TestFailureLocation::test_failure_location_without_column PASSED [ 39%]
2026-02-02T18:01:24.8888758Z tests/test_failure_parser.py::TestFailureLocation::test_failure_location_string_representation PASSED [ 39%]
2026-02-02T18:01:24.8900365Z tests/test_failure_parser.py::TestStackFrame::test_stack_frame_creation PASSED [ 40%]
2026-02-02T18:01:24.8912045Z tests/test_failure_parser.py::TestStackFrame::test_stack_frame_without_code PASSED [ 40%]
2026-02-02T18:01:24.8924070Z tests/test_failure_parser.py::TestFailureDataclass::test_test_failure_creation PASSED [ 41%]
2026-02-02T18:01:24.8935892Z tests/test_failure_parser.py::TestFailureDataclass::test_test_failure_minimal PASSED [ 41%]
2026-02-02T18:01:24.8956125Z tests/test_failure_parser.py::TestPytestParser::test_parse_pytest_simple_failure PASSED [ 41%]
2026-02-02T18:01:24.8968840Z tests/test_failure_parser.py::TestPytestParser::test_parse_pytest_with_stack_trace PASSED [ 42%]
2026-02-02T18:01:24.8981112Z tests/test_failure_parser.py::TestPytestParser::test_parse_pytest_multiple_failures PASSED [ 42%]
2026-02-02T18:01:24.8993194Z tests/test_failure_parser.py::TestPytestParser::test_parse_pytest_json_output PASSED [ 43%]
2026-02-02T18:01:24.9005562Z tests/test_failure_parser.py::TestPytestParser::test_parse_pytest_parametrized_test PASSED [ 43%]
2026-02-02T18:01:24.9017341Z tests/test_failure_parser.py::TestPytestParser::test_parse_pytest_no_failures PASSED [ 43%]
2026-02-02T18:01:24.9029591Z tests/test_failure_parser.py::TestPytestParser::test_parse_pytest_with_captured_output PASSED [ 44%]
2026-02-02T18:01:24.9043958Z tests/test_failure_parser.py::TestUnittestParser::test_parse_unittest_simple_failure PASSED [ 44%]
2026-02-02T18:01:24.9056129Z tests/test_failure_parser.py::TestUnittestParser::test_parse_unittest_error PASSED [ 45%]
2026-02-02T18:01:24.9068714Z tests/test_failure_parser.py::TestUnittestParser::test_parse_unittest_multiple_failures PASSED [ 45%]
2026-02-02T18:01:24.9080639Z tests/test_failure_parser.py::TestUnittestParser::test_parse_unittest_no_failures PASSED [ 45%]
2026-02-02T18:01:24.9093221Z tests/test_failure_parser.py::TestUnittestParser::test_parse_unittest_with_stack_trace PASSED [ 46%]
2026-02-02T18:01:24.9114303Z tests/test_failure_parser.py::TestGoogleTestParser::test_parse_gtest_simple_failure PASSED [ 46%]
2026-02-02T18:01:24.9130096Z tests/test_failure_parser.py::TestGoogleTestParser::test_parse_gtest_xml_output PASSED [ 47%]
2026-02-02T18:01:24.9142217Z tests/test_failure_parser.py::TestGoogleTestParser::test_parse_gtest_json_output PASSED [ 47%]
2026-02-02T18:01:24.9164786Z tests/test_failure_parser.py::TestGoogleTestParser::test_parse_gtest_multiple_failures PASSED [ 47%]
2026-02-02T18:01:24.9177159Z tests/test_failure_parser.py::TestGoogleTestParser::test_parse_gtest_no_failures PASSED [ 48%]
2026-02-02T18:01:24.9188981Z tests/test_failure_parser.py::TestFailureParser::test_auto_detect_pytest PASSED [ 48%]
2026-02-02T18:01:24.9203514Z tests/test_failure_parser.py::TestFailureParser::test_auto_detect_unittest PASSED [ 49%]
2026-02-02T18:01:24.9220165Z tests/test_failure_parser.py::TestFailureParser::test_auto_detect_gtest PASSED [ 49%]
2026-02-02T18:01:24.9232081Z tests/test_failure_parser.py::TestFailureParser::test_parse_with_explicit_format PASSED [ 49%]
2026-02-02T18:01:24.9244058Z tests/test_failure_parser.py::TestFailureParser::test_parse_empty_output PASSED [ 50%]
2026-02-02T18:01:24.9255790Z tests/test_failure_parser.py::TestFailureParser::test_parse_unknown_format PASSED [ 50%]
2026-02-02T18:01:24.9267675Z tests/test_failure_parser.py::TestFailureParser::test_parse_json_pytest PASSED [ 50%]
2026-02-02T18:01:24.9280181Z tests/test_failure_parser.py::TestFailureParser::test_get_parser_by_format PASSED [ 51%]
2026-02-02T18:01:24.9807845Z tests/test_github_actions_client.py::TestGitHubActionsClient::test_client_initialization PASSED [ 51%]
2026-02-02T18:01:25.0393009Z tests/test_github_actions_client.py::TestGitHubActionsClient::test_fetch_and_store_workflow_runs PASSED [ 52%]
2026-02-02T18:01:25.0853045Z tests/test_github_actions_client.py::TestGitHubActionsClient::test_fetch_duplicate_runs_updates_existing PASSED [ 52%]
2026-02-02T18:01:25.1378455Z tests/test_github_actions_client.py::TestGitHubActionsClient::test_fetch_workflow_jobs PASSED [ 52%]
2026-02-02T18:01:25.1711598Z tests/test_github_actions_client.py::TestGitHubActionsClient::test_parse_job_name_extracts_platform_and_python PASSED [ 53%]
2026-02-02T18:01:25.2054739Z tests/test_github_actions_client.py::TestGitHubActionsClient::test_calculate_duration PASSED [ 53%]
2026-02-02T18:01:25.2455143Z tests/test_github_actions_client.py::TestGitHubActionsClient::test_fetch_jobs_without_run_in_database PASSED [ 54%]
2026-02-02T18:01:25.2816141Z tests/test_github_actions_client.py::TestGitHubActionsClient::test_get_workflow_run_from_database PASSED [ 54%]
2026-02-02T18:01:25.3128834Z tests/test_github_actions_client.py::TestGitHubActionsClient::test_get_nonexistent_workflow_run PASSED [ 54%]
2026-02-02T18:01:25.3596489Z tests/test_github_actions_client.py::TestGitHubActionsClient::test_get_workflow_jobs_from_database PASSED [ 55%]
2026-02-02T18:01:25.3975556Z tests/test_github_actions_client.py::TestGitHubActionsClient::test_list_recent_workflow_runs PASSED [ 55%]
2026-02-02T18:01:25.4358989Z tests/test_github_actions_client.py::TestGitHubActionsClient::test_get_failed_runs PASSED [ 56%]
2026-02-02T18:01:25.5063460Z tests/test_github_actions_client.py::TestGitHubActionsClient::test_extract_run_number_from_metadata PASSED [ 56%]
2026-02-02T18:01:25.5074778Z tests/test_log_retrieval.py::TestLogParser::test_remove_ansi_codes_simple PASSED [ 56%]
2026-02-02T18:01:25.5086404Z tests/test_log_retrieval.py::TestLogParser::test_remove_ansi_codes_multiple PASSED [ 57%]
2026-02-02T18:01:25.5097639Z tests/test_log_retrieval.py::TestLogParser::test_remove_ansi_codes_no_codes PASSED [ 57%]
2026-02-02T18:01:25.5109254Z tests/test_log_retrieval.py::TestLogParser::test_remove_ansi_codes_empty PASSED [ 58%]
2026-02-02T18:01:25.5120818Z tests/test_log_retrieval.py::TestLogParser::test_extract_timestamp_iso8601 PASSED [ 58%]
2026-02-02T18:01:25.5132212Z tests/test_log_retrieval.py::TestLogParser::test_extract_timestamp_iso8601_with_millis PASSED [ 58%]
2026-02-02T18:01:25.5316356Z tests/test_log_retrieval.py::TestLogParser::test_extract_timestamp_space_separated PASSED [ 59%]
2026-02-02T18:01:25.5328264Z tests/test_log_retrieval.py::TestLogParser::test_extract_timestamp_unix PASSED [ 59%]
2026-02-02T18:01:25.5339990Z tests/test_log_retrieval.py::TestLogParser::test_extract_timestamp_no_timestamp PASSED [ 60%]
2026-02-02T18:01:25.5351766Z tests/test_log_retrieval.py::TestLogParser::test_parse_log_lines_simple PASSED [ 60%]
2026-02-02T18:01:25.5364183Z tests/test_log_retrieval.py::TestLogParser::test_parse_log_lines_with_ansi PASSED [ 60%]
2026-02-02T18:01:25.5375703Z tests/test_log_retrieval.py::TestLogParser::test_parse_log_lines_with_timestamps PASSED [ 61%]
2026-02-02T18:01:25.5387229Z tests/test_log_retrieval.py::TestLogParser::test_parse_log_lines_skip_empty PASSED [ 61%]
2026-02-02T18:01:25.5398680Z tests/test_log_retrieval.py::TestLogParser::test_parse_log_lines_empty_input PASSED [ 62%]
2026-02-02T18:01:25.5410419Z tests/test_log_retrieval.py::TestLogParser::test_extract_timestamp_invalid_format PASSED [ 62%]
2026-02-02T18:01:25.5427396Z tests/test_log_retrieval.py::TestLogCache::test_cache_initialization PASSED [ 62%]
2026-02-02T18:01:25.5441600Z tests/test_log_retrieval.py::TestLogCache::test_is_cached_false_for_missing PASSED [ 63%]
2026-02-02T18:01:25.5460752Z tests/test_log_retrieval.py::TestLogCache::test_save_and_load_log PASSED [ 63%]
2026-02-02T18:01:25.5478905Z tests/test_log_retrieval.py::TestLogCache::test_save_log_with_no_timestamps PASSED [ 64%]
2026-02-02T18:01:25.5492919Z tests/test_log_retrieval.py::TestLogCache::test_load_nonexistent_log PASSED [ 64%]
2026-02-02T18:01:25.5517048Z tests/test_log_retrieval.py::TestLogCache::test_clear_specific_run PASSED [ 64%]
2026-02-02T18:01:25.5545065Z tests/test_log_retrieval.py::TestLogCache::test_clear_all_logs PASSED    [ 65%]
2026-02-02T18:01:25.5561370Z tests/test_log_retrieval.py::TestLogRetriever::test_initialization_default_cache_dir PASSED [ 65%]
2026-02-02T18:01:25.5576033Z tests/test_log_retrieval.py::TestLogRetriever::test_initialization_custom_cache_dir PASSED [ 66%]
2026-02-02T18:01:25.5599940Z tests/test_log_retrieval.py::TestLogRetriever::test_get_logs_from_provider PASSED [ 66%]
2026-02-02T18:01:25.5622089Z tests/test_log_retrieval.py::TestLogRetriever::test_get_logs_from_cache PASSED [ 66%]
2026-02-02T18:01:25.5649040Z tests/test_log_retrieval.py::TestLogRetriever::test_get_logs_bypasses_cache_when_disabled PASSED [ 67%]
2026-02-02T18:01:25.5675387Z tests/test_log_retrieval.py::TestLogRetriever::test_get_all_job_logs PASSED [ 67%]
2026-02-02T18:01:25.5699356Z tests/test_log_retrieval.py::TestLogRetriever::test_get_all_job_logs_handles_errors PASSED [ 68%]
2026-02-02T18:01:25.5723806Z tests/test_log_retrieval.py::TestLogRetriever::test_get_logs_with_no_job_found PASSED [ 68%]
2026-02-02T18:01:25.5741487Z tests/test_log_retrieval.py::TestLogRetriever::test_cache_save_creates_directory_structure PASSED [ 68%]
2026-02-02T18:01:25.5759735Z tests/test_log_retrieval.py::TestLogRetriever::test_load_with_invalid_timestamp_in_cache PASSED [ 69%]
2026-02-02T18:01:25.5772133Z tests/test_log_retrieval.py::TestWorkflowLog::test_workflow_log_creation PASSED [ 69%]
2026-02-02T18:01:25.5787195Z tests/test_providers.py::TestCIProviderInterface::test_provider_interface_is_abstract PASSED [ 70%]
2026-02-02T18:01:25.5799547Z tests/test_providers.py::TestCIProviderInterface::test_provider_interface_requires_get_workflow_runs PASSED [ 70%]
2026-02-02T18:01:25.5811659Z tests/test_providers.py::TestCIProviderInterface::test_provider_interface_requires_get_workflow_run PASSED [ 70%]
2026-02-02T18:01:25.5824397Z tests/test_providers.py::TestCIProviderInterface::test_provider_interface_requires_get_jobs PASSED [ 71%]
2026-02-02T18:01:25.5836448Z tests/test_providers.py::TestCIProviderInterface::test_provider_interface_requires_get_logs PASSED [ 71%]
2026-02-02T18:01:25.5847970Z tests/test_providers.py::TestWorkflowRunModel::test_workflow_run_creation_with_all_fields PASSED [ 72%]
2026-02-02T18:01:25.5859375Z tests/test_providers.py::TestWorkflowRunModel::test_workflow_run_creation_with_optional_fields PASSED [ 72%]
2026-02-02T18:01:25.5870615Z tests/test_providers.py::TestJobModel::test_job_creation_with_all_fields PASSED [ 72%]
2026-02-02T18:01:25.5882047Z tests/test_providers.py::TestJobModel::test_job_creation_with_optional_fields PASSED [ 73%]
2026-02-02T18:01:25.5893863Z tests/test_providers.py::TestLogEntryModel::test_log_entry_creation PASSED [ 73%]
2026-02-02T18:01:25.5905792Z tests/test_providers.py::TestGitHubActionsProvider::test_github_actions_provider_initialization PASSED [ 74%]
2026-02-02T18:01:25.5917104Z tests/test_providers.py::TestGitHubActionsProvider::test_github_actions_provider_initialization_without_token PASSED [ 74%]
2026-02-02T18:01:25.5944363Z tests/test_providers.py::TestGitHubActionsProvider::test_get_workflow_runs_success PASSED [ 74%]
2026-02-02T18:01:25.5969993Z tests/test_providers.py::TestGitHubActionsProvider::test_get_workflow_run_success PASSED [ 75%]
2026-02-02T18:01:25.5996767Z tests/test_providers.py::TestGitHubActionsProvider::test_get_jobs_success PASSED [ 75%]
2026-02-02T18:01:25.6020242Z tests/test_providers.py::TestGitHubActionsProvider::test_get_logs_success PASSED [ 76%]
2026-02-02T18:01:25.6046149Z tests/test_providers.py::TestGitHubActionsProvider::test_authentication_with_token PASSED [ 76%]
2026-02-02T18:01:25.6070695Z tests/test_providers.py::TestGitHubActionsProvider::test_authentication_without_token PASSED [ 76%]
2026-02-02T18:01:25.6096109Z tests/test_providers.py::TestGitHubActionsProvider::test_rate_limiting_error_handling PASSED [ 77%]
2026-02-02T18:01:25.6118113Z tests/test_providers.py::TestGitHubActionsProvider::test_404_not_found_error_handling PASSED [ 77%]
2026-02-02T18:01:25.6136577Z tests/test_providers.py::TestGitHubActionsProvider::test_network_timeout_error_handling PASSED [ 78%]
2026-02-02T18:01:25.6155318Z tests/test_providers.py::TestGitHubActionsProvider::test_generic_request_error_handling PASSED [ 78%]
2026-02-02T18:01:25.6185265Z tests/test_providers.py::TestGitHubActionsProvider::test_malformed_response_handling PASSED [ 78%]
2026-02-02T18:01:25.6210448Z tests/test_providers.py::TestGitHubActionsProvider::test_pagination_support PASSED [ 79%]
2026-02-02T18:01:25.6236079Z tests/test_providers.py::TestGitHubActionsProvider::test_workflow_name_filtering PASSED [ 79%]
2026-02-02T18:01:25.6259780Z tests/test_providers.py::TestGitHubActionsProvider::test_get_logs_with_invalid_timestamps PASSED [ 80%]
2026-02-02T18:01:25.6285540Z tests/test_providers.py::TestGitHubActionsProvider::test_get_logs_with_empty_lines PASSED [ 80%]
2026-02-02T18:01:25.6297326Z tests/test_reporting.py::TestReportFormatter::test_format_duration_ms PASSED [ 80%]
2026-02-02T18:01:25.6309118Z tests/test_reporting.py::TestReportFormatter::test_format_duration_none PASSED [ 81%]
2026-02-02T18:01:25.6321940Z tests/test_reporting.py::TestReportFormatter::test_format_timestamp PASSED [ 81%]
2026-02-02T18:01:25.6341959Z tests/test_reporting.py::TestReportFormatter::test_format_percentage PASSED [ 82%]
2026-02-02T18:01:25.6359778Z tests/test_reporting.py::TestReportFormatter::test_truncate_message PASSED [ 82%]
2026-02-02T18:01:25.6377596Z tests/test_reporting.py::TestConsoleReporter::test_generate_failure_summary_empty PASSED [ 82%]
2026-02-02T18:01:25.6396003Z tests/test_reporting.py::TestConsoleReporter::test_generate_failure_summary_with_failures PASSED [ 83%]
2026-02-02T18:01:25.6413510Z tests/test_reporting.py::TestConsoleReporter::test_generate_failure_summary_with_colors PASSED [ 83%]
2026-02-02T18:01:25.6425683Z tests/test_reporting.py::TestConsoleReporter::test_generate_flaky_test_report PASSED [ 84%]
2026-02-02T18:01:25.6437702Z tests/test_reporting.py::TestConsoleReporter::test_generate_platform_comparison PASSED [ 84%]
2026-02-02T18:01:25.6449781Z tests/test_reporting.py::TestConsoleReporter::test_generate_recommendations_report PASSED [ 84%]
2026-02-02T18:01:25.6461793Z tests/test_reporting.py::TestConsoleReporter::test_color_detection_auto PASSED [ 85%]
2026-02-02T18:01:25.6474247Z tests/test_reporting.py::TestHtmlReporter::test_generate_html_report_basic PASSED [ 85%]
2026-02-02T18:01:25.6486639Z tests/test_reporting.py::TestHtmlReporter::test_generate_html_report_with_timeline PASSED [ 86%]
2026-02-02T18:01:25.6498542Z tests/test_reporting.py::TestHtmlReporter::test_generate_html_with_flaky_tests PASSED [ 86%]
2026-02-02T18:01:25.6510556Z tests/test_reporting.py::TestHtmlReporter::test_generate_html_with_platform_comparison PASSED [ 86%]
2026-02-02T18:01:25.6530377Z tests/test_reporting.py::TestHtmlReporter::test_save_html_report_to_file PASSED [ 87%]
2026-02-02T18:01:25.6542160Z tests/test_reporting.py::TestHtmlReporter::test_html_escaping PASSED     [ 87%]
2026-02-02T18:01:25.6556597Z tests/test_reporting.py::TestJsonExporter::test_export_failures_to_json PASSED [ 88%]
2026-02-02T18:01:25.6569032Z tests/test_reporting.py::TestJsonExporter::test_export_flaky_tests_to_json PASSED [ 88%]
2026-02-02T18:01:25.6582816Z tests/test_reporting.py::TestJsonExporter::test_export_complete_analysis_to_json PASSED [ 88%]
2026-02-02T18:01:25.6601738Z tests/test_reporting.py::TestJsonExporter::test_save_json_to_file PASSED [ 89%]
2026-02-02T18:01:25.6614318Z tests/test_reporting.py::TestJsonExporter::test_json_indentation PASSED  [ 89%]
2026-02-02T18:01:25.6626125Z tests/test_reporting.py::TestCsvExporter::test_export_failures_to_csv PASSED [ 90%]
2026-02-02T18:01:25.6637741Z tests/test_reporting.py::TestCsvExporter::test_export_flaky_tests_to_csv PASSED [ 90%]
2026-02-02T18:01:25.6656653Z tests/test_reporting.py::TestCsvExporter::test_save_csv_to_file PASSED   [ 90%]
2026-02-02T18:01:25.6668295Z tests/test_reporting.py::TestCsvExporter::test_csv_escaping PASSED       [ 91%]
2026-02-02T18:01:25.6689619Z tests/test_reporting.py::TestReportIntegration::test_generate_all_formats PASSED [ 91%]
2026-02-02T18:01:25.6702813Z tests/test_reporting.py::TestReportIntegration::test_empty_failures_all_formats PASSED [ 92%]
2026-02-02T18:01:25.6820119Z tests/test_storage.py::TestWorkflowRun::test_create_workflow_run PASSED  [ 92%]
2026-02-02T18:01:25.6919128Z tests/test_storage.py::TestWorkflowRun::test_workflow_run_unique_constraint PASSED [ 92%]
2026-02-02T18:01:25.6932097Z tests/test_storage.py::TestWorkflowRun::test_workflow_run_repr PASSED    [ 93%]
2026-02-02T18:01:25.7086327Z tests/test_storage.py::TestWorkflowRun::test_workflow_run_relationship_to_jobs PASSED [ 93%]
2026-02-02T18:01:25.7288822Z tests/test_storage.py::TestWorkflowRun::test_workflow_run_cascade_delete PASSED [ 94%]
2026-02-02T18:01:25.7406084Z tests/test_storage.py::TestWorkflowJob::test_create_workflow_job PASSED  [ 94%]
2026-02-02T18:01:25.7515238Z tests/test_storage.py::TestWorkflowJob::test_workflow_job_unique_constraint PASSED [ 94%]
2026-02-02T18:01:25.7528333Z tests/test_storage.py::TestWorkflowJob::test_workflow_job_repr PASSED    [ 95%]
2026-02-02T18:01:25.7663080Z tests/test_storage.py::TestWorkflowJob::test_workflow_job_foreign_key PASSED [ 95%]
2026-02-02T18:01:25.7799990Z tests/test_storage.py::TestWorkflowTestResult::test_create_test_result PASSED [ 96%]
2026-02-02T18:01:25.7812772Z tests/test_storage.py::TestWorkflowTestResult::test_test_result_repr PASSED [ 96%]
2026-02-02T18:01:25.8015932Z tests/test_storage.py::TestWorkflowTestResult::test_test_result_cascade_delete PASSED [ 96%]
2026-02-02T18:01:25.8139991Z tests/test_storage.py::TestCIFailurePattern::test_create_failure_pattern PASSED [ 97%]
2026-02-02T18:01:25.8152621Z tests/test_storage.py::TestCIFailurePattern::test_failure_pattern_repr PASSED [ 97%]
2026-02-02T18:01:25.8171120Z tests/test_storage.py::TestDatabaseManager::test_create_database_manager PASSED [ 98%]
2026-02-02T18:01:25.8440470Z tests/test_storage.py::TestDatabaseManager::test_initialize_database PASSED [ 98%]
2026-02-02T18:01:25.8460443Z tests/test_storage.py::TestDatabaseManager::test_get_session_without_initialize PASSED [ 98%]
2026-02-02T18:01:25.9037263Z tests/test_storage.py::TestDatabaseManager::test_reset_database PASSED   [ 99%]
2026-02-02T18:01:25.9306988Z tests/test_storage.py::TestDatabaseManager::test_context_manager PASSED  [ 99%]
2026-02-02T18:01:26.7174123Z tests/test_storage.py::TestDatabaseManager::test_in_memory_database PASSED [100%]
2026-02-02T18:01:26.7174765Z 
2026-02-02T18:01:26.7175022Z ================================ tests coverage ================================
2026-02-02T18:01:26.7175780Z _______________ coverage: platform linux, python 3.11.14-final-0 _______________
2026-02-02T18:01:26.7176284Z 
2026-02-02T18:01:26.7176505Z Name                                Stmts   Miss  Cover   Missing
2026-02-02T18:01:26.7177471Z -----------------------------------------------------------------
2026-02-02T18:01:26.7178107Z scout/__init__.py                       2      0   100%
2026-02-02T18:01:26.7178698Z scout/analysis.py                     153      1    99%   385
2026-02-02T18:01:26.7179307Z scout/ci/__init__.py                    2      0   100%
2026-02-02T18:01:26.7179892Z scout/ci/github_actions_client.py      84      5    94%   162-168
2026-02-02T18:01:26.7180773Z scout/failure_parser.py               314     22    93%   36, 129, 171, 183-188, 227, 239, 250, 266-267, 296-297, 397-398, 466, 581, 595-596, 704
2026-02-02T18:01:26.7181605Z scout/log_retrieval.py                146      0   100%
2026-02-02T18:01:26.7182105Z scout/parsers/__init__.py               2      0   100%
2026-02-02T18:01:26.7182933Z scout/parsers/ci_log_parser.py         96      4    96%   146, 204, 234, 318
2026-02-02T18:01:26.7183538Z scout/providers/__init__.py             3      0   100%
2026-02-02T18:01:26.7184039Z scout/providers/base.py                30      0   100%
2026-02-02T18:01:26.7184535Z scout/providers/github_actions.py      72      0   100%
2026-02-02T18:01:26.7185320Z scout/reporting.py                    265     20    92%   131, 136-141, 191, 198-199, 255-256, 293-294, 527, 532-533, 663, 665, 668, 671, 736
2026-02-02T18:01:26.7186100Z scout/storage/__init__.py               3      0   100%
2026-02-02T18:01:26.7186671Z scout/storage/database.py              45      7    84%   51-53, 71-73, 121
2026-02-02T18:01:26.7187258Z scout/storage/schema.py                69      0   100%
2026-02-02T18:01:26.7187778Z -----------------------------------------------------------------
2026-02-02T18:01:26.7188246Z TOTAL                                1286     59    95%
2026-02-02T18:01:26.7188660Z Coverage HTML written to dir htmlcov
2026-02-02T18:01:26.7189061Z Coverage XML written to file coverage.xml
2026-02-02T18:01:26.7189553Z Required test coverage of 90% reached. Total coverage: 95.41%
2026-02-02T18:01:26.7190122Z ============================= 251 passed in 3.15s ==============================
2026-02-02T18:01:26.8273716Z ##[group]Run codecov/codecov-action@v4
2026-02-02T18:01:26.8274011Z with:
2026-02-02T18:01:26.8274193Z   file: ./scout/coverage.xml
2026-02-02T18:01:26.8274415Z   flags: scout
2026-02-02T18:01:26.8274591Z   name: scout-coverage
2026-02-02T18:01:26.8274794Z   fail_ci_if_error: false
2026-02-02T18:01:26.8275000Z env:
2026-02-02T18:01:26.8275230Z   pythonLocation: /opt/hostedtoolcache/Python/3.11.14/x64
2026-02-02T18:01:26.8275644Z   PKG_CONFIG_PATH: /opt/hostedtoolcache/Python/3.11.14/x64/lib/pkgconfig
2026-02-02T18:01:26.8276061Z   Python_ROOT_DIR: /opt/hostedtoolcache/Python/3.11.14/x64
2026-02-02T18:01:26.8276418Z   Python2_ROOT_DIR: /opt/hostedtoolcache/Python/3.11.14/x64
2026-02-02T18:01:26.8276771Z   Python3_ROOT_DIR: /opt/hostedtoolcache/Python/3.11.14/x64
2026-02-02T18:01:26.8296193Z   LD_LIBRARY_PATH: /opt/hostedtoolcache/Python/3.11.14/x64/lib
2026-02-02T18:01:26.8296538Z ##[endgroup]
2026-02-02T18:01:26.9122515Z eventName: push
2026-02-02T18:01:26.9138363Z ==> linux OS detected
2026-02-02T18:01:27.2091129Z https://cli.codecov.io/latest/linux/codecov.SHA256SUM
2026-02-02T18:01:27.4222686Z gpg: directory '/home/runner/.gnupg' created
2026-02-02T18:01:27.4321180Z gpg: keybox '/home/runner/.gnupg/pubring.kbx' created
2026-02-02T18:01:27.4511341Z gpg: /home/runner/.gnupg/trustdb.gpg: trustdb created
2026-02-02T18:01:27.4512439Z gpg: key 806BB28AED779869: public key "Codecov Uploader (Codecov Uploader Verification Key) <security@codecov.io>" imported
2026-02-02T18:01:27.4989485Z gpg: Total number processed: 1
2026-02-02T18:01:27.4989844Z gpg:               imported: 1
2026-02-02T18:01:27.5042234Z gpg: Signature made Fri Dec  5 15:31:48 2025 UTC
2026-02-02T18:01:27.5042926Z gpg:                using RSA key 27034E7FDB850E0BBC2C62FF806BB28AED779869
2026-02-02T18:01:27.5045573Z gpg: Good signature from "Codecov Uploader (Codecov Uploader Verification Key) <security@codecov.io>" [unknown]
2026-02-02T18:01:27.5046542Z gpg: WARNING: This key is not certified with a trusted signature!
2026-02-02T18:01:27.5046998Z gpg:          There is no indication that the signature belongs to the owner.
2026-02-02T18:01:27.5047470Z Primary key fingerprint: 2703 4E7F DB85 0E0B BC2C  62FF 806B B28A ED77 9869
2026-02-02T18:01:27.5264261Z ==> Uploader SHASUM verified (fd34214e2b2c738e48e3ac90b2c23ec4e975d0e9aee51f2cebe81b5704af3f6c  codecov)
2026-02-02T18:01:27.5265474Z ==> Running version latest
2026-02-02T18:01:27.6084359Z Could not pull latest version information: SyntaxError: Unexpected token '<', "<!DOCTYPE "... is not valid JSON
2026-02-02T18:01:27.6086107Z ==> Running git config --global --add safe.directory /home/runner/work/argos/argos
2026-02-02T18:01:27.6177376Z [command]/usr/bin/git config --global --add safe.directory /home/runner/work/argos/argos
2026-02-02T18:01:27.6228177Z ==> Running command '/home/runner/work/_actions/codecov/codecov-action/v4/dist/codecov create-commit'
2026-02-02T18:01:27.6231292Z [command]/home/runner/work/_actions/codecov/codecov-action/v4/dist/codecov create-commit --git-service github
2026-02-02T18:01:27.9969704Z info - 2026-02-02 18:01:27,996 -- ci service found: github-actions
2026-02-02T18:01:28.0061811Z warning - 2026-02-02 18:01:28,005 -- No config file could be found. Ignoring config.
2026-02-02T18:01:28.0351699Z warning - 2026-02-02 18:01:28,034 -- Branch `main` is protected but no token was provided
2026-02-02T18:01:28.0353236Z warning - 2026-02-02 18:01:28,034 -- For information on Codecov upload tokens, see https://docs.codecov.com/docs/codecov-tokens
2026-02-02T18:01:28.2538372Z info - 2026-02-02 18:01:28,253 -- Process Commit creating complete
2026-02-02T18:01:28.2539506Z error - 2026-02-02 18:01:28,253 -- Commit creating failed: {"message":"Token required - not valid tokenless upload"}
2026-02-02T18:01:28.3591161Z Sentry is attempting to send 2 pending events
2026-02-02T18:01:28.3591565Z Waiting up to 2 seconds
2026-02-02T18:01:28.3591815Z Press Ctrl-C to quit
2026-02-02T18:01:28.4362241Z ==> Running command '/home/runner/work/_actions/codecov/codecov-action/v4/dist/codecov create-report'
2026-02-02T18:01:28.4363938Z [command]/home/runner/work/_actions/codecov/codecov-action/v4/dist/codecov create-report --git-service github
2026-02-02T18:01:28.7840324Z info - 2026-02-02 18:01:28,783 -- ci service found: github-actions
2026-02-02T18:01:28.7931474Z warning - 2026-02-02 18:01:28,792 -- No config file could be found. Ignoring config.
2026-02-02T18:01:29.0203542Z info - 2026-02-02 18:01:29,019 -- Process Report creating complete
2026-02-02T18:01:29.0209393Z error - 2026-02-02 18:01:29,020 -- Report creating failed: {"message":"Token required - not valid tokenless upload"}
2026-02-02T18:01:29.1256919Z Sentry is attempting to send 2 pending events
2026-02-02T18:01:29.1257508Z Waiting up to 2 seconds
2026-02-02T18:01:29.1257841Z Press Ctrl-C to quit
2026-02-02T18:01:29.1958016Z ==> Running command '/home/runner/work/_actions/codecov/codecov-action/v4/dist/codecov do-upload'
2026-02-02T18:01:29.1959881Z [command]/home/runner/work/_actions/codecov/codecov-action/v4/dist/codecov do-upload -f ./scout/coverage.xml -F scout --git-service github -n scout-coverage
2026-02-02T18:01:29.5450880Z info - 2026-02-02 18:01:29,544 -- ci service found: github-actions
2026-02-02T18:01:29.5548514Z warning - 2026-02-02 18:01:29,554 -- No config file could be found. Ignoring config.
2026-02-02T18:01:29.5864067Z warning - 2026-02-02 18:01:29,586 -- xcrun is not installed or can't be found.
2026-02-02T18:01:29.5941303Z warning - 2026-02-02 18:01:29,593 -- No gcov data found.
2026-02-02T18:01:29.5995844Z info - 2026-02-02 18:01:29,599 -- Generating coverage.xml report in /home/runner/work/argos/argos/scout
2026-02-02T18:01:29.8232125Z info - 2026-02-02 18:01:29,822 -- Wrote XML report to coverage.xml
2026-02-02T18:01:29.8596918Z info - 2026-02-02 18:01:29,859 -- Found 1 coverage files to report
2026-02-02T18:01:29.8597878Z info - 2026-02-02 18:01:29,859 -- > /home/runner/work/argos/argos/scout/coverage.xml
2026-02-02T18:01:30.1196470Z info - 2026-02-02 18:01:30,119 -- Process Upload complete
2026-02-02T18:01:30.1197492Z error - 2026-02-02 18:01:30,119 -- Upload failed: {"message":"Token required - not valid tokenless upload"}
2026-02-02T18:01:30.2274890Z Sentry is attempting to send 2 pending events
2026-02-02T18:01:30.2275502Z Waiting up to 2 seconds
2026-02-02T18:01:30.2275867Z Press Ctrl-C to quit
2026-02-02T18:01:30.3163979Z ##[group]Run actions/upload-artifact@v4
2026-02-02T18:01:30.3164261Z with:
2026-02-02T18:01:30.3164478Z   name: coverage-scout-ubuntu-latest-py3.11
2026-02-02T18:01:30.3164791Z   path: ./scout/coverage.xml
2026-02-02T18:01:30.3165022Z   retention-days: 30
2026-02-02T18:01:30.3165220Z   if-no-files-found: warn
2026-02-02T18:01:30.3165430Z   compression-level: 6
2026-02-02T18:01:30.3165620Z   overwrite: false
2026-02-02T18:01:30.3165814Z   include-hidden-files: false
2026-02-02T18:01:30.3166020Z env:
2026-02-02T18:01:30.3166258Z   pythonLocation: /opt/hostedtoolcache/Python/3.11.14/x64
2026-02-02T18:01:30.3166651Z   PKG_CONFIG_PATH: /opt/hostedtoolcache/Python/3.11.14/x64/lib/pkgconfig
2026-02-02T18:01:30.3167057Z   Python_ROOT_DIR: /opt/hostedtoolcache/Python/3.11.14/x64
2026-02-02T18:01:30.3167408Z   Python2_ROOT_DIR: /opt/hostedtoolcache/Python/3.11.14/x64
2026-02-02T18:01:30.3167765Z   Python3_ROOT_DIR: /opt/hostedtoolcache/Python/3.11.14/x64
2026-02-02T18:01:30.3168152Z   LD_LIBRARY_PATH: /opt/hostedtoolcache/Python/3.11.14/x64/lib
2026-02-02T18:01:30.3168447Z ##[endgroup]
2026-02-02T18:01:30.5307646Z With the provided path, there will be 1 file uploaded
2026-02-02T18:01:30.5313210Z Artifact name is valid!
2026-02-02T18:01:30.5314597Z Root directory input is valid!
2026-02-02T18:01:30.7347822Z Beginning upload of artifact content to blob storage
2026-02-02T18:01:30.9566453Z Uploaded bytes 3932
2026-02-02T18:01:31.0150275Z Finished uploading artifact content to blob storage!
2026-02-02T18:01:31.0153924Z SHA256 digest of uploaded artifact zip is 1963c364a5adc3af2fecaa08c3c00530006be68ef2203d900a8cfdb640c11906
2026-02-02T18:01:31.0155807Z Finalizing artifact upload
2026-02-02T18:01:31.1648184Z Artifact coverage-scout-ubuntu-latest-py3.11.zip successfully finalized. Artifact ID 5347585079
2026-02-02T18:01:31.1650161Z Artifact coverage-scout-ubuntu-latest-py3.11 has been successfully uploaded! Final size is 3932 bytes. Artifact ID is 5347585079
2026-02-02T18:01:31.1657264Z Artifact download URL: https://github.com/lmvcruz/argos/actions/runs/21601435348/artifacts/5347585079
2026-02-02T18:01:31.1791612Z Post job cleanup.
2026-02-02T18:01:31.3407346Z Post job cleanup.
2026-02-02T18:01:31.4356522Z [command]/usr/bin/git version
2026-02-02T18:01:31.4393227Z git version 2.52.0
2026-02-02T18:01:31.4429957Z Copying '/home/runner/.gitconfig' to '/home/runner/work/_temp/72c7f67b-cf13-4d77-8d4c-049efae1c460/.gitconfig'
2026-02-02T18:01:31.4440705Z Temporarily overriding HOME='/home/runner/work/_temp/72c7f67b-cf13-4d77-8d4c-049efae1c460' before making global git config changes
2026-02-02T18:01:31.4442018Z Adding repository directory to the temporary git global config as a safe directory
2026-02-02T18:01:31.4446863Z [command]/usr/bin/git config --global --add safe.directory /home/runner/work/argos/argos
2026-02-02T18:01:31.4483205Z [command]/usr/bin/git config --local --name-only --get-regexp core\.sshCommand
2026-02-02T18:01:31.4515624Z [command]/usr/bin/git submodule foreach --recursive sh -c "git config --local --name-only --get-regexp 'core\.sshCommand' && git config --local --unset-all 'core.sshCommand' || :"
2026-02-02T18:01:31.4749091Z [command]/usr/bin/git config --local --name-only --get-regexp http\.https\:\/\/github\.com\/\.extraheader
2026-02-02T18:01:31.4770487Z http.https://github.com/.extraheader
2026-02-02T18:01:31.4786359Z [command]/usr/bin/git config --local --unset-all http.https://github.com/.extraheader
2026-02-02T18:01:31.4822777Z [command]/usr/bin/git submodule foreach --recursive sh -c "git config --local --name-only --get-regexp 'http\.https\:\/\/github\.com\/\.extraheader' && git config --local --unset-all 'http.https://github.com/.extraheader' || :"
2026-02-02T18:01:31.5071106Z [command]/usr/bin/git config --local --name-only --get-regexp ^includeIf\.gitdir:
2026-02-02T18:01:31.5108699Z [command]/usr/bin/git submodule foreach --recursive git config --local --show-origin --name-only --get-regexp remote.origin.url
2026-02-02T18:01:31.5470038Z Cleaning up orphan processes
