2026-02-02T18:03:34.8435200Z Current runner version: '2.331.0'
2026-02-02T18:03:34.8495940Z ##[group]Runner Image Provisioner
2026-02-02T18:03:34.8496900Z Hosted Compute Agent
2026-02-02T18:03:34.8497490Z Version: 20260123.484
2026-02-02T18:03:34.8498160Z Commit: 6bd6555ca37d84114959e1c76d2c01448ff61c5d
2026-02-02T18:03:34.8498770Z Build Date: 2026-01-23T19:41:17Z
2026-02-02T18:03:34.8499290Z Worker ID: {fab6c00b-7d44-4226-a432-40944b4384d6}
2026-02-02T18:03:34.8499910Z Azure Region: westus
2026-02-02T18:03:34.8500450Z ##[endgroup]
2026-02-02T18:03:34.8502740Z ##[group]Operating System
2026-02-02T18:03:34.8503250Z macOS
2026-02-02T18:03:34.8503620Z 15.7.3
2026-02-02T18:03:34.8503940Z 24G419
2026-02-02T18:03:34.8504230Z ##[endgroup]
2026-02-02T18:03:34.8504560Z ##[group]Runner Image
2026-02-02T18:03:34.8504910Z Image: macos-15-arm64
2026-02-02T18:03:34.8505340Z Version: 20260127.0129.1
2026-02-02T18:03:34.8506310Z Included Software: https://github.com/actions/runner-images/blob/macos-15-arm64/20260127.0129/images/macos/macos-15-arm64-Readme.md
2026-02-02T18:03:34.8507380Z Image Release: https://github.com/actions/runner-images/releases/tag/macos-15-arm64%2F20260127.0129
2026-02-02T18:03:34.8508440Z ##[endgroup]
2026-02-02T18:03:34.8510630Z ##[group]GITHUB_TOKEN Permissions
2026-02-02T18:03:34.8524190Z Contents: read
2026-02-02T18:03:34.8524610Z Metadata: read
2026-02-02T18:03:34.8524990Z Packages: read
2026-02-02T18:03:34.8528430Z ##[endgroup]
2026-02-02T18:03:34.8530840Z Secret source: Actions
2026-02-02T18:03:34.8531450Z Prepare workflow directory
2026-02-02T18:03:34.9138660Z Prepare all required actions
2026-02-02T18:03:34.9170960Z Getting action download info
2026-02-02T18:03:35.2341350Z Download action repository 'actions/checkout@v4' (SHA:34e114876b0b11c390a56381ad16ebd13914f8d5)
2026-02-02T18:03:35.8835420Z Download action repository 'actions/setup-python@v5' (SHA:a26af69be951a213d495a4c3e4e4022e16d87065)
2026-02-02T18:03:36.0792530Z Download action repository 'codecov/codecov-action@v4' (SHA:b9fd7d16f6d7d1b5d2bec1a2887e65ceed900238)
2026-02-02T18:03:37.4780740Z Download action repository 'actions/upload-artifact@v4' (SHA:ea165f8d65b6e75b540449e92b4886f43607fa02)
2026-02-02T18:03:37.8881610Z Complete job name: Test Python 3.12 on macos-latest
2026-02-02T18:03:37.9447490Z ##[group]Run actions/checkout@v4
2026-02-02T18:03:37.9448140Z with:
2026-02-02T18:03:37.9448430Z   repository: lmvcruz/argos
2026-02-02T18:03:37.9449040Z   token: ***
2026-02-02T18:03:37.9449310Z   ssh-strict: true
2026-02-02T18:03:37.9449580Z   ssh-user: git
2026-02-02T18:03:37.9449860Z   persist-credentials: true
2026-02-02T18:03:37.9450190Z   clean: true
2026-02-02T18:03:37.9450470Z   sparse-checkout-cone-mode: true
2026-02-02T18:03:37.9450830Z   fetch-depth: 1
2026-02-02T18:03:37.9451110Z   fetch-tags: false
2026-02-02T18:03:37.9451390Z   show-progress: true
2026-02-02T18:03:37.9451690Z   lfs: false
2026-02-02T18:03:37.9451970Z   submodules: false
2026-02-02T18:03:37.9452260Z   set-safe-directory: true
2026-02-02T18:03:37.9452690Z ##[endgroup]
2026-02-02T18:03:38.5596980Z Syncing repository: lmvcruz/argos
2026-02-02T18:03:38.5603180Z ##[group]Getting Git version info
2026-02-02T18:03:38.5604850Z Working directory is '/Users/runner/work/argos/argos'
2026-02-02T18:03:38.5614910Z [command]/opt/homebrew/bin/git version
2026-02-02T18:03:38.6519390Z git version 2.52.0
2026-02-02T18:03:38.6570370Z ##[endgroup]
2026-02-02T18:03:38.6582590Z Copying '/Users/runner/.gitconfig' to '/Users/runner/work/_temp/bb09e464-d075-4054-9a49-fe4616dcab18/.gitconfig'
2026-02-02T18:03:38.6591200Z Temporarily overriding HOME='/Users/runner/work/_temp/bb09e464-d075-4054-9a49-fe4616dcab18' before making global git config changes
2026-02-02T18:03:38.6596010Z Adding repository directory to the temporary git global config as a safe directory
2026-02-02T18:03:38.6606000Z [command]/opt/homebrew/bin/git config --global --add safe.directory /Users/runner/work/argos/argos
2026-02-02T18:03:38.6793450Z Deleting the contents of '/Users/runner/work/argos/argos'
2026-02-02T18:03:38.6800510Z ##[group]Initializing the repository
2026-02-02T18:03:38.6817910Z [command]/opt/homebrew/bin/git init /Users/runner/work/argos/argos
2026-02-02T18:03:38.7197920Z hint: Using 'master' as the name for the initial branch. This default branch name
2026-02-02T18:03:38.7201960Z hint: will change to "main" in Git 3.0. To configure the initial branch name
2026-02-02T18:03:38.7205240Z hint: to use in all of your new repositories, which will suppress this warning,
2026-02-02T18:03:38.7207880Z hint: call:
2026-02-02T18:03:38.7209050Z hint:
2026-02-02T18:03:38.7210770Z hint: 	git config --global init.defaultBranch <name>
2026-02-02T18:03:38.7213780Z hint:
2026-02-02T18:03:38.7215940Z hint: Names commonly chosen instead of 'master' are 'main', 'trunk' and
2026-02-02T18:03:38.7219970Z hint: 'development'. The just-created branch can be renamed via this command:
2026-02-02T18:03:38.7222970Z hint:
2026-02-02T18:03:38.7223870Z hint: 	git branch -m <name>
2026-02-02T18:03:38.7224690Z hint:
2026-02-02T18:03:38.7225660Z hint: Disable this message with "git config set advice.defaultBranchName false"
2026-02-02T18:03:38.7227530Z Initialized empty Git repository in /Users/runner/work/argos/argos/.git/
2026-02-02T18:03:38.7230460Z [command]/opt/homebrew/bin/git remote add origin https://github.com/lmvcruz/argos
2026-02-02T18:03:38.7347460Z ##[endgroup]
2026-02-02T18:03:38.7349990Z ##[group]Disabling automatic garbage collection
2026-02-02T18:03:38.7353070Z [command]/opt/homebrew/bin/git config --local gc.auto 0
2026-02-02T18:03:38.7514700Z ##[endgroup]
2026-02-02T18:03:38.7516940Z ##[group]Setting up auth
2026-02-02T18:03:38.7520400Z [command]/opt/homebrew/bin/git config --local --name-only --get-regexp core\.sshCommand
2026-02-02T18:03:38.7597210Z [command]/opt/homebrew/bin/git submodule foreach --recursive sh -c "git config --local --name-only --get-regexp 'core\.sshCommand' && git config --local --unset-all 'core.sshCommand' || :"
2026-02-02T18:03:38.9568020Z [command]/opt/homebrew/bin/git config --local --name-only --get-regexp http\.https\:\/\/github\.com\/\.extraheader
2026-02-02T18:03:38.9639580Z [command]/opt/homebrew/bin/git submodule foreach --recursive sh -c "git config --local --name-only --get-regexp 'http\.https\:\/\/github\.com\/\.extraheader' && git config --local --unset-all 'http.https://github.com/.extraheader' || :"
2026-02-02T18:03:39.0877350Z [command]/opt/homebrew/bin/git config --local --name-only --get-regexp ^includeIf\.gitdir:
2026-02-02T18:03:39.1027080Z [command]/opt/homebrew/bin/git submodule foreach --recursive git config --local --show-origin --name-only --get-regexp remote.origin.url
2026-02-02T18:03:39.2528100Z [command]/opt/homebrew/bin/git config --local http.https://github.com/.extraheader AUTHORIZATION: basic ***
2026-02-02T18:03:39.2616830Z ##[endgroup]
2026-02-02T18:03:39.2618150Z ##[group]Fetching the repository
2026-02-02T18:03:39.2621630Z [command]/opt/homebrew/bin/git -c protocol.version=2 fetch --no-tags --prune --no-recurse-submodules --depth=1 origin +5563a4bf4fc378de14842c14efad0d4117ca0a1e:refs/remotes/origin/main
2026-02-02T18:03:40.4627070Z From https://github.com/lmvcruz/argos
2026-02-02T18:03:40.4629630Z  * [new ref]         5563a4bf4fc378de14842c14efad0d4117ca0a1e -> origin/main
2026-02-02T18:03:40.4826360Z ##[endgroup]
2026-02-02T18:03:40.4827350Z ##[group]Determining the checkout info
2026-02-02T18:03:40.4830290Z ##[endgroup]
2026-02-02T18:03:40.4842740Z [command]/opt/homebrew/bin/git sparse-checkout disable
2026-02-02T18:03:40.5063870Z [command]/opt/homebrew/bin/git config --local --unset-all extensions.worktreeConfig
2026-02-02T18:03:40.5172430Z ##[group]Checking out the ref
2026-02-02T18:03:40.5177600Z [command]/opt/homebrew/bin/git checkout --progress --force -B main refs/remotes/origin/main
2026-02-02T18:03:40.5820060Z Switched to a new branch 'main'
2026-02-02T18:03:40.5820950Z branch 'main' set up to track 'origin/main'.
2026-02-02T18:03:40.5824370Z ##[endgroup]
2026-02-02T18:03:40.5924570Z [command]/opt/homebrew/bin/git log -1 --format=%H
2026-02-02T18:03:40.6015820Z 5563a4bf4fc378de14842c14efad0d4117ca0a1e
2026-02-02T18:03:40.6428250Z ##[group]Run actions/setup-python@v5
2026-02-02T18:03:40.6428650Z with:
2026-02-02T18:03:40.6428820Z   python-version: 3.12
2026-02-02T18:03:40.6428990Z   check-latest: false
2026-02-02T18:03:40.6429420Z   token: ***
2026-02-02T18:03:40.6429590Z   update-environment: true
2026-02-02T18:03:40.6429790Z   allow-prereleases: false
2026-02-02T18:03:40.6429970Z   freethreaded: false
2026-02-02T18:03:40.6430130Z ##[endgroup]
2026-02-02T18:03:40.8596480Z ##[group]Installed versions
2026-02-02T18:03:40.8795810Z Successfully set up CPython (3.12.10)
2026-02-02T18:03:40.8799590Z ##[endgroup]
2026-02-02T18:03:40.8978120Z ##[group]Run python -m pip install --upgrade pip
2026-02-02T18:03:40.8978980Z [36;1mpython -m pip install --upgrade pip[0m
2026-02-02T18:03:40.8979410Z [36;1mpip install -e ".[dev]"[0m
2026-02-02T18:03:40.9045850Z shell: /bin/bash -e {0}
2026-02-02T18:03:40.9046210Z env:
2026-02-02T18:03:40.9046690Z   pythonLocation: /Users/runner/hostedtoolcache/Python/3.12.10/arm64
2026-02-02T18:03:40.9047220Z   PKG_CONFIG_PATH: /Users/runner/hostedtoolcache/Python/3.12.10/arm64/lib/pkgconfig
2026-02-02T18:03:40.9047690Z   Python_ROOT_DIR: /Users/runner/hostedtoolcache/Python/3.12.10/arm64
2026-02-02T18:03:40.9048220Z   Python2_ROOT_DIR: /Users/runner/hostedtoolcache/Python/3.12.10/arm64
2026-02-02T18:03:40.9048670Z   Python3_ROOT_DIR: /Users/runner/hostedtoolcache/Python/3.12.10/arm64
2026-02-02T18:03:40.9049010Z ##[endgroup]
2026-02-02T18:03:42.5857180Z Requirement already satisfied: pip in /Library/Frameworks/Python.framework/Versions/3.12/lib/python3.12/site-packages (25.3)
2026-02-02T18:03:42.7526250Z Collecting pip
2026-02-02T18:03:42.8008220Z   Downloading pip-26.0-py3-none-any.whl.metadata (4.7 kB)
2026-02-02T18:03:42.8148820Z Downloading pip-26.0-py3-none-any.whl (1.8 MB)
2026-02-02T18:03:42.8943950Z    ━━━━━━━━━━━━━━━━━━━━━━━━━━━━━━━━━━━━━━━━ 1.8/1.8 MB 31.5 MB/s  0:00:00
2026-02-02T18:03:42.9167680Z Installing collected packages: pip
2026-02-02T18:03:42.9169400Z   Attempting uninstall: pip
2026-02-02T18:03:42.9184220Z     Found existing installation: pip 25.3
2026-02-02T18:03:42.9556550Z     Uninstalling pip-25.3:
2026-02-02T18:03:43.1873930Z       Successfully uninstalled pip-25.3
2026-02-02T18:03:44.2394290Z Successfully installed pip-26.0
2026-02-02T18:03:44.8406240Z Obtaining file:///Users/runner/work/argos/argos/scout
2026-02-02T18:03:44.8468650Z   Installing build dependencies: started
2026-02-02T18:03:46.0002020Z   Installing build dependencies: finished with status 'done'
2026-02-02T18:03:46.0044590Z   Checking if build backend supports build_editable: started
2026-02-02T18:03:46.4378270Z   Checking if build backend supports build_editable: finished with status 'done'
2026-02-02T18:03:46.4394920Z   Getting requirements to build editable: started
2026-02-02T18:03:47.0276510Z   Getting requirements to build editable: finished with status 'done'
2026-02-02T18:03:47.0302020Z   Preparing editable metadata (pyproject.toml): started
2026-02-02T18:03:47.3551060Z   Preparing editable metadata (pyproject.toml): finished with status 'done'
2026-02-02T18:03:47.4656960Z Collecting requests>=2.28.0 (from argos-scout==0.1.0)
2026-02-02T18:03:47.5228160Z   Downloading requests-2.32.5-py3-none-any.whl.metadata (4.9 kB)
2026-02-02T18:03:47.6208540Z Collecting pydantic>=2.0.0 (from argos-scout==0.1.0)
2026-02-02T18:03:47.6266620Z   Downloading pydantic-2.12.5-py3-none-any.whl.metadata (90 kB)
2026-02-02T18:03:47.7211980Z Collecting rich>=13.0.0 (from argos-scout==0.1.0)
2026-02-02T18:03:47.7275140Z   Downloading rich-14.3.2-py3-none-any.whl.metadata (18 kB)
2026-02-02T18:03:47.7530180Z Collecting python-dateutil>=2.8.0 (from argos-scout==0.1.0)
2026-02-02T18:03:47.7645720Z   Downloading python_dateutil-2.9.0.post0-py2.py3-none-any.whl.metadata (8.4 kB)
2026-02-02T18:03:47.9782940Z Collecting sqlalchemy>=2.0.0 (from argos-scout==0.1.0)
2026-02-02T18:03:47.9813990Z   Downloading sqlalchemy-2.0.46-cp312-cp312-macosx_11_0_arm64.whl.metadata (9.5 kB)
2026-02-02T18:03:48.0298400Z Collecting pytest>=7.0.0 (from argos-scout==0.1.0)
2026-02-02T18:03:48.0353880Z   Downloading pytest-9.0.2-py3-none-any.whl.metadata (7.6 kB)
2026-02-02T18:03:48.0763120Z Collecting pytest-cov>=4.0.0 (from argos-scout==0.1.0)
2026-02-02T18:03:48.0836770Z   Downloading pytest_cov-7.0.0-py3-none-any.whl.metadata (31 kB)
2026-02-02T18:03:48.1249890Z Collecting pytest-mock>=3.10.0 (from argos-scout==0.1.0)
2026-02-02T18:03:48.1397880Z   Downloading pytest_mock-3.15.1-py3-none-any.whl.metadata (3.9 kB)
2026-02-02T18:03:48.2225050Z Collecting black>=23.0.0 (from argos-scout==0.1.0)
2026-02-02T18:03:48.2298580Z   Downloading black-26.1.0-cp312-cp312-macosx_11_0_arm64.whl.metadata (88 kB)
2026-02-02T18:03:48.2689390Z Collecting flake8>=6.0.0 (from argos-scout==0.1.0)
2026-02-02T18:03:48.2752400Z   Downloading flake8-7.3.0-py2.py3-none-any.whl.metadata (3.8 kB)
2026-02-02T18:03:48.3131510Z Collecting isort>=5.12.0 (from argos-scout==0.1.0)
2026-02-02T18:03:48.3178720Z   Downloading isort-7.0.0-py3-none-any.whl.metadata (11 kB)
2026-02-02T18:03:48.4102950Z Collecting mypy>=1.0.0 (from argos-scout==0.1.0)
2026-02-02T18:03:48.4166840Z   Downloading mypy-1.19.1-cp312-cp312-macosx_11_0_arm64.whl.metadata (2.2 kB)
2026-02-02T18:03:48.4486100Z Collecting click>=8.0.0 (from black>=23.0.0->argos-scout==0.1.0)
2026-02-02T18:03:48.4542220Z   Downloading click-8.3.1-py3-none-any.whl.metadata (2.6 kB)
2026-02-02T18:03:48.4849830Z Collecting mypy-extensions>=0.4.3 (from black>=23.0.0->argos-scout==0.1.0)
2026-02-02T18:03:48.4895820Z   Downloading mypy_extensions-1.1.0-py3-none-any.whl.metadata (1.1 kB)
2026-02-02T18:03:48.5097190Z Collecting packaging>=22.0 (from black>=23.0.0->argos-scout==0.1.0)
2026-02-02T18:03:48.5112640Z   Using cached packaging-26.0-py3-none-any.whl.metadata (3.3 kB)
2026-02-02T18:03:48.5347240Z Collecting pathspec>=1.0.0 (from black>=23.0.0->argos-scout==0.1.0)
2026-02-02T18:03:48.5405170Z   Downloading pathspec-1.0.4-py3-none-any.whl.metadata (13 kB)
2026-02-02T18:03:48.5653680Z Collecting platformdirs>=2 (from black>=23.0.0->argos-scout==0.1.0)
2026-02-02T18:03:48.5732330Z   Downloading platformdirs-4.5.1-py3-none-any.whl.metadata (12 kB)
2026-02-02T18:03:48.5945670Z Collecting pytokens>=0.3.0 (from black>=23.0.0->argos-scout==0.1.0)
2026-02-02T18:03:48.6015240Z   Downloading pytokens-0.4.1-cp312-cp312-macosx_11_0_arm64.whl.metadata (3.8 kB)
2026-02-02T18:03:48.6266590Z Collecting mccabe<0.8.0,>=0.7.0 (from flake8>=6.0.0->argos-scout==0.1.0)
2026-02-02T18:03:48.6318410Z   Downloading mccabe-0.7.0-py2.py3-none-any.whl.metadata (5.0 kB)
2026-02-02T18:03:48.6593070Z Collecting pycodestyle<2.15.0,>=2.14.0 (from flake8>=6.0.0->argos-scout==0.1.0)
2026-02-02T18:03:48.6657080Z   Downloading pycodestyle-2.14.0-py2.py3-none-any.whl.metadata (4.5 kB)
2026-02-02T18:03:48.7094720Z Collecting pyflakes<3.5.0,>=3.4.0 (from flake8>=6.0.0->argos-scout==0.1.0)
2026-02-02T18:03:48.7167550Z   Downloading pyflakes-3.4.0-py2.py3-none-any.whl.metadata (3.5 kB)
2026-02-02T18:03:48.7571400Z Collecting typing_extensions>=4.6.0 (from mypy>=1.0.0->argos-scout==0.1.0)
2026-02-02T18:03:48.7624600Z   Downloading typing_extensions-4.15.0-py3-none-any.whl.metadata (3.3 kB)
2026-02-02T18:03:48.9093430Z Collecting librt>=0.6.2 (from mypy>=1.0.0->argos-scout==0.1.0)
2026-02-02T18:03:48.9208350Z   Downloading librt-0.7.8-cp312-cp312-macosx_11_0_arm64.whl.metadata (1.3 kB)
2026-02-02T18:03:48.9336310Z Collecting annotated-types>=0.6.0 (from pydantic>=2.0.0->argos-scout==0.1.0)
2026-02-02T18:03:48.9397170Z   Downloading annotated_types-0.7.0-py3-none-any.whl.metadata (15 kB)
2026-02-02T18:03:49.6325230Z Collecting pydantic-core==2.41.5 (from pydantic>=2.0.0->argos-scout==0.1.0)
2026-02-02T18:03:49.6532910Z   Downloading pydantic_core-2.41.5-cp312-cp312-macosx_11_0_arm64.whl.metadata (7.3 kB)
2026-02-02T18:03:49.6737000Z Collecting typing-inspection>=0.4.2 (from pydantic>=2.0.0->argos-scout==0.1.0)
2026-02-02T18:03:49.6842460Z   Downloading typing_inspection-0.4.2-py3-none-any.whl.metadata (2.6 kB)
2026-02-02T18:03:49.7041780Z Collecting iniconfig>=1.0.1 (from pytest>=7.0.0->argos-scout==0.1.0)
2026-02-02T18:03:49.7102240Z   Downloading iniconfig-2.3.0-py3-none-any.whl.metadata (2.5 kB)
2026-02-02T18:03:49.7362960Z Collecting pluggy<2,>=1.5 (from pytest>=7.0.0->argos-scout==0.1.0)
2026-02-02T18:03:49.7417810Z   Downloading pluggy-1.6.0-py3-none-any.whl.metadata (4.8 kB)
2026-02-02T18:03:49.7843210Z Collecting pygments>=2.7.2 (from pytest>=7.0.0->argos-scout==0.1.0)
2026-02-02T18:03:49.7934980Z   Downloading pygments-2.19.2-py3-none-any.whl.metadata (2.5 kB)
2026-02-02T18:03:50.2046960Z Collecting coverage>=7.10.6 (from coverage[toml]>=7.10.6->pytest-cov>=4.0.0->argos-scout==0.1.0)
2026-02-02T18:03:50.2167130Z   Downloading coverage-7.13.2-cp312-cp312-macosx_11_0_arm64.whl.metadata (8.5 kB)
2026-02-02T18:03:50.3390620Z Collecting six>=1.5 (from python-dateutil>=2.8.0->argos-scout==0.1.0)
2026-02-02T18:03:50.3510840Z   Downloading six-1.17.0-py2.py3-none-any.whl.metadata (1.7 kB)
2026-02-02T18:03:50.5887910Z Collecting charset_normalizer<4,>=2 (from requests>=2.28.0->argos-scout==0.1.0)
2026-02-02T18:03:50.5993190Z   Downloading charset_normalizer-3.4.4-cp312-cp312-macosx_10_13_universal2.whl.metadata (37 kB)
2026-02-02T18:03:50.6677090Z Collecting idna<4,>=2.5 (from requests>=2.28.0->argos-scout==0.1.0)
2026-02-02T18:03:50.6785390Z   Downloading idna-3.11-py3-none-any.whl.metadata (8.4 kB)
2026-02-02T18:03:50.7015080Z Collecting urllib3<3,>=1.21.1 (from requests>=2.28.0->argos-scout==0.1.0)
2026-02-02T18:03:50.7022210Z   Downloading urllib3-2.6.3-py3-none-any.whl.metadata (6.9 kB)
2026-02-02T18:03:50.7198050Z Requirement already satisfied: certifi>=2017.4.17 in /Library/Frameworks/Python.framework/Versions/3.12/lib/python3.12/site-packages (from requests>=2.28.0->argos-scout==0.1.0) (2026.1.4)
2026-02-02T18:03:50.7402270Z Collecting markdown-it-py>=2.2.0 (from rich>=13.0.0->argos-scout==0.1.0)
2026-02-02T18:03:50.7447520Z   Downloading markdown_it_py-4.0.0-py3-none-any.whl.metadata (7.3 kB)
2026-02-02T18:03:50.7888970Z Collecting mdurl~=0.1 (from markdown-it-py>=2.2.0->rich>=13.0.0->argos-scout==0.1.0)
2026-02-02T18:03:50.7964960Z   Downloading mdurl-0.1.2-py3-none-any.whl.metadata (1.6 kB)
2026-02-02T18:03:50.8138700Z Downloading black-26.1.0-cp312-cp312-macosx_11_0_arm64.whl (1.7 MB)
2026-02-02T18:03:50.8455380Z    ━━━━━━━━━━━━━━━━━━━━━━━━━━━━━━━━━━━━━━━━ 1.7/1.7 MB 54.3 MB/s  0:00:00
2026-02-02T18:03:50.8604930Z Downloading click-8.3.1-py3-none-any.whl (108 kB)
2026-02-02T18:03:50.8726100Z Downloading flake8-7.3.0-py2.py3-none-any.whl (57 kB)
2026-02-02T18:03:50.8862890Z Downloading mccabe-0.7.0-py2.py3-none-any.whl (7.3 kB)
2026-02-02T18:03:50.9002310Z Downloading pycodestyle-2.14.0-py2.py3-none-any.whl (31 kB)
2026-02-02T18:03:50.9107610Z Downloading pyflakes-3.4.0-py2.py3-none-any.whl (63 kB)
2026-02-02T18:03:50.9225370Z Downloading isort-7.0.0-py3-none-any.whl (94 kB)
2026-02-02T18:03:50.9374540Z Downloading mypy-1.19.1-cp312-cp312-macosx_11_0_arm64.whl (12.2 MB)
2026-02-02T18:03:51.0531950Z    ━━━━━━━━━━━━━━━━━━━━━━━━━━━━━━━━━━━━━━━━ 12.2/12.2 MB 108.7 MB/s  0:00:00
2026-02-02T18:03:51.0634260Z Downloading librt-0.7.8-cp312-cp312-macosx_11_0_arm64.whl (58 kB)
2026-02-02T18:03:51.0838410Z Downloading mypy_extensions-1.1.0-py3-none-any.whl (5.0 kB)
2026-02-02T18:03:51.0942990Z Using cached packaging-26.0-py3-none-any.whl (74 kB)
2026-02-02T18:03:51.0977960Z Downloading pathspec-1.0.4-py3-none-any.whl (55 kB)
2026-02-02T18:03:51.1041710Z Downloading platformdirs-4.5.1-py3-none-any.whl (18 kB)
2026-02-02T18:03:51.1152380Z Downloading pydantic-2.12.5-py3-none-any.whl (463 kB)
2026-02-02T18:03:51.1342220Z Downloading pydantic_core-2.41.5-cp312-cp312-macosx_11_0_arm64.whl (1.9 MB)
2026-02-02T18:03:51.1881660Z    ━━━━━━━━━━━━━━━━━━━━━━━━━━━━━━━━━━━━━━━━ 1.9/1.9 MB 32.0 MB/s  0:00:00
2026-02-02T18:03:51.1951640Z Downloading annotated_types-0.7.0-py3-none-any.whl (13 kB)
2026-02-02T18:03:51.2148760Z Downloading pytest-9.0.2-py3-none-any.whl (374 kB)
2026-02-02T18:03:51.2423740Z Downloading pluggy-1.6.0-py3-none-any.whl (20 kB)
2026-02-02T18:03:51.2914240Z Downloading iniconfig-2.3.0-py3-none-any.whl (7.5 kB)
2026-02-02T18:03:51.3235730Z Downloading pygments-2.19.2-py3-none-any.whl (1.2 MB)
2026-02-02T18:03:51.3436800Z    ━━━━━━━━━━━━━━━━━━━━━━━━━━━━━━━━━━━━━━━━ 1.2/1.2 MB 60.6 MB/s  0:00:00
2026-02-02T18:03:51.3512080Z Downloading pytest_cov-7.0.0-py3-none-any.whl (22 kB)
2026-02-02T18:03:51.3618460Z Downloading coverage-7.13.2-cp312-cp312-macosx_11_0_arm64.whl (219 kB)
2026-02-02T18:03:51.3746450Z Downloading pytest_mock-3.15.1-py3-none-any.whl (10 kB)
2026-02-02T18:03:51.3909560Z Downloading python_dateutil-2.9.0.post0-py2.py3-none-any.whl (229 kB)
2026-02-02T18:03:51.4119740Z Downloading pytokens-0.4.1-cp312-cp312-macosx_11_0_arm64.whl (160 kB)
2026-02-02T18:03:51.4267480Z Downloading requests-2.32.5-py3-none-any.whl (64 kB)
2026-02-02T18:03:51.4456260Z Downloading charset_normalizer-3.4.4-cp312-cp312-macosx_10_13_universal2.whl (208 kB)
2026-02-02T18:03:51.4566590Z Downloading idna-3.11-py3-none-any.whl (71 kB)
2026-02-02T18:03:51.4718710Z Downloading urllib3-2.6.3-py3-none-any.whl (131 kB)
2026-02-02T18:03:51.4896930Z Downloading rich-14.3.2-py3-none-any.whl (309 kB)
2026-02-02T18:03:51.5096410Z Downloading markdown_it_py-4.0.0-py3-none-any.whl (87 kB)
2026-02-02T18:03:51.5279550Z Downloading mdurl-0.1.2-py3-none-any.whl (10.0 kB)
2026-02-02T18:03:51.5463420Z Downloading six-1.17.0-py2.py3-none-any.whl (11 kB)
2026-02-02T18:03:51.5764740Z Downloading sqlalchemy-2.0.46-cp312-cp312-macosx_11_0_arm64.whl (2.2 MB)
2026-02-02T18:03:51.5906680Z    ━━━━━━━━━━━━━━━━━━━━━━━━━━━━━━━━━━━━━━━━ 2.2/2.2 MB 171.2 MB/s  0:00:00
2026-02-02T18:03:51.5970070Z Downloading typing_extensions-4.15.0-py3-none-any.whl (44 kB)
2026-02-02T18:03:51.6211350Z Downloading typing_inspection-0.4.2-py3-none-any.whl (14 kB)
2026-02-02T18:03:51.6727260Z Building wheels for collected packages: argos-scout
2026-02-02T18:03:51.6792350Z   Building editable for argos-scout (pyproject.toml): started
2026-02-02T18:03:52.2430330Z   Building editable for argos-scout (pyproject.toml): finished with status 'done'
2026-02-02T18:03:52.2437290Z   Created wheel for argos-scout: filename=argos_scout-0.1.0-0.editable-py3-none-any.whl size=4024 sha256=b70fcfb1c036abc3f34700cac9a18a4a1b2afaedc346249eb377e8eccec28b4a
2026-02-02T18:03:52.2457180Z   Stored in directory: /private/var/folders/yz/zr09txvs5dn18vt4cn21kzl40000gn/T/pip-ephem-wheel-cache-x7fjktfd/wheels/84/f4/fd/a0bf84e3e342c8b9513a7a902589185063686cfca6bd5ac6e0
2026-02-02T18:03:52.2462730Z Successfully built argos-scout
2026-02-02T18:03:52.2950680Z Installing collected packages: urllib3, typing_extensions, six, pytokens, pygments, pyflakes, pycodestyle, pluggy, platformdirs, pathspec, packaging, mypy-extensions, mdurl, mccabe, librt, isort, iniconfig, idna, coverage, click, charset_normalizer, annotated-types, typing-inspection, sqlalchemy, requests, python-dateutil, pytest, pydantic-core, mypy, markdown-it-py, flake8, black, rich, pytest-mock, pytest-cov, pydantic, argos-scout
2026-02-02T18:03:59.3381980Z 
2026-02-02T18:03:59.3432110Z Successfully installed annotated-types-0.7.0 argos-scout-0.1.0 black-26.1.0 charset_normalizer-3.4.4 click-8.3.1 coverage-7.13.2 flake8-7.3.0 idna-3.11 iniconfig-2.3.0 isort-7.0.0 librt-0.7.8 markdown-it-py-4.0.0 mccabe-0.7.0 mdurl-0.1.2 mypy-1.19.1 mypy-extensions-1.1.0 packaging-26.0 pathspec-1.0.4 platformdirs-4.5.1 pluggy-1.6.0 pycodestyle-2.14.0 pydantic-2.12.5 pydantic-core-2.41.5 pyflakes-3.4.0 pygments-2.19.2 pytest-9.0.2 pytest-cov-7.0.0 pytest-mock-3.15.1 python-dateutil-2.9.0.post0 pytokens-0.4.1 requests-2.32.5 rich-14.3.2 six-1.17.0 sqlalchemy-2.0.46 typing-inspection-0.4.2 typing_extensions-4.15.0 urllib3-2.6.3
2026-02-02T18:04:00.2480880Z ##[group]Run pytest tests/ -v --cov=scout --cov-report=xml --cov-report=term-missing
2026-02-02T18:04:00.2482820Z [36;1mpytest tests/ -v --cov=scout --cov-report=xml --cov-report=term-missing[0m
2026-02-02T18:04:00.2588940Z shell: /bin/bash -e {0}
2026-02-02T18:04:00.2623370Z env:
2026-02-02T18:04:00.2623900Z   pythonLocation: /Users/runner/hostedtoolcache/Python/3.12.10/arm64
2026-02-02T18:04:00.2624870Z   PKG_CONFIG_PATH: /Users/runner/hostedtoolcache/Python/3.12.10/arm64/lib/pkgconfig
2026-02-02T18:04:00.2631130Z   Python_ROOT_DIR: /Users/runner/hostedtoolcache/Python/3.12.10/arm64
2026-02-02T18:04:00.2631590Z   Python2_ROOT_DIR: /Users/runner/hostedtoolcache/Python/3.12.10/arm64
2026-02-02T18:04:00.2632070Z   Python3_ROOT_DIR: /Users/runner/hostedtoolcache/Python/3.12.10/arm64
2026-02-02T18:04:00.2632380Z ##[endgroup]
2026-02-02T18:04:00.9819110Z ============================= test session starts ==============================
2026-02-02T18:04:00.9820800Z platform darwin -- Python 3.12.10, pytest-9.0.2, pluggy-1.6.0 -- /Library/Frameworks/Python.framework/Versions/3.12/bin/python
2026-02-02T18:04:00.9822070Z cachedir: .pytest_cache
2026-02-02T18:04:00.9822690Z rootdir: /Users/runner/work/argos/argos/scout
2026-02-02T18:04:00.9823310Z configfile: pyproject.toml
2026-02-02T18:04:00.9823970Z plugins: mock-3.15.1, cov-7.0.0
2026-02-02T18:04:02.5985420Z collecting ... collected 251 items
2026-02-02T18:04:02.5986250Z 
2026-02-02T18:04:02.6001730Z tests/test_analysis.py::TestFlakyTestDetection::test_detect_flaky_test_with_mixed_results PASSED [  0%]
2026-02-02T18:04:02.6012230Z tests/test_analysis.py::TestFlakyTestDetection::test_no_flaky_tests_when_always_passing PASSED [  0%]
2026-02-02T18:04:02.6021520Z tests/test_analysis.py::TestFlakyTestDetection::test_no_flaky_tests_when_always_failing PASSED [  1%]
2026-02-02T18:04:02.6040970Z tests/test_analysis.py::TestFlakyTestDetection::test_flaky_test_with_multiple_tests PASSED [  1%]
2026-02-02T18:04:02.6041610Z tests/test_analysis.py::TestFlakyTestDetection::test_insufficient_runs_for_flaky_detection PASSED [  1%]
2026-02-02T18:04:02.6056510Z tests/test_analysis.py::TestRecurringFailureDetection::test_detect_recurring_failure PASSED [  2%]
2026-02-02T18:04:02.6058620Z tests/test_analysis.py::TestRecurringFailureDetection::test_no_recurring_failures_below_threshold PASSED [  2%]
2026-02-02T18:04:02.6068230Z tests/test_analysis.py::TestRecurringFailureDetection::test_multiple_recurring_failures PASSED [  3%]
2026-02-02T18:04:02.6069920Z tests/test_analysis.py::TestPlatformSpecificFailures::test_detect_windows_only_failure PASSED [  3%]
2026-02-02T18:04:02.6071690Z tests/test_analysis.py::TestPlatformSpecificFailures::test_detect_linux_only_failure PASSED [  3%]
2026-02-02T18:04:02.6077650Z tests/test_analysis.py::TestPlatformSpecificFailures::test_no_platform_specific_when_all_fail PASSED [  4%]
2026-02-02T18:04:02.6081980Z tests/test_analysis.py::TestPlatformSpecificFailures::test_no_platform_specific_when_all_pass PASSED [  4%]
2026-02-02T18:04:02.6088270Z tests/test_analysis.py::TestFailureGrouping::test_group_failures_by_same_message PASSED [  5%]
2026-02-02T18:04:02.6102000Z tests/test_analysis.py::TestFailureGrouping::test_group_failures_by_same_location PASSED [  5%]
2026-02-02T18:04:02.6129580Z tests/test_analysis.py::TestFailureGrouping::test_group_failures_by_same_type PASSED [  5%]
2026-02-02T18:04:02.6130300Z tests/test_analysis.py::TestFailureGrouping::test_no_grouping_for_unique_failures PASSED [  6%]
2026-02-02T18:04:02.6136600Z tests/test_analysis.py::TestTrendAnalysis::test_detect_increasing_failure_trend PASSED [  6%]
2026-02-02T18:04:02.6145170Z tests/test_analysis.py::TestTrendAnalysis::test_detect_decreasing_failure_trend PASSED [  7%]
2026-02-02T18:04:02.6161690Z tests/test_analysis.py::TestTrendAnalysis::test_detect_stable_trend PASSED [  7%]
2026-02-02T18:04:02.6163110Z tests/test_analysis.py::TestTrendAnalysis::test_insufficient_data_for_trend PASSED [  7%]
2026-02-02T18:04:02.6167050Z tests/test_analysis.py::TestRecommendationGeneration::test_recommendation_for_flaky_test PASSED [  8%]
2026-02-02T18:04:02.6168820Z tests/test_analysis.py::TestRecommendationGeneration::test_recommendation_for_recurring_failure PASSED [  8%]
2026-02-02T18:04:02.6182750Z tests/test_analysis.py::TestRecommendationGeneration::test_recommendation_for_platform_specific_failure PASSED [  9%]
2026-02-02T18:04:02.6191200Z tests/test_analysis.py::TestRecommendationGeneration::test_recommendation_for_increasing_trend PASSED [  9%]
2026-02-02T18:04:02.6196130Z tests/test_analysis.py::TestRecommendationGeneration::test_no_recommendations_for_healthy_state PASSED [  9%]
2026-02-02T18:04:02.6199400Z tests/test_analysis.py::TestRecommendationGeneration::test_multiple_recommendations_prioritized PASSED [ 10%]
2026-02-02T18:04:02.6204680Z tests/test_analysis.py::TestFailureGroupDataclass::test_failure_group_creation PASSED [ 10%]
2026-02-02T18:04:02.6208400Z tests/test_analysis.py::TestFlakyTestDataclass::test_flaky_test_creation PASSED [ 11%]
2026-02-02T18:04:02.6229340Z tests/test_analysis.py::TestPlatformFailureDataclass::test_platform_failure_creation PASSED [ 11%]
2026-02-02T18:04:02.6233520Z tests/test_analysis.py::TestRecommendationDataclass::test_recommendation_creation PASSED [ 11%]
2026-02-02T18:04:02.6239920Z tests/test_analysis.py::TestFailureTrendDataclass::test_failure_trend_creation PASSED [ 12%]
2026-02-02T18:04:02.6386520Z tests/test_ci_log_parser.py::TestPytestLogParsing::test_parse_pytest_log_all_passed PASSED [ 12%]
2026-02-02T18:04:02.6439370Z tests/test_ci_log_parser.py::TestPytestLogParsing::test_parse_pytest_log_with_failures PASSED [ 13%]
2026-02-02T18:04:02.6549320Z tests/test_ci_log_parser.py::TestPytestLogParsing::test_parse_pytest_log_with_skipped_tests PASSED [ 13%]
2026-02-02T18:04:02.6552570Z tests/test_ci_log_parser.py::TestPytestLogParsing::test_parse_pytest_log_with_errors PASSED [ 13%]
2026-02-02T18:04:02.6554330Z tests/test_ci_log_parser.py::TestPytestLogParsing::test_parse_pytest_log_with_durations PASSED [ 14%]
2026-02-02T18:04:02.6556010Z tests/test_ci_log_parser.py::TestPytestLogParsing::test_parse_pytest_log_extract_traceback PASSED [ 14%]
2026-02-02T18:04:02.6557670Z tests/test_ci_log_parser.py::TestPytestLogParsing::test_parse_pytest_log_with_parametrized_tests PASSED [ 15%]
2026-02-02T18:04:02.6559130Z tests/test_ci_log_parser.py::TestPytestLogParsing::test_parse_pytest_empty_log PASSED [ 15%]
2026-02-02T18:04:02.6560690Z tests/test_ci_log_parser.py::TestPytestLogParsing::test_parse_pytest_log_no_collection PASSED [ 15%]
2026-02-02T18:04:02.6576860Z tests/test_ci_log_parser.py::TestCoverageLogParsing::test_parse_coverage_log_basic PASSED [ 16%]
2026-02-02T18:04:02.6581220Z tests/test_ci_log_parser.py::TestCoverageLogParsing::test_parse_coverage_log_with_missing_lines PASSED [ 16%]
2026-02-02T18:04:02.6610860Z tests/test_ci_log_parser.py::TestCoverageLogParsing::test_parse_coverage_log_empty PASSED [ 17%]
2026-02-02T18:04:02.6675070Z tests/test_ci_log_parser.py::TestFlake8LogParsing::test_parse_flake8_log_with_violations PASSED [ 17%]
2026-02-02T18:04:02.6677350Z tests/test_ci_log_parser.py::TestFlake8LogParsing::test_parse_flake8_log_no_violations PASSED [ 17%]
2026-02-02T18:04:02.6816610Z tests/test_ci_log_parser.py::TestFailurePatternDetection::test_detect_timeout_pattern PASSED [ 18%]
2026-02-02T18:04:02.6818260Z tests/test_ci_log_parser.py::TestFailurePatternDetection::test_detect_platform_specific_pattern PASSED [ 18%]
2026-02-02T18:04:02.6821500Z tests/test_ci_log_parser.py::TestFailurePatternDetection::test_detect_setup_failure_pattern PASSED [ 19%]
2026-02-02T18:04:02.6832640Z tests/test_ci_log_parser.py::TestFailurePatternDetection::test_detect_import_error_pattern PASSED [ 19%]
2026-02-02T18:04:02.6834820Z tests/test_ci_log_parser.py::TestFailurePatternDetection::test_detect_multiple_patterns PASSED [ 19%]
2026-02-02T18:04:02.6844850Z tests/test_ci_log_parser.py::TestFailurePatternDetection::test_no_patterns_in_successful_log PASSED [ 20%]
2026-02-02T18:04:02.6874810Z tests/test_cli.py::TestCLIArgumentParsing::test_create_parser_returns_argparse_parser PASSED [ 20%]
2026-02-02T18:04:02.6929150Z tests/test_cli.py::TestCLIArgumentParsing::test_parser_has_version_argument PASSED [ 21%]
2026-02-02T18:04:02.6972940Z tests/test_cli.py::TestCLIArgumentParsing::test_parser_has_help_argument PASSED [ 21%]
2026-02-02T18:04:02.7003920Z tests/test_cli.py::TestCLIArgumentParsing::test_parser_requires_subcommand PASSED [ 21%]
2026-02-02T18:04:02.7051390Z tests/test_cli.py::TestLogsCommand::test_logs_command_with_workflow_name PASSED [ 22%]
2026-02-02T18:04:02.7156660Z tests/test_cli.py::TestLogsCommand::test_logs_command_with_limit_option PASSED [ 22%]
2026-02-02T18:04:02.7257850Z tests/test_cli.py::TestLogsCommand::test_logs_command_with_output_option PASSED [ 23%]
2026-02-02T18:04:02.7291150Z tests/test_cli.py::TestLogsCommand::test_logs_command_with_branch_filter PASSED [ 23%]
2026-02-02T18:04:02.7292790Z tests/test_cli.py::TestLogsCommand::test_logs_command_execution PASSED   [ 23%]
2026-02-02T18:04:02.7294550Z tests/test_cli.py::TestAnalyzeCommand::test_analyze_command_with_run_id PASSED [ 24%]
2026-02-02T18:04:02.7398930Z tests/test_cli.py::TestAnalyzeCommand::test_analyze_command_with_format_option PASSED [ 24%]
2026-02-02T18:04:02.7520440Z tests/test_cli.py::TestAnalyzeCommand::test_analyze_command_with_output_file PASSED [ 25%]
2026-02-02T18:04:02.7697780Z tests/test_cli.py::TestAnalyzeCommand::test_analyze_command_with_verbose_flag PASSED [ 25%]
2026-02-02T18:04:02.7798270Z tests/test_cli.py::TestAnalyzeCommand::test_analyze_command_execution PASSED [ 25%]
2026-02-02T18:04:02.7900650Z tests/test_cli.py::TestTrendsCommand::test_trends_command_with_workflow_name PASSED [ 26%]
2026-02-02T18:04:02.8006540Z tests/test_cli.py::TestTrendsCommand::test_trends_command_with_days_option PASSED [ 26%]
2026-02-02T18:04:02.8118140Z tests/test_cli.py::TestTrendsCommand::test_trends_command_with_format_option PASSED [ 27%]
2026-02-02T18:04:02.8167090Z tests/test_cli.py::TestTrendsCommand::test_trends_command_execution PASSED [ 27%]
2026-02-02T18:04:02.8167880Z tests/test_cli.py::TestFlakyCommand::test_flaky_command_no_arguments PASSED [ 27%]
2026-02-02T18:04:02.8168440Z tests/test_cli.py::TestFlakyCommand::test_flaky_command_with_threshold_option PASSED [ 28%]
2026-02-02T18:04:02.8173020Z tests/test_cli.py::TestFlakyCommand::test_flaky_command_with_min_runs_option PASSED [ 28%]
2026-02-02T18:04:02.8178580Z tests/test_cli.py::TestFlakyCommand::test_flaky_command_with_format_option PASSED [ 29%]
2026-02-02T18:04:02.8180090Z tests/test_cli.py::TestFlakyCommand::test_flaky_command_execution PASSED [ 29%]
2026-02-02T18:04:02.8181900Z tests/test_cli.py::TestConfigCommand::test_config_show_command PASSED    [ 29%]
2026-02-02T18:04:02.8212940Z tests/test_cli.py::TestConfigCommand::test_config_set_command_with_key_value PASSED [ 30%]
2026-02-02T18:04:02.8239740Z tests/test_cli.py::TestConfigCommand::test_config_get_command_with_key PASSED [ 30%]
2026-02-02T18:04:02.8281630Z tests/test_cli.py::TestConfigCommand::test_config_show_execution PASSED  [ 31%]
2026-02-02T18:04:02.8318160Z tests/test_cli.py::TestAuthenticationHandling::test_token_from_environment_variable PASSED [ 31%]
2026-02-02T18:04:02.8350830Z tests/test_cli.py::TestAuthenticationHandling::test_token_from_command_line_option PASSED [ 31%]
2026-02-02T18:04:02.8395980Z tests/test_cli.py::TestAuthenticationHandling::test_repo_from_environment_variable PASSED [ 32%]
2026-02-02T18:04:02.8432480Z tests/test_cli.py::TestAuthenticationHandling::test_repo_from_command_line_option PASSED [ 32%]
2026-02-02T18:04:02.8464930Z tests/test_cli.py::TestOutputFormatOptions::test_console_format PASSED   [ 33%]
2026-02-02T18:04:02.8492580Z tests/test_cli.py::TestOutputFormatOptions::test_html_format PASSED      [ 33%]
2026-02-02T18:04:02.8561040Z tests/test_cli.py::TestOutputFormatOptions::test_json_format PASSED      [ 33%]
2026-02-02T18:04:02.8608360Z tests/test_cli.py::TestOutputFormatOptions::test_csv_format PASSED       [ 34%]
2026-02-02T18:04:02.8633080Z tests/test_cli.py::TestOutputFormatOptions::test_default_format_is_console PASSED [ 34%]
2026-02-02T18:04:02.8676600Z tests/test_cli.py::TestErrorHandling::test_missing_token_error PASSED    [ 35%]
2026-02-02T18:04:02.8722190Z tests/test_cli.py::TestErrorHandling::test_invalid_repository_format_error PASSED [ 35%]
2026-02-02T18:04:02.8765530Z tests/test_cli.py::TestErrorHandling::test_network_error_handling PASSED [ 35%]
2026-02-02T18:04:02.8796060Z tests/test_cli.py::TestVerboseOutput::test_verbose_flag_sets_logging_level PASSED [ 36%]
2026-02-02T18:04:02.8825330Z tests/test_cli.py::TestVerboseOutput::test_quiet_flag_sets_logging_level PASSED [ 36%]
2026-02-02T18:04:02.8880530Z tests/test_cli.py::TestCLIIntegration::test_full_analyze_workflow PASSED [ 37%]
2026-02-02T18:04:02.8940180Z tests/test_cli.py::TestCLIIntegration::test_html_report_generation_workflow PASSED [ 37%]
2026-02-02T18:04:02.8980020Z tests/test_cli.py::TestMainFunction::test_main_with_no_arguments_shows_help PASSED [ 37%]
2026-02-02T18:04:02.9004930Z tests/test_cli.py::TestMainFunction::test_main_returns_zero_on_success PASSED [ 38%]
2026-02-02T18:04:02.9038630Z tests/test_cli.py::TestMainFunction::test_main_returns_nonzero_on_error PASSED [ 38%]
2026-02-02T18:04:02.9044530Z tests/test_failure_parser.py::TestFailureLocation::test_failure_location_creation PASSED [ 39%]
2026-02-02T18:04:02.9056670Z tests/test_failure_parser.py::TestFailureLocation::test_failure_location_without_column PASSED [ 39%]
2026-02-02T18:04:02.9060940Z tests/test_failure_parser.py::TestFailureLocation::test_failure_location_string_representation PASSED [ 39%]
2026-02-02T18:04:02.9070460Z tests/test_failure_parser.py::TestStackFrame::test_stack_frame_creation PASSED [ 40%]
2026-02-02T18:04:02.9078780Z tests/test_failure_parser.py::TestStackFrame::test_stack_frame_without_code PASSED [ 40%]
2026-02-02T18:04:02.9085780Z tests/test_failure_parser.py::TestFailureDataclass::test_test_failure_creation PASSED [ 41%]
2026-02-02T18:04:02.9090400Z tests/test_failure_parser.py::TestFailureDataclass::test_test_failure_minimal PASSED [ 41%]
2026-02-02T18:04:02.9131780Z tests/test_failure_parser.py::TestPytestParser::test_parse_pytest_simple_failure PASSED [ 41%]
2026-02-02T18:04:02.9136570Z tests/test_failure_parser.py::TestPytestParser::test_parse_pytest_with_stack_trace PASSED [ 42%]
2026-02-02T18:04:02.9145810Z tests/test_failure_parser.py::TestPytestParser::test_parse_pytest_multiple_failures PASSED [ 42%]
2026-02-02T18:04:02.9163360Z tests/test_failure_parser.py::TestPytestParser::test_parse_pytest_json_output PASSED [ 43%]
2026-02-02T18:04:02.9170660Z tests/test_failure_parser.py::TestPytestParser::test_parse_pytest_parametrized_test PASSED [ 43%]
2026-02-02T18:04:02.9176080Z tests/test_failure_parser.py::TestPytestParser::test_parse_pytest_no_failures PASSED [ 43%]
2026-02-02T18:04:02.9181970Z tests/test_failure_parser.py::TestPytestParser::test_parse_pytest_with_captured_output PASSED [ 44%]
2026-02-02T18:04:02.9202000Z tests/test_failure_parser.py::TestUnittestParser::test_parse_unittest_simple_failure PASSED [ 44%]
2026-02-02T18:04:02.9206240Z tests/test_failure_parser.py::TestUnittestParser::test_parse_unittest_error PASSED [ 45%]
2026-02-02T18:04:02.9213830Z tests/test_failure_parser.py::TestUnittestParser::test_parse_unittest_multiple_failures PASSED [ 45%]
2026-02-02T18:04:02.9224380Z tests/test_failure_parser.py::TestUnittestParser::test_parse_unittest_no_failures PASSED [ 45%]
2026-02-02T18:04:02.9229970Z tests/test_failure_parser.py::TestUnittestParser::test_parse_unittest_with_stack_trace PASSED [ 46%]
2026-02-02T18:04:02.9281990Z tests/test_failure_parser.py::TestGoogleTestParser::test_parse_gtest_simple_failure PASSED [ 46%]
2026-02-02T18:04:02.9301450Z tests/test_failure_parser.py::TestGoogleTestParser::test_parse_gtest_xml_output PASSED [ 47%]
2026-02-02T18:04:02.9306560Z tests/test_failure_parser.py::TestGoogleTestParser::test_parse_gtest_json_output PASSED [ 47%]
2026-02-02T18:04:02.9358450Z tests/test_failure_parser.py::TestGoogleTestParser::test_parse_gtest_multiple_failures PASSED [ 47%]
2026-02-02T18:04:02.9366010Z tests/test_failure_parser.py::TestGoogleTestParser::test_parse_gtest_no_failures PASSED [ 48%]
2026-02-02T18:04:02.9373250Z tests/test_failure_parser.py::TestFailureParser::test_auto_detect_pytest PASSED [ 48%]
2026-02-02T18:04:02.9399080Z tests/test_failure_parser.py::TestFailureParser::test_auto_detect_unittest PASSED [ 49%]
2026-02-02T18:04:02.9431020Z tests/test_failure_parser.py::TestFailureParser::test_auto_detect_gtest PASSED [ 49%]
2026-02-02T18:04:02.9434850Z tests/test_failure_parser.py::TestFailureParser::test_parse_with_explicit_format PASSED [ 49%]
2026-02-02T18:04:02.9449100Z tests/test_failure_parser.py::TestFailureParser::test_parse_empty_output PASSED [ 50%]
2026-02-02T18:04:02.9479510Z tests/test_failure_parser.py::TestFailureParser::test_parse_unknown_format PASSED [ 50%]
2026-02-02T18:04:02.9514600Z tests/test_failure_parser.py::TestFailureParser::test_parse_json_pytest PASSED [ 50%]
2026-02-02T18:04:02.9521390Z tests/test_failure_parser.py::TestFailureParser::test_get_parser_by_format PASSED [ 51%]
2026-02-02T18:04:02.9985930Z tests/test_github_actions_client.py::TestGitHubActionsClient::test_client_initialization PASSED [ 51%]
2026-02-02T18:04:03.0689580Z tests/test_github_actions_client.py::TestGitHubActionsClient::test_fetch_and_store_workflow_runs PASSED [ 52%]
2026-02-02T18:04:03.1112910Z tests/test_github_actions_client.py::TestGitHubActionsClient::test_fetch_duplicate_runs_updates_existing PASSED [ 52%]
2026-02-02T18:04:03.1855020Z tests/test_github_actions_client.py::TestGitHubActionsClient::test_fetch_workflow_jobs PASSED [ 52%]
2026-02-02T18:04:03.2264100Z tests/test_github_actions_client.py::TestGitHubActionsClient::test_parse_job_name_extracts_platform_and_python PASSED [ 53%]
2026-02-02T18:04:03.2621370Z tests/test_github_actions_client.py::TestGitHubActionsClient::test_calculate_duration PASSED [ 53%]
2026-02-02T18:04:03.3008050Z tests/test_github_actions_client.py::TestGitHubActionsClient::test_fetch_jobs_without_run_in_database PASSED [ 54%]
2026-02-02T18:04:03.3349310Z tests/test_github_actions_client.py::TestGitHubActionsClient::test_get_workflow_run_from_database PASSED [ 54%]
2026-02-02T18:04:03.3807950Z tests/test_github_actions_client.py::TestGitHubActionsClient::test_get_nonexistent_workflow_run PASSED [ 54%]
2026-02-02T18:04:03.4513520Z tests/test_github_actions_client.py::TestGitHubActionsClient::test_get_workflow_jobs_from_database PASSED [ 55%]
2026-02-02T18:04:03.4922750Z tests/test_github_actions_client.py::TestGitHubActionsClient::test_list_recent_workflow_runs PASSED [ 55%]
2026-02-02T18:04:03.5404140Z tests/test_github_actions_client.py::TestGitHubActionsClient::test_get_failed_runs PASSED [ 56%]
2026-02-02T18:04:03.5946280Z tests/test_github_actions_client.py::TestGitHubActionsClient::test_extract_run_number_from_metadata PASSED [ 56%]
2026-02-02T18:04:03.5951610Z tests/test_log_retrieval.py::TestLogParser::test_remove_ansi_codes_simple PASSED [ 56%]
2026-02-02T18:04:03.5965910Z tests/test_log_retrieval.py::TestLogParser::test_remove_ansi_codes_multiple PASSED [ 57%]
2026-02-02T18:04:03.5969760Z tests/test_log_retrieval.py::TestLogParser::test_remove_ansi_codes_no_codes PASSED [ 57%]
2026-02-02T18:04:03.5974810Z tests/test_log_retrieval.py::TestLogParser::test_remove_ansi_codes_empty PASSED [ 58%]
2026-02-02T18:04:03.5983800Z tests/test_log_retrieval.py::TestLogParser::test_extract_timestamp_iso8601 PASSED [ 58%]
2026-02-02T18:04:03.5992930Z tests/test_log_retrieval.py::TestLogParser::test_extract_timestamp_iso8601_with_millis PASSED [ 58%]
2026-02-02T18:04:03.6072580Z tests/test_log_retrieval.py::TestLogParser::test_extract_timestamp_space_separated PASSED [ 59%]
2026-02-02T18:04:03.6082540Z tests/test_log_retrieval.py::TestLogParser::test_extract_timestamp_unix PASSED [ 59%]
2026-02-02T18:04:03.6088870Z tests/test_log_retrieval.py::TestLogParser::test_extract_timestamp_no_timestamp PASSED [ 60%]
2026-02-02T18:04:03.6095850Z tests/test_log_retrieval.py::TestLogParser::test_parse_log_lines_simple PASSED [ 60%]
2026-02-02T18:04:03.6124000Z tests/test_log_retrieval.py::TestLogParser::test_parse_log_lines_with_ansi PASSED [ 60%]
2026-02-02T18:04:03.6134040Z tests/test_log_retrieval.py::TestLogParser::test_parse_log_lines_with_timestamps PASSED [ 61%]
2026-02-02T18:04:03.6142900Z tests/test_log_retrieval.py::TestLogParser::test_parse_log_lines_skip_empty PASSED [ 61%]
2026-02-02T18:04:03.6156800Z tests/test_log_retrieval.py::TestLogParser::test_parse_log_lines_empty_input PASSED [ 62%]
2026-02-02T18:04:03.6164240Z tests/test_log_retrieval.py::TestLogParser::test_extract_timestamp_invalid_format PASSED [ 62%]
2026-02-02T18:04:03.6180830Z tests/test_log_retrieval.py::TestLogCache::test_cache_initialization PASSED [ 62%]
2026-02-02T18:04:03.6192400Z tests/test_log_retrieval.py::TestLogCache::test_is_cached_false_for_missing PASSED [ 63%]
2026-02-02T18:04:03.6212800Z tests/test_log_retrieval.py::TestLogCache::test_save_and_load_log PASSED [ 63%]
2026-02-02T18:04:03.6237400Z tests/test_log_retrieval.py::TestLogCache::test_save_log_with_no_timestamps PASSED [ 64%]
2026-02-02T18:04:03.6252040Z tests/test_log_retrieval.py::TestLogCache::test_load_nonexistent_log PASSED [ 64%]
2026-02-02T18:04:03.6323700Z tests/test_log_retrieval.py::TestLogCache::test_clear_specific_run PASSED [ 64%]
2026-02-02T18:04:03.6448870Z tests/test_log_retrieval.py::TestLogCache::test_clear_all_logs PASSED    [ 65%]
2026-02-02T18:04:03.6480010Z tests/test_log_retrieval.py::TestLogRetriever::test_initialization_default_cache_dir PASSED [ 65%]
2026-02-02T18:04:03.6489970Z tests/test_log_retrieval.py::TestLogRetriever::test_initialization_custom_cache_dir PASSED [ 66%]
2026-02-02T18:04:03.6506630Z tests/test_log_retrieval.py::TestLogRetriever::test_get_logs_from_provider PASSED [ 66%]
2026-02-02T18:04:03.6568600Z tests/test_log_retrieval.py::TestLogRetriever::test_get_logs_from_cache PASSED [ 66%]
2026-02-02T18:04:03.6608430Z tests/test_log_retrieval.py::TestLogRetriever::test_get_logs_bypasses_cache_when_disabled PASSED [ 67%]
2026-02-02T18:04:03.6647550Z tests/test_log_retrieval.py::TestLogRetriever::test_get_all_job_logs PASSED [ 67%]
2026-02-02T18:04:03.6680910Z tests/test_log_retrieval.py::TestLogRetriever::test_get_all_job_logs_handles_errors PASSED [ 68%]
2026-02-02T18:04:03.6694740Z tests/test_log_retrieval.py::TestLogRetriever::test_get_logs_with_no_job_found PASSED [ 68%]
2026-02-02T18:04:03.6723300Z tests/test_log_retrieval.py::TestLogRetriever::test_cache_save_creates_directory_structure PASSED [ 68%]
2026-02-02T18:04:03.6758820Z tests/test_log_retrieval.py::TestLogRetriever::test_load_with_invalid_timestamp_in_cache PASSED [ 69%]
2026-02-02T18:04:03.6769240Z tests/test_log_retrieval.py::TestWorkflowLog::test_workflow_log_creation PASSED [ 69%]
2026-02-02T18:04:03.6834390Z tests/test_providers.py::TestCIProviderInterface::test_provider_interface_is_abstract PASSED [ 70%]
2026-02-02T18:04:03.6842670Z tests/test_providers.py::TestCIProviderInterface::test_provider_interface_requires_get_workflow_runs PASSED [ 70%]
2026-02-02T18:04:03.6856190Z tests/test_providers.py::TestCIProviderInterface::test_provider_interface_requires_get_workflow_run PASSED [ 70%]
2026-02-02T18:04:03.6857170Z tests/test_providers.py::TestCIProviderInterface::test_provider_interface_requires_get_jobs PASSED [ 71%]
2026-02-02T18:04:03.6889330Z tests/test_providers.py::TestCIProviderInterface::test_provider_interface_requires_get_logs PASSED [ 71%]
2026-02-02T18:04:03.6898010Z tests/test_providers.py::TestWorkflowRunModel::test_workflow_run_creation_with_all_fields PASSED [ 72%]
2026-02-02T18:04:03.6908440Z tests/test_providers.py::TestWorkflowRunModel::test_workflow_run_creation_with_optional_fields PASSED [ 72%]
2026-02-02T18:04:03.6919360Z tests/test_providers.py::TestJobModel::test_job_creation_with_all_fields PASSED [ 72%]
2026-02-02T18:04:03.6922680Z tests/test_providers.py::TestJobModel::test_job_creation_with_optional_fields PASSED [ 73%]
2026-02-02T18:04:03.6936600Z tests/test_providers.py::TestLogEntryModel::test_log_entry_creation PASSED [ 73%]
2026-02-02T18:04:03.6944560Z tests/test_providers.py::TestGitHubActionsProvider::test_github_actions_provider_initialization PASSED [ 74%]
2026-02-02T18:04:03.6946890Z tests/test_providers.py::TestGitHubActionsProvider::test_github_actions_provider_initialization_without_token PASSED [ 74%]
2026-02-02T18:04:03.6966310Z tests/test_providers.py::TestGitHubActionsProvider::test_get_workflow_runs_success PASSED [ 74%]
2026-02-02T18:04:03.6996750Z tests/test_providers.py::TestGitHubActionsProvider::test_get_workflow_run_success PASSED [ 75%]
2026-02-02T18:04:03.7025480Z tests/test_providers.py::TestGitHubActionsProvider::test_get_jobs_success PASSED [ 75%]
2026-02-02T18:04:03.7051690Z tests/test_providers.py::TestGitHubActionsProvider::test_get_logs_success PASSED [ 76%]
2026-02-02T18:04:03.7095980Z tests/test_providers.py::TestGitHubActionsProvider::test_authentication_with_token PASSED [ 76%]
2026-02-02T18:04:03.7182390Z tests/test_providers.py::TestGitHubActionsProvider::test_authentication_without_token PASSED [ 76%]
2026-02-02T18:04:03.7209190Z tests/test_providers.py::TestGitHubActionsProvider::test_rate_limiting_error_handling PASSED [ 77%]
2026-02-02T18:04:03.7243340Z tests/test_providers.py::TestGitHubActionsProvider::test_404_not_found_error_handling PASSED [ 77%]
2026-02-02T18:04:03.7281820Z tests/test_providers.py::TestGitHubActionsProvider::test_network_timeout_error_handling PASSED [ 78%]
2026-02-02T18:04:03.7316000Z tests/test_providers.py::TestGitHubActionsProvider::test_generic_request_error_handling PASSED [ 78%]
2026-02-02T18:04:03.7332680Z tests/test_providers.py::TestGitHubActionsProvider::test_malformed_response_handling PASSED [ 78%]
2026-02-02T18:04:03.7361510Z tests/test_providers.py::TestGitHubActionsProvider::test_pagination_support PASSED [ 79%]
2026-02-02T18:04:03.7395120Z tests/test_providers.py::TestGitHubActionsProvider::test_workflow_name_filtering PASSED [ 79%]
2026-02-02T18:04:03.7419760Z tests/test_providers.py::TestGitHubActionsProvider::test_get_logs_with_invalid_timestamps PASSED [ 80%]
2026-02-02T18:04:03.7435940Z tests/test_providers.py::TestGitHubActionsProvider::test_get_logs_with_empty_lines PASSED [ 80%]
2026-02-02T18:04:03.7451880Z tests/test_reporting.py::TestReportFormatter::test_format_duration_ms PASSED [ 80%]
2026-02-02T18:04:03.7453490Z tests/test_reporting.py::TestReportFormatter::test_format_duration_none PASSED [ 81%]
2026-02-02T18:04:03.7468280Z tests/test_reporting.py::TestReportFormatter::test_format_timestamp PASSED [ 81%]
2026-02-02T18:04:03.7486180Z tests/test_reporting.py::TestReportFormatter::test_format_percentage PASSED [ 82%]
2026-02-02T18:04:03.7511590Z tests/test_reporting.py::TestReportFormatter::test_truncate_message PASSED [ 82%]
2026-02-02T18:04:03.7512240Z tests/test_reporting.py::TestConsoleReporter::test_generate_failure_summary_empty PASSED [ 82%]
2026-02-02T18:04:03.7514820Z tests/test_reporting.py::TestConsoleReporter::test_generate_failure_summary_with_failures PASSED [ 83%]
2026-02-02T18:04:03.7521160Z tests/test_reporting.py::TestConsoleReporter::test_generate_failure_summary_with_colors PASSED [ 83%]
2026-02-02T18:04:03.7530600Z tests/test_reporting.py::TestConsoleReporter::test_generate_flaky_test_report PASSED [ 84%]
2026-02-02T18:04:03.7533210Z tests/test_reporting.py::TestConsoleReporter::test_generate_platform_comparison PASSED [ 84%]
2026-02-02T18:04:03.7556290Z tests/test_reporting.py::TestConsoleReporter::test_generate_recommendations_report PASSED [ 84%]
2026-02-02T18:04:03.7591640Z tests/test_reporting.py::TestConsoleReporter::test_color_detection_auto PASSED [ 85%]
2026-02-02T18:04:03.7607580Z tests/test_reporting.py::TestHtmlReporter::test_generate_html_report_basic PASSED [ 85%]
2026-02-02T18:04:03.7611310Z tests/test_reporting.py::TestHtmlReporter::test_generate_html_report_with_timeline PASSED [ 86%]
2026-02-02T18:04:03.7619230Z tests/test_reporting.py::TestHtmlReporter::test_generate_html_with_flaky_tests PASSED [ 86%]
2026-02-02T18:04:03.7627430Z tests/test_reporting.py::TestHtmlReporter::test_generate_html_with_platform_comparison PASSED [ 86%]
2026-02-02T18:04:03.7645880Z tests/test_reporting.py::TestHtmlReporter::test_save_html_report_to_file PASSED [ 87%]
2026-02-02T18:04:03.7660830Z tests/test_reporting.py::TestHtmlReporter::test_html_escaping PASSED     [ 87%]
2026-02-02T18:04:03.7663360Z tests/test_reporting.py::TestJsonExporter::test_export_failures_to_json PASSED [ 88%]
2026-02-02T18:04:03.7700390Z tests/test_reporting.py::TestJsonExporter::test_export_flaky_tests_to_json PASSED [ 88%]
2026-02-02T18:04:03.7701220Z tests/test_reporting.py::TestJsonExporter::test_export_complete_analysis_to_json PASSED [ 88%]
2026-02-02T18:04:03.7729890Z tests/test_reporting.py::TestJsonExporter::test_save_json_to_file PASSED [ 89%]
2026-02-02T18:04:03.7730570Z tests/test_reporting.py::TestJsonExporter::test_json_indentation PASSED  [ 89%]
2026-02-02T18:04:03.7737910Z tests/test_reporting.py::TestCsvExporter::test_export_failures_to_csv PASSED [ 90%]
2026-02-02T18:04:03.7748810Z tests/test_reporting.py::TestCsvExporter::test_export_flaky_tests_to_csv PASSED [ 90%]
2026-02-02T18:04:03.7769760Z tests/test_reporting.py::TestCsvExporter::test_save_csv_to_file PASSED   [ 90%]
2026-02-02T18:04:03.7774540Z tests/test_reporting.py::TestCsvExporter::test_csv_escaping PASSED       [ 91%]
2026-02-02T18:04:03.7801620Z tests/test_reporting.py::TestReportIntegration::test_generate_all_formats PASSED [ 91%]
2026-02-02T18:04:03.7810510Z tests/test_reporting.py::TestReportIntegration::test_empty_failures_all_formats PASSED [ 92%]
2026-02-02T18:04:03.7957430Z tests/test_storage.py::TestWorkflowRun::test_create_workflow_run PASSED  [ 92%]
2026-02-02T18:04:03.8114350Z tests/test_storage.py::TestWorkflowRun::test_workflow_run_unique_constraint PASSED [ 92%]
2026-02-02T18:04:03.8114960Z tests/test_storage.py::TestWorkflowRun::test_workflow_run_repr PASSED    [ 93%]
2026-02-02T18:04:03.8300970Z tests/test_storage.py::TestWorkflowRun::test_workflow_run_relationship_to_jobs PASSED [ 93%]
2026-02-02T18:04:03.8686040Z tests/test_storage.py::TestWorkflowRun::test_workflow_run_cascade_delete PASSED [ 94%]
2026-02-02T18:04:03.8957670Z tests/test_storage.py::TestWorkflowJob::test_create_workflow_job PASSED  [ 94%]
2026-02-02T18:04:03.9063560Z tests/test_storage.py::TestWorkflowJob::test_workflow_job_unique_constraint PASSED [ 94%]
2026-02-02T18:04:03.9165800Z tests/test_storage.py::TestWorkflowJob::test_workflow_job_repr PASSED    [ 95%]
2026-02-02T18:04:03.9275740Z tests/test_storage.py::TestWorkflowJob::test_workflow_job_foreign_key PASSED [ 95%]
2026-02-02T18:04:03.9478390Z tests/test_storage.py::TestWorkflowTestResult::test_create_test_result PASSED [ 96%]
2026-02-02T18:04:03.9579970Z tests/test_storage.py::TestWorkflowTestResult::test_test_result_repr PASSED [ 96%]
2026-02-02T18:04:03.9788080Z tests/test_storage.py::TestWorkflowTestResult::test_test_result_cascade_delete PASSED [ 96%]
2026-02-02T18:04:04.0004940Z tests/test_storage.py::TestCIFailurePattern::test_create_failure_pattern PASSED [ 97%]
2026-02-02T18:04:04.0108330Z tests/test_storage.py::TestCIFailurePattern::test_failure_pattern_repr PASSED [ 97%]
2026-02-02T18:04:04.0212890Z tests/test_storage.py::TestDatabaseManager::test_create_database_manager PASSED [ 98%]
2026-02-02T18:04:04.0615560Z tests/test_storage.py::TestDatabaseManager::test_initialize_database PASSED [ 98%]
2026-02-02T18:04:04.0655790Z tests/test_storage.py::TestDatabaseManager::test_get_session_without_initialize PASSED [ 98%]
2026-02-02T18:04:04.2575490Z tests/test_storage.py::TestDatabaseManager::test_reset_database PASSED   [ 99%]
2026-02-02T18:04:04.2957450Z tests/test_storage.py::TestDatabaseManager::test_context_manager PASSED  [ 99%]
2026-02-02T18:04:05.0665680Z tests/test_storage.py::TestDatabaseManager::test_in_memory_database PASSED [100%]
2026-02-02T18:04:05.0781520Z 
2026-02-02T18:04:05.0883180Z ================================ tests coverage ================================
2026-02-02T18:04:05.0984700Z ______________ coverage: platform darwin, python 3.12.10-final-0 _______________
2026-02-02T18:04:05.1086960Z 
2026-02-02T18:04:05.1188410Z Name                                Stmts   Miss  Cover   Missing
2026-02-02T18:04:05.1290690Z -----------------------------------------------------------------
2026-02-02T18:04:05.1392200Z scout/__init__.py                       2      0   100%
2026-02-02T18:04:05.1493350Z scout/analysis.py                     153      1    99%   385
2026-02-02T18:04:05.1595060Z scout/ci/__init__.py                    2      0   100%
2026-02-02T18:04:05.1697640Z scout/ci/github_actions_client.py      84      5    94%   162-168
2026-02-02T18:04:05.1800290Z scout/failure_parser.py               314     22    93%   36, 129, 171, 183-188, 227, 239, 250, 266-267, 296-297, 397-398, 466, 581, 595-596, 704
2026-02-02T18:04:05.1840400Z scout/log_retrieval.py                146      0   100%
2026-02-02T18:04:05.1941520Z scout/parsers/__init__.py               2      0   100%
2026-02-02T18:04:05.2043240Z scout/parsers/ci_log_parser.py         96      4    96%   146, 204, 234, 318
2026-02-02T18:04:05.2145680Z scout/providers/__init__.py             3      0   100%
2026-02-02T18:04:05.2247490Z scout/providers/base.py                30      0   100%
2026-02-02T18:04:05.2358660Z scout/providers/github_actions.py      72      0   100%
2026-02-02T18:04:05.2460350Z scout/reporting.py                    265     20    92%   131, 136-141, 191, 198-199, 255-256, 293-294, 527, 532-533, 663, 665, 668, 671, 736
2026-02-02T18:04:05.2546120Z scout/storage/__init__.py               3      0   100%
2026-02-02T18:04:05.2647710Z scout/storage/database.py              45      7    84%   51-53, 71-73, 121
2026-02-02T18:04:05.2749580Z scout/storage/schema.py                69      0   100%
2026-02-02T18:04:05.2851100Z -----------------------------------------------------------------
2026-02-02T18:04:05.2953120Z TOTAL                                1286     59    95%
2026-02-02T18:04:05.3057610Z Coverage HTML written to dir htmlcov
2026-02-02T18:04:05.3159390Z Coverage XML written to file coverage.xml
2026-02-02T18:04:05.3188180Z Required test coverage of 90% reached. Total coverage: 95.41%
2026-02-02T18:04:05.3240190Z ============================= 251 passed in 3.91s ==============================
2026-02-02T18:04:05.3416690Z ##[group]Run actions/upload-artifact@v4
2026-02-02T18:04:05.3416900Z with:
2026-02-02T18:04:05.3417050Z   name: coverage-scout-macos-latest-py3.12
2026-02-02T18:04:05.3417240Z   path: ./scout/coverage.xml
2026-02-02T18:04:05.3417400Z   retention-days: 30
2026-02-02T18:04:05.3417540Z   if-no-files-found: warn
2026-02-02T18:04:05.3417690Z   compression-level: 6
2026-02-02T18:04:05.3417840Z   overwrite: false
2026-02-02T18:04:05.3417970Z   include-hidden-files: false
2026-02-02T18:04:05.3418120Z env:
2026-02-02T18:04:05.3418320Z   pythonLocation: /Users/runner/hostedtoolcache/Python/3.12.10/arm64
2026-02-02T18:04:05.3418700Z   PKG_CONFIG_PATH: /Users/runner/hostedtoolcache/Python/3.12.10/arm64/lib/pkgconfig
2026-02-02T18:04:05.3419060Z   Python_ROOT_DIR: /Users/runner/hostedtoolcache/Python/3.12.10/arm64
2026-02-02T18:04:05.3419380Z   Python2_ROOT_DIR: /Users/runner/hostedtoolcache/Python/3.12.10/arm64
2026-02-02T18:04:05.3419730Z   Python3_ROOT_DIR: /Users/runner/hostedtoolcache/Python/3.12.10/arm64
2026-02-02T18:04:05.3419980Z ##[endgroup]
2026-02-02T18:04:06.0515350Z With the provided path, there will be 1 file uploaded
2026-02-02T18:04:06.0529840Z Artifact name is valid!
2026-02-02T18:04:06.0589650Z Root directory input is valid!
2026-02-02T18:04:06.2477820Z Beginning upload of artifact content to blob storage
2026-02-02T18:04:06.2772920Z Uploaded bytes 3935
2026-02-02T18:04:06.3074850Z Finished uploading artifact content to blob storage!
2026-02-02T18:04:06.3177150Z SHA256 digest of uploaded artifact zip is 4eda246fafa46433a88091e1edb38ffa17d423bcdee60f7d1fe683914f97a32c
2026-02-02T18:04:06.3280130Z Finalizing artifact upload
2026-02-02T18:04:06.4200560Z Artifact coverage-scout-macos-latest-py3.12.zip successfully finalized. Artifact ID 5347619110
2026-02-02T18:04:06.4295130Z Artifact coverage-scout-macos-latest-py3.12 has been successfully uploaded! Final size is 3935 bytes. Artifact ID is 5347619110
2026-02-02T18:04:06.4332140Z Artifact download URL: https://github.com/lmvcruz/argos/actions/runs/21601435348/artifacts/5347619110
2026-02-02T18:04:06.4515090Z Post job cleanup.
2026-02-02T18:04:06.6598110Z Post job cleanup.
2026-02-02T18:04:06.8859650Z [command]/opt/homebrew/bin/git version
2026-02-02T18:04:06.9080750Z git version 2.52.0
2026-02-02T18:04:06.9627900Z Copying '/Users/runner/.gitconfig' to '/Users/runner/work/_temp/a4a507c2-6c7b-415d-9a33-b8d5aa1dc7da/.gitconfig'
2026-02-02T18:04:06.9731350Z Temporarily overriding HOME='/Users/runner/work/_temp/a4a507c2-6c7b-415d-9a33-b8d5aa1dc7da' before making global git config changes
2026-02-02T18:04:06.9832130Z Adding repository directory to the temporary git global config as a safe directory
2026-02-02T18:04:06.9934580Z [command]/opt/homebrew/bin/git config --global --add safe.directory /Users/runner/work/argos/argos
2026-02-02T18:04:07.0243360Z [command]/opt/homebrew/bin/git config --local --name-only --get-regexp core\.sshCommand
2026-02-02T18:04:07.0425570Z [command]/opt/homebrew/bin/git submodule foreach --recursive sh -c "git config --local --name-only --get-regexp 'core\.sshCommand' && git config --local --unset-all 'core.sshCommand' || :"
2026-02-02T18:04:07.2985540Z [command]/opt/homebrew/bin/git config --local --name-only --get-regexp http\.https\:\/\/github\.com\/\.extraheader
2026-02-02T18:04:07.3100220Z http.https://github.com/.extraheader
2026-02-02T18:04:07.3539450Z [command]/opt/homebrew/bin/git config --local --unset-all http.https://github.com/.extraheader
2026-02-02T18:04:07.3838260Z [command]/opt/homebrew/bin/git submodule foreach --recursive sh -c "git config --local --name-only --get-regexp 'http\.https\:\/\/github\.com\/\.extraheader' && git config --local --unset-all 'http.https://github.com/.extraheader' || :"
2026-02-02T18:04:07.5949450Z [command]/opt/homebrew/bin/git config --local --name-only --get-regexp ^includeIf\.gitdir:
2026-02-02T18:04:07.6258750Z [command]/opt/homebrew/bin/git submodule foreach --recursive git config --local --show-origin --name-only --get-regexp remote.origin.url
2026-02-02T18:04:07.9319180Z Cleaning up orphan processes
