2026-02-02T17:59:31.6804181Z Current runner version: '2.331.0'
2026-02-02T17:59:31.6828105Z ##[group]Runner Image Provisioner
2026-02-02T17:59:31.6828806Z Hosted Compute Agent
2026-02-02T17:59:31.6829306Z Version: 20260123.484
2026-02-02T17:59:31.6829872Z Commit: 6bd6555ca37d84114959e1c76d2c01448ff61c5d
2026-02-02T17:59:31.6830546Z Build Date: 2026-01-23T19:41:17Z
2026-02-02T17:59:31.6831112Z Worker ID: {e26d615d-38b7-4912-8fb2-0a5b88620162}
2026-02-02T17:59:31.6831759Z Azure Region: eastus2
2026-02-02T17:59:31.6832258Z ##[endgroup]
2026-02-02T17:59:31.6833480Z ##[group]Operating System
2026-02-02T17:59:31.6834091Z Microsoft Windows Server 2025
2026-02-02T17:59:31.6834660Z 10.0.26100
2026-02-02T17:59:31.6835347Z Datacenter
2026-02-02T17:59:31.6836074Z ##[endgroup]
2026-02-02T17:59:31.6837188Z ##[group]Runner Image
2026-02-02T17:59:31.6837985Z Image: windows-2025
2026-02-02T17:59:31.6838776Z Version: 20260127.11.2
2026-02-02T17:59:31.6841114Z Included Software: https://github.com/actions/runner-images/blob/win25/20260127.11/images/windows/Windows2025-Readme.md
2026-02-02T17:59:31.6844057Z Image Release: https://github.com/actions/runner-images/releases/tag/win25%2F20260127.11
2026-02-02T17:59:31.6845572Z ##[endgroup]
2026-02-02T17:59:31.6847371Z ##[group]GITHUB_TOKEN Permissions
2026-02-02T17:59:31.6850152Z Contents: read
2026-02-02T17:59:31.6850948Z Metadata: read
2026-02-02T17:59:31.6851672Z Packages: read
2026-02-02T17:59:31.6852431Z ##[endgroup]
2026-02-02T17:59:31.6855095Z Secret source: Actions
2026-02-02T17:59:31.6856563Z Prepare workflow directory
2026-02-02T17:59:31.7259683Z Prepare all required actions
2026-02-02T17:59:31.7299140Z Getting action download info
2026-02-02T17:59:32.0347810Z Download action repository 'actions/checkout@v4' (SHA:34e114876b0b11c390a56381ad16ebd13914f8d5)
2026-02-02T17:59:32.1819484Z Download action repository 'actions/setup-python@v5' (SHA:a26af69be951a213d495a4c3e4e4022e16d87065)
2026-02-02T17:59:32.3459291Z Download action repository 'codecov/codecov-action@v4' (SHA:b9fd7d16f6d7d1b5d2bec1a2887e65ceed900238)
2026-02-02T17:59:32.6018920Z Download action repository 'actions/upload-artifact@v4' (SHA:ea165f8d65b6e75b540449e92b4886f43607fa02)
2026-02-02T17:59:33.0015178Z Complete job name: Test Python 3.9 on windows-latest
2026-02-02T17:59:33.2730565Z ##[group]Run actions/checkout@v4
2026-02-02T17:59:33.2731981Z with:
2026-02-02T17:59:33.2732443Z   repository: lmvcruz/argos
2026-02-02T17:59:33.2733127Z   token: ***
2026-02-02T17:59:33.2733532Z   ssh-strict: true
2026-02-02T17:59:33.2733966Z   ssh-user: git
2026-02-02T17:59:33.2734421Z   persist-credentials: true
2026-02-02T17:59:33.2734938Z   clean: true
2026-02-02T17:59:33.2735393Z   sparse-checkout-cone-mode: true
2026-02-02T17:59:33.2735950Z   fetch-depth: 1
2026-02-02T17:59:33.2736436Z   fetch-tags: false
2026-02-02T17:59:33.2736891Z   show-progress: true
2026-02-02T17:59:33.2737354Z   lfs: false
2026-02-02T17:59:33.2737774Z   submodules: false
2026-02-02T17:59:33.2738236Z   set-safe-directory: true
2026-02-02T17:59:33.2739048Z ##[endgroup]
2026-02-02T17:59:33.4563078Z Syncing repository: lmvcruz/argos
2026-02-02T17:59:33.4564807Z ##[group]Getting Git version info
2026-02-02T17:59:33.4565402Z Working directory is 'D:\a\argos\argos'
2026-02-02T17:59:33.5972473Z [command]"C:\Program Files\Git\bin\git.exe" version
2026-02-02T17:59:34.4068573Z git version 2.52.0.windows.1
2026-02-02T17:59:34.4120034Z ##[endgroup]
2026-02-02T17:59:34.4141105Z Temporarily overriding HOME='D:\a\_temp\5bf0b75e-0e69-4379-afe2-f9ab72fda621' before making global git config changes
2026-02-02T17:59:34.4143441Z Adding repository directory to the temporary git global config as a safe directory
2026-02-02T17:59:34.4152949Z [command]"C:\Program Files\Git\bin\git.exe" config --global --add safe.directory D:\a\argos\argos
2026-02-02T17:59:34.5110453Z Deleting the contents of 'D:\a\argos\argos'
2026-02-02T17:59:34.5117250Z ##[group]Initializing the repository
2026-02-02T17:59:34.5127509Z [command]"C:\Program Files\Git\bin\git.exe" init D:\a\argos\argos
2026-02-02T17:59:34.7389877Z Initialized empty Git repository in D:/a/argos/argos/.git/
2026-02-02T17:59:34.7438340Z [command]"C:\Program Files\Git\bin\git.exe" remote add origin https://github.com/lmvcruz/argos
2026-02-02T17:59:34.8203500Z ##[endgroup]
2026-02-02T17:59:34.8204255Z ##[group]Disabling automatic garbage collection
2026-02-02T17:59:34.8214543Z [command]"C:\Program Files\Git\bin\git.exe" config --local gc.auto 0
2026-02-02T17:59:34.8507775Z ##[endgroup]
2026-02-02T17:59:34.8508171Z ##[group]Setting up auth
2026-02-02T17:59:34.8521300Z [command]"C:\Program Files\Git\bin\git.exe" config --local --name-only --get-regexp core\.sshCommand
2026-02-02T17:59:34.8809064Z [command]"C:\Program Files\Git\bin\git.exe" submodule foreach --recursive "sh -c \"git config --local --name-only --get-regexp 'core\.sshCommand' && git config --local --unset-all 'core.sshCommand' || :\""
2026-02-02T17:59:37.6587312Z [command]"C:\Program Files\Git\bin\git.exe" config --local --name-only --get-regexp http\.https\:\/\/github\.com\/\.extraheader
2026-02-02T17:59:37.6881803Z [command]"C:\Program Files\Git\bin\git.exe" submodule foreach --recursive "sh -c \"git config --local --name-only --get-regexp 'http\.https\:\/\/github\.com\/\.extraheader' && git config --local --unset-all 'http.https://github.com/.extraheader' || :\""
2026-02-02T17:59:38.1801435Z [command]"C:\Program Files\Git\bin\git.exe" config --local --name-only --get-regexp ^includeIf\.gitdir:
2026-02-02T17:59:38.2097662Z [command]"C:\Program Files\Git\bin\git.exe" submodule foreach --recursive "git config --local --show-origin --name-only --get-regexp remote.origin.url"
2026-02-02T17:59:38.7920564Z [command]"C:\Program Files\Git\bin\git.exe" config --local http.https://github.com/.extraheader "AUTHORIZATION: basic ***"
2026-02-02T17:59:38.8231948Z ##[endgroup]
2026-02-02T17:59:38.8233123Z ##[group]Fetching the repository
2026-02-02T17:59:38.8249613Z [command]"C:\Program Files\Git\bin\git.exe" -c protocol.version=2 fetch --no-tags --prune --no-recurse-submodules --depth=1 origin +5563a4bf4fc378de14842c14efad0d4117ca0a1e:refs/remotes/origin/main
2026-02-02T17:59:39.9898621Z From https://github.com/lmvcruz/argos
2026-02-02T17:59:39.9902009Z  * [new ref]         5563a4bf4fc378de14842c14efad0d4117ca0a1e -> origin/main
2026-02-02T17:59:40.0182752Z ##[endgroup]
2026-02-02T17:59:40.0183238Z ##[group]Determining the checkout info
2026-02-02T17:59:40.0185766Z ##[endgroup]
2026-02-02T17:59:40.0202666Z [command]"C:\Program Files\Git\bin\git.exe" sparse-checkout disable
2026-02-02T17:59:40.0661363Z [command]"C:\Program Files\Git\bin\git.exe" config --local --unset-all extensions.worktreeConfig
2026-02-02T17:59:40.0933880Z ##[group]Checking out the ref
2026-02-02T17:59:40.0942320Z [command]"C:\Program Files\Git\bin\git.exe" checkout --progress --force -B main refs/remotes/origin/main
2026-02-02T17:59:40.2381115Z branch 'main' set up to track 'origin/main'.
2026-02-02T17:59:40.2389235Z Switched to a new branch 'main'
2026-02-02T17:59:40.2424819Z ##[endgroup]
2026-02-02T17:59:40.2842265Z [command]"C:\Program Files\Git\bin\git.exe" log -1 --format=%H
2026-02-02T17:59:40.3137443Z 5563a4bf4fc378de14842c14efad0d4117ca0a1e
2026-02-02T17:59:40.3557718Z ##[group]Run actions/setup-python@v5
2026-02-02T17:59:40.3558023Z with:
2026-02-02T17:59:40.3558202Z   python-version: 3.9
2026-02-02T17:59:40.3558403Z   check-latest: false
2026-02-02T17:59:40.3558731Z   token: ***
2026-02-02T17:59:40.3558901Z   update-environment: true
2026-02-02T17:59:40.3559111Z   allow-prereleases: false
2026-02-02T17:59:40.3559303Z   freethreaded: false
2026-02-02T17:59:40.3559480Z ##[endgroup]
2026-02-02T17:59:40.5745736Z ##[group]Installed versions
2026-02-02T17:59:40.5901747Z Version 3.9 was not found in the local cache
2026-02-02T17:59:41.0292339Z Version 3.9 is available for downloading
2026-02-02T17:59:41.0293445Z Download from "https://github.com/actions/python-versions/releases/download/3.9.13-11183687820/python-3.9.13-win32-x64.zip"
2026-02-02T17:59:41.4097086Z Extract downloaded archive
2026-02-02T17:59:41.5571212Z [command]"C:\Program Files\PowerShell\7\pwsh.exe" -NoLogo -NoProfile -NonInteractive -ExecutionPolicy Unrestricted -Command "$ErrorActionPreference = 'Stop' ; try { Add-Type -AssemblyName System.IO.Compression.ZipFile } catch { } ; try { [System.IO.Compression.ZipFile]::ExtractToDirectory('D:\a\_temp\python-3.9.13-win32-x64.zip', 'D:\a\_temp\615283e7-674d-44b0-ab06-efda7ace950d', $true) } catch { if (($_.Exception.GetType().FullName -eq 'System.Management.Automation.MethodException') -or ($_.Exception.GetType().FullName -eq 'System.Management.Automation.RuntimeException') ){ Expand-Archive -LiteralPath 'D:\a\_temp\python-3.9.13-win32-x64.zip' -DestinationPath 'D:\a\_temp\615283e7-674d-44b0-ab06-efda7ace950d' -Force } else { throw $_ } } ;"
2026-02-02T17:59:47.9220760Z Execute installation script
2026-02-02T17:59:48.4335678Z Check if Python hostedtoolcache folder exist...
2026-02-02T17:59:48.4337873Z 
2026-02-02T17:59:48.4362610Z Check if current Python version is installed...
2026-02-02T17:59:48.4364171Z 
2026-02-02T17:59:48.4438622Z No Python3.9.* found
2026-02-02T17:59:48.4440407Z 
2026-02-02T17:59:48.4447079Z Remove registry entries for Python 3.9(x64)...
2026-02-02T17:59:48.4448658Z 
2026-02-02T17:59:49.0930311Z Create Python 3.9.13 folder in C:\hostedtoolcache\windows\Python
2026-02-02T17:59:49.0930822Z 
2026-02-02T17:59:49.0975200Z Copy Python binaries to C:\hostedtoolcache\windows\Python\3.9.13\x64
2026-02-02T17:59:49.0976368Z 
2026-02-02T17:59:49.1103992Z Install Python 3.9.13 in C:\hostedtoolcache\windows\Python...
2026-02-02T17:59:49.1104486Z 
2026-02-02T18:00:22.0620940Z Create python3 symlink
2026-02-02T18:00:22.0621255Z 
2026-02-02T18:00:22.0822481Z 
2026-02-02T18:00:22.0824658Z 
2026-02-02T18:00:22.0827957Z Directory: C:\hostedtoolcache\windows\Python\3.9.13\x64
2026-02-02T18:00:22.0828586Z 
2026-02-02T18:00:22.0829204Z 
2026-02-02T18:00:22.0840622Z Mode                 LastWriteTime         Length Name
2026-02-02T18:00:22.0845662Z ----                 -------------         ------ ----
2026-02-02T18:00:22.0857658Z -a---l          2/2/2026   6:00 PM              0 python3.exe
2026-02-02T18:00:22.0865816Z Install and upgrade Pip
2026-02-02T18:00:22.0867600Z 
2026-02-02T18:00:24.6512379Z Looking in links: c:\Users\RUNNER~1\AppData\Local\Temp\tmp0ygs80r1
2026-02-02T18:00:24.6515933Z Requirement already satisfied: setuptools in c:\hostedtoolcache\windows\python\3.9.13\x64\lib\site-packages (58.1.0)
2026-02-02T18:00:24.6520888Z Requirement already satisfied: pip in c:\hostedtoolcache\windows\python\3.9.13\x64\lib\site-packages (22.0.4)
2026-02-02T18:00:26.0826137Z Collecting pip
2026-02-02T18:00:26.1258404Z Downloading pip-26.0-py3-none-any.whl (1.8 MB)
2026-02-02T18:00:26.2602405Z ---------------------------------------- 1.8/1.8 MB 14.2 MB/s eta 0:00:00
2026-02-02T18:00:26.2604291Z 
2026-02-02T18:00:26.2935175Z Installing collected packages: pip
2026-02-02T18:00:26.2936984Z Attempting uninstall: pip
2026-02-02T18:00:26.2945409Z Found existing installation: pip 22.0.4
2026-02-02T18:00:26.8048948Z Uninstalling pip-22.0.4:
2026-02-02T18:00:26.8309269Z Successfully uninstalled pip-22.0.4
2026-02-02T18:00:34.1089285Z Successfully installed pip-26.0
2026-02-02T18:00:34.8376721Z Create complete file
2026-02-02T18:00:34.8377882Z 
2026-02-02T18:00:34.8389614Z 
2026-02-02T18:00:34.8390005Z 
2026-02-02T18:00:34.8711867Z Successfully set up CPython (3.9.13)
2026-02-02T18:00:34.8715884Z ##[endgroup]
2026-02-02T18:00:34.8970327Z ##[group]Run python -m pip install --upgrade pip
2026-02-02T18:00:34.8970792Z [36;1mpython -m pip install --upgrade pip[0m
2026-02-02T18:00:34.8971079Z [36;1mpip install -e ".[dev]"[0m
2026-02-02T18:00:34.9047677Z shell: C:\Program Files\PowerShell\7\pwsh.EXE -command ". '{0}'"
2026-02-02T18:00:34.9048206Z env:
2026-02-02T18:00:34.9048468Z   pythonLocation: C:\hostedtoolcache\windows\Python\3.9.13\x64
2026-02-02T18:00:34.9048929Z   PKG_CONFIG_PATH: C:\hostedtoolcache\windows\Python\3.9.13\x64/lib/pkgconfig
2026-02-02T18:00:34.9049614Z   Python_ROOT_DIR: C:\hostedtoolcache\windows\Python\3.9.13\x64
2026-02-02T18:00:34.9049995Z   Python2_ROOT_DIR: C:\hostedtoolcache\windows\Python\3.9.13\x64
2026-02-02T18:00:34.9050370Z   Python3_ROOT_DIR: C:\hostedtoolcache\windows\Python\3.9.13\x64
2026-02-02T18:00:34.9050656Z ##[endgroup]
2026-02-02T18:00:36.3530865Z Requirement already satisfied: pip in c:\hostedtoolcache\windows\python\3.9.13\x64\lib\site-packages (26.0)
2026-02-02T18:00:37.4349286Z Obtaining file:///D:/a/argos/argos/scout
2026-02-02T18:00:37.4396726Z   Installing build dependencies: started
2026-02-02T18:00:41.2756138Z   Installing build dependencies: finished with status 'done'
2026-02-02T18:00:41.2775124Z   Checking if build backend supports build_editable: started
2026-02-02T18:00:41.8783150Z   Checking if build backend supports build_editable: finished with status 'done'
2026-02-02T18:00:41.8807462Z   Getting requirements to build editable: started
2026-02-02T18:00:42.5418408Z   Getting requirements to build editable: finished with status 'done'
2026-02-02T18:00:42.5449735Z   Preparing editable metadata (pyproject.toml): started
2026-02-02T18:00:43.0207180Z   Preparing editable metadata (pyproject.toml): finished with status 'done'
2026-02-02T18:00:43.1171702Z Collecting requests>=2.28.0 (from argos-scout==0.1.0)
2026-02-02T18:00:43.1656672Z   Downloading requests-2.32.5-py3-none-any.whl.metadata (4.9 kB)
2026-02-02T18:00:43.3379825Z Collecting pydantic>=2.0.0 (from argos-scout==0.1.0)
2026-02-02T18:00:43.3470798Z   Downloading pydantic-2.12.5-py3-none-any.whl.metadata (90 kB)
2026-02-02T18:00:43.4243648Z Collecting rich>=13.0.0 (from argos-scout==0.1.0)
2026-02-02T18:00:43.4335238Z   Downloading rich-14.3.2-py3-none-any.whl.metadata (18 kB)
2026-02-02T18:00:43.4759087Z Collecting python-dateutil>=2.8.0 (from argos-scout==0.1.0)
2026-02-02T18:00:43.4844558Z   Downloading python_dateutil-2.9.0.post0-py2.py3-none-any.whl.metadata (8.4 kB)
2026-02-02T18:00:43.8049987Z Collecting sqlalchemy>=2.0.0 (from argos-scout==0.1.0)
2026-02-02T18:00:43.8161726Z   Downloading sqlalchemy-2.0.46-cp39-cp39-win_amd64.whl.metadata (9.8 kB)
2026-02-02T18:00:43.9021854Z Collecting pytest>=7.0.0 (from argos-scout==0.1.0)
2026-02-02T18:00:43.9116778Z   Downloading pytest-8.4.2-py3-none-any.whl.metadata (7.7 kB)
2026-02-02T18:00:43.9560480Z Collecting pytest-cov>=4.0.0 (from argos-scout==0.1.0)
2026-02-02T18:00:43.9652208Z   Downloading pytest_cov-7.0.0-py3-none-any.whl.metadata (31 kB)
2026-02-02T18:00:44.0143593Z Collecting pytest-mock>=3.10.0 (from argos-scout==0.1.0)
2026-02-02T18:00:44.0255123Z   Downloading pytest_mock-3.15.1-py3-none-any.whl.metadata (3.9 kB)
2026-02-02T18:00:44.1538030Z Collecting black>=23.0.0 (from argos-scout==0.1.0)
2026-02-02T18:00:44.1645558Z   Downloading black-25.11.0-cp39-cp39-win_amd64.whl.metadata (85 kB)
2026-02-02T18:00:44.2231992Z Collecting flake8>=6.0.0 (from argos-scout==0.1.0)
2026-02-02T18:00:44.2327852Z   Downloading flake8-7.3.0-py2.py3-none-any.whl.metadata (3.8 kB)
2026-02-02T18:00:44.2881726Z Collecting isort>=5.12.0 (from argos-scout==0.1.0)
2026-02-02T18:00:44.2967654Z   Downloading isort-6.1.0-py3-none-any.whl.metadata (12 kB)
2026-02-02T18:00:44.4413325Z Collecting mypy>=1.0.0 (from argos-scout==0.1.0)
2026-02-02T18:00:44.4518048Z   Downloading mypy-1.19.1-cp39-cp39-win_amd64.whl.metadata (2.3 kB)
2026-02-02T18:00:44.4994976Z Collecting click>=8.0.0 (from black>=23.0.0->argos-scout==0.1.0)
2026-02-02T18:00:44.5083525Z   Downloading click-8.1.8-py3-none-any.whl.metadata (2.3 kB)
2026-02-02T18:00:44.5549463Z Collecting mypy-extensions>=0.4.3 (from black>=23.0.0->argos-scout==0.1.0)
2026-02-02T18:00:44.5635105Z   Downloading mypy_extensions-1.1.0-py3-none-any.whl.metadata (1.1 kB)
2026-02-02T18:00:44.5981089Z Collecting packaging>=22.0 (from black>=23.0.0->argos-scout==0.1.0)
2026-02-02T18:00:44.6018036Z   Using cached packaging-26.0-py3-none-any.whl.metadata (3.3 kB)
2026-02-02T18:00:44.6285369Z Collecting pathspec>=0.9.0 (from black>=23.0.0->argos-scout==0.1.0)
2026-02-02T18:00:44.6371217Z   Downloading pathspec-1.0.4-py3-none-any.whl.metadata (13 kB)
2026-02-02T18:00:44.6840752Z Collecting platformdirs>=2 (from black>=23.0.0->argos-scout==0.1.0)
2026-02-02T18:00:44.6931350Z   Downloading platformdirs-4.4.0-py3-none-any.whl.metadata (12 kB)
2026-02-02T18:00:44.7385843Z Collecting pytokens>=0.3.0 (from black>=23.0.0->argos-scout==0.1.0)
2026-02-02T18:00:44.7482344Z   Downloading pytokens-0.4.1-cp39-cp39-win_amd64.whl.metadata (3.9 kB)
2026-02-02T18:00:44.8059797Z Collecting tomli>=1.1.0 (from black>=23.0.0->argos-scout==0.1.0)
2026-02-02T18:00:44.8086991Z   Using cached tomli-2.4.0-py3-none-any.whl.metadata (10 kB)
2026-02-02T18:00:44.8364209Z Collecting typing-extensions>=4.0.1 (from black>=23.0.0->argos-scout==0.1.0)
2026-02-02T18:00:44.8391284Z   Using cached typing_extensions-4.15.0-py3-none-any.whl.metadata (3.3 kB)
2026-02-02T18:00:44.8694010Z Collecting colorama (from click>=8.0.0->black>=23.0.0->argos-scout==0.1.0)
2026-02-02T18:00:44.8781255Z   Downloading colorama-0.4.6-py2.py3-none-any.whl.metadata (17 kB)
2026-02-02T18:00:44.9185016Z Collecting mccabe<0.8.0,>=0.7.0 (from flake8>=6.0.0->argos-scout==0.1.0)
2026-02-02T18:00:44.9278358Z   Downloading mccabe-0.7.0-py2.py3-none-any.whl.metadata (5.0 kB)
2026-02-02T18:00:44.9665714Z Collecting pycodestyle<2.15.0,>=2.14.0 (from flake8>=6.0.0->argos-scout==0.1.0)
2026-02-02T18:00:44.9755788Z   Downloading pycodestyle-2.14.0-py2.py3-none-any.whl.metadata (4.5 kB)
2026-02-02T18:00:45.0158285Z Collecting pyflakes<3.5.0,>=3.4.0 (from flake8>=6.0.0->argos-scout==0.1.0)
2026-02-02T18:00:45.0246466Z   Downloading pyflakes-3.4.0-py2.py3-none-any.whl.metadata (3.5 kB)
2026-02-02T18:00:45.0904568Z Collecting importlib-metadata>=4.6.0 (from isort>=5.12.0->argos-scout==0.1.0)
2026-02-02T18:00:45.1005381Z   Downloading importlib_metadata-8.7.1-py3-none-any.whl.metadata (4.7 kB)
2026-02-02T18:00:45.1477700Z Collecting zipp>=3.20 (from importlib-metadata>=4.6.0->isort>=5.12.0->argos-scout==0.1.0)
2026-02-02T18:00:45.1567294Z   Downloading zipp-3.23.0-py3-none-any.whl.metadata (3.6 kB)
2026-02-02T18:00:45.2923960Z Collecting librt>=0.6.2 (from mypy>=1.0.0->argos-scout==0.1.0)
2026-02-02T18:00:45.3025797Z   Downloading librt-0.7.8-cp39-cp39-win_amd64.whl.metadata (1.4 kB)
2026-02-02T18:00:45.3533533Z Collecting annotated-types>=0.6.0 (from pydantic>=2.0.0->argos-scout==0.1.0)
2026-02-02T18:00:45.3620930Z   Downloading annotated_types-0.7.0-py3-none-any.whl.metadata (15 kB)
2026-02-02T18:00:46.1790892Z Collecting pydantic-core==2.41.5 (from pydantic>=2.0.0->argos-scout==0.1.0)
2026-02-02T18:00:46.1917899Z   Downloading pydantic_core-2.41.5-cp39-cp39-win_amd64.whl.metadata (7.4 kB)
2026-02-02T18:00:46.2332225Z Collecting typing-inspection>=0.4.2 (from pydantic>=2.0.0->argos-scout==0.1.0)
2026-02-02T18:00:46.2420289Z   Downloading typing_inspection-0.4.2-py3-none-any.whl.metadata (2.6 kB)
2026-02-02T18:00:46.2916117Z Collecting exceptiongroup>=1 (from pytest>=7.0.0->argos-scout==0.1.0)
2026-02-02T18:00:46.3003766Z   Downloading exceptiongroup-1.3.1-py3-none-any.whl.metadata (6.7 kB)
2026-02-02T18:00:46.3433549Z Collecting iniconfig>=1 (from pytest>=7.0.0->argos-scout==0.1.0)
2026-02-02T18:00:46.3534511Z   Downloading iniconfig-2.1.0-py3-none-any.whl.metadata (2.7 kB)
2026-02-02T18:00:46.3966605Z Collecting pluggy<2,>=1.5 (from pytest>=7.0.0->argos-scout==0.1.0)
2026-02-02T18:00:46.4054745Z   Downloading pluggy-1.6.0-py3-none-any.whl.metadata (4.8 kB)
2026-02-02T18:00:46.4542858Z Collecting pygments>=2.7.2 (from pytest>=7.0.0->argos-scout==0.1.0)
2026-02-02T18:00:46.4630834Z   Downloading pygments-2.19.2-py3-none-any.whl.metadata (2.5 kB)
2026-02-02T18:00:46.9460692Z Collecting coverage>=7.10.6 (from coverage[toml]>=7.10.6->pytest-cov>=4.0.0->argos-scout==0.1.0)
2026-02-02T18:00:46.9566639Z   Downloading coverage-7.10.7-cp39-cp39-win_amd64.whl.metadata (9.2 kB)
2026-02-02T18:00:47.0084054Z Collecting six>=1.5 (from python-dateutil>=2.8.0->argos-scout==0.1.0)
2026-02-02T18:00:47.0174086Z   Downloading six-1.17.0-py2.py3-none-any.whl.metadata (1.7 kB)
2026-02-02T18:00:47.1443150Z Collecting charset_normalizer<4,>=2 (from requests>=2.28.0->argos-scout==0.1.0)
2026-02-02T18:00:47.1544278Z   Downloading charset_normalizer-3.4.4-cp39-cp39-win_amd64.whl.metadata (38 kB)
2026-02-02T18:00:47.6603608Z Collecting idna<4,>=2.5 (from requests>=2.28.0->argos-scout==0.1.0)
2026-02-02T18:00:47.6691447Z   Downloading idna-3.11-py3-none-any.whl.metadata (8.4 kB)
2026-02-02T18:00:47.7254367Z Collecting urllib3<3,>=1.21.1 (from requests>=2.28.0->argos-scout==0.1.0)
2026-02-02T18:00:47.7342574Z   Downloading urllib3-2.6.3-py3-none-any.whl.metadata (6.9 kB)
2026-02-02T18:00:47.7843205Z Collecting certifi>=2017.4.17 (from requests>=2.28.0->argos-scout==0.1.0)
2026-02-02T18:00:47.7930317Z   Downloading certifi-2026.1.4-py3-none-any.whl.metadata (2.5 kB)
2026-02-02T18:00:47.8408513Z Collecting markdown-it-py>=2.2.0 (from rich>=13.0.0->argos-scout==0.1.0)
2026-02-02T18:00:47.8494405Z   Downloading markdown_it_py-3.0.0-py3-none-any.whl.metadata (6.9 kB)
2026-02-02T18:00:47.8906494Z Collecting mdurl~=0.1 (from markdown-it-py>=2.2.0->rich>=13.0.0->argos-scout==0.1.0)
2026-02-02T18:00:47.8991826Z   Downloading mdurl-0.1.2-py3-none-any.whl.metadata (1.6 kB)
2026-02-02T18:00:48.1353489Z Collecting greenlet>=1 (from sqlalchemy>=2.0.0->argos-scout==0.1.0)
2026-02-02T18:00:48.1458763Z   Downloading greenlet-3.2.4-cp39-cp39-win_amd64.whl.metadata (4.2 kB)
2026-02-02T18:00:48.1828139Z Downloading black-25.11.0-cp39-cp39-win_amd64.whl (1.3 MB)
2026-02-02T18:00:48.2784676Z    ---------------------------------------- 1.3/1.3 MB 13.9 MB/s  0:00:00
2026-02-02T18:00:48.2870574Z Downloading click-8.1.8-py3-none-any.whl (98 kB)
2026-02-02T18:00:48.3270626Z Downloading flake8-7.3.0-py2.py3-none-any.whl (57 kB)
2026-02-02T18:00:48.3555030Z Downloading mccabe-0.7.0-py2.py3-none-any.whl (7.3 kB)
2026-02-02T18:00:48.3786840Z Downloading pycodestyle-2.14.0-py2.py3-none-any.whl (31 kB)
2026-02-02T18:00:48.4043828Z Downloading pyflakes-3.4.0-py2.py3-none-any.whl (63 kB)
2026-02-02T18:00:48.4286777Z Downloading isort-6.1.0-py3-none-any.whl (94 kB)
2026-02-02T18:00:48.4522092Z Downloading importlib_metadata-8.7.1-py3-none-any.whl (27 kB)
2026-02-02T18:00:48.4789242Z Downloading mypy-1.19.1-cp39-cp39-win_amd64.whl (10.1 MB)
2026-02-02T18:00:48.7290688Z    ---------------------------------------- 10.1/10.1 MB 41.7 MB/s  0:00:00
2026-02-02T18:00:48.7388509Z Downloading librt-0.7.8-cp39-cp39-win_amd64.whl (49 kB)
2026-02-02T18:00:48.7751822Z Downloading mypy_extensions-1.1.0-py3-none-any.whl (5.0 kB)
2026-02-02T18:00:48.7911243Z Using cached packaging-26.0-py3-none-any.whl (74 kB)
2026-02-02T18:00:48.8000238Z Downloading pathspec-1.0.4-py3-none-any.whl (55 kB)
2026-02-02T18:00:48.8221353Z Downloading platformdirs-4.4.0-py3-none-any.whl (18 kB)
2026-02-02T18:00:48.8429901Z Downloading pydantic-2.12.5-py3-none-any.whl (463 kB)
2026-02-02T18:00:48.8860581Z Downloading pydantic_core-2.41.5-cp39-cp39-win_amd64.whl (2.0 MB)
2026-02-02T18:00:48.9289511Z    ---------------------------------------- 2.0/2.0 MB 56.6 MB/s  0:00:00
2026-02-02T18:00:48.9377862Z Downloading annotated_types-0.7.0-py3-none-any.whl (13 kB)
2026-02-02T18:00:48.9665360Z Downloading pytest-8.4.2-py3-none-any.whl (365 kB)
2026-02-02T18:00:48.9927147Z Downloading pluggy-1.6.0-py3-none-any.whl (20 kB)
2026-02-02T18:00:49.0236158Z Downloading colorama-0.4.6-py2.py3-none-any.whl (25 kB)
2026-02-02T18:00:49.0442649Z Downloading exceptiongroup-1.3.1-py3-none-any.whl (16 kB)
2026-02-02T18:00:49.0695375Z Downloading iniconfig-2.1.0-py3-none-any.whl (6.0 kB)
2026-02-02T18:00:49.0911533Z Downloading pygments-2.19.2-py3-none-any.whl (1.2 MB)
2026-02-02T18:00:49.1264020Z    ---------------------------------------- 1.2/1.2 MB 31.1 MB/s  0:00:00
2026-02-02T18:00:49.1358961Z Downloading pytest_cov-7.0.0-py3-none-any.whl (22 kB)
2026-02-02T18:00:49.1619901Z Downloading coverage-7.10.7-cp39-cp39-win_amd64.whl (221 kB)
2026-02-02T18:00:49.1909031Z Downloading pytest_mock-3.15.1-py3-none-any.whl (10 kB)
2026-02-02T18:00:49.2112082Z Downloading python_dateutil-2.9.0.post0-py2.py3-none-any.whl (229 kB)
2026-02-02T18:00:49.2387676Z Downloading pytokens-0.4.1-cp39-cp39-win_amd64.whl (103 kB)
2026-02-02T18:00:49.2637412Z Downloading requests-2.32.5-py3-none-any.whl (64 kB)
2026-02-02T18:00:49.3002442Z Downloading charset_normalizer-3.4.4-cp39-cp39-win_amd64.whl (107 kB)
2026-02-02T18:00:49.3224308Z Downloading idna-3.11-py3-none-any.whl (71 kB)
2026-02-02T18:00:49.3443325Z Downloading urllib3-2.6.3-py3-none-any.whl (131 kB)
2026-02-02T18:00:49.3695794Z Downloading certifi-2026.1.4-py3-none-any.whl (152 kB)
2026-02-02T18:00:49.3938464Z Downloading rich-14.3.2-py3-none-any.whl (309 kB)
2026-02-02T18:00:49.4222661Z Downloading markdown_it_py-3.0.0-py3-none-any.whl (87 kB)
2026-02-02T18:00:49.4459818Z Downloading mdurl-0.1.2-py3-none-any.whl (10.0 kB)
2026-02-02T18:00:49.4667888Z Downloading six-1.17.0-py2.py3-none-any.whl (11 kB)
2026-02-02T18:00:49.4933802Z Downloading sqlalchemy-2.0.46-cp39-cp39-win_amd64.whl (2.1 MB)
2026-02-02T18:00:49.5334077Z    ---------------------------------------- 2.1/2.1 MB 60.6 MB/s  0:00:00
2026-02-02T18:00:49.5433121Z Downloading greenlet-3.2.4-cp39-cp39-win_amd64.whl (298 kB)
2026-02-02T18:00:49.5653210Z Using cached tomli-2.4.0-py3-none-any.whl (14 kB)
2026-02-02T18:00:49.5677458Z Using cached typing_extensions-4.15.0-py3-none-any.whl (44 kB)
2026-02-02T18:00:49.5777303Z Downloading typing_inspection-0.4.2-py3-none-any.whl (14 kB)
2026-02-02T18:00:49.6012409Z Downloading zipp-3.23.0-py3-none-any.whl (10 kB)
2026-02-02T18:00:49.8300006Z Building wheels for collected packages: argos-scout
2026-02-02T18:00:49.8328629Z   Building editable for argos-scout (pyproject.toml): started
2026-02-02T18:00:50.4765075Z   Building editable for argos-scout (pyproject.toml): finished with status 'done'
2026-02-02T18:00:50.4815891Z   Created wheel for argos-scout: filename=argos_scout-0.1.0-0.editable-py3-none-any.whl size=4040 sha256=c9ae01d3e72b9d579f344a5e39e40b4afb01130a37141fbf8411235a9de45ee5
2026-02-02T18:00:50.4818997Z   Stored in directory: C:\Users\runneradmin\AppData\Local\Temp\pip-ephem-wheel-cache-myvmit88\wheels\bd\35\30\327dfdf21990f3e2c99e8e21eeed4b382c4d9d11904ff869ff
2026-02-02T18:00:50.4843695Z Successfully built argos-scout
2026-02-02T18:00:50.5774467Z Installing collected packages: zipp, urllib3, typing-extensions, tomli, six, pytokens, pygments, pyflakes, pycodestyle, pluggy, platformdirs, pathspec, packaging, mypy-extensions, mdurl, mccabe, librt, iniconfig, idna, greenlet, coverage, colorama, charset_normalizer, certifi, annotated-types, typing-inspection, sqlalchemy, requests, python-dateutil, pydantic-core, mypy, markdown-it-py, importlib-metadata, flake8, exceptiongroup, click, rich, pytest, pydantic, isort, black, pytest-mock, pytest-cov, argos-scout
2026-02-02T18:01:00.4882957Z 
2026-02-02T18:01:00.5082584Z Successfully installed annotated-types-0.7.0 argos-scout-0.1.0 black-25.11.0 certifi-2026.1.4 charset_normalizer-3.4.4 click-8.1.8 colorama-0.4.6 coverage-7.10.7 exceptiongroup-1.3.1 flake8-7.3.0 greenlet-3.2.4 idna-3.11 importlib-metadata-8.7.1 iniconfig-2.1.0 isort-6.1.0 librt-0.7.8 markdown-it-py-3.0.0 mccabe-0.7.0 mdurl-0.1.2 mypy-1.19.1 mypy-extensions-1.1.0 packaging-26.0 pathspec-1.0.4 platformdirs-4.4.0 pluggy-1.6.0 pycodestyle-2.14.0 pydantic-2.12.5 pydantic-core-2.41.5 pyflakes-3.4.0 pygments-2.19.2 pytest-8.4.2 pytest-cov-7.0.0 pytest-mock-3.15.1 python-dateutil-2.9.0.post0 pytokens-0.4.1 requests-2.32.5 rich-14.3.2 six-1.17.0 sqlalchemy-2.0.46 tomli-2.4.0 typing-extensions-4.15.0 typing-inspection-0.4.2 urllib3-2.6.3 zipp-3.23.0
2026-02-02T18:01:01.4428232Z ##[group]Run pytest tests/ -v --cov=scout --cov-report=xml --cov-report=term-missing
2026-02-02T18:01:01.4428911Z [36;1mpytest tests/ -v --cov=scout --cov-report=xml --cov-report=term-missing[0m
2026-02-02T18:01:01.4496974Z shell: C:\Program Files\PowerShell\7\pwsh.EXE -command ". '{0}'"
2026-02-02T18:01:01.4497296Z env:
2026-02-02T18:01:01.4497713Z   pythonLocation: C:\hostedtoolcache\windows\Python\3.9.13\x64
2026-02-02T18:01:01.4498139Z   PKG_CONFIG_PATH: C:\hostedtoolcache\windows\Python\3.9.13\x64/lib/pkgconfig
2026-02-02T18:01:01.4498586Z   Python_ROOT_DIR: C:\hostedtoolcache\windows\Python\3.9.13\x64
2026-02-02T18:01:01.4498969Z   Python2_ROOT_DIR: C:\hostedtoolcache\windows\Python\3.9.13\x64
2026-02-02T18:01:01.4499345Z   Python3_ROOT_DIR: C:\hostedtoolcache\windows\Python\3.9.13\x64
2026-02-02T18:01:01.4499639Z ##[endgroup]
2026-02-02T18:01:02.2937140Z ============================= test session starts =============================
2026-02-02T18:01:02.2938332Z platform win32 -- Python 3.9.13, pytest-8.4.2, pluggy-1.6.0 -- C:\hostedtoolcache\windows\Python\3.9.13\x64\python.exe
2026-02-02T18:01:02.2939236Z cachedir: .pytest_cache
2026-02-02T18:01:02.2939586Z rootdir: D:\a\argos\argos\scout
2026-02-02T18:01:02.2939986Z configfile: pyproject.toml
2026-02-02T18:01:02.2940353Z plugins: cov-7.0.0, mock-3.15.1
2026-02-02T18:01:03.3937017Z collecting ... collected 251 items
2026-02-02T18:01:03.3937251Z 
2026-02-02T18:01:03.3959865Z tests/test_analysis.py::TestFlakyTestDetection::test_detect_flaky_test_with_mixed_results PASSED [  0%]
2026-02-02T18:01:03.3974984Z tests/test_analysis.py::TestFlakyTestDetection::test_no_flaky_tests_when_always_passing PASSED [  0%]
2026-02-02T18:01:03.3989320Z tests/test_analysis.py::TestFlakyTestDetection::test_no_flaky_tests_when_always_failing PASSED [  1%]
2026-02-02T18:01:03.4003967Z tests/test_analysis.py::TestFlakyTestDetection::test_flaky_test_with_multiple_tests PASSED [  1%]
2026-02-02T18:01:03.4018887Z tests/test_analysis.py::TestFlakyTestDetection::test_insufficient_runs_for_flaky_detection PASSED [  1%]
2026-02-02T18:01:03.4033755Z tests/test_analysis.py::TestRecurringFailureDetection::test_detect_recurring_failure PASSED [  2%]
2026-02-02T18:01:03.4047966Z tests/test_analysis.py::TestRecurringFailureDetection::test_no_recurring_failures_below_threshold PASSED [  2%]
2026-02-02T18:01:03.4062760Z tests/test_analysis.py::TestRecurringFailureDetection::test_multiple_recurring_failures PASSED [  3%]
2026-02-02T18:01:03.4077749Z tests/test_analysis.py::TestPlatformSpecificFailures::test_detect_windows_only_failure PASSED [  3%]
2026-02-02T18:01:03.4092323Z tests/test_analysis.py::TestPlatformSpecificFailures::test_detect_linux_only_failure PASSED [  3%]
2026-02-02T18:01:03.4106693Z tests/test_analysis.py::TestPlatformSpecificFailures::test_no_platform_specific_when_all_fail PASSED [  4%]
2026-02-02T18:01:03.4125981Z tests/test_analysis.py::TestPlatformSpecificFailures::test_no_platform_specific_when_all_pass PASSED [  4%]
2026-02-02T18:01:03.4141710Z tests/test_analysis.py::TestFailureGrouping::test_group_failures_by_same_message PASSED [  5%]
2026-02-02T18:01:03.4156748Z tests/test_analysis.py::TestFailureGrouping::test_group_failures_by_same_location PASSED [  5%]
2026-02-02T18:01:03.4171639Z tests/test_analysis.py::TestFailureGrouping::test_group_failures_by_same_type PASSED [  5%]
2026-02-02T18:01:03.4186038Z tests/test_analysis.py::TestFailureGrouping::test_no_grouping_for_unique_failures PASSED [  6%]
2026-02-02T18:01:03.4201225Z tests/test_analysis.py::TestTrendAnalysis::test_detect_increasing_failure_trend PASSED [  6%]
2026-02-02T18:01:03.4216355Z tests/test_analysis.py::TestTrendAnalysis::test_detect_decreasing_failure_trend PASSED [  7%]
2026-02-02T18:01:03.4231358Z tests/test_analysis.py::TestTrendAnalysis::test_detect_stable_trend PASSED [  7%]
2026-02-02T18:01:03.4245490Z tests/test_analysis.py::TestTrendAnalysis::test_insufficient_data_for_trend PASSED [  7%]
2026-02-02T18:01:03.4262908Z tests/test_analysis.py::TestRecommendationGeneration::test_recommendation_for_flaky_test PASSED [  8%]
2026-02-02T18:01:03.4275769Z tests/test_analysis.py::TestRecommendationGeneration::test_recommendation_for_recurring_failure PASSED [  8%]
2026-02-02T18:01:03.4290687Z tests/test_analysis.py::TestRecommendationGeneration::test_recommendation_for_platform_specific_failure PASSED [  9%]
2026-02-02T18:01:03.4304786Z tests/test_analysis.py::TestRecommendationGeneration::test_recommendation_for_increasing_trend PASSED [  9%]
2026-02-02T18:01:03.4319457Z tests/test_analysis.py::TestRecommendationGeneration::test_no_recommendations_for_healthy_state PASSED [  9%]
2026-02-02T18:01:03.4334081Z tests/test_analysis.py::TestRecommendationGeneration::test_multiple_recommendations_prioritized PASSED [ 10%]
2026-02-02T18:01:03.4347590Z tests/test_analysis.py::TestFailureGroupDataclass::test_failure_group_creation PASSED [ 10%]
2026-02-02T18:01:03.4361326Z tests/test_analysis.py::TestFlakyTestDataclass::test_flaky_test_creation PASSED [ 11%]
2026-02-02T18:01:03.4376095Z tests/test_analysis.py::TestPlatformFailureDataclass::test_platform_failure_creation PASSED [ 11%]
2026-02-02T18:01:03.4390550Z tests/test_analysis.py::TestRecommendationDataclass::test_recommendation_creation PASSED [ 11%]
2026-02-02T18:01:03.4404963Z tests/test_analysis.py::TestFailureTrendDataclass::test_failure_trend_creation PASSED [ 12%]
2026-02-02T18:01:03.4440317Z tests/test_ci_log_parser.py::TestPytestLogParsing::test_parse_pytest_log_all_passed PASSED [ 12%]
2026-02-02T18:01:03.4462199Z tests/test_ci_log_parser.py::TestPytestLogParsing::test_parse_pytest_log_with_failures PASSED [ 13%]
2026-02-02T18:01:03.4478546Z tests/test_ci_log_parser.py::TestPytestLogParsing::test_parse_pytest_log_with_skipped_tests PASSED [ 13%]
2026-02-02T18:01:03.4495265Z tests/test_ci_log_parser.py::TestPytestLogParsing::test_parse_pytest_log_with_errors PASSED [ 13%]
2026-02-02T18:01:03.4511860Z tests/test_ci_log_parser.py::TestPytestLogParsing::test_parse_pytest_log_with_durations PASSED [ 14%]
2026-02-02T18:01:03.4530216Z tests/test_ci_log_parser.py::TestPytestLogParsing::test_parse_pytest_log_extract_traceback PASSED [ 14%]
2026-02-02T18:01:03.4546527Z tests/test_ci_log_parser.py::TestPytestLogParsing::test_parse_pytest_log_with_parametrized_tests PASSED [ 15%]
2026-02-02T18:01:03.4561433Z tests/test_ci_log_parser.py::TestPytestLogParsing::test_parse_pytest_empty_log PASSED [ 15%]
2026-02-02T18:01:03.4577445Z tests/test_ci_log_parser.py::TestPytestLogParsing::test_parse_pytest_log_no_collection PASSED [ 15%]
2026-02-02T18:01:03.4608014Z tests/test_ci_log_parser.py::TestCoverageLogParsing::test_parse_coverage_log_basic PASSED [ 16%]
2026-02-02T18:01:03.4623457Z tests/test_ci_log_parser.py::TestCoverageLogParsing::test_parse_coverage_log_with_missing_lines PASSED [ 16%]
2026-02-02T18:01:03.4638705Z tests/test_ci_log_parser.py::TestCoverageLogParsing::test_parse_coverage_log_empty PASSED [ 17%]
2026-02-02T18:01:03.4658660Z tests/test_ci_log_parser.py::TestFlake8LogParsing::test_parse_flake8_log_with_violations PASSED [ 17%]
2026-02-02T18:01:03.4673907Z tests/test_ci_log_parser.py::TestFlake8LogParsing::test_parse_flake8_log_no_violations PASSED [ 17%]
2026-02-02T18:01:03.4704476Z tests/test_ci_log_parser.py::TestFailurePatternDetection::test_detect_timeout_pattern PASSED [ 18%]
2026-02-02T18:01:03.4720323Z tests/test_ci_log_parser.py::TestFailurePatternDetection::test_detect_platform_specific_pattern PASSED [ 18%]
2026-02-02T18:01:03.4737522Z tests/test_ci_log_parser.py::TestFailurePatternDetection::test_detect_setup_failure_pattern PASSED [ 19%]
2026-02-02T18:01:03.4753730Z tests/test_ci_log_parser.py::TestFailurePatternDetection::test_detect_import_error_pattern PASSED [ 19%]
2026-02-02T18:01:03.4769387Z tests/test_ci_log_parser.py::TestFailurePatternDetection::test_detect_multiple_patterns PASSED [ 19%]
2026-02-02T18:01:03.4787883Z tests/test_ci_log_parser.py::TestFailurePatternDetection::test_no_patterns_in_successful_log PASSED [ 20%]
2026-02-02T18:01:03.4827892Z tests/test_cli.py::TestCLIArgumentParsing::test_create_parser_returns_argparse_parser PASSED [ 20%]
2026-02-02T18:01:03.4873145Z tests/test_cli.py::TestCLIArgumentParsing::test_parser_has_version_argument PASSED [ 21%]
2026-02-02T18:01:03.4923506Z tests/test_cli.py::TestCLIArgumentParsing::test_parser_has_help_argument PASSED [ 21%]
2026-02-02T18:01:03.4966330Z tests/test_cli.py::TestCLIArgumentParsing::test_parser_requires_subcommand PASSED [ 21%]
2026-02-02T18:01:03.5006136Z tests/test_cli.py::TestLogsCommand::test_logs_command_with_workflow_name PASSED [ 22%]
2026-02-02T18:01:03.5045835Z tests/test_cli.py::TestLogsCommand::test_logs_command_with_limit_option PASSED [ 22%]
2026-02-02T18:01:03.5085260Z tests/test_cli.py::TestLogsCommand::test_logs_command_with_output_option PASSED [ 23%]
2026-02-02T18:01:03.5125814Z tests/test_cli.py::TestLogsCommand::test_logs_command_with_branch_filter PASSED [ 23%]
2026-02-02T18:01:03.5215824Z tests/test_cli.py::TestLogsCommand::test_logs_command_execution PASSED   [ 23%]
2026-02-02T18:01:03.5255296Z tests/test_cli.py::TestAnalyzeCommand::test_analyze_command_with_run_id PASSED [ 24%]
2026-02-02T18:01:03.5294124Z tests/test_cli.py::TestAnalyzeCommand::test_analyze_command_with_format_option PASSED [ 24%]
2026-02-02T18:01:03.5334857Z tests/test_cli.py::TestAnalyzeCommand::test_analyze_command_with_output_file PASSED [ 25%]
2026-02-02T18:01:03.5375306Z tests/test_cli.py::TestAnalyzeCommand::test_analyze_command_with_verbose_flag PASSED [ 25%]
2026-02-02T18:01:03.5483440Z tests/test_cli.py::TestAnalyzeCommand::test_analyze_command_execution PASSED [ 25%]
2026-02-02T18:01:03.5538183Z tests/test_cli.py::TestTrendsCommand::test_trends_command_with_workflow_name PASSED [ 26%]
2026-02-02T18:01:03.5578984Z tests/test_cli.py::TestTrendsCommand::test_trends_command_with_days_option PASSED [ 26%]
2026-02-02T18:01:03.5619636Z tests/test_cli.py::TestTrendsCommand::test_trends_command_with_format_option PASSED [ 27%]
2026-02-02T18:01:03.5740919Z tests/test_cli.py::TestTrendsCommand::test_trends_command_execution PASSED [ 27%]
2026-02-02T18:01:03.5780966Z tests/test_cli.py::TestFlakyCommand::test_flaky_command_no_arguments PASSED [ 27%]
2026-02-02T18:01:03.5820112Z tests/test_cli.py::TestFlakyCommand::test_flaky_command_with_threshold_option PASSED [ 28%]
2026-02-02T18:01:03.5859178Z tests/test_cli.py::TestFlakyCommand::test_flaky_command_with_min_runs_option PASSED [ 28%]
2026-02-02T18:01:03.5899200Z tests/test_cli.py::TestFlakyCommand::test_flaky_command_with_format_option PASSED [ 29%]
2026-02-02T18:01:03.5974593Z tests/test_cli.py::TestFlakyCommand::test_flaky_command_execution PASSED [ 29%]
2026-02-02T18:01:03.6014833Z tests/test_cli.py::TestConfigCommand::test_config_show_command PASSED    [ 29%]
2026-02-02T18:01:03.6055250Z tests/test_cli.py::TestConfigCommand::test_config_set_command_with_key_value PASSED [ 30%]
2026-02-02T18:01:03.6102361Z tests/test_cli.py::TestConfigCommand::test_config_get_command_with_key PASSED [ 30%]
2026-02-02T18:01:03.6155877Z tests/test_cli.py::TestConfigCommand::test_config_show_execution PASSED  [ 31%]
2026-02-02T18:01:03.6222334Z tests/test_cli.py::TestAuthenticationHandling::test_token_from_environment_variable PASSED [ 31%]
2026-02-02T18:01:03.6260913Z tests/test_cli.py::TestAuthenticationHandling::test_token_from_command_line_option PASSED [ 31%]
2026-02-02T18:01:03.6327329Z tests/test_cli.py::TestAuthenticationHandling::test_repo_from_environment_variable PASSED [ 32%]
2026-02-02T18:01:03.6365396Z tests/test_cli.py::TestAuthenticationHandling::test_repo_from_command_line_option PASSED [ 32%]
2026-02-02T18:01:03.6405003Z tests/test_cli.py::TestOutputFormatOptions::test_console_format PASSED   [ 33%]
2026-02-02T18:01:03.6444018Z tests/test_cli.py::TestOutputFormatOptions::test_html_format PASSED      [ 33%]
2026-02-02T18:01:03.6482198Z tests/test_cli.py::TestOutputFormatOptions::test_json_format PASSED      [ 33%]
2026-02-02T18:01:03.6522007Z tests/test_cli.py::TestOutputFormatOptions::test_csv_format PASSED       [ 34%]
2026-02-02T18:01:03.6559955Z tests/test_cli.py::TestOutputFormatOptions::test_default_format_is_console PASSED [ 34%]
2026-02-02T18:01:03.6632093Z tests/test_cli.py::TestErrorHandling::test_missing_token_error PASSED    [ 35%]
2026-02-02T18:01:03.6705905Z tests/test_cli.py::TestErrorHandling::test_invalid_repository_format_error PASSED [ 35%]
2026-02-02T18:01:03.6788008Z tests/test_cli.py::TestErrorHandling::test_network_error_handling PASSED [ 35%]
2026-02-02T18:01:03.6830452Z tests/test_cli.py::TestVerboseOutput::test_verbose_flag_sets_logging_level PASSED [ 36%]
2026-02-02T18:01:03.6874149Z tests/test_cli.py::TestVerboseOutput::test_quiet_flag_sets_logging_level PASSED [ 36%]
2026-02-02T18:01:03.6994278Z tests/test_cli.py::TestCLIIntegration::test_full_analyze_workflow PASSED [ 37%]
2026-02-02T18:01:03.7105883Z tests/test_cli.py::TestCLIIntegration::test_html_report_generation_workflow PASSED [ 37%]
2026-02-02T18:01:03.7147646Z tests/test_cli.py::TestMainFunction::test_main_with_no_arguments_shows_help PASSED [ 37%]
2026-02-02T18:01:03.7188403Z tests/test_cli.py::TestMainFunction::test_main_returns_zero_on_success PASSED [ 38%]
2026-02-02T18:01:03.7230677Z tests/test_cli.py::TestMainFunction::test_main_returns_nonzero_on_error PASSED [ 38%]
2026-02-02T18:01:03.7245266Z tests/test_failure_parser.py::TestFailureLocation::test_failure_location_creation PASSED [ 39%]
2026-02-02T18:01:03.7260576Z tests/test_failure_parser.py::TestFailureLocation::test_failure_location_without_column PASSED [ 39%]
2026-02-02T18:01:03.7274821Z tests/test_failure_parser.py::TestFailureLocation::test_failure_location_string_representation PASSED [ 39%]
2026-02-02T18:01:03.7289690Z tests/test_failure_parser.py::TestStackFrame::test_stack_frame_creation PASSED [ 40%]
2026-02-02T18:01:03.7304154Z tests/test_failure_parser.py::TestStackFrame::test_stack_frame_without_code PASSED [ 40%]
2026-02-02T18:01:03.7317600Z tests/test_failure_parser.py::TestFailureDataclass::test_test_failure_creation PASSED [ 41%]
2026-02-02T18:01:03.7331546Z tests/test_failure_parser.py::TestFailureDataclass::test_test_failure_minimal PASSED [ 41%]
2026-02-02T18:01:03.7354867Z tests/test_failure_parser.py::TestPytestParser::test_parse_pytest_simple_failure PASSED [ 41%]
2026-02-02T18:01:03.7369724Z tests/test_failure_parser.py::TestPytestParser::test_parse_pytest_with_stack_trace PASSED [ 42%]
2026-02-02T18:01:03.7384754Z tests/test_failure_parser.py::TestPytestParser::test_parse_pytest_multiple_failures PASSED [ 42%]
2026-02-02T18:01:03.7398267Z tests/test_failure_parser.py::TestPytestParser::test_parse_pytest_json_output PASSED [ 43%]
2026-02-02T18:01:03.7413110Z tests/test_failure_parser.py::TestPytestParser::test_parse_pytest_parametrized_test PASSED [ 43%]
2026-02-02T18:01:03.7427280Z tests/test_failure_parser.py::TestPytestParser::test_parse_pytest_no_failures PASSED [ 43%]
2026-02-02T18:01:03.7444731Z tests/test_failure_parser.py::TestPytestParser::test_parse_pytest_with_captured_output PASSED [ 44%]
2026-02-02T18:01:03.7463180Z tests/test_failure_parser.py::TestUnittestParser::test_parse_unittest_simple_failure PASSED [ 44%]
2026-02-02T18:01:03.7477382Z tests/test_failure_parser.py::TestUnittestParser::test_parse_unittest_error PASSED [ 45%]
2026-02-02T18:01:03.7492055Z tests/test_failure_parser.py::TestUnittestParser::test_parse_unittest_multiple_failures PASSED [ 45%]
2026-02-02T18:01:03.7506190Z tests/test_failure_parser.py::TestUnittestParser::test_parse_unittest_no_failures PASSED [ 45%]
2026-02-02T18:01:03.7521210Z tests/test_failure_parser.py::TestUnittestParser::test_parse_unittest_with_stack_trace PASSED [ 46%]
2026-02-02T18:01:03.7545176Z tests/test_failure_parser.py::TestGoogleTestParser::test_parse_gtest_simple_failure PASSED [ 46%]
2026-02-02T18:01:03.7568896Z tests/test_failure_parser.py::TestGoogleTestParser::test_parse_gtest_xml_output PASSED [ 47%]
2026-02-02T18:01:03.7583147Z tests/test_failure_parser.py::TestGoogleTestParser::test_parse_gtest_json_output PASSED [ 47%]
2026-02-02T18:01:03.7613324Z tests/test_failure_parser.py::TestGoogleTestParser::test_parse_gtest_multiple_failures PASSED [ 47%]
2026-02-02T18:01:03.7627621Z tests/test_failure_parser.py::TestGoogleTestParser::test_parse_gtest_no_failures PASSED [ 48%]
2026-02-02T18:01:03.7641984Z tests/test_failure_parser.py::TestFailureParser::test_auto_detect_pytest PASSED [ 48%]
2026-02-02T18:01:03.7660029Z tests/test_failure_parser.py::TestFailureParser::test_auto_detect_unittest PASSED [ 49%]
2026-02-02T18:01:03.7680023Z tests/test_failure_parser.py::TestFailureParser::test_auto_detect_gtest PASSED [ 49%]
2026-02-02T18:01:03.7693920Z tests/test_failure_parser.py::TestFailureParser::test_parse_with_explicit_format PASSED [ 49%]
2026-02-02T18:01:03.7707980Z tests/test_failure_parser.py::TestFailureParser::test_parse_empty_output PASSED [ 50%]
2026-02-02T18:01:03.7722287Z tests/test_failure_parser.py::TestFailureParser::test_parse_unknown_format PASSED [ 50%]
2026-02-02T18:01:03.7736164Z tests/test_failure_parser.py::TestFailureParser::test_parse_json_pytest PASSED [ 50%]
2026-02-02T18:01:03.7751343Z tests/test_failure_parser.py::TestFailureParser::test_get_parser_by_format PASSED [ 51%]
2026-02-02T18:01:04.1377121Z tests/test_github_actions_client.py::TestGitHubActionsClient::test_client_initialization PASSED [ 51%]
2026-02-02T18:01:04.5070325Z tests/test_github_actions_client.py::TestGitHubActionsClient::test_fetch_and_store_workflow_runs PASSED [ 52%]
2026-02-02T18:01:04.8500548Z tests/test_github_actions_client.py::TestGitHubActionsClient::test_fetch_duplicate_runs_updates_existing PASSED [ 52%]
2026-02-02T18:01:05.2379097Z tests/test_github_actions_client.py::TestGitHubActionsClient::test_fetch_workflow_jobs PASSED [ 52%]
2026-02-02T18:01:05.5292484Z tests/test_github_actions_client.py::TestGitHubActionsClient::test_parse_job_name_extracts_platform_and_python PASSED [ 53%]
2026-02-02T18:01:05.8239231Z tests/test_github_actions_client.py::TestGitHubActionsClient::test_calculate_duration PASSED [ 53%]
2026-02-02T18:01:06.1627428Z tests/test_github_actions_client.py::TestGitHubActionsClient::test_fetch_jobs_without_run_in_database PASSED [ 54%]
2026-02-02T18:01:06.5000687Z tests/test_github_actions_client.py::TestGitHubActionsClient::test_get_workflow_run_from_database PASSED [ 54%]
2026-02-02T18:01:07.2093324Z tests/test_github_actions_client.py::TestGitHubActionsClient::test_get_nonexistent_workflow_run PASSED [ 54%]
2026-02-02T18:01:08.3342560Z tests/test_github_actions_client.py::TestGitHubActionsClient::test_get_workflow_jobs_from_database PASSED [ 55%]
2026-02-02T18:01:09.1062523Z tests/test_github_actions_client.py::TestGitHubActionsClient::test_list_recent_workflow_runs PASSED [ 55%]
2026-02-02T18:01:10.3186977Z tests/test_github_actions_client.py::TestGitHubActionsClient::test_get_failed_runs PASSED [ 56%]
2026-02-02T18:01:10.8003461Z tests/test_github_actions_client.py::TestGitHubActionsClient::test_extract_run_number_from_metadata PASSED [ 56%]
2026-02-02T18:01:10.8017998Z tests/test_log_retrieval.py::TestLogParser::test_remove_ansi_codes_simple PASSED [ 56%]
2026-02-02T18:01:10.8032261Z tests/test_log_retrieval.py::TestLogParser::test_remove_ansi_codes_multiple PASSED [ 57%]
2026-02-02T18:01:10.8046966Z tests/test_log_retrieval.py::TestLogParser::test_remove_ansi_codes_no_codes PASSED [ 57%]
2026-02-02T18:01:10.8061626Z tests/test_log_retrieval.py::TestLogParser::test_remove_ansi_codes_empty PASSED [ 58%]
2026-02-02T18:01:10.8076525Z tests/test_log_retrieval.py::TestLogParser::test_extract_timestamp_iso8601 PASSED [ 58%]
2026-02-02T18:01:10.8091325Z tests/test_log_retrieval.py::TestLogParser::test_extract_timestamp_iso8601_with_millis PASSED [ 58%]
2026-02-02T18:01:10.8178254Z tests/test_log_retrieval.py::TestLogParser::test_extract_timestamp_space_separated PASSED [ 59%]
2026-02-02T18:01:10.8192852Z tests/test_log_retrieval.py::TestLogParser::test_extract_timestamp_unix PASSED [ 59%]
2026-02-02T18:01:10.8208176Z tests/test_log_retrieval.py::TestLogParser::test_extract_timestamp_no_timestamp PASSED [ 60%]
2026-02-02T18:01:10.8224007Z tests/test_log_retrieval.py::TestLogParser::test_parse_log_lines_simple PASSED [ 60%]
2026-02-02T18:01:10.8238176Z tests/test_log_retrieval.py::TestLogParser::test_parse_log_lines_with_ansi PASSED [ 60%]
2026-02-02T18:01:10.8252435Z tests/test_log_retrieval.py::TestLogParser::test_parse_log_lines_with_timestamps PASSED [ 61%]
2026-02-02T18:01:10.8267329Z tests/test_log_retrieval.py::TestLogParser::test_parse_log_lines_skip_empty PASSED [ 61%]
2026-02-02T18:01:10.8282159Z tests/test_log_retrieval.py::TestLogParser::test_parse_log_lines_empty_input PASSED [ 62%]
2026-02-02T18:01:10.8299526Z tests/test_log_retrieval.py::TestLogParser::test_extract_timestamp_invalid_format PASSED [ 62%]
2026-02-02T18:01:10.8335066Z tests/test_log_retrieval.py::TestLogCache::test_cache_initialization PASSED [ 62%]
2026-02-02T18:01:10.8359128Z tests/test_log_retrieval.py::TestLogCache::test_is_cached_false_for_missing PASSED [ 63%]
2026-02-02T18:01:10.8401669Z tests/test_log_retrieval.py::TestLogCache::test_save_and_load_log PASSED [ 63%]
2026-02-02T18:01:10.8444753Z tests/test_log_retrieval.py::TestLogCache::test_save_log_with_no_timestamps PASSED [ 64%]
2026-02-02T18:01:10.8467610Z tests/test_log_retrieval.py::TestLogCache::test_load_nonexistent_log PASSED [ 64%]
2026-02-02T18:01:10.8546335Z tests/test_log_retrieval.py::TestLogCache::test_clear_specific_run PASSED [ 64%]
2026-02-02T18:01:10.8636652Z tests/test_log_retrieval.py::TestLogCache::test_clear_all_logs PASSED    [ 65%]
2026-02-02T18:01:10.8661127Z tests/test_log_retrieval.py::TestLogRetriever::test_initialization_default_cache_dir PASSED [ 65%]
2026-02-02T18:01:10.8687348Z tests/test_log_retrieval.py::TestLogRetriever::test_initialization_custom_cache_dir PASSED [ 66%]
2026-02-02T18:01:10.8735403Z tests/test_log_retrieval.py::TestLogRetriever::test_get_logs_from_provider PASSED [ 66%]
2026-02-02T18:01:10.8783848Z tests/test_log_retrieval.py::TestLogRetriever::test_get_logs_from_cache PASSED [ 66%]
2026-02-02T18:01:10.8841941Z tests/test_log_retrieval.py::TestLogRetriever::test_get_logs_bypasses_cache_when_disabled PASSED [ 67%]
2026-02-02T18:01:10.8898481Z tests/test_log_retrieval.py::TestLogRetriever::test_get_all_job_logs PASSED [ 67%]
2026-02-02T18:01:10.8942745Z tests/test_log_retrieval.py::TestLogRetriever::test_get_all_job_logs_handles_errors PASSED [ 68%]
2026-02-02T18:01:10.8985067Z tests/test_log_retrieval.py::TestLogRetriever::test_get_logs_with_no_job_found PASSED [ 68%]
2026-02-02T18:01:10.9028242Z tests/test_log_retrieval.py::TestLogRetriever::test_cache_save_creates_directory_structure PASSED [ 68%]
2026-02-02T18:01:10.9069116Z tests/test_log_retrieval.py::TestLogRetriever::test_load_with_invalid_timestamp_in_cache PASSED [ 69%]
2026-02-02T18:01:10.9084947Z tests/test_log_retrieval.py::TestWorkflowLog::test_workflow_log_creation PASSED [ 69%]
2026-02-02T18:01:10.9102932Z tests/test_providers.py::TestCIProviderInterface::test_provider_interface_is_abstract PASSED [ 70%]
2026-02-02T18:01:10.9118480Z tests/test_providers.py::TestCIProviderInterface::test_provider_interface_requires_get_workflow_runs PASSED [ 70%]
2026-02-02T18:01:10.9133581Z tests/test_providers.py::TestCIProviderInterface::test_provider_interface_requires_get_workflow_run PASSED [ 70%]
2026-02-02T18:01:10.9149233Z tests/test_providers.py::TestCIProviderInterface::test_provider_interface_requires_get_jobs PASSED [ 71%]
2026-02-02T18:01:10.9163946Z tests/test_providers.py::TestCIProviderInterface::test_provider_interface_requires_get_logs PASSED [ 71%]
2026-02-02T18:01:10.9179042Z tests/test_providers.py::TestWorkflowRunModel::test_workflow_run_creation_with_all_fields PASSED [ 72%]
2026-02-02T18:01:10.9195192Z tests/test_providers.py::TestWorkflowRunModel::test_workflow_run_creation_with_optional_fields PASSED [ 72%]
2026-02-02T18:01:10.9209802Z tests/test_providers.py::TestJobModel::test_job_creation_with_all_fields PASSED [ 72%]
2026-02-02T18:01:10.9247916Z tests/test_providers.py::TestJobModel::test_job_creation_with_optional_fields PASSED [ 73%]
2026-02-02T18:01:10.9249945Z tests/test_providers.py::TestLogEntryModel::test_log_entry_creation PASSED [ 73%]
2026-02-02T18:01:10.9254723Z tests/test_providers.py::TestGitHubActionsProvider::test_github_actions_provider_initialization PASSED [ 74%]
2026-02-02T18:01:10.9268769Z tests/test_providers.py::TestGitHubActionsProvider::test_github_actions_provider_initialization_without_token PASSED [ 74%]
2026-02-02T18:01:10.9299880Z tests/test_providers.py::TestGitHubActionsProvider::test_get_workflow_runs_success PASSED [ 74%]
2026-02-02T18:01:10.9326286Z tests/test_providers.py::TestGitHubActionsProvider::test_get_workflow_run_success PASSED [ 75%]
2026-02-02T18:01:10.9353148Z tests/test_providers.py::TestGitHubActionsProvider::test_get_jobs_success PASSED [ 75%]
2026-02-02T18:01:10.9377236Z tests/test_providers.py::TestGitHubActionsProvider::test_get_logs_success PASSED [ 76%]
2026-02-02T18:01:10.9402460Z tests/test_providers.py::TestGitHubActionsProvider::test_authentication_with_token PASSED [ 76%]
2026-02-02T18:01:10.9427947Z tests/test_providers.py::TestGitHubActionsProvider::test_authentication_without_token PASSED [ 76%]
2026-02-02T18:01:10.9451603Z tests/test_providers.py::TestGitHubActionsProvider::test_rate_limiting_error_handling PASSED [ 77%]
2026-02-02T18:01:10.9474956Z tests/test_providers.py::TestGitHubActionsProvider::test_404_not_found_error_handling PASSED [ 77%]
2026-02-02T18:01:10.9495919Z tests/test_providers.py::TestGitHubActionsProvider::test_network_timeout_error_handling PASSED [ 78%]
2026-02-02T18:01:10.9515675Z tests/test_providers.py::TestGitHubActionsProvider::test_generic_request_error_handling PASSED [ 78%]
2026-02-02T18:01:10.9540646Z tests/test_providers.py::TestGitHubActionsProvider::test_malformed_response_handling PASSED [ 78%]
2026-02-02T18:01:10.9567004Z tests/test_providers.py::TestGitHubActionsProvider::test_pagination_support PASSED [ 79%]
2026-02-02T18:01:10.9591973Z tests/test_providers.py::TestGitHubActionsProvider::test_workflow_name_filtering PASSED [ 79%]
2026-02-02T18:01:10.9615479Z tests/test_providers.py::TestGitHubActionsProvider::test_get_logs_with_invalid_timestamps PASSED [ 80%]
2026-02-02T18:01:10.9641338Z tests/test_providers.py::TestGitHubActionsProvider::test_get_logs_with_empty_lines PASSED [ 80%]
2026-02-02T18:01:10.9655638Z tests/test_reporting.py::TestReportFormatter::test_format_duration_ms PASSED [ 80%]
2026-02-02T18:01:10.9669659Z tests/test_reporting.py::TestReportFormatter::test_format_duration_none PASSED [ 81%]
2026-02-02T18:01:10.9683779Z tests/test_reporting.py::TestReportFormatter::test_format_timestamp PASSED [ 81%]
2026-02-02T18:01:10.9697355Z tests/test_reporting.py::TestReportFormatter::test_format_percentage PASSED [ 82%]
2026-02-02T18:01:10.9711523Z tests/test_reporting.py::TestReportFormatter::test_truncate_message PASSED [ 82%]
2026-02-02T18:01:10.9725768Z tests/test_reporting.py::TestConsoleReporter::test_generate_failure_summary_empty PASSED [ 82%]
2026-02-02T18:01:10.9740071Z tests/test_reporting.py::TestConsoleReporter::test_generate_failure_summary_with_failures PASSED [ 83%]
2026-02-02T18:01:10.9754550Z tests/test_reporting.py::TestConsoleReporter::test_generate_failure_summary_with_colors PASSED [ 83%]
2026-02-02T18:01:10.9768908Z tests/test_reporting.py::TestConsoleReporter::test_generate_flaky_test_report PASSED [ 84%]
2026-02-02T18:01:10.9783266Z tests/test_reporting.py::TestConsoleReporter::test_generate_platform_comparison PASSED [ 84%]
2026-02-02T18:01:10.9797441Z tests/test_reporting.py::TestConsoleReporter::test_generate_recommendations_report PASSED [ 84%]
2026-02-02T18:01:10.9811497Z tests/test_reporting.py::TestConsoleReporter::test_color_detection_auto PASSED [ 85%]
2026-02-02T18:01:10.9826297Z tests/test_reporting.py::TestHtmlReporter::test_generate_html_report_basic PASSED [ 85%]
2026-02-02T18:01:10.9841210Z tests/test_reporting.py::TestHtmlReporter::test_generate_html_report_with_timeline PASSED [ 86%]
2026-02-02T18:01:10.9855893Z tests/test_reporting.py::TestHtmlReporter::test_generate_html_with_flaky_tests PASSED [ 86%]
2026-02-02T18:01:10.9870478Z tests/test_reporting.py::TestHtmlReporter::test_generate_html_with_platform_comparison PASSED [ 86%]
2026-02-02T18:01:10.9917253Z tests/test_reporting.py::TestHtmlReporter::test_save_html_report_to_file PASSED [ 87%]
2026-02-02T18:01:10.9932243Z tests/test_reporting.py::TestHtmlReporter::test_html_escaping PASSED     [ 87%]
2026-02-02T18:01:10.9950342Z tests/test_reporting.py::TestJsonExporter::test_export_failures_to_json PASSED [ 88%]
2026-02-02T18:01:10.9965360Z tests/test_reporting.py::TestJsonExporter::test_export_flaky_tests_to_json PASSED [ 88%]
2026-02-02T18:01:10.9981812Z tests/test_reporting.py::TestJsonExporter::test_export_complete_analysis_to_json PASSED [ 88%]
2026-02-02T18:01:11.0013936Z tests/test_reporting.py::TestJsonExporter::test_save_json_to_file PASSED [ 89%]
2026-02-02T18:01:11.0028559Z tests/test_reporting.py::TestJsonExporter::test_json_indentation PASSED  [ 89%]
2026-02-02T18:01:11.0043424Z tests/test_reporting.py::TestCsvExporter::test_export_failures_to_csv PASSED [ 90%]
2026-02-02T18:01:11.0057490Z tests/test_reporting.py::TestCsvExporter::test_export_flaky_tests_to_csv PASSED [ 90%]
2026-02-02T18:01:11.0090475Z tests/test_reporting.py::TestCsvExporter::test_save_csv_to_file PASSED   [ 90%]
2026-02-02T18:01:11.0105080Z tests/test_reporting.py::TestCsvExporter::test_csv_escaping PASSED       [ 91%]
2026-02-02T18:01:11.0159499Z tests/test_reporting.py::TestReportIntegration::test_generate_all_formats PASSED [ 91%]
2026-02-02T18:01:11.0176378Z tests/test_reporting.py::TestReportIntegration::test_empty_failures_all_formats PASSED [ 92%]
2026-02-02T18:01:11.0312218Z tests/test_storage.py::TestWorkflowRun::test_create_workflow_run PASSED  [ 92%]
2026-02-02T18:01:11.0414968Z tests/test_storage.py::TestWorkflowRun::test_workflow_run_unique_constraint PASSED [ 92%]
2026-02-02T18:01:11.0434297Z tests/test_storage.py::TestWorkflowRun::test_workflow_run_repr PASSED    [ 93%]
2026-02-02T18:01:11.0580863Z tests/test_storage.py::TestWorkflowRun::test_workflow_run_relationship_to_jobs PASSED [ 93%]
2026-02-02T18:01:11.0792829Z tests/test_storage.py::TestWorkflowRun::test_workflow_run_cascade_delete PASSED [ 94%]
2026-02-02T18:01:11.0919066Z tests/test_storage.py::TestWorkflowJob::test_create_workflow_job PASSED  [ 94%]
2026-02-02T18:01:11.1033504Z tests/test_storage.py::TestWorkflowJob::test_workflow_job_unique_constraint PASSED [ 94%]
2026-02-02T18:01:11.1049614Z tests/test_storage.py::TestWorkflowJob::test_workflow_job_repr PASSED    [ 95%]
2026-02-02T18:01:11.1195575Z tests/test_storage.py::TestWorkflowJob::test_workflow_job_foreign_key PASSED [ 95%]
2026-02-02T18:01:11.1342642Z tests/test_storage.py::TestWorkflowTestResult::test_create_test_result PASSED [ 96%]
2026-02-02T18:01:11.1357561Z tests/test_storage.py::TestWorkflowTestResult::test_test_result_repr PASSED [ 96%]
2026-02-02T18:01:11.1584288Z tests/test_storage.py::TestWorkflowTestResult::test_test_result_cascade_delete PASSED [ 96%]
2026-02-02T18:01:11.1693567Z tests/test_storage.py::TestCIFailurePattern::test_create_failure_pattern PASSED [ 97%]
2026-02-02T18:01:11.1708166Z tests/test_storage.py::TestCIFailurePattern::test_failure_pattern_repr PASSED [ 97%]
2026-02-02T18:01:11.1737313Z tests/test_storage.py::TestDatabaseManager::test_create_database_manager PASSED [ 98%]
2026-02-02T18:01:11.4715592Z tests/test_storage.py::TestDatabaseManager::test_initialize_database PASSED [ 98%]
2026-02-02T18:01:11.4747483Z tests/test_storage.py::TestDatabaseManager::test_get_session_without_initialize PASSED [ 98%]
2026-02-02T18:01:12.4740189Z tests/test_storage.py::TestDatabaseManager::test_reset_database PASSED   [ 99%]
2026-02-02T18:01:12.8007864Z tests/test_storage.py::TestDatabaseManager::test_context_manager PASSED  [ 99%]
2026-02-02T18:01:13.7931201Z tests/test_storage.py::TestDatabaseManager::test_in_memory_database PASSED [100%]
2026-02-02T18:01:13.7931843Z 
2026-02-02T18:01:13.7932043Z =============================== tests coverage ================================
2026-02-02T18:01:13.7933102Z _______________ coverage: platform win32, python 3.9.13-final-0 _______________
2026-02-02T18:01:13.7933558Z 
2026-02-02T18:01:13.7933763Z Name                                Stmts   Miss  Cover   Missing
2026-02-02T18:01:13.7934353Z -----------------------------------------------------------------
2026-02-02T18:01:13.7934951Z scout\__init__.py                       2      0   100%
2026-02-02T18:01:13.7935883Z scout\analysis.py                     153      1    99%   385
2026-02-02T18:01:13.7936532Z scout\ci\__init__.py                    2      0   100%
2026-02-02T18:01:13.7937170Z scout\ci\github_actions_client.py      84      5    94%   162-168
2026-02-02T18:01:13.7938243Z scout\failure_parser.py               314     22    93%   36, 129, 171, 183-188, 227, 239, 250, 266-267, 296-297, 397-398, 466, 581, 595-596, 704
2026-02-02T18:01:13.7939278Z scout\log_retrieval.py                146      0   100%
2026-02-02T18:01:13.7939883Z scout\parsers\__init__.py               2      0   100%
2026-02-02T18:01:13.7940590Z scout\parsers\ci_log_parser.py         96      4    96%   146, 204, 234, 318
2026-02-02T18:01:13.7941254Z scout\providers\__init__.py             3      0   100%
2026-02-02T18:01:13.7941810Z scout\providers\base.py                30      0   100%
2026-02-02T18:01:13.7942449Z scout\providers\github_actions.py      72      0   100%
2026-02-02T18:01:13.7943373Z scout\reporting.py                    265     20    92%   131, 136-141, 191, 198-199, 255-256, 293-294, 527, 532-533, 663, 665, 668, 671, 736
2026-02-02T18:01:13.7944265Z scout\storage\__init__.py               3      0   100%
2026-02-02T18:01:13.7944912Z scout\storage\database.py              45      7    84%   51-53, 71-73, 121
2026-02-02T18:01:13.7945563Z scout\storage\schema.py                69      0   100%
2026-02-02T18:01:13.7946095Z -----------------------------------------------------------------
2026-02-02T18:01:13.7946620Z TOTAL                                1286     59    95%
2026-02-02T18:01:13.7947062Z Coverage HTML written to dir htmlcov
2026-02-02T18:01:13.7947448Z Coverage XML written to file coverage.xml
2026-02-02T18:01:13.7947943Z Required test coverage of 90% reached. Total coverage: 95.41%
2026-02-02T18:01:13.7948515Z ============================ 251 passed in 11.45s =============================
2026-02-02T18:01:13.9841322Z ##[group]Run actions/upload-artifact@v4
2026-02-02T18:01:13.9841658Z with:
2026-02-02T18:01:13.9841870Z   name: coverage-scout-windows-latest-py3.9
2026-02-02T18:01:13.9842147Z   path: ./scout/coverage.xml
2026-02-02T18:01:13.9842346Z   retention-days: 30
2026-02-02T18:01:13.9842527Z   if-no-files-found: warn
2026-02-02T18:01:13.9842714Z   compression-level: 6
2026-02-02T18:01:13.9842889Z   overwrite: false
2026-02-02T18:01:13.9843057Z   include-hidden-files: false
2026-02-02T18:01:13.9843250Z env:
2026-02-02T18:01:13.9843475Z   pythonLocation: C:\hostedtoolcache\windows\Python\3.9.13\x64
2026-02-02T18:01:13.9843897Z   PKG_CONFIG_PATH: C:\hostedtoolcache\windows\Python\3.9.13\x64/lib/pkgconfig
2026-02-02T18:01:13.9844336Z   Python_ROOT_DIR: C:\hostedtoolcache\windows\Python\3.9.13\x64
2026-02-02T18:01:13.9844710Z   Python2_ROOT_DIR: C:\hostedtoolcache\windows\Python\3.9.13\x64
2026-02-02T18:01:13.9845144Z   Python3_ROOT_DIR: C:\hostedtoolcache\windows\Python\3.9.13\x64
2026-02-02T18:01:13.9845440Z ##[endgroup]
2026-02-02T18:01:14.2773898Z With the provided path, there will be 1 file uploaded
2026-02-02T18:01:14.2781775Z Artifact name is valid!
2026-02-02T18:01:14.2785567Z Root directory input is valid!
2026-02-02T18:01:14.4294086Z Beginning upload of artifact content to blob storage
2026-02-02T18:01:14.4825365Z Uploaded bytes 3924
2026-02-02T18:01:14.4973550Z Finished uploading artifact content to blob storage!
2026-02-02T18:01:14.4977569Z SHA256 digest of uploaded artifact zip is a3dc513020771b987e0678831491a4c8a8378b22e506da904a21711f682a1729
2026-02-02T18:01:14.4980044Z Finalizing artifact upload
2026-02-02T18:01:14.6189189Z Artifact coverage-scout-windows-latest-py3.9.zip successfully finalized. Artifact ID 5347581350
2026-02-02T18:01:14.6191374Z Artifact coverage-scout-windows-latest-py3.9 has been successfully uploaded! Final size is 3924 bytes. Artifact ID is 5347581350
2026-02-02T18:01:14.6204615Z Artifact download URL: https://github.com/lmvcruz/argos/actions/runs/21601435348/artifacts/5347581350
2026-02-02T18:01:14.6534195Z Post job cleanup.
2026-02-02T18:01:14.8841560Z Post job cleanup.
2026-02-02T18:01:15.1145129Z [command]"C:\Program Files\Git\bin\git.exe" version
2026-02-02T18:01:15.1461571Z git version 2.52.0.windows.1
2026-02-02T18:01:15.1557881Z Temporarily overriding HOME='D:\a\_temp\76210c12-4cc3-4b2f-8572-57cf91324219' before making global git config changes
2026-02-02T18:01:15.1559127Z Adding repository directory to the temporary git global config as a safe directory
2026-02-02T18:01:15.1569902Z [command]"C:\Program Files\Git\bin\git.exe" config --global --add safe.directory D:\a\argos\argos
2026-02-02T18:01:15.1907281Z [command]"C:\Program Files\Git\bin\git.exe" config --local --name-only --get-regexp core\.sshCommand
2026-02-02T18:01:15.2227440Z [command]"C:\Program Files\Git\bin\git.exe" submodule foreach --recursive "sh -c \"git config --local --name-only --get-regexp 'core\.sshCommand' && git config --local --unset-all 'core.sshCommand' || :\""
2026-02-02T18:01:15.7774427Z [command]"C:\Program Files\Git\bin\git.exe" config --local --name-only --get-regexp http\.https\:\/\/github\.com\/\.extraheader
2026-02-02T18:01:15.8028774Z http.https://github.com/.extraheader
2026-02-02T18:01:15.8076674Z [command]"C:\Program Files\Git\bin\git.exe" config --local --unset-all http.https://github.com/.extraheader
2026-02-02T18:01:15.8384929Z [command]"C:\Program Files\Git\bin\git.exe" submodule foreach --recursive "sh -c \"git config --local --name-only --get-regexp 'http\.https\:\/\/github\.com\/\.extraheader' && git config --local --unset-all 'http.https://github.com/.extraheader' || :\""
2026-02-02T18:01:16.3497892Z [command]"C:\Program Files\Git\bin\git.exe" config --local --name-only --get-regexp ^includeIf\.gitdir:
2026-02-02T18:01:16.3794323Z [command]"C:\Program Files\Git\bin\git.exe" submodule foreach --recursive "git config --local --show-origin --name-only --get-regexp remote.origin.url"
2026-02-02T18:01:16.8964879Z Cleaning up orphan processes
