2026-02-02T17:59:26.2380849Z Current runner version: '2.331.0'
2026-02-02T17:59:26.2405366Z ##[group]Runner Image Provisioner
2026-02-02T17:59:26.2406117Z Hosted Compute Agent
2026-02-02T17:59:26.2406913Z Version: 20260123.484
2026-02-02T17:59:26.2407511Z Commit: 6bd6555ca37d84114959e1c76d2c01448ff61c5d
2026-02-02T17:59:26.2408116Z Build Date: 2026-01-23T19:41:17Z
2026-02-02T17:59:26.2408998Z Worker ID: {e5f84131-10ff-4fff-aa48-19d89e1600bb}
2026-02-02T17:59:26.2409656Z Azure Region: westus
2026-02-02T17:59:26.2410114Z ##[endgroup]
2026-02-02T17:59:26.2411470Z ##[group]Operating System
2026-02-02T17:59:26.2412025Z Microsoft Windows Server 2025
2026-02-02T17:59:26.2412553Z 10.0.26100
2026-02-02T17:59:26.2412944Z Datacenter
2026-02-02T17:59:26.2413370Z ##[endgroup]
2026-02-02T17:59:26.2413792Z ##[group]Runner Image
2026-02-02T17:59:26.2414269Z Image: windows-2025
2026-02-02T17:59:26.2414721Z Version: 20260127.11.2
2026-02-02T17:59:26.2415999Z Included Software: https://github.com/actions/runner-images/blob/win25/20260127.11/images/windows/Windows2025-Readme.md
2026-02-02T17:59:26.2417345Z Image Release: https://github.com/actions/runner-images/releases/tag/win25%2F20260127.11
2026-02-02T17:59:26.2418182Z ##[endgroup]
2026-02-02T17:59:26.2419155Z ##[group]GITHUB_TOKEN Permissions
2026-02-02T17:59:26.2420878Z Contents: read
2026-02-02T17:59:26.2421353Z Metadata: read
2026-02-02T17:59:26.2421794Z Packages: read
2026-02-02T17:59:26.2422244Z ##[endgroup]
2026-02-02T17:59:26.2424141Z Secret source: Actions
2026-02-02T17:59:26.2424744Z Prepare workflow directory
2026-02-02T17:59:26.2824267Z Prepare all required actions
2026-02-02T17:59:26.2883683Z Getting action download info
2026-02-02T17:59:26.7608794Z Download action repository 'actions/checkout@v4' (SHA:34e114876b0b11c390a56381ad16ebd13914f8d5)
2026-02-02T17:59:26.8970807Z Download action repository 'actions/setup-python@v5' (SHA:a26af69be951a213d495a4c3e4e4022e16d87065)
2026-02-02T17:59:27.0402680Z Download action repository 'codecov/codecov-action@v4' (SHA:b9fd7d16f6d7d1b5d2bec1a2887e65ceed900238)
2026-02-02T17:59:27.5699199Z Download action repository 'actions/upload-artifact@v4' (SHA:ea165f8d65b6e75b540449e92b4886f43607fa02)
2026-02-02T17:59:27.9453532Z Complete job name: Test Python 3.10 on windows-latest
2026-02-02T17:59:28.0852688Z ##[group]Run actions/checkout@v4
2026-02-02T17:59:28.0854098Z with:
2026-02-02T17:59:28.0854779Z   repository: lmvcruz/argos
2026-02-02T17:59:28.0855848Z   token: ***
2026-02-02T17:59:28.0856529Z   ssh-strict: true
2026-02-02T17:59:28.0857243Z   ssh-user: git
2026-02-02T17:59:28.0857957Z   persist-credentials: true
2026-02-02T17:59:28.0858758Z   clean: true
2026-02-02T17:59:28.0859480Z   sparse-checkout-cone-mode: true
2026-02-02T17:59:28.0860362Z   fetch-depth: 1
2026-02-02T17:59:28.0861067Z   fetch-tags: false
2026-02-02T17:59:28.0861777Z   show-progress: true
2026-02-02T17:59:28.0862498Z   lfs: false
2026-02-02T17:59:28.0863211Z   submodules: false
2026-02-02T17:59:28.0864316Z   set-safe-directory: true
2026-02-02T17:59:28.0865442Z ##[endgroup]
2026-02-02T17:59:28.2573080Z Syncing repository: lmvcruz/argos
2026-02-02T17:59:28.2575444Z ##[group]Getting Git version info
2026-02-02T17:59:28.2576434Z Working directory is 'D:\a\argos\argos'
2026-02-02T17:59:28.3695934Z [command]"C:\Program Files\Git\bin\git.exe" version
2026-02-02T17:59:28.7137485Z git version 2.52.0.windows.1
2026-02-02T17:59:28.7196106Z ##[endgroup]
2026-02-02T17:59:28.7221699Z Temporarily overriding HOME='D:\a\_temp\c954bc64-b149-4e13-842a-bf1fe463c801' before making global git config changes
2026-02-02T17:59:28.7225451Z Adding repository directory to the temporary git global config as a safe directory
2026-02-02T17:59:28.7235834Z [command]"C:\Program Files\Git\bin\git.exe" config --global --add safe.directory D:\a\argos\argos
2026-02-02T17:59:28.7889391Z Deleting the contents of 'D:\a\argos\argos'
2026-02-02T17:59:28.7897551Z ##[group]Initializing the repository
2026-02-02T17:59:28.7910895Z [command]"C:\Program Files\Git\bin\git.exe" init D:\a\argos\argos
2026-02-02T17:59:28.8711296Z Initialized empty Git repository in D:/a/argos/argos/.git/
2026-02-02T17:59:28.8763923Z [command]"C:\Program Files\Git\bin\git.exe" remote add origin https://github.com/lmvcruz/argos
2026-02-02T17:59:28.9319333Z ##[endgroup]
2026-02-02T17:59:28.9321799Z ##[group]Disabling automatic garbage collection
2026-02-02T17:59:28.9330629Z [command]"C:\Program Files\Git\bin\git.exe" config --local gc.auto 0
2026-02-02T17:59:28.9638000Z ##[endgroup]
2026-02-02T17:59:28.9639788Z ##[group]Setting up auth
2026-02-02T17:59:28.9653397Z [command]"C:\Program Files\Git\bin\git.exe" config --local --name-only --get-regexp core\.sshCommand
2026-02-02T17:59:28.9993919Z [command]"C:\Program Files\Git\bin\git.exe" submodule foreach --recursive "sh -c \"git config --local --name-only --get-regexp 'core\.sshCommand' && git config --local --unset-all 'core.sshCommand' || :\""
2026-02-02T17:59:30.4119188Z [command]"C:\Program Files\Git\bin\git.exe" config --local --name-only --get-regexp http\.https\:\/\/github\.com\/\.extraheader
2026-02-02T17:59:30.4474035Z [command]"C:\Program Files\Git\bin\git.exe" submodule foreach --recursive "sh -c \"git config --local --name-only --get-regexp 'http\.https\:\/\/github\.com\/\.extraheader' && git config --local --unset-all 'http.https://github.com/.extraheader' || :\""
2026-02-02T17:59:31.0073301Z [command]"C:\Program Files\Git\bin\git.exe" config --local --name-only --get-regexp ^includeIf\.gitdir:
2026-02-02T17:59:31.0374883Z [command]"C:\Program Files\Git\bin\git.exe" submodule foreach --recursive "git config --local --show-origin --name-only --get-regexp remote.origin.url"
2026-02-02T17:59:31.5648640Z [command]"C:\Program Files\Git\bin\git.exe" config --local http.https://github.com/.extraheader "AUTHORIZATION: basic ***"
2026-02-02T17:59:31.5966072Z ##[endgroup]
2026-02-02T17:59:31.5966865Z ##[group]Fetching the repository
2026-02-02T17:59:31.5980922Z [command]"C:\Program Files\Git\bin\git.exe" -c protocol.version=2 fetch --no-tags --prune --no-recurse-submodules --depth=1 origin +5563a4bf4fc378de14842c14efad0d4117ca0a1e:refs/remotes/origin/main
2026-02-02T17:59:32.7849191Z From https://github.com/lmvcruz/argos
2026-02-02T17:59:32.7852473Z  * [new ref]         5563a4bf4fc378de14842c14efad0d4117ca0a1e -> origin/main
2026-02-02T17:59:32.8143859Z ##[endgroup]
2026-02-02T17:59:32.8144314Z ##[group]Determining the checkout info
2026-02-02T17:59:32.8146980Z ##[endgroup]
2026-02-02T17:59:32.8163436Z [command]"C:\Program Files\Git\bin\git.exe" sparse-checkout disable
2026-02-02T17:59:32.8633754Z [command]"C:\Program Files\Git\bin\git.exe" config --local --unset-all extensions.worktreeConfig
2026-02-02T17:59:32.8927690Z ##[group]Checking out the ref
2026-02-02T17:59:32.8938332Z [command]"C:\Program Files\Git\bin\git.exe" checkout --progress --force -B main refs/remotes/origin/main
2026-02-02T17:59:33.0348715Z branch 'main' set up to track 'origin/main'.
2026-02-02T17:59:33.0356366Z Switched to a new branch 'main'
2026-02-02T17:59:33.0784096Z ##[endgroup]
2026-02-02T17:59:33.0792923Z [command]"C:\Program Files\Git\bin\git.exe" log -1 --format=%H
2026-02-02T17:59:33.1069428Z 5563a4bf4fc378de14842c14efad0d4117ca0a1e
2026-02-02T17:59:33.1503692Z ##[group]Run actions/setup-python@v5
2026-02-02T17:59:33.1504034Z with:
2026-02-02T17:59:33.1504201Z   python-version: 3.10
2026-02-02T17:59:33.1504420Z   check-latest: false
2026-02-02T17:59:33.1504734Z   token: ***
2026-02-02T17:59:33.1504904Z   update-environment: true
2026-02-02T17:59:33.1505115Z   allow-prereleases: false
2026-02-02T17:59:33.1505343Z   freethreaded: false
2026-02-02T17:59:33.1505541Z ##[endgroup]
2026-02-02T17:59:33.3812493Z ##[group]Installed versions
2026-02-02T17:59:33.4047402Z Successfully set up CPython (3.10.11)
2026-02-02T17:59:33.4048681Z ##[endgroup]
2026-02-02T17:59:33.4365905Z ##[group]Run python -m pip install --upgrade pip
2026-02-02T17:59:33.4366372Z [36;1mpython -m pip install --upgrade pip[0m
2026-02-02T17:59:33.4366667Z [36;1mpip install -e ".[dev]"[0m
2026-02-02T17:59:33.5019247Z shell: C:\Program Files\PowerShell\7\pwsh.EXE -command ". '{0}'"
2026-02-02T17:59:33.5019829Z env:
2026-02-02T17:59:33.5020173Z   pythonLocation: C:\hostedtoolcache\windows\Python\3.10.11\x64
2026-02-02T17:59:33.5020854Z   PKG_CONFIG_PATH: C:\hostedtoolcache\windows\Python\3.10.11\x64/lib/pkgconfig
2026-02-02T17:59:33.5021483Z   Python_ROOT_DIR: C:\hostedtoolcache\windows\Python\3.10.11\x64
2026-02-02T17:59:33.5022031Z   Python2_ROOT_DIR: C:\hostedtoolcache\windows\Python\3.10.11\x64
2026-02-02T17:59:33.5022577Z   Python3_ROOT_DIR: C:\hostedtoolcache\windows\Python\3.10.11\x64
2026-02-02T17:59:33.5023001Z ##[endgroup]
2026-02-02T17:59:41.5978081Z Requirement already satisfied: pip in c:\hostedtoolcache\windows\python\3.10.11\x64\lib\site-packages (25.3)
2026-02-02T17:59:41.7557813Z Collecting pip
2026-02-02T17:59:41.7859227Z   Downloading pip-26.0-py3-none-any.whl.metadata (4.7 kB)
2026-02-02T17:59:41.8134717Z Downloading pip-26.0-py3-none-any.whl (1.8 MB)
2026-02-02T17:59:41.8609227Z    ---------------------------------------- 1.8/1.8 MB 49.2 MB/s  0:00:00
2026-02-02T17:59:41.9282083Z Installing collected packages: pip
2026-02-02T17:59:41.9283650Z   Attempting uninstall: pip
2026-02-02T17:59:41.9292475Z     Found existing installation: pip 25.3
2026-02-02T17:59:42.0989536Z     Uninstalling pip-25.3:
2026-02-02T17:59:42.1278512Z       Successfully uninstalled pip-25.3
2026-02-02T17:59:44.3432864Z Successfully installed pip-26.0
2026-02-02T17:59:45.4202013Z Obtaining file:///D:/a/argos/argos/scout
2026-02-02T17:59:45.4242644Z   Installing build dependencies: started
2026-02-02T17:59:47.9057352Z   Installing build dependencies: finished with status 'done'
2026-02-02T17:59:47.9074630Z   Checking if build backend supports build_editable: started
2026-02-02T17:59:48.4441386Z   Checking if build backend supports build_editable: finished with status 'done'
2026-02-02T17:59:48.4465715Z   Getting requirements to build editable: started
2026-02-02T17:59:49.1732070Z   Getting requirements to build editable: finished with status 'done'
2026-02-02T17:59:49.1763874Z   Preparing editable metadata (pyproject.toml): started
2026-02-02T17:59:49.6584742Z   Preparing editable metadata (pyproject.toml): finished with status 'done'
2026-02-02T17:59:49.7698984Z Collecting requests>=2.28.0 (from argos-scout==0.1.0)
2026-02-02T17:59:49.8008216Z   Downloading requests-2.32.5-py3-none-any.whl.metadata (4.9 kB)
2026-02-02T17:59:49.9882696Z Collecting pydantic>=2.0.0 (from argos-scout==0.1.0)
2026-02-02T17:59:49.9930012Z   Downloading pydantic-2.12.5-py3-none-any.whl.metadata (90 kB)
2026-02-02T17:59:50.0754575Z Collecting rich>=13.0.0 (from argos-scout==0.1.0)
2026-02-02T17:59:50.0799669Z   Downloading rich-14.3.2-py3-none-any.whl.metadata (18 kB)
2026-02-02T17:59:50.1300654Z Collecting python-dateutil>=2.8.0 (from argos-scout==0.1.0)
2026-02-02T17:59:50.1384791Z   Downloading python_dateutil-2.9.0.post0-py2.py3-none-any.whl.metadata (8.4 kB)
2026-02-02T17:59:50.4672293Z Collecting sqlalchemy>=2.0.0 (from argos-scout==0.1.0)
2026-02-02T17:59:50.4731624Z   Downloading sqlalchemy-2.0.46-cp310-cp310-win_amd64.whl.metadata (9.8 kB)
2026-02-02T17:59:50.5634692Z Collecting pytest>=7.0.0 (from argos-scout==0.1.0)
2026-02-02T17:59:50.5681150Z   Downloading pytest-9.0.2-py3-none-any.whl.metadata (7.6 kB)
2026-02-02T17:59:50.6209460Z Collecting pytest-cov>=4.0.0 (from argos-scout==0.1.0)
2026-02-02T17:59:50.6251690Z   Downloading pytest_cov-7.0.0-py3-none-any.whl.metadata (31 kB)
2026-02-02T17:59:50.7014803Z Collecting pytest-mock>=3.10.0 (from argos-scout==0.1.0)
2026-02-02T17:59:50.7059854Z   Downloading pytest_mock-3.15.1-py3-none-any.whl.metadata (3.9 kB)
2026-02-02T17:59:50.7963859Z Collecting black>=23.0.0 (from argos-scout==0.1.0)
2026-02-02T17:59:50.8021949Z   Downloading black-26.1.0-cp310-cp310-win_amd64.whl.metadata (88 kB)
2026-02-02T17:59:50.8599614Z Collecting flake8>=6.0.0 (from argos-scout==0.1.0)
2026-02-02T17:59:50.8642843Z   Downloading flake8-7.3.0-py2.py3-none-any.whl.metadata (3.8 kB)
2026-02-02T17:59:50.9295822Z Collecting isort>=5.12.0 (from argos-scout==0.1.0)
2026-02-02T17:59:50.9339668Z   Downloading isort-7.0.0-py3-none-any.whl.metadata (11 kB)
2026-02-02T17:59:51.0760908Z Collecting mypy>=1.0.0 (from argos-scout==0.1.0)
2026-02-02T17:59:51.0818555Z   Downloading mypy-1.19.1-cp310-cp310-win_amd64.whl.metadata (2.3 kB)
2026-02-02T17:59:51.1361892Z Collecting click>=8.0.0 (from black>=23.0.0->argos-scout==0.1.0)
2026-02-02T17:59:51.1402377Z   Downloading click-8.3.1-py3-none-any.whl.metadata (2.6 kB)
2026-02-02T17:59:51.1836849Z Collecting mypy-extensions>=0.4.3 (from black>=23.0.0->argos-scout==0.1.0)
2026-02-02T17:59:51.1879852Z   Downloading mypy_extensions-1.1.0-py3-none-any.whl.metadata (1.1 kB)
2026-02-02T17:59:51.2304318Z Collecting packaging>=22.0 (from black>=23.0.0->argos-scout==0.1.0)
2026-02-02T17:59:51.2330609Z   Using cached packaging-26.0-py3-none-any.whl.metadata (3.3 kB)
2026-02-02T17:59:51.2649946Z Collecting pathspec>=1.0.0 (from black>=23.0.0->argos-scout==0.1.0)
2026-02-02T17:59:51.2690622Z   Downloading pathspec-1.0.4-py3-none-any.whl.metadata (13 kB)
2026-02-02T17:59:51.3252873Z Collecting platformdirs>=2 (from black>=23.0.0->argos-scout==0.1.0)
2026-02-02T17:59:51.3295845Z   Downloading platformdirs-4.5.1-py3-none-any.whl.metadata (12 kB)
2026-02-02T17:59:51.3827947Z Collecting pytokens>=0.3.0 (from black>=23.0.0->argos-scout==0.1.0)
2026-02-02T17:59:51.3901466Z   Downloading pytokens-0.4.1-cp310-cp310-win_amd64.whl.metadata (3.9 kB)
2026-02-02T17:59:51.4371520Z Collecting tomli>=1.1.0 (from black>=23.0.0->argos-scout==0.1.0)
2026-02-02T17:59:51.4393773Z   Using cached tomli-2.4.0-py3-none-any.whl.metadata (10 kB)
2026-02-02T17:59:51.4725872Z Collecting typing-extensions>=4.0.1 (from black>=23.0.0->argos-scout==0.1.0)
2026-02-02T17:59:51.4767816Z   Downloading typing_extensions-4.15.0-py3-none-any.whl.metadata (3.3 kB)
2026-02-02T17:59:51.5255121Z Collecting colorama (from click>=8.0.0->black>=23.0.0->argos-scout==0.1.0)
2026-02-02T17:59:51.5300277Z   Downloading colorama-0.4.6-py2.py3-none-any.whl.metadata (17 kB)
2026-02-02T17:59:51.5804912Z Collecting mccabe<0.8.0,>=0.7.0 (from flake8>=6.0.0->argos-scout==0.1.0)
2026-02-02T17:59:51.5901168Z   Downloading mccabe-0.7.0-py2.py3-none-any.whl.metadata (5.0 kB)
2026-02-02T17:59:51.6359822Z Collecting pycodestyle<2.15.0,>=2.14.0 (from flake8>=6.0.0->argos-scout==0.1.0)
2026-02-02T17:59:51.6402816Z   Downloading pycodestyle-2.14.0-py2.py3-none-any.whl.metadata (4.5 kB)
2026-02-02T17:59:51.6875575Z Collecting pyflakes<3.5.0,>=3.4.0 (from flake8>=6.0.0->argos-scout==0.1.0)
2026-02-02T17:59:51.6935780Z   Downloading pyflakes-3.4.0-py2.py3-none-any.whl.metadata (3.5 kB)
2026-02-02T17:59:51.8386085Z Collecting librt>=0.6.2 (from mypy>=1.0.0->argos-scout==0.1.0)
2026-02-02T17:59:51.8441159Z   Downloading librt-0.7.8-cp310-cp310-win_amd64.whl.metadata (1.4 kB)
2026-02-02T17:59:51.8891196Z Collecting annotated-types>=0.6.0 (from pydantic>=2.0.0->argos-scout==0.1.0)
2026-02-02T17:59:51.8933692Z   Downloading annotated_types-0.7.0-py3-none-any.whl.metadata (15 kB)
2026-02-02T17:59:52.7378603Z Collecting pydantic-core==2.41.5 (from pydantic>=2.0.0->argos-scout==0.1.0)
2026-02-02T17:59:52.7439729Z   Downloading pydantic_core-2.41.5-cp310-cp310-win_amd64.whl.metadata (7.4 kB)
2026-02-02T17:59:52.7970455Z Collecting typing-inspection>=0.4.2 (from pydantic>=2.0.0->argos-scout==0.1.0)
2026-02-02T17:59:52.8010154Z   Downloading typing_inspection-0.4.2-py3-none-any.whl.metadata (2.6 kB)
2026-02-02T17:59:52.8558010Z Collecting exceptiongroup>=1 (from pytest>=7.0.0->argos-scout==0.1.0)
2026-02-02T17:59:52.8757251Z   Downloading exceptiongroup-1.3.1-py3-none-any.whl.metadata (6.7 kB)
2026-02-02T17:59:52.9211580Z Collecting iniconfig>=1.0.1 (from pytest>=7.0.0->argos-scout==0.1.0)
2026-02-02T17:59:52.9255316Z   Downloading iniconfig-2.3.0-py3-none-any.whl.metadata (2.5 kB)
2026-02-02T17:59:52.9688079Z Collecting pluggy<2,>=1.5 (from pytest>=7.0.0->argos-scout==0.1.0)
2026-02-02T17:59:52.9728048Z   Downloading pluggy-1.6.0-py3-none-any.whl.metadata (4.8 kB)
2026-02-02T17:59:53.0295191Z Collecting pygments>=2.7.2 (from pytest>=7.0.0->argos-scout==0.1.0)
2026-02-02T17:59:53.0342939Z   Downloading pygments-2.19.2-py3-none-any.whl.metadata (2.5 kB)
2026-02-02T17:59:53.5243411Z Collecting coverage>=7.10.6 (from coverage[toml]>=7.10.6->pytest-cov>=4.0.0->argos-scout==0.1.0)
2026-02-02T17:59:53.5345169Z   Downloading coverage-7.13.2-cp310-cp310-win_amd64.whl.metadata (8.7 kB)
2026-02-02T17:59:53.6007337Z Collecting six>=1.5 (from python-dateutil>=2.8.0->argos-scout==0.1.0)
2026-02-02T17:59:53.6048909Z   Downloading six-1.17.0-py2.py3-none-any.whl.metadata (1.7 kB)
2026-02-02T17:59:53.7246945Z Collecting charset_normalizer<4,>=2 (from requests>=2.28.0->argos-scout==0.1.0)
2026-02-02T17:59:53.7304080Z   Downloading charset_normalizer-3.4.4-cp310-cp310-win_amd64.whl.metadata (38 kB)
2026-02-02T17:59:53.7782052Z Collecting idna<4,>=2.5 (from requests>=2.28.0->argos-scout==0.1.0)
2026-02-02T17:59:53.7825012Z   Downloading idna-3.11-py3-none-any.whl.metadata (8.4 kB)
2026-02-02T17:59:53.8428169Z Collecting urllib3<3,>=1.21.1 (from requests>=2.28.0->argos-scout==0.1.0)
2026-02-02T17:59:53.8474052Z   Downloading urllib3-2.6.3-py3-none-any.whl.metadata (6.9 kB)
2026-02-02T17:59:53.9054668Z Collecting certifi>=2017.4.17 (from requests>=2.28.0->argos-scout==0.1.0)
2026-02-02T17:59:53.9098647Z   Downloading certifi-2026.1.4-py3-none-any.whl.metadata (2.5 kB)
2026-02-02T17:59:53.9574283Z Collecting markdown-it-py>=2.2.0 (from rich>=13.0.0->argos-scout==0.1.0)
2026-02-02T17:59:53.9618566Z   Downloading markdown_it_py-4.0.0-py3-none-any.whl.metadata (7.3 kB)
2026-02-02T17:59:54.0146229Z Collecting mdurl~=0.1 (from markdown-it-py>=2.2.0->rich>=13.0.0->argos-scout==0.1.0)
2026-02-02T17:59:54.0192369Z   Downloading mdurl-0.1.2-py3-none-any.whl.metadata (1.6 kB)
2026-02-02T17:59:54.2547151Z Collecting greenlet>=1 (from sqlalchemy>=2.0.0->argos-scout==0.1.0)
2026-02-02T17:59:54.2611915Z   Downloading greenlet-3.3.1-cp310-cp310-win_amd64.whl.metadata (3.8 kB)
2026-02-02T17:59:54.2946636Z Downloading black-26.1.0-cp310-cp310-win_amd64.whl (1.4 MB)
2026-02-02T17:59:54.3316789Z    ---------------------------------------- 1.4/1.4 MB 36.7 MB/s  0:00:00
2026-02-02T17:59:54.3359131Z Downloading click-8.3.1-py3-none-any.whl (108 kB)
2026-02-02T17:59:54.3609695Z Downloading flake8-7.3.0-py2.py3-none-any.whl (57 kB)
2026-02-02T17:59:54.3828723Z Downloading mccabe-0.7.0-py2.py3-none-any.whl (7.3 kB)
2026-02-02T17:59:54.4028660Z Downloading pycodestyle-2.14.0-py2.py3-none-any.whl (31 kB)
2026-02-02T17:59:54.4260105Z Downloading pyflakes-3.4.0-py2.py3-none-any.whl (63 kB)
2026-02-02T17:59:54.4495279Z Downloading isort-7.0.0-py3-none-any.whl (94 kB)
2026-02-02T17:59:54.4843596Z Downloading mypy-1.19.1-cp310-cp310-win_amd64.whl (10.1 MB)
2026-02-02T17:59:54.5671592Z    ---------------------------------------- 10.1/10.1 MB 125.6 MB/s  0:00:00
2026-02-02T17:59:54.5735956Z Downloading librt-0.7.8-cp310-cp310-win_amd64.whl (49 kB)
2026-02-02T17:59:54.5975459Z Downloading mypy_extensions-1.1.0-py3-none-any.whl (5.0 kB)
2026-02-02T17:59:54.6164053Z Using cached packaging-26.0-py3-none-any.whl (74 kB)
2026-02-02T17:59:54.6204517Z Downloading pathspec-1.0.4-py3-none-any.whl (55 kB)
2026-02-02T17:59:54.6462865Z Downloading platformdirs-4.5.1-py3-none-any.whl (18 kB)
2026-02-02T17:59:54.6682715Z Downloading pydantic-2.12.5-py3-none-any.whl (463 kB)
2026-02-02T17:59:54.7022014Z Downloading pydantic_core-2.41.5-cp310-cp310-win_amd64.whl (2.0 MB)
2026-02-02T17:59:54.7361339Z    ---------------------------------------- 2.0/2.0 MB 56.5 MB/s  0:00:00
2026-02-02T17:59:54.7422776Z Downloading annotated_types-0.7.0-py3-none-any.whl (13 kB)
2026-02-02T17:59:54.7657266Z Downloading pytest-9.0.2-py3-none-any.whl (374 kB)
2026-02-02T17:59:54.7896360Z Downloading pluggy-1.6.0-py3-none-any.whl (20 kB)
2026-02-02T17:59:54.8186939Z Downloading colorama-0.4.6-py2.py3-none-any.whl (25 kB)
2026-02-02T17:59:54.8397141Z Downloading exceptiongroup-1.3.1-py3-none-any.whl (16 kB)
2026-02-02T17:59:54.8611766Z Downloading iniconfig-2.3.0-py3-none-any.whl (7.5 kB)
2026-02-02T17:59:54.8829459Z Downloading pygments-2.19.2-py3-none-any.whl (1.2 MB)
2026-02-02T17:59:54.9176949Z    ---------------------------------------- 1.2/1.2 MB 31.1 MB/s  0:00:00
2026-02-02T17:59:54.9219518Z Downloading pytest_cov-7.0.0-py3-none-any.whl (22 kB)
2026-02-02T17:59:54.9439430Z Downloading coverage-7.13.2-cp310-cp310-win_amd64.whl (222 kB)
2026-02-02T17:59:54.9697839Z Downloading pytest_mock-3.15.1-py3-none-any.whl (10 kB)
2026-02-02T17:59:54.9902752Z Downloading python_dateutil-2.9.0.post0-py2.py3-none-any.whl (229 kB)
2026-02-02T17:59:55.0178767Z Downloading pytokens-0.4.1-cp310-cp310-win_amd64.whl (103 kB)
2026-02-02T17:59:55.1083837Z Downloading requests-2.32.5-py3-none-any.whl (64 kB)
2026-02-02T17:59:55.1293934Z Downloading charset_normalizer-3.4.4-cp310-cp310-win_amd64.whl (107 kB)
2026-02-02T17:59:55.1556030Z Downloading idna-3.11-py3-none-any.whl (71 kB)
2026-02-02T17:59:55.1798652Z Downloading urllib3-2.6.3-py3-none-any.whl (131 kB)
2026-02-02T17:59:55.2048550Z Downloading certifi-2026.1.4-py3-none-any.whl (152 kB)
2026-02-02T17:59:55.2293856Z Downloading rich-14.3.2-py3-none-any.whl (309 kB)
2026-02-02T17:59:55.2607125Z Downloading markdown_it_py-4.0.0-py3-none-any.whl (87 kB)
2026-02-02T17:59:55.2841048Z Downloading mdurl-0.1.2-py3-none-any.whl (10.0 kB)
2026-02-02T17:59:55.3046847Z Downloading six-1.17.0-py2.py3-none-any.whl (11 kB)
2026-02-02T17:59:55.3298361Z Downloading sqlalchemy-2.0.46-cp310-cp310-win_amd64.whl (2.1 MB)
2026-02-02T17:59:55.3661118Z    ---------------------------------------- 2.1/2.1 MB 60.5 MB/s  0:00:00
2026-02-02T17:59:55.3718667Z Downloading greenlet-3.3.1-cp310-cp310-win_amd64.whl (226 kB)
2026-02-02T17:59:55.3980818Z Using cached tomli-2.4.0-py3-none-any.whl (14 kB)
2026-02-02T17:59:55.4023663Z Downloading typing_extensions-4.15.0-py3-none-any.whl (44 kB)
2026-02-02T17:59:55.4234675Z Downloading typing_inspection-0.4.2-py3-none-any.whl (14 kB)
2026-02-02T17:59:55.5422843Z Building wheels for collected packages: argos-scout
2026-02-02T17:59:55.5492195Z   Building editable for argos-scout (pyproject.toml): started
2026-02-02T17:59:56.1954268Z   Building editable for argos-scout (pyproject.toml): finished with status 'done'
2026-02-02T17:59:56.2026777Z   Created wheel for argos-scout: filename=argos_scout-0.1.0-0.editable-py3-none-any.whl size=4040 sha256=7bba52e36363b79b428dea633bce7a1274615ab4ed65bf5debeff13387a1045b
2026-02-02T17:59:56.2028860Z   Stored in directory: C:\Users\runneradmin\AppData\Local\Temp\pip-ephem-wheel-cache-m6c078zu\wheels\ee\1b\55\746834f7503649f6e43ceb47f36e685d4b536ead7f3f9837a9
2026-02-02T17:59:56.2053769Z Successfully built argos-scout
2026-02-02T17:59:56.2920199Z Installing collected packages: urllib3, typing-extensions, tomli, six, pytokens, pygments, pyflakes, pycodestyle, pluggy, platformdirs, pathspec, packaging, mypy-extensions, mdurl, mccabe, librt, isort, iniconfig, idna, greenlet, coverage, colorama, charset_normalizer, certifi, annotated-types, typing-inspection, sqlalchemy, requests, python-dateutil, pydantic-core, mypy, markdown-it-py, flake8, exceptiongroup, click, rich, pytest, pydantic, black, pytest-mock, pytest-cov, argos-scout
2026-02-02T18:00:10.9339064Z 
2026-02-02T18:00:10.9523833Z Successfully installed annotated-types-0.7.0 argos-scout-0.1.0 black-26.1.0 certifi-2026.1.4 charset_normalizer-3.4.4 click-8.3.1 colorama-0.4.6 coverage-7.13.2 exceptiongroup-1.3.1 flake8-7.3.0 greenlet-3.3.1 idna-3.11 iniconfig-2.3.0 isort-7.0.0 librt-0.7.8 markdown-it-py-4.0.0 mccabe-0.7.0 mdurl-0.1.2 mypy-1.19.1 mypy-extensions-1.1.0 packaging-26.0 pathspec-1.0.4 platformdirs-4.5.1 pluggy-1.6.0 pycodestyle-2.14.0 pydantic-2.12.5 pydantic-core-2.41.5 pyflakes-3.4.0 pygments-2.19.2 pytest-9.0.2 pytest-cov-7.0.0 pytest-mock-3.15.1 python-dateutil-2.9.0.post0 pytokens-0.4.1 requests-2.32.5 rich-14.3.2 six-1.17.0 sqlalchemy-2.0.46 tomli-2.4.0 typing-extensions-4.15.0 typing-inspection-0.4.2 urllib3-2.6.3
2026-02-02T18:00:12.4083712Z ##[group]Run pytest tests/ -v --cov=scout --cov-report=xml --cov-report=term-missing
2026-02-02T18:00:12.4084329Z [36;1mpytest tests/ -v --cov=scout --cov-report=xml --cov-report=term-missing[0m
2026-02-02T18:00:12.4154090Z shell: C:\Program Files\PowerShell\7\pwsh.EXE -command ". '{0}'"
2026-02-02T18:00:12.4154422Z env:
2026-02-02T18:00:12.4154682Z   pythonLocation: C:\hostedtoolcache\windows\Python\3.10.11\x64
2026-02-02T18:00:12.4155537Z   PKG_CONFIG_PATH: C:\hostedtoolcache\windows\Python\3.10.11\x64/lib/pkgconfig
2026-02-02T18:00:12.4155983Z   Python_ROOT_DIR: C:\hostedtoolcache\windows\Python\3.10.11\x64
2026-02-02T18:00:12.4156374Z   Python2_ROOT_DIR: C:\hostedtoolcache\windows\Python\3.10.11\x64
2026-02-02T18:00:12.4156759Z   Python3_ROOT_DIR: C:\hostedtoolcache\windows\Python\3.10.11\x64
2026-02-02T18:00:12.4157067Z ##[endgroup]
2026-02-02T18:00:13.5815493Z ============================= test session starts =============================
2026-02-02T18:00:13.5816626Z platform win32 -- Python 3.10.11, pytest-9.0.2, pluggy-1.6.0 -- C:\hostedtoolcache\windows\Python\3.10.11\x64\python.exe
2026-02-02T18:00:13.5817565Z cachedir: .pytest_cache
2026-02-02T18:00:13.5817960Z rootdir: D:\a\argos\argos\scout
2026-02-02T18:00:13.5818371Z configfile: pyproject.toml
2026-02-02T18:00:13.5818792Z plugins: cov-7.0.0, mock-3.15.1
2026-02-02T18:00:14.8548931Z collecting ... collected 251 items
2026-02-02T18:00:14.8549283Z 
2026-02-02T18:00:14.8577349Z tests/test_analysis.py::TestFlakyTestDetection::test_detect_flaky_test_with_mixed_results PASSED [  0%]
2026-02-02T18:00:14.8593572Z tests/test_analysis.py::TestFlakyTestDetection::test_no_flaky_tests_when_always_passing PASSED [  0%]
2026-02-02T18:00:14.8609106Z tests/test_analysis.py::TestFlakyTestDetection::test_no_flaky_tests_when_always_failing PASSED [  1%]
2026-02-02T18:00:14.8625130Z tests/test_analysis.py::TestFlakyTestDetection::test_flaky_test_with_multiple_tests PASSED [  1%]
2026-02-02T18:00:14.8649455Z tests/test_analysis.py::TestFlakyTestDetection::test_insufficient_runs_for_flaky_detection PASSED [  1%]
2026-02-02T18:00:14.8664802Z tests/test_analysis.py::TestRecurringFailureDetection::test_detect_recurring_failure PASSED [  2%]
2026-02-02T18:00:14.8680722Z tests/test_analysis.py::TestRecurringFailureDetection::test_no_recurring_failures_below_threshold PASSED [  2%]
2026-02-02T18:00:14.8696505Z tests/test_analysis.py::TestRecurringFailureDetection::test_multiple_recurring_failures PASSED [  3%]
2026-02-02T18:00:14.8712155Z tests/test_analysis.py::TestPlatformSpecificFailures::test_detect_windows_only_failure PASSED [  3%]
2026-02-02T18:00:14.8727104Z tests/test_analysis.py::TestPlatformSpecificFailures::test_detect_linux_only_failure PASSED [  3%]
2026-02-02T18:00:14.8742538Z tests/test_analysis.py::TestPlatformSpecificFailures::test_no_platform_specific_when_all_fail PASSED [  4%]
2026-02-02T18:00:14.8758510Z tests/test_analysis.py::TestPlatformSpecificFailures::test_no_platform_specific_when_all_pass PASSED [  4%]
2026-02-02T18:00:14.8783434Z tests/test_analysis.py::TestFailureGrouping::test_group_failures_by_same_message PASSED [  5%]
2026-02-02T18:00:14.8802865Z tests/test_analysis.py::TestFailureGrouping::test_group_failures_by_same_location PASSED [  5%]
2026-02-02T18:00:14.8828137Z tests/test_analysis.py::TestFailureGrouping::test_group_failures_by_same_type PASSED [  5%]
2026-02-02T18:00:14.8853305Z tests/test_analysis.py::TestFailureGrouping::test_no_grouping_for_unique_failures PASSED [  6%]
2026-02-02T18:00:14.8877485Z tests/test_analysis.py::TestTrendAnalysis::test_detect_increasing_failure_trend PASSED [  6%]
2026-02-02T18:00:14.8902540Z tests/test_analysis.py::TestTrendAnalysis::test_detect_decreasing_failure_trend PASSED [  7%]
2026-02-02T18:00:14.8927373Z tests/test_analysis.py::TestTrendAnalysis::test_detect_stable_trend PASSED [  7%]
2026-02-02T18:00:14.8951847Z tests/test_analysis.py::TestTrendAnalysis::test_insufficient_data_for_trend PASSED [  7%]
2026-02-02T18:00:14.8979191Z tests/test_analysis.py::TestRecommendationGeneration::test_recommendation_for_flaky_test PASSED [  8%]
2026-02-02T18:00:14.9001967Z tests/test_analysis.py::TestRecommendationGeneration::test_recommendation_for_recurring_failure PASSED [  8%]
2026-02-02T18:00:14.9025634Z tests/test_analysis.py::TestRecommendationGeneration::test_recommendation_for_platform_specific_failure PASSED [  9%]
2026-02-02T18:00:14.9042199Z tests/test_analysis.py::TestRecommendationGeneration::test_recommendation_for_increasing_trend PASSED [  9%]
2026-02-02T18:00:14.9057955Z tests/test_analysis.py::TestRecommendationGeneration::test_no_recommendations_for_healthy_state PASSED [  9%]
2026-02-02T18:00:14.9074530Z tests/test_analysis.py::TestRecommendationGeneration::test_multiple_recommendations_prioritized PASSED [ 10%]
2026-02-02T18:00:14.9091136Z tests/test_analysis.py::TestFailureGroupDataclass::test_failure_group_creation PASSED [ 10%]
2026-02-02T18:00:14.9106964Z tests/test_analysis.py::TestFlakyTestDataclass::test_flaky_test_creation PASSED [ 11%]
2026-02-02T18:00:14.9123824Z tests/test_analysis.py::TestPlatformFailureDataclass::test_platform_failure_creation PASSED [ 11%]
2026-02-02T18:00:14.9139072Z tests/test_analysis.py::TestRecommendationDataclass::test_recommendation_creation PASSED [ 11%]
2026-02-02T18:00:14.9157831Z tests/test_analysis.py::TestFailureTrendDataclass::test_failure_trend_creation PASSED [ 12%]
2026-02-02T18:00:14.9198627Z tests/test_ci_log_parser.py::TestPytestLogParsing::test_parse_pytest_log_all_passed PASSED [ 12%]
2026-02-02T18:00:14.9224433Z tests/test_ci_log_parser.py::TestPytestLogParsing::test_parse_pytest_log_with_failures PASSED [ 13%]
2026-02-02T18:00:14.9248017Z tests/test_ci_log_parser.py::TestPytestLogParsing::test_parse_pytest_log_with_skipped_tests PASSED [ 13%]
2026-02-02T18:00:14.9266656Z tests/test_ci_log_parser.py::TestPytestLogParsing::test_parse_pytest_log_with_errors PASSED [ 13%]
2026-02-02T18:00:14.9283898Z tests/test_ci_log_parser.py::TestPytestLogParsing::test_parse_pytest_log_with_durations PASSED [ 14%]
2026-02-02T18:00:14.9302279Z tests/test_ci_log_parser.py::TestPytestLogParsing::test_parse_pytest_log_extract_traceback PASSED [ 14%]
2026-02-02T18:00:14.9320335Z tests/test_ci_log_parser.py::TestPytestLogParsing::test_parse_pytest_log_with_parametrized_tests PASSED [ 15%]
2026-02-02T18:00:14.9336378Z tests/test_ci_log_parser.py::TestPytestLogParsing::test_parse_pytest_empty_log PASSED [ 15%]
2026-02-02T18:00:14.9353201Z tests/test_ci_log_parser.py::TestPytestLogParsing::test_parse_pytest_log_no_collection PASSED [ 15%]
2026-02-02T18:00:14.9384207Z tests/test_ci_log_parser.py::TestCoverageLogParsing::test_parse_coverage_log_basic PASSED [ 16%]
2026-02-02T18:00:14.9400937Z tests/test_ci_log_parser.py::TestCoverageLogParsing::test_parse_coverage_log_with_missing_lines PASSED [ 16%]
2026-02-02T18:00:14.9417207Z tests/test_ci_log_parser.py::TestCoverageLogParsing::test_parse_coverage_log_empty PASSED [ 17%]
2026-02-02T18:00:14.9441988Z tests/test_ci_log_parser.py::TestFlake8LogParsing::test_parse_flake8_log_with_violations PASSED [ 17%]
2026-02-02T18:00:14.9457893Z tests/test_ci_log_parser.py::TestFlake8LogParsing::test_parse_flake8_log_no_violations PASSED [ 17%]
2026-02-02T18:00:14.9493527Z tests/test_ci_log_parser.py::TestFailurePatternDetection::test_detect_timeout_pattern PASSED [ 18%]
2026-02-02T18:00:14.9510199Z tests/test_ci_log_parser.py::TestFailurePatternDetection::test_detect_platform_specific_pattern PASSED [ 18%]
2026-02-02T18:00:14.9526950Z tests/test_ci_log_parser.py::TestFailurePatternDetection::test_detect_setup_failure_pattern PASSED [ 19%]
2026-02-02T18:00:14.9543274Z tests/test_ci_log_parser.py::TestFailurePatternDetection::test_detect_import_error_pattern PASSED [ 19%]
2026-02-02T18:00:14.9559660Z tests/test_ci_log_parser.py::TestFailurePatternDetection::test_detect_multiple_patterns PASSED [ 19%]
2026-02-02T18:00:14.9578580Z tests/test_ci_log_parser.py::TestFailurePatternDetection::test_no_patterns_in_successful_log PASSED [ 20%]
2026-02-02T18:00:14.9632845Z tests/test_cli.py::TestCLIArgumentParsing::test_create_parser_returns_argparse_parser PASSED [ 20%]
2026-02-02T18:00:14.9688677Z tests/test_cli.py::TestCLIArgumentParsing::test_parser_has_version_argument PASSED [ 21%]
2026-02-02T18:00:14.9744035Z tests/test_cli.py::TestCLIArgumentParsing::test_parser_has_help_argument PASSED [ 21%]
2026-02-02T18:00:14.9791417Z tests/test_cli.py::TestCLIArgumentParsing::test_parser_requires_subcommand PASSED [ 21%]
2026-02-02T18:00:14.9835985Z tests/test_cli.py::TestLogsCommand::test_logs_command_with_workflow_name PASSED [ 22%]
2026-02-02T18:00:14.9880601Z tests/test_cli.py::TestLogsCommand::test_logs_command_with_limit_option PASSED [ 22%]
2026-02-02T18:00:14.9924435Z tests/test_cli.py::TestLogsCommand::test_logs_command_with_output_option PASSED [ 23%]
2026-02-02T18:00:14.9968465Z tests/test_cli.py::TestLogsCommand::test_logs_command_with_branch_filter PASSED [ 23%]
2026-02-02T18:00:15.0069766Z tests/test_cli.py::TestLogsCommand::test_logs_command_execution PASSED   [ 23%]
2026-02-02T18:00:15.0113849Z tests/test_cli.py::TestAnalyzeCommand::test_analyze_command_with_run_id PASSED [ 24%]
2026-02-02T18:00:15.0156822Z tests/test_cli.py::TestAnalyzeCommand::test_analyze_command_with_format_option PASSED [ 24%]
2026-02-02T18:00:15.0201820Z tests/test_cli.py::TestAnalyzeCommand::test_analyze_command_with_output_file PASSED [ 25%]
2026-02-02T18:00:15.0248023Z tests/test_cli.py::TestAnalyzeCommand::test_analyze_command_with_verbose_flag PASSED [ 25%]
2026-02-02T18:00:15.0375016Z tests/test_cli.py::TestAnalyzeCommand::test_analyze_command_execution PASSED [ 25%]
2026-02-02T18:00:15.0418049Z tests/test_cli.py::TestTrendsCommand::test_trends_command_with_workflow_name PASSED [ 26%]
2026-02-02T18:00:15.0462591Z tests/test_cli.py::TestTrendsCommand::test_trends_command_with_days_option PASSED [ 26%]
2026-02-02T18:00:15.0506426Z tests/test_cli.py::TestTrendsCommand::test_trends_command_with_format_option PASSED [ 27%]
2026-02-02T18:00:15.0607470Z tests/test_cli.py::TestTrendsCommand::test_trends_command_execution PASSED [ 27%]
2026-02-02T18:00:15.0651588Z tests/test_cli.py::TestFlakyCommand::test_flaky_command_no_arguments PASSED [ 27%]
2026-02-02T18:00:15.0696396Z tests/test_cli.py::TestFlakyCommand::test_flaky_command_with_threshold_option PASSED [ 28%]
2026-02-02T18:00:15.0739527Z tests/test_cli.py::TestFlakyCommand::test_flaky_command_with_min_runs_option PASSED [ 28%]
2026-02-02T18:00:15.0783553Z tests/test_cli.py::TestFlakyCommand::test_flaky_command_with_format_option PASSED [ 29%]
2026-02-02T18:00:15.0872556Z tests/test_cli.py::TestFlakyCommand::test_flaky_command_execution PASSED [ 29%]
2026-02-02T18:00:15.0916853Z tests/test_cli.py::TestConfigCommand::test_config_show_command PASSED    [ 29%]
2026-02-02T18:00:15.0962254Z tests/test_cli.py::TestConfigCommand::test_config_set_command_with_key_value PASSED [ 30%]
2026-02-02T18:00:15.1006115Z tests/test_cli.py::TestConfigCommand::test_config_get_command_with_key PASSED [ 30%]
2026-02-02T18:00:15.1080829Z tests/test_cli.py::TestConfigCommand::test_config_show_execution PASSED  [ 31%]
2026-02-02T18:00:15.1153734Z tests/test_cli.py::TestAuthenticationHandling::test_token_from_environment_variable PASSED [ 31%]
2026-02-02T18:00:15.1197607Z tests/test_cli.py::TestAuthenticationHandling::test_token_from_command_line_option PASSED [ 31%]
2026-02-02T18:00:15.1271317Z tests/test_cli.py::TestAuthenticationHandling::test_repo_from_environment_variable PASSED [ 32%]
2026-02-02T18:00:15.1314367Z tests/test_cli.py::TestAuthenticationHandling::test_repo_from_command_line_option PASSED [ 32%]
2026-02-02T18:00:15.1358884Z tests/test_cli.py::TestOutputFormatOptions::test_console_format PASSED   [ 33%]
2026-02-02T18:00:15.1401771Z tests/test_cli.py::TestOutputFormatOptions::test_html_format PASSED      [ 33%]
2026-02-02T18:00:15.1446105Z tests/test_cli.py::TestOutputFormatOptions::test_json_format PASSED      [ 33%]
2026-02-02T18:00:15.1491156Z tests/test_cli.py::TestOutputFormatOptions::test_csv_format PASSED       [ 34%]
2026-02-02T18:00:15.1533434Z tests/test_cli.py::TestOutputFormatOptions::test_default_format_is_console PASSED [ 34%]
2026-02-02T18:00:15.1613538Z tests/test_cli.py::TestErrorHandling::test_missing_token_error PASSED    [ 35%]
2026-02-02T18:00:15.1692532Z tests/test_cli.py::TestErrorHandling::test_invalid_repository_format_error PASSED [ 35%]
2026-02-02T18:00:15.1784334Z tests/test_cli.py::TestErrorHandling::test_network_error_handling PASSED [ 35%]
2026-02-02T18:00:15.1827934Z tests/test_cli.py::TestVerboseOutput::test_verbose_flag_sets_logging_level PASSED [ 36%]
2026-02-02T18:00:15.1871997Z tests/test_cli.py::TestVerboseOutput::test_quiet_flag_sets_logging_level PASSED [ 36%]
2026-02-02T18:00:15.2002604Z tests/test_cli.py::TestCLIIntegration::test_full_analyze_workflow PASSED [ 37%]
2026-02-02T18:00:15.2132757Z tests/test_cli.py::TestCLIIntegration::test_html_report_generation_workflow PASSED [ 37%]
2026-02-02T18:00:15.2178866Z tests/test_cli.py::TestMainFunction::test_main_with_no_arguments_shows_help PASSED [ 37%]
2026-02-02T18:00:15.2223883Z tests/test_cli.py::TestMainFunction::test_main_returns_zero_on_success PASSED [ 38%]
2026-02-02T18:00:15.2272949Z tests/test_cli.py::TestMainFunction::test_main_returns_nonzero_on_error PASSED [ 38%]
2026-02-02T18:00:15.2288837Z tests/test_failure_parser.py::TestFailureLocation::test_failure_location_creation PASSED [ 39%]
2026-02-02T18:00:15.2304034Z tests/test_failure_parser.py::TestFailureLocation::test_failure_location_without_column PASSED [ 39%]
2026-02-02T18:00:15.2320018Z tests/test_failure_parser.py::TestFailureLocation::test_failure_location_string_representation PASSED [ 39%]
2026-02-02T18:00:15.2334940Z tests/test_failure_parser.py::TestStackFrame::test_stack_frame_creation PASSED [ 40%]
2026-02-02T18:00:15.2349209Z tests/test_failure_parser.py::TestStackFrame::test_stack_frame_without_code PASSED [ 40%]
2026-02-02T18:00:15.2364462Z tests/test_failure_parser.py::TestFailureDataclass::test_test_failure_creation PASSED [ 41%]
2026-02-02T18:00:15.2379330Z tests/test_failure_parser.py::TestFailureDataclass::test_test_failure_minimal PASSED [ 41%]
2026-02-02T18:00:15.2405233Z tests/test_failure_parser.py::TestPytestParser::test_parse_pytest_simple_failure PASSED [ 41%]
2026-02-02T18:00:15.2421025Z tests/test_failure_parser.py::TestPytestParser::test_parse_pytest_with_stack_trace PASSED [ 42%]
2026-02-02T18:00:15.2437453Z tests/test_failure_parser.py::TestPytestParser::test_parse_pytest_multiple_failures PASSED [ 42%]
2026-02-02T18:00:15.2452886Z tests/test_failure_parser.py::TestPytestParser::test_parse_pytest_json_output PASSED [ 43%]
2026-02-02T18:00:15.2467827Z tests/test_failure_parser.py::TestPytestParser::test_parse_pytest_parametrized_test PASSED [ 43%]
2026-02-02T18:00:15.2482877Z tests/test_failure_parser.py::TestPytestParser::test_parse_pytest_no_failures PASSED [ 43%]
2026-02-02T18:00:15.2498261Z tests/test_failure_parser.py::TestPytestParser::test_parse_pytest_with_captured_output PASSED [ 44%]
2026-02-02T18:00:15.2516105Z tests/test_failure_parser.py::TestUnittestParser::test_parse_unittest_simple_failure PASSED [ 44%]
2026-02-02T18:00:15.2531213Z tests/test_failure_parser.py::TestUnittestParser::test_parse_unittest_error PASSED [ 45%]
2026-02-02T18:00:15.2546720Z tests/test_failure_parser.py::TestUnittestParser::test_parse_unittest_multiple_failures PASSED [ 45%]
2026-02-02T18:00:15.2561895Z tests/test_failure_parser.py::TestUnittestParser::test_parse_unittest_no_failures PASSED [ 45%]
2026-02-02T18:00:15.2577836Z tests/test_failure_parser.py::TestUnittestParser::test_parse_unittest_with_stack_trace PASSED [ 46%]
2026-02-02T18:00:15.2606124Z tests/test_failure_parser.py::TestGoogleTestParser::test_parse_gtest_simple_failure PASSED [ 46%]
2026-02-02T18:00:15.2636109Z tests/test_failure_parser.py::TestGoogleTestParser::test_parse_gtest_xml_output PASSED [ 47%]
2026-02-02T18:00:15.2651025Z tests/test_failure_parser.py::TestGoogleTestParser::test_parse_gtest_json_output PASSED [ 47%]
2026-02-02T18:00:15.2679691Z tests/test_failure_parser.py::TestGoogleTestParser::test_parse_gtest_multiple_failures PASSED [ 47%]
2026-02-02T18:00:15.2694718Z tests/test_failure_parser.py::TestGoogleTestParser::test_parse_gtest_no_failures PASSED [ 48%]
2026-02-02T18:00:15.2708890Z tests/test_failure_parser.py::TestFailureParser::test_auto_detect_pytest PASSED [ 48%]
2026-02-02T18:00:15.2727569Z tests/test_failure_parser.py::TestFailureParser::test_auto_detect_unittest PASSED [ 49%]
2026-02-02T18:00:15.2751479Z tests/test_failure_parser.py::TestFailureParser::test_auto_detect_gtest PASSED [ 49%]
2026-02-02T18:00:15.2766065Z tests/test_failure_parser.py::TestFailureParser::test_parse_with_explicit_format PASSED [ 49%]
2026-02-02T18:00:15.2781835Z tests/test_failure_parser.py::TestFailureParser::test_parse_empty_output PASSED [ 50%]
2026-02-02T18:00:15.2796793Z tests/test_failure_parser.py::TestFailureParser::test_parse_unknown_format PASSED [ 50%]
2026-02-02T18:00:15.2811868Z tests/test_failure_parser.py::TestFailureParser::test_parse_json_pytest PASSED [ 50%]
2026-02-02T18:00:15.2827468Z tests/test_failure_parser.py::TestFailureParser::test_get_parser_by_format PASSED [ 51%]
2026-02-02T18:00:15.8900568Z tests/test_github_actions_client.py::TestGitHubActionsClient::test_client_initialization PASSED [ 51%]
2026-02-02T18:00:16.4752796Z tests/test_github_actions_client.py::TestGitHubActionsClient::test_fetch_and_store_workflow_runs PASSED [ 52%]
2026-02-02T18:00:17.0329966Z tests/test_github_actions_client.py::TestGitHubActionsClient::test_fetch_duplicate_runs_updates_existing PASSED [ 52%]
2026-02-02T18:00:17.5918835Z tests/test_github_actions_client.py::TestGitHubActionsClient::test_fetch_workflow_jobs PASSED [ 52%]
2026-02-02T18:00:18.1100049Z tests/test_github_actions_client.py::TestGitHubActionsClient::test_parse_job_name_extracts_platform_and_python PASSED [ 53%]
2026-02-02T18:00:18.6515673Z tests/test_github_actions_client.py::TestGitHubActionsClient::test_calculate_duration PASSED [ 53%]
2026-02-02T18:00:19.1860038Z tests/test_github_actions_client.py::TestGitHubActionsClient::test_fetch_jobs_without_run_in_database PASSED [ 54%]
2026-02-02T18:00:19.7094050Z tests/test_github_actions_client.py::TestGitHubActionsClient::test_get_workflow_run_from_database PASSED [ 54%]
2026-02-02T18:00:20.1853188Z tests/test_github_actions_client.py::TestGitHubActionsClient::test_get_nonexistent_workflow_run PASSED [ 54%]
2026-02-02T18:00:20.7138590Z tests/test_github_actions_client.py::TestGitHubActionsClient::test_get_workflow_jobs_from_database PASSED [ 55%]
2026-02-02T18:00:21.1816564Z tests/test_github_actions_client.py::TestGitHubActionsClient::test_list_recent_workflow_runs PASSED [ 55%]
2026-02-02T18:00:21.6517938Z tests/test_github_actions_client.py::TestGitHubActionsClient::test_get_failed_runs PASSED [ 56%]
2026-02-02T18:00:22.1438185Z tests/test_github_actions_client.py::TestGitHubActionsClient::test_extract_run_number_from_metadata PASSED [ 56%]
2026-02-02T18:00:22.1454046Z tests/test_log_retrieval.py::TestLogParser::test_remove_ansi_codes_simple PASSED [ 56%]
2026-02-02T18:00:22.1469439Z tests/test_log_retrieval.py::TestLogParser::test_remove_ansi_codes_multiple PASSED [ 57%]
2026-02-02T18:00:22.1484877Z tests/test_log_retrieval.py::TestLogParser::test_remove_ansi_codes_no_codes PASSED [ 57%]
2026-02-02T18:00:22.1500062Z tests/test_log_retrieval.py::TestLogParser::test_remove_ansi_codes_empty PASSED [ 58%]
2026-02-02T18:00:22.1515386Z tests/test_log_retrieval.py::TestLogParser::test_extract_timestamp_iso8601 PASSED [ 58%]
2026-02-02T18:00:22.1530519Z tests/test_log_retrieval.py::TestLogParser::test_extract_timestamp_iso8601_with_millis PASSED [ 58%]
2026-02-02T18:00:22.1667045Z tests/test_log_retrieval.py::TestLogParser::test_extract_timestamp_space_separated PASSED [ 59%]
2026-02-02T18:00:22.1683024Z tests/test_log_retrieval.py::TestLogParser::test_extract_timestamp_unix PASSED [ 59%]
2026-02-02T18:00:22.1698720Z tests/test_log_retrieval.py::TestLogParser::test_extract_timestamp_no_timestamp PASSED [ 60%]
2026-02-02T18:00:22.1715750Z tests/test_log_retrieval.py::TestLogParser::test_parse_log_lines_simple PASSED [ 60%]
2026-02-02T18:00:22.1730746Z tests/test_log_retrieval.py::TestLogParser::test_parse_log_lines_with_ansi PASSED [ 60%]
2026-02-02T18:00:22.1745902Z tests/test_log_retrieval.py::TestLogParser::test_parse_log_lines_with_timestamps PASSED [ 61%]
2026-02-02T18:00:22.1761522Z tests/test_log_retrieval.py::TestLogParser::test_parse_log_lines_skip_empty PASSED [ 61%]
2026-02-02T18:00:22.1776828Z tests/test_log_retrieval.py::TestLogParser::test_parse_log_lines_empty_input PASSED [ 62%]
2026-02-02T18:00:22.1791894Z tests/test_log_retrieval.py::TestLogParser::test_extract_timestamp_invalid_format PASSED [ 62%]
2026-02-02T18:00:22.1826266Z tests/test_log_retrieval.py::TestLogCache::test_cache_initialization PASSED [ 62%]
2026-02-02T18:00:22.1850960Z tests/test_log_retrieval.py::TestLogCache::test_is_cached_false_for_missing PASSED [ 63%]
2026-02-02T18:00:22.1895029Z tests/test_log_retrieval.py::TestLogCache::test_save_and_load_log PASSED [ 63%]
2026-02-02T18:00:22.1936906Z tests/test_log_retrieval.py::TestLogCache::test_save_log_with_no_timestamps PASSED [ 64%]
2026-02-02T18:00:22.1961136Z tests/test_log_retrieval.py::TestLogCache::test_load_nonexistent_log PASSED [ 64%]
2026-02-02T18:00:22.2040007Z tests/test_log_retrieval.py::TestLogCache::test_clear_specific_run PASSED [ 64%]
2026-02-02T18:00:22.2130284Z tests/test_log_retrieval.py::TestLogCache::test_clear_all_logs PASSED    [ 65%]
2026-02-02T18:00:22.2155583Z tests/test_log_retrieval.py::TestLogRetriever::test_initialization_default_cache_dir PASSED [ 65%]
2026-02-02T18:00:22.2176601Z tests/test_log_retrieval.py::TestLogRetriever::test_initialization_custom_cache_dir PASSED [ 66%]
2026-02-02T18:00:22.2223284Z tests/test_log_retrieval.py::TestLogRetriever::test_get_logs_from_provider PASSED [ 66%]
2026-02-02T18:00:22.2269662Z tests/test_log_retrieval.py::TestLogRetriever::test_get_logs_from_cache PASSED [ 66%]
2026-02-02T18:00:22.2323701Z tests/test_log_retrieval.py::TestLogRetriever::test_get_logs_bypasses_cache_when_disabled PASSED [ 67%]
2026-02-02T18:00:22.2384208Z tests/test_log_retrieval.py::TestLogRetriever::test_get_all_job_logs PASSED [ 67%]
2026-02-02T18:00:22.2431017Z tests/test_log_retrieval.py::TestLogRetriever::test_get_all_job_logs_handles_errors PASSED [ 68%]
2026-02-02T18:00:22.2476252Z tests/test_log_retrieval.py::TestLogRetriever::test_get_logs_with_no_job_found PASSED [ 68%]
2026-02-02T18:00:22.2520523Z tests/test_log_retrieval.py::TestLogRetriever::test_cache_save_creates_directory_structure PASSED [ 68%]
2026-02-02T18:00:22.2562850Z tests/test_log_retrieval.py::TestLogRetriever::test_load_with_invalid_timestamp_in_cache PASSED [ 69%]
2026-02-02T18:00:22.2579087Z tests/test_log_retrieval.py::TestWorkflowLog::test_workflow_log_creation PASSED [ 69%]
2026-02-02T18:00:22.2598947Z tests/test_providers.py::TestCIProviderInterface::test_provider_interface_is_abstract PASSED [ 70%]
2026-02-02T18:00:22.2615350Z tests/test_providers.py::TestCIProviderInterface::test_provider_interface_requires_get_workflow_runs PASSED [ 70%]
2026-02-02T18:00:22.2631308Z tests/test_providers.py::TestCIProviderInterface::test_provider_interface_requires_get_workflow_run PASSED [ 70%]
2026-02-02T18:00:22.2647129Z tests/test_providers.py::TestCIProviderInterface::test_provider_interface_requires_get_jobs PASSED [ 71%]
2026-02-02T18:00:22.2663501Z tests/test_providers.py::TestCIProviderInterface::test_provider_interface_requires_get_logs PASSED [ 71%]
2026-02-02T18:00:22.2678236Z tests/test_providers.py::TestWorkflowRunModel::test_workflow_run_creation_with_all_fields PASSED [ 72%]
2026-02-02T18:00:22.2693670Z tests/test_providers.py::TestWorkflowRunModel::test_workflow_run_creation_with_optional_fields PASSED [ 72%]
2026-02-02T18:00:22.2708712Z tests/test_providers.py::TestJobModel::test_job_creation_with_all_fields PASSED [ 72%]
2026-02-02T18:00:22.2723887Z tests/test_providers.py::TestJobModel::test_job_creation_with_optional_fields PASSED [ 73%]
2026-02-02T18:00:22.2738729Z tests/test_providers.py::TestLogEntryModel::test_log_entry_creation PASSED [ 73%]
2026-02-02T18:00:22.2753962Z tests/test_providers.py::TestGitHubActionsProvider::test_github_actions_provider_initialization PASSED [ 74%]
2026-02-02T18:00:22.2769334Z tests/test_providers.py::TestGitHubActionsProvider::test_github_actions_provider_initialization_without_token PASSED [ 74%]
2026-02-02T18:00:22.2805272Z tests/test_providers.py::TestGitHubActionsProvider::test_get_workflow_runs_success PASSED [ 74%]
2026-02-02T18:00:22.2836715Z tests/test_providers.py::TestGitHubActionsProvider::test_get_workflow_run_success PASSED [ 75%]
2026-02-02T18:00:22.2865761Z tests/test_providers.py::TestGitHubActionsProvider::test_get_jobs_success PASSED [ 75%]
2026-02-02T18:00:22.2892755Z tests/test_providers.py::TestGitHubActionsProvider::test_get_logs_success PASSED [ 76%]
2026-02-02T18:00:22.2923297Z tests/test_providers.py::TestGitHubActionsProvider::test_authentication_with_token PASSED [ 76%]
2026-02-02T18:00:22.2951664Z tests/test_providers.py::TestGitHubActionsProvider::test_authentication_without_token PASSED [ 76%]
2026-02-02T18:00:22.2980473Z tests/test_providers.py::TestGitHubActionsProvider::test_rate_limiting_error_handling PASSED [ 77%]
2026-02-02T18:00:22.3007343Z tests/test_providers.py::TestGitHubActionsProvider::test_404_not_found_error_handling PASSED [ 77%]
2026-02-02T18:00:22.3029633Z tests/test_providers.py::TestGitHubActionsProvider::test_network_timeout_error_handling PASSED [ 78%]
2026-02-02T18:00:22.3052158Z tests/test_providers.py::TestGitHubActionsProvider::test_generic_request_error_handling PASSED [ 78%]
2026-02-02T18:00:22.3083258Z tests/test_providers.py::TestGitHubActionsProvider::test_malformed_response_handling PASSED [ 78%]
2026-02-02T18:00:22.3112357Z tests/test_providers.py::TestGitHubActionsProvider::test_pagination_support PASSED [ 79%]
2026-02-02T18:00:22.3142417Z tests/test_providers.py::TestGitHubActionsProvider::test_workflow_name_filtering PASSED [ 79%]
2026-02-02T18:00:22.3170760Z tests/test_providers.py::TestGitHubActionsProvider::test_get_logs_with_invalid_timestamps PASSED [ 80%]
2026-02-02T18:00:22.3199756Z tests/test_providers.py::TestGitHubActionsProvider::test_get_logs_with_empty_lines PASSED [ 80%]
2026-02-02T18:00:22.3214852Z tests/test_reporting.py::TestReportFormatter::test_format_duration_ms PASSED [ 80%]
2026-02-02T18:00:22.3229942Z tests/test_reporting.py::TestReportFormatter::test_format_duration_none PASSED [ 81%]
2026-02-02T18:00:22.3245665Z tests/test_reporting.py::TestReportFormatter::test_format_timestamp PASSED [ 81%]
2026-02-02T18:00:22.3260788Z tests/test_reporting.py::TestReportFormatter::test_format_percentage PASSED [ 82%]
2026-02-02T18:00:22.3276239Z tests/test_reporting.py::TestReportFormatter::test_truncate_message PASSED [ 82%]
2026-02-02T18:00:22.3291418Z tests/test_reporting.py::TestConsoleReporter::test_generate_failure_summary_empty PASSED [ 82%]
2026-02-02T18:00:22.3307690Z tests/test_reporting.py::TestConsoleReporter::test_generate_failure_summary_with_failures PASSED [ 83%]
2026-02-02T18:00:22.3323169Z tests/test_reporting.py::TestConsoleReporter::test_generate_failure_summary_with_colors PASSED [ 83%]
2026-02-02T18:00:22.3338700Z tests/test_reporting.py::TestConsoleReporter::test_generate_flaky_test_report PASSED [ 84%]
2026-02-02T18:00:22.3354796Z tests/test_reporting.py::TestConsoleReporter::test_generate_platform_comparison PASSED [ 84%]
2026-02-02T18:00:22.3370404Z tests/test_reporting.py::TestConsoleReporter::test_generate_recommendations_report PASSED [ 84%]
2026-02-02T18:00:22.3385751Z tests/test_reporting.py::TestConsoleReporter::test_color_detection_auto PASSED [ 85%]
2026-02-02T18:00:22.3401813Z tests/test_reporting.py::TestHtmlReporter::test_generate_html_report_basic PASSED [ 85%]
2026-02-02T18:00:22.3418146Z tests/test_reporting.py::TestHtmlReporter::test_generate_html_report_with_timeline PASSED [ 86%]
2026-02-02T18:00:22.3434177Z tests/test_reporting.py::TestHtmlReporter::test_generate_html_with_flaky_tests PASSED [ 86%]
2026-02-02T18:00:22.3449580Z tests/test_reporting.py::TestHtmlReporter::test_generate_html_with_platform_comparison PASSED [ 86%]
2026-02-02T18:00:22.3512931Z tests/test_reporting.py::TestHtmlReporter::test_save_html_report_to_file PASSED [ 87%]
2026-02-02T18:00:22.3528471Z tests/test_reporting.py::TestHtmlReporter::test_html_escaping PASSED     [ 87%]
2026-02-02T18:00:22.3550018Z tests/test_reporting.py::TestJsonExporter::test_export_failures_to_json PASSED [ 88%]
2026-02-02T18:00:22.3566264Z tests/test_reporting.py::TestJsonExporter::test_export_flaky_tests_to_json PASSED [ 88%]
2026-02-02T18:00:22.3585795Z tests/test_reporting.py::TestJsonExporter::test_export_complete_analysis_to_json PASSED [ 88%]
2026-02-02T18:00:22.3623323Z tests/test_reporting.py::TestJsonExporter::test_save_json_to_file PASSED [ 89%]
2026-02-02T18:00:22.3640125Z tests/test_reporting.py::TestJsonExporter::test_json_indentation PASSED  [ 89%]
2026-02-02T18:00:22.3655587Z tests/test_reporting.py::TestCsvExporter::test_export_failures_to_csv PASSED [ 90%]
2026-02-02T18:00:22.3670564Z tests/test_reporting.py::TestCsvExporter::test_export_flaky_tests_to_csv PASSED [ 90%]
2026-02-02T18:00:22.3707317Z tests/test_reporting.py::TestCsvExporter::test_save_csv_to_file PASSED   [ 90%]
2026-02-02T18:00:22.3722797Z tests/test_reporting.py::TestCsvExporter::test_csv_escaping PASSED       [ 91%]
2026-02-02T18:00:22.3789223Z tests/test_reporting.py::TestReportIntegration::test_generate_all_formats PASSED [ 91%]
2026-02-02T18:00:22.3806156Z tests/test_reporting.py::TestReportIntegration::test_empty_failures_all_formats PASSED [ 92%]
2026-02-02T18:00:22.3937166Z tests/test_storage.py::TestWorkflowRun::test_create_workflow_run PASSED  [ 92%]
2026-02-02T18:00:22.4058514Z tests/test_storage.py::TestWorkflowRun::test_workflow_run_unique_constraint PASSED [ 92%]
2026-02-02T18:00:22.4076053Z tests/test_storage.py::TestWorkflowRun::test_workflow_run_repr PASSED    [ 93%]
2026-02-02T18:00:22.4234214Z tests/test_storage.py::TestWorkflowRun::test_workflow_run_relationship_to_jobs PASSED [ 93%]
2026-02-02T18:00:22.4463615Z tests/test_storage.py::TestWorkflowRun::test_workflow_run_cascade_delete PASSED [ 94%]
2026-02-02T18:00:22.4604397Z tests/test_storage.py::TestWorkflowJob::test_create_workflow_job PASSED  [ 94%]
2026-02-02T18:00:22.4729197Z tests/test_storage.py::TestWorkflowJob::test_workflow_job_unique_constraint PASSED [ 94%]
2026-02-02T18:00:22.4746642Z tests/test_storage.py::TestWorkflowJob::test_workflow_job_repr PASSED    [ 95%]
2026-02-02T18:00:22.4902791Z tests/test_storage.py::TestWorkflowJob::test_workflow_job_foreign_key PASSED [ 95%]
2026-02-02T18:00:22.5061700Z tests/test_storage.py::TestWorkflowTestResult::test_create_test_result PASSED [ 96%]
2026-02-02T18:00:22.5077868Z tests/test_storage.py::TestWorkflowTestResult::test_test_result_repr PASSED [ 96%]
2026-02-02T18:00:22.5340310Z tests/test_storage.py::TestWorkflowTestResult::test_test_result_cascade_delete PASSED [ 96%]
2026-02-02T18:00:22.5474215Z tests/test_storage.py::TestCIFailurePattern::test_create_failure_pattern PASSED [ 97%]
2026-02-02T18:00:22.5489484Z tests/test_storage.py::TestCIFailurePattern::test_failure_pattern_repr PASSED [ 97%]
2026-02-02T18:00:22.5532888Z tests/test_storage.py::TestDatabaseManager::test_create_database_manager PASSED [ 98%]
2026-02-02T18:00:22.9990496Z tests/test_storage.py::TestDatabaseManager::test_initialize_database PASSED [ 98%]
2026-02-02T18:00:23.0026404Z tests/test_storage.py::TestDatabaseManager::test_get_session_without_initialize PASSED [ 98%]
2026-02-02T18:00:24.1056230Z tests/test_storage.py::TestDatabaseManager::test_reset_database PASSED   [ 99%]
2026-02-02T18:00:24.5757312Z tests/test_storage.py::TestDatabaseManager::test_context_manager PASSED  [ 99%]
2026-02-02T18:00:25.6186073Z tests/test_storage.py::TestDatabaseManager::test_in_memory_database PASSED [100%]
2026-02-02T18:00:25.6186627Z 
2026-02-02T18:00:25.6186841Z =============================== tests coverage ================================
2026-02-02T18:00:25.6188177Z ______________ coverage: platform win32, python 3.10.11-final-0 _______________
2026-02-02T18:00:25.6188676Z 
2026-02-02T18:00:25.6188873Z Name                                Stmts   Miss  Cover   Missing
2026-02-02T18:00:25.6189438Z -----------------------------------------------------------------
2026-02-02T18:00:25.6189872Z scout\__init__.py                       2      0   100%
2026-02-02T18:00:25.6190289Z scout\analysis.py                     153      1    99%   385
2026-02-02T18:00:25.6190705Z scout\ci\__init__.py                    2      0   100%
2026-02-02T18:00:25.6191132Z scout\ci\github_actions_client.py      84      5    94%   162-168
2026-02-02T18:00:25.6191994Z scout\failure_parser.py               314     22    93%   36, 129, 171, 183-188, 227, 239, 250, 266-267, 296-297, 397-398, 466, 581, 595-596, 704
2026-02-02T18:00:25.6192663Z scout\log_retrieval.py                146      0   100%
2026-02-02T18:00:25.6193061Z scout\parsers\__init__.py               2      0   100%
2026-02-02T18:00:25.6193667Z scout\parsers\ci_log_parser.py         96      4    96%   146, 204, 234, 318
2026-02-02T18:00:25.6194483Z scout\providers\__init__.py             3      0   100%
2026-02-02T18:00:25.6194864Z scout\providers\base.py                30      0   100%
2026-02-02T18:00:25.6195208Z scout\providers\github_actions.py      72      0   100%
2026-02-02T18:00:25.6195748Z scout\reporting.py                    265     20    92%   131, 136-141, 191, 198-199, 255-256, 293-294, 527, 532-533, 663, 665, 668, 671, 736
2026-02-02T18:00:25.6196295Z scout\storage\__init__.py               3      0   100%
2026-02-02T18:00:25.6196679Z scout\storage\database.py              45      7    84%   51-53, 71-73, 121
2026-02-02T18:00:25.6197086Z scout\storage\schema.py                69      0   100%
2026-02-02T18:00:25.6197432Z -----------------------------------------------------------------
2026-02-02T18:00:25.6197768Z TOTAL                                1286     59    95%
2026-02-02T18:00:25.6198064Z Coverage HTML written to dir htmlcov
2026-02-02T18:00:25.6198331Z Coverage XML written to file coverage.xml
2026-02-02T18:00:25.6198674Z Required test coverage of 90% reached. Total coverage: 95.41%
2026-02-02T18:00:25.6199058Z ============================ 251 passed in 11.92s =============================
2026-02-02T18:00:25.8486769Z ##[group]Run actions/upload-artifact@v4
2026-02-02T18:00:25.8487079Z with:
2026-02-02T18:00:25.8487282Z   name: coverage-scout-windows-latest-py3.10
2026-02-02T18:00:25.8487551Z   path: ./scout/coverage.xml
2026-02-02T18:00:25.8487787Z   retention-days: 30
2026-02-02T18:00:25.8488113Z   if-no-files-found: warn
2026-02-02T18:00:25.8488353Z   compression-level: 6
2026-02-02T18:00:25.8488529Z   overwrite: false
2026-02-02T18:00:25.8488709Z   include-hidden-files: false
2026-02-02T18:00:25.8488896Z env:
2026-02-02T18:00:25.8489131Z   pythonLocation: C:\hostedtoolcache\windows\Python\3.10.11\x64
2026-02-02T18:00:25.8489566Z   PKG_CONFIG_PATH: C:\hostedtoolcache\windows\Python\3.10.11\x64/lib/pkgconfig
2026-02-02T18:00:25.8489972Z   Python_ROOT_DIR: C:\hostedtoolcache\windows\Python\3.10.11\x64
2026-02-02T18:00:25.8490344Z   Python2_ROOT_DIR: C:\hostedtoolcache\windows\Python\3.10.11\x64
2026-02-02T18:00:25.8490733Z   Python3_ROOT_DIR: C:\hostedtoolcache\windows\Python\3.10.11\x64
2026-02-02T18:00:25.8491012Z ##[endgroup]
2026-02-02T18:00:26.1482471Z With the provided path, there will be 1 file uploaded
2026-02-02T18:00:26.1490195Z Artifact name is valid!
2026-02-02T18:00:26.1493460Z Root directory input is valid!
2026-02-02T18:00:26.4856655Z Beginning upload of artifact content to blob storage
2026-02-02T18:00:26.8038593Z Uploaded bytes 3924
2026-02-02T18:00:26.8904740Z Finished uploading artifact content to blob storage!
2026-02-02T18:00:26.8908766Z SHA256 digest of uploaded artifact zip is 6592a8740756eba8148f6a90b7bdb5de4a5d8cfeb8ab8c99c7886a880fa5fc1d
2026-02-02T18:00:26.8911107Z Finalizing artifact upload
2026-02-02T18:00:27.1219780Z Artifact coverage-scout-windows-latest-py3.10.zip successfully finalized. Artifact ID 5347570383
2026-02-02T18:00:27.1221286Z Artifact coverage-scout-windows-latest-py3.10 has been successfully uploaded! Final size is 3924 bytes. Artifact ID is 5347570383
2026-02-02T18:00:27.1234670Z Artifact download URL: https://github.com/lmvcruz/argos/actions/runs/21601435348/artifacts/5347570383
2026-02-02T18:00:27.1524565Z Post job cleanup.
2026-02-02T18:00:27.3813200Z Post job cleanup.
2026-02-02T18:00:27.6296173Z [command]"C:\Program Files\Git\bin\git.exe" version
2026-02-02T18:00:27.6574838Z git version 2.52.0.windows.1
2026-02-02T18:00:27.6655019Z Temporarily overriding HOME='D:\a\_temp\66833eaa-9ac4-4dfe-97d3-241c6b63f984' before making global git config changes
2026-02-02T18:00:27.6656164Z Adding repository directory to the temporary git global config as a safe directory
2026-02-02T18:00:27.6666998Z [command]"C:\Program Files\Git\bin\git.exe" config --global --add safe.directory D:\a\argos\argos
2026-02-02T18:00:27.6981810Z [command]"C:\Program Files\Git\bin\git.exe" config --local --name-only --get-regexp core\.sshCommand
2026-02-02T18:00:27.7278675Z [command]"C:\Program Files\Git\bin\git.exe" submodule foreach --recursive "sh -c \"git config --local --name-only --get-regexp 'core\.sshCommand' && git config --local --unset-all 'core.sshCommand' || :\""
2026-02-02T18:00:28.2871097Z [command]"C:\Program Files\Git\bin\git.exe" config --local --name-only --get-regexp http\.https\:\/\/github\.com\/\.extraheader
2026-02-02T18:00:28.3136579Z http.https://github.com/.extraheader
2026-02-02T18:00:28.3186213Z [command]"C:\Program Files\Git\bin\git.exe" config --local --unset-all http.https://github.com/.extraheader
2026-02-02T18:00:28.3505504Z [command]"C:\Program Files\Git\bin\git.exe" submodule foreach --recursive "sh -c \"git config --local --name-only --get-regexp 'http\.https\:\/\/github\.com\/\.extraheader' && git config --local --unset-all 'http.https://github.com/.extraheader' || :\""
2026-02-02T18:00:28.8784386Z [command]"C:\Program Files\Git\bin\git.exe" config --local --name-only --get-regexp ^includeIf\.gitdir:
2026-02-02T18:00:28.9079412Z [command]"C:\Program Files\Git\bin\git.exe" submodule foreach --recursive "git config --local --show-origin --name-only --get-regexp remote.origin.url"
2026-02-02T18:00:29.4618172Z Cleaning up orphan processes
