2026-02-02T18:01:07.5632824Z Current runner version: '2.331.0'
2026-02-02T18:01:07.5658971Z ##[group]Runner Image Provisioner
2026-02-02T18:01:07.5659752Z Hosted Compute Agent
2026-02-02T18:01:07.5660403Z Version: 20260123.484
2026-02-02T18:01:07.5660960Z Commit: 6bd6555ca37d84114959e1c76d2c01448ff61c5d
2026-02-02T18:01:07.5661935Z Build Date: 2026-01-23T19:41:17Z
2026-02-02T18:01:07.5662823Z Worker ID: {4467e3a3-a305-43ba-b56d-3372ba4a3f0b}
2026-02-02T18:01:07.5663510Z Azure Region: centralus
2026-02-02T18:01:07.5664051Z ##[endgroup]
2026-02-02T18:01:07.5665685Z ##[group]Operating System
2026-02-02T18:01:07.5666313Z Ubuntu
2026-02-02T18:01:07.5666746Z 24.04.3
2026-02-02T18:01:07.5667305Z LTS
2026-02-02T18:01:07.5667719Z ##[endgroup]
2026-02-02T18:01:07.5668264Z ##[group]Runner Image
2026-02-02T18:01:07.5668850Z Image: ubuntu-24.04
2026-02-02T18:01:07.5669326Z Version: 20260126.10.1
2026-02-02T18:01:07.5670464Z Included Software: https://github.com/actions/runner-images/blob/ubuntu24/20260126.10/images/ubuntu/Ubuntu2404-Readme.md
2026-02-02T18:01:07.5672506Z Image Release: https://github.com/actions/runner-images/releases/tag/ubuntu24%2F20260126.10
2026-02-02T18:01:07.5673388Z ##[endgroup]
2026-02-02T18:01:07.5674555Z ##[group]GITHUB_TOKEN Permissions
2026-02-02T18:01:07.5676697Z Contents: read
2026-02-02T18:01:07.5677304Z Metadata: read
2026-02-02T18:01:07.5677801Z Packages: read
2026-02-02T18:01:07.5678291Z ##[endgroup]
2026-02-02T18:01:07.5680326Z Secret source: Actions
2026-02-02T18:01:07.5681410Z Prepare workflow directory
2026-02-02T18:01:07.6093056Z Prepare all required actions
2026-02-02T18:01:07.6131780Z Getting action download info
2026-02-02T18:01:08.0241504Z Download action repository 'actions/checkout@v4' (SHA:34e114876b0b11c390a56381ad16ebd13914f8d5)
2026-02-02T18:01:08.4280644Z Download action repository 'actions/setup-python@v5' (SHA:a26af69be951a213d495a4c3e4e4022e16d87065)
2026-02-02T18:01:08.5518443Z Download action repository 'codecov/codecov-action@v4' (SHA:b9fd7d16f6d7d1b5d2bec1a2887e65ceed900238)
2026-02-02T18:01:09.0685382Z Download action repository 'actions/upload-artifact@v4' (SHA:ea165f8d65b6e75b540449e92b4886f43607fa02)
2026-02-02T18:01:09.3900418Z Complete job name: Test Python 3.9 on ubuntu-latest
2026-02-02T18:01:09.4662836Z ##[group]Run actions/checkout@v4
2026-02-02T18:01:09.4664170Z with:
2026-02-02T18:01:09.4664883Z   repository: lmvcruz/argos
2026-02-02T18:01:09.4666078Z   token: ***
2026-02-02T18:01:09.4666779Z   ssh-strict: true
2026-02-02T18:01:09.4667511Z   ssh-user: git
2026-02-02T18:01:09.4668251Z   persist-credentials: true
2026-02-02T18:01:09.4669090Z   clean: true
2026-02-02T18:01:09.4669846Z   sparse-checkout-cone-mode: true
2026-02-02T18:01:09.4670773Z   fetch-depth: 1
2026-02-02T18:01:09.4671687Z   fetch-tags: false
2026-02-02T18:01:09.4672433Z   show-progress: true
2026-02-02T18:01:09.4673189Z   lfs: false
2026-02-02T18:01:09.4673884Z   submodules: false
2026-02-02T18:01:09.4674651Z   set-safe-directory: true
2026-02-02T18:01:09.4675805Z ##[endgroup]
2026-02-02T18:01:09.5884639Z Syncing repository: lmvcruz/argos
2026-02-02T18:01:09.5888381Z ##[group]Getting Git version info
2026-02-02T18:01:09.5890349Z Working directory is '/home/runner/work/argos/argos'
2026-02-02T18:01:09.5893642Z [command]/usr/bin/git version
2026-02-02T18:01:09.7050613Z git version 2.52.0
2026-02-02T18:01:09.7079652Z ##[endgroup]
2026-02-02T18:01:09.7095129Z Temporarily overriding HOME='/home/runner/work/_temp/b8210010-d12a-4cd4-94a7-d32fe48ab4bd' before making global git config changes
2026-02-02T18:01:09.7098581Z Adding repository directory to the temporary git global config as a safe directory
2026-02-02T18:01:09.7107768Z [command]/usr/bin/git config --global --add safe.directory /home/runner/work/argos/argos
2026-02-02T18:01:09.7189078Z Deleting the contents of '/home/runner/work/argos/argos'
2026-02-02T18:01:09.7192947Z ##[group]Initializing the repository
2026-02-02T18:01:09.7198100Z [command]/usr/bin/git init /home/runner/work/argos/argos
2026-02-02T18:01:09.7707284Z hint: Using 'master' as the name for the initial branch. This default branch name
2026-02-02T18:01:09.7709632Z hint: will change to "main" in Git 3.0. To configure the initial branch name
2026-02-02T18:01:09.7711429Z hint: to use in all of your new repositories, which will suppress this warning,
2026-02-02T18:01:09.7713146Z hint: call:
2026-02-02T18:01:09.7713833Z hint:
2026-02-02T18:01:09.7714713Z hint: 	git config --global init.defaultBranch <name>
2026-02-02T18:01:09.7715820Z hint:
2026-02-02T18:01:09.7716839Z hint: Names commonly chosen instead of 'master' are 'main', 'trunk' and
2026-02-02T18:01:09.7718580Z hint: 'development'. The just-created branch can be renamed via this command:
2026-02-02T18:01:09.7719948Z hint:
2026-02-02T18:01:09.7720638Z hint: 	git branch -m <name>
2026-02-02T18:01:09.7721458Z hint:
2026-02-02T18:01:09.7722736Z hint: Disable this message with "git config set advice.defaultBranchName false"
2026-02-02T18:01:09.7745556Z Initialized empty Git repository in /home/runner/work/argos/argos/.git/
2026-02-02T18:01:09.7759525Z [command]/usr/bin/git remote add origin https://github.com/lmvcruz/argos
2026-02-02T18:01:09.7842654Z ##[endgroup]
2026-02-02T18:01:09.7844278Z ##[group]Disabling automatic garbage collection
2026-02-02T18:01:09.7846942Z [command]/usr/bin/git config --local gc.auto 0
2026-02-02T18:01:09.7880196Z ##[endgroup]
2026-02-02T18:01:09.7882627Z ##[group]Setting up auth
2026-02-02T18:01:09.7888694Z [command]/usr/bin/git config --local --name-only --get-regexp core\.sshCommand
2026-02-02T18:01:09.7920886Z [command]/usr/bin/git submodule foreach --recursive sh -c "git config --local --name-only --get-regexp 'core\.sshCommand' && git config --local --unset-all 'core.sshCommand' || :"
2026-02-02T18:01:09.9688019Z [command]/usr/bin/git config --local --name-only --get-regexp http\.https\:\/\/github\.com\/\.extraheader
2026-02-02T18:01:09.9723159Z [command]/usr/bin/git submodule foreach --recursive sh -c "git config --local --name-only --get-regexp 'http\.https\:\/\/github\.com\/\.extraheader' && git config --local --unset-all 'http.https://github.com/.extraheader' || :"
2026-02-02T18:01:09.9946284Z [command]/usr/bin/git config --local --name-only --get-regexp ^includeIf\.gitdir:
2026-02-02T18:01:09.9977003Z [command]/usr/bin/git submodule foreach --recursive git config --local --show-origin --name-only --get-regexp remote.origin.url
2026-02-02T18:01:10.0226385Z [command]/usr/bin/git config --local http.https://github.com/.extraheader AUTHORIZATION: basic ***
2026-02-02T18:01:10.0262709Z ##[endgroup]
2026-02-02T18:01:10.0264927Z ##[group]Fetching the repository
2026-02-02T18:01:10.0273958Z [command]/usr/bin/git -c protocol.version=2 fetch --no-tags --prune --no-recurse-submodules --depth=1 origin +5563a4bf4fc378de14842c14efad0d4117ca0a1e:refs/remotes/origin/main
2026-02-02T18:01:10.7980197Z From https://github.com/lmvcruz/argos
2026-02-02T18:01:10.7982942Z  * [new ref]         5563a4bf4fc378de14842c14efad0d4117ca0a1e -> origin/main
2026-02-02T18:01:10.8071938Z ##[endgroup]
2026-02-02T18:01:10.8072877Z ##[group]Determining the checkout info
2026-02-02T18:01:10.8074383Z ##[endgroup]
2026-02-02T18:01:10.8080072Z [command]/usr/bin/git sparse-checkout disable
2026-02-02T18:01:10.8180045Z [command]/usr/bin/git config --local --unset-all extensions.worktreeConfig
2026-02-02T18:01:10.8211310Z ##[group]Checking out the ref
2026-02-02T18:01:10.8213868Z [command]/usr/bin/git checkout --progress --force -B main refs/remotes/origin/main
2026-02-02T18:01:10.8532094Z Switched to a new branch 'main'
2026-02-02T18:01:10.8532988Z branch 'main' set up to track 'origin/main'.
2026-02-02T18:01:10.8540871Z ##[endgroup]
2026-02-02T18:01:10.8581296Z [command]/usr/bin/git log -1 --format=%H
2026-02-02T18:01:10.8605359Z 5563a4bf4fc378de14842c14efad0d4117ca0a1e
2026-02-02T18:01:10.8851462Z ##[group]Run actions/setup-python@v5
2026-02-02T18:01:10.8852051Z with:
2026-02-02T18:01:10.8852311Z   python-version: 3.9
2026-02-02T18:01:10.8852596Z   check-latest: false
2026-02-02T18:01:10.8853025Z   token: ***
2026-02-02T18:01:10.8853287Z   update-environment: true
2026-02-02T18:01:10.8853868Z   allow-prereleases: false
2026-02-02T18:01:10.8854165Z   freethreaded: false
2026-02-02T18:01:10.8854426Z ##[endgroup]
2026-02-02T18:01:11.0580893Z ##[group]Installed versions
2026-02-02T18:01:11.1088344Z Version 3.9 was not found in the local cache
2026-02-02T18:01:11.7680059Z Version 3.9 is available for downloading
2026-02-02T18:01:11.7681301Z Download from "https://github.com/actions/python-versions/releases/download/3.9.25-19039189640/python-3.9.25-linux-24.04-x64.tar.gz"
2026-02-02T18:01:12.5517202Z Extract downloaded archive
2026-02-02T18:01:12.5621786Z [command]/usr/bin/tar xz --warning=no-unknown-keyword --overwrite -C /home/runner/work/_temp/b9b22926-67fa-4a9f-9e65-cdf85ca76661 -f /home/runner/work/_temp/a44a22e9-9636-43de-8e0e-e959b1a3e0e1
2026-02-02T18:01:13.9594547Z Execute installation script
2026-02-02T18:01:13.9687255Z Check if Python hostedtoolcache folder exist...
2026-02-02T18:01:13.9687927Z Create Python 3.9.25 folder
2026-02-02T18:01:13.9700367Z Copy Python binaries to hostedtoolcache folder
2026-02-02T18:01:14.5071183Z Create additional symlinks (Required for the UsePythonVersion Azure Pipelines task and the setup-python GitHub Action)
2026-02-02T18:01:14.5114666Z Upgrading pip...
2026-02-02T18:01:17.2071291Z Looking in links: /tmp/tmp8vfk2hw4
2026-02-02T18:01:17.2076254Z Requirement already satisfied: setuptools in /opt/hostedtoolcache/Python/3.9.25/x64/lib/python3.9/site-packages (79.0.1)
2026-02-02T18:01:17.2080081Z Requirement already satisfied: pip in /opt/hostedtoolcache/Python/3.9.25/x64/lib/python3.9/site-packages (23.0.1)
2026-02-02T18:01:19.5536051Z Collecting pip
2026-02-02T18:01:19.6227846Z Downloading pip-26.0-py3-none-any.whl (1.8 MB)
2026-02-02T18:01:19.7930828Z ━━━━━━━━━━━━━━━━━━━━━━━━━━━━━━━━━━━━━━━━ 1.8/1.8 MB 10.7 MB/s eta 0:00:00
2026-02-02T18:01:19.7934372Z 
2026-02-02T18:01:19.8603437Z Installing collected packages: pip
2026-02-02T18:01:19.8610693Z Attempting uninstall: pip
2026-02-02T18:01:19.8613743Z Found existing installation: pip 23.0.1
2026-02-02T18:01:20.0478735Z Uninstalling pip-23.0.1:
2026-02-02T18:01:20.0552732Z Successfully uninstalled pip-23.0.1
2026-02-02T18:01:20.9405063Z Successfully installed pip-26.0
2026-02-02T18:01:20.9998356Z Create complete file
2026-02-02T18:01:21.0046637Z Successfully set up CPython (3.9.25)
2026-02-02T18:01:21.0048007Z ##[endgroup]
2026-02-02T18:01:21.0178367Z ##[group]Run python -m pip install --upgrade pip
2026-02-02T18:01:21.0178840Z [36;1mpython -m pip install --upgrade pip[0m
2026-02-02T18:01:21.0179161Z [36;1mpip install -e ".[dev]"[0m
2026-02-02T18:01:21.0218355Z shell: /usr/bin/bash -e {0}
2026-02-02T18:01:21.0218620Z env:
2026-02-02T18:01:21.0218897Z   pythonLocation: /opt/hostedtoolcache/Python/3.9.25/x64
2026-02-02T18:01:21.0219371Z   PKG_CONFIG_PATH: /opt/hostedtoolcache/Python/3.9.25/x64/lib/pkgconfig
2026-02-02T18:01:21.0219831Z   Python_ROOT_DIR: /opt/hostedtoolcache/Python/3.9.25/x64
2026-02-02T18:01:21.0220226Z   Python2_ROOT_DIR: /opt/hostedtoolcache/Python/3.9.25/x64
2026-02-02T18:01:21.0220627Z   Python3_ROOT_DIR: /opt/hostedtoolcache/Python/3.9.25/x64
2026-02-02T18:01:21.0221060Z   LD_LIBRARY_PATH: /opt/hostedtoolcache/Python/3.9.25/x64/lib
2026-02-02T18:01:21.0221394Z ##[endgroup]
2026-02-02T18:01:21.8468963Z Requirement already satisfied: pip in /opt/hostedtoolcache/Python/3.9.25/x64/lib/python3.9/site-packages (26.0)
2026-02-02T18:01:22.5134497Z Obtaining file:///home/runner/work/argos/argos/scout
2026-02-02T18:01:22.5168775Z   Installing build dependencies: started
2026-02-02T18:01:23.8244536Z   Installing build dependencies: finished with status 'done'
2026-02-02T18:01:23.8256360Z   Checking if build backend supports build_editable: started
2026-02-02T18:01:24.1672913Z   Checking if build backend supports build_editable: finished with status 'done'
2026-02-02T18:01:24.1684764Z   Getting requirements to build editable: started
2026-02-02T18:01:24.5601081Z   Getting requirements to build editable: finished with status 'done'
2026-02-02T18:01:24.5615740Z   Preparing editable metadata (pyproject.toml): started
2026-02-02T18:01:24.8167741Z   Preparing editable metadata (pyproject.toml): finished with status 'done'
2026-02-02T18:01:24.9297352Z Collecting requests>=2.28.0 (from argos-scout==0.1.0)
2026-02-02T18:01:25.0001116Z   Downloading requests-2.32.5-py3-none-any.whl.metadata (4.9 kB)
2026-02-02T18:01:25.1898679Z Collecting pydantic>=2.0.0 (from argos-scout==0.1.0)
2026-02-02T18:01:25.2079037Z   Downloading pydantic-2.12.5-py3-none-any.whl.metadata (90 kB)
2026-02-02T18:01:25.2852291Z Collecting rich>=13.0.0 (from argos-scout==0.1.0)
2026-02-02T18:01:25.3027118Z   Downloading rich-14.3.2-py3-none-any.whl.metadata (18 kB)
2026-02-02T18:01:25.3311410Z Collecting python-dateutil>=2.8.0 (from argos-scout==0.1.0)
2026-02-02T18:01:25.3487281Z   Downloading python_dateutil-2.9.0.post0-py2.py3-none-any.whl.metadata (8.4 kB)
2026-02-02T18:01:25.7189514Z Collecting sqlalchemy>=2.0.0 (from argos-scout==0.1.0)
2026-02-02T18:01:25.7367057Z   Downloading sqlalchemy-2.0.46-cp39-cp39-manylinux2014_x86_64.manylinux_2_17_x86_64.manylinux_2_28_x86_64.whl.metadata (9.5 kB)
2026-02-02T18:01:25.8212087Z Collecting pytest>=7.0.0 (from argos-scout==0.1.0)
2026-02-02T18:01:25.8387887Z   Downloading pytest-8.4.2-py3-none-any.whl.metadata (7.7 kB)
2026-02-02T18:01:25.8702795Z Collecting pytest-cov>=4.0.0 (from argos-scout==0.1.0)
2026-02-02T18:01:25.8878399Z   Downloading pytest_cov-7.0.0-py3-none-any.whl.metadata (31 kB)
2026-02-02T18:01:25.9228394Z Collecting pytest-mock>=3.10.0 (from argos-scout==0.1.0)
2026-02-02T18:01:25.9404366Z   Downloading pytest_mock-3.15.1-py3-none-any.whl.metadata (3.9 kB)
2026-02-02T18:01:26.0144441Z Collecting black>=23.0.0 (from argos-scout==0.1.0)
2026-02-02T18:01:26.0357088Z   Downloading black-25.11.0-cp39-cp39-manylinux2014_x86_64.manylinux_2_17_x86_64.manylinux_2_28_x86_64.whl.metadata (85 kB)
2026-02-02T18:01:26.0797776Z Collecting flake8>=6.0.0 (from argos-scout==0.1.0)
2026-02-02T18:01:26.0983860Z   Downloading flake8-7.3.0-py2.py3-none-any.whl.metadata (3.8 kB)
2026-02-02T18:01:26.1525541Z Collecting isort>=5.12.0 (from argos-scout==0.1.0)
2026-02-02T18:01:26.1700832Z   Downloading isort-6.1.0-py3-none-any.whl.metadata (12 kB)
2026-02-02T18:01:26.3142337Z Collecting mypy>=1.0.0 (from argos-scout==0.1.0)
2026-02-02T18:01:26.3331261Z   Downloading mypy-1.19.1-cp39-cp39-manylinux2014_x86_64.manylinux_2_17_x86_64.manylinux_2_28_x86_64.whl.metadata (2.2 kB)
2026-02-02T18:01:26.3680952Z Collecting click>=8.0.0 (from black>=23.0.0->argos-scout==0.1.0)
2026-02-02T18:01:26.3851922Z   Downloading click-8.1.8-py3-none-any.whl.metadata (2.3 kB)
2026-02-02T18:01:26.4094615Z Collecting mypy-extensions>=0.4.3 (from black>=23.0.0->argos-scout==0.1.0)
2026-02-02T18:01:26.4264634Z   Downloading mypy_extensions-1.1.0-py3-none-any.whl.metadata (1.1 kB)
2026-02-02T18:01:26.4557614Z Collecting packaging>=22.0 (from black>=23.0.0->argos-scout==0.1.0)
2026-02-02T18:01:26.4577554Z   Using cached packaging-26.0-py3-none-any.whl.metadata (3.3 kB)
2026-02-02T18:01:26.4824741Z Collecting pathspec>=0.9.0 (from black>=23.0.0->argos-scout==0.1.0)
2026-02-02T18:01:26.4993822Z   Downloading pathspec-1.0.4-py3-none-any.whl.metadata (13 kB)
2026-02-02T18:01:26.5330995Z Collecting platformdirs>=2 (from black>=23.0.0->argos-scout==0.1.0)
2026-02-02T18:01:26.5502768Z   Downloading platformdirs-4.4.0-py3-none-any.whl.metadata (12 kB)
2026-02-02T18:01:26.5820483Z Collecting pytokens>=0.3.0 (from black>=23.0.0->argos-scout==0.1.0)
2026-02-02T18:01:26.5997125Z   Downloading pytokens-0.4.1-cp39-cp39-manylinux2014_x86_64.manylinux_2_17_x86_64.manylinux_2_28_x86_64.whl.metadata (3.8 kB)
2026-02-02T18:01:26.6337440Z Collecting tomli>=1.1.0 (from black>=23.0.0->argos-scout==0.1.0)
2026-02-02T18:01:26.6355305Z   Using cached tomli-2.4.0-py3-none-any.whl.metadata (10 kB)
2026-02-02T18:01:26.6646918Z Collecting typing-extensions>=4.0.1 (from black>=23.0.0->argos-scout==0.1.0)
2026-02-02T18:01:26.6672485Z   Using cached typing_extensions-4.15.0-py3-none-any.whl.metadata (3.3 kB)
2026-02-02T18:01:26.6908705Z Collecting mccabe<0.8.0,>=0.7.0 (from flake8>=6.0.0->argos-scout==0.1.0)
2026-02-02T18:01:26.7084136Z   Downloading mccabe-0.7.0-py2.py3-none-any.whl.metadata (5.0 kB)
2026-02-02T18:01:26.7352723Z Collecting pycodestyle<2.15.0,>=2.14.0 (from flake8>=6.0.0->argos-scout==0.1.0)
2026-02-02T18:01:26.7535453Z   Downloading pycodestyle-2.14.0-py2.py3-none-any.whl.metadata (4.5 kB)
2026-02-02T18:01:26.7794793Z Collecting pyflakes<3.5.0,>=3.4.0 (from flake8>=6.0.0->argos-scout==0.1.0)
2026-02-02T18:01:26.7966788Z   Downloading pyflakes-3.4.0-py2.py3-none-any.whl.metadata (3.5 kB)
2026-02-02T18:01:26.8429726Z Collecting importlib-metadata>=4.6.0 (from isort>=5.12.0->argos-scout==0.1.0)
2026-02-02T18:01:26.8610878Z   Downloading importlib_metadata-8.7.1-py3-none-any.whl.metadata (4.7 kB)
2026-02-02T18:01:26.8958507Z Collecting zipp>=3.20 (from importlib-metadata>=4.6.0->isort>=5.12.0->argos-scout==0.1.0)
2026-02-02T18:01:26.9129205Z   Downloading zipp-3.23.0-py3-none-any.whl.metadata (3.6 kB)
2026-02-02T18:01:27.0476024Z Collecting librt>=0.6.2 (from mypy>=1.0.0->argos-scout==0.1.0)
2026-02-02T18:01:27.0665988Z   Downloading librt-0.7.8-cp39-cp39-manylinux2014_x86_64.manylinux_2_17_x86_64.manylinux_2_28_x86_64.whl.metadata (1.3 kB)
2026-02-02T18:01:27.0943108Z Collecting annotated-types>=0.6.0 (from pydantic>=2.0.0->argos-scout==0.1.0)
2026-02-02T18:01:27.1116831Z   Downloading annotated_types-0.7.0-py3-none-any.whl.metadata (15 kB)
2026-02-02T18:01:28.0322187Z Collecting pydantic-core==2.41.5 (from pydantic>=2.0.0->argos-scout==0.1.0)
2026-02-02T18:01:28.0498531Z   Downloading pydantic_core-2.41.5-cp39-cp39-manylinux_2_17_x86_64.manylinux2014_x86_64.whl.metadata (7.3 kB)
2026-02-02T18:01:28.0774213Z Collecting typing-inspection>=0.4.2 (from pydantic>=2.0.0->argos-scout==0.1.0)
2026-02-02T18:01:28.0946732Z   Downloading typing_inspection-0.4.2-py3-none-any.whl.metadata (2.6 kB)
2026-02-02T18:01:28.1237067Z Collecting exceptiongroup>=1 (from pytest>=7.0.0->argos-scout==0.1.0)
2026-02-02T18:01:28.1545818Z   Downloading exceptiongroup-1.3.1-py3-none-any.whl.metadata (6.7 kB)
2026-02-02T18:01:28.1797409Z Collecting iniconfig>=1 (from pytest>=7.0.0->argos-scout==0.1.0)
2026-02-02T18:01:28.1969184Z   Downloading iniconfig-2.1.0-py3-none-any.whl.metadata (2.7 kB)
2026-02-02T18:01:28.2259362Z Collecting pluggy<2,>=1.5 (from pytest>=7.0.0->argos-scout==0.1.0)
2026-02-02T18:01:28.2436823Z   Downloading pluggy-1.6.0-py3-none-any.whl.metadata (4.8 kB)
2026-02-02T18:01:28.2786156Z Collecting pygments>=2.7.2 (from pytest>=7.0.0->argos-scout==0.1.0)
2026-02-02T18:01:28.2957754Z   Downloading pygments-2.19.2-py3-none-any.whl.metadata (2.5 kB)
2026-02-02T18:01:28.8236125Z Collecting coverage>=7.10.6 (from coverage[toml]>=7.10.6->pytest-cov>=4.0.0->argos-scout==0.1.0)
2026-02-02T18:01:28.8420620Z   Downloading coverage-7.10.7-cp39-cp39-manylinux1_x86_64.manylinux_2_28_x86_64.manylinux_2_5_x86_64.whl.metadata (8.9 kB)
2026-02-02T18:01:28.8825620Z Collecting six>=1.5 (from python-dateutil>=2.8.0->argos-scout==0.1.0)
2026-02-02T18:01:28.8996394Z   Downloading six-1.17.0-py2.py3-none-any.whl.metadata (1.7 kB)
2026-02-02T18:01:29.0066557Z Collecting charset_normalizer<4,>=2 (from requests>=2.28.0->argos-scout==0.1.0)
2026-02-02T18:01:29.0242517Z   Downloading charset_normalizer-3.4.4-cp39-cp39-manylinux2014_x86_64.manylinux_2_17_x86_64.manylinux_2_28_x86_64.whl.metadata (37 kB)
2026-02-02T18:01:29.0528599Z Collecting idna<4,>=2.5 (from requests>=2.28.0->argos-scout==0.1.0)
2026-02-02T18:01:29.0701216Z   Downloading idna-3.11-py3-none-any.whl.metadata (8.4 kB)
2026-02-02T18:01:29.1105142Z Collecting urllib3<3,>=1.21.1 (from requests>=2.28.0->argos-scout==0.1.0)
2026-02-02T18:01:29.1280805Z   Downloading urllib3-2.6.3-py3-none-any.whl.metadata (6.9 kB)
2026-02-02T18:01:29.1645127Z Collecting certifi>=2017.4.17 (from requests>=2.28.0->argos-scout==0.1.0)
2026-02-02T18:01:29.1815745Z   Downloading certifi-2026.1.4-py3-none-any.whl.metadata (2.5 kB)
2026-02-02T18:01:29.2156465Z Collecting markdown-it-py>=2.2.0 (from rich>=13.0.0->argos-scout==0.1.0)
2026-02-02T18:01:29.2324053Z   Downloading markdown_it_py-3.0.0-py3-none-any.whl.metadata (6.9 kB)
2026-02-02T18:01:29.2635741Z Collecting mdurl~=0.1 (from markdown-it-py>=2.2.0->rich>=13.0.0->argos-scout==0.1.0)
2026-02-02T18:01:29.2806683Z   Downloading mdurl-0.1.2-py3-none-any.whl.metadata (1.6 kB)
2026-02-02T18:01:29.5330504Z Collecting greenlet>=1 (from sqlalchemy>=2.0.0->argos-scout==0.1.0)
2026-02-02T18:01:29.5505335Z   Downloading greenlet-3.2.4-cp39-cp39-manylinux_2_24_x86_64.manylinux_2_28_x86_64.whl.metadata (4.1 kB)
2026-02-02T18:01:29.5810694Z Downloading black-25.11.0-cp39-cp39-manylinux2014_x86_64.manylinux_2_17_x86_64.manylinux_2_28_x86_64.whl (1.7 MB)
2026-02-02T18:01:29.6338028Z    ━━━━━━━━━━━━━━━━━━━━━━━━━━━━━━━━━━━━━━━━ 1.7/1.7 MB 40.7 MB/s  0:00:00
2026-02-02T18:01:29.6507860Z Downloading click-8.1.8-py3-none-any.whl (98 kB)
2026-02-02T18:01:29.6701832Z Downloading flake8-7.3.0-py2.py3-none-any.whl (57 kB)
2026-02-02T18:01:29.6894096Z Downloading mccabe-0.7.0-py2.py3-none-any.whl (7.3 kB)
2026-02-02T18:01:29.7080368Z Downloading pycodestyle-2.14.0-py2.py3-none-any.whl (31 kB)
2026-02-02T18:01:29.7271474Z Downloading pyflakes-3.4.0-py2.py3-none-any.whl (63 kB)
2026-02-02T18:01:29.7462458Z Downloading isort-6.1.0-py3-none-any.whl (94 kB)
2026-02-02T18:01:29.7716964Z Downloading importlib_metadata-8.7.1-py3-none-any.whl (27 kB)
2026-02-02T18:01:29.7939654Z Downloading mypy-1.19.1-cp39-cp39-manylinux2014_x86_64.manylinux_2_17_x86_64.manylinux_2_28_x86_64.whl (13.5 MB)
2026-02-02T18:01:29.8722254Z    ━━━━━━━━━━━━━━━━━━━━━━━━━━━━━━━━━━━━━━━━ 13.5/13.5 MB 177.7 MB/s  0:00:00
2026-02-02T18:01:29.8906002Z Downloading librt-0.7.8-cp39-cp39-manylinux2014_x86_64.manylinux_2_17_x86_64.manylinux_2_28_x86_64.whl (186 kB)
2026-02-02T18:01:29.9109470Z Downloading mypy_extensions-1.1.0-py3-none-any.whl (5.0 kB)
2026-02-02T18:01:29.9147634Z Using cached packaging-26.0-py3-none-any.whl (74 kB)
2026-02-02T18:01:29.9316185Z Downloading pathspec-1.0.4-py3-none-any.whl (55 kB)
2026-02-02T18:01:29.9513950Z Downloading platformdirs-4.4.0-py3-none-any.whl (18 kB)
2026-02-02T18:01:29.9702191Z Downloading pydantic-2.12.5-py3-none-any.whl (463 kB)
2026-02-02T18:01:29.9921011Z Downloading pydantic_core-2.41.5-cp39-cp39-manylinux_2_17_x86_64.manylinux2014_x86_64.whl (2.1 MB)
2026-02-02T18:01:30.0049675Z    ━━━━━━━━━━━━━━━━━━━━━━━━━━━━━━━━━━━━━━━━ 2.1/2.1 MB 184.1 MB/s  0:00:00
2026-02-02T18:01:30.0223546Z Downloading annotated_types-0.7.0-py3-none-any.whl (13 kB)
2026-02-02T18:01:30.0418106Z Downloading pytest-8.4.2-py3-none-any.whl (365 kB)
2026-02-02T18:01:30.0628346Z Downloading pluggy-1.6.0-py3-none-any.whl (20 kB)
2026-02-02T18:01:30.0829964Z Downloading exceptiongroup-1.3.1-py3-none-any.whl (16 kB)
2026-02-02T18:01:30.1071965Z Downloading iniconfig-2.1.0-py3-none-any.whl (6.0 kB)
2026-02-02T18:01:30.1272387Z Downloading pygments-2.19.2-py3-none-any.whl (1.2 MB)
2026-02-02T18:01:30.1365665Z    ━━━━━━━━━━━━━━━━━━━━━━━━━━━━━━━━━━━━━━━━ 1.2/1.2 MB 151.4 MB/s  0:00:00
2026-02-02T18:01:30.1537697Z Downloading pytest_cov-7.0.0-py3-none-any.whl (22 kB)
2026-02-02T18:01:30.1745937Z Downloading coverage-7.10.7-cp39-cp39-manylinux1_x86_64.manylinux_2_28_x86_64.manylinux_2_5_x86_64.whl (246 kB)
2026-02-02T18:01:30.1952390Z Downloading pytest_mock-3.15.1-py3-none-any.whl (10 kB)
2026-02-02T18:01:30.2149773Z Downloading python_dateutil-2.9.0.post0-py2.py3-none-any.whl (229 kB)
2026-02-02T18:01:30.2380786Z Downloading pytokens-0.4.1-cp39-cp39-manylinux2014_x86_64.manylinux_2_17_x86_64.manylinux_2_28_x86_64.whl (259 kB)
2026-02-02T18:01:30.2584945Z Downloading requests-2.32.5-py3-none-any.whl (64 kB)
2026-02-02T18:01:30.2781517Z Downloading charset_normalizer-3.4.4-cp39-cp39-manylinux2014_x86_64.manylinux_2_17_x86_64.manylinux_2_28_x86_64.whl (153 kB)
2026-02-02T18:01:30.2980526Z Downloading idna-3.11-py3-none-any.whl (71 kB)
2026-02-02T18:01:30.3175757Z Downloading urllib3-2.6.3-py3-none-any.whl (131 kB)
2026-02-02T18:01:30.3377374Z Downloading certifi-2026.1.4-py3-none-any.whl (152 kB)
2026-02-02T18:01:30.3576506Z Downloading rich-14.3.2-py3-none-any.whl (309 kB)
2026-02-02T18:01:30.3777628Z Downloading markdown_it_py-3.0.0-py3-none-any.whl (87 kB)
2026-02-02T18:01:30.3969932Z Downloading mdurl-0.1.2-py3-none-any.whl (10.0 kB)
2026-02-02T18:01:30.4165118Z Downloading six-1.17.0-py2.py3-none-any.whl (11 kB)
2026-02-02T18:01:30.4360533Z Downloading sqlalchemy-2.0.46-cp39-cp39-manylinux2014_x86_64.manylinux_2_17_x86_64.manylinux_2_28_x86_64.whl (3.2 MB)
2026-02-02T18:01:30.4525557Z    ━━━━━━━━━━━━━━━━━━━━━━━━━━━━━━━━━━━━━━━━ 3.2/3.2 MB 214.0 MB/s  0:00:00
2026-02-02T18:01:30.4694613Z Downloading greenlet-3.2.4-cp39-cp39-manylinux_2_24_x86_64.manylinux_2_28_x86_64.whl (582 kB)
2026-02-02T18:01:30.4754868Z    ━━━━━━━━━━━━━━━━━━━━━━━━━━━━━━━━━━━━━━━━ 582.8/582.8 kB 92.1 MB/s  0:00:00
2026-02-02T18:01:30.4772156Z Using cached tomli-2.4.0-py3-none-any.whl (14 kB)
2026-02-02T18:01:30.4789442Z Using cached typing_extensions-4.15.0-py3-none-any.whl (44 kB)
2026-02-02T18:01:30.4958600Z Downloading typing_inspection-0.4.2-py3-none-any.whl (14 kB)
2026-02-02T18:01:30.5146358Z Downloading zipp-3.23.0-py3-none-any.whl (10 kB)
2026-02-02T18:01:30.5780654Z Building wheels for collected packages: argos-scout
2026-02-02T18:01:30.5789832Z   Building editable for argos-scout (pyproject.toml): started
2026-02-02T18:01:30.8869203Z   Building editable for argos-scout (pyproject.toml): finished with status 'done'
2026-02-02T18:01:30.8877173Z   Created wheel for argos-scout: filename=argos_scout-0.1.0-0.editable-py3-none-any.whl size=4024 sha256=d2cf88700c61246b88a6dffdedbc9bf1e0b2d87c4313e7b50dbb1c26dfa1a023
2026-02-02T18:01:30.8878758Z   Stored in directory: /tmp/pip-ephem-wheel-cache-8xit5t8c/wheels/df/69/f1/ad860c6cffabddbb04881759161020dbaed370296d41b76b60
2026-02-02T18:01:30.8899558Z Successfully built argos-scout
2026-02-02T18:01:30.9888924Z Installing collected packages: zipp, urllib3, typing-extensions, tomli, six, pytokens, pygments, pyflakes, pycodestyle, pluggy, platformdirs, pathspec, packaging, mypy-extensions, mdurl, mccabe, librt, iniconfig, idna, greenlet, coverage, click, charset_normalizer, certifi, annotated-types, typing-inspection, sqlalchemy, requests, python-dateutil, pydantic-core, mypy, markdown-it-py, importlib-metadata, flake8, exceptiongroup, black, rich, pytest, pydantic, isort, pytest-mock, pytest-cov, argos-scout
2026-02-02T18:01:35.7483285Z 
2026-02-02T18:01:35.7554963Z Successfully installed annotated-types-0.7.0 argos-scout-0.1.0 black-25.11.0 certifi-2026.1.4 charset_normalizer-3.4.4 click-8.1.8 coverage-7.10.7 exceptiongroup-1.3.1 flake8-7.3.0 greenlet-3.2.4 idna-3.11 importlib-metadata-8.7.1 iniconfig-2.1.0 isort-6.1.0 librt-0.7.8 markdown-it-py-3.0.0 mccabe-0.7.0 mdurl-0.1.2 mypy-1.19.1 mypy-extensions-1.1.0 packaging-26.0 pathspec-1.0.4 platformdirs-4.4.0 pluggy-1.6.0 pycodestyle-2.14.0 pydantic-2.12.5 pydantic-core-2.41.5 pyflakes-3.4.0 pygments-2.19.2 pytest-8.4.2 pytest-cov-7.0.0 pytest-mock-3.15.1 python-dateutil-2.9.0.post0 pytokens-0.4.1 requests-2.32.5 rich-14.3.2 six-1.17.0 sqlalchemy-2.0.46 tomli-2.4.0 typing-extensions-4.15.0 typing-inspection-0.4.2 urllib3-2.6.3 zipp-3.23.0
2026-02-02T18:01:36.2338946Z ##[group]Run pytest tests/ -v --cov=scout --cov-report=xml --cov-report=term-missing
2026-02-02T18:01:36.2339604Z [36;1mpytest tests/ -v --cov=scout --cov-report=xml --cov-report=term-missing[0m
2026-02-02T18:01:36.2372062Z shell: /usr/bin/bash -e {0}
2026-02-02T18:01:36.2372314Z env:
2026-02-02T18:01:36.2372578Z   pythonLocation: /opt/hostedtoolcache/Python/3.9.25/x64
2026-02-02T18:01:36.2373077Z   PKG_CONFIG_PATH: /opt/hostedtoolcache/Python/3.9.25/x64/lib/pkgconfig
2026-02-02T18:01:36.2373531Z   Python_ROOT_DIR: /opt/hostedtoolcache/Python/3.9.25/x64
2026-02-02T18:01:36.2373957Z   Python2_ROOT_DIR: /opt/hostedtoolcache/Python/3.9.25/x64
2026-02-02T18:01:36.2374376Z   Python3_ROOT_DIR: /opt/hostedtoolcache/Python/3.9.25/x64
2026-02-02T18:01:36.2374810Z   LD_LIBRARY_PATH: /opt/hostedtoolcache/Python/3.9.25/x64/lib
2026-02-02T18:01:36.2375170Z ##[endgroup]
2026-02-02T18:01:36.6379915Z ============================= test session starts ==============================
2026-02-02T18:01:36.6381468Z platform linux -- Python 3.9.25, pytest-8.4.2, pluggy-1.6.0 -- /opt/hostedtoolcache/Python/3.9.25/x64/bin/python
2026-02-02T18:01:36.6382633Z cachedir: .pytest_cache
2026-02-02T18:01:36.6383077Z rootdir: /home/runner/work/argos/argos/scout
2026-02-02T18:01:36.6383570Z configfile: pyproject.toml
2026-02-02T18:01:36.6383971Z plugins: cov-7.0.0, mock-3.15.1
2026-02-02T18:01:37.6897825Z collecting ... collected 251 items
2026-02-02T18:01:37.6898186Z 
2026-02-02T18:01:37.6916097Z tests/test_analysis.py::TestFlakyTestDetection::test_detect_flaky_test_with_mixed_results PASSED [  0%]
2026-02-02T18:01:37.6928977Z tests/test_analysis.py::TestFlakyTestDetection::test_no_flaky_tests_when_always_passing PASSED [  0%]
2026-02-02T18:01:37.6940847Z tests/test_analysis.py::TestFlakyTestDetection::test_no_flaky_tests_when_always_failing PASSED [  1%]
2026-02-02T18:01:37.6952665Z tests/test_analysis.py::TestFlakyTestDetection::test_flaky_test_with_multiple_tests PASSED [  1%]
2026-02-02T18:01:37.6964089Z tests/test_analysis.py::TestFlakyTestDetection::test_insufficient_runs_for_flaky_detection PASSED [  1%]
2026-02-02T18:01:37.6975609Z tests/test_analysis.py::TestRecurringFailureDetection::test_detect_recurring_failure PASSED [  2%]
2026-02-02T18:01:37.6987618Z tests/test_analysis.py::TestRecurringFailureDetection::test_no_recurring_failures_below_threshold PASSED [  2%]
2026-02-02T18:01:37.6999650Z tests/test_analysis.py::TestRecurringFailureDetection::test_multiple_recurring_failures PASSED [  3%]
2026-02-02T18:01:37.7011498Z tests/test_analysis.py::TestPlatformSpecificFailures::test_detect_windows_only_failure PASSED [  3%]
2026-02-02T18:01:37.7023466Z tests/test_analysis.py::TestPlatformSpecificFailures::test_detect_linux_only_failure PASSED [  3%]
2026-02-02T18:01:37.7035315Z tests/test_analysis.py::TestPlatformSpecificFailures::test_no_platform_specific_when_all_fail PASSED [  4%]
2026-02-02T18:01:37.7046994Z tests/test_analysis.py::TestPlatformSpecificFailures::test_no_platform_specific_when_all_pass PASSED [  4%]
2026-02-02T18:01:37.7058795Z tests/test_analysis.py::TestFailureGrouping::test_group_failures_by_same_message PASSED [  5%]
2026-02-02T18:01:37.7070683Z tests/test_analysis.py::TestFailureGrouping::test_group_failures_by_same_location PASSED [  5%]
2026-02-02T18:01:37.7082715Z tests/test_analysis.py::TestFailureGrouping::test_group_failures_by_same_type PASSED [  5%]
2026-02-02T18:01:37.7094525Z tests/test_analysis.py::TestFailureGrouping::test_no_grouping_for_unique_failures PASSED [  6%]
2026-02-02T18:01:37.7106683Z tests/test_analysis.py::TestTrendAnalysis::test_detect_increasing_failure_trend PASSED [  6%]
2026-02-02T18:01:37.7118653Z tests/test_analysis.py::TestTrendAnalysis::test_detect_decreasing_failure_trend PASSED [  7%]
2026-02-02T18:01:37.7131072Z tests/test_analysis.py::TestTrendAnalysis::test_detect_stable_trend PASSED [  7%]
2026-02-02T18:01:37.7142934Z tests/test_analysis.py::TestTrendAnalysis::test_insufficient_data_for_trend PASSED [  7%]
2026-02-02T18:01:37.7155547Z tests/test_analysis.py::TestRecommendationGeneration::test_recommendation_for_flaky_test PASSED [  8%]
2026-02-02T18:01:37.7167238Z tests/test_analysis.py::TestRecommendationGeneration::test_recommendation_for_recurring_failure PASSED [  8%]
2026-02-02T18:01:37.7179114Z tests/test_analysis.py::TestRecommendationGeneration::test_recommendation_for_platform_specific_failure PASSED [  9%]
2026-02-02T18:01:37.7190940Z tests/test_analysis.py::TestRecommendationGeneration::test_recommendation_for_increasing_trend PASSED [  9%]
2026-02-02T18:01:37.7202530Z tests/test_analysis.py::TestRecommendationGeneration::test_no_recommendations_for_healthy_state PASSED [  9%]
2026-02-02T18:01:37.7213698Z tests/test_analysis.py::TestRecommendationGeneration::test_multiple_recommendations_prioritized PASSED [ 10%]
2026-02-02T18:01:37.7224631Z tests/test_analysis.py::TestFailureGroupDataclass::test_failure_group_creation PASSED [ 10%]
2026-02-02T18:01:37.7235692Z tests/test_analysis.py::TestFlakyTestDataclass::test_flaky_test_creation PASSED [ 11%]
2026-02-02T18:01:37.7246706Z tests/test_analysis.py::TestPlatformFailureDataclass::test_platform_failure_creation PASSED [ 11%]
2026-02-02T18:01:37.7257712Z tests/test_analysis.py::TestRecommendationDataclass::test_recommendation_creation PASSED [ 11%]
2026-02-02T18:01:37.7269195Z tests/test_analysis.py::TestFailureTrendDataclass::test_failure_trend_creation PASSED [ 12%]
2026-02-02T18:01:37.7302683Z tests/test_ci_log_parser.py::TestPytestLogParsing::test_parse_pytest_log_all_passed PASSED [ 12%]
2026-02-02T18:01:37.7321809Z tests/test_ci_log_parser.py::TestPytestLogParsing::test_parse_pytest_log_with_failures PASSED [ 13%]
2026-02-02T18:01:37.7335008Z tests/test_ci_log_parser.py::TestPytestLogParsing::test_parse_pytest_log_with_skipped_tests PASSED [ 13%]
2026-02-02T18:01:37.7348629Z tests/test_ci_log_parser.py::TestPytestLogParsing::test_parse_pytest_log_with_errors PASSED [ 13%]
2026-02-02T18:01:37.7362154Z tests/test_ci_log_parser.py::TestPytestLogParsing::test_parse_pytest_log_with_durations PASSED [ 14%]
2026-02-02T18:01:37.7377589Z tests/test_ci_log_parser.py::TestPytestLogParsing::test_parse_pytest_log_extract_traceback PASSED [ 14%]
2026-02-02T18:01:37.7391175Z tests/test_ci_log_parser.py::TestPytestLogParsing::test_parse_pytest_log_with_parametrized_tests PASSED [ 15%]
2026-02-02T18:01:37.7403425Z tests/test_ci_log_parser.py::TestPytestLogParsing::test_parse_pytest_empty_log PASSED [ 15%]
2026-02-02T18:01:37.7416023Z tests/test_ci_log_parser.py::TestPytestLogParsing::test_parse_pytest_log_no_collection PASSED [ 15%]
2026-02-02T18:01:37.7440931Z tests/test_ci_log_parser.py::TestCoverageLogParsing::test_parse_coverage_log_basic PASSED [ 16%]
2026-02-02T18:01:37.7453708Z tests/test_ci_log_parser.py::TestCoverageLogParsing::test_parse_coverage_log_with_missing_lines PASSED [ 16%]
2026-02-02T18:01:37.7465604Z tests/test_ci_log_parser.py::TestCoverageLogParsing::test_parse_coverage_log_empty PASSED [ 17%]
2026-02-02T18:01:37.7482428Z tests/test_ci_log_parser.py::TestFlake8LogParsing::test_parse_flake8_log_with_violations PASSED [ 17%]
2026-02-02T18:01:37.7494699Z tests/test_ci_log_parser.py::TestFlake8LogParsing::test_parse_flake8_log_no_violations PASSED [ 17%]
2026-02-02T18:01:37.7522601Z tests/test_ci_log_parser.py::TestFailurePatternDetection::test_detect_timeout_pattern PASSED [ 18%]
2026-02-02T18:01:37.7535551Z tests/test_ci_log_parser.py::TestFailurePatternDetection::test_detect_platform_specific_pattern PASSED [ 18%]
2026-02-02T18:01:37.7548521Z tests/test_ci_log_parser.py::TestFailurePatternDetection::test_detect_setup_failure_pattern PASSED [ 19%]
2026-02-02T18:01:37.7561899Z tests/test_ci_log_parser.py::TestFailurePatternDetection::test_detect_import_error_pattern PASSED [ 19%]
2026-02-02T18:01:37.7575469Z tests/test_ci_log_parser.py::TestFailurePatternDetection::test_detect_multiple_patterns PASSED [ 19%]
2026-02-02T18:01:37.7590012Z tests/test_ci_log_parser.py::TestFailurePatternDetection::test_no_patterns_in_successful_log PASSED [ 20%]
2026-02-02T18:01:37.7640560Z tests/test_cli.py::TestCLIArgumentParsing::test_create_parser_returns_argparse_parser PASSED [ 20%]
2026-02-02T18:01:37.7693955Z tests/test_cli.py::TestCLIArgumentParsing::test_parser_has_version_argument PASSED [ 21%]
2026-02-02T18:01:37.7758746Z tests/test_cli.py::TestCLIArgumentParsing::test_parser_has_help_argument PASSED [ 21%]
2026-02-02T18:01:37.7813183Z tests/test_cli.py::TestCLIArgumentParsing::test_parser_requires_subcommand PASSED [ 21%]
2026-02-02T18:01:37.7862520Z tests/test_cli.py::TestLogsCommand::test_logs_command_with_workflow_name PASSED [ 22%]
2026-02-02T18:01:37.7913037Z tests/test_cli.py::TestLogsCommand::test_logs_command_with_limit_option PASSED [ 22%]
2026-02-02T18:01:37.7963704Z tests/test_cli.py::TestLogsCommand::test_logs_command_with_output_option PASSED [ 23%]
2026-02-02T18:01:37.8014410Z tests/test_cli.py::TestLogsCommand::test_logs_command_with_branch_filter PASSED [ 23%]
2026-02-02T18:01:37.8099417Z tests/test_cli.py::TestLogsCommand::test_logs_command_execution PASSED   [ 23%]
2026-02-02T18:01:37.8150170Z tests/test_cli.py::TestAnalyzeCommand::test_analyze_command_with_run_id PASSED [ 24%]
2026-02-02T18:01:37.8199627Z tests/test_cli.py::TestAnalyzeCommand::test_analyze_command_with_format_option PASSED [ 24%]
2026-02-02T18:01:37.8249497Z tests/test_cli.py::TestAnalyzeCommand::test_analyze_command_with_output_file PASSED [ 25%]
2026-02-02T18:01:37.8299288Z tests/test_cli.py::TestAnalyzeCommand::test_analyze_command_with_verbose_flag PASSED [ 25%]
2026-02-02T18:01:37.8406274Z tests/test_cli.py::TestAnalyzeCommand::test_analyze_command_execution PASSED [ 25%]
2026-02-02T18:01:37.8457995Z tests/test_cli.py::TestTrendsCommand::test_trends_command_with_workflow_name PASSED [ 26%]
2026-02-02T18:01:37.8509351Z tests/test_cli.py::TestTrendsCommand::test_trends_command_with_days_option PASSED [ 26%]
2026-02-02T18:01:37.8559274Z tests/test_cli.py::TestTrendsCommand::test_trends_command_with_format_option PASSED [ 27%]
2026-02-02T18:01:37.8643436Z tests/test_cli.py::TestTrendsCommand::test_trends_command_execution PASSED [ 27%]
2026-02-02T18:01:37.8693721Z tests/test_cli.py::TestFlakyCommand::test_flaky_command_no_arguments PASSED [ 27%]
2026-02-02T18:01:37.8742421Z tests/test_cli.py::TestFlakyCommand::test_flaky_command_with_threshold_option PASSED [ 28%]
2026-02-02T18:01:37.8790288Z tests/test_cli.py::TestFlakyCommand::test_flaky_command_with_min_runs_option PASSED [ 28%]
2026-02-02T18:01:37.8839767Z tests/test_cli.py::TestFlakyCommand::test_flaky_command_with_format_option PASSED [ 29%]
2026-02-02T18:01:37.8910001Z tests/test_cli.py::TestFlakyCommand::test_flaky_command_execution PASSED [ 29%]
2026-02-02T18:01:37.8960700Z tests/test_cli.py::TestConfigCommand::test_config_show_command PASSED    [ 29%]
2026-02-02T18:01:37.9013365Z tests/test_cli.py::TestConfigCommand::test_config_set_command_with_key_value PASSED [ 30%]
2026-02-02T18:01:37.9063952Z tests/test_cli.py::TestConfigCommand::test_config_get_command_with_key PASSED [ 30%]
2026-02-02T18:01:37.9125640Z tests/test_cli.py::TestConfigCommand::test_config_show_execution PASSED  [ 31%]
2026-02-02T18:01:37.9197810Z tests/test_cli.py::TestAuthenticationHandling::test_token_from_environment_variable PASSED [ 31%]
2026-02-02T18:01:37.9246018Z tests/test_cli.py::TestAuthenticationHandling::test_token_from_command_line_option PASSED [ 31%]
2026-02-02T18:01:37.9306294Z tests/test_cli.py::TestAuthenticationHandling::test_repo_from_environment_variable PASSED [ 32%]
2026-02-02T18:01:37.9355630Z tests/test_cli.py::TestAuthenticationHandling::test_repo_from_command_line_option PASSED [ 32%]
2026-02-02T18:01:37.9404920Z tests/test_cli.py::TestOutputFormatOptions::test_console_format PASSED   [ 33%]
2026-02-02T18:01:37.9454317Z tests/test_cli.py::TestOutputFormatOptions::test_html_format PASSED      [ 33%]
2026-02-02T18:01:37.9502040Z tests/test_cli.py::TestOutputFormatOptions::test_json_format PASSED      [ 33%]
2026-02-02T18:01:37.9552649Z tests/test_cli.py::TestOutputFormatOptions::test_csv_format PASSED       [ 34%]
2026-02-02T18:01:37.9600486Z tests/test_cli.py::TestOutputFormatOptions::test_default_format_is_console PASSED [ 34%]
2026-02-02T18:01:37.9652298Z tests/test_cli.py::TestErrorHandling::test_missing_token_error PASSED    [ 35%]
2026-02-02T18:01:37.9718241Z tests/test_cli.py::TestErrorHandling::test_invalid_repository_format_error PASSED [ 35%]
2026-02-02T18:01:37.9792670Z tests/test_cli.py::TestErrorHandling::test_network_error_handling PASSED [ 35%]
2026-02-02T18:01:37.9840883Z tests/test_cli.py::TestVerboseOutput::test_verbose_flag_sets_logging_level PASSED [ 36%]
2026-02-02T18:01:37.9890077Z tests/test_cli.py::TestVerboseOutput::test_quiet_flag_sets_logging_level PASSED [ 36%]
2026-02-02T18:01:37.9996857Z tests/test_cli.py::TestCLIIntegration::test_full_analyze_workflow PASSED [ 37%]
2026-02-02T18:01:38.0101167Z tests/test_cli.py::TestCLIIntegration::test_html_report_generation_workflow PASSED [ 37%]
2026-02-02T18:01:38.0153011Z tests/test_cli.py::TestMainFunction::test_main_with_no_arguments_shows_help PASSED [ 37%]
2026-02-02T18:01:38.0213069Z tests/test_cli.py::TestMainFunction::test_main_returns_zero_on_success PASSED [ 38%]
2026-02-02T18:01:38.0273033Z tests/test_cli.py::TestMainFunction::test_main_returns_nonzero_on_error PASSED [ 38%]
2026-02-02T18:01:38.0284581Z tests/test_failure_parser.py::TestFailureLocation::test_failure_location_creation PASSED [ 39%]
2026-02-02T18:01:38.0295990Z tests/test_failure_parser.py::TestFailureLocation::test_failure_location_without_column PASSED [ 39%]
2026-02-02T18:01:38.0307758Z tests/test_failure_parser.py::TestFailureLocation::test_failure_location_string_representation PASSED [ 39%]
2026-02-02T18:01:38.0324875Z tests/test_failure_parser.py::TestStackFrame::test_stack_frame_creation PASSED [ 40%]
2026-02-02T18:01:38.0342620Z tests/test_failure_parser.py::TestStackFrame::test_stack_frame_without_code PASSED [ 40%]
2026-02-02T18:01:38.0360316Z tests/test_failure_parser.py::TestFailureDataclass::test_test_failure_creation PASSED [ 41%]
2026-02-02T18:01:38.0377753Z tests/test_failure_parser.py::TestFailureDataclass::test_test_failure_minimal PASSED [ 41%]
2026-02-02T18:01:38.0413685Z tests/test_failure_parser.py::TestPytestParser::test_parse_pytest_simple_failure PASSED [ 41%]
2026-02-02T18:01:38.0433711Z tests/test_failure_parser.py::TestPytestParser::test_parse_pytest_with_stack_trace PASSED [ 42%]
2026-02-02T18:01:38.0453744Z tests/test_failure_parser.py::TestPytestParser::test_parse_pytest_multiple_failures PASSED [ 42%]
2026-02-02T18:01:38.0475362Z tests/test_failure_parser.py::TestPytestParser::test_parse_pytest_json_output PASSED [ 43%]
2026-02-02T18:01:38.0499021Z tests/test_failure_parser.py::TestPytestParser::test_parse_pytest_parametrized_test PASSED [ 43%]
2026-02-02T18:01:38.0516118Z tests/test_failure_parser.py::TestPytestParser::test_parse_pytest_no_failures PASSED [ 43%]
2026-02-02T18:01:38.0535013Z tests/test_failure_parser.py::TestPytestParser::test_parse_pytest_with_captured_output PASSED [ 44%]
2026-02-02T18:01:38.0556284Z tests/test_failure_parser.py::TestUnittestParser::test_parse_unittest_simple_failure PASSED [ 44%]
2026-02-02T18:01:38.0572052Z tests/test_failure_parser.py::TestUnittestParser::test_parse_unittest_error PASSED [ 45%]
2026-02-02T18:01:38.0586295Z tests/test_failure_parser.py::TestUnittestParser::test_parse_unittest_multiple_failures PASSED [ 45%]
2026-02-02T18:01:38.0598958Z tests/test_failure_parser.py::TestUnittestParser::test_parse_unittest_no_failures PASSED [ 45%]
2026-02-02T18:01:38.0612599Z tests/test_failure_parser.py::TestUnittestParser::test_parse_unittest_with_stack_trace PASSED [ 46%]
2026-02-02T18:01:38.0637016Z tests/test_failure_parser.py::TestGoogleTestParser::test_parse_gtest_simple_failure PASSED [ 46%]
2026-02-02T18:01:38.0653378Z tests/test_failure_parser.py::TestGoogleTestParser::test_parse_gtest_xml_output PASSED [ 47%]
2026-02-02T18:01:38.0665648Z tests/test_failure_parser.py::TestGoogleTestParser::test_parse_gtest_json_output PASSED [ 47%]
2026-02-02T18:01:38.0688962Z tests/test_failure_parser.py::TestGoogleTestParser::test_parse_gtest_multiple_failures PASSED [ 47%]
2026-02-02T18:01:38.0702067Z tests/test_failure_parser.py::TestGoogleTestParser::test_parse_gtest_no_failures PASSED [ 48%]
2026-02-02T18:01:38.0713745Z tests/test_failure_parser.py::TestFailureParser::test_auto_detect_pytest PASSED [ 48%]
2026-02-02T18:01:38.0729066Z tests/test_failure_parser.py::TestFailureParser::test_auto_detect_unittest PASSED [ 49%]
2026-02-02T18:01:38.0746894Z tests/test_failure_parser.py::TestFailureParser::test_auto_detect_gtest PASSED [ 49%]
2026-02-02T18:01:38.0758773Z tests/test_failure_parser.py::TestFailureParser::test_parse_with_explicit_format PASSED [ 49%]
2026-02-02T18:01:38.0770428Z tests/test_failure_parser.py::TestFailureParser::test_parse_empty_output PASSED [ 50%]
2026-02-02T18:01:38.0782622Z tests/test_failure_parser.py::TestFailureParser::test_parse_unknown_format PASSED [ 50%]
2026-02-02T18:01:38.0794395Z tests/test_failure_parser.py::TestFailureParser::test_parse_json_pytest PASSED [ 50%]
2026-02-02T18:01:38.0807051Z tests/test_failure_parser.py::TestFailureParser::test_get_parser_by_format PASSED [ 51%]
2026-02-02T18:01:38.1337306Z tests/test_github_actions_client.py::TestGitHubActionsClient::test_client_initialization PASSED [ 51%]
2026-02-02T18:01:38.2152092Z tests/test_github_actions_client.py::TestGitHubActionsClient::test_fetch_and_store_workflow_runs PASSED [ 52%]
2026-02-02T18:01:38.2557480Z tests/test_github_actions_client.py::TestGitHubActionsClient::test_fetch_duplicate_runs_updates_existing PASSED [ 52%]
2026-02-02T18:01:38.3025771Z tests/test_github_actions_client.py::TestGitHubActionsClient::test_fetch_workflow_jobs PASSED [ 52%]
2026-02-02T18:01:38.3295344Z tests/test_github_actions_client.py::TestGitHubActionsClient::test_parse_job_name_extracts_platform_and_python PASSED [ 53%]
2026-02-02T18:01:38.3562864Z tests/test_github_actions_client.py::TestGitHubActionsClient::test_calculate_duration PASSED [ 53%]
2026-02-02T18:01:38.3931047Z tests/test_github_actions_client.py::TestGitHubActionsClient::test_fetch_jobs_without_run_in_database PASSED [ 54%]
2026-02-02T18:01:38.4318549Z tests/test_github_actions_client.py::TestGitHubActionsClient::test_get_workflow_run_from_database PASSED [ 54%]
2026-02-02T18:01:38.4649436Z tests/test_github_actions_client.py::TestGitHubActionsClient::test_get_nonexistent_workflow_run PASSED [ 54%]
2026-02-02T18:01:38.5189508Z tests/test_github_actions_client.py::TestGitHubActionsClient::test_get_workflow_jobs_from_database PASSED [ 55%]
2026-02-02T18:01:38.5599400Z tests/test_github_actions_client.py::TestGitHubActionsClient::test_list_recent_workflow_runs PASSED [ 55%]
2026-02-02T18:01:38.6005289Z tests/test_github_actions_client.py::TestGitHubActionsClient::test_get_failed_runs PASSED [ 56%]
2026-02-02T18:01:38.6373173Z tests/test_github_actions_client.py::TestGitHubActionsClient::test_extract_run_number_from_metadata PASSED [ 56%]
2026-02-02T18:01:38.6384664Z tests/test_log_retrieval.py::TestLogParser::test_remove_ansi_codes_simple PASSED [ 56%]
2026-02-02T18:01:38.6396844Z tests/test_log_retrieval.py::TestLogParser::test_remove_ansi_codes_multiple PASSED [ 57%]
2026-02-02T18:01:38.6408624Z tests/test_log_retrieval.py::TestLogParser::test_remove_ansi_codes_no_codes PASSED [ 57%]
2026-02-02T18:01:38.6420054Z tests/test_log_retrieval.py::TestLogParser::test_remove_ansi_codes_empty PASSED [ 58%]
2026-02-02T18:01:38.6432047Z tests/test_log_retrieval.py::TestLogParser::test_extract_timestamp_iso8601 PASSED [ 58%]
2026-02-02T18:01:38.6444159Z tests/test_log_retrieval.py::TestLogParser::test_extract_timestamp_iso8601_with_millis PASSED [ 58%]
2026-02-02T18:01:38.6517904Z tests/test_log_retrieval.py::TestLogParser::test_extract_timestamp_space_separated PASSED [ 59%]
2026-02-02T18:01:38.6529815Z tests/test_log_retrieval.py::TestLogParser::test_extract_timestamp_unix PASSED [ 59%]
2026-02-02T18:01:38.6542220Z tests/test_log_retrieval.py::TestLogParser::test_extract_timestamp_no_timestamp PASSED [ 60%]
2026-02-02T18:01:38.6554521Z tests/test_log_retrieval.py::TestLogParser::test_parse_log_lines_simple PASSED [ 60%]
2026-02-02T18:01:38.6567055Z tests/test_log_retrieval.py::TestLogParser::test_parse_log_lines_with_ansi PASSED [ 60%]
2026-02-02T18:01:38.6578701Z tests/test_log_retrieval.py::TestLogParser::test_parse_log_lines_with_timestamps PASSED [ 61%]
2026-02-02T18:01:38.6590690Z tests/test_log_retrieval.py::TestLogParser::test_parse_log_lines_skip_empty PASSED [ 61%]
2026-02-02T18:01:38.6602598Z tests/test_log_retrieval.py::TestLogParser::test_parse_log_lines_empty_input PASSED [ 62%]
2026-02-02T18:01:38.6614373Z tests/test_log_retrieval.py::TestLogParser::test_extract_timestamp_invalid_format PASSED [ 62%]
2026-02-02T18:01:38.6631460Z tests/test_log_retrieval.py::TestLogCache::test_cache_initialization PASSED [ 62%]
2026-02-02T18:01:38.6645811Z tests/test_log_retrieval.py::TestLogCache::test_is_cached_false_for_missing PASSED [ 63%]
2026-02-02T18:01:38.6665045Z tests/test_log_retrieval.py::TestLogCache::test_save_and_load_log PASSED [ 63%]
2026-02-02T18:01:38.6683287Z tests/test_log_retrieval.py::TestLogCache::test_save_log_with_no_timestamps PASSED [ 64%]
2026-02-02T18:01:38.6697301Z tests/test_log_retrieval.py::TestLogCache::test_load_nonexistent_log PASSED [ 64%]
2026-02-02T18:01:38.6721195Z tests/test_log_retrieval.py::TestLogCache::test_clear_specific_run PASSED [ 64%]
2026-02-02T18:01:38.6749356Z tests/test_log_retrieval.py::TestLogCache::test_clear_all_logs PASSED    [ 65%]
2026-02-02T18:01:38.6765031Z tests/test_log_retrieval.py::TestLogRetriever::test_initialization_default_cache_dir PASSED [ 65%]
2026-02-02T18:01:38.6778671Z tests/test_log_retrieval.py::TestLogRetriever::test_initialization_custom_cache_dir PASSED [ 66%]
2026-02-02T18:01:38.6801000Z tests/test_log_retrieval.py::TestLogRetriever::test_get_logs_from_provider PASSED [ 66%]
2026-02-02T18:01:38.6822167Z tests/test_log_retrieval.py::TestLogRetriever::test_get_logs_from_cache PASSED [ 66%]
2026-02-02T18:01:38.6847553Z tests/test_log_retrieval.py::TestLogRetriever::test_get_logs_bypasses_cache_when_disabled PASSED [ 67%]
2026-02-02T18:01:38.6874649Z tests/test_log_retrieval.py::TestLogRetriever::test_get_all_job_logs PASSED [ 67%]
2026-02-02T18:01:38.6897507Z tests/test_log_retrieval.py::TestLogRetriever::test_get_all_job_logs_handles_errors PASSED [ 68%]
2026-02-02T18:01:38.6918849Z tests/test_log_retrieval.py::TestLogRetriever::test_get_logs_with_no_job_found PASSED [ 68%]
2026-02-02T18:01:38.6936777Z tests/test_log_retrieval.py::TestLogRetriever::test_cache_save_creates_directory_structure PASSED [ 68%]
2026-02-02T18:01:38.6955119Z tests/test_log_retrieval.py::TestLogRetriever::test_load_with_invalid_timestamp_in_cache PASSED [ 69%]
2026-02-02T18:01:38.6967715Z tests/test_log_retrieval.py::TestWorkflowLog::test_workflow_log_creation PASSED [ 69%]
2026-02-02T18:01:38.6982500Z tests/test_providers.py::TestCIProviderInterface::test_provider_interface_is_abstract PASSED [ 70%]
2026-02-02T18:01:38.6995053Z tests/test_providers.py::TestCIProviderInterface::test_provider_interface_requires_get_workflow_runs PASSED [ 70%]
2026-02-02T18:01:38.7007433Z tests/test_providers.py::TestCIProviderInterface::test_provider_interface_requires_get_workflow_run PASSED [ 70%]
2026-02-02T18:01:38.7019514Z tests/test_providers.py::TestCIProviderInterface::test_provider_interface_requires_get_jobs PASSED [ 71%]
2026-02-02T18:01:38.7031864Z tests/test_providers.py::TestCIProviderInterface::test_provider_interface_requires_get_logs PASSED [ 71%]
2026-02-02T18:01:38.7043530Z tests/test_providers.py::TestWorkflowRunModel::test_workflow_run_creation_with_all_fields PASSED [ 72%]
2026-02-02T18:01:38.7055020Z tests/test_providers.py::TestWorkflowRunModel::test_workflow_run_creation_with_optional_fields PASSED [ 72%]
2026-02-02T18:01:38.7066468Z tests/test_providers.py::TestJobModel::test_job_creation_with_all_fields PASSED [ 72%]
2026-02-02T18:01:38.7077925Z tests/test_providers.py::TestJobModel::test_job_creation_with_optional_fields PASSED [ 73%]
2026-02-02T18:01:38.7089560Z tests/test_providers.py::TestLogEntryModel::test_log_entry_creation PASSED [ 73%]
2026-02-02T18:01:38.7101978Z tests/test_providers.py::TestGitHubActionsProvider::test_github_actions_provider_initialization PASSED [ 74%]
2026-02-02T18:01:38.7113649Z tests/test_providers.py::TestGitHubActionsProvider::test_github_actions_provider_initialization_without_token PASSED [ 74%]
2026-02-02T18:01:38.7141488Z tests/test_providers.py::TestGitHubActionsProvider::test_get_workflow_runs_success PASSED [ 74%]
2026-02-02T18:01:38.7166515Z tests/test_providers.py::TestGitHubActionsProvider::test_get_workflow_run_success PASSED [ 75%]
2026-02-02T18:01:38.7189921Z tests/test_providers.py::TestGitHubActionsProvider::test_get_jobs_success PASSED [ 75%]
2026-02-02T18:01:38.7211390Z tests/test_providers.py::TestGitHubActionsProvider::test_get_logs_success PASSED [ 76%]
2026-02-02T18:01:38.7235397Z tests/test_providers.py::TestGitHubActionsProvider::test_authentication_with_token PASSED [ 76%]
2026-02-02T18:01:38.7257204Z tests/test_providers.py::TestGitHubActionsProvider::test_authentication_without_token PASSED [ 76%]
2026-02-02T18:01:38.7279175Z tests/test_providers.py::TestGitHubActionsProvider::test_rate_limiting_error_handling PASSED [ 77%]
2026-02-02T18:01:38.7301240Z tests/test_providers.py::TestGitHubActionsProvider::test_404_not_found_error_handling PASSED [ 77%]
2026-02-02T18:01:38.7318851Z tests/test_providers.py::TestGitHubActionsProvider::test_network_timeout_error_handling PASSED [ 78%]
2026-02-02T18:01:38.7336626Z tests/test_providers.py::TestGitHubActionsProvider::test_generic_request_error_handling PASSED [ 78%]
2026-02-02T18:01:38.7361029Z tests/test_providers.py::TestGitHubActionsProvider::test_malformed_response_handling PASSED [ 78%]
2026-02-02T18:01:38.7383437Z tests/test_providers.py::TestGitHubActionsProvider::test_pagination_support PASSED [ 79%]
2026-02-02T18:01:38.7406264Z tests/test_providers.py::TestGitHubActionsProvider::test_workflow_name_filtering PASSED [ 79%]
2026-02-02T18:01:38.7428910Z tests/test_providers.py::TestGitHubActionsProvider::test_get_logs_with_invalid_timestamps PASSED [ 80%]
2026-02-02T18:01:38.7451092Z tests/test_providers.py::TestGitHubActionsProvider::test_get_logs_with_empty_lines PASSED [ 80%]
2026-02-02T18:01:38.7463223Z tests/test_reporting.py::TestReportFormatter::test_format_duration_ms PASSED [ 80%]
2026-02-02T18:01:38.7474864Z tests/test_reporting.py::TestReportFormatter::test_format_duration_none PASSED [ 81%]
2026-02-02T18:01:38.7486500Z tests/test_reporting.py::TestReportFormatter::test_format_timestamp PASSED [ 81%]
2026-02-02T18:01:38.7497902Z tests/test_reporting.py::TestReportFormatter::test_format_percentage PASSED [ 82%]
2026-02-02T18:01:38.7509387Z tests/test_reporting.py::TestReportFormatter::test_truncate_message PASSED [ 82%]
2026-02-02T18:01:38.7520999Z tests/test_reporting.py::TestConsoleReporter::test_generate_failure_summary_empty PASSED [ 82%]
2026-02-02T18:01:38.7533341Z tests/test_reporting.py::TestConsoleReporter::test_generate_failure_summary_with_failures PASSED [ 83%]
2026-02-02T18:01:38.7545318Z tests/test_reporting.py::TestConsoleReporter::test_generate_failure_summary_with_colors PASSED [ 83%]
2026-02-02T18:01:38.7557121Z tests/test_reporting.py::TestConsoleReporter::test_generate_flaky_test_report PASSED [ 84%]
2026-02-02T18:01:38.7569075Z tests/test_reporting.py::TestConsoleReporter::test_generate_platform_comparison PASSED [ 84%]
2026-02-02T18:01:38.7581026Z tests/test_reporting.py::TestConsoleReporter::test_generate_recommendations_report PASSED [ 84%]
2026-02-02T18:01:38.7592691Z tests/test_reporting.py::TestConsoleReporter::test_color_detection_auto PASSED [ 85%]
2026-02-02T18:01:38.7605030Z tests/test_reporting.py::TestHtmlReporter::test_generate_html_report_basic PASSED [ 85%]
2026-02-02T18:01:38.7617362Z tests/test_reporting.py::TestHtmlReporter::test_generate_html_report_with_timeline PASSED [ 86%]
2026-02-02T18:01:38.7629381Z tests/test_reporting.py::TestHtmlReporter::test_generate_html_with_flaky_tests PASSED [ 86%]
2026-02-02T18:01:38.7641838Z tests/test_reporting.py::TestHtmlReporter::test_generate_html_with_platform_comparison PASSED [ 86%]
2026-02-02T18:01:38.7663929Z tests/test_reporting.py::TestHtmlReporter::test_save_html_report_to_file PASSED [ 87%]
2026-02-02T18:01:38.7675980Z tests/test_reporting.py::TestHtmlReporter::test_html_escaping PASSED     [ 87%]
2026-02-02T18:01:38.7689573Z tests/test_reporting.py::TestJsonExporter::test_export_failures_to_json PASSED [ 88%]
2026-02-02T18:01:38.7702284Z tests/test_reporting.py::TestJsonExporter::test_export_flaky_tests_to_json PASSED [ 88%]
2026-02-02T18:01:38.7718318Z tests/test_reporting.py::TestJsonExporter::test_export_complete_analysis_to_json PASSED [ 88%]
2026-02-02T18:01:38.7738220Z tests/test_reporting.py::TestJsonExporter::test_save_json_to_file PASSED [ 89%]
2026-02-02T18:01:38.7750519Z tests/test_reporting.py::TestJsonExporter::test_json_indentation PASSED  [ 89%]
2026-02-02T18:01:38.7763493Z tests/test_reporting.py::TestCsvExporter::test_export_failures_to_csv PASSED [ 90%]
2026-02-02T18:01:38.7775324Z tests/test_reporting.py::TestCsvExporter::test_export_flaky_tests_to_csv PASSED [ 90%]
2026-02-02T18:01:38.7794166Z tests/test_reporting.py::TestCsvExporter::test_save_csv_to_file PASSED   [ 90%]
2026-02-02T18:01:38.7806174Z tests/test_reporting.py::TestCsvExporter::test_csv_escaping PASSED       [ 91%]
2026-02-02T18:01:38.7827149Z tests/test_reporting.py::TestReportIntegration::test_generate_all_formats PASSED [ 91%]
2026-02-02T18:01:38.7840411Z tests/test_reporting.py::TestReportIntegration::test_empty_failures_all_formats PASSED [ 92%]
2026-02-02T18:01:38.7968723Z tests/test_storage.py::TestWorkflowRun::test_create_workflow_run PASSED  [ 92%]
2026-02-02T18:01:38.8076382Z tests/test_storage.py::TestWorkflowRun::test_workflow_run_unique_constraint PASSED [ 92%]
2026-02-02T18:01:38.8089947Z tests/test_storage.py::TestWorkflowRun::test_workflow_run_repr PASSED    [ 93%]
2026-02-02T18:01:38.8275384Z tests/test_storage.py::TestWorkflowRun::test_workflow_run_relationship_to_jobs PASSED [ 93%]
2026-02-02T18:01:38.8515178Z tests/test_storage.py::TestWorkflowRun::test_workflow_run_cascade_delete PASSED [ 94%]
2026-02-02T18:01:38.8657381Z tests/test_storage.py::TestWorkflowJob::test_create_workflow_job PASSED  [ 94%]
2026-02-02T18:01:38.8794441Z tests/test_storage.py::TestWorkflowJob::test_workflow_job_unique_constraint PASSED [ 94%]
2026-02-02T18:01:38.8815899Z tests/test_storage.py::TestWorkflowJob::test_workflow_job_repr PASSED    [ 95%]
2026-02-02T18:01:38.9009218Z tests/test_storage.py::TestWorkflowJob::test_workflow_job_foreign_key PASSED [ 95%]
2026-02-02T18:01:38.9273829Z tests/test_storage.py::TestWorkflowTestResult::test_create_test_result PASSED [ 96%]
2026-02-02T18:01:38.9291795Z tests/test_storage.py::TestWorkflowTestResult::test_test_result_repr PASSED [ 96%]
2026-02-02T18:01:38.9581058Z tests/test_storage.py::TestWorkflowTestResult::test_test_result_cascade_delete PASSED [ 96%]
2026-02-02T18:01:38.9702402Z tests/test_storage.py::TestCIFailurePattern::test_create_failure_pattern PASSED [ 97%]
2026-02-02T18:01:38.9716166Z tests/test_storage.py::TestCIFailurePattern::test_failure_pattern_repr PASSED [ 97%]
2026-02-02T18:01:38.9733945Z tests/test_storage.py::TestDatabaseManager::test_create_database_manager PASSED [ 98%]
2026-02-02T18:01:39.0040164Z tests/test_storage.py::TestDatabaseManager::test_initialize_database PASSED [ 98%]
2026-02-02T18:01:39.0063948Z tests/test_storage.py::TestDatabaseManager::test_get_session_without_initialize PASSED [ 98%]
2026-02-02T18:01:39.0649171Z tests/test_storage.py::TestDatabaseManager::test_reset_database PASSED   [ 99%]
2026-02-02T18:01:39.0934919Z tests/test_storage.py::TestDatabaseManager::test_context_manager PASSED  [ 99%]
2026-02-02T18:01:40.1015796Z tests/test_storage.py::TestDatabaseManager::test_in_memory_database PASSED [100%]
2026-02-02T18:01:40.1016721Z 
2026-02-02T18:01:40.1017091Z ================================ tests coverage ================================
2026-02-02T18:01:40.1018286Z _______________ coverage: platform linux, python 3.9.25-final-0 ________________
2026-02-02T18:01:40.1019045Z 
2026-02-02T18:01:40.1019373Z Name                                Stmts   Miss  Cover   Missing
2026-02-02T18:01:40.1020971Z -----------------------------------------------------------------
2026-02-02T18:01:40.1022370Z scout/__init__.py                       2      0   100%
2026-02-02T18:01:40.1023285Z scout/analysis.py                     153      1    99%   385
2026-02-02T18:01:40.1023946Z scout/ci/__init__.py                    2      0   100%
2026-02-02T18:01:40.1024602Z scout/ci/github_actions_client.py      84      5    94%   162-168
2026-02-02T18:01:40.1025678Z scout/failure_parser.py               314     22    93%   36, 129, 171, 183-188, 227, 239, 250, 266-267, 296-297, 397-398, 466, 581, 595-596, 704
2026-02-02T18:01:40.1026661Z scout/log_retrieval.py                146      0   100%
2026-02-02T18:01:40.1027269Z scout/parsers/__init__.py               2      0   100%
2026-02-02T18:01:40.1027887Z scout/parsers/ci_log_parser.py         96      4    96%   146, 204, 234, 318
2026-02-02T18:01:40.1028489Z scout/providers/__init__.py             3      0   100%
2026-02-02T18:01:40.1028995Z scout/providers/base.py                30      0   100%
2026-02-02T18:01:40.1029792Z scout/providers/github_actions.py      72      0   100%
2026-02-02T18:01:40.1030592Z scout/reporting.py                    265     20    92%   131, 136-141, 191, 198-199, 255-256, 293-294, 527, 532-533, 663, 665, 668, 671, 736
2026-02-02T18:01:40.1031366Z scout/storage/__init__.py               3      0   100%
2026-02-02T18:01:40.1032174Z scout/storage/database.py              45      7    84%   51-53, 71-73, 121
2026-02-02T18:01:40.1032809Z scout/storage/schema.py                69      0   100%
2026-02-02T18:01:40.1033301Z -----------------------------------------------------------------
2026-02-02T18:01:40.1033790Z TOTAL                                1286     59    95%
2026-02-02T18:01:40.1034204Z Coverage HTML written to dir htmlcov
2026-02-02T18:01:40.1034610Z Coverage XML written to file coverage.xml
2026-02-02T18:01:40.1035111Z Required test coverage of 90% reached. Total coverage: 95.41%
2026-02-02T18:01:40.1035682Z ============================= 251 passed in 3.35s ==============================
2026-02-02T18:01:40.2033865Z ##[group]Run actions/upload-artifact@v4
2026-02-02T18:01:40.2034162Z with:
2026-02-02T18:01:40.2034379Z   name: coverage-scout-ubuntu-latest-py3.9
2026-02-02T18:01:40.2034648Z   path: ./scout/coverage.xml
2026-02-02T18:01:40.2034870Z   retention-days: 30
2026-02-02T18:01:40.2035073Z   if-no-files-found: warn
2026-02-02T18:01:40.2035279Z   compression-level: 6
2026-02-02T18:01:40.2035477Z   overwrite: false
2026-02-02T18:01:40.2035667Z   include-hidden-files: false
2026-02-02T18:01:40.2035883Z env:
2026-02-02T18:01:40.2036107Z   pythonLocation: /opt/hostedtoolcache/Python/3.9.25/x64
2026-02-02T18:01:40.2036505Z   PKG_CONFIG_PATH: /opt/hostedtoolcache/Python/3.9.25/x64/lib/pkgconfig
2026-02-02T18:01:40.2036885Z   Python_ROOT_DIR: /opt/hostedtoolcache/Python/3.9.25/x64
2026-02-02T18:01:40.2037232Z   Python2_ROOT_DIR: /opt/hostedtoolcache/Python/3.9.25/x64
2026-02-02T18:01:40.2037581Z   Python3_ROOT_DIR: /opt/hostedtoolcache/Python/3.9.25/x64
2026-02-02T18:01:40.2037971Z   LD_LIBRARY_PATH: /opt/hostedtoolcache/Python/3.9.25/x64/lib
2026-02-02T18:01:40.2038259Z ##[endgroup]
2026-02-02T18:01:40.4290680Z With the provided path, there will be 1 file uploaded
2026-02-02T18:01:40.4296082Z Artifact name is valid!
2026-02-02T18:01:40.4297437Z Root directory input is valid!
2026-02-02T18:01:40.5955137Z Beginning upload of artifact content to blob storage
2026-02-02T18:01:40.7500149Z Uploaded bytes 3933
2026-02-02T18:01:40.7909924Z Finished uploading artifact content to blob storage!
2026-02-02T18:01:40.7913218Z SHA256 digest of uploaded artifact zip is f96bef98acb4f3084e11b58610eac9d5cfae004feab298716906d189344f3ce4
2026-02-02T18:01:40.7914677Z Finalizing artifact upload
2026-02-02T18:01:40.9234056Z Artifact coverage-scout-ubuntu-latest-py3.9.zip successfully finalized. Artifact ID 5347587223
2026-02-02T18:01:40.9235815Z Artifact coverage-scout-ubuntu-latest-py3.9 has been successfully uploaded! Final size is 3933 bytes. Artifact ID is 5347587223
2026-02-02T18:01:40.9242557Z Artifact download URL: https://github.com/lmvcruz/argos/actions/runs/21601435348/artifacts/5347587223
2026-02-02T18:01:40.9375575Z Post job cleanup.
2026-02-02T18:01:41.1027842Z Post job cleanup.
2026-02-02T18:01:41.2040767Z [command]/usr/bin/git version
2026-02-02T18:01:41.2094048Z git version 2.52.0
2026-02-02T18:01:41.2159342Z Temporarily overriding HOME='/home/runner/work/_temp/7a4e941c-09b8-49f4-b6ee-09e2ac5b8940' before making global git config changes
2026-02-02T18:01:41.2161297Z Adding repository directory to the temporary git global config as a safe directory
2026-02-02T18:01:41.2177387Z [command]/usr/bin/git config --global --add safe.directory /home/runner/work/argos/argos
2026-02-02T18:01:41.2220465Z [command]/usr/bin/git config --local --name-only --get-regexp core\.sshCommand
2026-02-02T18:01:41.2260529Z [command]/usr/bin/git submodule foreach --recursive sh -c "git config --local --name-only --get-regexp 'core\.sshCommand' && git config --local --unset-all 'core.sshCommand' || :"
2026-02-02T18:01:41.2572230Z [command]/usr/bin/git config --local --name-only --get-regexp http\.https\:\/\/github\.com\/\.extraheader
2026-02-02T18:01:41.2597416Z http.https://github.com/.extraheader
2026-02-02T18:01:41.2615114Z [command]/usr/bin/git config --local --unset-all http.https://github.com/.extraheader
2026-02-02T18:01:41.2650301Z [command]/usr/bin/git submodule foreach --recursive sh -c "git config --local --name-only --get-regexp 'http\.https\:\/\/github\.com\/\.extraheader' && git config --local --unset-all 'http.https://github.com/.extraheader' || :"
2026-02-02T18:01:41.2896651Z [command]/usr/bin/git config --local --name-only --get-regexp ^includeIf\.gitdir:
2026-02-02T18:01:41.2928127Z [command]/usr/bin/git submodule foreach --recursive git config --local --show-origin --name-only --get-regexp remote.origin.url
2026-02-02T18:01:41.3263514Z Cleaning up orphan processes
