2026-01-29T14:15:11.6065920Z Current runner version: '2.331.0'
2026-01-29T14:15:11.6086770Z ##[group]Runner Image Provisioner
2026-01-29T14:15:11.6087440Z Hosted Compute Agent
2026-01-29T14:15:11.6087840Z Version: 20260123.484
2026-01-29T14:15:11.6088280Z Commit: 6bd6555ca37d84114959e1c76d2c01448ff61c5d
2026-01-29T14:15:11.6088780Z Build Date: 2026-01-23T19:41:17Z
2026-01-29T14:15:11.6089340Z Worker ID: {3c005348-cd7c-41c6-ab4f-b56c24bf52c6}
2026-01-29T14:15:11.6089860Z Azure Region: westus
2026-01-29T14:15:11.6090230Z ##[endgroup]
2026-01-29T14:15:11.6091180Z ##[group]Operating System
2026-01-29T14:15:11.6091550Z macOS
2026-01-29T14:15:11.6091840Z 15.7.3
2026-01-29T14:15:11.6092180Z 24G419
2026-01-29T14:15:11.6092680Z ##[endgroup]
2026-01-29T14:15:11.6093070Z ##[group]Runner Image
2026-01-29T14:15:11.6093450Z Image: macos-15-arm64
2026-01-29T14:15:11.6093780Z Version: 20260127.0129.1
2026-01-29T14:15:11.6094780Z Included Software: https://github.com/actions/runner-images/blob/macos-15-arm64/20260127.0129/images/macos/macos-15-arm64-Readme.md
2026-01-29T14:15:11.6095880Z Image Release: https://github.com/actions/runner-images/releases/tag/macos-15-arm64%2F20260127.0129
2026-01-29T14:15:11.6096530Z ##[endgroup]
2026-01-29T14:15:11.6097380Z ##[group]GITHUB_TOKEN Permissions
2026-01-29T14:15:11.6099050Z Contents: read
2026-01-29T14:15:11.6099500Z Metadata: read
2026-01-29T14:15:11.6099880Z Packages: read
2026-01-29T14:15:11.6100230Z ##[endgroup]
2026-01-29T14:15:11.6102300Z Secret source: Actions
2026-01-29T14:15:11.6102780Z Prepare workflow directory
2026-01-29T14:15:11.6433270Z Prepare all required actions
2026-01-29T14:15:11.6464370Z Getting action download info
2026-01-29T14:15:12.1007710Z Download action repository 'actions/checkout@v4' (SHA:34e114876b0b11c390a56381ad16ebd13914f8d5)
2026-01-29T14:15:12.4959070Z Download action repository 'actions/setup-python@v5' (SHA:a26af69be951a213d495a4c3e4e4022e16d87065)
2026-01-29T14:15:12.6721640Z Download action repository 'codecov/codecov-action@v4' (SHA:b9fd7d16f6d7d1b5d2bec1a2887e65ceed900238)
2026-01-29T14:15:13.9376440Z Complete job name: test (macos-latest, 3.8)
2026-01-29T14:15:14.0031110Z ##[group]Run actions/checkout@v4
2026-01-29T14:15:14.0032080Z with:
2026-01-29T14:15:14.0032600Z   repository: lmvcruz/argos
2026-01-29T14:15:14.0033500Z   token: ***
2026-01-29T14:15:14.0034000Z   ssh-strict: true
2026-01-29T14:15:14.0034500Z   ssh-user: git
2026-01-29T14:15:14.0035050Z   persist-credentials: true
2026-01-29T14:15:14.0035630Z   clean: true
2026-01-29T14:15:14.0036180Z   sparse-checkout-cone-mode: true
2026-01-29T14:15:14.0036830Z   fetch-depth: 1
2026-01-29T14:15:14.0037350Z   fetch-tags: false
2026-01-29T14:15:14.0037900Z   show-progress: true
2026-01-29T14:15:14.0038440Z   lfs: false
2026-01-29T14:15:14.0038930Z   submodules: false
2026-01-29T14:15:14.0039460Z   set-safe-directory: true
2026-01-29T14:15:14.0040230Z ##[endgroup]
2026-01-29T14:15:14.5268000Z Syncing repository: lmvcruz/argos
2026-01-29T14:15:14.5274260Z ##[group]Getting Git version info
2026-01-29T14:15:14.5275220Z Working directory is '/Users/runner/work/argos/argos'
2026-01-29T14:15:14.5276700Z [command]/opt/homebrew/bin/git version
2026-01-29T14:15:14.6330060Z git version 2.52.0
2026-01-29T14:15:14.6372110Z ##[endgroup]
2026-01-29T14:15:14.6386240Z Copying '/Users/runner/.gitconfig' to '/Users/runner/work/_temp/0456748d-77a6-4f92-b154-7dcc1054922a/.gitconfig'
2026-01-29T14:15:14.6406960Z Temporarily overriding HOME='/Users/runner/work/_temp/0456748d-77a6-4f92-b154-7dcc1054922a' before making global git config changes
2026-01-29T14:15:14.6415130Z Adding repository directory to the temporary git global config as a safe directory
2026-01-29T14:15:14.6420240Z [command]/opt/homebrew/bin/git config --global --add safe.directory /Users/runner/work/argos/argos
2026-01-29T14:15:14.7013960Z Deleting the contents of '/Users/runner/work/argos/argos'
2026-01-29T14:15:14.7016260Z ##[group]Initializing the repository
2026-01-29T14:15:14.7053920Z [command]/opt/homebrew/bin/git init /Users/runner/work/argos/argos
2026-01-29T14:15:14.7667400Z hint: Using 'master' as the name for the initial branch. This default branch name
2026-01-29T14:15:14.7670120Z hint: will change to "main" in Git 3.0. To configure the initial branch name
2026-01-29T14:15:14.7671580Z hint: to use in all of your new repositories, which will suppress this warning,
2026-01-29T14:15:14.7672620Z hint: call:
2026-01-29T14:15:14.7673190Z hint:
2026-01-29T14:15:14.7674030Z hint: 	git config --global init.defaultBranch <name>
2026-01-29T14:15:14.7674860Z hint:
2026-01-29T14:15:14.7675670Z hint: Names commonly chosen instead of 'master' are 'main', 'trunk' and
2026-01-29T14:15:14.7677090Z hint: 'development'. The just-created branch can be renamed via this command:
2026-01-29T14:15:14.7678170Z hint:
2026-01-29T14:15:14.7678750Z hint: 	git branch -m <name>
2026-01-29T14:15:14.7679440Z hint:
2026-01-29T14:15:14.7680320Z hint: Disable this message with "git config set advice.defaultBranchName false"
2026-01-29T14:15:14.7699630Z Initialized empty Git repository in /Users/runner/work/argos/argos/.git/
2026-01-29T14:15:14.7710570Z [command]/opt/homebrew/bin/git remote add origin https://github.com/lmvcruz/argos
2026-01-29T14:15:14.7900240Z ##[endgroup]
2026-01-29T14:15:14.7901480Z ##[group]Disabling automatic garbage collection
2026-01-29T14:15:14.7902520Z [command]/opt/homebrew/bin/git config --local gc.auto 0
2026-01-29T14:15:14.7979960Z ##[endgroup]
2026-01-29T14:15:14.7987480Z ##[group]Setting up auth
2026-01-29T14:15:14.7994090Z [command]/opt/homebrew/bin/git config --local --name-only --get-regexp core\.sshCommand
2026-01-29T14:15:14.8182590Z [command]/opt/homebrew/bin/git submodule foreach --recursive sh -c "git config --local --name-only --get-regexp 'core\.sshCommand' && git config --local --unset-all 'core.sshCommand' || :"
2026-01-29T14:15:15.0550000Z [command]/opt/homebrew/bin/git config --local --name-only --get-regexp http\.https\:\/\/github\.com\/\.extraheader
2026-01-29T14:15:15.0832380Z [command]/opt/homebrew/bin/git submodule foreach --recursive sh -c "git config --local --name-only --get-regexp 'http\.https\:\/\/github\.com\/\.extraheader' && git config --local --unset-all 'http.https://github.com/.extraheader' || :"
2026-01-29T14:15:15.2429600Z [command]/opt/homebrew/bin/git config --local --name-only --get-regexp ^includeIf\.gitdir:
2026-01-29T14:15:15.2499600Z [command]/opt/homebrew/bin/git submodule foreach --recursive git config --local --show-origin --name-only --get-regexp remote.origin.url
2026-01-29T14:15:15.4507220Z [command]/opt/homebrew/bin/git config --local http.https://github.com/.extraheader AUTHORIZATION: basic ***
2026-01-29T14:15:15.4630170Z ##[endgroup]
2026-01-29T14:15:15.4698090Z ##[group]Fetching the repository
2026-01-29T14:15:15.4701950Z [command]/opt/homebrew/bin/git -c protocol.version=2 fetch --no-tags --prune --no-recurse-submodules --depth=1 origin +cfd8576f3827f0bda9b9b8d0fdade46b560a61d9:refs/remotes/origin/main
2026-01-29T14:15:16.2839570Z From https://github.com/lmvcruz/argos
2026-01-29T14:15:16.2840360Z  * [new ref]         cfd8576f3827f0bda9b9b8d0fdade46b560a61d9 -> origin/main
2026-01-29T14:15:16.2992880Z ##[endgroup]
2026-01-29T14:15:16.2993250Z ##[group]Determining the checkout info
2026-01-29T14:15:16.2998410Z ##[endgroup]
2026-01-29T14:15:16.3007660Z [command]/opt/homebrew/bin/git sparse-checkout disable
2026-01-29T14:15:16.3168970Z [command]/opt/homebrew/bin/git config --local --unset-all extensions.worktreeConfig
2026-01-29T14:15:16.3256930Z ##[group]Checking out the ref
2026-01-29T14:15:16.3258440Z [command]/opt/homebrew/bin/git checkout --progress --force -B main refs/remotes/origin/main
2026-01-29T14:15:16.3574090Z Switched to a new branch 'main'
2026-01-29T14:15:16.3577280Z branch 'main' set up to track 'origin/main'.
2026-01-29T14:15:16.3583810Z ##[endgroup]
2026-01-29T14:15:16.3689740Z [command]/opt/homebrew/bin/git log -1 --format=%H
2026-01-29T14:15:16.3790280Z cfd8576f3827f0bda9b9b8d0fdade46b560a61d9
2026-01-29T14:15:16.4246160Z ##[group]Run actions/setup-python@v5
2026-01-29T14:15:16.4246530Z with:
2026-01-29T14:15:16.4246760Z   python-version: 3.8
2026-01-29T14:15:16.4247320Z   check-latest: false
2026-01-29T14:15:16.4247740Z   token: ***
2026-01-29T14:15:16.4247980Z   update-environment: true
2026-01-29T14:15:16.4248310Z   allow-prereleases: false
2026-01-29T14:15:16.4248550Z   freethreaded: false
2026-01-29T14:15:16.4248800Z ##[endgroup]
2026-01-29T14:15:16.6621330Z ##[group]Installed versions
2026-01-29T14:15:16.6712810Z Version 3.8 was not found in the local cache
2026-01-29T14:15:17.7522550Z Version 3.8 is available for downloading
2026-01-29T14:15:17.7523150Z Download from "https://github.com/actions/python-versions/releases/download/3.8.10-8879978422/python-3.8.10-darwin-arm64.tar.gz"
2026-01-29T14:15:18.3868220Z Extract downloaded archive
2026-01-29T14:15:18.4002460Z [command]/usr/bin/tar xz -C /Users/runner/work/_temp/6ab883b1-66b4-4ff0-904a-ce3ca62c1194 -f /Users/runner/work/_temp/5741312a-164f-4028-97a6-eda28f09610f
2026-01-29T14:15:18.4598390Z Execute installation script
2026-01-29T14:15:18.4806450Z Check if Python hostedtoolcache folder exist...
2026-01-29T14:15:18.4866890Z Install Python binaries from prebuilt package
2026-01-29T14:15:58.8571180Z installer: Package name is Python
2026-01-29T14:15:58.8572660Z installer: Upgrading at base path /
2026-01-29T14:15:58.8573320Z installer: The upgrade was successful.
2026-01-29T14:15:58.8579900Z Create hostedtoolcach symlinks (Required for the backward compatibility)
2026-01-29T14:15:58.8584460Z Create Python 3.8.10 folder
2026-01-29T14:15:58.8739890Z Create additional symlinks (Required for the UsePythonVersion Azure Pipelines task and the setup-python GitHub Action)
2026-01-29T14:15:58.8873220Z Upgrading pip...
2026-01-29T14:16:00.1944370Z Looking in links: /var/folders/yz/zr09txvs5dn18vt4cn21kzl40000gn/T/tmpd5038e48
2026-01-29T14:16:00.2052310Z Requirement already satisfied: setuptools in /Library/Frameworks/Python.framework/Versions/3.8/lib/python3.8/site-packages (56.0.0)
2026-01-29T14:16:00.2162360Z Requirement already satisfied: pip in /Library/Frameworks/Python.framework/Versions/3.8/lib/python3.8/site-packages (21.1.1)
2026-01-29T14:16:00.7556340Z Collecting pip
2026-01-29T14:16:00.8147360Z Downloading pip-25.0.1-py3-none-any.whl (1.8 MB)
2026-01-29T14:16:00.8996230Z Installing collected packages: pip
2026-01-29T14:16:01.5724900Z Successfully installed pip-25.0.1
2026-01-29T14:16:01.5961540Z Install OpenSSL certificates
2026-01-29T14:16:02.1873740Z Collecting certifi
2026-01-29T14:16:02.1894850Z Using cached certifi-2026.1.4-py3-none-any.whl.metadata (2.5 kB)
2026-01-29T14:16:02.1929760Z Using cached certifi-2026.1.4-py3-none-any.whl (152 kB)
2026-01-29T14:16:02.2009110Z Installing collected packages: certifi
2026-01-29T14:16:02.2076650Z Successfully installed certifi-2026.1.4
2026-01-29T14:16:02.2642370Z ##[error][notice] A new release of pip is available: 21.1.1 -> 25.0.1
[notice] To update, run: python3.8 -m pip install --upgrade pip
2026-01-29T14:16:02.3035370Z -- pip install --upgrade certifi
2026-01-29T14:16:02.3045210Z  -- removing any existing file or link
2026-01-29T14:16:02.3046180Z  -- creating symlink to certifi certificate bundle
2026-01-29T14:16:02.3046990Z  -- setting permissions
2026-01-29T14:16:02.3050510Z  -- update complete
2026-01-29T14:16:02.3082700Z Create complete file
2026-01-29T14:16:02.3170820Z Successfully set up CPython (3.8.10)
2026-01-29T14:16:02.3171800Z ##[endgroup]
2026-01-29T14:16:02.3341480Z ##[group]Run python -m pip install --upgrade pip
2026-01-29T14:16:02.3341960Z [36;1mpython -m pip install --upgrade pip[0m
2026-01-29T14:16:02.3342240Z [36;1mpip install -r requirements.txt[0m
2026-01-29T14:16:02.3504580Z shell: /bin/bash -e {0}
2026-01-29T14:16:02.3504970Z env:
2026-01-29T14:16:02.3506860Z   pythonLocation: /Users/runner/hostedtoolcache/Python/3.8.10/arm64
2026-01-29T14:16:02.3508470Z   PKG_CONFIG_PATH: /Users/runner/hostedtoolcache/Python/3.8.10/arm64/lib/pkgconfig
2026-01-29T14:16:02.3510980Z   Python_ROOT_DIR: /Users/runner/hostedtoolcache/Python/3.8.10/arm64
2026-01-29T14:16:02.3511870Z   Python2_ROOT_DIR: /Users/runner/hostedtoolcache/Python/3.8.10/arm64
2026-01-29T14:16:02.3522470Z   Python3_ROOT_DIR: /Users/runner/hostedtoolcache/Python/3.8.10/arm64
2026-01-29T14:16:02.3523100Z ##[endgroup]
2026-01-29T14:16:02.7608960Z Requirement already satisfied: pip in /Library/Frameworks/Python.framework/Versions/3.8/lib/python3.8/site-packages (21.1.1)
2026-01-29T14:16:02.8182710Z Collecting pip
2026-01-29T14:16:02.8687640Z   Downloading pip-25.0.1-py3-none-any.whl.metadata (3.7 kB)
2026-01-29T14:16:02.9165350Z Downloading pip-25.0.1-py3-none-any.whl (1.8 MB)
2026-01-29T14:16:02.9898110Z    ━━━━━━━━━━━━━━━━━━━━━━━━━━━━━━━━━━━━━━━━ 1.8/1.8 MB 38.6 MB/s eta 0:00:00
2026-01-29T14:16:03.0025340Z Installing collected packages: pip
2026-01-29T14:16:03.0025700Z   Attempting uninstall: pip
2026-01-29T14:16:03.0028980Z     Found existing installation: pip 21.1.1
2026-01-29T14:16:03.0335080Z     Uninstalling pip-21.1.1:
2026-01-29T14:16:03.1863190Z       Successfully uninstalled pip-21.1.1
2026-01-29T14:16:03.9025330Z Successfully installed pip-25.0.1
2026-01-29T14:16:04.3002080Z Collecting pytest>=7.4.0 (from -r requirements.txt (line 5))
2026-01-29T14:16:04.3391410Z   Downloading pytest-8.3.5-py3-none-any.whl.metadata (7.6 kB)
2026-01-29T14:16:04.3688200Z Collecting pytest-cov>=4.1.0 (from -r requirements.txt (line 6))
2026-01-29T14:16:04.3822950Z   Downloading pytest_cov-5.0.0-py3-none-any.whl.metadata (27 kB)
2026-01-29T14:16:04.4495570Z Collecting pytest-mock>=3.11.1 (from -r requirements.txt (line 7))
2026-01-29T14:16:04.4629590Z   Downloading pytest_mock-3.14.1-py3-none-any.whl.metadata (3.9 kB)
2026-01-29T14:16:04.5592770Z Collecting psutil>=5.9.0 (from -r requirements.txt (line 8))
2026-01-29T14:16:04.5736010Z   Downloading psutil-7.2.2-cp36-abi3-macosx_11_0_arm64.whl.metadata (22 kB)
2026-01-29T14:16:04.6236260Z Collecting black>=23.7.0 (from -r requirements.txt (line 11))
2026-01-29T14:16:04.6369290Z   Downloading black-24.8.0-cp38-cp38-macosx_11_0_arm64.whl.metadata (78 kB)
2026-01-29T14:16:04.6751340Z Collecting flake8>=6.1.0 (from -r requirements.txt (line 12))
2026-01-29T14:16:04.6870770Z   Downloading flake8-7.1.2-py2.py3-none-any.whl.metadata (3.8 kB)
2026-01-29T14:16:04.7600080Z Collecting mypy>=1.5.0 (from -r requirements.txt (line 13))
2026-01-29T14:16:04.7728390Z   Downloading mypy-1.14.1-cp38-cp38-macosx_11_0_arm64.whl.metadata (2.1 kB)
2026-01-29T14:16:04.7974010Z Collecting radon>=6.0.1 (from -r requirements.txt (line 16))
2026-01-29T14:16:04.8099020Z   Downloading radon-6.0.1-py2.py3-none-any.whl.metadata (8.2 kB)
2026-01-29T14:16:04.8452030Z Collecting pylint>=3.0.0 (from -r requirements.txt (line 17))
2026-01-29T14:16:04.8581520Z   Downloading pylint-3.2.7-py3-none-any.whl.metadata (12 kB)
2026-01-29T14:16:04.8894620Z Collecting isort>=5.12.0 (from -r requirements.txt (line 20))
2026-01-29T14:16:04.9010420Z   Downloading isort-5.13.2-py3-none-any.whl.metadata (12 kB)
2026-01-29T14:16:04.9232190Z Collecting autoflake>=2.2.1 (from -r requirements.txt (line 21))
2026-01-29T14:16:04.9359570Z   Downloading autoflake-2.3.1-py3-none-any.whl.metadata (7.6 kB)
2026-01-29T14:16:04.9611180Z Collecting vulture>=2.10 (from -r requirements.txt (line 24))
2026-01-29T14:16:04.9746080Z   Downloading vulture-2.14-py2.py3-none-any.whl.metadata (24 kB)
2026-01-29T14:16:04.9956450Z Collecting exceptiongroup>=1.0.0rc8 (from pytest>=7.4.0->-r requirements.txt (line 5))
2026-01-29T14:16:05.0071560Z   Downloading exceptiongroup-1.3.1-py3-none-any.whl.metadata (6.7 kB)
2026-01-29T14:16:05.0242860Z Collecting iniconfig (from pytest>=7.4.0->-r requirements.txt (line 5))
2026-01-29T14:16:05.0353670Z   Downloading iniconfig-2.1.0-py3-none-any.whl.metadata (2.7 kB)
2026-01-29T14:16:05.0569580Z Collecting packaging (from pytest>=7.4.0->-r requirements.txt (line 5))
2026-01-29T14:16:05.0684080Z   Downloading packaging-26.0-py3-none-any.whl.metadata (3.3 kB)
2026-01-29T14:16:05.0890490Z Collecting pluggy<2,>=1.5 (from pytest>=7.4.0->-r requirements.txt (line 5))
2026-01-29T14:16:05.1011740Z   Downloading pluggy-1.5.0-py3-none-any.whl.metadata (4.8 kB)
2026-01-29T14:16:05.1257100Z Collecting tomli>=1 (from pytest>=7.4.0->-r requirements.txt (line 5))
2026-01-29T14:16:05.1379060Z   Downloading tomli-2.4.0-py3-none-any.whl.metadata (10 kB)
2026-01-29T14:16:05.3861420Z Collecting coverage>=5.2.1 (from coverage[toml]>=5.2.1->pytest-cov>=4.1.0->-r requirements.txt (line 6))
2026-01-29T14:16:05.3984640Z   Downloading coverage-7.6.1-cp38-cp38-macosx_11_0_arm64.whl.metadata (8.3 kB)
2026-01-29T14:16:05.4304440Z Collecting click>=8.0.0 (from black>=23.7.0->-r requirements.txt (line 11))
2026-01-29T14:16:05.4415850Z   Downloading click-8.1.8-py3-none-any.whl.metadata (2.3 kB)
2026-01-29T14:16:05.4588020Z Collecting mypy-extensions>=0.4.3 (from black>=23.7.0->-r requirements.txt (line 11))
2026-01-29T14:16:05.4701980Z   Downloading mypy_extensions-1.1.0-py3-none-any.whl.metadata (1.1 kB)
2026-01-29T14:16:05.4918370Z Collecting pathspec>=0.9.0 (from black>=23.7.0->-r requirements.txt (line 11))
2026-01-29T14:16:05.5048190Z   Downloading pathspec-0.12.1-py3-none-any.whl.metadata (21 kB)
2026-01-29T14:16:05.5317500Z Collecting platformdirs>=2 (from black>=23.7.0->-r requirements.txt (line 11))
2026-01-29T14:16:05.5433610Z   Downloading platformdirs-4.3.6-py3-none-any.whl.metadata (11 kB)
2026-01-29T14:16:05.6012550Z Collecting typing-extensions>=4.0.1 (from black>=23.7.0->-r requirements.txt (line 11))
2026-01-29T14:16:05.6129220Z   Downloading typing_extensions-4.13.2-py3-none-any.whl.metadata (3.0 kB)
2026-01-29T14:16:05.6317700Z Collecting mccabe<0.8.0,>=0.7.0 (from flake8>=6.1.0->-r requirements.txt (line 12))
2026-01-29T14:16:05.6429090Z   Downloading mccabe-0.7.0-py2.py3-none-any.whl.metadata (5.0 kB)
2026-01-29T14:16:05.6627160Z Collecting pycodestyle<2.13.0,>=2.12.0 (from flake8>=6.1.0->-r requirements.txt (line 12))
2026-01-29T14:16:05.6738110Z   Downloading pycodestyle-2.12.1-py2.py3-none-any.whl.metadata (4.5 kB)
2026-01-29T14:16:05.6939480Z Collecting pyflakes<3.3.0,>=3.2.0 (from flake8>=6.1.0->-r requirements.txt (line 12))
2026-01-29T14:16:05.7052100Z   Downloading pyflakes-3.2.0-py2.py3-none-any.whl.metadata (3.5 kB)
2026-01-29T14:16:05.7285430Z Collecting mando<0.8,>=0.6 (from radon>=6.0.1->-r requirements.txt (line 16))
2026-01-29T14:16:05.7408570Z   Downloading mando-0.7.1-py2.py3-none-any.whl.metadata (7.4 kB)
2026-01-29T14:16:05.7661590Z Collecting colorama>=0.4.1 (from radon>=6.0.1->-r requirements.txt (line 16))
2026-01-29T14:16:05.7804440Z   Downloading colorama-0.4.6-py2.py3-none-any.whl.metadata (17 kB)
2026-01-29T14:16:05.8292550Z Collecting astroid<=3.3.0-dev0,>=3.2.4 (from pylint>=3.0.0->-r requirements.txt (line 17))
2026-01-29T14:16:05.8412810Z   Downloading astroid-3.2.4-py3-none-any.whl.metadata (4.5 kB)
2026-01-29T14:16:05.8775700Z Collecting tomlkit>=0.10.1 (from pylint>=3.0.0->-r requirements.txt (line 17))
2026-01-29T14:16:05.8895640Z   Downloading tomlkit-0.13.3-py3-none-any.whl.metadata (2.8 kB)
2026-01-29T14:16:05.9121610Z Collecting dill>=0.2 (from pylint>=3.0.0->-r requirements.txt (line 17))
2026-01-29T14:16:05.9243570Z   Downloading dill-0.4.0-py3-none-any.whl.metadata (10 kB)
2026-01-29T14:16:05.9736680Z Collecting six (from mando<0.8,>=0.6->radon>=6.0.1->-r requirements.txt (line 16))
2026-01-29T14:16:05.9866320Z   Downloading six-1.17.0-py2.py3-none-any.whl.metadata (1.7 kB)
2026-01-29T14:16:06.0096820Z Downloading pytest-8.3.5-py3-none-any.whl (343 kB)
2026-01-29T14:16:06.0354430Z Downloading pytest_cov-5.0.0-py3-none-any.whl (21 kB)
2026-01-29T14:16:06.0490300Z Downloading pytest_mock-3.14.1-py3-none-any.whl (9.9 kB)
2026-01-29T14:16:06.0626570Z Downloading psutil-7.2.2-cp36-abi3-macosx_11_0_arm64.whl (129 kB)
2026-01-29T14:16:06.0800810Z Downloading black-24.8.0-cp38-cp38-macosx_11_0_arm64.whl (1.4 MB)
2026-01-29T14:16:06.1038410Z    ━━━━━━━━━━━━━━━━━━━━━━━━━━━━━━━━━━━━━━━━ 1.4/1.4 MB 55.3 MB/s eta 0:00:00
2026-01-29T14:16:06.1154070Z Downloading flake8-7.1.2-py2.py3-none-any.whl (57 kB)
2026-01-29T14:16:06.1308640Z Downloading mypy-1.14.1-cp38-cp38-macosx_11_0_arm64.whl (10.3 MB)
2026-01-29T14:16:06.2451920Z    ━━━━━━━━━━━━━━━━━━━━━━━━━━━━━━━━━━━━━━━━ 10.3/10.3 MB 92.0 MB/s eta 0:00:00
2026-01-29T14:16:06.2626620Z Downloading radon-6.0.1-py2.py3-none-any.whl (52 kB)
2026-01-29T14:16:06.2790720Z Downloading pylint-3.2.7-py3-none-any.whl (519 kB)
2026-01-29T14:16:06.2944760Z Downloading isort-5.13.2-py3-none-any.whl (92 kB)
2026-01-29T14:16:06.3127390Z Downloading autoflake-2.3.1-py3-none-any.whl (32 kB)
2026-01-29T14:16:06.3273260Z Downloading vulture-2.14-py2.py3-none-any.whl (28 kB)
2026-01-29T14:16:06.3430890Z Downloading astroid-3.2.4-py3-none-any.whl (276 kB)
2026-01-29T14:16:06.3577080Z Downloading click-8.1.8-py3-none-any.whl (98 kB)
2026-01-29T14:16:06.3827010Z Downloading colorama-0.4.6-py2.py3-none-any.whl (25 kB)
2026-01-29T14:16:06.4103000Z Downloading coverage-7.6.1-cp38-cp38-macosx_11_0_arm64.whl (207 kB)
2026-01-29T14:16:06.4251700Z Downloading dill-0.4.0-py3-none-any.whl (119 kB)
2026-01-29T14:16:06.4388460Z Downloading exceptiongroup-1.3.1-py3-none-any.whl (16 kB)
2026-01-29T14:16:06.4532940Z Downloading mando-0.7.1-py2.py3-none-any.whl (28 kB)
2026-01-29T14:16:06.4688930Z Downloading mccabe-0.7.0-py2.py3-none-any.whl (7.3 kB)
2026-01-29T14:16:06.4824950Z Downloading mypy_extensions-1.1.0-py3-none-any.whl (5.0 kB)
2026-01-29T14:16:06.4968230Z Downloading packaging-26.0-py3-none-any.whl (74 kB)
2026-01-29T14:16:06.5106260Z Downloading pathspec-0.12.1-py3-none-any.whl (31 kB)
2026-01-29T14:16:06.5243690Z Downloading platformdirs-4.3.6-py3-none-any.whl (18 kB)
2026-01-29T14:16:06.5388860Z Downloading pluggy-1.5.0-py3-none-any.whl (20 kB)
2026-01-29T14:16:06.5524140Z Downloading pycodestyle-2.12.1-py2.py3-none-any.whl (31 kB)
2026-01-29T14:16:06.5658970Z Downloading pyflakes-3.2.0-py2.py3-none-any.whl (62 kB)
2026-01-29T14:16:06.5811220Z Downloading tomli-2.4.0-py3-none-any.whl (14 kB)
2026-01-29T14:16:06.5964650Z Downloading tomlkit-0.13.3-py3-none-any.whl (38 kB)
2026-01-29T14:16:06.6111800Z Downloading typing_extensions-4.13.2-py3-none-any.whl (45 kB)
2026-01-29T14:16:06.6266250Z Downloading iniconfig-2.1.0-py3-none-any.whl (6.0 kB)
2026-01-29T14:16:06.6485510Z Downloading six-1.17.0-py2.py3-none-any.whl (11 kB)
2026-01-29T14:16:06.7342230Z Installing collected packages: typing-extensions, tomlkit, tomli, six, pyflakes, pycodestyle, psutil, pluggy, platformdirs, pathspec, packaging, mypy-extensions, mccabe, isort, iniconfig, dill, coverage, colorama, click, vulture, mypy, mando, flake8, exceptiongroup, black, autoflake, astroid, radon, pytest, pylint, pytest-mock, pytest-cov
2026-01-29T14:16:08.8385600Z Successfully installed astroid-3.2.4 autoflake-2.3.1 black-24.8.0 click-8.1.8 colorama-0.4.6 coverage-7.6.1 dill-0.4.0 exceptiongroup-1.3.1 flake8-7.1.2 iniconfig-2.1.0 isort-5.13.2 mando-0.7.1 mccabe-0.7.0 mypy-1.14.1 mypy-extensions-1.1.0 packaging-26.0 pathspec-0.12.1 platformdirs-4.3.6 pluggy-1.5.0 psutil-7.2.2 pycodestyle-2.12.1 pyflakes-3.2.0 pylint-3.2.7 pytest-8.3.5 pytest-cov-5.0.0 pytest-mock-3.14.1 radon-6.0.1 six-1.17.0 tomli-2.4.0 tomlkit-0.13.3 typing-extensions-4.13.2 vulture-2.14
2026-01-29T14:16:08.9209430Z ##[group]Run pytest --cov=forge --cov-report=xml --cov-report=term-missing
2026-01-29T14:16:08.9209930Z [36;1mpytest --cov=forge --cov-report=xml --cov-report=term-missing[0m
2026-01-29T14:16:08.9246460Z shell: /bin/bash -e {0}
2026-01-29T14:16:08.9246710Z env:
2026-01-29T14:16:08.9246960Z   pythonLocation: /Users/runner/hostedtoolcache/Python/3.8.10/arm64
2026-01-29T14:16:08.9247440Z   PKG_CONFIG_PATH: /Users/runner/hostedtoolcache/Python/3.8.10/arm64/lib/pkgconfig
2026-01-29T14:16:08.9247860Z   Python_ROOT_DIR: /Users/runner/hostedtoolcache/Python/3.8.10/arm64
2026-01-29T14:16:08.9248240Z   Python2_ROOT_DIR: /Users/runner/hostedtoolcache/Python/3.8.10/arm64
2026-01-29T14:16:08.9248680Z   Python3_ROOT_DIR: /Users/runner/hostedtoolcache/Python/3.8.10/arm64
2026-01-29T14:16:08.9248980Z ##[endgroup]
2026-01-29T14:16:09.2243410Z ============================= test session starts ==============================
2026-01-29T14:16:09.2380910Z platform darwin -- Python 3.8.10, pytest-8.3.5, pluggy-1.5.0 -- /Library/Frameworks/Python.framework/Versions/3.8/bin/python
2026-01-29T14:16:09.2400760Z cachedir: .pytest_cache
2026-01-29T14:16:09.2401290Z rootdir: /Users/runner/work/argos/argos/forge
2026-01-29T14:16:09.2401660Z configfile: pytest.ini
2026-01-29T14:16:09.2402460Z testpaths: tests
2026-01-29T14:16:09.2402830Z plugins: cov-5.0.0, mock-3.14.1
2026-01-29T14:16:10.5018240Z collecting ... collected 739 items
2026-01-29T14:16:10.5019920Z 
2026-01-29T14:16:10.5031290Z tests/test_argument_errors.py::TestArgumentErrorCreation::test_argument_error_with_single_message PASSED [  0%]
2026-01-29T14:16:10.5036790Z tests/test_argument_errors.py::TestArgumentErrorCreation::test_argument_error_with_validation_error PASSED [  0%]
2026-01-29T14:16:10.5043050Z tests/test_argument_errors.py::TestArgumentErrorCreation::test_argument_error_has_exit_code PASSED [  0%]
2026-01-29T14:16:10.5049540Z tests/test_argument_errors.py::TestArgumentErrorCreation::test_argument_error_preserves_original_exception PASSED [  0%]
2026-01-29T14:16:10.5055900Z tests/test_argument_errors.py::TestErrorMessageFormatting::test_formatted_error_includes_error_prefix PASSED [  0%]
2026-01-29T14:16:10.5067510Z tests/test_argument_errors.py::TestErrorMessageFormatting::test_formatted_error_includes_message PASSED [  0%]
2026-01-29T14:16:10.5077340Z tests/test_argument_errors.py::TestErrorMessageFormatting::test_formatted_error_includes_help_reference PASSED [  0%]
2026-01-29T14:16:10.5083830Z tests/test_argument_errors.py::TestErrorMessageFormatting::test_formatted_error_suggests_fixes PASSED [  1%]
2026-01-29T14:16:10.5091080Z tests/test_argument_errors.py::TestColoredOutput::test_plain_output_no_ansi_codes PASSED [  1%]
2026-01-29T14:16:10.5097840Z tests/test_argument_errors.py::TestColoredOutput::test_colored_output_has_ansi_codes PASSED [  1%]
2026-01-29T14:16:10.5106130Z tests/test_argument_errors.py::TestColoredOutput::test_colored_output_resets_at_end PASSED [  1%]
2026-01-29T14:16:10.5113900Z tests/test_argument_errors.py::TestColoredOutput::test_color_auto_detection PASSED [  1%]
2026-01-29T14:16:10.5126860Z tests/test_argument_errors.py::TestColoredOutput::test_color_detection_on_unix PASSED [  1%]
2026-01-29T14:16:10.5147990Z tests/test_argument_errors.py::TestColoredOutput::test_color_detection_on_windows_with_wt PASSED [  1%]
2026-01-29T14:16:10.5159220Z tests/test_argument_errors.py::TestColoredOutput::test_color_detection_no_tty PASSED [  2%]
2026-01-29T14:16:10.5166160Z tests/test_argument_errors.py::TestMultiLineErrors::test_multiline_error_preserves_structure PASSED [  2%]
2026-01-29T14:16:10.5173820Z tests/test_argument_errors.py::TestMultiLineErrors::test_error_with_suggestion_on_new_line PASSED [  2%]
2026-01-29T14:16:10.5181570Z tests/test_argument_errors.py::TestErrorContextInformation::test_error_includes_command_example PASSED [  2%]
2026-01-29T14:16:10.5188780Z tests/test_argument_errors.py::TestErrorContextInformation::test_error_shows_problematic_path PASSED [  2%]
2026-01-29T14:16:10.5194520Z tests/test_argument_errors.py::TestErrorContextInformation::test_error_references_documentation PASSED [  2%]
2026-01-29T14:16:10.5201340Z tests/test_argument_errors.py::TestValidationErrorConversion::test_convert_simple_validation_error PASSED [  2%]
2026-01-29T14:16:10.5206810Z tests/test_argument_errors.py::TestValidationErrorConversion::test_convert_validation_error_extracts_suggestion PASSED [  2%]
2026-01-29T14:16:10.5212210Z tests/test_argument_errors.py::TestValidationErrorConversion::test_convert_validation_error_adds_help_reference PASSED [  3%]
2026-01-29T14:16:10.5217390Z tests/test_argument_errors.py::TestErrorExitCodes::test_validation_error_has_exit_code_2 PASSED [  3%]
2026-01-29T14:16:10.5222740Z tests/test_argument_errors.py::TestErrorExitCodes::test_can_override_exit_code PASSED [  3%]
2026-01-29T14:16:10.5228020Z tests/test_argument_errors.py::TestErrorStringRepresentation::test_str_representation_is_user_friendly PASSED [  3%]
2026-01-29T14:16:10.5233750Z tests/test_argument_errors.py::TestErrorStringRepresentation::test_repr_includes_class_info PASSED [  3%]
2026-01-29T14:16:10.5278250Z tests/test_argument_parser.py::TestBasicParsing::test_parse_with_only_required_build_dir PASSED [  3%]
2026-01-29T14:16:10.5298280Z tests/test_argument_parser.py::TestBasicParsing::test_parse_with_source_dir_and_build_dir PASSED [  3%]
2026-01-29T14:16:10.5321580Z tests/test_argument_parser.py::TestBasicParsing::test_parse_with_all_optional_arguments PASSED [  4%]
2026-01-29T14:16:10.5359180Z tests/test_argument_parser.py::TestCMakeArguments::test_parse_cmake_args_single_value PASSED [  4%]
2026-01-29T14:16:10.5360490Z tests/test_argument_parser.py::TestCMakeArguments::test_parse_cmake_args_multiple_values PASSED [  4%]
2026-01-29T14:16:10.5383410Z tests/test_argument_parser.py::TestCMakeArguments::test_parse_build_args_single_value PASSED [  4%]
2026-01-29T14:16:10.5419640Z tests/test_argument_parser.py::TestCMakeArguments::test_parse_build_args_multiple_values PASSED [  4%]
2026-01-29T14:16:10.5426030Z tests/test_argument_parser.py::TestFlags::test_parse_verbose_flag PASSED [  4%]
2026-01-29T14:16:10.5440610Z tests/test_argument_parser.py::TestFlags::test_parse_without_verbose_flag PASSED [  4%]
2026-01-29T14:16:10.5466120Z tests/test_argument_parser.py::TestFlags::test_parse_project_name_override PASSED [  5%]
2026-01-29T14:16:10.5471120Z tests/test_argument_parser.py::TestFlags::test_parse_no_configure_flag PASSED [  5%]
2026-01-29T14:16:10.5498410Z tests/test_argument_parser.py::TestFlags::test_parse_clean_build_flag PASSED [  5%]
2026-01-29T14:16:10.5520560Z tests/test_argument_parser.py::TestHelpAndVersion::test_help_message_generation PASSED [  5%]
2026-01-29T14:16:10.5536740Z tests/test_argument_parser.py::TestHelpAndVersion::test_version_output PASSED [  5%]
2026-01-29T14:16:10.5559430Z tests/test_argument_parser.py::TestPathHandling::test_relative_paths_converted_to_absolute PASSED [  5%]
2026-01-29T14:16:10.5583080Z tests/test_argument_parser.py::TestPathHandling::test_tilde_expansion_in_paths PASSED [  5%]
2026-01-29T14:16:10.5590920Z tests/test_argument_parser.py::TestSysArgvSimulation::test_parse_from_sys_argv PASSED [  5%]
2026-01-29T14:16:10.5611950Z tests/test_argument_parser.py::TestSysArgvSimulation::test_parse_with_equals_syntax PASSED [  6%]
2026-01-29T14:16:10.5650330Z tests/test_argument_parser.py::TestDefaultValues::test_default_values_set_correctly PASSED [  6%]
2026-01-29T14:16:10.5710570Z tests/test_argument_parser.py::TestErrorCases::test_parse_without_required_argument PASSED [  6%]
2026-01-29T14:16:10.5723670Z tests/test_argument_parser.py::TestErrorCases::test_parse_with_unknown_argument PASSED [  6%]
2026-01-29T14:16:10.5779230Z tests/test_argument_validation.py::TestValidArgumentCombinations::test_validate_with_existing_source_and_build_dirs PASSED [  6%]
2026-01-29T14:16:10.5781550Z tests/test_argument_validation.py::TestValidArgumentCombinations::test_validate_with_source_dir_only PASSED [  6%]
2026-01-29T14:16:10.5784440Z tests/test_argument_validation.py::TestValidArgumentCombinations::test_validate_with_build_dir_only PASSED [  6%]
2026-01-29T14:16:10.5806930Z tests/test_argument_validation.py::TestValidArgumentCombinations::test_validate_with_valid_database_path PASSED [  7%]
2026-01-29T14:16:10.5857730Z tests/test_argument_validation.py::TestValidArgumentCombinations::test_validate_creates_build_dir_when_missing_with_source_dir PASSED [  7%]
2026-01-29T14:16:10.5880090Z tests/test_argument_validation.py::TestBuildDirectoryValidation::test_error_when_build_dir_missing_and_no_source_dir PASSED [  7%]
2026-01-29T14:16:10.5951080Z tests/test_argument_validation.py::TestBuildDirectoryValidation::test_error_when_build_dir_missing_no_cmake_cache PASSED [  7%]
2026-01-29T14:16:10.5955410Z tests/test_argument_validation.py::TestSourceDirectoryValidation::test_error_when_source_dir_does_not_exist PASSED [  7%]
2026-01-29T14:16:10.5967530Z tests/test_argument_validation.py::TestSourceDirectoryValidation::test_error_when_source_dir_missing_cmakelists PASSED [  7%]
2026-01-29T14:16:10.5984510Z tests/test_argument_validation.py::TestSourceDirectoryValidation::test_error_when_source_dir_is_file PASSED [  7%]
2026-01-29T14:16:10.5995950Z tests/test_argument_validation.py::TestDatabaseValidation::test_error_when_database_path_is_directory PASSED [  7%]
2026-01-29T14:16:10.6009870Z tests/test_argument_validation.py::TestDatabaseValidation::test_error_when_database_parent_does_not_exist PASSED [  8%]
2026-01-29T14:16:10.6038620Z tests/test_argument_validation.py::TestPathNormalization::test_paths_are_absolute PASSED [  8%]
2026-01-29T14:16:10.6040090Z tests/test_argument_validation.py::TestPathNormalization::test_symlinks_are_resolved PASSED [  8%]
2026-01-29T14:16:10.6043180Z tests/test_argument_validation.py::TestMutuallyExclusiveOptions::test_no_configure_requires_existing_build PASSED [  8%]
2026-01-29T14:16:10.6056760Z tests/test_argument_validation.py::TestMutuallyExclusiveOptions::test_no_configure_with_nonexistent_build_dir PASSED [  8%]
2026-01-29T14:16:10.6070060Z tests/test_argument_validation.py::TestMutuallyExclusiveOptions::test_clean_build_with_no_configure_is_invalid PASSED [  8%]
2026-01-29T14:16:10.6084600Z tests/test_argument_validation.py::TestValidationErrorMessages::test_error_message_includes_path PASSED [  8%]
2026-01-29T14:16:10.6088190Z tests/test_argument_validation.py::TestValidationErrorMessages::test_error_message_suggests_fix PASSED [  9%]
2026-01-29T14:16:10.6109930Z tests/test_argument_validation.py::TestValidationErrorMessages::test_validation_error_has_context PASSED [  9%]
2026-01-29T14:16:10.6113570Z tests/test_argument_validation.py::TestMultipleValidationErrors::test_reports_first_error_encountered PASSED [  9%]
2026-01-29T14:16:10.6169130Z tests/test_build_inspection_integration.py::TestCompleteSuccessfulBuild::test_complete_ninja_build_inspection PASSED [  9%]
2026-01-29T14:16:10.6190680Z tests/test_build_inspection_integration.py::TestCompleteSuccessfulBuild::test_complete_make_build_inspection PASSED [  9%]
2026-01-29T14:16:10.6219220Z tests/test_build_inspection_integration.py::TestBuildWithWarnings::test_build_with_gcc_warnings PASSED [  9%]
2026-01-29T14:16:10.6229110Z tests/test_build_inspection_integration.py::TestBuildWithWarnings::test_build_with_msvc_warnings PASSED [  9%]
2026-01-29T14:16:10.6259220Z tests/test_build_inspection_integration.py::TestFailedBuild::test_build_with_compilation_errors PASSED [ 10%]
2026-01-29T14:16:10.6290060Z tests/test_build_inspection_integration.py::TestFailedBuild::test_build_with_link_errors PASSED [ 10%]
2026-01-29T14:16:10.6307720Z tests/test_build_inspection_integration.py::TestPartialOutput::test_build_with_minimal_output PASSED [ 10%]
2026-01-29T14:16:10.6331360Z tests/test_build_inspection_integration.py::TestPartialOutput::test_build_with_empty_output PASSED [ 10%]
2026-01-29T14:16:10.6341290Z tests/test_build_inspection_integration.py::TestPartialOutput::test_build_without_source_dir PASSED [ 10%]
2026-01-29T14:16:10.6368300Z tests/test_build_inspection_integration.py::TestMetadataCompleteness::test_metadata_has_all_required_fields PASSED [ 10%]
2026-01-29T14:16:10.6379710Z tests/test_build_inspection_integration.py::TestMetadataCompleteness::test_targets_list_is_correct_type PASSED [ 10%]
2026-01-29T14:16:10.6401730Z tests/test_build_inspection_integration.py::TestMetadataCompleteness::test_warnings_list_is_correct_type PASSED [ 10%]
2026-01-29T14:16:10.6421960Z tests/test_build_inspection_integration.py::TestIntegrationWithRealFixtures::test_with_ninja_fixture PASSED [ 11%]
2026-01-29T14:16:10.6453380Z tests/test_build_inspection_integration.py::TestEdgeCases::test_multiple_projects_use_first PASSED [ 11%]
2026-01-29T14:16:10.6466520Z tests/test_build_inspection_integration.py::TestEdgeCases::test_ansi_color_codes_handled PASSED [ 11%]
2026-01-29T14:16:10.6605170Z tests/test_build_inspection_integration.py::TestEdgeCases::test_very_large_output PASSED [ 11%]
2026-01-29T14:16:10.6619050Z tests/test_cmake_detection.py::TestCMakeDetection::test_cmake_detected_when_available PASSED [ 11%]
2026-01-29T14:16:10.6629560Z tests/test_cmake_detection.py::TestCMakeDetection::test_cmake_not_found_returns_false PASSED [ 11%]
2026-01-29T14:16:10.6651680Z tests/test_cmake_detection.py::TestCMakeDetection::test_cmake_check_handles_other_exceptions PASSED [ 11%]
2026-01-29T14:16:10.6669700Z tests/test_cmake_detection.py::TestCMakeDetection::test_cmake_check_handles_nonzero_exit_code PASSED [ 12%]
2026-01-29T14:16:10.6683410Z tests/test_cmake_detection.py::TestCMakeDetection::test_cmake_check_uses_timeout PASSED [ 12%]
2026-01-29T14:16:10.6701000Z tests/test_cmake_detection.py::TestCMakeVersionExtraction::test_get_version_standard_format PASSED [ 12%]
2026-01-29T14:16:10.6713930Z tests/test_cmake_detection.py::TestCMakeVersionExtraction::test_get_version_two_part_version PASSED [ 12%]
2026-01-29T14:16:10.6726720Z tests/test_cmake_detection.py::TestCMakeVersionExtraction::test_get_version_with_patch_and_suffix PASSED [ 12%]
2026-01-29T14:16:10.6740430Z tests/test_cmake_detection.py::TestCMakeVersionExtraction::test_get_version_multiline_output PASSED [ 12%]
2026-01-29T14:16:10.6757140Z tests/test_cmake_detection.py::TestCMakeVersionExtraction::test_get_version_cmake_not_found PASSED [ 12%]
2026-01-29T14:16:10.6769110Z tests/test_cmake_detection.py::TestCMakeVersionExtraction::test_get_version_handles_exceptions PASSED [ 12%]
2026-01-29T14:16:10.6785920Z tests/test_cmake_detection.py::TestCMakeVersionExtraction::test_get_version_invalid_output_format PASSED [ 13%]
2026-01-29T14:16:10.6797850Z tests/test_cmake_detection.py::TestCMakeVersionExtraction::test_get_version_empty_output PASSED [ 13%]
2026-01-29T14:16:10.6809540Z tests/test_cmake_detection.py::TestCMakeVersionExtraction::test_get_version_with_rc_suffix PASSED [ 13%]
2026-01-29T14:16:10.6816060Z tests/test_cmake_detection.py::TestVersionComparison::test_compare_version_greater PASSED [ 13%]
2026-01-29T14:16:10.6826860Z tests/test_cmake_detection.py::TestVersionComparison::test_compare_version_less PASSED [ 13%]
2026-01-29T14:16:10.6834290Z tests/test_cmake_detection.py::TestVersionComparison::test_compare_version_equal PASSED [ 13%]
2026-01-29T14:16:10.6840300Z tests/test_cmake_detection.py::TestVersionComparison::test_compare_version_different_lengths PASSED [ 13%]
2026-01-29T14:16:10.6853840Z tests/test_cmake_detection.py::TestVersionComparison::test_compare_version_major_difference PASSED [ 14%]
2026-01-29T14:16:10.6878510Z tests/test_cmake_detection.py::TestVersionComparison::test_compare_version_with_suffix_ignored PASSED [ 14%]
2026-01-29T14:16:10.6882430Z tests/test_cmake_detection.py::TestVersionComparison::test_check_minimum_version_success PASSED [ 14%]
2026-01-29T14:16:10.6939620Z tests/test_cmake_detection.py::TestVersionComparison::test_check_minimum_version_fail PASSED [ 14%]
2026-01-29T14:16:10.6991000Z tests/test_cmake_detection.py::TestVersionComparison::test_check_minimum_version_equal PASSED [ 14%]
2026-01-29T14:16:10.7013560Z tests/test_cmake_detection.py::TestVersionComparison::test_check_minimum_version_cmake_not_found PASSED [ 14%]
2026-01-29T14:16:10.7028740Z tests/test_cmake_detection.py::TestCMakePathResolution::test_cmake_found_in_path PASSED [ 14%]
2026-01-29T14:16:10.7040810Z tests/test_cmake_detection.py::TestCMakePathResolution::test_cmake_custom_path PASSED [ 15%]
2026-01-29T14:16:10.7054710Z tests/test_cmake_detection.py::TestCMakePathResolution::test_cmake_path_with_spaces PASSED [ 15%]
2026-01-29T14:16:10.7070980Z tests/test_cmake_detection.py::TestCMakeDetectionIntegration::test_detection_before_execution PASSED [ 15%]
2026-01-29T14:16:10.7082780Z tests/test_cmake_detection.py::TestCMakeDetectionIntegration::test_version_info_caching PASSED [ 15%]
2026-01-29T14:16:10.7095080Z tests/test_cmake_detection.py::TestCMakeDetectionIntegration::test_helpful_error_message_when_cmake_missing PASSED [ 15%]
2026-01-29T14:16:10.7784330Z tests/test_cmake_detection.py::TestRealCMakeDetection::test_real_cmake_detection PASSED [ 15%]
2026-01-29T14:16:10.7810430Z tests/test_configure_inspection.py::TestCMakeVersionExtraction::test_extract_cmake_version_from_linux_output PASSED [ 15%]
2026-01-29T14:16:10.7822780Z tests/test_configure_inspection.py::TestCMakeVersionExtraction::test_extract_cmake_version_from_windows_output PASSED [ 15%]
2026-01-29T14:16:10.7840450Z tests/test_configure_inspection.py::TestCMakeVersionExtraction::test_extract_cmake_version_from_macos_output PASSED [ 16%]
2026-01-29T14:16:10.7863810Z tests/test_configure_inspection.py::TestCMakeVersionExtraction::test_cmake_version_none_when_missing PASSED [ 16%]
2026-01-29T14:16:10.7870570Z tests/test_configure_inspection.py::TestGeneratorDetection::test_detect_visual_studio_generator PASSED [ 16%]
2026-01-29T14:16:10.7888050Z tests/test_configure_inspection.py::TestGeneratorDetection::test_generator_none_when_not_specified PASSED [ 16%]
2026-01-29T14:16:10.7890010Z tests/test_configure_inspection.py::TestCompilerDetection::test_detect_gccompiler_c PASSED [ 16%]
2026-01-29T14:16:10.7903900Z tests/test_configure_inspection.py::TestCompilerDetection::test_detect_msvcompiler_c PASSED [ 16%]
2026-01-29T14:16:10.7909900Z tests/test_configure_inspection.py::TestCompilerDetection::test_detect_clang_compiler PASSED [ 16%]
2026-01-29T14:16:10.7916360Z tests/test_configure_inspection.py::TestCompilerDetection::test_compiler_none_when_missing PASSED [ 17%]
2026-01-29T14:16:10.7947650Z tests/test_configure_inspection.py::TestSystemInfoExtraction::test_extract_linux_system_info PASSED [ 17%]
2026-01-29T14:16:10.7960880Z tests/test_configure_inspection.py::TestSystemInfoExtraction::test_extract_windows_system_info PASSED [ 17%]
2026-01-29T14:16:10.7964640Z tests/test_configure_inspection.py::TestSystemInfoExtraction::test_extract_macos_system_info PASSED [ 17%]
2026-01-29T14:16:10.7991110Z tests/test_configure_inspection.py::TestSystemInfoExtraction::test_system_info_none_when_missing PASSED [ 17%]
2026-01-29T14:16:10.8020340Z tests/test_configure_inspection.py::TestFoundPackagesDetection::test_detect_single_package PASSED [ 17%]
2026-01-29T14:16:10.8036220Z tests/test_configure_inspection.py::TestFoundPackagesDetection::test_detect_multiple_packages PASSED [ 17%]
2026-01-29T14:16:10.8062300Z tests/test_configure_inspection.py::TestFoundPackagesDetection::test_package_order_preserved PASSED [ 17%]
2026-01-29T14:16:10.8158880Z tests/test_configure_inspection.py::TestFoundPackagesDetection::test_no_packages_when_none_found PASSED [ 18%]
2026-01-29T14:16:10.8165250Z tests/test_configure_inspection.py::TestFoundPackagesDetection::test_python_package_detected PASSED [ 18%]
2026-01-29T14:16:10.8219880Z tests/test_configure_inspection.py::TestBuildTypeDetection::test_detect_release_build_type PASSED [ 18%]
2026-01-29T14:16:10.8243790Z tests/test_configure_inspection.py::TestBuildTypeDetection::test_detect_debug_build_type PASSED [ 18%]
2026-01-29T14:16:10.8266260Z tests/test_configure_inspection.py::TestBuildTypeDetection::test_detect_relwithdebinfo_build_type PASSED [ 18%]
2026-01-29T14:16:10.8269710Z tests/test_configure_inspection.py::TestBuildTypeDetection::test_build_type_none_when_missing PASSED [ 18%]
2026-01-29T14:16:10.8279550Z tests/test_configure_inspection.py::TestBuildTypeDetection::test_detect_build_type_from_cache_variable PASSED [ 18%]
2026-01-29T14:16:10.8387500Z tests/test_configure_inspection.py::TestBuildTypeDetection::test_detect_build_type_from_cache_variable_release PASSED [ 19%]
2026-01-29T14:16:10.8389920Z tests/test_configure_inspection.py::TestBuildTypeDetection::test_detect_build_type_from_simple_assignment PASSED [ 19%]
2026-01-29T14:16:10.8478590Z tests/test_configure_inspection.py::TestPartialInformation::test_handle_minimal_output PASSED [ 19%]
2026-01-29T14:16:10.8480570Z tests/test_configure_inspection.py::TestPartialInformation::test_handle_empty_output PASSED [ 19%]
2026-01-29T14:16:10.8482290Z tests/test_configure_inspection.py::TestPartialInformation::test_handle_partial_compiler_info PASSED [ 19%]
2026-01-29T14:16:10.8486070Z tests/test_configure_inspection.py::TestCrossPlatformOutput::test_all_platforms_return_valid_metadata PASSED [ 19%]
2026-01-29T14:16:10.8495500Z tests/test_configure_inspection.py::TestCrossPlatformOutput::test_platform_specificompiler_cs_detected PASSED [ 19%]
2026-01-29T14:16:10.8504060Z tests/test_configure_inspection.py::TestMetadataIntegrity::test_metadata_has_all_fields PASSED [ 20%]
2026-01-29T14:16:10.8511150Z tests/test_configure_inspection.py::TestMetadataIntegrity::test_found_packages_is_list PASSED [ 20%]
2026-01-29T14:16:10.8519050Z tests/test_configure_inspection.py::TestMetadataIntegrity::test_string_fields_are_strings_or_none PASSED [ 20%]
2026-01-29T14:16:10.8540890Z tests/test_database_schema.py::TestDatabaseCreation::test_database_creation_with_none_path_uses_default PASSED [ 20%]
2026-01-29T14:16:10.8754400Z tests/test_database_schema.py::TestDatabaseCreation::test_context_manager_closes_connection PASSED [ 20%]
2026-01-29T14:16:10.8856850Z tests/test_database_schema.py::TestDatabaseCreation::test_database_creation_in_temporary_location PASSED [ 20%]
2026-01-29T14:16:10.8989750Z tests/test_database_schema.py::TestDatabaseCreation::test_database_creation_in_default_location PASSED [ 20%]
2026-01-29T14:16:10.9123090Z tests/test_database_schema.py::TestDatabaseCreation::test_database_connection_established PASSED [ 20%]
2026-01-29T14:16:10.9218890Z tests/test_database_schema.py::TestDatabaseCreation::test_idempotent_initialization PASSED [ 21%]
2026-01-29T14:16:10.9307160Z tests/test_database_schema.py::TestTableStructure::test_all_tables_created PASSED [ 21%]
2026-01-29T14:16:10.9390970Z tests/test_database_schema.py::TestTableStructure::test_configurations_table_columns PASSED [ 21%]
2026-01-29T14:16:10.9471900Z tests/test_database_schema.py::TestTableStructure::test_builds_table_columns PASSED [ 21%]
2026-01-29T14:16:10.9548670Z tests/test_database_schema.py::TestTableStructure::test_warnings_table_columns PASSED [ 21%]
2026-01-29T14:16:10.9636790Z tests/test_database_schema.py::TestTableStructure::test_errors_table_columns PASSED [ 21%]
2026-01-29T14:16:10.9725350Z tests/test_database_schema.py::TestTableStructure::test_build_targets_table_columns PASSED [ 21%]
2026-01-29T14:16:10.9805970Z tests/test_database_schema.py::TestIndexes::test_all_indexes_created PASSED [ 22%]
2026-01-29T14:16:10.9896940Z tests/test_database_schema.py::TestConstraints::test_foreign_key_constraints_enabled PASSED [ 22%]
2026-01-29T14:16:11.0012860Z tests/test_database_schema.py::TestConstraints::test_builds_foreign_key_to_configurations PASSED [ 22%]
2026-01-29T14:16:11.0146420Z tests/test_database_schema.py::TestConstraints::test_builds_foreign_key_constraint_enforced PASSED [ 22%]
2026-01-29T14:16:11.0247190Z tests/test_database_schema.py::TestConstraints::test_warnings_foreign_key_cascade_delete PASSED [ 22%]
2026-01-29T14:16:11.0466770Z tests/test_database_schema.py::TestConstraints::test_errors_foreign_key_cascade_delete PASSED [ 22%]
2026-01-29T14:16:11.0601570Z tests/test_database_schema.py::TestConstraints::test_default_values_set_correctly PASSED [ 22%]
2026-01-29T14:16:11.0730580Z tests/test_database_schema.py::TestConstraints::test_builds_default_warning_error_counts PASSED [ 23%]
2026-01-29T14:16:11.0835320Z tests/test_database_schema.py::TestConnectionManagement::test_connection_reuse PASSED [ 23%]
2026-01-29T14:16:11.0936980Z tests/test_database_schema.py::TestConnectionManagement::test_close_connection PASSED [ 23%]
2026-01-29T14:16:11.0943110Z tests/test_documentation.py::TestModuleDocstrings::test_main_package_docstring PASSED [ 23%]
2026-01-29T14:16:11.0951070Z tests/test_documentation.py::TestModuleDocstrings::test_models_package_docstring PASSED [ 23%]
2026-01-29T14:16:11.0958200Z tests/test_documentation.py::TestModuleDocstrings::test_utils_package_docstring PASSED [ 23%]
2026-01-29T14:16:11.0965000Z tests/test_documentation.py::TestClassDocstrings::test_data_model_classes_have_docstrings PASSED [ 23%]
2026-01-29T14:16:11.0971590Z tests/test_documentation.py::TestClassDocstrings::test_cli_classes_have_docstrings PASSED [ 23%]
2026-01-29T14:16:11.0977570Z tests/test_documentation.py::TestClassDocstrings::test_cmake_classes_have_docstrings PASSED [ 24%]
2026-01-29T14:16:11.0983170Z tests/test_documentation.py::TestClassDocstrings::test_inspector_classes_have_docstrings PASSED [ 24%]
2026-01-29T14:16:11.0988740Z tests/test_documentation.py::TestClassDocstrings::test_storage_classes_have_docstrings PASSED [ 24%]
2026-01-29T14:16:11.0996770Z tests/test_documentation.py::TestMethodDocstrings::test_cmake_executor_methods_have_docstrings PASSED [ 24%]
2026-01-29T14:16:11.1002390Z tests/test_documentation.py::TestMethodDocstrings::test_parameter_manager_methods_have_docstrings PASSED [ 24%]
2026-01-29T14:16:11.1008470Z tests/test_documentation.py::TestMethodDocstrings::test_build_inspector_methods_have_docstrings PASSED [ 24%]
2026-01-29T14:16:11.1014440Z tests/test_documentation.py::TestMethodDocstrings::test_persistence_methods_have_docstrings PASSED [ 24%]
2026-01-29T14:16:11.1020440Z tests/test_documentation.py::TestFunctionDocstrings::test_formatting_functions_have_docstrings PASSED [ 25%]
2026-01-29T14:16:11.1026980Z tests/test_documentation.py::TestFunctionDocstrings::test_logging_config_functions_have_docstrings PASSED [ 25%]
2026-01-29T14:16:11.1075150Z tests/test_documentation.py::TestDocstringFormat::test_forge_arguments_docstring_format PASSED [ 25%]
2026-01-29T14:16:11.1093760Z tests/test_documentation.py::TestDocstringFormat::test_executor_execute_configure_docstring_format PASSED [ 25%]
2026-01-29T14:16:11.1116840Z tests/test_documentation.py::TestDocstringFormat::test_format_duration_docstring_format PASSED [ 25%]
2026-01-29T14:16:11.1118280Z tests/test_documentation.py::TestDocstringCompleteness::test_parameter_docstrings_match_signatures PASSED [ 25%]
2026-01-29T14:16:11.1128620Z tests/test_documentation.py::TestDocstringCompleteness::test_return_types_documented PASSED [ 25%]
2026-01-29T14:16:11.1130770Z tests/test_documentation.py::TestDocstringExamples::test_format_duration_examples PASSED [ 25%]
2026-01-29T14:16:11.1132270Z tests/test_documentation.py::TestDocstringExamples::test_format_timestamp_examples PASSED [ 26%]
2026-01-29T14:16:11.1133780Z tests/test_documentation.py::TestAPIExportCompleteness::test_models_all_export PASSED [ 26%]
2026-01-29T14:16:15.1762170Z tests/test_e2e_samples.py::TestSimpleExecutable::test_configure_and_build_simple_executable PASSED [ 26%]
2026-01-29T14:16:16.2151440Z tests/test_e2e_samples.py::TestSimpleExecutable::test_build_only_simple_executable PASSED [ 26%]
2026-01-29T14:16:18.4223830Z tests/test_e2e_samples.py::TestMultipleTargets::test_multiple_targets_project PASSED [ 26%]
2026-01-29T14:16:19.9444130Z tests/test_e2e_samples.py::TestHeaderOnlyLibrary::test_header_only_library PASSED [ 26%]
2026-01-29T14:16:21.0700090Z tests/test_e2e_samples.py::TestSubdirectories::test_project_with_subdirectories PASSED [ 26%]
2026-01-29T14:16:22.2109880Z tests/test_e2e_samples.py::TestBuildTypes::test_debug_build PASSED       [ 27%]
2026-01-29T14:16:23.5877670Z tests/test_e2e_samples.py::TestBuildTypes::test_release_build PASSED     [ 27%]
2026-01-29T14:16:24.6711280Z tests/test_e2e_samples.py::TestEndToEndWorkflow::test_complete_workflow_with_metadata PASSED [ 27%]
2026-01-29T14:16:26.1356300Z tests/test_e2e_samples.py::TestEndToEndWorkflow::test_verbose_output PASSED [ 27%]
2026-01-29T14:16:28.1339840Z tests/test_e2e_samples.py::TestDataPersistence::test_multiple_builds_same_project PASSED [ 27%]
2026-01-29T14:16:33.7475960Z tests/test_e2e_samples.py::TestDataPersistence::test_multiple_different_projects PASSED [ 27%]
2026-01-29T14:16:33.9578920Z tests/test_edge_cases.py::TestVeryLongOutput::test_very_long_configure_output PASSED [ 27%]
2026-01-29T14:16:34.2186820Z tests/test_edge_cases.py::TestUnicodeOutput::test_unicode_in_configure_output PASSED [ 28%]
2026-01-29T14:16:34.4924680Z tests/test_edge_cases.py::TestPathsWithSpecialCharacters::test_path_with_spaces PASSED [ 28%]
2026-01-29T14:16:34.6528640Z tests/test_edge_cases.py::TestBuildDuration::test_very_quick_build PASSED [ 28%]
2026-01-29T14:16:34.6634130Z tests/test_edge_cases.py::TestDatabaseEdgeCases::test_database_directory_not_exists PASSED [ 28%]
2026-01-29T14:16:34.6722630Z tests/test_executor_basic.py::TestSuccessfulExecution::test_execute_configure_success PASSED [ 28%]
2026-01-29T14:16:34.6725400Z tests/test_executor_basic.py::TestSuccessfulExecution::test_execute_build_success PASSED [ 28%]
2026-01-29T14:16:34.6874560Z tests/test_executor_basic.py::TestSuccessfulExecution::test_execute_with_echo_command PASSED [ 28%]
2026-01-29T14:16:34.6888360Z tests/test_executor_basic.py::TestFailedExecution::test_execute_configure_failure PASSED [ 28%]
2026-01-29T14:16:34.6889860Z tests/test_executor_basic.py::TestFailedExecution::test_execute_build_failure PASSED [ 29%]
2026-01-29T14:16:34.6963500Z tests/test_executor_basic.py::TestFailedExecution::test_execute_with_failing_command PASSED [ 29%]
2026-01-29T14:16:34.7102590Z tests/test_executor_basic.py::TestCommandNotFound::test_command_not_found_configure PASSED [ 29%]
2026-01-29T14:16:34.7216930Z tests/test_executor_basic.py::TestCommandNotFound::test_command_not_found_build PASSED [ 29%]
2026-01-29T14:16:34.7233260Z tests/test_executor_basic.py::TestCommandNotFound::test_general_exception_configure PASSED [ 29%]
2026-01-29T14:16:34.7234940Z tests/test_executor_basic.py::TestCommandNotFound::test_general_exception_build PASSED [ 29%]
2026-01-29T14:16:34.7236120Z tests/test_executor_basic.py::TestTimeoutHandling::test_execution_timeout PASSED [ 29%]
2026-01-29T14:16:34.7237340Z tests/test_executor_basic.py::TestTimeoutHandling::test_timeout_with_existing_stderr PASSED [ 30%]
2026-01-29T14:16:34.7238470Z tests/test_executor_basic.py::TestTimeoutHandling::test_timeout_build_command PASSED [ 30%]
2026-01-29T14:16:34.7301690Z tests/test_executor_basic.py::TestWorkingDirectory::test_working_directory_is_set PASSED [ 30%]
2026-01-29T14:16:34.7320220Z tests/test_executor_basic.py::TestWorkingDirectory::test_default_working_directory PASSED [ 30%]
2026-01-29T14:16:34.7375030Z tests/test_executor_basic.py::TestResultObjectPopulation::test_configure_result_has_all_fields PASSED [ 30%]
2026-01-29T14:16:34.7444510Z tests/test_executor_basic.py::TestResultObjectPopulation::test_build_result_has_all_fields PASSED [ 30%]
2026-01-29T14:16:34.7501630Z tests/test_executor_basic.py::TestResultObjectPopulation::test_stdout_is_captured PASSED [ 30%]
2026-01-29T14:16:34.7589930Z tests/test_executor_basic.py::TestResultObjectPopulation::test_stderr_is_captured PASSED [ 30%]
2026-01-29T14:16:34.7681590Z tests/test_executor_basic.py::TestExitCodeCapture::test_exit_code_zero PASSED [ 31%]
2026-01-29T14:16:34.7845710Z tests/test_executor_basic.py::TestExitCodeCapture::test_exit_code_nonzero PASSED [ 31%]
2026-01-29T14:16:34.7907120Z tests/test_executor_basic.py::TestExitCodeCapture::test_exit_code_in_result_object PASSED [ 31%]
2026-01-29T14:16:35.1701810Z tests/test_executor_integration.py::TestRealProcessExecution::test_real_stdout_capture PASSED [ 31%]
2026-01-29T14:16:35.3202670Z tests/test_executor_integration.py::TestRealProcessExecution::test_real_stderr_capture PASSED [ 31%]
2026-01-29T14:16:35.5185400Z tests/test_executor_integration.py::TestRealProcessExecution::test_real_exit_code_success PASSED [ 31%]
2026-01-29T14:16:35.6351450Z tests/test_executor_integration.py::TestRealProcessExecution::test_real_exit_code_failure PASSED [ 31%]
2026-01-29T14:16:35.6408970Z tests/test_executor_integration.py::TestRealProcessExecution::test_real_command_not_found PASSED [ 32%]
2026-01-29T14:16:35.7558960Z tests/test_executor_integration.py::TestRealProcessExecution::test_real_unicode_output PASSED [ 32%]
2026-01-29T14:16:35.8603520Z tests/test_executor_integration.py::TestRealProcessExecution::test_real_large_output PASSED [ 32%]
2026-01-29T14:16:35.9740910Z tests/test_executor_integration.py::TestRealProcessExecution::test_real_multiline_output PASSED [ 32%]
2026-01-29T14:16:36.0906370Z tests/test_executor_integration.py::TestRealProcessExecution::test_real_mixed_output PASSED [ 32%]
2026-01-29T14:16:36.2024380Z tests/test_executor_integration.py::TestRealProcessExecution::test_real_empty_output PASSED [ 32%]
2026-01-29T14:16:36.2988850Z tests/test_executor_integration.py::TestRealProcessExecution::test_real_working_directory PASSED [ 32%]
2026-01-29T14:16:36.5742420Z tests/test_executor_integration.py::TestRealProcessExecution::test_real_timing_accuracy PASSED [ 33%]
2026-01-29T14:16:36.8328030Z tests/test_executor_integration.py::TestRealProcessExecution::test_real_multiple_executions_independent PASSED [ 33%]
2026-01-29T14:16:36.9893410Z tests/test_executor_integration.py::TestRealBuildExecution::test_real_build_stdout_capture PASSED [ 33%]
2026-01-29T14:16:37.2190670Z tests/test_executor_integration.py::TestRealBuildExecution::test_real_build_exit_code PASSED [ 33%]
2026-01-29T14:16:37.4143810Z tests/test_executor_integration.py::TestRealBuildExecution::test_real_build_timing PASSED [ 33%]
2026-01-29T14:16:37.5721310Z tests/test_executor_integration.py::TestRealStreamingBehavior::test_real_streaming_enabled PASSED [ 33%]
2026-01-29T14:16:37.6881960Z tests/test_executor_integration.py::TestRealStreamingBehavior::test_real_streaming_disabled PASSED [ 33%]
2026-01-29T14:16:38.1968060Z tests/test_executor_integration.py::TestRealTimeoutBehavior::test_real_timeout_kills_process PASSED [ 33%]
2026-01-29T14:16:38.2869290Z tests/test_executor_integration.py::TestRealTimeoutBehavior::test_real_timeout_not_triggered PASSED [ 34%]
2026-01-29T14:16:38.3808650Z tests/test_executor_integration.py::TestRealEdgeCases::test_real_output_with_no_newline PASSED [ 34%]
2026-01-29T14:16:38.4662450Z tests/test_executor_integration.py::TestRealEdgeCases::test_real_output_with_multiple_newlines PASSED [ 34%]
2026-01-29T14:16:38.5465760Z tests/test_executor_integration.py::TestRealEdgeCases::test_real_binary_output_handling PASSED [ 34%]
2026-01-29T14:16:38.6360910Z tests/test_executor_integration.py::TestRealEdgeCases::test_real_very_long_line PASSED [ 34%]
2026-01-29T14:16:38.7381330Z tests/test_executor_integration.py::TestRealEdgeCases::test_real_rapid_output PASSED [ 34%]
2026-01-29T14:16:38.8189310Z tests/test_executor_integration.py::TestRealEdgeCases::test_real_stderr_without_stdout PASSED [ 34%]
2026-01-29T14:16:38.9036990Z tests/test_executor_integration.py::TestRealEdgeCases::test_real_exit_with_output PASSED [ 35%]
2026-01-29T14:16:38.9151810Z tests/test_executor_integration.py::TestRealCrossCompatibility::test_real_python_executable PASSED [ 35%]
2026-01-29T14:16:38.9973970Z tests/test_executor_integration.py::TestRealCrossCompatibility::test_real_path_handling PASSED [ 35%]
2026-01-29T14:16:39.0784960Z tests/test_executor_integration.py::TestRealCrossCompatibility::test_real_environment_inheritance PASSED [ 35%]
2026-01-29T14:16:39.0802610Z tests/test_executor_output.py::TestStdoutCapture::test_stdout_captured_completely PASSED [ 35%]
2026-01-29T14:16:39.0855880Z tests/test_executor_output.py::TestStdoutCapture::test_large_stdout_handling PASSED [ 35%]
2026-01-29T14:16:39.0881350Z tests/test_executor_output.py::TestStdoutCapture::test_stdout_with_unicode_characters PASSED [ 35%]
2026-01-29T14:16:39.0893070Z tests/test_executor_output.py::TestStderrCapture::test_stderr_captured_completely PASSED [ 35%]
2026-01-29T14:16:39.0905680Z tests/test_executor_output.py::TestStderrCapture::test_stderr_with_warnings PASSED [ 36%]
2026-01-29T14:16:39.0917660Z tests/test_executor_output.py::TestMixedOutput::test_mixed_stdout_stderr PASSED [ 36%]
2026-01-29T14:16:39.0931930Z tests/test_executor_output.py::TestMixedOutput::test_empty_stdout_with_stderr PASSED [ 36%]
2026-01-29T14:16:39.0944740Z tests/test_executor_output.py::TestMixedOutput::test_empty_stderr_with_stdout PASSED [ 36%]
2026-01-29T14:16:39.0956590Z tests/test_executor_output.py::TestSpecialCharacters::test_ansi_color_codes_in_output PASSED [ 36%]
2026-01-29T14:16:39.0968070Z tests/test_executor_output.py::TestSpecialCharacters::test_carriage_return_handling PASSED [ 36%]
2026-01-29T14:16:39.0980060Z tests/test_executor_output.py::TestSpecialCharacters::test_null_bytes_in_output PASSED [ 36%]
2026-01-29T14:16:39.0993400Z tests/test_executor_output.py::TestSpecialCharacters::test_invalid_utf8_sequences PASSED [ 37%]
2026-01-29T14:16:39.1005840Z tests/test_executor_output.py::TestOutputBuffering::test_output_with_no_trailing_newline PASSED [ 37%]
2026-01-29T14:16:39.1018010Z tests/test_executor_output.py::TestOutputBuffering::test_output_with_multiple_newlines PASSED [ 37%]
2026-01-29T14:16:39.1032490Z tests/test_executor_output.py::TestOutputBuffering::test_very_long_lines PASSED [ 37%]
2026-01-29T14:16:39.1046960Z tests/test_executor_output.py::TestBuildOutput::test_build_stdout_capture PASSED [ 37%]
2026-01-29T14:16:39.1059480Z tests/test_executor_output.py::TestBuildOutput::test_build_with_compilation_errors PASSED [ 37%]
2026-01-29T14:16:39.1070830Z tests/test_executor_output.py::TestEmptyOutput::test_no_output_success PASSED [ 37%]
2026-01-29T14:16:39.1088810Z tests/test_executor_output.py::TestEmptyOutput::test_no_output_failure PASSED [ 38%]
2026-01-29T14:16:39.1100560Z tests/test_executor_output.py::TestRealTimeStreaming::test_stdout_streams_to_console PASSED [ 38%]
2026-01-29T14:16:39.1112060Z tests/test_executor_output.py::TestRealTimeStreaming::test_stderr_streams_to_console PASSED [ 38%]
2026-01-29T14:16:39.1122750Z tests/test_executor_output.py::TestRealTimeStreaming::test_streaming_can_be_disabled PASSED [ 38%]
2026-01-29T14:16:39.1134800Z tests/test_executor_output.py::TestRealTimeStreaming::test_interleaved_output_streaming PASSED [ 38%]
2026-01-29T14:16:39.1183200Z tests/test_executor_output.py::TestStreamingPerformance::test_streaming_with_large_output PASSED [ 38%]
2026-01-29T14:16:39.1195290Z tests/test_executor_output.py::TestStreamingPerformance::test_streaming_performance_mode PASSED [ 38%]
2026-01-29T14:16:39.1207700Z tests/test_executor_output.py::TestStreamingPerformance::test_streaming_with_stderr_only PASSED [ 38%]
2026-01-29T14:16:39.1223750Z tests/test_executor_output.py::TestStreamingPerformance::test_streaming_disabled_with_timeout PASSED [ 39%]
2026-01-29T14:16:39.1235050Z tests/test_executor_results.py::TestTimingAccuracy::test_start_time_recorded_before_execution PASSED [ 39%]
2026-01-29T14:16:39.1246010Z tests/test_executor_results.py::TestTimingAccuracy::test_end_time_recorded_after_execution PASSED [ 39%]
2026-01-29T14:16:39.1257410Z tests/test_executor_results.py::TestTimingAccuracy::test_duration_calculated_correctly PASSED [ 39%]
2026-01-29T14:16:39.1269720Z tests/test_executor_results.py::TestTimingAccuracy::test_timing_with_sub_millisecond_precision PASSED [ 39%]
2026-01-29T14:16:39.1286170Z tests/test_executor_results.py::TestTimingAccuracy::test_timing_for_quick_commands PASSED [ 39%]
2026-01-29T14:16:39.2888790Z tests/test_executor_results.py::TestTimingAccuracy::test_timing_for_longer_commands PASSED [ 39%]
2026-01-29T14:16:39.2990570Z tests/test_executor_results.py::TestTimingAccuracy::test_timing_consistency_across_multiple_calls PASSED [ 40%]
2026-01-29T14:16:39.3092020Z tests/test_executor_results.py::TestConfigureResultPopulation::test_configure_result_has_all_required_fields PASSED [ 40%]
2026-01-29T14:16:39.3092780Z tests/test_executor_results.py::TestConfigureResultPopulation::test_configure_result_success_field_correct PASSED [ 40%]
2026-01-29T14:16:39.3094070Z tests/test_executor_results.py::TestConfigureResultPopulation::test_configure_result_failure_field_correct PASSED [ 40%]
2026-01-29T14:16:39.3094840Z tests/test_executor_results.py::TestConfigureResultPopulation::test_configure_result_stdout_populated PASSED [ 40%]
2026-01-29T14:16:39.3095630Z tests/test_executor_results.py::TestConfigureResultPopulation::test_configure_result_stderr_populated PASSED [ 40%]
2026-01-29T14:16:39.3134160Z tests/test_executor_results.py::TestConfigureResultPopulation::test_configure_result_datetime_types PASSED [ 40%]
2026-01-29T14:16:39.3135210Z tests/test_executor_results.py::TestConfigureResultPopulation::test_configure_result_optional_fields_none PASSED [ 41%]
2026-01-29T14:16:39.3138010Z tests/test_executor_results.py::TestBuildResultPopulation::test_build_result_has_all_required_fields PASSED [ 41%]
2026-01-29T14:16:39.3138810Z tests/test_executor_results.py::TestBuildResultPopulation::test_build_result_success_with_exit_code_zero PASSED [ 41%]
2026-01-29T14:16:39.3140500Z tests/test_executor_results.py::TestBuildResultPopulation::test_build_result_failure_with_nonzero_exit_code PASSED [ 41%]
2026-01-29T14:16:39.3141830Z tests/test_executor_results.py::TestBuildResultPopulation::test_build_result_stdout_populated PASSED [ 41%]
2026-01-29T14:16:39.3142800Z tests/test_executor_results.py::TestBuildResultPopulation::test_build_result_stderr_populated PASSED [ 41%]
2026-01-29T14:16:39.3143500Z tests/test_executor_results.py::TestBuildResultPopulation::test_build_result_timing_fields PASSED [ 41%]
2026-01-29T14:16:39.3146140Z tests/test_executor_results.py::TestBuildResultPopulation::test_build_result_optional_fields_defaults PASSED [ 41%]
2026-01-29T14:16:39.3146950Z tests/test_executor_results.py::TestErrorCaseResultPopulation::test_command_not_found_result PASSED [ 42%]
2026-01-29T14:16:39.3151030Z tests/test_executor_results.py::TestErrorCaseResultPopulation::test_timeout_result_population PASSED [ 42%]
2026-01-29T14:16:39.3151820Z tests/test_executor_results.py::TestErrorCaseResultPopulation::test_general_exception_result PASSED [ 42%]
2026-01-29T14:16:39.3153430Z tests/test_executor_results.py::TestResultObjectConsistency::test_configure_and_build_results_structure_similar PASSED [ 42%]
2026-01-29T14:16:39.3154680Z tests/test_executor_results.py::TestResultObjectConsistency::test_results_are_independent_objects PASSED [ 42%]
2026-01-29T14:16:39.3155500Z tests/test_executor_results.py::TestResultObjectConsistency::test_empty_output_still_creates_valid_result PASSED [ 42%]
2026-01-29T14:16:39.3156190Z tests/test_executor_results.py::TestDurationCalculation::test_duration_is_positive PASSED [ 42%]
2026-01-29T14:16:39.3156840Z tests/test_executor_results.py::TestDurationCalculation::test_duration_matches_time_difference PASSED [ 43%]
2026-01-29T14:16:39.3162530Z tests/test_executor_results.py::TestDurationCalculation::test_duration_precision PASSED [ 43%]
2026-01-29T14:16:39.3178150Z tests/test_executor_results.py::TestDurationCalculation::test_start_time_before_end_time PASSED [ 43%]
2026-01-29T14:16:39.4040180Z tests/test_executor_results.py::TestDurationCalculation::test_duration_with_simulated_delay PASSED [ 43%]
2026-01-29T14:16:39.4055420Z tests/test_generator_detection.py::TestNinjaDetection::test_ninja_selected_when_available PASSED [ 43%]
2026-01-29T14:16:39.4071290Z tests/test_generator_detection.py::TestNinjaDetection::test_ninja_not_selected_when_unavailable PASSED [ 43%]
2026-01-29T14:16:39.4083080Z tests/test_generator_detection.py::TestNinjaDetection::test_ninja_detection_case_insensitive PASSED [ 43%]
2026-01-29T14:16:39.4099370Z tests/test_generator_detection.py::TestUnixMakefilesFallback::test_unix_makefiles_on_linux_without_ninja PASSED [ 43%]
2026-01-29T14:16:39.4113180Z tests/test_generator_detection.py::TestUnixMakefilesFallback::test_unix_makefiles_on_macos_without_ninja PASSED [ 44%]
2026-01-29T14:16:39.4127770Z tests/test_generator_detection.py::TestUnixMakefilesFallback::test_unix_makefiles_not_used_on_windows PASSED [ 44%]
2026-01-29T14:16:39.4141840Z tests/test_generator_detection.py::TestVisualStudioDetection::test_visual_studio_on_windows_without_ninja PASSED [ 44%]
2026-01-29T14:16:39.4157980Z tests/test_generator_detection.py::TestVisualStudioDetection::test_visual_studio_version_detection PASSED [ 44%]
2026-01-29T14:16:39.4170160Z tests/test_generator_detection.py::TestVisualStudioDetection::test_visual_studio_not_used_on_unix PASSED [ 44%]
2026-01-29T14:16:39.4185600Z tests/test_generator_detection.py::TestVisualStudioDetection::test_nmake_fallback_when_vs_not_found PASSED [ 44%]
2026-01-29T14:16:39.4192830Z tests/test_generator_detection.py::TestExplicitGeneratorSpecification::test_explicit_generator_overrides_detection PASSED [ 44%]
2026-01-29T14:16:39.4199720Z tests/test_generator_detection.py::TestExplicitGeneratorSpecification::test_explicit_generator_with_spaces PASSED [ 45%]
2026-01-29T14:16:39.4206460Z tests/test_generator_detection.py::TestExplicitGeneratorSpecification::test_explicit_generator_separate_arg PASSED [ 45%]
2026-01-29T14:16:39.4215710Z tests/test_generator_detection.py::TestExplicitGeneratorSpecification::test_explicit_generator_not_overridden_by_detection PASSED [ 45%]
2026-01-29T14:16:39.4228370Z tests/test_generator_detection.py::TestGeneratorValidation::test_invalid_generator_raises_error PASSED [ 45%]
2026-01-29T14:16:39.4235300Z tests/test_generator_detection.py::TestGeneratorValidation::test_valid_generator_passes_validation PASSED [ 45%]
2026-01-29T14:16:39.4242810Z tests/test_generator_detection.py::TestGeneratorValidation::test_empty_generator_name_raises_error PASSED [ 45%]
2026-01-29T14:16:39.4250680Z tests/test_generator_detection.py::TestGeneratorValidation::test_empty_generator_after_g_flag PASSED [ 45%]
2026-01-29T14:16:39.4259420Z tests/test_generator_detection.py::TestGeneratorValidation::test_empty_generator_string_after_g PASSED [ 46%]
2026-01-29T14:16:39.4269010Z tests/test_generator_detection.py::TestGeneratorAvailability::test_check_generator_available_with_ninja PASSED [ 46%]
2026-01-29T14:16:39.4277780Z tests/test_generator_detection.py::TestGeneratorAvailability::test_check_generator_unavailable PASSED [ 46%]
2026-01-29T14:16:39.4289090Z tests/test_generator_detection.py::TestGeneratorAvailability::test_unix_makefiles_always_available_on_unix PASSED [ 46%]
2026-01-29T14:16:39.4308490Z tests/test_generator_detection.py::TestGeneratorAvailability::test_visual_studio_availability_on_windows PASSED [ 46%]
2026-01-29T14:16:39.4318820Z tests/test_generator_detection.py::TestGeneratorAvailability::test_visual_studio_not_available_on_unix PASSED [ 46%]
2026-01-29T14:16:39.4328070Z tests/test_generator_detection.py::TestGeneratorAvailability::test_nmake_available_on_windows PASSED [ 46%]
2026-01-29T14:16:39.4338370Z tests/test_generator_detection.py::TestGeneratorAvailability::test_nmake_not_available_on_unix PASSED [ 46%]
2026-01-29T14:16:39.4345450Z tests/test_generator_detection.py::TestGeneratorAvailability::test_unknown_generator_unavailable PASSED [ 47%]
2026-01-29T14:16:39.4360810Z tests/test_generator_detection.py::TestPlatformSpecificBehavior::test_generator_priority_on_linux PASSED [ 47%]
2026-01-29T14:16:39.4376430Z tests/test_generator_detection.py::TestPlatformSpecificBehavior::test_generator_priority_on_windows PASSED [ 47%]
2026-01-29T14:16:39.4387950Z tests/test_generator_detection.py::TestPlatformSpecificBehavior::test_unsupported_platform_fallback PASSED [ 47%]
2026-01-29T14:16:39.4398460Z tests/test_generator_detection.py::TestGeneratorInCommandGeneration::test_detected_generator_in_configure_command PASSED [ 47%]
2026-01-29T14:16:39.4406860Z tests/test_generator_detection.py::TestGeneratorInCommandGeneration::test_explicit_generator_preserved_in_command PASSED [ 47%]
2026-01-29T14:16:39.4414640Z tests/test_generator_detection.py::TestGeneratorInCommandGeneration::test_generator_not_duplicated_in_command PASSED [ 47%]
2026-01-29T14:16:39.4431640Z tests/test_logging.py::TestLoggingConfiguration::test_configure_logging_default_level PASSED [ 48%]
2026-01-29T14:16:39.4442920Z tests/test_logging.py::TestLoggingConfiguration::test_configure_logging_verbose_level PASSED [ 48%]
2026-01-29T14:16:39.4457040Z tests/test_logging.py::TestLoggingConfiguration::test_configure_logging_info_level_explicit PASSED [ 48%]
2026-01-29T14:16:39.4468610Z tests/test_logging.py::TestLoggingConfiguration::test_configure_logging_warning_level PASSED [ 48%]
2026-01-29T14:16:39.4475010Z tests/test_logging.py::TestLoggingConfiguration::test_configure_logging_error_level PASSED [ 48%]
2026-01-29T14:16:39.4481710Z tests/test_logging.py::TestLoggerRetrieval::test_get_logger_returns_logger PASSED [ 48%]
2026-01-29T14:16:39.4488990Z tests/test_logging.py::TestLoggerRetrieval::test_get_logger_with_name PASSED [ 48%]
2026-01-29T14:16:39.4495080Z tests/test_logging.py::TestLoggerRetrieval::test_get_logger_default_name PASSED [ 48%]
2026-01-29T14:16:39.4501090Z tests/test_logging.py::TestLoggerRetrieval::test_get_logger_same_name_returns_same_instance PASSED [ 49%]
2026-01-29T14:16:39.4509120Z tests/test_logging.py::TestConsoleOutput::test_log_output_to_console_default PASSED [ 49%]
2026-01-29T14:16:39.4516400Z tests/test_logging.py::TestConsoleOutput::test_console_handler_configured PASSED [ 49%]
2026-01-29T14:16:39.4536940Z tests/test_logging.py::TestFileOutput::test_log_output_to_file PASSED    [ 49%]
2026-01-29T14:16:39.4552700Z tests/test_logging.py::TestFileOutput::test_log_file_created_in_directory PASSED [ 49%]
2026-01-29T14:16:39.4567340Z tests/test_logging.py::TestFileOutput::test_both_console_and_file_output PASSED [ 49%]
2026-01-29T14:16:39.4575090Z tests/test_logging.py::TestLogFormatting::test_log_format_includes_level PASSED [ 49%]
2026-01-29T14:16:39.4583940Z tests/test_logging.py::TestLogFormatting::test_log_format_includes_message PASSED [ 50%]
2026-01-29T14:16:39.4591210Z tests/test_logging.py::TestLogFormatting::test_log_format_includes_logger_name PASSED [ 50%]
2026-01-29T14:16:39.4601170Z tests/test_logging.py::TestLogFormatting::test_log_format_different_levels PASSED [ 50%]
2026-01-29T14:16:39.4617280Z tests/test_logging.py::TestExceptionLogging::test_exception_logged_with_traceback PASSED [ 50%]
2026-01-29T14:16:39.4625140Z tests/test_logging.py::TestExceptionLogging::test_exception_traceback_includes_file_info PASSED [ 50%]
2026-01-29T14:16:39.4631790Z tests/test_logging.py::TestExceptionLogging::test_error_without_exception_context PASSED [ 50%]
2026-01-29T14:16:39.4638610Z tests/test_logging.py::TestPerformanceLogging::test_timing_info_logged PASSED [ 50%]
2026-01-29T14:16:39.4646920Z tests/test_logging.py::TestPerformanceLogging::test_multiple_timing_logs PASSED [ 51%]
2026-01-29T14:16:39.4652610Z tests/test_logging.py::TestLoggingReset::test_reset_logging_clears_handlers PASSED [ 51%]
2026-01-29T14:16:39.4659340Z tests/test_logging.py::TestLoggingReset::test_reconfigure_after_reset PASSED [ 51%]
2026-01-29T14:16:39.4666800Z tests/test_logging.py::TestContextualLogging::test_log_with_extra_context PASSED [ 51%]
2026-01-29T14:16:39.4673770Z tests/test_logging.py::TestContextualLogging::test_log_structured_data PASSED [ 51%]
2026-01-29T14:16:39.4681320Z tests/test_logging.py::TestMultipleLoggers::test_different_modules_same_config PASSED [ 51%]
2026-01-29T14:16:39.4688720Z tests/test_logging.py::TestMultipleLoggers::test_logger_hierarchy PASSED [ 51%]
2026-01-29T14:16:39.4697010Z tests/test_logging.py::TestEdgeCases::test_configure_logging_multiple_times PASSED [ 51%]
2026-01-29T14:16:39.4703660Z tests/test_logging.py::TestEdgeCases::test_log_with_none_message PASSED  [ 52%]
2026-01-29T14:16:39.4711180Z tests/test_logging.py::TestEdgeCases::test_log_with_empty_string PASSED  [ 52%]
2026-01-29T14:16:39.4717980Z tests/test_logging.py::TestEdgeCases::test_log_with_unicode PASSED       [ 52%]
2026-01-29T14:16:39.4733130Z tests/test_logging.py::TestEdgeCases::test_log_file_path_with_spaces PASSED [ 52%]
2026-01-29T14:16:39.4761810Z tests/test_main_errors.py::TestCMakeNotFoundError::test_cmake_not_found_returns_127 PASSED [ 52%]
2026-01-29T14:16:39.4785680Z tests/test_main_errors.py::TestCMakeNotFoundError::test_cmake_not_found_error_message PASSED [ 52%]
2026-01-29T14:16:39.4844940Z tests/test_main_errors.py::TestConfigurationFailure::test_configure_failure_returns_exit_code PASSED [ 52%]
2026-01-29T14:16:39.4884650Z tests/test_main_errors.py::TestConfigurationFailure::test_configure_failure_error_message PASSED [ 53%]
2026-01-29T14:16:39.4924490Z tests/test_main_errors.py::TestConfigurationFailure::test_configure_failure_no_build_attempted PASSED [ 53%]
2026-01-29T14:16:39.4974730Z tests/test_main_errors.py::TestBuildFailure::test_build_failure_returns_exit_code PASSED [ 53%]
2026-01-29T14:16:39.5018070Z tests/test_main_errors.py::TestBuildFailure::test_build_failure_error_message PASSED [ 53%]
2026-01-29T14:16:39.5063890Z tests/test_main_errors.py::TestBuildFailure::test_build_failure_data_still_saved PASSED [ 53%]
2026-01-29T14:16:39.5113590Z tests/test_main_errors.py::TestDatabaseErrors::test_database_connection_error_continues PASSED [ 53%]
2026-01-29T14:16:39.5176680Z tests/test_main_errors.py::TestDatabaseErrors::test_database_init_error_continues PASSED [ 53%]
2026-01-29T14:16:39.5223480Z tests/test_main_errors.py::TestKeyboardInterrupt::test_keyboard_interrupt_returns_130 PASSED [ 53%]
2026-01-29T14:16:39.5267870Z tests/test_main_errors.py::TestKeyboardInterrupt::test_keyboard_interrupt_during_build PASSED [ 54%]
2026-01-29T14:16:39.5320030Z tests/test_main_errors.py::TestPartialDataHandling::test_config_success_build_fail_saves_config PASSED [ 54%]
2026-01-29T14:16:39.5333610Z tests/test_main_errors.py::TestInvalidArguments::test_missing_required_args_returns_error PASSED [ 54%]
2026-01-29T14:16:39.5344670Z tests/test_main_errors.py::TestInvalidArguments::test_invalid_path_error_message PASSED [ 54%]
2026-01-29T14:16:39.5380140Z tests/test_main_errors.py::TestResourceCleanup::test_database_connection_closed_on_error PASSED [ 54%]
2026-01-29T14:16:39.5432470Z tests/test_main_errors.py::TestResourceCleanup::test_error_during_inspection_continues PASSED [ 54%]
2026-01-29T14:16:39.5454630Z tests/test_main_errors.py::TestErrorMessageClarity::test_validation_error_message_helpful PASSED [ 54%]
2026-01-29T14:16:39.5494040Z tests/test_main_errors.py::TestErrorMessageClarity::test_exception_message_logged PASSED [ 55%]
2026-01-29T14:16:39.5537090Z tests/test_main_integration.py::TestBasicWorkflow::test_build_only_workflow PASSED [ 55%]
2026-01-29T14:16:39.5550700Z tests/test_main_integration.py::TestBasicWorkflow::test_invalid_arguments_returns_error PASSED [ 55%]
2026-01-29T14:16:39.5580820Z tests/test_main_integration.py::TestBasicWorkflow::test_cmake_not_found_returns_error PASSED [ 55%]
2026-01-29T14:16:39.5621530Z tests/test_main_integration.py::TestExitCodes::test_successful_build_returns_zero PASSED [ 55%]
2026-01-29T14:16:39.5653240Z tests/test_main_integration.py::TestExitCodes::test_failed_build_returns_nonzero PASSED [ 55%]
2026-01-29T14:16:39.5685230Z tests/test_main_integration.py::TestVerboseMode::test_verbose_mode_works PASSED [ 55%]
2026-01-29T14:16:39.5691240Z tests/test_models.py::TestForgeArguments::test_create_with_valid_data PASSED [ 56%]
2026-01-29T14:16:39.5696690Z tests/test_models.py::TestForgeArguments::test_create_with_minimal_data PASSED [ 56%]
2026-01-29T14:16:39.5702290Z tests/test_models.py::TestForgeArguments::test_missing_required_field PASSED [ 56%]
2026-01-29T14:16:39.5707710Z tests/test_models.py::TestForgeArguments::test_path_handling_string_conversion PASSED [ 56%]
2026-01-29T14:16:39.5713360Z tests/test_models.py::TestForgeArguments::test_to_dict PASSED            [ 56%]
2026-01-29T14:16:39.5718940Z tests/test_models.py::TestForgeArguments::test_from_dict PASSED          [ 56%]
2026-01-29T14:16:39.5727810Z tests/test_models.py::TestForgeArguments::test_json_serialization PASSED [ 56%]
2026-01-29T14:16:39.5733030Z tests/test_models.py::TestConfigureResult::test_create_with_all_fields PASSED [ 56%]
2026-01-29T14:16:39.5757540Z tests/test_models.py::TestConfigureResult::test_create_with_optional_fields_none PASSED [ 57%]
2026-01-29T14:16:39.5758930Z tests/test_models.py::TestConfigureResult::test_json_serialization PASSED [ 57%]
2026-01-29T14:16:39.5759720Z tests/test_models.py::TestBuildResult::test_create_with_all_fields PASSED [ 57%]
2026-01-29T14:16:39.5760200Z tests/test_models.py::TestBuildResult::test_create_with_minimal_fields PASSED [ 57%]
2026-01-29T14:16:39.5763450Z tests/test_models.py::TestBuildResult::test_to_dict PASSED               [ 57%]
2026-01-29T14:16:39.5768900Z tests/test_models.py::TestBuildResult::test_from_dict PASSED             [ 57%]
2026-01-29T14:16:39.5773760Z tests/test_models.py::TestConfigureMetadata::test_create_with_all_fields PASSED [ 57%]
2026-01-29T14:16:39.5778780Z tests/test_models.py::TestConfigureMetadata::test_create_with_optional_fields_none PASSED [ 58%]
2026-01-29T14:16:39.5784270Z tests/test_models.py::TestConfigureMetadata::test_json_serialization PASSED [ 58%]
2026-01-29T14:16:39.5789120Z tests/test_models.py::TestBuildMetadata::test_create_with_all_fields PASSED [ 58%]
2026-01-29T14:16:39.5794190Z tests/test_models.py::TestBuildMetadata::test_create_with_empty_diagnostics PASSED [ 58%]
2026-01-29T14:16:39.5799410Z tests/test_models.py::TestBuildMetadata::test_to_dict PASSED             [ 58%]
2026-01-29T14:16:39.5804440Z tests/test_models.py::TestBuildMetadata::test_from_dict PASSED           [ 58%]
2026-01-29T14:16:39.5809370Z tests/test_models.py::TestBuildTarget::test_create_simple_target PASSED  [ 58%]
2026-01-29T14:16:39.5814750Z tests/test_models.py::TestBuildTarget::test_create_target_with_progress PASSED [ 58%]
2026-01-29T14:16:39.5819600Z tests/test_models.py::TestBuildTarget::test_to_dict PASSED               [ 59%]
2026-01-29T14:16:39.5824450Z tests/test_models.py::TestBuildTarget::test_from_dict PASSED             [ 59%]
2026-01-29T14:16:39.5829650Z tests/test_models.py::TestBuildTarget::test_serialization_roundtrip PASSED [ 59%]
2026-01-29T14:16:39.5834450Z tests/test_models.py::TestBuildWarning::test_create_with_complete_info PASSED [ 59%]
2026-01-29T14:16:39.5839390Z tests/test_models.py::TestBuildWarning::test_create_with_partial_info PASSED [ 59%]
2026-01-29T14:16:39.5844600Z tests/test_models.py::TestBuildWarning::test_json_serialization PASSED   [ 59%]
2026-01-29T14:16:39.5849460Z tests/test_models.py::TestError::test_create_with_complete_info PASSED   [ 59%]
2026-01-29T14:16:39.5854590Z tests/test_models.py::TestError::test_create_with_minimal_info PASSED    [ 60%]
2026-01-29T14:16:39.5860420Z tests/test_models.py::TestError::test_json_serialization PASSED          [ 60%]
2026-01-29T14:16:39.5866300Z tests/test_output_formatting.py::TestDurationFormatting::test_format_duration_milliseconds PASSED [ 60%]
2026-01-29T14:16:39.5871680Z tests/test_output_formatting.py::TestDurationFormatting::test_format_duration_seconds PASSED [ 60%]
2026-01-29T14:16:39.5876930Z tests/test_output_formatting.py::TestDurationFormatting::test_format_duration_minutes PASSED [ 60%]
2026-01-29T14:16:39.5882530Z tests/test_output_formatting.py::TestDurationFormatting::test_format_duration_hours PASSED [ 60%]
2026-01-29T14:16:39.5887670Z tests/test_output_formatting.py::TestDurationFormatting::test_format_duration_zero PASSED [ 60%]
2026-01-29T14:16:39.5893760Z tests/test_output_formatting.py::TestDurationFormatting::test_format_duration_very_small PASSED [ 61%]
2026-01-29T14:16:39.5899040Z tests/test_output_formatting.py::TestTimestampFormatting::test_format_timestamp_datetime PASSED [ 61%]
2026-01-29T14:16:39.5904870Z tests/test_output_formatting.py::TestTimestampFormatting::test_format_timestamp_iso_string PASSED [ 61%]
2026-01-29T14:16:39.5909850Z tests/test_output_formatting.py::TestTimestampFormatting::test_format_timestamp_none PASSED [ 61%]
2026-01-29T14:16:39.5915000Z tests/test_output_formatting.py::TestTimestampFormatting::test_format_timestamp_invalid PASSED [ 61%]
2026-01-29T14:16:39.5925610Z tests/test_output_formatting.py::TestColorSupport::test_supports_color_with_tty PASSED [ 61%]
2026-01-29T14:16:39.5932980Z tests/test_output_formatting.py::TestColorSupport::test_supports_color_no_tty PASSED [ 61%]
2026-01-29T14:16:39.5949080Z tests/test_output_formatting.py::TestColorSupport::test_supports_color_windows_with_wt PASSED [ 61%]
2026-01-29T14:16:39.5963970Z tests/test_output_formatting.py::TestColorSupport::test_supports_color_windows_without_wt PASSED [ 62%]
2026-01-29T14:16:39.5977980Z tests/test_output_formatting.py::TestColorSupport::test_supports_color_no_color_env PASSED [ 62%]
2026-01-29T14:16:39.5987300Z tests/test_output_formatting.py::TestPrintFunctions::test_print_success_with_color PASSED [ 62%]
2026-01-29T14:16:39.5995550Z tests/test_output_formatting.py::TestPrintFunctions::test_print_success_without_color PASSED [ 62%]
2026-01-29T14:16:39.6004110Z tests/test_output_formatting.py::TestPrintFunctions::test_print_error_with_color PASSED [ 62%]
2026-01-29T14:16:39.6013000Z tests/test_output_formatting.py::TestPrintFunctions::test_print_error_without_color PASSED [ 62%]
2026-01-29T14:16:39.6021070Z tests/test_output_formatting.py::TestPrintFunctions::test_print_warning_with_color PASSED [ 62%]
2026-01-29T14:16:39.6029350Z tests/test_output_formatting.py::TestPrintFunctions::test_print_warning_without_color PASSED [ 63%]
2026-01-29T14:16:39.6035600Z tests/test_output_formatting.py::TestPrintFunctions::test_print_section_header PASSED [ 63%]
2026-01-29T14:16:39.6042020Z tests/test_output_formatting.py::TestConfigureSummary::test_print_configure_summary_success PASSED [ 63%]
2026-01-29T14:16:39.6048440Z tests/test_output_formatting.py::TestConfigureSummary::test_print_configure_summary_failure PASSED [ 63%]
2026-01-29T14:16:39.6054780Z tests/test_output_formatting.py::TestConfigureSummary::test_print_configure_summary_minimal_metadata PASSED [ 63%]
2026-01-29T14:16:39.6061200Z tests/test_output_formatting.py::TestBuildSummary::test_print_build_summary_success_no_warnings PASSED [ 63%]
2026-01-29T14:16:39.6067840Z tests/test_output_formatting.py::TestBuildSummary::test_print_build_summary_success_with_warnings PASSED [ 63%]
2026-01-29T14:16:39.6095010Z tests/test_output_formatting.py::TestBuildSummary::test_print_build_summary_failure PASSED [ 64%]
2026-01-29T14:16:39.6095620Z tests/test_output_formatting.py::TestBuildSummary::test_print_build_summary_multiple_targets PASSED [ 64%]
2026-01-29T14:16:39.6096280Z tests/test_output_formatting.py::TestBuildSummary::test_print_build_summary_no_metadata PASSED [ 64%]
2026-01-29T14:16:39.6100420Z tests/test_output_formatting.py::TestVerboseOutput::test_verbose_mode_shows_details PASSED [ 64%]
2026-01-29T14:16:39.6107220Z tests/test_output_formatting.py::TestVerboseOutput::test_verbose_mode_shows_timestamps PASSED [ 64%]
2026-01-29T14:16:39.6114690Z tests/test_output_formatting.py::TestOutputConsistency::test_all_summaries_use_consistent_formatting PASSED [ 64%]
2026-01-29T14:16:39.6122150Z tests/test_output_formatting.py::TestOutputConsistency::test_line_length_is_reasonable PASSED [ 64%]
2026-01-29T14:16:39.6135570Z tests/test_parameter_manager.py::TestConfigureCommandBasic::test_configure_with_minimal_arguments PASSED [ 64%]
2026-01-29T14:16:39.6146920Z tests/test_parameter_manager.py::TestConfigureCommandBasic::test_configure_with_generator PASSED [ 65%]
2026-01-29T14:16:39.6158700Z tests/test_parameter_manager.py::TestConfigureCommandBasic::test_configure_with_build_type PASSED [ 65%]
2026-01-29T14:16:39.6183580Z tests/test_parameter_manager.py::TestConfigureCommandWithCMakeArgs::test_configure_with_single_cmake_arg PASSED [ 65%]
2026-01-29T14:16:39.6196740Z tests/test_parameter_manager.py::TestConfigureCommandWithCMakeArgs::test_configure_with_multiple_cmake_args PASSED [ 65%]
2026-01-29T14:16:39.6208200Z tests/test_parameter_manager.py::TestConfigureCommandWithCMakeArgs::test_configure_with_generator_and_args PASSED [ 65%]
2026-01-29T14:16:39.6220050Z tests/test_parameter_manager.py::TestConfigureCommandWithCMakeArgs::test_configure_preserves_arg_order PASSED [ 65%]
2026-01-29T14:16:39.6231140Z tests/test_parameter_manager.py::TestBuildCommandBasic::test_build_with_minimal_arguments PASSED [ 65%]
2026-01-29T14:16:39.6241210Z tests/test_parameter_manager.py::TestBuildCommandBasic::test_build_with_parallel_jobs PASSED [ 66%]
2026-01-29T14:16:39.6253410Z tests/test_parameter_manager.py::TestBuildCommandBasic::test_build_with_verbose PASSED [ 66%]
2026-01-29T14:16:39.6264210Z tests/test_parameter_manager.py::TestBuildCommandWithTarget::test_build_with_single_target PASSED [ 66%]
2026-01-29T14:16:39.6275060Z tests/test_parameter_manager.py::TestBuildCommandWithTarget::test_build_with_multiple_targets PASSED [ 66%]
2026-01-29T14:16:39.6285430Z tests/test_parameter_manager.py::TestBuildCommandWithTarget::test_build_with_target_and_parallel PASSED [ 66%]
2026-01-29T14:16:39.6298180Z tests/test_parameter_manager.py::TestPathHandling::test_absolute_paths_used PASSED [ 66%]
2026-01-29T14:16:39.6312480Z tests/test_parameter_manager.py::TestPathHandling::test_paths_with_spaces PASSED [ 66%]
2026-01-29T14:16:39.6326160Z tests/test_parameter_manager.py::TestCommandFormat::test_configure_command_is_list PASSED [ 66%]
2026-01-29T14:16:39.6336640Z tests/test_parameter_manager.py::TestCommandFormat::test_build_command_is_list PASSED [ 67%]
2026-01-29T14:16:39.6347800Z tests/test_parameter_manager.py::TestCommandFormat::test_configure_command_structure PASSED [ 67%]
2026-01-29T14:16:39.6358360Z tests/test_parameter_manager.py::TestCommandFormat::test_build_command_structure PASSED [ 67%]
2026-01-29T14:16:39.6369850Z tests/test_parameter_manager.py::TestEnvironmentHandling::test_cmake_args_with_env_var_syntax PASSED [ 67%]
2026-01-29T14:16:39.6380070Z tests/test_parameter_manager.py::TestEnvironmentHandling::test_build_args_unchanged PASSED [ 67%]
2026-01-29T14:16:39.6391520Z tests/test_parameter_manager.py::TestEdgeCases::test_empty_cmake_args PASSED [ 67%]
2026-01-29T14:16:39.6402660Z tests/test_parameter_manager.py::TestEdgeCases::test_empty_build_args PASSED [ 67%]
2026-01-29T14:16:39.6415520Z tests/test_parameter_manager.py::TestEdgeCases::test_cmake_args_with_quotes PASSED [ 68%]
2026-01-29T14:16:39.6426850Z tests/test_parameter_override.py::TestParameterAddition::test_add_new_cmake_parameter PASSED [ 68%]
2026-01-29T14:16:39.6439490Z tests/test_parameter_override.py::TestParameterAddition::test_add_multiple_parameters PASSED [ 68%]
2026-01-29T14:16:39.6451670Z tests/test_parameter_override.py::TestParameterAddition::test_add_parameter_with_d_prefix PASSED [ 68%]
2026-01-29T14:16:39.6462690Z tests/test_parameter_override.py::TestParameterAddition::test_add_parameter_preserves_existing_args PASSED [ 68%]
2026-01-29T14:16:39.6474880Z tests/test_parameter_override.py::TestParameterOverride::test_override_existing_parameter PASSED [ 68%]
2026-01-29T14:16:39.6488480Z tests/test_parameter_override.py::TestParameterOverride::test_override_multiple_times PASSED [ 68%]
2026-01-29T14:16:39.6501580Z tests/test_parameter_override.py::TestParameterOverride::test_programmatic_overrides_cli PASSED [ 69%]
2026-01-29T14:16:39.6513240Z tests/test_parameter_override.py::TestGetParameters::test_get_parameters_returns_dict PASSED [ 69%]
2026-01-29T14:16:39.6527360Z tests/test_parameter_override.py::TestGetParameters::test_get_parameters_includes_added_params PASSED [ 69%]
2026-01-29T14:16:39.6539070Z tests/test_parameter_override.py::TestGetParameters::test_get_parameters_reflects_overrides PASSED [ 69%]
2026-01-29T14:16:39.6549550Z tests/test_parameter_override.py::TestGetParameters::test_get_parameters_handles_generator_args PASSED [ 69%]
2026-01-29T14:16:39.6561640Z tests/test_parameter_override.py::TestSpecialCharacters::test_parameter_with_spaces PASSED [ 69%]
2026-01-29T14:16:39.6572630Z tests/test_parameter_override.py::TestSpecialCharacters::test_parameter_with_quotes PASSED [ 69%]
2026-01-29T14:16:39.6584410Z tests/test_parameter_override.py::TestSpecialCharacters::test_parameter_with_equals_sign PASSED [ 69%]
2026-01-29T14:16:39.6595410Z tests/test_parameter_override.py::TestSpecialCharacters::test_parameter_with_path_separators PASSED [ 70%]
2026-01-29T14:16:39.6606090Z tests/test_parameter_override.py::TestEnvironmentVariables::test_parameter_with_env_var_syntax PASSED [ 70%]
2026-01-29T14:16:39.6617370Z tests/test_parameter_override.py::TestEnvironmentVariables::test_add_parameter_preserves_env_syntax_from_cli PASSED [ 70%]
2026-01-29T14:16:39.6628830Z tests/test_parameter_override.py::TestParameterFormatting::test_parameter_has_d_prefix_in_command PASSED [ 70%]
2026-01-29T14:16:39.6640870Z tests/test_parameter_override.py::TestParameterFormatting::test_empty_value_parameter PASSED [ 70%]
2026-01-29T14:16:39.6651370Z tests/test_parameter_override.py::TestParameterFormatting::test_boolean_style_parameters PASSED [ 70%]
2026-01-29T14:16:39.6661900Z tests/test_parameter_override.py::TestEdgeCases::test_add_parameter_to_empty_args PASSED [ 70%]
2026-01-29T14:16:39.6672090Z tests/test_parameter_override.py::TestEdgeCases::test_get_parameters_when_no_params PASSED [ 71%]
2026-01-29T14:16:39.6682820Z tests/test_parameter_override.py::TestEdgeCases::test_parameter_name_case_sensitivity PASSED [ 71%]
2026-01-29T14:16:41.8188140Z tests/test_performance.py::TestForgeOverhead::test_configure_overhead PASSED [ 71%]
2026-01-29T14:16:41.8289200Z tests/test_performance.py::TestForgeOverhead::test_startup_time PASSED   [ 71%]
2026-01-29T14:16:42.0295420Z tests/test_performance.py::TestMemoryUsage::test_memory_with_large_output PASSED [ 71%]
2026-01-29T14:16:42.0368180Z tests/test_performance.py::TestMemoryUsage::test_memory_with_many_warnings PASSED [ 71%]
2026-01-29T14:16:42.1658370Z tests/test_performance.py::TestDatabasePerformance::test_bulk_insert_warnings PASSED [ 71%]
2026-01-29T14:16:42.3246460Z tests/test_performance.py::TestDatabasePerformance::test_query_performance PASSED [ 71%]
2026-01-29T14:16:42.4329450Z tests/test_performance.py::TestDatabasePerformance::test_statistics_calculation_performance PASSED [ 72%]
2026-01-29T14:16:42.4433160Z tests/test_performance.py::TestOutputCapture::test_output_capture_overhead PASSED [ 72%]
2026-01-29T14:16:42.4531060Z tests/test_performance.py::TestScalability::test_parse_large_cmakelists PASSED [ 72%]
2026-01-29T14:16:42.4531990Z tests/test_performance.py::TestScalability::test_extract_many_packages PASSED [ 72%]
2026-01-29T14:16:42.4532990Z tests/test_persistence_build.py::TestSaveCompleteBuild::test_save_build_returns_id PASSED [ 72%]
2026-01-29T14:16:42.4555200Z tests/test_persistence_build.py::TestSaveCompleteBuild::test_save_build_with_all_fields PASSED [ 72%]
2026-01-29T14:16:42.4602320Z tests/test_persistence_build.py::TestSaveCompleteBuild::test_save_build_persists_metadata_fields PASSED [ 72%]
2026-01-29T14:16:42.4683350Z tests/test_persistence_build.py::TestConfigurationAssociation::test_save_build_with_configuration_id PASSED [ 73%]
2026-01-29T14:16:42.4755400Z tests/test_persistence_build.py::TestConfigurationAssociation::test_save_build_without_configuration PASSED [ 73%]
2026-01-29T14:16:42.4840000Z tests/test_persistence_build.py::TestConfigurationAssociation::test_multiple_builds_per_configuration PASSED [ 73%]
2026-01-29T14:16:42.4903690Z tests/test_persistence_build.py::TestTargetsSerialization::test_targets_list_serialized_as_json PASSED [ 73%]
2026-01-29T14:16:42.4951490Z tests/test_persistence_build.py::TestTargetsSerialization::test_empty_targets_list PASSED [ 73%]
2026-01-29T14:16:42.4999960Z tests/test_persistence_build.py::TestTimestampFormatting::test_build_time_is_iso8601_format PASSED [ 73%]
2026-01-29T14:16:42.5057760Z tests/test_persistence_build.py::TestTimestampFormatting::test_timestamp_roundtrip PASSED [ 73%]
2026-01-29T14:16:42.5128680Z tests/test_persistence_build.py::TestWarningErrorCounts::test_warning_count_stored PASSED [ 74%]
2026-01-29T14:16:42.5171910Z tests/test_persistence_build.py::TestWarningErrorCounts::test_error_count_stored PASSED [ 74%]
2026-01-29T14:16:42.5208330Z tests/test_persistence_build.py::TestWarningErrorCounts::test_zero_warnings_and_errors PASSED [ 74%]
2026-01-29T14:16:42.5245770Z tests/test_persistence_build.py::TestTransactionHandling::test_transaction_rollback_on_error PASSED [ 74%]
2026-01-29T14:16:42.5288200Z tests/test_persistence_build.py::TestTransactionHandling::test_successful_transaction_commit PASSED [ 74%]
2026-01-29T14:16:42.5326300Z tests/test_persistence_build.py::TestDataIntegrityConstraints::test_success_flag_is_boolean PASSED [ 74%]
2026-01-29T14:16:42.5364120Z tests/test_persistence_build.py::TestDataIntegrityConstraints::test_duration_precision PASSED [ 74%]
2026-01-29T14:16:42.5399160Z tests/test_persistence_build.py::TestForeignKeyRelationships::test_foreign_key_constraint_enforced PASSED [ 74%]
2026-01-29T14:16:42.5439090Z tests/test_persistence_build.py::TestForeignKeyRelationships::test_null_configuration_id_allowed PASSED [ 75%]
2026-01-29T14:16:42.5481280Z tests/test_persistence_configure.py::TestSaveCompleteConfiguration::test_save_configuration_returns_id PASSED [ 75%]
2026-01-29T14:16:42.5523050Z tests/test_persistence_configure.py::TestSaveCompleteConfiguration::test_save_configuration_with_all_metadata_fields PASSED [ 75%]
2026-01-29T14:16:42.5565280Z tests/test_persistence_configure.py::TestSaveCompleteConfiguration::test_save_configuration_persists_all_result_fields PASSED [ 75%]
2026-01-29T14:16:42.5612620Z tests/test_persistence_configure.py::TestJSONSerialization::test_found_packages_serialized_as_json PASSED [ 75%]
2026-01-29T14:16:42.5653570Z tests/test_persistence_configure.py::TestJSONSerialization::test_empty_found_packages_list PASSED [ 75%]
2026-01-29T14:16:42.5698720Z tests/test_persistence_configure.py::TestTimestampFormatting::test_configure_time_is_iso8601_format PASSED [ 75%]
2026-01-29T14:16:42.5738680Z tests/test_persistence_configure.py::TestTimestampFormatting::test_timestamp_roundtrip PASSED [ 76%]
2026-01-29T14:16:42.5774940Z tests/test_persistence_configure.py::TestNullHandling::test_optional_metadata_fields_can_be_none PASSED [ 76%]
2026-01-29T14:16:42.5810270Z tests/test_persistence_configure.py::TestNullHandling::test_stderr_can_be_empty_string PASSED [ 76%]
2026-01-29T14:16:42.6001810Z tests/test_persistence_configure.py::TestForeignKeyPreparation::test_configuration_id_can_be_referenced PASSED [ 76%]
2026-01-29T14:16:42.6305380Z tests/test_persistence_configure.py::TestForeignKeyPreparation::test_multiple_builds_can_reference_same_configuration PASSED [ 76%]
2026-01-29T14:16:42.6407080Z tests/test_persistence_configure.py::TestDataIntegrityConstraints::test_success_flag_is_boolean PASSED [ 76%]
2026-01-29T14:16:42.6448570Z tests/test_persistence_configure.py::TestDuplicateConfiguration::test_same_configuration_can_be_saved_multiple_times PASSED [ 76%]
2026-01-29T14:16:42.6449620Z tests/test_persistence_diagnostics.py::TestSaveSingleWarning::test_save_single_warning_returns_count PASSED [ 76%]
2026-01-29T14:16:42.6463010Z tests/test_persistence_diagnostics.py::TestSaveSingleWarning::test_save_warning_with_complete_information PASSED [ 77%]
2026-01-29T14:16:42.6505850Z tests/test_persistence_diagnostics.py::TestSaveSingleWarning::test_save_warning_with_build_id_association PASSED [ 77%]
2026-01-29T14:16:42.6544870Z tests/test_persistence_diagnostics.py::TestSaveMultipleWarnings::test_save_multiple_warnings_bulk_insert PASSED [ 77%]
2026-01-29T14:16:42.6646310Z tests/test_persistence_diagnostics.py::TestSaveMultipleWarnings::test_save_large_warning_list PASSED [ 77%]
2026-01-29T14:16:42.6683190Z tests/test_persistence_diagnostics.py::TestSaveMultipleWarnings::test_save_warnings_preserves_order PASSED [ 77%]
2026-01-29T14:16:42.6723970Z tests/test_persistence_diagnostics.py::TestSaveWarningsWithPartialInformation::test_save_warning_with_missing_warning_type PASSED [ 77%]
2026-01-29T14:16:42.6762430Z tests/test_persistence_diagnostics.py::TestSaveWarningsWithPartialInformation::test_save_warning_with_long_message PASSED [ 77%]
2026-01-29T14:16:42.6799080Z tests/test_persistence_diagnostics.py::TestSaveErrors::test_save_single_error PASSED [ 78%]
2026-01-29T14:16:42.6845770Z tests/test_persistence_diagnostics.py::TestSaveErrors::test_save_error_with_complete_information PASSED [ 78%]
2026-01-29T14:16:42.6896880Z tests/test_persistence_diagnostics.py::TestSaveErrors::test_save_multiple_errors PASSED [ 78%]
2026-01-29T14:16:42.6942230Z tests/test_persistence_diagnostics.py::TestSaveErrors::test_save_error_with_missing_optional_fields PASSED [ 78%]
2026-01-29T14:16:42.6982560Z tests/test_persistence_diagnostics.py::TestForeignKeyRelationships::test_warnings_reference_valid_build PASSED [ 78%]
2026-01-29T14:16:42.7030140Z tests/test_persistence_diagnostics.py::TestForeignKeyRelationships::test_warnings_invalid_build_id_raises_error PASSED [ 78%]
2026-01-29T14:16:42.7072930Z tests/test_persistence_diagnostics.py::TestForeignKeyRelationships::test_errors_reference_valid_build PASSED [ 78%]
2026-01-29T14:16:42.7117730Z tests/test_persistence_diagnostics.py::TestForeignKeyRelationships::test_errors_invalid_build_id_raises_error PASSED [ 79%]
2026-01-29T14:16:42.7160030Z tests/test_persistence_diagnostics.py::TestCascadeDelete::test_warnings_cascade_delete PASSED [ 79%]
2026-01-29T14:16:42.7198180Z tests/test_persistence_diagnostics.py::TestCascadeDelete::test_errors_cascade_delete PASSED [ 79%]
2026-01-29T14:16:42.7234670Z tests/test_persistence_diagnostics.py::TestTransactionHandling::test_warnings_transaction_rollback_on_error PASSED [ 79%]
2026-01-29T14:16:42.7277870Z tests/test_persistence_diagnostics.py::TestTransactionHandling::test_errors_transaction_commit_on_success PASSED [ 79%]
2026-01-29T14:16:42.7314890Z tests/test_persistence_diagnostics.py::TestEmptyDiagnosticLists::test_save_empty_warnings_list PASSED [ 79%]
2026-01-29T14:16:42.7350160Z tests/test_persistence_diagnostics.py::TestEmptyDiagnosticLists::test_save_empty_errors_list PASSED [ 79%]
2026-01-29T14:16:42.7388260Z tests/test_persistence_diagnostics.py::TestMultipleBuildsDiagnostics::test_warnings_for_different_builds PASSED [ 79%]
2026-01-29T14:16:42.7428720Z tests/test_persistence_diagnostics.py::TestMultipleBuildsDiagnostics::test_errors_for_different_builds PASSED [ 80%]
2026-01-29T14:16:42.7468740Z tests/test_persistence_init.py::TestDatabaseCreation::test_database_creation_in_default_location PASSED [ 80%]
2026-01-29T14:16:42.7505380Z tests/test_persistence_init.py::TestDatabaseCreation::test_database_creation_in_custom_location PASSED [ 80%]
2026-01-29T14:16:42.7542030Z tests/test_persistence_init.py::TestDatabaseCreation::test_database_creation_with_nonexistent_parent_directory PASSED [ 80%]
2026-01-29T14:16:42.7580830Z tests/test_persistence_init.py::TestDatabaseCreation::test_database_file_is_valid_sqlite PASSED [ 80%]
2026-01-29T14:16:42.7623650Z tests/test_persistence_init.py::TestSchemaInitialization::test_schema_created_on_first_initialization PASSED [ 80%]
2026-01-29T14:16:42.7675830Z tests/test_persistence_init.py::TestSchemaInitialization::test_idempotent_initialization_multiple_calls PASSED [ 80%]
2026-01-29T14:16:42.7729380Z tests/test_persistence_init.py::TestSchemaInitialization::test_schema_not_recreated_on_subsequent_runs PASSED [ 81%]
2026-01-29T14:16:42.7771950Z tests/test_persistence_init.py::TestSchemaInitialization::test_foreign_keys_enabled_on_initialization PASSED [ 81%]
2026-01-29T14:16:42.7813700Z tests/test_persistence_init.py::TestConnectionManagement::test_connection_established_on_initialization PASSED [ 81%]
2026-01-29T14:16:42.7851890Z tests/test_persistence_init.py::TestConnectionManagement::test_connection_is_reusable PASSED [ 81%]
2026-01-29T14:16:42.7892150Z tests/test_persistence_init.py::TestConnectionManagement::test_close_connection_explicitly PASSED [ 81%]
2026-01-29T14:16:42.7931120Z tests/test_persistence_init.py::TestConnectionManagement::test_context_manager_closes_connection PASSED [ 81%]
2026-01-29T14:16:42.7969030Z tests/test_persistence_init.py::TestConnectionManagement::test_multiple_instances_can_access_same_database PASSED [ 81%]
2026-01-29T14:16:42.8004280Z tests/test_persistence_init.py::TestSchemaVersionTracking::test_schema_version_table_exists PASSED [ 82%]
2026-01-29T14:16:42.8041400Z tests/test_persistence_init.py::TestSchemaVersionTracking::test_initial_schema_version_recorded PASSED [ 82%]
2026-01-29T14:16:42.8077380Z tests/test_persistence_init.py::TestSchemaVersionTracking::test_get_schema_version_method PASSED [ 82%]
2026-01-29T14:16:42.8121500Z tests/test_persistence_init.py::TestSchemaVersionTracking::test_schema_version_persists_across_instances PASSED [ 82%]
2026-01-29T14:16:42.8160810Z tests/test_persistence_init.py::TestSchemaVersionTracking::test_schema_version_has_timestamp PASSED [ 82%]
2026-01-29T14:16:42.8173800Z tests/test_persistence_init.py::TestErrorHandling::test_invalid_database_path_raises_error PASSED [ 82%]
2026-01-29T14:16:42.8214600Z tests/test_persistence_init.py::TestErrorHandling::test_database_with_wrong_permissions PASSED [ 82%]
2026-01-29T14:16:42.8231190Z tests/test_persistence_init.py::TestErrorHandling::test_corrupted_database_handling PASSED [ 82%]
2026-01-29T14:16:42.8280940Z tests/test_persistence_init.py::TestConcurrentAccess::test_concurrent_read_access PASSED [ 83%]
2026-01-29T14:16:42.8319370Z tests/test_persistence_init.py::TestConcurrentAccess::test_write_transaction_isolation PASSED [ 83%]
2026-01-29T14:16:42.8357490Z tests/test_persistence_init.py::TestDatabaseProperties::test_wal_mode_enabled PASSED [ 83%]
2026-01-29T14:16:42.8396040Z tests/test_persistence_init.py::TestDatabaseProperties::test_synchronous_mode_configured PASSED [ 83%]
2026-01-29T14:16:42.8435860Z tests/test_persistence_init.py::TestDatabaseProperties::test_database_encoding_is_utf8 PASSED [ 83%]
2026-01-29T14:16:42.8470050Z tests/test_persistence_queries.py::TestGetRecentBuildsBasic::test_get_recent_builds_returns_empty_list_when_no_builds PASSED [ 83%]
2026-01-29T14:16:42.8526210Z tests/test_persistence_queries.py::TestGetRecentBuildsBasic::test_get_recent_builds_returns_single_build PASSED [ 83%]
2026-01-29T14:16:42.8572150Z tests/test_persistence_queries.py::TestGetRecentBuildsBasic::test_get_recent_builds_returns_multiple_builds PASSED [ 84%]
2026-01-29T14:16:42.8617850Z tests/test_persistence_queries.py::TestGetRecentBuildsOrdering::test_get_recent_builds_ordered_by_timestamp_newest_first PASSED [ 84%]
2026-01-29T14:16:42.8678810Z tests/test_persistence_queries.py::TestGetRecentBuildsLimit::test_get_recent_builds_with_default_limit PASSED [ 84%]
2026-01-29T14:16:42.8728250Z tests/test_persistence_queries.py::TestGetRecentBuildsLimit::test_get_recent_builds_with_custom_limit PASSED [ 84%]
2026-01-29T14:16:42.8770850Z tests/test_persistence_queries.py::TestGetRecentBuildsLimit::test_get_recent_builds_limit_larger_than_available PASSED [ 84%]
2026-01-29T14:16:42.8812180Z tests/test_persistence_queries.py::TestGetRecentBuildsFiltering::test_get_recent_builds_filter_by_project_name PASSED [ 84%]
2026-01-29T14:16:42.8848910Z tests/test_persistence_queries.py::TestGetRecentBuildsFiltering::test_get_recent_builds_filter_returns_empty_when_no_match PASSED [ 84%]
2026-01-29T14:16:42.8890050Z tests/test_persistence_queries.py::TestGetRecentBuildsFiltering::test_get_recent_builds_filter_respects_limit PASSED [ 84%]
2026-01-29T14:16:42.8929300Z tests/test_persistence_queries.py::TestGetRecentBuildsReturnedFields::test_get_recent_builds_includes_all_required_fields PASSED [ 85%]
2026-01-29T14:16:42.8964400Z tests/test_persistence_queries.py::TestGetRecentBuildsReturnedFields::test_get_recent_builds_includes_timestamp_as_string PASSED [ 85%]
2026-01-29T14:16:42.9003340Z tests/test_persistence_queries.py::TestGetBuildStatisticsBasic::test_get_build_statistics_returns_empty_stats_when_no_builds PASSED [ 85%]
2026-01-29T14:16:42.9040080Z tests/test_persistence_queries.py::TestGetBuildStatisticsBasic::test_get_build_statistics_single_successful_build PASSED [ 85%]
2026-01-29T14:16:42.9075730Z tests/test_persistence_queries.py::TestGetBuildStatisticsBasic::test_get_build_statistics_single_failed_build PASSED [ 85%]
2026-01-29T14:16:42.9116210Z tests/test_persistence_queries.py::TestGetBuildStatisticsCalculations::test_get_build_statistics_multiple_builds PASSED [ 85%]
2026-01-29T14:16:42.9161510Z tests/test_persistence_queries.py::TestGetBuildStatisticsCalculations::test_get_build_statistics_success_rate_precision PASSED [ 85%]
2026-01-29T14:16:42.9224370Z tests/test_persistence_queries.py::TestGetBuildStatisticsCalculations::test_get_build_statistics_average_duration_precision PASSED [ 86%]
2026-01-29T14:16:42.9303490Z tests/test_persistence_queries.py::TestGetBuildStatisticsFiltering::test_get_build_statistics_filter_by_project_name PASSED [ 86%]
2026-01-29T14:16:42.9355420Z tests/test_persistence_queries.py::TestGetBuildStatisticsFiltering::test_get_build_statistics_filter_returns_empty_when_no_match PASSED [ 86%]
2026-01-29T14:16:42.9419230Z tests/test_persistence_queries.py::TestGetBuildStatisticsEdgeCases::test_get_build_statistics_with_zero_duration_builds PASSED [ 86%]
2026-01-29T14:16:42.9564080Z tests/test_persistence_queries.py::TestGetBuildStatisticsEdgeCases::test_get_build_statistics_with_large_numbers PASSED [ 86%]
2026-01-29T14:16:42.9718150Z tests/test_persistence_queries.py::TestQueryPerformance::test_get_recent_builds_performance_with_many_builds PASSED [ 86%]
2026-01-29T14:16:42.9862060Z tests/test_persistence_queries.py::TestQueryPerformance::test_get_build_statistics_performance_with_many_builds PASSED [ 86%]
2026-01-29T14:16:42.9872490Z tests/test_project_detection.py::TestSimpleProjectDetection::test_simple_project_call PASSED [ 87%]
2026-01-29T14:16:42.9881960Z tests/test_project_detection.py::TestSimpleProjectDetection::test_project_with_language PASSED [ 87%]
2026-01-29T14:16:42.9889870Z tests/test_project_detection.py::TestSimpleProjectDetection::test_project_with_version PASSED [ 87%]
2026-01-29T14:16:42.9898380Z tests/test_project_detection.py::TestSimpleProjectDetection::test_project_with_languages_keyword PASSED [ 87%]
2026-01-29T14:16:42.9909460Z tests/test_project_detection.py::TestSimpleProjectDetection::test_project_with_all_options PASSED [ 87%]
2026-01-29T14:16:42.9920090Z tests/test_project_detection.py::TestMultilineProjectDetection::test_multiline_project_call PASSED [ 87%]
2026-01-29T14:16:42.9929120Z tests/test_project_detection.py::TestProjectWithComments::test_project_with_comments PASSED [ 87%]
2026-01-29T14:16:42.9937500Z tests/test_project_detection.py::TestNestedProjects::test_nested_project_calls_use_outermost PASSED [ 87%]
2026-01-29T14:16:42.9944700Z tests/test_project_detection.py::TestProjectWithSpecialCharacters::test_project_with_spaces_in_quotes PASSED [ 88%]
2026-01-29T14:16:42.9951040Z tests/test_project_detection.py::TestCaseInsensitivity::test_lowercase_project_command PASSED [ 88%]
2026-01-29T14:16:42.9956450Z tests/test_project_detection.py::TestErrorCases::test_file_not_found PASSED [ 88%]
2026-01-29T14:16:42.9963120Z tests/test_project_detection.py::TestErrorCases::test_no_project_call PASSED [ 88%]
2026-01-29T14:16:42.9972110Z tests/test_project_detection.py::TestErrorCases::test_with_actual_cmakelists_filename PASSED [ 88%]
2026-01-29T14:16:42.9982460Z tests/test_project_detection.py::TestPathHandling::test_with_string_path PASSED [ 88%]
2026-01-29T14:16:42.9988330Z tests/test_project_detection.py::TestPathHandling::test_with_path_object PASSED [ 88%]
2026-01-29T14:16:43.0000790Z tests/test_project_detection.py::TestFileEncodingHandling::test_with_invalid_encoding PASSED [ 89%]
2026-01-29T14:16:43.0006780Z tests/test_project_structure.py::test_all_required_directories_exist PASSED [ 89%]
2026-01-29T14:16:43.0013030Z tests/test_project_structure.py::test_all_init_files_present PASSED      [ 89%]
2026-01-29T14:16:43.0018620Z tests/test_project_structure.py::test_all_modules_can_be_imported PASSED [ 89%]
2026-01-29T14:16:43.0023890Z tests/test_project_structure.py::test_pytest_discovers_tests_directory PASSED [ 89%]
2026-01-29T14:16:43.0029820Z tests/test_project_structure.py::test_main_entry_point_exists PASSED     [ 89%]
2026-01-29T14:16:43.0037040Z tests/test_project_structure.py::test_required_placeholder_files_exist PASSED [ 89%]
2026-01-29T14:16:43.0042970Z tests/test_project_structure.py::test_fixtures_directory_exists PASSED   [ 89%]
2026-01-29T14:16:43.0049140Z tests/test_target_extraction.py::TestNinjaTargetExtraction::test_extract_simple_ninja_target PASSED [ 90%]
2026-01-29T14:16:43.0054680Z tests/test_target_extraction.py::TestNinjaTargetExtraction::test_extract_ninja_library_target PASSED [ 90%]
2026-01-29T14:16:43.0060420Z tests/test_target_extraction.py::TestNinjaTargetExtraction::test_extract_ninja_shared_library PASSED [ 90%]
2026-01-29T14:16:43.0065730Z tests/test_target_extraction.py::TestNinjaTargetExtraction::test_extract_multiple_ninja_targets PASSED [ 90%]
2026-01-29T14:16:43.0071690Z tests/test_target_extraction.py::TestNinjaTargetExtraction::test_extract_ninja_with_completion_percentage PASSED [ 90%]
2026-01-29T14:16:43.0077350Z tests/test_target_extraction.py::TestMakeTargetExtraction::test_extract_simple_make_target PASSED [ 90%]
2026-01-29T14:16:43.0082950Z tests/test_target_extraction.py::TestMakeTargetExtraction::test_extract_make_library_target PASSED [ 90%]
2026-01-29T14:16:43.0088560Z tests/test_target_extraction.py::TestMakeTargetExtraction::test_extract_make_shared_library PASSED [ 91%]
2026-01-29T14:16:43.0094180Z tests/test_target_extraction.py::TestMakeTargetExtraction::test_extract_multiple_make_targets PASSED [ 91%]
2026-01-29T14:16:43.0099780Z tests/test_target_extraction.py::TestMSVCTargetExtraction::test_extract_simple_msvc_target PASSED [ 91%]
2026-01-29T14:16:43.0105480Z tests/test_target_extraction.py::TestMSVCTargetExtraction::test_extract_msvc_library_target PASSED [ 91%]
2026-01-29T14:16:43.0110930Z tests/test_target_extraction.py::TestMSVCTargetExtraction::test_extract_msvc_dll_target PASSED [ 91%]
2026-01-29T14:16:43.0116760Z tests/test_target_extraction.py::TestMSVCTargetExtraction::test_extract_multiple_msvc_targets PASSED [ 91%]
2026-01-29T14:16:43.0122500Z tests/test_target_extraction.py::TestTargetTypeDetection::test_detect_executable_from_extension PASSED [ 91%]
2026-01-29T14:16:43.0127780Z tests/test_target_extraction.py::TestTargetTypeDetection::test_detect_executable_exe_extension PASSED [ 92%]
2026-01-29T14:16:43.0133020Z tests/test_target_extraction.py::TestTargetTypeDetection::test_detect_static_library_from_extension PASSED [ 92%]
2026-01-29T14:16:43.0138430Z tests/test_target_extraction.py::TestTargetTypeDetection::test_detect_static_library_lib_extension PASSED [ 92%]
2026-01-29T14:16:43.0143690Z tests/test_target_extraction.py::TestTargetTypeDetection::test_detect_shared_library_so_extension PASSED [ 92%]
2026-01-29T14:16:43.0148890Z tests/test_target_extraction.py::TestTargetTypeDetection::test_detect_shared_library_dll_extension PASSED [ 92%]
2026-01-29T14:16:43.0154700Z tests/test_target_extraction.py::TestTargetTypeDetection::test_detect_shared_library_dylib_extension PASSED [ 92%]
2026-01-29T14:16:43.0160360Z tests/test_target_extraction.py::TestBuildProgressTracking::test_extract_ninja_progress_steps PASSED [ 92%]
2026-01-29T14:16:43.0167410Z tests/test_target_extraction.py::TestBuildProgressTracking::test_extract_make_percentage_progress PASSED [ 92%]
2026-01-29T14:16:43.0174210Z tests/test_target_extraction.py::TestBuildProgressTracking::test_track_compilation_count PASSED [ 93%]
2026-01-29T14:16:43.0180510Z tests/test_target_extraction.py::TestBuildOrderDetection::test_detect_build_order_from_sequence PASSED [ 93%]
2026-01-29T14:16:43.0187630Z tests/test_target_extraction.py::TestBuildOrderDetection::test_detect_dependency_order PASSED [ 93%]
2026-01-29T14:16:43.0216050Z tests/test_target_extraction.py::TestParallelBuildOutput::test_extract_from_parallel_ninja_output PASSED [ 93%]
2026-01-29T14:16:43.0220540Z tests/test_target_extraction.py::TestParallelBuildOutput::test_handle_interleaved_make_output PASSED [ 93%]
2026-01-29T14:16:43.0222180Z tests/test_target_extraction.py::TestParallelBuildOutput::test_handle_scrambled_ninja_output PASSED [ 93%]
2026-01-29T14:16:43.0227870Z tests/test_target_extraction.py::TestEmptyAndInvalidOutput::test_extract_from_empty_output PASSED [ 93%]
2026-01-29T14:16:43.0233610Z tests/test_target_extraction.py::TestEmptyAndInvalidOutput::test_extract_from_output_without_targets PASSED [ 94%]
2026-01-29T14:16:43.0239490Z tests/test_target_extraction.py::TestEmptyAndInvalidOutput::test_extract_from_clean_output PASSED [ 94%]
2026-01-29T14:16:43.0246500Z tests/test_target_extraction.py::TestEdgeCases::test_target_with_spaces_in_path PASSED [ 94%]
2026-01-29T14:16:43.0252750Z tests/test_target_extraction.py::TestEdgeCases::test_target_with_special_characters PASSED [ 94%]
2026-01-29T14:16:43.0318710Z tests/test_target_extraction.py::TestEdgeCases::test_very_long_build_output PASSED [ 94%]
2026-01-29T14:16:43.0326610Z tests/test_target_extraction.py::TestEdgeCases::test_target_with_unicode_characters PASSED [ 94%]
2026-01-29T14:16:43.0332920Z tests/test_warning_error_extraction.py::TestGCCWarningExtraction::test_extract_simple_gcc_warning PASSED [ 94%]
2026-01-29T14:16:43.0338980Z tests/test_warning_error_extraction.py::TestGCCWarningExtraction::test_extract_gcc_warning_with_full_path PASSED [ 94%]
2026-01-29T14:16:43.0345040Z tests/test_warning_error_extraction.py::TestGCCWarningExtraction::test_extract_multiple_gcc_warnings PASSED [ 95%]
2026-01-29T14:16:43.0351940Z tests/test_warning_error_extraction.py::TestGCCWarningExtraction::test_extract_gcc_warning_without_column PASSED [ 95%]
2026-01-29T14:16:43.0356740Z tests/test_warning_error_extraction.py::TestGCCWarningExtraction::test_extract_gcc_multiline_warning PASSED [ 95%]
2026-01-29T14:16:43.0363120Z tests/test_warning_error_extraction.py::TestClangWarningExtraction::test_extract_simple_clang_warning PASSED [ 95%]
2026-01-29T14:16:43.0369540Z tests/test_warning_error_extraction.py::TestClangWarningExtraction::test_extract_clang_warning_with_note PASSED [ 95%]
2026-01-29T14:16:43.0376810Z tests/test_warning_error_extraction.py::TestClangWarningExtraction::test_extract_clang_warning_with_fixit PASSED [ 95%]
2026-01-29T14:16:43.0382230Z tests/test_warning_error_extraction.py::TestMSVCWarningExtraction::test_extract_simple_msvc_warning PASSED [ 95%]
2026-01-29T14:16:43.0389810Z tests/test_warning_error_extraction.py::TestMSVCWarningExtraction::test_extract_msvc_warning_with_column PASSED [ 96%]
2026-01-29T14:16:43.0395280Z tests/test_warning_error_extraction.py::TestMSVCWarningExtraction::test_extract_msvc_warning_with_full_path PASSED [ 96%]
2026-01-29T14:16:43.0400330Z tests/test_warning_error_extraction.py::TestMSVCWarningExtraction::test_extract_multiple_msvc_warnings PASSED [ 96%]
2026-01-29T14:16:43.0409030Z tests/test_warning_error_extraction.py::TestGCCErrorExtraction::test_extract_simple_gcc_error PASSED [ 96%]
2026-01-29T14:16:43.0415450Z tests/test_warning_error_extraction.py::TestGCCErrorExtraction::test_extract_gcc_fatal_error PASSED [ 96%]
2026-01-29T14:16:43.0421930Z tests/test_warning_error_extraction.py::TestGCCErrorExtraction::test_extract_multiple_gcc_errors PASSED [ 96%]
2026-01-29T14:16:43.0429110Z tests/test_warning_error_extraction.py::TestClangErrorExtraction::test_extract_simple_clang_error PASSED [ 96%]
2026-01-29T14:16:43.0434890Z tests/test_warning_error_extraction.py::TestClangErrorExtraction::test_extract_clang_error_with_multiline PASSED [ 97%]
2026-01-29T14:16:43.0440580Z tests/test_warning_error_extraction.py::TestMSVCErrorExtraction::test_extract_simple_msvc_error PASSED [ 97%]
2026-01-29T14:16:43.0446070Z tests/test_warning_error_extraction.py::TestMSVCErrorExtraction::test_extract_msvc_error_with_column PASSED [ 97%]
2026-01-29T14:16:43.0451720Z tests/test_warning_error_extraction.py::TestMSVCErrorExtraction::test_extract_msvc_fatal_error PASSED [ 97%]
2026-01-29T14:16:43.0457460Z tests/test_warning_error_extraction.py::TestWarningWithoutFileInfo::test_extract_warning_without_file_info PASSED [ 97%]
2026-01-29T14:16:43.0462790Z tests/test_warning_error_extraction.py::TestWarningWithoutFileInfo::test_extract_linker_warning PASSED [ 97%]
2026-01-29T14:16:43.0468450Z tests/test_warning_error_extraction.py::TestColoredOutputHandling::test_extract_warning_with_ansi_colors PASSED [ 97%]
2026-01-29T14:16:43.0474430Z tests/test_warning_error_extraction.py::TestColoredOutputHandling::test_extract_error_with_ansi_colors PASSED [ 97%]
2026-01-29T14:16:43.0479590Z tests/test_warning_error_extraction.py::TestWarningCounting::test_count_warnings PASSED [ 98%]
2026-01-29T14:16:43.0485350Z tests/test_warning_error_extraction.py::TestWarningCounting::test_count_by_type PASSED [ 98%]
2026-01-29T14:16:43.0491760Z tests/test_warning_error_extraction.py::TestWarningDeduplication::test_deduplicate_identical_warnings PASSED [ 98%]
2026-01-29T14:16:43.0497560Z tests/test_warning_error_extraction.py::TestWarningDeduplication::test_no_deduplication_when_disabled PASSED [ 98%]
2026-01-29T14:16:43.0503450Z tests/test_warning_error_extraction.py::TestWarningDeduplication::test_deduplicate_by_file_line_message PASSED [ 98%]
2026-01-29T14:16:43.0509400Z tests/test_warning_error_extraction.py::TestMixedWarningsAndErrors::test_extract_warnings_ignores_errors PASSED [ 98%]
2026-01-29T14:16:43.0515050Z tests/test_warning_error_extraction.py::TestMixedWarningsAndErrors::test_extract_errors_ignores_warnings PASSED [ 98%]
2026-01-29T14:16:43.0520260Z tests/test_warning_error_extraction.py::TestEmptyAndInvalidOutput::test_extract_warnings_from_empty_output PASSED [ 99%]
2026-01-29T14:16:43.0525910Z tests/test_warning_error_extraction.py::TestEmptyAndInvalidOutput::test_extract_errors_from_empty_output PASSED [ 99%]
2026-01-29T14:16:43.0531340Z tests/test_warning_error_extraction.py::TestEmptyAndInvalidOutput::test_extract_from_output_without_warnings PASSED [ 99%]
2026-01-29T14:16:43.0538060Z tests/test_warning_error_extraction.py::TestEmptyAndInvalidOutput::test_extract_from_output_without_errors PASSED [ 99%]
2026-01-29T14:16:43.0543400Z tests/test_warning_error_extraction.py::TestEdgeCases::test_warning_with_special_characters_in_filename PASSED [ 99%]
2026-01-29T14:16:43.0549110Z tests/test_warning_error_extraction.py::TestEdgeCases::test_warning_with_spaces_in_windows_path PASSED [ 99%]
2026-01-29T14:16:43.0554210Z tests/test_warning_error_extraction.py::TestEdgeCases::test_very_long_warning_message PASSED [ 99%]
2026-01-29T14:16:43.4984150Z tests/test_warning_error_extraction.py::TestEdgeCases::test_warning_with_unicode_characters PASSED [100%]
2026-01-29T14:16:43.4984640Z 
2026-01-29T14:16:43.4984800Z ---------- coverage: platform darwin, python 3.8.10-final-0 ----------
2026-01-29T14:16:43.4985210Z Name                           Stmts   Miss   Cover   Missing
2026-01-29T14:16:43.4985500Z -------------------------------------------------------------
2026-01-29T14:16:43.4985770Z __init__.py                        2      0 100.00%
2026-01-29T14:16:43.4986040Z cli/__init__.py                    0      0 100.00%
2026-01-29T14:16:43.4986290Z cli/argument_errors.py            45      0 100.00%
2026-01-29T14:16:43.4986590Z cli/argument_parser.py            51      2  96.08%   135, 141
2026-01-29T14:16:43.4986920Z cli/argument_validator.py         47      2  95.74%   171-172
2026-01-29T14:16:43.4987180Z cmake/__init__.py                  0      0 100.00%
2026-01-29T14:16:43.4987480Z cmake/executor.py                120      2  98.33%   41, 45
2026-01-29T14:16:43.4987760Z cmake/parameter_manager.py       100      1  99.00%   179
2026-01-29T14:16:43.4988010Z inspector/__init__.py              0      0 100.00%
2026-01-29T14:16:43.4988300Z inspector/build_inspector.py     250     19  92.40%   526, 591, 664-676, 688-697
2026-01-29T14:16:43.4988620Z models/__init__.py                 4      0 100.00%
2026-01-29T14:16:43.4988990Z models/arguments.py               34      2  94.12%   48, 85
2026-01-29T14:16:43.4989260Z models/metadata.py                72      0 100.00%
2026-01-29T14:16:43.4989480Z models/records.py                  0      0 100.00%
2026-01-29T14:16:43.4989710Z models/results.py                 47      0 100.00%
2026-01-29T14:16:43.4989940Z storage/__init__.py                2      0 100.00%
2026-01-29T14:16:43.4990220Z storage/data_persistence.py      134      8  94.03%   147, 223-225, 490-491, 567-568
2026-01-29T14:16:43.4990530Z storage/persistence.py            35      0 100.00%
2026-01-29T14:16:43.4990760Z storage/query.py                   0      0 100.00%
2026-01-29T14:16:43.4990990Z utils/__init__.py                  0      0 100.00%
2026-01-29T14:16:43.4991260Z utils/formatting.py              119      8  93.28%   53, 135, 186-189, 223-224
2026-01-29T14:16:43.4991540Z utils/logging.py                   0      0 100.00%
2026-01-29T14:16:43.4991770Z utils/logging_config.py           51      1  98.04%   45
2026-01-29T14:16:43.4992260Z utils/paths.py                     0      0 100.00%
2026-01-29T14:16:43.4992520Z -------------------------------------------------------------
2026-01-29T14:16:43.4992740Z TOTAL                           1113     45  95.96%
2026-01-29T14:16:43.4992940Z Coverage HTML written to dir htmlcov
2026-01-29T14:16:43.4993120Z Coverage XML written to file coverage.xml
2026-01-29T14:16:43.4993260Z 
2026-01-29T14:16:43.4993380Z Required test coverage of 90.0% reached. Total coverage: 95.96%
2026-01-29T14:16:43.4993570Z 
2026-01-29T14:16:43.4993670Z ============================= 739 passed in 34.28s =============================
2026-01-29T14:16:43.5491670Z Post job cleanup.
2026-01-29T14:16:43.8635130Z Post job cleanup.
2026-01-29T14:16:43.9639730Z [command]/opt/homebrew/bin/git version
2026-01-29T14:16:43.9858400Z git version 2.52.0
2026-01-29T14:16:43.9894290Z Copying '/Users/runner/.gitconfig' to '/Users/runner/work/_temp/bfb0f5a1-a62d-46ee-bfa5-c52f03c775d8/.gitconfig'
2026-01-29T14:16:43.9906040Z Temporarily overriding HOME='/Users/runner/work/_temp/bfb0f5a1-a62d-46ee-bfa5-c52f03c775d8' before making global git config changes
2026-01-29T14:16:43.9906900Z Adding repository directory to the temporary git global config as a safe directory
2026-01-29T14:16:43.9910270Z [command]/opt/homebrew/bin/git config --global --add safe.directory /Users/runner/work/argos/argos
2026-01-29T14:16:44.0004250Z [command]/opt/homebrew/bin/git config --local --name-only --get-regexp core\.sshCommand
2026-01-29T14:16:44.0074650Z [command]/opt/homebrew/bin/git submodule foreach --recursive sh -c "git config --local --name-only --get-regexp 'core\.sshCommand' && git config --local --unset-all 'core.sshCommand' || :"
2026-01-29T14:16:44.0852160Z [command]/opt/homebrew/bin/git config --local --name-only --get-regexp http\.https\:\/\/github\.com\/\.extraheader
2026-01-29T14:16:44.0897990Z http.https://github.com/.extraheader
2026-01-29T14:16:44.0905470Z [command]/opt/homebrew/bin/git config --local --unset-all http.https://github.com/.extraheader
2026-01-29T14:16:44.0960610Z [command]/opt/homebrew/bin/git submodule foreach --recursive sh -c "git config --local --name-only --get-regexp 'http\.https\:\/\/github\.com\/\.extraheader' && git config --local --unset-all 'http.https://github.com/.extraheader' || :"
2026-01-29T14:16:44.1644550Z [command]/opt/homebrew/bin/git config --local --name-only --get-regexp ^includeIf\.gitdir:
2026-01-29T14:16:44.1708710Z [command]/opt/homebrew/bin/git submodule foreach --recursive git config --local --show-origin --name-only --get-regexp remote.origin.url
2026-01-29T14:16:44.2795710Z Cleaning up orphan processes
