2026-01-30T15:19:57.2485454Z Current runner version: '2.331.0'
2026-01-30T15:19:57.2509617Z ##[group]Runner Image Provisioner
2026-01-30T15:19:57.2510485Z Hosted Compute Agent
2026-01-30T15:19:57.2511069Z Version: 20260123.484
2026-01-30T15:19:57.2511691Z Commit: 6bd6555ca37d84114959e1c76d2c01448ff61c5d
2026-01-30T15:19:57.2512346Z Build Date: 2026-01-23T19:41:17Z
2026-01-30T15:19:57.2513045Z Worker ID: {eb0f3bcb-7f75-4bcc-a652-22c627bdde65}
2026-01-30T15:19:57.2513736Z Azure Region: westus3
2026-01-30T15:19:57.2514268Z ##[endgroup]
2026-01-30T15:19:57.2515750Z ##[group]Operating System
2026-01-30T15:19:57.2516742Z Ubuntu
2026-01-30T15:19:57.2517228Z 24.04.3
2026-01-30T15:19:57.2517656Z LTS
2026-01-30T15:19:57.2518250Z ##[endgroup]
2026-01-30T15:19:57.2518708Z ##[group]Runner Image
2026-01-30T15:19:57.2519215Z Image: ubuntu-24.04
2026-01-30T15:19:57.2519737Z Version: 20260126.10.1
2026-01-30T15:19:57.2520933Z Included Software: https://github.com/actions/runner-images/blob/ubuntu24/20260126.10/images/ubuntu/Ubuntu2404-Readme.md
2026-01-30T15:19:57.2522456Z Image Release: https://github.com/actions/runner-images/releases/tag/ubuntu24%2F20260126.10
2026-01-30T15:19:57.2523390Z ##[endgroup]
2026-01-30T15:19:57.2524492Z ##[group]GITHUB_TOKEN Permissions
2026-01-30T15:19:57.2526536Z Contents: read
2026-01-30T15:19:57.2527086Z Metadata: read
2026-01-30T15:19:57.2527710Z Packages: read
2026-01-30T15:19:57.2528207Z ##[endgroup]
2026-01-30T15:19:57.2530474Z Secret source: Actions
2026-01-30T15:19:57.2531303Z Prepare workflow directory
2026-01-30T15:19:57.2877004Z Prepare all required actions
2026-01-30T15:19:57.2916705Z Getting action download info
2026-01-30T15:19:57.7249852Z Download action repository 'actions/checkout@v4' (SHA:34e114876b0b11c390a56381ad16ebd13914f8d5)
2026-01-30T15:19:57.8246229Z Download action repository 'actions/setup-python@v5' (SHA:a26af69be951a213d495a4c3e4e4022e16d87065)
2026-01-30T15:19:57.9049135Z Download action repository 'codecov/codecov-action@v4' (SHA:b9fd7d16f6d7d1b5d2bec1a2887e65ceed900238)
2026-01-30T15:19:58.7584528Z Complete job name: test (ubuntu-latest, 3.8)
2026-01-30T15:19:58.8276619Z ##[group]Run actions/checkout@v4
2026-01-30T15:19:58.8277646Z with:
2026-01-30T15:19:58.8278107Z   repository: lmvcruz/argos
2026-01-30T15:19:58.8278890Z   token: ***
2026-01-30T15:19:58.8279327Z   ssh-strict: true
2026-01-30T15:19:58.8279769Z   ssh-user: git
2026-01-30T15:19:58.8280214Z   persist-credentials: true
2026-01-30T15:19:58.8280708Z   clean: true
2026-01-30T15:19:58.8281204Z   sparse-checkout-cone-mode: true
2026-01-30T15:19:58.8281784Z   fetch-depth: 1
2026-01-30T15:19:58.8282268Z   fetch-tags: false
2026-01-30T15:19:58.8282766Z   show-progress: true
2026-01-30T15:19:58.8283217Z   lfs: false
2026-01-30T15:19:58.8283648Z   submodules: false
2026-01-30T15:19:58.8284111Z   set-safe-directory: true
2026-01-30T15:19:58.8284854Z ##[endgroup]
2026-01-30T15:19:58.9414834Z Syncing repository: lmvcruz/argos
2026-01-30T15:19:58.9417861Z ##[group]Getting Git version info
2026-01-30T15:19:58.9419158Z Working directory is '/home/runner/work/argos/argos'
2026-01-30T15:19:58.9421277Z [command]/usr/bin/git version
2026-01-30T15:19:58.9512003Z git version 2.52.0
2026-01-30T15:19:58.9541640Z ##[endgroup]
2026-01-30T15:19:58.9557432Z Temporarily overriding HOME='/home/runner/work/_temp/d60d85fa-e630-4769-b95c-5329fa5c10c7' before making global git config changes
2026-01-30T15:19:58.9559032Z Adding repository directory to the temporary git global config as a safe directory
2026-01-30T15:19:58.9572594Z [command]/usr/bin/git config --global --add safe.directory /home/runner/work/argos/argos
2026-01-30T15:19:58.9620002Z Deleting the contents of '/home/runner/work/argos/argos'
2026-01-30T15:19:58.9624465Z ##[group]Initializing the repository
2026-01-30T15:19:58.9629934Z [command]/usr/bin/git init /home/runner/work/argos/argos
2026-01-30T15:19:58.9767918Z hint: Using 'master' as the name for the initial branch. This default branch name
2026-01-30T15:19:58.9769451Z hint: will change to "main" in Git 3.0. To configure the initial branch name
2026-01-30T15:19:58.9770940Z hint: to use in all of your new repositories, which will suppress this warning,
2026-01-30T15:19:58.9771731Z hint: call:
2026-01-30T15:19:58.9772136Z hint:
2026-01-30T15:19:58.9773033Z hint: 	git config --global init.defaultBranch <name>
2026-01-30T15:19:58.9773705Z hint:
2026-01-30T15:19:58.9774335Z hint: Names commonly chosen instead of 'master' are 'main', 'trunk' and
2026-01-30T15:19:58.9776120Z hint: 'development'. The just-created branch can be renamed via this command:
2026-01-30T15:19:58.9777631Z hint:
2026-01-30T15:19:58.9778481Z hint: 	git branch -m <name>
2026-01-30T15:19:58.9779376Z hint:
2026-01-30T15:19:58.9780481Z hint: Disable this message with "git config set advice.defaultBranchName false"
2026-01-30T15:19:58.9782006Z Initialized empty Git repository in /home/runner/work/argos/argos/.git/
2026-01-30T15:19:58.9794033Z [command]/usr/bin/git remote add origin https://github.com/lmvcruz/argos
2026-01-30T15:19:58.9834263Z ##[endgroup]
2026-01-30T15:19:58.9835103Z ##[group]Disabling automatic garbage collection
2026-01-30T15:19:58.9838740Z [command]/usr/bin/git config --local gc.auto 0
2026-01-30T15:19:58.9871615Z ##[endgroup]
2026-01-30T15:19:58.9872387Z ##[group]Setting up auth
2026-01-30T15:19:58.9879176Z [command]/usr/bin/git config --local --name-only --get-regexp core\.sshCommand
2026-01-30T15:19:58.9912249Z [command]/usr/bin/git submodule foreach --recursive sh -c "git config --local --name-only --get-regexp 'core\.sshCommand' && git config --local --unset-all 'core.sshCommand' || :"
2026-01-30T15:19:59.0279808Z [command]/usr/bin/git config --local --name-only --get-regexp http\.https\:\/\/github\.com\/\.extraheader
2026-01-30T15:19:59.0313334Z [command]/usr/bin/git submodule foreach --recursive sh -c "git config --local --name-only --get-regexp 'http\.https\:\/\/github\.com\/\.extraheader' && git config --local --unset-all 'http.https://github.com/.extraheader' || :"
2026-01-30T15:19:59.0541969Z [command]/usr/bin/git config --local --name-only --get-regexp ^includeIf\.gitdir:
2026-01-30T15:19:59.0573601Z [command]/usr/bin/git submodule foreach --recursive git config --local --show-origin --name-only --get-regexp remote.origin.url
2026-01-30T15:19:59.0813783Z [command]/usr/bin/git config --local http.https://github.com/.extraheader AUTHORIZATION: basic ***
2026-01-30T15:19:59.0849574Z ##[endgroup]
2026-01-30T15:19:59.0850429Z ##[group]Fetching the repository
2026-01-30T15:19:59.0858203Z [command]/usr/bin/git -c protocol.version=2 fetch --no-tags --prune --no-recurse-submodules --depth=1 origin +353983d62e699b1142fdb8c6d974db022e849e16:refs/remotes/origin/main
2026-01-30T15:19:59.7344015Z From https://github.com/lmvcruz/argos
2026-01-30T15:19:59.7345323Z  * [new ref]         353983d62e699b1142fdb8c6d974db022e849e16 -> origin/main
2026-01-30T15:19:59.7377606Z ##[endgroup]
2026-01-30T15:19:59.7378341Z ##[group]Determining the checkout info
2026-01-30T15:19:59.7379520Z ##[endgroup]
2026-01-30T15:19:59.7384541Z [command]/usr/bin/git sparse-checkout disable
2026-01-30T15:19:59.7424495Z [command]/usr/bin/git config --local --unset-all extensions.worktreeConfig
2026-01-30T15:19:59.7450357Z ##[group]Checking out the ref
2026-01-30T15:19:59.7453933Z [command]/usr/bin/git checkout --progress --force -B main refs/remotes/origin/main
2026-01-30T15:19:59.7650815Z Switched to a new branch 'main'
2026-01-30T15:19:59.7651825Z branch 'main' set up to track 'origin/main'.
2026-01-30T15:19:59.7660410Z ##[endgroup]
2026-01-30T15:19:59.7700081Z [command]/usr/bin/git log -1 --format=%H
2026-01-30T15:19:59.7724169Z 353983d62e699b1142fdb8c6d974db022e849e16
2026-01-30T15:19:59.7973462Z ##[group]Run actions/setup-python@v5
2026-01-30T15:19:59.7974045Z with:
2026-01-30T15:19:59.7974420Z   python-version: 3.8
2026-01-30T15:19:59.7974889Z   check-latest: false
2026-01-30T15:19:59.7975487Z   token: ***
2026-01-30T15:19:59.7976120Z   update-environment: true
2026-01-30T15:19:59.7976628Z   allow-prereleases: false
2026-01-30T15:19:59.7977111Z   freethreaded: false
2026-01-30T15:19:59.7977574Z ##[endgroup]
2026-01-30T15:19:59.9679101Z ##[group]Installed versions
2026-01-30T15:19:59.9777326Z Version 3.8 was not found in the local cache
2026-01-30T15:20:00.8359983Z Version 3.8 is available for downloading
2026-01-30T15:20:00.8361734Z Download from "https://github.com/actions/python-versions/releases/download/3.8.18-12303122501/python-3.8.18-linux-24.04-x64.tar.gz"
2026-01-30T15:20:01.6047545Z Extract downloaded archive
2026-01-30T15:20:01.6157538Z [command]/usr/bin/tar xz --warning=no-unknown-keyword --overwrite -C /home/runner/work/_temp/6c296886-4b17-4174-a157-ffe57413c9c0 -f /home/runner/work/_temp/7d9d7813-cc3d-42cb-989e-10867bc28c3b
2026-01-30T15:20:02.9305322Z Execute installation script
2026-01-30T15:20:02.9399923Z Check if Python hostedtoolcache folder exist...
2026-01-30T15:20:02.9400562Z Create Python 3.8.18 folder
2026-01-30T15:20:02.9416440Z Copy Python binaries to hostedtoolcache folder
2026-01-30T15:20:03.3898017Z Create additional symlinks (Required for the UsePythonVersion Azure Pipelines task and the setup-python GitHub Action)
2026-01-30T15:20:03.3938697Z Upgrading pip...
2026-01-30T15:20:05.1563474Z Looking in links: /tmp/tmpaous4hqt
2026-01-30T15:20:05.1567866Z Requirement already satisfied: setuptools in /opt/hostedtoolcache/Python/3.8.18/x64/lib/python3.8/site-packages (56.0.0)
2026-01-30T15:20:05.1572695Z Requirement already satisfied: pip in /opt/hostedtoolcache/Python/3.8.18/x64/lib/python3.8/site-packages (23.0.1)
2026-01-30T15:20:06.2122017Z Collecting pip
2026-01-30T15:20:06.2752087Z Downloading pip-25.0.1-py3-none-any.whl (1.8 MB)
2026-01-30T15:20:06.3330205Z ━━━━━━━━━━━━━━━━━━━━━━━━━━━━━━━━━━━━━━━━ 1.8/1.8 MB 33.8 MB/s eta 0:00:00
2026-01-30T15:20:06.3330721Z 
2026-01-30T15:20:06.3677815Z Installing collected packages: pip
2026-01-30T15:20:06.3678642Z Attempting uninstall: pip
2026-01-30T15:20:06.3684866Z Found existing installation: pip 23.0.1
2026-01-30T15:20:06.5488460Z Uninstalling pip-23.0.1:
2026-01-30T15:20:06.5561234Z Successfully uninstalled pip-23.0.1
2026-01-30T15:20:07.2740477Z Successfully installed pip-25.0.1
2026-01-30T15:20:07.3348362Z Create complete file
2026-01-30T15:20:07.3392501Z Successfully set up CPython (3.8.18)
2026-01-30T15:20:07.3393603Z ##[endgroup]
2026-01-30T15:20:07.3543278Z ##[group]Run python -m pip install --upgrade pip
2026-01-30T15:20:07.3543711Z [36;1mpython -m pip install --upgrade pip[0m
2026-01-30T15:20:07.3544021Z [36;1mpip install -r requirements.txt[0m
2026-01-30T15:20:07.3582319Z shell: /usr/bin/bash -e {0}
2026-01-30T15:20:07.3582586Z env:
2026-01-30T15:20:07.3582867Z   pythonLocation: /opt/hostedtoolcache/Python/3.8.18/x64
2026-01-30T15:20:07.3583291Z   PKG_CONFIG_PATH: /opt/hostedtoolcache/Python/3.8.18/x64/lib/pkgconfig
2026-01-30T15:20:07.3583700Z   Python_ROOT_DIR: /opt/hostedtoolcache/Python/3.8.18/x64
2026-01-30T15:20:07.3584073Z   Python2_ROOT_DIR: /opt/hostedtoolcache/Python/3.8.18/x64
2026-01-30T15:20:07.3584433Z   Python3_ROOT_DIR: /opt/hostedtoolcache/Python/3.8.18/x64
2026-01-30T15:20:07.3584797Z   LD_LIBRARY_PATH: /opt/hostedtoolcache/Python/3.8.18/x64/lib
2026-01-30T15:20:07.3585103Z ##[endgroup]
2026-01-30T15:20:07.7396217Z Requirement already satisfied: pip in /opt/hostedtoolcache/Python/3.8.18/x64/lib/python3.8/site-packages (25.0.1)
2026-01-30T15:20:08.3371967Z Collecting toml>=0.10.2 (from -r requirements.txt (line 2))
2026-01-30T15:20:08.3681232Z   Downloading toml-0.10.2-py2.py3-none-any.whl.metadata (7.1 kB)
2026-01-30T15:20:08.4272021Z Collecting pyyaml>=6.0 (from -r requirements.txt (line 3))
2026-01-30T15:20:08.4385154Z   Downloading PyYAML-6.0.3-cp38-cp38-manylinux2014_x86_64.manylinux_2_17_x86_64.manylinux_2_28_x86_64.whl.metadata (2.1 kB)
2026-01-30T15:20:08.4964521Z Collecting pytest>=7.0.0 (from -r requirements.txt (line 6))
2026-01-30T15:20:08.5074118Z   Downloading pytest-8.3.5-py3-none-any.whl.metadata (7.6 kB)
2026-01-30T15:20:08.5340093Z Collecting pytest-cov>=3.0.0 (from -r requirements.txt (line 7))
2026-01-30T15:20:08.5449891Z   Downloading pytest_cov-5.0.0-py3-none-any.whl.metadata (27 kB)
2026-01-30T15:20:08.5748790Z Collecting pytest-mock>=3.10.0 (from -r requirements.txt (line 8))
2026-01-30T15:20:08.5864992Z   Downloading pytest_mock-3.14.1-py3-none-any.whl.metadata (3.9 kB)
2026-01-30T15:20:08.6494868Z Collecting black>=22.0.0 (from -r requirements.txt (line 9))
2026-01-30T15:20:08.6632408Z   Downloading black-24.8.0-cp38-cp38-manylinux_2_17_x86_64.manylinux2014_x86_64.manylinux_2_28_x86_64.whl.metadata (78 kB)
2026-01-30T15:20:08.7094629Z Collecting flake8>=5.0.0 (from -r requirements.txt (line 10))
2026-01-30T15:20:08.7211361Z   Downloading flake8-7.1.2-py2.py3-none-any.whl.metadata (3.8 kB)
2026-01-30T15:20:08.7619770Z Collecting isort>=5.10.0 (from -r requirements.txt (line 11))
2026-01-30T15:20:08.7731619Z   Downloading isort-5.13.2-py3-none-any.whl.metadata (12 kB)
2026-01-30T15:20:08.8216365Z Collecting pylint>=2.15.0 (from -r requirements.txt (line 12))
2026-01-30T15:20:08.8332557Z   Downloading pylint-3.2.7-py3-none-any.whl.metadata (12 kB)
2026-01-30T15:20:08.8638119Z Collecting radon>=5.1.0 (from -r requirements.txt (line 13))
2026-01-30T15:20:08.8751921Z   Downloading radon-6.0.1-py2.py3-none-any.whl.metadata (8.2 kB)
2026-01-30T15:20:08.9012838Z Collecting vulture>=2.7 (from -r requirements.txt (line 14))
2026-01-30T15:20:08.9128482Z   Downloading vulture-2.14-py2.py3-none-any.whl.metadata (24 kB)
2026-01-30T15:20:08.9395649Z Collecting autoflake>=2.0.0 (from -r requirements.txt (line 15))
2026-01-30T15:20:08.9510137Z   Downloading autoflake-2.3.1-py3-none-any.whl.metadata (7.6 kB)
2026-01-30T15:20:08.9760326Z Collecting exceptiongroup>=1.0.0rc8 (from pytest>=7.0.0->-r requirements.txt (line 6))
2026-01-30T15:20:08.9869540Z   Downloading exceptiongroup-1.3.1-py3-none-any.whl.metadata (6.7 kB)
2026-01-30T15:20:09.0057179Z Collecting iniconfig (from pytest>=7.0.0->-r requirements.txt (line 6))
2026-01-30T15:20:09.0165339Z   Downloading iniconfig-2.1.0-py3-none-any.whl.metadata (2.7 kB)
2026-01-30T15:20:09.0428455Z Collecting packaging (from pytest>=7.0.0->-r requirements.txt (line 6))
2026-01-30T15:20:09.0535105Z   Downloading packaging-26.0-py3-none-any.whl.metadata (3.3 kB)
2026-01-30T15:20:09.0740190Z Collecting pluggy<2,>=1.5 (from pytest>=7.0.0->-r requirements.txt (line 6))
2026-01-30T15:20:09.0847617Z   Downloading pluggy-1.5.0-py3-none-any.whl.metadata (4.8 kB)
2026-01-30T15:20:09.1132749Z Collecting tomli>=1 (from pytest>=7.0.0->-r requirements.txt (line 6))
2026-01-30T15:20:09.1241440Z   Downloading tomli-2.4.0-py3-none-any.whl.metadata (10 kB)
2026-01-30T15:20:09.5487045Z Collecting coverage>=5.2.1 (from coverage[toml]>=5.2.1->pytest-cov>=3.0.0->-r requirements.txt (line 7))
2026-01-30T15:20:09.5606609Z   Downloading coverage-7.6.1-cp38-cp38-manylinux_2_5_x86_64.manylinux1_x86_64.manylinux_2_17_x86_64.manylinux2014_x86_64.whl.metadata (8.3 kB)
2026-01-30T15:20:09.6044875Z Collecting click>=8.0.0 (from black>=22.0.0->-r requirements.txt (line 9))
2026-01-30T15:20:09.6159072Z   Downloading click-8.1.8-py3-none-any.whl.metadata (2.3 kB)
2026-01-30T15:20:09.6356440Z Collecting mypy-extensions>=0.4.3 (from black>=22.0.0->-r requirements.txt (line 9))
2026-01-30T15:20:09.6464521Z   Downloading mypy_extensions-1.1.0-py3-none-any.whl.metadata (1.1 kB)
2026-01-30T15:20:09.6710002Z Collecting pathspec>=0.9.0 (from black>=22.0.0->-r requirements.txt (line 9))
2026-01-30T15:20:09.6815165Z   Downloading pathspec-0.12.1-py3-none-any.whl.metadata (21 kB)
2026-01-30T15:20:09.7095588Z Collecting platformdirs>=2 (from black>=22.0.0->-r requirements.txt (line 9))
2026-01-30T15:20:09.7203301Z   Downloading platformdirs-4.3.6-py3-none-any.whl.metadata (11 kB)
2026-01-30T15:20:09.7521710Z Collecting typing-extensions>=4.0.1 (from black>=22.0.0->-r requirements.txt (line 9))
2026-01-30T15:20:09.7628356Z   Downloading typing_extensions-4.13.2-py3-none-any.whl.metadata (3.0 kB)
2026-01-30T15:20:09.7824419Z Collecting mccabe<0.8.0,>=0.7.0 (from flake8>=5.0.0->-r requirements.txt (line 10))
2026-01-30T15:20:09.7933664Z   Downloading mccabe-0.7.0-py2.py3-none-any.whl.metadata (5.0 kB)
2026-01-30T15:20:09.8132403Z Collecting pycodestyle<2.13.0,>=2.12.0 (from flake8>=5.0.0->-r requirements.txt (line 10))
2026-01-30T15:20:09.8239488Z   Downloading pycodestyle-2.12.1-py2.py3-none-any.whl.metadata (4.5 kB)
2026-01-30T15:20:09.8466524Z Collecting pyflakes<3.3.0,>=3.2.0 (from flake8>=5.0.0->-r requirements.txt (line 10))
2026-01-30T15:20:09.8574664Z   Downloading pyflakes-3.2.0-py2.py3-none-any.whl.metadata (3.5 kB)
2026-01-30T15:20:09.9198590Z Collecting astroid<=3.3.0-dev0,>=3.2.4 (from pylint>=2.15.0->-r requirements.txt (line 12))
2026-01-30T15:20:09.9317841Z   Downloading astroid-3.2.4-py3-none-any.whl.metadata (4.5 kB)
2026-01-30T15:20:09.9709347Z Collecting tomlkit>=0.10.1 (from pylint>=2.15.0->-r requirements.txt (line 12))
2026-01-30T15:20:09.9821958Z   Downloading tomlkit-0.13.3-py3-none-any.whl.metadata (2.8 kB)
2026-01-30T15:20:10.0095468Z Collecting dill>=0.2 (from pylint>=2.15.0->-r requirements.txt (line 12))
2026-01-30T15:20:10.0211399Z   Downloading dill-0.4.0-py3-none-any.whl.metadata (10 kB)
2026-01-30T15:20:10.0434789Z Collecting mando<0.8,>=0.6 (from radon>=5.1.0->-r requirements.txt (line 13))
2026-01-30T15:20:10.0564377Z   Downloading mando-0.7.1-py2.py3-none-any.whl.metadata (7.4 kB)
2026-01-30T15:20:10.0820103Z Collecting colorama>=0.4.1 (from radon>=5.1.0->-r requirements.txt (line 13))
2026-01-30T15:20:10.0931713Z   Downloading colorama-0.4.6-py2.py3-none-any.whl.metadata (17 kB)
2026-01-30T15:20:10.1469248Z Collecting six (from mando<0.8,>=0.6->radon>=5.1.0->-r requirements.txt (line 13))
2026-01-30T15:20:10.1579040Z   Downloading six-1.17.0-py2.py3-none-any.whl.metadata (1.7 kB)
2026-01-30T15:20:10.1908150Z Downloading toml-0.10.2-py2.py3-none-any.whl (16 kB)
2026-01-30T15:20:10.2037695Z Downloading PyYAML-6.0.3-cp38-cp38-manylinux2014_x86_64.manylinux_2_17_x86_64.manylinux_2_28_x86_64.whl (806 kB)
2026-01-30T15:20:10.2301640Z    ━━━━━━━━━━━━━━━━━━━━━━━━━━━━━━━━━━━━━━━━ 806.0/806.0 kB 38.9 MB/s eta 0:00:00
2026-01-30T15:20:10.2432397Z Downloading pytest-8.3.5-py3-none-any.whl (343 kB)
2026-01-30T15:20:10.2577166Z Downloading pytest_cov-5.0.0-py3-none-any.whl (21 kB)
2026-01-30T15:20:10.2713127Z Downloading pytest_mock-3.14.1-py3-none-any.whl (9.9 kB)
2026-01-30T15:20:10.2851924Z Downloading black-24.8.0-cp38-cp38-manylinux_2_17_x86_64.manylinux2014_x86_64.manylinux_2_28_x86_64.whl (1.7 MB)
2026-01-30T15:20:10.3027875Z    ━━━━━━━━━━━━━━━━━━━━━━━━━━━━━━━━━━━━━━━━ 1.7/1.7 MB 101.2 MB/s eta 0:00:00
2026-01-30T15:20:10.3139451Z Downloading flake8-7.1.2-py2.py3-none-any.whl (57 kB)
2026-01-30T15:20:10.3267663Z Downloading isort-5.13.2-py3-none-any.whl (92 kB)
2026-01-30T15:20:10.3425349Z Downloading pylint-3.2.7-py3-none-any.whl (519 kB)
2026-01-30T15:20:10.3579759Z Downloading radon-6.0.1-py2.py3-none-any.whl (52 kB)
2026-01-30T15:20:10.3711693Z Downloading vulture-2.14-py2.py3-none-any.whl (28 kB)
2026-01-30T15:20:10.3838847Z Downloading autoflake-2.3.1-py3-none-any.whl (32 kB)
2026-01-30T15:20:10.3980101Z Downloading astroid-3.2.4-py3-none-any.whl (276 kB)
2026-01-30T15:20:10.4120757Z Downloading click-8.1.8-py3-none-any.whl (98 kB)
2026-01-30T15:20:10.4256048Z Downloading colorama-0.4.6-py2.py3-none-any.whl (25 kB)
2026-01-30T15:20:10.4392106Z Downloading coverage-7.6.1-cp38-cp38-manylinux_2_5_x86_64.manylinux1_x86_64.manylinux_2_17_x86_64.manylinux2014_x86_64.whl (235 kB)
2026-01-30T15:20:10.4526440Z Downloading dill-0.4.0-py3-none-any.whl (119 kB)
2026-01-30T15:20:10.4660196Z Downloading exceptiongroup-1.3.1-py3-none-any.whl (16 kB)
2026-01-30T15:20:10.4795321Z Downloading mando-0.7.1-py2.py3-none-any.whl (28 kB)
2026-01-30T15:20:10.4927824Z Downloading mccabe-0.7.0-py2.py3-none-any.whl (7.3 kB)
2026-01-30T15:20:10.5056631Z Downloading mypy_extensions-1.1.0-py3-none-any.whl (5.0 kB)
2026-01-30T15:20:10.5186123Z Downloading packaging-26.0-py3-none-any.whl (74 kB)
2026-01-30T15:20:10.5320162Z Downloading pathspec-0.12.1-py3-none-any.whl (31 kB)
2026-01-30T15:20:10.5450270Z Downloading platformdirs-4.3.6-py3-none-any.whl (18 kB)
2026-01-30T15:20:10.5581993Z Downloading pluggy-1.5.0-py3-none-any.whl (20 kB)
2026-01-30T15:20:10.5714496Z Downloading pycodestyle-2.12.1-py2.py3-none-any.whl (31 kB)
2026-01-30T15:20:10.5844511Z Downloading pyflakes-3.2.0-py2.py3-none-any.whl (62 kB)
2026-01-30T15:20:10.5974231Z Downloading tomli-2.4.0-py3-none-any.whl (14 kB)
2026-01-30T15:20:10.6103966Z Downloading tomlkit-0.13.3-py3-none-any.whl (38 kB)
2026-01-30T15:20:10.6235697Z Downloading typing_extensions-4.13.2-py3-none-any.whl (45 kB)
2026-01-30T15:20:10.6374277Z Downloading iniconfig-2.1.0-py3-none-any.whl (6.0 kB)
2026-01-30T15:20:10.6507023Z Downloading six-1.17.0-py2.py3-none-any.whl (11 kB)
2026-01-30T15:20:10.7371111Z Installing collected packages: typing-extensions, tomlkit, tomli, toml, six, pyyaml, pyflakes, pycodestyle, pluggy, platformdirs, pathspec, packaging, mypy-extensions, mccabe, isort, iniconfig, dill, coverage, colorama, click, vulture, mando, flake8, exceptiongroup, black, autoflake, astroid, radon, pytest, pylint, pytest-mock, pytest-cov
2026-01-30T15:20:12.0551813Z Successfully installed astroid-3.2.4 autoflake-2.3.1 black-24.8.0 click-8.1.8 colorama-0.4.6 coverage-7.6.1 dill-0.4.0 exceptiongroup-1.3.1 flake8-7.1.2 iniconfig-2.1.0 isort-5.13.2 mando-0.7.1 mccabe-0.7.0 mypy-extensions-1.1.0 packaging-26.0 pathspec-0.12.1 platformdirs-4.3.6 pluggy-1.5.0 pycodestyle-2.12.1 pyflakes-3.2.0 pylint-3.2.7 pytest-8.3.5 pytest-cov-5.0.0 pytest-mock-3.14.1 pyyaml-6.0.3 radon-6.0.1 six-1.17.0 toml-0.10.2 tomli-2.4.0 tomlkit-0.13.3 typing-extensions-4.13.2 vulture-2.14
2026-01-30T15:20:12.1497656Z ##[group]Run pip install -e .
2026-01-30T15:20:12.1497945Z [36;1mpip install -e .[0m
2026-01-30T15:20:12.1529022Z shell: /usr/bin/bash -e {0}
2026-01-30T15:20:12.1529245Z env:
2026-01-30T15:20:12.1529477Z   pythonLocation: /opt/hostedtoolcache/Python/3.8.18/x64
2026-01-30T15:20:12.1529897Z   PKG_CONFIG_PATH: /opt/hostedtoolcache/Python/3.8.18/x64/lib/pkgconfig
2026-01-30T15:20:12.1530302Z   Python_ROOT_DIR: /opt/hostedtoolcache/Python/3.8.18/x64
2026-01-30T15:20:12.1530657Z   Python2_ROOT_DIR: /opt/hostedtoolcache/Python/3.8.18/x64
2026-01-30T15:20:12.1531022Z   Python3_ROOT_DIR: /opt/hostedtoolcache/Python/3.8.18/x64
2026-01-30T15:20:12.1531365Z   LD_LIBRARY_PATH: /opt/hostedtoolcache/Python/3.8.18/x64/lib
2026-01-30T15:20:12.1531652Z ##[endgroup]
2026-01-30T15:20:12.5177346Z Obtaining file:///home/runner/work/argos/argos/anvil
2026-01-30T15:20:12.5217286Z   Installing build dependencies: started
2026-01-30T15:20:14.2494087Z   Installing build dependencies: finished with status 'done'
2026-01-30T15:20:14.2504962Z   Checking if build backend supports build_editable: started
2026-01-30T15:20:14.4048179Z   Checking if build backend supports build_editable: finished with status 'done'
2026-01-30T15:20:14.4060117Z   Getting requirements to build editable: started
2026-01-30T15:20:14.6987938Z   Getting requirements to build editable: finished with status 'done'
2026-01-30T15:20:14.7001605Z   Preparing editable metadata (pyproject.toml): started
2026-01-30T15:20:14.9784231Z   Preparing editable metadata (pyproject.toml): finished with status 'done'
2026-01-30T15:20:14.9878929Z Requirement already satisfied: toml>=0.10.2 in /opt/hostedtoolcache/Python/3.8.18/x64/lib/python3.8/site-packages (from anvil==0.1.0) (0.10.2)
2026-01-30T15:20:14.9893415Z Building wheels for collected packages: anvil
2026-01-30T15:20:14.9903763Z   Building editable for anvil (pyproject.toml): started
2026-01-30T15:20:15.3293289Z   Building editable for anvil (pyproject.toml): finished with status 'done'
2026-01-30T15:20:15.3301426Z   Created wheel for anvil: filename=anvil-0.1.0-0.editable-py3-none-any.whl size=3703 sha256=315bceca77682bf50e9a9e7f1dba1d352c7abbf04f9f43af256ce930dfa3ddd2
2026-01-30T15:20:15.3303607Z   Stored in directory: /tmp/pip-ephem-wheel-cache-19e7yl90/wheels/5e/30/6e/ec03ca625fc31e92cab983d89c3f01df3d302734980e1474d8
2026-01-30T15:20:15.3328510Z Successfully built anvil
2026-01-30T15:20:15.3746338Z Installing collected packages: anvil
2026-01-30T15:20:15.3889413Z Successfully installed anvil-0.1.0
2026-01-30T15:20:15.4726471Z ##[group]Run pytest --cov=anvil --cov-report=xml --cov-report=term-missing --cov-fail-under=90
2026-01-30T15:20:15.4727344Z [36;1mpytest --cov=anvil --cov-report=xml --cov-report=term-missing --cov-fail-under=90[0m
2026-01-30T15:20:15.4759274Z shell: /usr/bin/bash -e {0}
2026-01-30T15:20:15.4759508Z env:
2026-01-30T15:20:15.4759756Z   pythonLocation: /opt/hostedtoolcache/Python/3.8.18/x64
2026-01-30T15:20:15.4760161Z   PKG_CONFIG_PATH: /opt/hostedtoolcache/Python/3.8.18/x64/lib/pkgconfig
2026-01-30T15:20:15.4760549Z   Python_ROOT_DIR: /opt/hostedtoolcache/Python/3.8.18/x64
2026-01-30T15:20:15.4760886Z   Python2_ROOT_DIR: /opt/hostedtoolcache/Python/3.8.18/x64
2026-01-30T15:20:15.4761240Z   Python3_ROOT_DIR: /opt/hostedtoolcache/Python/3.8.18/x64
2026-01-30T15:20:15.4761590Z   LD_LIBRARY_PATH: /opt/hostedtoolcache/Python/3.8.18/x64/lib
2026-01-30T15:20:15.4761873Z ##[endgroup]
2026-01-30T15:20:15.8290184Z ============================= test session starts ==============================
2026-01-30T15:20:15.8291034Z platform linux -- Python 3.8.18, pytest-8.3.5, pluggy-1.5.0 -- /opt/hostedtoolcache/Python/3.8.18/x64/bin/python
2026-01-30T15:20:15.8291751Z cachedir: .pytest_cache
2026-01-30T15:20:15.8292080Z rootdir: /home/runner/work/argos/argos/anvil
2026-01-30T15:20:15.8292474Z configfile: pytest.ini
2026-01-30T15:20:15.8292754Z testpaths: tests
2026-01-30T15:20:15.8293016Z plugins: cov-5.0.0, mock-3.14.1
2026-01-30T15:20:20.5736831Z collecting ... collected 618 items
2026-01-30T15:20:20.5737233Z 
2026-01-30T15:20:20.5760641Z tests/test_autoflake_parser.py::TestAutoflakeTextParsing::test_parse_output_no_unused_code PASSED [  0%]
2026-01-30T15:20:20.5774225Z tests/test_autoflake_parser.py::TestAutoflakeTextParsing::test_parse_output_with_unused_imports PASSED [  0%]
2026-01-30T15:20:20.5787572Z tests/test_autoflake_parser.py::TestAutoflakeTextParsing::test_parse_output_with_unused_variables PASSED [  0%]
2026-01-30T15:20:20.5800694Z tests/test_autoflake_parser.py::TestAutoflakeTextParsing::test_parse_multiple_files_with_issues PASSED [  0%]
2026-01-30T15:20:20.5813300Z tests/test_autoflake_parser.py::TestAutoflakeTextParsing::test_parse_windows_paths PASSED [  0%]
2026-01-30T15:20:20.5825673Z tests/test_autoflake_parser.py::TestAutoflakeCommandBuilding::test_build_command_default_options PASSED [  0%]
2026-01-30T15:20:20.5838342Z tests/test_autoflake_parser.py::TestAutoflakeCommandBuilding::test_build_command_with_remove_unused_variables PASSED [  1%]
2026-01-30T15:20:20.5850928Z tests/test_autoflake_parser.py::TestAutoflakeCommandBuilding::test_build_command_with_remove_all_unused_imports PASSED [  1%]
2026-01-30T15:20:20.5863354Z tests/test_autoflake_parser.py::TestAutoflakeCommandBuilding::test_build_command_with_ignore_init_module_imports PASSED [  1%]
2026-01-30T15:20:20.5875662Z tests/test_autoflake_parser.py::TestAutoflakeCommandBuilding::test_build_command_with_expand_star_imports PASSED [  1%]
2026-01-30T15:20:20.5888505Z tests/test_autoflake_parser.py::TestAutoflakeCommandBuilding::test_build_command_with_remove_duplicate_keys PASSED [  1%]
2026-01-30T15:20:20.5900992Z tests/test_autoflake_parser.py::TestAutoflakeCommandBuilding::test_build_command_with_imports_to_ignore PASSED [  1%]
2026-01-30T15:20:20.5913501Z tests/test_autoflake_parser.py::TestAutoflakeCommandBuilding::test_build_command_with_multiple_files PASSED [  2%]
2026-01-30T15:20:20.5946608Z tests/test_autoflake_parser.py::TestAutoflakeErrorHandling::test_error_when_autoflake_not_installed PASSED [  2%]
2026-01-30T15:20:20.5968796Z tests/test_autoflake_parser.py::TestAutoflakeErrorHandling::test_timeout_handling PASSED [  2%]
2026-01-30T15:20:20.5981437Z tests/test_autoflake_parser.py::TestAutoflakeErrorHandling::test_parse_with_empty_output PASSED [  2%]
2026-01-30T15:20:20.6010718Z tests/test_autoflake_parser.py::TestAutoflakeVersionDetection::test_version_detection PASSED [  2%]
2026-01-30T15:20:20.6031794Z tests/test_autoflake_parser.py::TestAutoflakeVersionDetection::test_version_detection_failure PASSED [  2%]
2026-01-30T15:20:20.7897979Z tests/test_autoflake_parser.py::TestAutoflakeIntegrationWithFixtures::test_autoflake_on_clean_python_code PASSED [  3%]
2026-01-30T15:20:20.9635199Z tests/test_autoflake_parser.py::TestAutoflakeIntegrationWithFixtures::test_autoflake_on_unused_imports_fixture PASSED [  3%]
2026-01-30T15:20:20.9674372Z tests/test_autoflake_parser.py::TestAutoflakeConfigurationHandling::test_detect_pyproject_toml PASSED [  3%]
2026-01-30T15:20:20.9691877Z tests/test_autoflake_parser.py::TestAutoflakeConfigurationHandling::test_detect_setup_cfg PASSED [  3%]
2026-01-30T15:20:20.9708406Z tests/test_autoflake_parser.py::TestAutoflakeConfigurationHandling::test_no_config_file_returns_none PASSED [  3%]
2026-01-30T15:20:20.9721328Z tests/test_autoflake_parser.py::TestAutoflakeSuggestedFixes::test_generate_fix_command PASSED [  3%]
2026-01-30T15:20:20.9735355Z tests/test_autoflake_parser.py::TestAutoflakeSuggestedFixes::test_generate_fix_command_with_options PASSED [  4%]
2026-01-30T15:20:20.9757438Z tests/test_black_parser.py::TestBlackTextParsing::test_parse_output_all_files_formatted PASSED [  4%]
2026-01-30T15:20:20.9770959Z tests/test_black_parser.py::TestBlackTextParsing::test_parse_output_files_need_formatting PASSED [  4%]
2026-01-30T15:20:20.9783804Z tests/test_black_parser.py::TestBlackTextParsing::test_parse_would_reformat_messages PASSED [  4%]
2026-01-30T15:20:20.9796297Z tests/test_black_parser.py::TestBlackTextParsing::test_parse_windows_paths PASSED [  4%]
2026-01-30T15:20:20.9809282Z tests/test_black_parser.py::TestBlackTextParsing::test_parse_left_unchanged_messages PASSED [  4%]
2026-01-30T15:20:20.9822343Z tests/test_black_parser.py::TestBlackTextParsing::test_parse_reformatted_messages PASSED [  5%]
2026-01-30T15:20:20.9834701Z tests/test_black_parser.py::TestBlackCommandBuilding::test_build_command_default_options PASSED [  5%]
2026-01-30T15:20:20.9846766Z tests/test_black_parser.py::TestBlackCommandBuilding::test_build_command_with_line_length PASSED [  5%]
2026-01-30T15:20:20.9859465Z tests/test_black_parser.py::TestBlackCommandBuilding::test_build_command_with_target_version PASSED [  5%]
2026-01-30T15:20:20.9872000Z tests/test_black_parser.py::TestBlackCommandBuilding::test_build_command_with_skip_string_normalization PASSED [  5%]
2026-01-30T15:20:20.9884011Z tests/test_black_parser.py::TestBlackCommandBuilding::test_build_command_with_diff PASSED [  5%]
2026-01-30T15:20:20.9896219Z tests/test_black_parser.py::TestBlackCommandBuilding::test_build_command_with_color PASSED [  5%]
2026-01-30T15:20:20.9908620Z tests/test_black_parser.py::TestBlackCommandBuilding::test_build_command_with_multiple_files PASSED [  6%]
2026-01-30T15:20:20.9935738Z tests/test_black_parser.py::TestBlackErrorHandling::test_error_when_black_not_installed PASSED [  6%]
2026-01-30T15:20:20.9958152Z tests/test_black_parser.py::TestBlackErrorHandling::test_timeout_handling PASSED [  6%]
2026-01-30T15:20:20.9971126Z tests/test_black_parser.py::TestBlackErrorHandling::test_parse_syntax_error_in_file PASSED [  6%]
2026-01-30T15:20:20.9997625Z tests/test_black_parser.py::TestBlackVersionDetection::test_version_detection PASSED [  6%]
2026-01-30T15:20:21.0018544Z tests/test_black_parser.py::TestBlackVersionDetection::test_version_detection_failure PASSED [  6%]
2026-01-30T15:20:21.2347983Z tests/test_black_parser.py::TestBlackIntegrationWithFixtures::test_black_on_formatted_python_code PASSED [  7%]
2026-01-30T15:20:21.4819284Z tests/test_black_parser.py::TestBlackIntegrationWithFixtures::test_black_on_unformatted_python_code PASSED [  7%]
2026-01-30T15:20:21.6913025Z tests/test_black_parser.py::TestBlackIntegrationWithFixtures::test_black_on_syntax_error_fixture PASSED [  7%]
2026-01-30T15:20:21.6933809Z tests/test_black_parser.py::TestBlackConfigurationHandling::test_detect_pyproject_toml PASSED [  7%]
2026-01-30T15:20:21.6951113Z tests/test_black_parser.py::TestBlackConfigurationHandling::test_no_config_file_returns_none PASSED [  7%]
2026-01-30T15:20:21.6963783Z tests/test_black_parser.py::TestBlackSuggestedFixes::test_generate_fix_command PASSED [  7%]
2026-01-30T15:20:21.6977245Z tests/test_black_parser.py::TestBlackSuggestedFixes::test_generate_fix_command_with_options PASSED [  8%]
2026-01-30T15:20:21.6990269Z tests/test_clang_format_parser.py::TestClangFormatExitCodeParsing::test_parse_output_all_files_formatted PASSED [  8%]
2026-01-30T15:20:21.7002616Z tests/test_clang_format_parser.py::TestClangFormatExitCodeParsing::test_parse_output_files_need_formatting PASSED [  8%]
2026-01-30T15:20:21.7017606Z tests/test_clang_format_parser.py::TestClangFormatExitCodeParsing::test_parse_output_multiple_files_mixed_results PASSED [  8%]
2026-01-30T15:20:21.7029792Z tests/test_clang_format_parser.py::TestClangFormatExitCodeParsing::test_parse_windows_paths PASSED [  8%]
2026-01-30T15:20:21.7041973Z tests/test_clang_format_parser.py::TestClangFormatExitCodeParsing::test_parse_output_with_syntax_errors PASSED [  8%]
2026-01-30T15:20:21.7059352Z tests/test_clang_format_parser.py::TestClangFormatXMLParsing::test_parse_xml_replacements_output PASSED [  9%]
2026-01-30T15:20:21.7071540Z tests/test_clang_format_parser.py::TestClangFormatXMLParsing::test_parse_xml_no_replacements PASSED [  9%]
2026-01-30T15:20:21.7083729Z tests/test_clang_format_parser.py::TestClangFormatCommandBuilding::test_build_command_default_options PASSED [  9%]
2026-01-30T15:20:21.7096148Z tests/test_clang_format_parser.py::TestClangFormatCommandBuilding::test_build_command_with_style_option PASSED [  9%]
2026-01-30T15:20:21.7108247Z tests/test_clang_format_parser.py::TestClangFormatCommandBuilding::test_build_command_with_llvm_style PASSED [  9%]
2026-01-30T15:20:21.7120434Z tests/test_clang_format_parser.py::TestClangFormatCommandBuilding::test_build_command_with_config_file PASSED [  9%]
2026-01-30T15:20:21.7132630Z tests/test_clang_format_parser.py::TestClangFormatCommandBuilding::test_build_command_with_fallback_style PASSED [ 10%]
2026-01-30T15:20:21.7145533Z tests/test_clang_format_parser.py::TestClangFormatCommandBuilding::test_build_command_with_output_xml PASSED [ 10%]
2026-01-30T15:20:21.7157896Z tests/test_clang_format_parser.py::TestClangFormatCommandBuilding::test_build_command_with_assume_filename PASSED [ 10%]
2026-01-30T15:20:21.7169957Z tests/test_clang_format_parser.py::TestClangFormatCommandBuilding::test_build_command_with_multiple_files PASSED [ 10%]
2026-01-30T15:20:21.7181870Z tests/test_clang_format_parser.py::TestClangFormatCommandBuilding::test_build_command_without_werror PASSED [ 10%]
2026-01-30T15:20:21.7206398Z tests/test_clang_format_parser.py::TestClangFormatErrorHandling::test_error_when_clang_format_not_installed PASSED [ 10%]
2026-01-30T15:20:21.7228614Z tests/test_clang_format_parser.py::TestClangFormatErrorHandling::test_timeout_handling PASSED [ 11%]
2026-01-30T15:20:21.7240893Z tests/test_clang_format_parser.py::TestClangFormatErrorHandling::test_parse_with_empty_output PASSED [ 11%]
2026-01-30T15:20:21.7266794Z tests/test_clang_format_parser.py::TestClangFormatVersionDetection::test_version_detection PASSED [ 11%]
2026-01-30T15:20:21.7291215Z tests/test_clang_format_parser.py::TestClangFormatVersionDetection::test_version_detection_different_formats PASSED [ 11%]
2026-01-30T15:20:21.7312861Z tests/test_clang_format_parser.py::TestClangFormatVersionDetection::test_version_detection_failure PASSED [ 11%]
2026-01-30T15:20:22.0125539Z tests/test_clang_format_parser.py::TestClangFormatIntegrationWithFixtures::test_clang_format_on_formatted_cpp_code PASSED [ 11%]
2026-01-30T15:20:22.0147680Z tests/test_clang_format_parser.py::TestClangFormatIntegrationWithFixtures::test_clang_format_on_unformatted_cpp_code SKIPPED [ 11%]
2026-01-30T15:20:22.0168611Z tests/test_clang_format_parser.py::TestClangFormatConfigurationHandling::test_detect_clang_format_config_file PASSED [ 12%]
2026-01-30T15:20:22.0189111Z tests/test_clang_format_parser.py::TestClangFormatConfigurationHandling::test_detect_clang_format_in_parent_directory PASSED [ 12%]
2026-01-30T15:20:22.0208346Z tests/test_clang_format_parser.py::TestClangFormatConfigurationHandling::test_detect_clang_format_yml_variant PASSED [ 12%]
2026-01-30T15:20:22.0227598Z tests/test_clang_format_parser.py::TestClangFormatConfigurationHandling::test_no_config_file_returns_none PASSED [ 12%]
2026-01-30T15:20:22.0239940Z tests/test_clang_format_parser.py::TestClangFormatSuggestedFixes::test_generate_fix_command PASSED [ 12%]
2026-01-30T15:20:22.0252149Z tests/test_clang_format_parser.py::TestClangFormatSuggestedFixes::test_generate_fix_command_with_options PASSED [ 12%]
2026-01-30T15:20:22.0267339Z tests/test_clang_format_parser.py::TestClangFormatDiffOutput::test_parse_diff_output PASSED [ 13%]
2026-01-30T15:20:22.0280837Z tests/test_clang_format_parser.py::TestClangFormatDiffOutput::test_count_files_needing_formatting PASSED [ 13%]
2026-01-30T15:20:22.0304111Z tests/test_clang_tidy_parser.py::TestClangTidyDiagnosticParsing::test_parse_output_with_no_diagnostics PASSED [ 13%]
2026-01-30T15:20:22.0339972Z tests/test_clang_tidy_parser.py::TestClangTidyDiagnosticParsing::test_parse_warning_diagnostic PASSED [ 13%]
2026-01-30T15:20:22.0374857Z tests/test_clang_tidy_parser.py::TestClangTidyDiagnosticParsing::test_parse_error_diagnostic PASSED [ 13%]
2026-01-30T15:20:22.0410585Z tests/test_clang_tidy_parser.py::TestClangTidyDiagnosticParsing::test_parse_note_diagnostic PASSED [ 13%]
2026-01-30T15:20:22.0454683Z tests/test_clang_tidy_parser.py::TestClangTidyDiagnosticParsing::test_parse_diagnostic_with_line_column PASSED [ 14%]
2026-01-30T15:20:22.0519155Z tests/test_clang_tidy_parser.py::TestClangTidyDiagnosticParsing::test_parse_multiple_diagnostics PASSED [ 14%]
2026-01-30T15:20:22.0560843Z tests/test_clang_tidy_parser.py::TestClangTidyReplacements::test_parse_diagnostic_with_replacements PASSED [ 14%]
2026-01-30T15:20:22.0615691Z tests/test_clang_tidy_parser.py::TestClangTidyReplacements::test_count_fixable_diagnostics PASSED [ 14%]
2026-01-30T15:20:22.0627862Z tests/test_clang_tidy_parser.py::TestClangTidyCommandBuilding::test_build_command_default_options PASSED [ 14%]
2026-01-30T15:20:22.0639610Z tests/test_clang_tidy_parser.py::TestClangTidyCommandBuilding::test_build_command_with_checks PASSED [ 14%]
2026-01-30T15:20:22.0651150Z tests/test_clang_tidy_parser.py::TestClangTidyCommandBuilding::test_build_command_with_header_filter PASSED [ 15%]
2026-01-30T15:20:22.0662800Z tests/test_clang_tidy_parser.py::TestClangTidyCommandBuilding::test_build_command_with_warnings_as_errors PASSED [ 15%]
2026-01-30T15:20:22.0675243Z tests/test_clang_tidy_parser.py::TestClangTidyCommandBuilding::test_build_command_with_config_file PASSED [ 15%]
2026-01-30T15:20:22.0687011Z tests/test_clang_tidy_parser.py::TestClangTidyCommandBuilding::test_build_command_with_extra_args PASSED [ 15%]
2026-01-30T15:20:22.0698468Z tests/test_clang_tidy_parser.py::TestClangTidyCommandBuilding::test_build_command_with_compile_commands PASSED [ 15%]
2026-01-30T15:20:22.0710818Z tests/test_clang_tidy_parser.py::TestClangTidyCommandBuilding::test_build_command_with_multiple_files PASSED [ 15%]
2026-01-30T15:20:22.0732917Z tests/test_clang_tidy_parser.py::TestClangTidyErrorHandling::test_error_when_clang_tidy_not_installed PASSED [ 16%]
2026-01-30T15:20:22.0753868Z tests/test_clang_tidy_parser.py::TestClangTidyErrorHandling::test_timeout_handling PASSED [ 16%]
2026-01-30T15:20:22.0773893Z tests/test_clang_tidy_parser.py::TestClangTidyErrorHandling::test_parse_with_invalid_yaml PASSED [ 16%]
2026-01-30T15:20:22.0798210Z tests/test_clang_tidy_parser.py::TestClangTidyVersionDetection::test_version_detection PASSED [ 16%]
2026-01-30T15:20:22.0818649Z tests/test_clang_tidy_parser.py::TestClangTidyVersionDetection::test_version_detection_failure PASSED [ 16%]
2026-01-30T15:20:22.0833172Z tests/test_clang_tidy_parser.py::TestClangTidyIntegrationWithFixtures::test_clang_tidy_on_clean_cpp_code SKIPPED [ 16%]
2026-01-30T15:20:22.0846428Z tests/test_clang_tidy_parser.py::TestClangTidyIntegrationWithFixtures::test_clang_tidy_on_code_with_issues SKIPPED [ 16%]
2026-01-30T15:20:22.0909586Z tests/test_clang_tidy_parser.py::TestClangTidyGroupingAndFiltering::test_group_diagnostics_by_check_name PASSED [ 17%]
2026-01-30T15:20:22.0957239Z tests/test_clang_tidy_parser.py::TestClangTidyGroupingAndFiltering::test_group_diagnostics_by_file PASSED [ 17%]
2026-01-30T15:20:22.1105178Z tests/test_clang_tidy_parser.py::TestClangTidyGroupingAndFiltering::test_filter_diagnostics_by_severity PASSED [ 17%]
2026-01-30T15:20:22.1125181Z tests/test_clang_tidy_parser.py::TestClangTidyConfigurationHandling::test_detect_clang_tidy_config_file PASSED [ 17%]
2026-01-30T15:20:22.1145272Z tests/test_clang_tidy_parser.py::TestClangTidyConfigurationHandling::test_detect_clang_tidy_in_parent_directory PASSED [ 17%]
2026-01-30T15:20:22.1165253Z tests/test_clang_tidy_parser.py::TestClangTidyConfigurationHandling::test_no_config_file_returns_none PASSED [ 17%]
2026-01-30T15:20:22.1200925Z tests/test_configuration.py::TestConfigurationLoading::test_load_complete_config PASSED [ 18%]
2026-01-30T15:20:22.1216733Z tests/test_configuration.py::TestConfigurationLoading::test_load_minimal_config PASSED [ 18%]
2026-01-30T15:20:22.1234676Z tests/test_configuration.py::TestConfigurationLoading::test_load_invalid_toml_syntax PASSED [ 18%]
2026-01-30T15:20:22.1247940Z tests/test_configuration.py::TestConfigurationLoading::test_load_nonexistent_file PASSED [ 18%]
2026-01-30T15:20:22.1282059Z tests/test_configuration.py::TestConfigurationLoading::test_load_from_custom_path PASSED [ 18%]
2026-01-30T15:20:22.1316765Z tests/test_configuration.py::TestValidatorConfiguration::test_get_validator_config_python_flake8 PASSED [ 18%]
2026-01-30T15:20:22.1351170Z tests/test_configuration.py::TestValidatorConfiguration::test_get_validator_config_cpp_clang_tidy PASSED [ 19%]
2026-01-30T15:20:22.1366756Z tests/test_configuration.py::TestValidatorConfiguration::test_get_validator_config_with_defaults PASSED [ 19%]
2026-01-30T15:20:22.1403064Z tests/test_configuration.py::TestValidatorConfiguration::test_get_validator_config_invalid_validator PASSED [ 19%]
2026-01-30T15:20:22.1437412Z tests/test_configuration.py::TestLanguageConfiguration::test_get_language_config_python PASSED [ 19%]
2026-01-30T15:20:22.1472109Z tests/test_configuration.py::TestLanguageConfiguration::test_get_language_config_cpp PASSED [ 19%]
2026-01-30T15:20:22.1487533Z tests/test_configuration.py::TestLanguageConfiguration::test_get_language_config_with_defaults PASSED [ 19%]
2026-01-30T15:20:22.1506873Z tests/test_configuration.py::TestConfigurationValidation::test_validate_negative_max_errors PASSED [ 20%]
2026-01-30T15:20:22.1526836Z tests/test_configuration.py::TestConfigurationValidation::test_validate_zero_complexity PASSED [ 20%]
2026-01-30T15:20:22.1561201Z tests/test_configuration.py::TestConfigurationInheritance::test_validator_inherits_language_defaults PASSED [ 20%]
2026-01-30T15:20:22.1576520Z tests/test_configuration.py::TestConfigurationInheritance::test_configuration_merging PASSED [ 20%]
2026-01-30T15:20:22.1595091Z tests/test_configuration.py::TestEnvironmentVariables::test_expand_environment_variables PASSED [ 20%]
2026-01-30T15:20:22.1622697Z tests/test_configuration.py::TestEnvironmentVariables::test_missing_environment_variable PASSED [ 20%]
2026-01-30T15:20:22.1635710Z tests/test_configuration.py::TestConfigurationDefaults::test_default_values_applied PASSED [ 21%]
2026-01-30T15:20:22.1648611Z tests/test_configuration.py::TestConfigurationDefaults::test_get_with_default_value PASSED [ 21%]
2026-01-30T15:20:22.1683932Z tests/test_configuration.py::TestConfigurationDefaults::test_get_nested_config PASSED [ 21%]
2026-01-30T15:20:22.1699545Z tests/test_cppcheck_parser.py::TestCppcheckXMLParsing::test_parse_xml_with_no_errors PASSED [ 21%]
2026-01-30T15:20:22.1712687Z tests/test_cppcheck_parser.py::TestCppcheckXMLParsing::test_parse_error_severity_issue PASSED [ 21%]
2026-01-30T15:20:22.1725517Z tests/test_cppcheck_parser.py::TestCppcheckXMLParsing::test_parse_warning_severity_issue PASSED [ 21%]
2026-01-30T15:20:22.1737608Z tests/test_cppcheck_parser.py::TestCppcheckXMLParsing::test_parse_style_issue PASSED [ 22%]
2026-01-30T15:20:22.1750017Z tests/test_cppcheck_parser.py::TestCppcheckXMLParsing::test_parse_performance_issue PASSED [ 22%]
2026-01-30T15:20:22.1761788Z tests/test_cppcheck_parser.py::TestCppcheckXMLParsing::test_parse_portability_issue PASSED [ 22%]
2026-01-30T15:20:22.1773822Z tests/test_cppcheck_parser.py::TestCppcheckXMLParsing::test_parse_information_message PASSED [ 22%]
2026-01-30T15:20:22.1785720Z tests/test_cppcheck_parser.py::TestCppcheckXMLParsing::test_extract_cwe_id PASSED [ 22%]
2026-01-30T15:20:22.1798017Z tests/test_cppcheck_parser.py::TestCppcheckXMLParsing::test_parse_inconclusive_results PASSED [ 22%]
2026-01-30T15:20:22.1810087Z tests/test_cppcheck_parser.py::TestCppcheckXMLParsing::test_parse_multiple_locations PASSED [ 22%]
2026-01-30T15:20:22.1822097Z tests/test_cppcheck_parser.py::TestCppcheckCommandBuilding::test_build_command_default_options PASSED [ 23%]
2026-01-30T15:20:22.1834079Z tests/test_cppcheck_parser.py::TestCppcheckCommandBuilding::test_build_command_with_enable_categories PASSED [ 23%]
2026-01-30T15:20:22.1845599Z tests/test_cppcheck_parser.py::TestCppcheckCommandBuilding::test_build_command_with_suppressions PASSED [ 23%]
2026-01-30T15:20:22.1857153Z tests/test_cppcheck_parser.py::TestCppcheckCommandBuilding::test_build_command_with_std_option PASSED [ 23%]
2026-01-30T15:20:22.1868569Z tests/test_cppcheck_parser.py::TestCppcheckCommandBuilding::test_build_command_with_platform PASSED [ 23%]
2026-01-30T15:20:22.1880028Z tests/test_cppcheck_parser.py::TestCppcheckCommandBuilding::test_build_command_with_includes PASSED [ 23%]
2026-01-30T15:20:22.1891444Z tests/test_cppcheck_parser.py::TestCppcheckCommandBuilding::test_build_command_with_defines PASSED [ 24%]
2026-01-30T15:20:22.1902924Z tests/test_cppcheck_parser.py::TestCppcheckCommandBuilding::test_build_command_with_inconclusive PASSED [ 24%]
2026-01-30T15:20:22.1915293Z tests/test_cppcheck_parser.py::TestCppcheckCommandBuilding::test_build_command_with_multiple_files PASSED [ 24%]
2026-01-30T15:20:22.1937902Z tests/test_cppcheck_parser.py::TestCppcheckErrorHandling::test_error_when_cppcheck_not_installed PASSED [ 24%]
2026-01-30T15:20:22.1959902Z tests/test_cppcheck_parser.py::TestCppcheckErrorHandling::test_timeout_handling PASSED [ 24%]
2026-01-30T15:20:22.1972421Z tests/test_cppcheck_parser.py::TestCppcheckErrorHandling::test_parse_with_invalid_xml PASSED [ 24%]
2026-01-30T15:20:22.2000104Z tests/test_cppcheck_parser.py::TestCppcheckVersionDetection::test_version_detection PASSED [ 25%]
2026-01-30T15:20:22.2020583Z tests/test_cppcheck_parser.py::TestCppcheckVersionDetection::test_version_detection_failure PASSED [ 25%]
2026-01-30T15:20:22.2031522Z tests/test_cppcheck_parser.py::TestCppcheckIntegrationWithFixtures::test_cppcheck_on_clean_cpp_code SKIPPED [ 25%]
2026-01-30T15:20:22.2043207Z tests/test_cppcheck_parser.py::TestCppcheckIntegrationWithFixtures::test_cppcheck_on_code_with_bugs SKIPPED [ 25%]
2026-01-30T15:20:22.2056389Z tests/test_cppcheck_parser.py::TestCppcheckGroupingAndFiltering::test_group_errors_by_id PASSED [ 25%]
2026-01-30T15:20:22.2069418Z tests/test_cppcheck_parser.py::TestCppcheckGroupingAndFiltering::test_group_errors_by_file PASSED [ 25%]
2026-01-30T15:20:22.2081964Z tests/test_cppcheck_parser.py::TestCppcheckGroupingAndFiltering::test_filter_by_severity PASSED [ 26%]
2026-01-30T15:20:22.2100932Z tests/test_cppcheck_parser.py::TestCppcheckConfigurationHandling::test_detect_cppcheck_suppressions_file PASSED [ 26%]
2026-01-30T15:20:22.2120195Z tests/test_cppcheck_parser.py::TestCppcheckConfigurationHandling::test_detect_suppressions_in_parent_directory PASSED [ 26%]
2026-01-30T15:20:22.2140056Z tests/test_cppcheck_parser.py::TestCppcheckConfigurationHandling::test_no_suppressions_file_returns_none PASSED [ 26%]
2026-01-30T15:20:22.2152219Z tests/test_cpplint_parser.py::TestCpplintStyleViolationParsing::test_parse_output_with_no_violations PASSED [ 26%]
2026-01-30T15:20:22.2163920Z tests/test_cpplint_parser.py::TestCpplintStyleViolationParsing::test_parse_whitespace_violation PASSED [ 26%]
2026-01-30T15:20:22.2176304Z tests/test_cpplint_parser.py::TestCpplintStyleViolationParsing::test_parse_readability_violation PASSED [ 27%]
2026-01-30T15:20:22.2187423Z tests/test_cpplint_parser.py::TestCpplintStyleViolationParsing::test_parse_build_violation PASSED [ 27%]
2026-01-30T15:20:22.2198992Z tests/test_cpplint_parser.py::TestCpplintStyleViolationParsing::test_parse_runtime_violation PASSED [ 27%]
2026-01-30T15:20:22.2210491Z tests/test_cpplint_parser.py::TestCpplintStyleViolationParsing::test_parse_legal_violation PASSED [ 27%]
2026-01-30T15:20:22.2222233Z tests/test_cpplint_parser.py::TestCpplintStyleViolationParsing::test_parse_multiple_violations PASSED [ 27%]
2026-01-30T15:20:22.2233738Z tests/test_cpplint_parser.py::TestCpplintConfidenceMapping::test_confidence_5_maps_to_error PASSED [ 27%]
2026-01-30T15:20:22.2245157Z tests/test_cpplint_parser.py::TestCpplintConfidenceMapping::test_confidence_4_maps_to_error PASSED [ 27%]
2026-01-30T15:20:22.2256766Z tests/test_cpplint_parser.py::TestCpplintConfidenceMapping::test_confidence_3_maps_to_warning PASSED [ 28%]
2026-01-30T15:20:22.2269268Z tests/test_cpplint_parser.py::TestCpplintConfidenceMapping::test_confidence_2_maps_to_warning PASSED [ 28%]
2026-01-30T15:20:22.2281882Z tests/test_cpplint_parser.py::TestCpplintConfidenceMapping::test_confidence_1_maps_to_warning PASSED [ 28%]
2026-01-30T15:20:22.2293836Z tests/test_cpplint_parser.py::TestCpplintCommandBuilding::test_build_command_default_options PASSED [ 28%]
2026-01-30T15:20:22.2306283Z tests/test_cpplint_parser.py::TestCpplintCommandBuilding::test_build_command_with_filter_options PASSED [ 28%]
2026-01-30T15:20:22.2318357Z tests/test_cpplint_parser.py::TestCpplintCommandBuilding::test_build_command_with_linelength PASSED [ 28%]
2026-01-30T15:20:22.2330299Z tests/test_cpplint_parser.py::TestCpplintCommandBuilding::test_build_command_with_root_directory PASSED [ 29%]
2026-01-30T15:20:22.2342239Z tests/test_cpplint_parser.py::TestCpplintCommandBuilding::test_build_command_with_extensions PASSED [ 29%]
2026-01-30T15:20:22.2354100Z tests/test_cpplint_parser.py::TestCpplintCommandBuilding::test_build_command_with_counting PASSED [ 29%]
2026-01-30T15:20:22.2366007Z tests/test_cpplint_parser.py::TestCpplintCommandBuilding::test_build_command_with_quiet PASSED [ 29%]
2026-01-30T15:20:22.2378114Z tests/test_cpplint_parser.py::TestCpplintCommandBuilding::test_build_command_with_multiple_files PASSED [ 29%]
2026-01-30T15:20:22.2401194Z tests/test_cpplint_parser.py::TestCpplintErrorHandling::test_error_when_cpplint_not_installed PASSED [ 29%]
2026-01-30T15:20:22.2422520Z tests/test_cpplint_parser.py::TestCpplintErrorHandling::test_timeout_handling PASSED [ 30%]
2026-01-30T15:20:22.2434732Z tests/test_cpplint_parser.py::TestCpplintErrorHandling::test_parse_with_empty_output PASSED [ 30%]
2026-01-30T15:20:22.2461974Z tests/test_cpplint_parser.py::TestCpplintVersionDetection::test_version_detection PASSED [ 30%]
2026-01-30T15:20:22.2483073Z tests/test_cpplint_parser.py::TestCpplintVersionDetection::test_version_detection_failure PASSED [ 30%]
2026-01-30T15:20:22.2494697Z tests/test_cpplint_parser.py::TestCpplintIntegrationWithFixtures::test_cpplint_on_code_with_style_issues SKIPPED [ 30%]
2026-01-30T15:20:22.2543822Z tests/test_cpplint_parser.py::TestCpplintIntegrationWithFixtures::test_cpplint_on_style_compliant_code PASSED [ 30%]
2026-01-30T15:20:22.2557299Z tests/test_cpplint_parser.py::TestCpplintGroupingAndFiltering::test_group_violations_by_category PASSED [ 31%]
2026-01-30T15:20:22.2570337Z tests/test_cpplint_parser.py::TestCpplintGroupingAndFiltering::test_group_violations_by_confidence PASSED [ 31%]
2026-01-30T15:20:22.2589372Z tests/test_cpplint_parser.py::TestCpplintGroupingAndFiltering::test_identify_most_common_violations PASSED [ 31%]
2026-01-30T15:20:22.2609834Z tests/test_cpplint_parser.py::TestCpplintConfigurationHandling::test_detect_cpplint_cfg_file PASSED [ 31%]
2026-01-30T15:20:22.2629758Z tests/test_cpplint_parser.py::TestCpplintConfigurationHandling::test_detect_cpplint_cfg_in_parent_directory PASSED [ 31%]
2026-01-30T15:20:22.2649983Z tests/test_cpplint_parser.py::TestCpplintConfigurationHandling::test_no_config_file_returns_none PASSED [ 31%]
2026-01-30T15:20:22.2912435Z tests/test_file_collector.py::TestFullModeCollection::test_collect_all_python_files PASSED [ 32%]
2026-01-30T15:20:22.3173831Z tests/test_file_collector.py::TestFullModeCollection::test_collect_all_cpp_files PASSED [ 32%]
2026-01-30T15:20:22.3436863Z tests/test_file_collector.py::TestFullModeCollection::test_collect_all_languages PASSED [ 32%]
2026-01-30T15:20:22.3461871Z tests/test_file_collector.py::TestFullModeCollection::test_full_mode_without_git PASSED [ 32%]
2026-01-30T15:20:22.3877918Z tests/test_file_collector.py::TestIncrementalModeCollection::test_collect_modified_files PASSED [ 32%]
2026-01-30T15:20:22.4276179Z tests/test_file_collector.py::TestIncrementalModeCollection::test_collect_new_untracked_files PASSED [ 32%]
2026-01-30T15:20:22.4641468Z tests/test_file_collector.py::TestIncrementalModeCollection::test_collect_staged_files PASSED [ 33%]
2026-01-30T15:20:22.5077312Z tests/test_file_collector.py::TestIncrementalModeCollection::test_collect_both_staged_and_unstaged PASSED [ 33%]
2026-01-30T15:20:22.5478134Z tests/test_file_collector.py::TestIncrementalModeCollection::test_no_modifications_returns_empty PASSED [ 33%]
2026-01-30T15:20:22.5872316Z tests/test_file_collector.py::TestIncrementalModeCollection::test_handles_deleted_files PASSED [ 33%]
2026-01-30T15:20:22.5936756Z tests/test_file_collector.py::TestIncrementalModeCollection::test_incremental_without_git_falls_back_to_full PASSED [ 33%]
2026-01-30T15:20:22.6271519Z tests/test_file_collector.py::TestGitIntegration::test_detects_uncommitted_changes PASSED [ 33%]
2026-01-30T15:20:22.6605469Z tests/test_file_collector.py::TestGitIntegration::test_no_uncommitted_changes_in_clean_repo PASSED [ 33%]
2026-01-30T15:20:22.6905588Z tests/test_file_collector.py::TestGitIntegration::test_detects_git_repository PASSED [ 34%]
2026-01-30T15:20:22.6969376Z tests/test_file_collector.py::TestGitIntegration::test_detects_non_git_directory PASSED [ 34%]
2026-01-30T15:20:22.7407133Z tests/test_file_collector.py::TestGitIntegration::test_get_changed_files_across_commits PASSED [ 34%]
2026-01-30T15:20:22.7552201Z tests/test_file_collector.py::TestGitIntegration::test_empty_repository_returns_no_files PASSED [ 34%]
2026-01-30T15:20:22.7815378Z tests/test_file_collector.py::TestExclusionPatterns::test_respects_exclude_patterns PASSED [ 34%]
2026-01-30T15:20:22.8078656Z tests/test_file_collector.py::TestExclusionPatterns::test_default_exclusions_applied PASSED [ 34%]
2026-01-30T15:20:22.8342177Z tests/test_file_collector.py::TestLanguageFiltering::test_filters_by_language PASSED [ 35%]
2026-01-30T15:20:22.8615067Z tests/test_file_collector.py::TestLanguageFiltering::test_collects_multiple_languages PASSED [ 35%]
2026-01-30T15:20:22.8883729Z tests/test_file_collector.py::TestErrorHandling::test_invalid_language_raises_error PASSED [ 35%]
2026-01-30T15:20:22.9217163Z tests/test_file_collector.py::TestErrorHandling::test_invalid_commit_ref_raises_error PASSED [ 35%]
2026-01-30T15:20:22.9238076Z tests/test_file_collector.py::TestErrorHandling::test_handles_permission_errors_gracefully PASSED [ 35%]
2026-01-30T15:20:22.9269386Z tests/test_file_collector.py::TestErrorHandling::test_git_timeout_handled_in_is_git_repository PASSED [ 35%]
2026-01-30T15:20:22.9296155Z tests/test_file_collector.py::TestErrorHandling::test_git_not_found_handled_in_is_git_repository PASSED [ 36%]
2026-01-30T15:20:22.9572149Z tests/test_file_collector.py::TestErrorHandling::test_has_uncommitted_changes_handles_timeout PASSED [ 36%]
2026-01-30T15:20:22.9849124Z tests/test_file_collector.py::TestErrorHandling::test_has_uncommitted_changes_handles_subprocess_error PASSED [ 36%]
2026-01-30T15:20:23.0124260Z tests/test_file_collector.py::TestErrorHandling::test_get_changed_files_handles_timeout PASSED [ 36%]
2026-01-30T15:20:23.0527910Z tests/test_file_collector.py::TestPerformance::test_incremental_faster_than_full PASSED [ 36%]
2026-01-30T15:20:23.0787632Z tests/test_file_collector.py::TestCaching::test_caches_language_detection PASSED [ 36%]
2026-01-30T15:20:23.1295330Z tests/test_file_collector.py::TestCaching::test_cache_invalidated_on_changes PASSED [ 37%]
2026-01-30T15:20:23.1312685Z tests/test_flake8_parser.py::TestFlake8JSONParsing::test_parse_json_output_with_no_errors PASSED [ 37%]
2026-01-30T15:20:23.1325652Z tests/test_flake8_parser.py::TestFlake8JSONParsing::test_parse_json_output_with_e_series_errors PASSED [ 37%]
2026-01-30T15:20:23.1338040Z tests/test_flake8_parser.py::TestFlake8JSONParsing::test_parse_json_output_with_w_series_warnings PASSED [ 37%]
2026-01-30T15:20:23.1351357Z tests/test_flake8_parser.py::TestFlake8JSONParsing::test_parse_json_output_with_f_series_errors PASSED [ 37%]
2026-01-30T15:20:23.1364396Z tests/test_flake8_parser.py::TestFlake8JSONParsing::test_parse_json_output_with_c_series_complexity_warnings PASSED [ 37%]
2026-01-30T15:20:23.1377297Z tests/test_flake8_parser.py::TestFlake8JSONParsing::test_parse_multiple_files_with_mixed_results PASSED [ 38%]
2026-01-30T15:20:23.1389367Z tests/test_flake8_parser.py::TestFlake8CommandBuilding::test_build_command_with_default_options PASSED [ 38%]
2026-01-30T15:20:23.1401012Z tests/test_flake8_parser.py::TestFlake8CommandBuilding::test_build_command_with_ignore_list PASSED [ 38%]
2026-01-30T15:20:23.1412532Z tests/test_flake8_parser.py::TestFlake8CommandBuilding::test_build_command_with_max_line_length PASSED [ 38%]
2026-01-30T15:20:23.1424056Z tests/test_flake8_parser.py::TestFlake8CommandBuilding::test_build_command_with_select_rules PASSED [ 38%]
2026-01-30T15:20:23.1435992Z tests/test_flake8_parser.py::TestFlake8CommandBuilding::test_build_command_with_exclude_patterns PASSED [ 38%]
2026-01-30T15:20:23.1450449Z tests/test_flake8_parser.py::TestFlake8CommandBuilding::test_build_command_with_max_complexity PASSED [ 38%]
2026-01-30T15:20:23.1469099Z tests/test_flake8_parser.py::TestFlake8TextFormatParsing::test_parse_text_format_with_errors PASSED [ 39%]
2026-01-30T15:20:23.1480926Z tests/test_flake8_parser.py::TestFlake8TextFormatParsing::test_parse_text_format_with_no_output PASSED [ 39%]
2026-01-30T15:20:23.1506764Z tests/test_flake8_parser.py::TestFlake8ErrorHandling::test_error_when_flake8_not_installed PASSED [ 39%]
2026-01-30T15:20:23.1539476Z tests/test_flake8_parser.py::TestFlake8ErrorHandling::test_timeout_handling PASSED [ 39%]
2026-01-30T15:20:23.1551670Z tests/test_flake8_parser.py::TestFlake8ErrorHandling::test_invalid_json_handling PASSED [ 39%]
2026-01-30T15:20:23.1573660Z tests/test_flake8_parser.py::TestFlake8VersionDetection::test_version_detection PASSED [ 39%]
2026-01-30T15:20:23.1725508Z tests/test_flake8_parser.py::TestFlake8VersionDetection::test_version_detection_failure PASSED [ 40%]
2026-01-30T15:20:23.4273929Z tests/test_flake8_parser.py::TestFlake8IntegrationWithFixtures::test_flake8_on_good_python_code PASSED [ 40%]
2026-01-30T15:20:23.6680225Z tests/test_flake8_parser.py::TestFlake8IntegrationWithFixtures::test_flake8_on_style_violations_fixture PASSED [ 40%]
2026-01-30T15:20:23.8963640Z tests/test_flake8_parser.py::TestFlake8IntegrationWithFixtures::test_flake8_on_syntax_error_fixture PASSED [ 40%]
2026-01-30T15:20:24.1313972Z tests/test_flake8_parser.py::TestFlake8IntegrationWithFixtures::test_flake8_on_unused_imports_fixture PASSED [ 40%]
2026-01-30T15:20:24.1325961Z tests/test_flake8_parser.py::TestFlake8SeverityMapping::test_e_series_maps_to_error PASSED [ 40%]
2026-01-30T15:20:24.1337900Z tests/test_flake8_parser.py::TestFlake8SeverityMapping::test_w_series_maps_to_warning PASSED [ 41%]
2026-01-30T15:20:24.1349870Z tests/test_flake8_parser.py::TestFlake8SeverityMapping::test_f_series_maps_to_error PASSED [ 41%]
2026-01-30T15:20:24.1361366Z tests/test_flake8_parser.py::TestFlake8SeverityMapping::test_c_series_maps_to_warning PASSED [ 41%]
2026-01-30T15:20:24.1373084Z tests/test_flake8_parser.py::TestFlake8SeverityMapping::test_n_series_maps_to_warning PASSED [ 41%]
2026-01-30T15:20:24.1394876Z tests/test_flake8_parser.py::TestFlake8ConfigurationHandling::test_detect_flake8_config_file PASSED [ 41%]
2026-01-30T15:20:24.1414667Z tests/test_flake8_parser.py::TestFlake8ConfigurationHandling::test_detect_setup_cfg_flake8_section PASSED [ 41%]
2026-01-30T15:20:24.1434782Z tests/test_flake8_parser.py::TestFlake8ConfigurationHandling::test_detect_tox_ini_flake8_section PASSED [ 42%]
2026-01-30T15:20:24.1451632Z tests/test_isort_parser.py::TestIsortTextParsing::test_parse_output_all_imports_sorted PASSED [ 42%]
2026-01-30T15:20:24.1464577Z tests/test_isort_parser.py::TestIsortTextParsing::test_parse_output_imports_need_sorting PASSED [ 42%]
2026-01-30T15:20:24.1477675Z tests/test_isort_parser.py::TestIsortTextParsing::test_parse_multiple_files_with_errors PASSED [ 42%]
2026-01-30T15:20:24.1489417Z tests/test_isort_parser.py::TestIsortTextParsing::test_parse_windows_paths PASSED [ 42%]
2026-01-30T15:20:24.1501630Z tests/test_isort_parser.py::TestIsortTextParsing::test_parse_output_with_skipped_files PASSED [ 42%]
2026-01-30T15:20:24.1513616Z tests/test_isort_parser.py::TestIsortCommandBuilding::test_build_command_default_options PASSED [ 43%]
2026-01-30T15:20:24.1525524Z tests/test_isort_parser.py::TestIsortCommandBuilding::test_build_command_with_profile PASSED [ 43%]
2026-01-30T15:20:24.1537566Z tests/test_isort_parser.py::TestIsortCommandBuilding::test_build_command_with_line_length PASSED [ 43%]
2026-01-30T15:20:24.1549095Z tests/test_isort_parser.py::TestIsortCommandBuilding::test_build_command_with_multi_line_output PASSED [ 43%]
2026-01-30T15:20:24.1560842Z tests/test_isort_parser.py::TestIsortCommandBuilding::test_build_command_with_skip_patterns PASSED [ 43%]
2026-01-30T15:20:24.1572349Z tests/test_isort_parser.py::TestIsortCommandBuilding::test_build_command_with_force_single_line PASSED [ 43%]
2026-01-30T15:20:24.1583766Z tests/test_isort_parser.py::TestIsortCommandBuilding::test_build_command_with_diff PASSED [ 44%]
2026-01-30T15:20:24.1595456Z tests/test_isort_parser.py::TestIsortCommandBuilding::test_build_command_with_multiple_files PASSED [ 44%]
2026-01-30T15:20:24.1622835Z tests/test_isort_parser.py::TestIsortErrorHandling::test_error_when_isort_not_installed PASSED [ 44%]
2026-01-30T15:20:24.1644822Z tests/test_isort_parser.py::TestIsortErrorHandling::test_timeout_handling PASSED [ 44%]
2026-01-30T15:20:24.1657451Z tests/test_isort_parser.py::TestIsortErrorHandling::test_parse_syntax_error_in_file PASSED [ 44%]
2026-01-30T15:20:24.1684970Z tests/test_isort_parser.py::TestIsortVersionDetection::test_version_detection PASSED [ 44%]
2026-01-30T15:20:24.1706343Z tests/test_isort_parser.py::TestIsortVersionDetection::test_version_detection_failure PASSED [ 44%]
2026-01-30T15:20:24.3641251Z tests/test_isort_parser.py::TestIsortIntegrationWithFixtures::test_isort_on_sorted_python_code PASSED [ 45%]
2026-01-30T15:20:24.5507633Z tests/test_isort_parser.py::TestIsortIntegrationWithFixtures::test_isort_on_unsorted_imports_fixture PASSED [ 45%]
2026-01-30T15:20:24.5529407Z tests/test_isort_parser.py::TestIsortConfigurationHandling::test_detect_pyproject_toml PASSED [ 45%]
2026-01-30T15:20:24.5548481Z tests/test_isort_parser.py::TestIsortConfigurationHandling::test_detect_setup_cfg PASSED [ 45%]
2026-01-30T15:20:24.5566570Z tests/test_isort_parser.py::TestIsortConfigurationHandling::test_detect_isort_cfg PASSED [ 45%]
2026-01-30T15:20:24.5585024Z tests/test_isort_parser.py::TestIsortConfigurationHandling::test_no_config_file_returns_none PASSED [ 45%]
2026-01-30T15:20:24.5597151Z tests/test_isort_parser.py::TestIsortSuggestedFixes::test_generate_fix_command PASSED [ 46%]
2026-01-30T15:20:24.5610200Z tests/test_isort_parser.py::TestIsortSuggestedFixes::test_generate_fix_command_with_options PASSED [ 46%]
2026-01-30T15:20:24.5628870Z tests/test_iwyu_parser.py::TestIWYUSuggestionParsing::test_parse_output_with_no_suggestions PASSED [ 46%]
2026-01-30T15:20:24.5652124Z tests/test_iwyu_parser.py::TestIWYUSuggestionParsing::test_parse_suggestions_to_add_includes PASSED [ 46%]
2026-01-30T15:20:24.5666921Z tests/test_iwyu_parser.py::TestIWYUSuggestionParsing::test_parse_suggestions_to_remove_includes PASSED [ 46%]
2026-01-30T15:20:24.5679948Z tests/test_iwyu_parser.py::TestIWYUSuggestionParsing::test_parse_forward_declaration_suggestions PASSED [ 46%]
2026-01-30T15:20:24.5691453Z tests/test_iwyu_parser.py::TestIWYUSuggestionParsing::test_parse_transitive_include_information PASSED [ 47%]
2026-01-30T15:20:24.5704040Z tests/test_iwyu_parser.py::TestIWYUSuggestionParsing::test_parse_multiple_files_with_suggestions PASSED [ 47%]
2026-01-30T15:20:24.5716379Z tests/test_iwyu_parser.py::TestIWYUWhyExplanations::test_parse_why_explanation PASSED [ 47%]
2026-01-30T15:20:24.5728127Z tests/test_iwyu_parser.py::TestIWYUCommandBuilding::test_build_command_default_options PASSED [ 47%]
2026-01-30T15:20:24.5739642Z tests/test_iwyu_parser.py::TestIWYUCommandBuilding::test_build_command_with_mapping_file PASSED [ 47%]
2026-01-30T15:20:24.5750893Z tests/test_iwyu_parser.py::TestIWYUCommandBuilding::test_build_command_with_compiler_flags PASSED [ 47%]
2026-01-30T15:20:24.5762994Z tests/test_iwyu_parser.py::TestIWYUCommandBuilding::test_build_command_with_xiwyu_options PASSED [ 48%]
2026-01-30T15:20:24.5775093Z tests/test_iwyu_parser.py::TestIWYUCommandBuilding::test_build_command_with_std_option PASSED [ 48%]
2026-01-30T15:20:24.5786859Z tests/test_iwyu_parser.py::TestIWYUCommandBuilding::test_build_command_with_include_paths PASSED [ 48%]
2026-01-30T15:20:24.5798474Z tests/test_iwyu_parser.py::TestIWYUCommandBuilding::test_build_command_with_defines PASSED [ 48%]
2026-01-30T15:20:24.5816149Z tests/test_iwyu_parser.py::TestIWYUErrorHandling::test_error_when_iwyu_not_installed PASSED [ 48%]
2026-01-30T15:20:24.5832082Z tests/test_iwyu_parser.py::TestIWYUErrorHandling::test_timeout_handling PASSED [ 48%]
2026-01-30T15:20:24.5843844Z tests/test_iwyu_parser.py::TestIWYUErrorHandling::test_parse_with_empty_output PASSED [ 49%]
2026-01-30T15:20:24.5866771Z tests/test_iwyu_parser.py::TestIWYUVersionDetection::test_version_detection PASSED [ 49%]
2026-01-30T15:20:24.5884696Z tests/test_iwyu_parser.py::TestIWYUVersionDetection::test_version_detection_different_format PASSED [ 49%]
2026-01-30T15:20:24.5900571Z tests/test_iwyu_parser.py::TestIWYUVersionDetection::test_version_detection_failure PASSED [ 49%]
2026-01-30T15:20:24.5912510Z tests/test_iwyu_parser.py::TestIWYUIntegrationWithFixtures::test_iwyu_on_code_with_include_issues SKIPPED [ 49%]
2026-01-30T15:20:24.5922786Z tests/test_iwyu_parser.py::TestIWYUIntegrationWithFixtures::test_iwyu_on_clean_includes SKIPPED [ 49%]
2026-01-30T15:20:24.5935635Z tests/test_iwyu_parser.py::TestIWYUSuggestionGrouping::test_group_suggestions_by_file PASSED [ 50%]
2026-01-30T15:20:24.5948541Z tests/test_iwyu_parser.py::TestIWYUSuggestionGrouping::test_count_unnecessary_includes PASSED [ 50%]
2026-01-30T15:20:24.5962376Z tests/test_iwyu_parser.py::TestIWYUSuggestionGrouping::test_count_missing_includes PASSED [ 50%]
2026-01-30T15:20:24.5974678Z tests/test_iwyu_parser.py::TestIWYUFullIncludeList::test_parse_full_include_list PASSED [ 50%]
2026-01-30T15:20:24.5987231Z tests/test_iwyu_parser.py::TestIWYUFullIncludeList::test_parse_correct_includes_message PASSED [ 50%]
2026-01-30T15:20:24.5999600Z tests/test_iwyu_parser.py::TestIWYUWindowsPaths::test_parse_windows_paths PASSED [ 50%]
2026-01-30T15:20:24.6036459Z tests/test_iwyu_parser.py::TestIWYUConfigurationHandling::test_detect_iwyu_mapping_file PASSED [ 50%]
2026-01-30T15:20:24.6037782Z tests/test_iwyu_parser.py::TestIWYUConfigurationHandling::test_detect_mapping_in_parent_directory PASSED [ 51%]
2026-01-30T15:20:24.6055392Z tests/test_iwyu_parser.py::TestIWYUConfigurationHandling::test_no_mapping_file_returns_none PASSED [ 51%]
2026-01-30T15:20:24.6067445Z tests/test_iwyu_parser.py::TestIWYUSuggestedFixes::test_generate_fix_command PASSED [ 51%]
2026-01-30T15:20:24.6080039Z tests/test_iwyu_parser.py::TestIWYUSuggestedFixes::test_generate_fix_command_with_options PASSED [ 51%]
2026-01-30T15:20:24.6117169Z tests/test_language_detector.py::TestLanguageDetection::test_detect_python_files PASSED [ 51%]
2026-01-30T15:20:24.6151773Z tests/test_language_detector.py::TestLanguageDetection::test_detect_cpp_files PASSED [ 51%]
2026-01-30T15:20:24.6185684Z tests/test_language_detector.py::TestLanguageDetection::test_detect_mixed_language_project PASSED [ 52%]
2026-01-30T15:20:24.6209683Z tests/test_language_detector.py::TestLanguageDetection::test_detect_python_only_project PASSED [ 52%]
2026-01-30T15:20:24.6232167Z tests/test_language_detector.py::TestLanguageDetection::test_detect_cpp_only_project PASSED [ 52%]
2026-01-30T15:20:24.6253482Z tests/test_language_detector.py::TestLanguageDetection::test_detect_no_matching_files PASSED [ 52%]
2026-01-30T15:20:24.6284350Z tests/test_language_detector.py::TestLanguageDetection::test_get_files_returns_only_python PASSED [ 52%]
2026-01-30T15:20:24.6316063Z tests/test_language_detector.py::TestLanguageDetection::test_get_files_returns_only_cpp PASSED [ 52%]
2026-01-30T15:20:24.6349692Z tests/test_language_detector.py::TestExclusionPatterns::test_ignores_git_directory PASSED [ 53%]
2026-01-30T15:20:24.6383805Z tests/test_language_detector.py::TestExclusionPatterns::test_ignores_pycache_directory PASSED [ 53%]
2026-01-30T15:20:24.6419039Z tests/test_language_detector.py::TestExclusionPatterns::test_ignores_build_directory PASSED [ 53%]
2026-01-30T15:20:24.6457613Z tests/test_language_detector.py::TestExclusionPatterns::test_custom_exclude_patterns PASSED [ 53%]
2026-01-30T15:20:24.6492474Z tests/test_language_detector.py::TestConfigurationIntegration::test_respects_file_patterns_from_config PASSED [ 53%]
2026-01-30T15:20:24.6517695Z tests/test_language_detector.py::TestConfigurationIntegration::test_respects_cpp_patterns_from_config PASSED [ 53%]
2026-01-30T15:20:24.6528869Z tests/test_language_detector.py::TestSymbolicLinks::test_follows_symlinks_when_enabled SKIPPED [ 54%]
2026-01-30T15:20:24.6539273Z tests/test_language_detector.py::TestSymbolicLinks::test_ignores_symlinks_when_disabled SKIPPED [ 54%]
2026-01-30T15:20:24.6681923Z tests/test_language_detector.py::TestPerformance::test_performance_large_directory_tree PASSED [ 54%]
2026-01-30T15:20:24.6694714Z tests/test_language_detector.py::TestEdgeCases::test_nonexistent_directory_raises_error PASSED [ 54%]
2026-01-30T15:20:24.6714421Z tests/test_language_detector.py::TestEdgeCases::test_file_instead_of_directory_raises_error PASSED [ 54%]
2026-01-30T15:20:24.6743264Z tests/test_language_detector.py::TestEdgeCases::test_get_files_for_unknown_language_returns_empty PASSED [ 54%]
2026-01-30T15:20:24.6763447Z tests/test_language_detector.py::TestEdgeCases::test_empty_directory_returns_empty PASSED [ 55%]
2026-01-30T15:20:24.6780090Z tests/test_orchestrator.py::TestSequentialExecution::test_run_all_validators_sequentially PASSED [ 55%]
2026-01-30T15:20:24.6796106Z tests/test_orchestrator.py::TestSequentialExecution::test_validators_run_in_deterministic_order PASSED [ 55%]
2026-01-30T15:20:24.6824215Z tests/test_orchestrator.py::TestParallelExecution::test_run_all_validators_in_parallel PASSED [ 55%]
2026-01-30T15:20:25.0862007Z tests/test_orchestrator.py::TestParallelExecution::test_parallel_execution_faster_than_sequential PASSED [ 55%]
2026-01-30T15:20:25.0878568Z tests/test_orchestrator.py::TestLanguageFiltering::test_run_validators_for_specific_language PASSED [ 55%]
2026-01-30T15:20:25.0893487Z tests/test_orchestrator.py::TestLanguageFiltering::test_run_validators_for_cpp_language PASSED [ 55%]
2026-01-30T15:20:25.0909530Z tests/test_orchestrator.py::TestLanguageFiltering::test_run_validators_for_nonexistent_language PASSED [ 56%]
2026-01-30T15:20:25.0925067Z tests/test_orchestrator.py::TestSpecificValidatorExecution::test_run_specific_validator_by_name PASSED [ 56%]
2026-01-30T15:20:25.0942584Z tests/test_orchestrator.py::TestSpecificValidatorExecution::test_run_nonexistent_validator_raises_error PASSED [ 56%]
2026-01-30T15:20:25.0959101Z tests/test_orchestrator.py::TestResultAggregation::test_aggregate_results_all_passing PASSED [ 56%]
2026-01-30T15:20:25.0972846Z tests/test_orchestrator.py::TestResultAggregation::test_aggregate_results_with_failures PASSED [ 56%]
2026-01-30T15:20:25.0989367Z tests/test_orchestrator.py::TestResultAggregation::test_aggregate_results_counts_files_checked PASSED [ 56%]
2026-01-30T15:20:25.1004909Z tests/test_orchestrator.py::TestOverallPassFail::test_overall_pass_when_all_validators_pass PASSED [ 57%]
2026-01-30T15:20:25.1020295Z tests/test_orchestrator.py::TestOverallPassFail::test_overall_fail_when_any_validator_fails PASSED [ 57%]
2026-01-30T15:20:25.1033184Z tests/test_orchestrator.py::TestFailFastMode::test_fail_fast_stops_on_first_failure PASSED [ 57%]
2026-01-30T15:20:25.1046196Z tests/test_orchestrator.py::TestContinueOnFailureMode::test_continue_on_failure_runs_all_validators PASSED [ 57%]
2026-01-30T15:20:35.1169075Z tests/test_orchestrator.py::TestTimeoutHandling::test_timeout_handling_for_slow_validators PASSED [ 57%]
2026-01-30T15:20:35.1181802Z tests/test_orchestrator.py::TestValidatorCrashHandling::test_error_handling_when_validator_crashes PASSED [ 57%]
2026-01-30T15:20:35.1194190Z tests/test_orchestrator.py::TestToolNotFoundHandling::test_error_handling_when_tool_not_found PASSED [ 58%]
2026-01-30T15:20:35.1206694Z tests/test_orchestrator.py::TestMixedResults::test_result_collection_with_mixed_results PASSED [ 58%]
2026-01-30T15:20:35.4236215Z tests/test_orchestrator.py::TestExecutionTimeTracking::test_execution_time_tracking PASSED [ 58%]
2026-01-30T15:20:35.4261289Z tests/test_orchestrator.py::TestFileCountAggregation::test_file_count_aggregation PASSED [ 58%]
2026-01-30T15:20:35.4283500Z tests/test_orchestrator.py::TestFileCountAggregation::test_unique_files_counted PASSED [ 58%]
2026-01-30T15:20:35.4303818Z tests/test_orchestrator.py::TestEmptyFileList::test_run_with_empty_file_list PASSED [ 58%]
2026-01-30T15:20:35.4325047Z tests/test_orchestrator.py::TestConfigurationPassing::test_configuration_passed_to_validators PASSED [ 59%]
2026-01-30T15:20:35.4343651Z tests/test_parser_framework.py::TestFixtureDirectoryStructure::test_fixtures_directory_exists PASSED [ 59%]
2026-01-30T15:20:35.4359511Z tests/test_parser_framework.py::TestFixtureDirectoryStructure::test_python_fixtures_directory_exists PASSED [ 59%]
2026-01-30T15:20:35.4371472Z tests/test_parser_framework.py::TestFixtureDirectoryStructure::test_cpp_fixtures_directory_exists PASSED [ 59%]
2026-01-30T15:20:35.4383582Z tests/test_parser_framework.py::TestFixtureDirectoryStructure::test_sample_code_fixtures_directory_exists PASSED [ 59%]
2026-01-30T15:20:35.4397609Z tests/test_parser_framework.py::TestFixtureLoading::test_load_fixture_file_returns_content PASSED [ 59%]
2026-01-30T15:20:35.4411037Z tests/test_parser_framework.py::TestFixtureLoading::test_load_fixture_file_with_subdirectory PASSED [ 60%]
2026-01-30T15:20:35.4424456Z tests/test_parser_framework.py::TestFixtureLoading::test_load_fixture_file_preserves_encoding PASSED [ 60%]
2026-01-30T15:20:35.4438135Z tests/test_parser_framework.py::TestFixtureLoading::test_load_fixture_nonexistent_file_raises_error PASSED [ 60%]
2026-01-30T15:20:35.4451092Z tests/test_parser_framework.py::TestFixtureLoading::test_get_fixture_path_returns_absolute_path PASSED [ 60%]
2026-01-30T15:20:35.4469709Z tests/test_parser_framework.py::TestFixtureLoading::test_list_fixtures_in_directory PASSED [ 60%]
2026-01-30T15:20:35.4482545Z tests/test_parser_framework.py::TestParserHelpers::test_create_validation_result_helper PASSED [ 60%]
2026-01-30T15:20:35.4495218Z tests/test_parser_framework.py::TestParserHelpers::test_create_issue_helper PASSED [ 61%]
2026-01-30T15:20:35.4508215Z tests/test_parser_framework.py::TestParserHelpers::test_assert_validation_result_structure PASSED [ 61%]
2026-01-30T15:20:35.4520980Z tests/test_parser_framework.py::TestParserHelpers::test_assert_validation_result_invalid_structure_raises PASSED [ 61%]
2026-01-30T15:20:35.4533323Z tests/test_parser_framework.py::TestParserHelpers::test_assert_issue_structure PASSED [ 61%]
2026-01-30T15:20:35.4546034Z tests/test_parser_framework.py::TestParserHelpers::test_count_issues_by_severity PASSED [ 61%]
2026-01-30T15:20:35.4559970Z tests/test_parser_framework.py::TestParserHelpers::test_filter_issues_by_file PASSED [ 61%]
2026-01-30T15:20:35.4584769Z tests/test_parser_framework.py::TestParserHelpers::test_filter_issues_by_severity PASSED [ 61%]
2026-01-30T15:20:35.4602578Z tests/test_parser_framework.py::TestPythonFixtures::test_good_python_code_fixture_exists PASSED [ 62%]
2026-01-30T15:20:35.4623331Z tests/test_parser_framework.py::TestPythonFixtures::test_bad_python_syntax_error_fixture_exists PASSED [ 62%]
2026-01-30T15:20:35.4645212Z tests/test_parser_framework.py::TestPythonFixtures::test_bad_python_missing_imports_fixture_exists PASSED [ 62%]
2026-01-30T15:20:35.4667959Z tests/test_parser_framework.py::TestPythonFixtures::test_bad_python_unused_code_fixture_exists PASSED [ 62%]
2026-01-30T15:20:35.4690427Z tests/test_parser_framework.py::TestPythonFixtures::test_bad_python_style_violations_fixture_exists PASSED [ 62%]
2026-01-30T15:20:35.4714628Z tests/test_parser_framework.py::TestPythonFixtures::test_bad_python_unformatted_code_fixture_exists PASSED [ 62%]
2026-01-30T15:20:35.4734696Z tests/test_parser_framework.py::TestCppFixtures::test_good_cpp_code_fixture_exists PASSED [ 63%]
2026-01-30T15:20:35.4749125Z tests/test_parser_framework.py::TestCppFixtures::test_good_cpp_header_fixture_exists PASSED [ 63%]
2026-01-30T15:20:35.4762768Z tests/test_parser_framework.py::TestCppFixtures::test_bad_cpp_syntax_error_fixture_exists PASSED [ 63%]
2026-01-30T15:20:35.4776282Z tests/test_parser_framework.py::TestCppFixtures::test_bad_cpp_style_violations_fixture_exists PASSED [ 63%]
2026-01-30T15:20:35.4789858Z tests/test_parser_framework.py::TestCppFixtures::test_bad_cpp_static_analysis_issues_fixture_exists PASSED [ 63%]
2026-01-30T15:20:35.4802107Z tests/test_parser_framework.py::TestFixtureNamingConventions::test_readme_exists_in_fixtures_directory PASSED [ 63%]
2026-01-30T15:20:35.4814955Z tests/test_parser_framework.py::TestFixtureNamingConventions::test_readme_documents_naming_conventions PASSED [ 64%]
2026-01-30T15:20:35.4829106Z tests/test_parser_framework.py::TestFixtureNamingConventions::test_readme_documents_directory_structure PASSED [ 64%]
2026-01-30T15:20:35.4841525Z tests/test_pylint_parser.py::TestPylintJSONParsing::test_parse_json_output_with_no_issues PASSED [ 64%]
2026-01-30T15:20:35.4853873Z tests/test_pylint_parser.py::TestPylintJSONParsing::test_parse_convention_messages PASSED [ 64%]
2026-01-30T15:20:35.4865768Z tests/test_pylint_parser.py::TestPylintJSONParsing::test_parse_refactor_suggestions PASSED [ 64%]
2026-01-30T15:20:35.4877809Z tests/test_pylint_parser.py::TestPylintJSONParsing::test_parse_warnings PASSED [ 64%]
2026-01-30T15:20:35.4889581Z tests/test_pylint_parser.py::TestPylintJSONParsing::test_parse_errors PASSED [ 65%]
2026-01-30T15:20:35.4901396Z tests/test_pylint_parser.py::TestPylintJSONParsing::test_parse_fatal_errors PASSED [ 65%]
2026-01-30T15:20:35.4913449Z tests/test_pylint_parser.py::TestPylintJSONParsing::test_parse_multiple_issues_mixed_types PASSED [ 65%]
2026-01-30T15:20:35.4924852Z tests/test_pylint_parser.py::TestPylintJSONParsing::test_parse_with_score_information PASSED [ 65%]
2026-01-30T15:20:35.4936434Z tests/test_pylint_parser.py::TestPylintCommandBuilding::test_build_command_default_options PASSED [ 65%]
2026-01-30T15:20:35.4947931Z tests/test_pylint_parser.py::TestPylintCommandBuilding::test_build_command_with_disable_options PASSED [ 65%]
2026-01-30T15:20:35.4959494Z tests/test_pylint_parser.py::TestPylintCommandBuilding::test_build_command_with_enable_options PASSED [ 66%]
2026-01-30T15:20:35.4970927Z tests/test_pylint_parser.py::TestPylintCommandBuilding::test_build_command_with_max_line_length PASSED [ 66%]
2026-01-30T15:20:35.4982286Z tests/test_pylint_parser.py::TestPylintCommandBuilding::test_build_command_with_rcfile PASSED [ 66%]
2026-01-30T15:20:35.4993652Z tests/test_pylint_parser.py::TestPylintCommandBuilding::test_build_command_with_score_enabled PASSED [ 66%]
2026-01-30T15:20:35.5004957Z tests/test_pylint_parser.py::TestPylintCommandBuilding::test_build_command_with_score_disabled PASSED [ 66%]
2026-01-30T15:20:35.5017230Z tests/test_pylint_parser.py::TestPylintCommandBuilding::test_build_command_with_multiple_files PASSED [ 66%]
2026-01-30T15:20:35.5046518Z tests/test_pylint_parser.py::TestPylintErrorHandling::test_error_when_pylint_not_installed PASSED [ 66%]
2026-01-30T15:20:35.5079978Z tests/test_pylint_parser.py::TestPylintErrorHandling::test_timeout_handling PASSED [ 67%]
2026-01-30T15:20:35.5098562Z tests/test_pylint_parser.py::TestPylintErrorHandling::test_invalid_json_handling PASSED [ 67%]
2026-01-30T15:20:35.5130298Z tests/test_pylint_parser.py::TestPylintVersionDetection::test_version_detection PASSED [ 67%]
2026-01-30T15:20:35.5165563Z tests/test_pylint_parser.py::TestPylintVersionDetection::test_version_detection_pylint2 PASSED [ 67%]
2026-01-30T15:20:35.5188405Z tests/test_pylint_parser.py::TestPylintVersionDetection::test_version_detection_failure PASSED [ 67%]
2026-01-30T15:20:37.0409731Z tests/test_pylint_parser.py::TestPylintIntegrationWithFixtures::test_pylint_on_clean_python_code PASSED [ 67%]
2026-01-30T15:20:37.9248038Z tests/test_pylint_parser.py::TestPylintIntegrationWithFixtures::test_pylint_on_code_with_violations PASSED [ 68%]
2026-01-30T15:20:37.9269723Z tests/test_pylint_parser.py::TestPylintConfigurationHandling::test_detect_pylintrc PASSED [ 68%]
2026-01-30T15:20:37.9288796Z tests/test_pylint_parser.py::TestPylintConfigurationHandling::test_detect_pyproject_toml PASSED [ 68%]
2026-01-30T15:20:37.9308119Z tests/test_pylint_parser.py::TestPylintConfigurationHandling::test_detect_setup_cfg PASSED [ 68%]
2026-01-30T15:20:37.9327964Z tests/test_pylint_parser.py::TestPylintConfigurationHandling::test_priority_order_pylintrc_over_others PASSED [ 68%]
2026-01-30T15:20:37.9346484Z tests/test_pylint_parser.py::TestPylintConfigurationHandling::test_no_config_file_returns_none PASSED [ 68%]
2026-01-30T15:20:37.9361104Z tests/test_pylint_parser.py::TestPylintScoreExtraction::test_extract_score_from_text_output PASSED [ 69%]
2026-01-30T15:20:37.9372591Z tests/test_pylint_parser.py::TestPylintScoreExtraction::test_extract_score_with_previous_run PASSED [ 69%]
2026-01-30T15:20:37.9384378Z tests/test_pylint_parser.py::TestPylintScoreExtraction::test_extract_score_when_not_present PASSED [ 69%]
2026-01-30T15:20:37.9395794Z tests/test_pylint_parser.py::TestPylintScoreExtraction::test_extract_perfect_score PASSED [ 69%]
2026-01-30T15:20:37.9408647Z tests/test_pylint_parser.py::TestPylintSeverityMapping::test_convention_maps_to_warning PASSED [ 69%]
2026-01-30T15:20:37.9420662Z tests/test_pylint_parser.py::TestPylintSeverityMapping::test_refactor_maps_to_warning PASSED [ 69%]
2026-01-30T15:20:37.9432587Z tests/test_pylint_parser.py::TestPylintSeverityMapping::test_warning_maps_to_warning PASSED [ 70%]
2026-01-30T15:20:37.9444394Z tests/test_pylint_parser.py::TestPylintSeverityMapping::test_error_maps_to_error PASSED [ 70%]
2026-01-30T15:20:37.9457375Z tests/test_pylint_parser.py::TestPylintSeverityMapping::test_fatal_maps_to_error PASSED [ 70%]
2026-01-30T15:20:37.9471249Z tests/test_pytest_parser.py::TestPytestResultParsing::test_parse_output_all_tests_passed PASSED [ 70%]
2026-01-30T15:20:37.9484579Z tests/test_pytest_parser.py::TestPytestResultParsing::test_parse_output_with_test_failures PASSED [ 70%]
2026-01-30T15:20:37.9497950Z tests/test_pytest_parser.py::TestPytestResultParsing::test_parse_output_with_skipped_tests PASSED [ 70%]
2026-01-30T15:20:37.9511175Z tests/test_pytest_parser.py::TestPytestResultParsing::test_parse_parametrized_tests PASSED [ 71%]
2026-01-30T15:20:37.9524014Z tests/test_pytest_parser.py::TestPytestResultParsing::test_parse_test_durations PASSED [ 71%]
2026-01-30T15:20:37.9537222Z tests/test_pytest_parser.py::TestPytestResultParsing::test_identify_slowest_tests PASSED [ 71%]
2026-01-30T15:20:37.9550657Z tests/test_pytest_parser.py::TestPytestCoverageIntegration::test_parse_coverage_percentage PASSED [ 71%]
2026-01-30T15:20:37.9563828Z tests/test_pytest_parser.py::TestPytestCoverageIntegration::test_parse_coverage_per_module PASSED [ 71%]
2026-01-30T15:20:37.9576999Z tests/test_pytest_parser.py::TestPytestCoverageIntegration::test_parse_missing_lines PASSED [ 71%]
2026-01-30T15:20:37.9590094Z tests/test_pytest_parser.py::TestPytestCoverageIntegration::test_identify_modules_below_threshold PASSED [ 72%]
2026-01-30T15:20:37.9603040Z tests/test_pytest_parser.py::TestPytestCoverageIntegration::test_parse_branch_coverage PASSED [ 72%]
2026-01-30T15:20:37.9614779Z tests/test_pytest_parser.py::TestPytestCommandBuilding::test_build_command_default_options PASSED [ 72%]
2026-01-30T15:20:37.9626622Z tests/test_pytest_parser.py::TestPytestCommandBuilding::test_build_command_with_coverage PASSED [ 72%]
2026-01-30T15:20:37.9638318Z tests/test_pytest_parser.py::TestPytestCommandBuilding::test_build_command_with_markers PASSED [ 72%]
2026-01-30T15:20:37.9649797Z tests/test_pytest_parser.py::TestPytestCommandBuilding::test_build_command_with_keywords PASSED [ 72%]
2026-01-30T15:20:37.9661318Z tests/test_pytest_parser.py::TestPytestCommandBuilding::test_build_command_with_parallel_workers PASSED [ 72%]
2026-01-30T15:20:37.9672629Z tests/test_pytest_parser.py::TestPytestCommandBuilding::test_build_command_with_reruns PASSED [ 73%]
2026-01-30T15:20:37.9684040Z tests/test_pytest_parser.py::TestPytestCommandBuilding::test_build_command_with_verbose PASSED [ 73%]
2026-01-30T15:20:37.9695657Z tests/test_pytest_parser.py::TestPytestCommandBuilding::test_build_command_with_multiple_files PASSED [ 73%]
2026-01-30T15:20:37.9720845Z tests/test_pytest_parser.py::TestPytestErrorHandling::test_error_when_pytest_not_installed PASSED [ 73%]
2026-01-30T15:20:37.9742796Z tests/test_pytest_parser.py::TestPytestErrorHandling::test_timeout_handling PASSED [ 73%]
2026-01-30T15:20:37.9756862Z tests/test_pytest_parser.py::TestPytestErrorHandling::test_parse_with_invalid_json PASSED [ 73%]
2026-01-30T15:20:37.9781371Z tests/test_pytest_parser.py::TestPytestErrorHandling::test_error_when_coverage_plugin_missing PASSED [ 74%]
2026-01-30T15:20:37.9808375Z tests/test_pytest_parser.py::TestPytestVersionDetection::test_version_detection PASSED [ 74%]
2026-01-30T15:20:37.9830143Z tests/test_pytest_parser.py::TestPytestVersionDetection::test_version_detection_failure PASSED [ 74%]
2026-01-30T15:20:37.9841636Z tests/test_pytest_parser.py::TestPytestIntegrationWithFixtures::test_pytest_on_passing_test_suite SKIPPED [ 74%]
2026-01-30T15:20:37.9852016Z tests/test_pytest_parser.py::TestPytestIntegrationWithFixtures::test_pytest_on_failing_test_suite SKIPPED [ 74%]
2026-01-30T15:20:37.9862317Z tests/test_pytest_parser.py::TestPytestIntegrationWithFixtures::test_coverage_measurement SKIPPED [ 74%]
2026-01-30T15:20:37.9875747Z tests/test_pytest_parser.py::TestPytestFlakyTestDetection::test_detect_flaky_test PASSED [ 75%]
2026-01-30T15:20:37.9889235Z tests/test_pytest_parser.py::TestPytestFlakyTestDetection::test_no_flaky_tests PASSED [ 75%]
2026-01-30T15:20:37.9902657Z tests/test_pytest_parser.py::TestPytestSummaryStatistics::test_extract_summary_statistics PASSED [ 75%]
2026-01-30T15:20:37.9915782Z tests/test_pytest_parser.py::TestPytestSummaryStatistics::test_calculate_pass_rate PASSED [ 75%]
2026-01-30T15:20:37.9935067Z tests/test_pytest_parser.py::TestPytestConfigurationHandling::test_detect_pytest_ini PASSED [ 75%]
2026-01-30T15:20:37.9954486Z tests/test_pytest_parser.py::TestPytestConfigurationHandling::test_detect_pyproject_toml PASSED [ 75%]
2026-01-30T15:20:37.9973692Z tests/test_pytest_parser.py::TestPytestConfigurationHandling::test_detect_setup_cfg PASSED [ 76%]
2026-01-30T15:20:37.9992834Z tests/test_pytest_parser.py::TestPytestConfigurationHandling::test_no_config_file_returns_none PASSED [ 76%]
2026-01-30T15:20:38.0005077Z tests/test_radon_parser.py::TestRadonCyclomaticComplexity::test_parse_cc_output_with_no_functions PASSED [ 76%]
2026-01-30T15:20:38.0017603Z tests/test_radon_parser.py::TestRadonCyclomaticComplexity::test_parse_cc_output_with_low_complexity_functions PASSED [ 76%]
2026-01-30T15:20:38.0029911Z tests/test_radon_parser.py::TestRadonCyclomaticComplexity::test_parse_cc_output_with_high_complexity_functions PASSED [ 76%]
2026-01-30T15:20:38.0042203Z tests/test_radon_parser.py::TestRadonCyclomaticComplexity::test_parse_cc_output_with_multiple_functions PASSED [ 76%]
2026-01-30T15:20:38.0053947Z tests/test_radon_parser.py::TestRadonCyclomaticComplexity::test_parse_cc_output_with_methods PASSED [ 77%]
2026-01-30T15:20:38.0066202Z tests/test_radon_parser.py::TestRadonCyclomaticComplexity::test_parse_cc_output_with_closures PASSED [ 77%]
2026-01-30T15:20:38.0078217Z tests/test_radon_parser.py::TestRadonCyclomaticComplexity::test_parse_cc_complexity_ranks PASSED [ 77%]
2026-01-30T15:20:38.0090263Z tests/test_radon_parser.py::TestRadonMaintainabilityIndex::test_parse_mi_output_high_maintainability PASSED [ 77%]
2026-01-30T15:20:38.0102345Z tests/test_radon_parser.py::TestRadonMaintainabilityIndex::test_parse_mi_output_low_maintainability PASSED [ 77%]
2026-01-30T15:20:38.0116271Z tests/test_radon_parser.py::TestRadonMaintainabilityIndex::test_parse_mi_output_multiple_files PASSED [ 77%]
2026-01-30T15:20:38.0128700Z tests/test_radon_parser.py::TestRadonMaintainabilityIndex::test_parse_mi_ranks PASSED [ 77%]
2026-01-30T15:20:38.0140511Z tests/test_radon_parser.py::TestRadonRawMetrics::test_parse_raw_metrics PASSED [ 78%]
2026-01-30T15:20:38.0152275Z tests/test_radon_parser.py::TestRadonRawMetrics::test_parse_raw_metrics_multiple_files PASSED [ 78%]
2026-01-30T15:20:38.0163880Z tests/test_radon_parser.py::TestRadonCommandBuilding::test_build_cc_command_default_options PASSED [ 78%]
2026-01-30T15:20:38.0175239Z tests/test_radon_parser.py::TestRadonCommandBuilding::test_build_cc_command_with_min_grade PASSED [ 78%]
2026-01-30T15:20:38.0187078Z tests/test_radon_parser.py::TestRadonCommandBuilding::test_build_cc_command_with_show_closures PASSED [ 78%]
2026-01-30T15:20:38.0198468Z tests/test_radon_parser.py::TestRadonCommandBuilding::test_build_cc_command_with_exclude_patterns PASSED [ 78%]
2026-01-30T15:20:38.0209918Z tests/test_radon_parser.py::TestRadonCommandBuilding::test_build_mi_command_default_options PASSED [ 79%]
2026-01-30T15:20:38.0221242Z tests/test_radon_parser.py::TestRadonCommandBuilding::test_build_mi_command_with_show_details PASSED [ 79%]
2026-01-30T15:20:38.0232555Z tests/test_radon_parser.py::TestRadonCommandBuilding::test_build_raw_command_default_options PASSED [ 79%]
2026-01-30T15:20:38.0244157Z tests/test_radon_parser.py::TestRadonCommandBuilding::test_build_command_with_multiple_files PASSED [ 79%]
2026-01-30T15:20:38.0266580Z tests/test_radon_parser.py::TestRadonErrorHandling::test_error_when_radon_not_installed PASSED [ 79%]
2026-01-30T15:20:38.0288898Z tests/test_radon_parser.py::TestRadonErrorHandling::test_timeout_handling PASSED [ 79%]
2026-01-30T15:20:38.0300887Z tests/test_radon_parser.py::TestRadonErrorHandling::test_invalid_json_handling PASSED [ 80%]
2026-01-30T15:20:38.0326905Z tests/test_radon_parser.py::TestRadonVersionDetection::test_version_detection PASSED [ 80%]
2026-01-30T15:20:38.0347148Z tests/test_radon_parser.py::TestRadonVersionDetection::test_version_detection_failure PASSED [ 80%]
2026-01-30T15:20:38.1822399Z tests/test_radon_parser.py::TestRadonIntegrationWithFixtures::test_radon_cc_on_simple_python_code PASSED [ 80%]
2026-01-30T15:20:38.3394791Z tests/test_radon_parser.py::TestRadonIntegrationWithFixtures::test_radon_mi_on_python_code PASSED [ 80%]
2026-01-30T15:20:38.3409123Z tests/test_radon_parser.py::TestRadonComplexityAggregation::test_calculate_average_complexity PASSED [ 80%]
2026-01-30T15:20:38.3422159Z tests/test_radon_parser.py::TestRadonComplexityAggregation::test_calculate_average_complexity_with_empty_data PASSED [ 81%]
2026-01-30T15:20:38.3434945Z tests/test_radon_parser.py::TestRadonComplexityAggregation::test_identify_high_complexity_functions PASSED [ 81%]
2026-01-30T15:20:38.3457538Z tests/test_radon_parser.py::TestRadonConfigurationHandling::test_detect_radon_config_in_pyproject_toml PASSED [ 81%]
2026-01-30T15:20:38.3477615Z tests/test_radon_parser.py::TestRadonConfigurationHandling::test_detect_radon_config_in_setup_cfg PASSED [ 81%]
2026-01-30T15:20:38.3498128Z tests/test_radon_parser.py::TestRadonConfigurationHandling::test_no_config_file_returns_none PASSED [ 81%]
2026-01-30T15:20:38.3516599Z tests/test_reporting.py::TestReportSummary::test_summary_from_passing_results PASSED [ 81%]
2026-01-30T15:20:38.3530528Z tests/test_reporting.py::TestReportSummary::test_summary_from_failing_results PASSED [ 82%]
2026-01-30T15:20:38.3542881Z tests/test_reporting.py::TestReportSummary::test_summary_with_empty_results PASSED [ 82%]
2026-01-30T15:20:38.3556322Z tests/test_reporting.py::TestReportSummary::test_summary_to_dict PASSED  [ 82%]
2026-01-30T15:20:38.3570677Z tests/test_reporting.py::TestConsoleReporter::test_generate_report_all_passing PASSED [ 82%]
2026-01-30T15:20:38.3584959Z tests/test_reporting.py::TestConsoleReporter::test_generate_report_with_failures PASSED [ 82%]
2026-01-30T15:20:38.3599039Z tests/test_reporting.py::TestConsoleReporter::test_report_includes_execution_times PASSED [ 82%]
2026-01-30T15:20:38.3613088Z tests/test_reporting.py::TestConsoleReporter::test_report_shows_overall_pass_fail PASSED [ 83%]
2026-01-30T15:20:38.3627211Z tests/test_reporting.py::TestConsoleReporter::test_report_groups_issues_by_file PASSED [ 83%]
2026-01-30T15:20:38.3641375Z tests/test_reporting.py::TestConsoleReporter::test_report_groups_issues_by_validator PASSED [ 83%]
2026-01-30T15:20:38.3655288Z tests/test_reporting.py::TestConsoleReporter::test_report_shows_summary_statistics PASSED [ 83%]
2026-01-30T15:20:38.3669064Z tests/test_reporting.py::TestConsoleReporter::test_colored_output_enabled PASSED [ 83%]
2026-01-30T15:20:38.3684352Z tests/test_reporting.py::TestConsoleReporter::test_plain_text_output PASSED [ 83%]
2026-01-30T15:20:38.3698591Z tests/test_reporting.py::TestConsoleReporter::test_verbose_mode_includes_all_details PASSED [ 83%]
2026-01-30T15:20:38.3712409Z tests/test_reporting.py::TestConsoleReporter::test_quiet_mode_shows_only_errors PASSED [ 84%]
2026-01-30T15:20:38.3726373Z tests/test_reporting.py::TestConsoleReporter::test_report_with_box_drawing_characters PASSED [ 84%]
2026-01-30T15:20:38.3739985Z tests/test_reporting.py::TestConsoleReporter::test_report_without_box_drawing PASSED [ 84%]
2026-01-30T15:20:38.3752160Z tests/test_reporting.py::TestConsoleReporter::test_empty_results_report PASSED [ 84%]
2026-01-30T15:20:38.3768238Z tests/test_reporting.py::TestJSONReporter::test_generate_json_report_all_passing PASSED [ 84%]
2026-01-30T15:20:38.3786133Z tests/test_reporting.py::TestJSONReporter::test_generate_json_report_with_failures PASSED [ 84%]
2026-01-30T15:20:38.3804064Z tests/test_reporting.py::TestJSONReporter::test_json_report_includes_all_errors PASSED [ 85%]
2026-01-30T15:20:38.3821744Z tests/test_reporting.py::TestJSONReporter::test_json_report_includes_warnings PASSED [ 85%]
2026-01-30T15:20:38.3837408Z tests/test_reporting.py::TestJSONReporter::test_json_report_includes_execution_times PASSED [ 85%]
2026-01-30T15:20:38.3852815Z tests/test_reporting.py::TestJSONReporter::test_json_report_includes_file_counts PASSED [ 85%]
2026-01-30T15:20:38.3868971Z tests/test_reporting.py::TestJSONReporter::test_json_report_structure PASSED [ 85%]
2026-01-30T15:20:38.3884304Z tests/test_reporting.py::TestJSONReporter::test_json_report_with_indent PASSED [ 85%]
2026-01-30T15:20:38.3899504Z tests/test_reporting.py::TestJSONReporter::test_json_report_without_indent PASSED [ 86%]
2026-01-30T15:20:38.3923602Z tests/test_reporting.py::TestJSONReporter::test_json_report_file_export PASSED [ 86%]
2026-01-30T15:20:38.3936995Z tests/test_reporting.py::TestJSONReporter::test_json_report_empty_results PASSED [ 86%]
2026-01-30T15:20:38.3948966Z tests/test_reporting.py::TestReportFormatting::test_format_duration_seconds PASSED [ 86%]
2026-01-30T15:20:38.3960960Z tests/test_reporting.py::TestReportFormatting::test_format_duration_milliseconds PASSED [ 86%]
2026-01-30T15:20:38.3972947Z tests/test_reporting.py::TestReportFormatting::test_format_file_path_relative PASSED [ 86%]
2026-01-30T15:20:38.3985061Z tests/test_reporting.py::TestReportFormatting::test_format_file_path_absolute PASSED [ 87%]
2026-01-30T15:20:38.3997389Z tests/test_reporting.py::TestReportFormatting::test_format_issue_location PASSED [ 87%]
2026-01-30T15:20:38.4009494Z tests/test_reporting.py::TestReportFormatting::test_format_issue_location_without_column PASSED [ 87%]
2026-01-30T15:20:38.4023225Z tests/test_reporting.py::TestColorSupport::test_detect_color_support_tty PASSED [ 87%]
2026-01-30T15:20:38.4036498Z tests/test_reporting.py::TestColorSupport::test_detect_color_support_no_tty PASSED [ 87%]
2026-01-30T15:20:38.4049622Z tests/test_reporting.py::TestColorSupport::test_detect_color_support_no_color_env PASSED [ 87%]
2026-01-30T15:20:38.4070643Z tests/test_reporting.py::TestReportExport::test_export_console_report_to_file PASSED [ 88%]
2026-01-30T15:20:38.4093200Z tests/test_reporting.py::TestReportExport::test_export_json_report_to_file PASSED [ 88%]
2026-01-30T15:20:38.4106436Z tests/test_reporting.py::TestIssueGrouping::test_group_issues_by_file PASSED [ 88%]
2026-01-30T15:20:38.4119589Z tests/test_reporting.py::TestIssueGrouping::test_group_issues_by_validator PASSED [ 88%]
2026-01-30T15:20:38.4133497Z tests/test_reporting.py::TestIssueGrouping::test_group_issues_by_severity PASSED [ 88%]
2026-01-30T15:20:38.4145708Z tests/test_validator_interface.py::TestValidationResult::test_validation_result_creation PASSED [ 88%]
2026-01-30T15:20:38.4158151Z tests/test_validator_interface.py::TestValidationResult::test_validation_result_with_errors PASSED [ 88%]
2026-01-30T15:20:38.4170171Z tests/test_validator_interface.py::TestValidationResult::test_validation_result_to_dict PASSED [ 89%]
2026-01-30T15:20:38.4182023Z tests/test_validator_interface.py::TestValidationResult::test_validation_result_from_dict PASSED [ 89%]
2026-01-30T15:20:38.4198535Z tests/test_validator_interface.py::TestValidationResult::test_validation_result_equality PASSED [ 89%]
2026-01-30T15:20:38.4219033Z tests/test_validator_interface.py::TestValidationResult::test_validation_result_with_empty_lists PASSED [ 89%]
2026-01-30T15:20:38.4231165Z tests/test_validator_interface.py::TestIssue::test_issue_creation_with_all_fields PASSED [ 89%]
2026-01-30T15:20:38.4243718Z tests/test_validator_interface.py::TestIssue::test_issue_creation_with_optional_fields PASSED [ 89%]
2026-01-30T15:20:38.4259959Z tests/test_validator_interface.py::TestIssue::test_issue_severity_validation_error PASSED [ 90%]
2026-01-30T15:20:38.4271330Z tests/test_validator_interface.py::TestIssue::test_issue_to_dict PASSED  [ 90%]
2026-01-30T15:20:38.4285211Z tests/test_validator_interface.py::TestValidator::test_validator_abstract_methods_raise_not_implemented PASSED [ 90%]
2026-01-30T15:20:38.4297759Z tests/test_validator_interface.py::TestValidator::test_validator_subclass_must_implement_methods PASSED [ 90%]
2026-01-30T15:20:38.4310321Z tests/test_validator_interface.py::TestValidator::test_validator_complete_subclass PASSED [ 90%]
2026-01-30T15:20:38.4323801Z tests/test_validator_registry.py::TestValidatorRegistration::test_register_validator_by_language PASSED [ 90%]
2026-01-30T15:20:38.4337673Z tests/test_validator_registry.py::TestValidatorRegistration::test_register_multiple_validators_same_language PASSED [ 91%]
2026-01-30T15:20:38.4351252Z tests/test_validator_registry.py::TestValidatorRegistration::test_register_validators_different_languages PASSED [ 91%]
2026-01-30T15:20:38.4366079Z tests/test_validator_registry.py::TestValidatorRegistration::test_register_duplicate_validator_raises_error PASSED [ 91%]
2026-01-30T15:20:38.4379648Z tests/test_validator_registry.py::TestValidatorRetrieval::test_get_validators_by_language PASSED [ 91%]
2026-01-30T15:20:38.4392051Z tests/test_validator_registry.py::TestValidatorRetrieval::test_get_validators_by_nonexistent_language PASSED [ 91%]
2026-01-30T15:20:38.4404870Z tests/test_validator_registry.py::TestValidatorRetrieval::test_get_validator_by_name PASSED [ 91%]
2026-01-30T15:20:38.4417989Z tests/test_validator_registry.py::TestValidatorRetrieval::test_get_nonexistent_validator_raises_error PASSED [ 92%]
2026-01-30T15:20:38.4431040Z tests/test_validator_registry.py::TestValidatorRetrieval::test_get_validator_case_sensitive PASSED [ 92%]
2026-01-30T15:20:38.4444192Z tests/test_validator_registry.py::TestValidatorAvailability::test_validator_availability_check_exists PASSED [ 92%]
2026-01-30T15:20:38.4457902Z tests/test_validator_registry.py::TestValidatorAvailability::test_validator_availability_check_not_exists PASSED [ 92%]
2026-01-30T15:20:38.4471447Z tests/test_validator_registry.py::TestValidatorListing::test_list_all_registered_validators PASSED [ 92%]
2026-01-30T15:20:38.4483427Z tests/test_validator_registry.py::TestValidatorListing::test_list_all_empty_registry PASSED [ 92%]
2026-01-30T15:20:38.4498637Z tests/test_validator_registry.py::TestValidatorListing::test_list_validators_for_specific_language PASSED [ 93%]
2026-01-30T15:20:38.4511005Z tests/test_validator_registry.py::TestValidatorOrdering::test_validator_ordering_deterministic PASSED [ 93%]
2026-01-30T15:20:38.4523858Z tests/test_validator_registry.py::TestValidatorMetadata::test_get_validator_metadata PASSED [ 93%]
2026-01-30T15:20:38.4536375Z tests/test_validator_registry.py::TestValidatorMetadata::test_get_metadata_for_nonexistent_validator PASSED [ 93%]
2026-01-30T15:20:38.4550280Z tests/test_validator_registry.py::TestValidatorMetadata::test_list_all_metadata PASSED [ 93%]
2026-01-30T15:20:38.4562791Z tests/test_validator_registry.py::TestValidatorFiltering::test_filter_validators_by_enabled_status PASSED [ 93%]
2026-01-30T15:20:38.4575252Z tests/test_validator_registry.py::TestValidatorFiltering::test_filter_by_language_and_names PASSED [ 94%]
2026-01-30T15:20:38.4587345Z tests/test_validator_registry.py::TestRegistrySingleton::test_multiple_registry_instances_independent PASSED [ 94%]
2026-01-30T15:20:38.4599435Z tests/test_validator_registry.py::TestEdgeCases::test_get_validators_with_empty_language_string PASSED [ 94%]
2026-01-30T15:20:38.4613440Z tests/test_validator_registry.py::TestEdgeCases::test_register_validator_with_empty_name_raises_error PASSED [ 94%]
2026-01-30T15:20:38.4627678Z tests/test_validator_registry.py::TestEdgeCases::test_register_validator_with_empty_language_raises_error PASSED [ 94%]
2026-01-30T15:20:38.4640673Z tests/test_validator_registry.py::TestEdgeCases::test_unregister_validator PASSED [ 94%]
2026-01-30T15:20:38.4653334Z tests/test_validator_registry.py::TestEdgeCases::test_unregister_nonexistent_validator_raises_error PASSED [ 94%]
2026-01-30T15:20:38.4667614Z tests/test_validator_registry.py::TestEdgeCases::test_clear_registry PASSED [ 95%]
2026-01-30T15:20:38.4679425Z tests/test_vulture_parser.py::TestVultureUnusedCodeDetection::test_parse_output_with_no_unused_code PASSED [ 95%]
2026-01-30T15:20:38.4696096Z tests/test_vulture_parser.py::TestVultureUnusedCodeDetection::test_parse_unused_function_detection PASSED [ 95%]
2026-01-30T15:20:38.4708376Z tests/test_vulture_parser.py::TestVultureUnusedCodeDetection::test_parse_unused_method_detection PASSED [ 95%]
2026-01-30T15:20:38.4720319Z tests/test_vulture_parser.py::TestVultureUnusedCodeDetection::test_parse_unused_class_detection PASSED [ 95%]
2026-01-30T15:20:38.4732207Z tests/test_vulture_parser.py::TestVultureUnusedCodeDetection::test_parse_unused_variable_detection PASSED [ 95%]
2026-01-30T15:20:38.4744311Z tests/test_vulture_parser.py::TestVultureUnusedCodeDetection::test_parse_unused_import_detection PASSED [ 96%]
2026-01-30T15:20:38.4756544Z tests/test_vulture_parser.py::TestVultureUnusedCodeDetection::test_parse_unused_property_detection PASSED [ 96%]
2026-01-30T15:20:38.4768748Z tests/test_vulture_parser.py::TestVultureUnusedCodeDetection::test_parse_multiple_unused_items PASSED [ 96%]
2026-01-30T15:20:38.4781043Z tests/test_vulture_parser.py::TestVultureUnusedCodeDetection::test_filter_by_minimum_confidence_threshold PASSED [ 96%]
2026-01-30T15:20:38.4793056Z tests/test_vulture_parser.py::TestVultureCommandBuilding::test_build_command_default_options PASSED [ 96%]
2026-01-30T15:20:38.4804744Z tests/test_vulture_parser.py::TestVultureCommandBuilding::test_build_command_with_min_confidence PASSED [ 96%]
2026-01-30T15:20:38.4816755Z tests/test_vulture_parser.py::TestVultureCommandBuilding::test_build_command_with_exclude_patterns PASSED [ 97%]
2026-01-30T15:20:38.4828402Z tests/test_vulture_parser.py::TestVultureCommandBuilding::test_build_command_with_ignore_decorators PASSED [ 97%]
2026-01-30T15:20:38.4839967Z tests/test_vulture_parser.py::TestVultureCommandBuilding::test_build_command_with_ignore_names PASSED [ 97%]
2026-01-30T15:20:38.4851701Z tests/test_vulture_parser.py::TestVultureCommandBuilding::test_build_command_with_make_whitelist PASSED [ 97%]
2026-01-30T15:20:38.4863376Z tests/test_vulture_parser.py::TestVultureCommandBuilding::test_build_command_with_sort_by_size PASSED [ 97%]
2026-01-30T15:20:38.4900221Z tests/test_vulture_parser.py::TestVultureErrorHandling::test_error_when_vulture_not_installed PASSED [ 97%]
2026-01-30T15:20:38.4921018Z tests/test_vulture_parser.py::TestVultureErrorHandling::test_timeout_handling PASSED [ 98%]
2026-01-30T15:20:38.4933043Z tests/test_vulture_parser.py::TestVultureErrorHandling::test_parse_with_empty_output PASSED [ 98%]
2026-01-30T15:20:38.4960239Z tests/test_vulture_parser.py::TestVultureVersionDetection::test_version_detection PASSED [ 98%]
2026-01-30T15:20:38.4980632Z tests/test_vulture_parser.py::TestVultureVersionDetection::test_version_detection_failure PASSED [ 98%]
2026-01-30T15:20:38.4992207Z tests/test_vulture_parser.py::TestVultureIntegrationWithFixtures::test_vulture_on_code_with_unused_items SKIPPED [ 98%]
2026-01-30T15:20:38.5003581Z tests/test_vulture_parser.py::TestVultureIntegrationWithFixtures::test_vulture_on_clean_code SKIPPED [ 98%]
2026-01-30T15:20:38.5015401Z tests/test_vulture_parser.py::TestVultureStatistics::test_group_unused_items_by_type PASSED [ 99%]
2026-01-30T15:20:38.5027219Z tests/test_vulture_parser.py::TestVultureStatistics::test_calculate_total_unused_count PASSED [ 99%]
2026-01-30T15:20:38.5041181Z tests/test_vulture_parser.py::TestVultureStatistics::test_extract_confidence_scores PASSED [ 99%]
2026-01-30T15:20:38.5052784Z tests/test_vulture_parser.py::TestVultureStatistics::test_calculate_average_confidence PASSED [ 99%]
2026-01-30T15:20:38.5073286Z tests/test_vulture_parser.py::TestVultureConfigurationHandling::test_detect_vulture_config_in_pyproject_toml PASSED [ 99%]
2026-01-30T15:20:38.5093332Z tests/test_vulture_parser.py::TestVultureConfigurationHandling::test_detect_vulture_config_in_setup_cfg PASSED [ 99%]
2026-01-30T15:20:39.7981503Z tests/test_vulture_parser.py::TestVultureConfigurationHandling::test_no_config_file_returns_none PASSED [100%]
2026-01-30T15:20:39.7982459Z 
2026-01-30T15:20:39.7982700Z ---------- coverage: platform linux, python 3.8.18-final-0 -----------
2026-01-30T15:20:39.7983211Z Name                                   Stmts   Miss  Cover   Missing
2026-01-30T15:20:39.7983639Z --------------------------------------------------------------------
2026-01-30T15:20:39.7984063Z anvil/__init__.py                          2      0   100%
2026-01-30T15:20:39.7984464Z anvil/config/__init__.py                   2      0   100%
2026-01-30T15:20:39.7984954Z anvil/config/configuration.py             91      3    97%   265, 280, 302
2026-01-30T15:20:39.7985417Z anvil/core/__init__.py                     5      0   100%
2026-01-30T15:20:39.7986320Z anvil/core/file_collector.py             106      9    92%   92, 157, 211-213, 300-303, 319
2026-01-30T15:20:39.7986928Z anvil/core/language_detector.py           72     13    82%   169-170, 187, 209-224
2026-01-30T15:20:39.7987492Z anvil/core/orchestrator.py                90      8    91%   99, 125, 245-251
2026-01-30T15:20:39.7987967Z anvil/core/validator_registry.py          62      0   100%
2026-01-30T15:20:39.7988370Z anvil/models/__init__.py                   2      0   100%
2026-01-30T15:20:39.7988765Z anvil/models/validator.py                 34      0   100%
2026-01-30T15:20:39.7989164Z anvil/parsers/__init__.py                 11      0   100%
2026-01-30T15:20:39.7989661Z anvil/parsers/autoflake_parser.py        105      8    92%   95, 162, 214, 264, 276, 279, 287-288
2026-01-30T15:20:39.7990420Z anvil/parsers/black_parser.py            117     17    85%   97-106, 131, 146, 188-192, 258-260, 315, 324-329
2026-01-30T15:20:39.7991015Z anvil/parsers/clang_format_parser.py      87      1    99%   243
2026-01-30T15:20:39.7991629Z anvil/parsers/clang_tidy_parser.py       190     34    82%   50, 113-116, 136-138, 158-175, 195, 214, 225-226, 302, 323, 387, 420, 430-431, 453, 464-465, 488, 494-495, 525
2026-01-30T15:20:39.7992376Z anvil/parsers/cppcheck_parser.py         165     15    91%   128, 156-158, 191, 200, 258, 279, 343, 392-393, 416, 431-432, 471-472
2026-01-30T15:20:39.7992911Z anvil/parsers/cpplint_parser.py           90      3    97%   163-165, 222
2026-01-30T15:20:39.7993380Z anvil/parsers/flake8_parser.py           122     11    91%   32, 50, 134, 141, 165-169, 194, 303-305, 358
2026-01-30T15:20:39.7993871Z anvil/parsers/isort_parser.py             96      9    91%   199-203, 271, 275-276, 280, 284
2026-01-30T15:20:39.7994325Z anvil/parsers/iwyu_parser.py             124      3    98%   265-267, 330
2026-01-30T15:20:39.7994732Z anvil/parsers/pylint_parser.py            93      1    99%   211
2026-01-30T15:20:39.7995276Z anvil/parsers/pytest_parser.py           206     26    87%   90-94, 128, 184-186, 207-208, 229-231, 263-265, 289, 365-386, 442-443, 470-471, 490
2026-01-30T15:20:39.7996273Z anvil/parsers/radon_parser.py            182     26    86%   57, 87-97, 337-340, 361-375, 419-420, 444, 497, 505-506, 531, 541-544
2026-01-30T15:20:39.7996847Z anvil/parsers/vulture_parser.py          118      8    93%   44, 102, 169, 186-187, 211, 262, 333
2026-01-30T15:20:39.7997279Z anvil/reporting/__init__.py                4      0   100%
2026-01-30T15:20:39.7997687Z anvil/reporting/console_reporter.py      134      9    93%   96, 142, 177, 201-206, 252
2026-01-30T15:20:39.7998143Z anvil/reporting/formatters.py             21      3    86%   41, 51-53
2026-01-30T15:20:39.7998518Z anvil/reporting/grouping.py               21      0   100%
2026-01-30T15:20:39.7998861Z anvil/reporting/json_reporter.py          19      1    95%   42
2026-01-30T15:20:39.7999216Z anvil/reporting/reporter.py               31      0   100%
2026-01-30T15:20:39.7999557Z --------------------------------------------------------------------
2026-01-30T15:20:39.7999869Z TOTAL                                   2402    208    91%
2026-01-30T15:20:39.8000137Z Coverage HTML written to dir htmlcov
2026-01-30T15:20:39.8000378Z Coverage XML written to file coverage.xml
2026-01-30T15:20:39.8000551Z 
2026-01-30T15:20:39.8000704Z Required test coverage of 90% reached. Total coverage: 91.34%
2026-01-30T15:20:39.8000927Z 
2026-01-30T15:20:39.8001061Z ======================= 603 passed, 15 skipped in 23.98s =======================
2026-01-30T15:20:39.8618499Z Post job cleanup.
2026-01-30T15:20:40.0239270Z Post job cleanup.
2026-01-30T15:20:40.1182791Z [command]/usr/bin/git version
2026-01-30T15:20:40.1220102Z git version 2.52.0
2026-01-30T15:20:40.1263710Z Temporarily overriding HOME='/home/runner/work/_temp/655dd336-d6c6-4b0c-bcfe-11ed60e12efb' before making global git config changes
2026-01-30T15:20:40.1265081Z Adding repository directory to the temporary git global config as a safe directory
2026-01-30T15:20:40.1270283Z [command]/usr/bin/git config --global --add safe.directory /home/runner/work/argos/argos
2026-01-30T15:20:40.1312393Z [command]/usr/bin/git config --local --name-only --get-regexp core\.sshCommand
2026-01-30T15:20:40.1346251Z [command]/usr/bin/git submodule foreach --recursive sh -c "git config --local --name-only --get-regexp 'core\.sshCommand' && git config --local --unset-all 'core.sshCommand' || :"
2026-01-30T15:20:40.1578207Z [command]/usr/bin/git config --local --name-only --get-regexp http\.https\:\/\/github\.com\/\.extraheader
2026-01-30T15:20:40.1602551Z http.https://github.com/.extraheader
2026-01-30T15:20:40.1615754Z [command]/usr/bin/git config --local --unset-all http.https://github.com/.extraheader
2026-01-30T15:20:40.1650541Z [command]/usr/bin/git submodule foreach --recursive sh -c "git config --local --name-only --get-regexp 'http\.https\:\/\/github\.com\/\.extraheader' && git config --local --unset-all 'http.https://github.com/.extraheader' || :"
2026-01-30T15:20:40.1896627Z [command]/usr/bin/git config --local --name-only --get-regexp ^includeIf\.gitdir:
2026-01-30T15:20:40.1931134Z [command]/usr/bin/git submodule foreach --recursive git config --local --show-origin --name-only --get-regexp remote.origin.url
2026-01-30T15:20:40.2298022Z Cleaning up orphan processes
