2026-01-30T15:19:57.2123890Z Current runner version: '2.331.0'
2026-01-30T15:19:57.2144290Z ##[group]Runner Image Provisioner
2026-01-30T15:19:57.2144890Z Hosted Compute Agent
2026-01-30T15:19:57.2145230Z Version: 20260123.484
2026-01-30T15:19:57.2145610Z Commit: 6bd6555ca37d84114959e1c76d2c01448ff61c5d
2026-01-30T15:19:57.2146850Z Build Date: 2026-01-23T19:41:17Z
2026-01-30T15:19:57.2148750Z Worker ID: {ff1c84c9-2158-4be8-b112-671c51dd852b}
2026-01-30T15:19:57.2150800Z Azure Region: westus
2026-01-30T15:19:57.2151180Z ##[endgroup]
2026-01-30T15:19:57.2159990Z ##[group]Operating System
2026-01-30T15:19:57.2161070Z macOS
2026-01-30T15:19:57.2161790Z 15.7.3
2026-01-30T15:19:57.2162540Z 24G419
2026-01-30T15:19:57.2182990Z ##[endgroup]
2026-01-30T15:19:57.2184070Z ##[group]Runner Image
2026-01-30T15:19:57.2185200Z Image: macos-15-arm64
2026-01-30T15:19:57.2186520Z Version: 20260127.0129.1
2026-01-30T15:19:57.2189480Z Included Software: https://github.com/actions/runner-images/blob/macos-15-arm64/20260127.0129/images/macos/macos-15-arm64-Readme.md
2026-01-30T15:19:57.2192520Z Image Release: https://github.com/actions/runner-images/releases/tag/macos-15-arm64%2F20260127.0129
2026-01-30T15:19:57.2194390Z ##[endgroup]
2026-01-30T15:19:57.2196870Z ##[group]GITHUB_TOKEN Permissions
2026-01-30T15:19:57.2203750Z Contents: read
2026-01-30T15:19:57.2204850Z Metadata: read
2026-01-30T15:19:57.2205760Z Packages: read
2026-01-30T15:19:57.2206620Z ##[endgroup]
2026-01-30T15:19:57.2211760Z Secret source: Actions
2026-01-30T15:19:57.2213530Z Prepare workflow directory
2026-01-30T15:19:57.2837170Z Prepare all required actions
2026-01-30T15:19:57.2926680Z Getting action download info
2026-01-30T15:19:57.6193130Z Download action repository 'actions/checkout@v4' (SHA:34e114876b0b11c390a56381ad16ebd13914f8d5)
2026-01-30T15:19:58.2219840Z Download action repository 'actions/setup-python@v5' (SHA:a26af69be951a213d495a4c3e4e4022e16d87065)
2026-01-30T15:19:58.4271830Z Download action repository 'codecov/codecov-action@v4' (SHA:b9fd7d16f6d7d1b5d2bec1a2887e65ceed900238)
2026-01-30T15:20:00.0152830Z Complete job name: test (macos-latest, 3.8)
2026-01-30T15:20:00.1206000Z ##[group]Run actions/checkout@v4
2026-01-30T15:20:00.1207130Z with:
2026-01-30T15:20:00.1207720Z   repository: lmvcruz/argos
2026-01-30T15:20:00.1208680Z   token: ***
2026-01-30T15:20:00.1209170Z   ssh-strict: true
2026-01-30T15:20:00.1209730Z   ssh-user: git
2026-01-30T15:20:00.1210260Z   persist-credentials: true
2026-01-30T15:20:00.1210850Z   clean: true
2026-01-30T15:20:00.1211490Z   sparse-checkout-cone-mode: true
2026-01-30T15:20:00.1212140Z   fetch-depth: 1
2026-01-30T15:20:00.1212660Z   fetch-tags: false
2026-01-30T15:20:00.1213240Z   show-progress: true
2026-01-30T15:20:00.1213770Z   lfs: false
2026-01-30T15:20:00.1214270Z   submodules: false
2026-01-30T15:20:00.1214860Z   set-safe-directory: true
2026-01-30T15:20:00.1215900Z ##[endgroup]
2026-01-30T15:20:00.6950370Z Syncing repository: lmvcruz/argos
2026-01-30T15:20:00.6956200Z ##[group]Getting Git version info
2026-01-30T15:20:00.6957740Z Working directory is '/Users/runner/work/argos/argos'
2026-01-30T15:20:00.6959240Z [command]/opt/homebrew/bin/git version
2026-01-30T15:20:00.7593250Z git version 2.52.0
2026-01-30T15:20:00.7625860Z ##[endgroup]
2026-01-30T15:20:00.7633260Z Copying '/Users/runner/.gitconfig' to '/Users/runner/work/_temp/5892ce8e-b9d3-4d75-9891-60b09ed019ff/.gitconfig'
2026-01-30T15:20:00.7653730Z Temporarily overriding HOME='/Users/runner/work/_temp/5892ce8e-b9d3-4d75-9891-60b09ed019ff' before making global git config changes
2026-01-30T15:20:00.7657670Z Adding repository directory to the temporary git global config as a safe directory
2026-01-30T15:20:00.7662130Z [command]/opt/homebrew/bin/git config --global --add safe.directory /Users/runner/work/argos/argos
2026-01-30T15:20:00.7832520Z Deleting the contents of '/Users/runner/work/argos/argos'
2026-01-30T15:20:00.7836580Z ##[group]Initializing the repository
2026-01-30T15:20:00.7840290Z [command]/opt/homebrew/bin/git init /Users/runner/work/argos/argos
2026-01-30T15:20:00.8186110Z hint: Using 'master' as the name for the initial branch. This default branch name
2026-01-30T15:20:00.8195840Z hint: will change to "main" in Git 3.0. To configure the initial branch name
2026-01-30T15:20:00.8197480Z hint: to use in all of your new repositories, which will suppress this warning,
2026-01-30T15:20:00.8198640Z hint: call:
2026-01-30T15:20:00.8199340Z hint:
2026-01-30T15:20:00.8200190Z hint: 	git config --global init.defaultBranch <name>
2026-01-30T15:20:00.8201080Z hint:
2026-01-30T15:20:00.8204140Z hint: Names commonly chosen instead of 'master' are 'main', 'trunk' and
2026-01-30T15:20:00.8229910Z hint: 'development'. The just-created branch can be renamed via this command:
2026-01-30T15:20:00.8230910Z hint:
2026-01-30T15:20:00.8231420Z hint: 	git branch -m <name>
2026-01-30T15:20:00.8231990Z hint:
2026-01-30T15:20:00.8232740Z hint: Disable this message with "git config set advice.defaultBranchName false"
2026-01-30T15:20:00.8233970Z Initialized empty Git repository in /Users/runner/work/argos/argos/.git/
2026-01-30T15:20:00.8236530Z [command]/opt/homebrew/bin/git remote add origin https://github.com/lmvcruz/argos
2026-01-30T15:20:00.8322170Z ##[endgroup]
2026-01-30T15:20:00.8324750Z ##[group]Disabling automatic garbage collection
2026-01-30T15:20:00.8327310Z [command]/opt/homebrew/bin/git config --local gc.auto 0
2026-01-30T15:20:00.8451320Z ##[endgroup]
2026-01-30T15:20:00.8453520Z ##[group]Setting up auth
2026-01-30T15:20:00.8461730Z [command]/opt/homebrew/bin/git config --local --name-only --get-regexp core\.sshCommand
2026-01-30T15:20:00.8543980Z [command]/opt/homebrew/bin/git submodule foreach --recursive sh -c "git config --local --name-only --get-regexp 'core\.sshCommand' && git config --local --unset-all 'core.sshCommand' || :"
2026-01-30T15:20:01.0017030Z [command]/opt/homebrew/bin/git config --local --name-only --get-regexp http\.https\:\/\/github\.com\/\.extraheader
2026-01-30T15:20:01.0103450Z [command]/opt/homebrew/bin/git submodule foreach --recursive sh -c "git config --local --name-only --get-regexp 'http\.https\:\/\/github\.com\/\.extraheader' && git config --local --unset-all 'http.https://github.com/.extraheader' || :"
2026-01-30T15:20:01.1123210Z [command]/opt/homebrew/bin/git config --local --name-only --get-regexp ^includeIf\.gitdir:
2026-01-30T15:20:01.1225140Z [command]/opt/homebrew/bin/git submodule foreach --recursive git config --local --show-origin --name-only --get-regexp remote.origin.url
2026-01-30T15:20:01.2608080Z [command]/opt/homebrew/bin/git config --local http.https://github.com/.extraheader AUTHORIZATION: basic ***
2026-01-30T15:20:01.2703000Z ##[endgroup]
2026-01-30T15:20:01.2704170Z ##[group]Fetching the repository
2026-01-30T15:20:01.2706230Z [command]/opt/homebrew/bin/git -c protocol.version=2 fetch --no-tags --prune --no-recurse-submodules --depth=1 origin +353983d62e699b1142fdb8c6d974db022e849e16:refs/remotes/origin/main
2026-01-30T15:20:02.2461650Z From https://github.com/lmvcruz/argos
2026-01-30T15:20:02.2462920Z  * [new ref]         353983d62e699b1142fdb8c6d974db022e849e16 -> origin/main
2026-01-30T15:20:02.2574940Z ##[endgroup]
2026-01-30T15:20:02.2575740Z ##[group]Determining the checkout info
2026-01-30T15:20:02.2576500Z ##[endgroup]
2026-01-30T15:20:02.2579340Z [command]/opt/homebrew/bin/git sparse-checkout disable
2026-01-30T15:20:02.2657960Z [command]/opt/homebrew/bin/git config --local --unset-all extensions.worktreeConfig
2026-01-30T15:20:02.2724780Z ##[group]Checking out the ref
2026-01-30T15:20:02.2726500Z [command]/opt/homebrew/bin/git checkout --progress --force -B main refs/remotes/origin/main
2026-01-30T15:20:02.3162430Z Switched to a new branch 'main'
2026-01-30T15:20:02.3186070Z branch 'main' set up to track 'origin/main'.
2026-01-30T15:20:02.3204370Z ##[endgroup]
2026-01-30T15:20:02.3316470Z [command]/opt/homebrew/bin/git log -1 --format=%H
2026-01-30T15:20:02.3420190Z 353983d62e699b1142fdb8c6d974db022e849e16
2026-01-30T15:20:02.3661290Z ##[group]Run actions/setup-python@v5
2026-01-30T15:20:02.3661630Z with:
2026-01-30T15:20:02.3661770Z   python-version: 3.8
2026-01-30T15:20:02.3662260Z   check-latest: false
2026-01-30T15:20:02.3662520Z   token: ***
2026-01-30T15:20:02.3662720Z   update-environment: true
2026-01-30T15:20:02.3662920Z   allow-prereleases: false
2026-01-30T15:20:02.3663130Z   freethreaded: false
2026-01-30T15:20:02.3663330Z ##[endgroup]
2026-01-30T15:20:02.5732310Z ##[group]Installed versions
2026-01-30T15:20:02.5822970Z Version 3.8 was not found in the local cache
2026-01-30T15:20:04.0330430Z Version 3.8 is available for downloading
2026-01-30T15:20:04.0331960Z Download from "https://github.com/actions/python-versions/releases/download/3.8.10-8879978422/python-3.8.10-darwin-arm64.tar.gz"
2026-01-30T15:20:05.3505980Z Extract downloaded archive
2026-01-30T15:20:05.3784820Z [command]/usr/bin/tar xz -C /Users/runner/work/_temp/294c3dc9-a1cf-4e5d-871a-76f58ae897db -f /Users/runner/work/_temp/c3881950-c84e-4efa-b6fc-11d9dcbbade2
2026-01-30T15:20:05.4670790Z Execute installation script
2026-01-30T15:20:05.4973560Z Check if Python hostedtoolcache folder exist...
2026-01-30T15:20:05.5099420Z Install Python binaries from prebuilt package
2026-01-30T15:21:05.1614750Z installer: Package name is Python
2026-01-30T15:21:05.1679510Z installer: Upgrading at base path /
2026-01-30T15:21:05.1704210Z installer: The upgrade was successful.
2026-01-30T15:21:05.1713000Z Create hostedtoolcach symlinks (Required for the backward compatibility)
2026-01-30T15:21:05.1713920Z Create Python 3.8.10 folder
2026-01-30T15:21:05.2020140Z Create additional symlinks (Required for the UsePythonVersion Azure Pipelines task and the setup-python GitHub Action)
2026-01-30T15:21:05.2179000Z Upgrading pip...
2026-01-30T15:21:07.0358870Z Looking in links: /var/folders/yz/zr09txvs5dn18vt4cn21kzl40000gn/T/tmpzrd_147i
2026-01-30T15:21:07.0372300Z Requirement already satisfied: setuptools in /Library/Frameworks/Python.framework/Versions/3.8/lib/python3.8/site-packages (56.0.0)
2026-01-30T15:21:07.0375020Z Requirement already satisfied: pip in /Library/Frameworks/Python.framework/Versions/3.8/lib/python3.8/site-packages (21.1.1)
2026-01-30T15:21:07.5691130Z Collecting pip
2026-01-30T15:21:07.6571800Z Downloading pip-25.0.1-py3-none-any.whl (1.8 MB)
2026-01-30T15:21:07.7893340Z Installing collected packages: pip
2026-01-30T15:21:09.0355730Z Successfully installed pip-25.0.1
2026-01-30T15:21:09.0965140Z Install OpenSSL certificates
2026-01-30T15:21:10.0096780Z Collecting certifi
2026-01-30T15:21:10.0139840Z Using cached certifi-2026.1.4-py3-none-any.whl.metadata (2.5 kB)
2026-01-30T15:21:10.0212220Z Using cached certifi-2026.1.4-py3-none-any.whl (152 kB)
2026-01-30T15:21:10.0335840Z Installing collected packages: certifi
2026-01-30T15:21:10.0486330Z Successfully installed certifi-2026.1.4
2026-01-30T15:21:10.1070140Z ##[error][notice] A new release of pip is available: 21.1.1 -> 25.0.1
[notice] To update, run: python3.8 -m pip install --upgrade pip
2026-01-30T15:21:10.1688060Z -- pip install --upgrade certifi
2026-01-30T15:21:10.1689130Z  -- removing any existing file or link
2026-01-30T15:21:10.1690450Z  -- creating symlink to certifi certificate bundle
2026-01-30T15:21:10.1691610Z  -- setting permissions
2026-01-30T15:21:10.1692480Z  -- update complete
2026-01-30T15:21:10.1763950Z Create complete file
2026-01-30T15:21:10.1940000Z Successfully set up CPython (3.8.10)
2026-01-30T15:21:10.1944460Z ##[endgroup]
2026-01-30T15:21:10.2440940Z ##[group]Run python -m pip install --upgrade pip
2026-01-30T15:21:10.2441490Z [36;1mpython -m pip install --upgrade pip[0m
2026-01-30T15:21:10.2441800Z [36;1mpip install -r requirements.txt[0m
2026-01-30T15:21:10.2526390Z shell: /bin/bash -e {0}
2026-01-30T15:21:10.2526960Z env:
2026-01-30T15:21:10.2527630Z   pythonLocation: /Users/runner/hostedtoolcache/Python/3.8.10/arm64
2026-01-30T15:21:10.2532540Z   PKG_CONFIG_PATH: /Users/runner/hostedtoolcache/Python/3.8.10/arm64/lib/pkgconfig
2026-01-30T15:21:10.2536170Z   Python_ROOT_DIR: /Users/runner/hostedtoolcache/Python/3.8.10/arm64
2026-01-30T15:21:10.2536590Z   Python2_ROOT_DIR: /Users/runner/hostedtoolcache/Python/3.8.10/arm64
2026-01-30T15:21:10.2564940Z   Python3_ROOT_DIR: /Users/runner/hostedtoolcache/Python/3.8.10/arm64
2026-01-30T15:21:10.2565840Z ##[endgroup]
2026-01-30T15:21:10.9400970Z Requirement already satisfied: pip in /Library/Frameworks/Python.framework/Versions/3.8/lib/python3.8/site-packages (21.1.1)
2026-01-30T15:21:10.9966660Z Collecting pip
2026-01-30T15:21:11.0165700Z   Downloading pip-25.0.1-py3-none-any.whl.metadata (3.7 kB)
2026-01-30T15:21:11.0378430Z Downloading pip-25.0.1-py3-none-any.whl (1.8 MB)
2026-01-30T15:21:11.0718390Z    ━━━━━━━━━━━━━━━━━━━━━━━━━━━━━━━━━━━━━━━━ 1.8/1.8 MB 64.5 MB/s eta 0:00:00
2026-01-30T15:21:11.0922610Z Installing collected packages: pip
2026-01-30T15:21:11.0925990Z   Attempting uninstall: pip
2026-01-30T15:21:11.0928820Z     Found existing installation: pip 21.1.1
2026-01-30T15:21:11.1326060Z     Uninstalling pip-21.1.1:
2026-01-30T15:21:11.3572610Z       Successfully uninstalled pip-21.1.1
2026-01-30T15:21:12.3488900Z Successfully installed pip-25.0.1
2026-01-30T15:21:12.8626080Z Collecting toml>=0.10.2 (from -r requirements.txt (line 2))
2026-01-30T15:21:12.8784790Z   Downloading toml-0.10.2-py2.py3-none-any.whl.metadata (7.1 kB)
2026-01-30T15:21:12.9269510Z Collecting pyyaml>=6.0 (from -r requirements.txt (line 3))
2026-01-30T15:21:12.9357040Z   Downloading pyyaml-6.0.3.tar.gz (130 kB)
2026-01-30T15:21:13.1496680Z   Installing build dependencies: started
2026-01-30T15:21:15.4566450Z   Installing build dependencies: finished with status 'done'
2026-01-30T15:21:15.4576960Z   Getting requirements to build wheel: started
2026-01-30T15:21:16.6411150Z   Getting requirements to build wheel: finished with status 'done'
2026-01-30T15:21:16.6430140Z   Preparing metadata (pyproject.toml): started
2026-01-30T15:21:16.9906330Z   Preparing metadata (pyproject.toml): finished with status 'done'
2026-01-30T15:21:17.0699470Z Collecting pytest>=7.0.0 (from -r requirements.txt (line 6))
2026-01-30T15:21:17.0772830Z   Downloading pytest-8.3.5-py3-none-any.whl.metadata (7.6 kB)
2026-01-30T15:21:17.1114610Z Collecting pytest-cov>=3.0.0 (from -r requirements.txt (line 7))
2026-01-30T15:21:17.1164010Z   Downloading pytest_cov-5.0.0-py3-none-any.whl.metadata (27 kB)
2026-01-30T15:21:17.1525600Z Collecting pytest-mock>=3.10.0 (from -r requirements.txt (line 8))
2026-01-30T15:21:17.1610000Z   Downloading pytest_mock-3.14.1-py3-none-any.whl.metadata (3.9 kB)
2026-01-30T15:21:17.2312830Z Collecting black>=22.0.0 (from -r requirements.txt (line 9))
2026-01-30T15:21:17.2411370Z   Downloading black-24.8.0-cp38-cp38-macosx_11_0_arm64.whl.metadata (78 kB)
2026-01-30T15:21:17.2784900Z Collecting flake8>=5.0.0 (from -r requirements.txt (line 10))
2026-01-30T15:21:17.2870060Z   Downloading flake8-7.1.2-py2.py3-none-any.whl.metadata (3.8 kB)
2026-01-30T15:21:17.3245770Z Collecting isort>=5.10.0 (from -r requirements.txt (line 11))
2026-01-30T15:21:17.3351660Z   Downloading isort-5.13.2-py3-none-any.whl.metadata (12 kB)
2026-01-30T15:21:17.3874040Z Collecting pylint>=2.15.0 (from -r requirements.txt (line 12))
2026-01-30T15:21:17.3959420Z   Downloading pylint-3.2.7-py3-none-any.whl.metadata (12 kB)
2026-01-30T15:21:17.4226590Z Collecting radon>=5.1.0 (from -r requirements.txt (line 13))
2026-01-30T15:21:17.4291030Z   Downloading radon-6.0.1-py2.py3-none-any.whl.metadata (8.2 kB)
2026-01-30T15:21:17.4590710Z Collecting vulture>=2.7 (from -r requirements.txt (line 14))
2026-01-30T15:21:17.4688420Z   Downloading vulture-2.14-py2.py3-none-any.whl.metadata (24 kB)
2026-01-30T15:21:17.5090120Z Collecting autoflake>=2.0.0 (from -r requirements.txt (line 15))
2026-01-30T15:21:17.5194580Z   Downloading autoflake-2.3.1-py3-none-any.whl.metadata (7.6 kB)
2026-01-30T15:21:17.5696530Z Collecting exceptiongroup>=1.0.0rc8 (from pytest>=7.0.0->-r requirements.txt (line 6))
2026-01-30T15:21:17.5768160Z   Downloading exceptiongroup-1.3.1-py3-none-any.whl.metadata (6.7 kB)
2026-01-30T15:21:17.6074360Z Collecting iniconfig (from pytest>=7.0.0->-r requirements.txt (line 6))
2026-01-30T15:21:17.6161010Z   Downloading iniconfig-2.1.0-py3-none-any.whl.metadata (2.7 kB)
2026-01-30T15:21:17.6382170Z Collecting packaging (from pytest>=7.0.0->-r requirements.txt (line 6))
2026-01-30T15:21:17.6465160Z   Downloading packaging-26.0-py3-none-any.whl.metadata (3.3 kB)
2026-01-30T15:21:17.6676090Z Collecting pluggy<2,>=1.5 (from pytest>=7.0.0->-r requirements.txt (line 6))
2026-01-30T15:21:17.6741990Z   Downloading pluggy-1.5.0-py3-none-any.whl.metadata (4.8 kB)
2026-01-30T15:21:17.7050480Z Collecting tomli>=1 (from pytest>=7.0.0->-r requirements.txt (line 6))
2026-01-30T15:21:17.7151790Z   Downloading tomli-2.4.0-py3-none-any.whl.metadata (10 kB)
2026-01-30T15:21:18.1381270Z Collecting coverage>=5.2.1 (from coverage[toml]>=5.2.1->pytest-cov>=3.0.0->-r requirements.txt (line 7))
2026-01-30T15:21:18.1478450Z   Downloading coverage-7.6.1-cp38-cp38-macosx_11_0_arm64.whl.metadata (8.3 kB)
2026-01-30T15:21:18.2027590Z Collecting click>=8.0.0 (from black>=22.0.0->-r requirements.txt (line 9))
2026-01-30T15:21:18.2104860Z   Downloading click-8.1.8-py3-none-any.whl.metadata (2.3 kB)
2026-01-30T15:21:18.2341350Z Collecting mypy-extensions>=0.4.3 (from black>=22.0.0->-r requirements.txt (line 9))
2026-01-30T15:21:18.2401500Z   Downloading mypy_extensions-1.1.0-py3-none-any.whl.metadata (1.1 kB)
2026-01-30T15:21:18.2684600Z Collecting pathspec>=0.9.0 (from black>=22.0.0->-r requirements.txt (line 9))
2026-01-30T15:21:18.2766000Z   Downloading pathspec-0.12.1-py3-none-any.whl.metadata (21 kB)
2026-01-30T15:21:18.3151570Z Collecting platformdirs>=2 (from black>=22.0.0->-r requirements.txt (line 9))
2026-01-30T15:21:18.3263410Z   Downloading platformdirs-4.3.6-py3-none-any.whl.metadata (11 kB)
2026-01-30T15:21:18.3592410Z Collecting typing-extensions>=4.0.1 (from black>=22.0.0->-r requirements.txt (line 9))
2026-01-30T15:21:18.3683080Z   Downloading typing_extensions-4.13.2-py3-none-any.whl.metadata (3.0 kB)
2026-01-30T15:21:18.3943700Z Collecting mccabe<0.8.0,>=0.7.0 (from flake8>=5.0.0->-r requirements.txt (line 10))
2026-01-30T15:21:18.4028690Z   Downloading mccabe-0.7.0-py2.py3-none-any.whl.metadata (5.0 kB)
2026-01-30T15:21:18.4257630Z Collecting pycodestyle<2.13.0,>=2.12.0 (from flake8>=5.0.0->-r requirements.txt (line 10))
2026-01-30T15:21:18.4304360Z   Downloading pycodestyle-2.12.1-py2.py3-none-any.whl.metadata (4.5 kB)
2026-01-30T15:21:18.4512950Z Collecting pyflakes<3.3.0,>=3.2.0 (from flake8>=5.0.0->-r requirements.txt (line 10))
2026-01-30T15:21:18.4602510Z   Downloading pyflakes-3.2.0-py2.py3-none-any.whl.metadata (3.5 kB)
2026-01-30T15:21:18.5057430Z Collecting astroid<=3.3.0-dev0,>=3.2.4 (from pylint>=2.15.0->-r requirements.txt (line 12))
2026-01-30T15:21:18.5129470Z   Downloading astroid-3.2.4-py3-none-any.whl.metadata (4.5 kB)
2026-01-30T15:21:18.5624870Z Collecting tomlkit>=0.10.1 (from pylint>=2.15.0->-r requirements.txt (line 12))
2026-01-30T15:21:18.5693440Z   Downloading tomlkit-0.13.3-py3-none-any.whl.metadata (2.8 kB)
2026-01-30T15:21:18.6162440Z Collecting dill>=0.2 (from pylint>=2.15.0->-r requirements.txt (line 12))
2026-01-30T15:21:18.6183170Z   Downloading dill-0.4.0-py3-none-any.whl.metadata (10 kB)
2026-01-30T15:21:18.6334000Z Collecting mando<0.8,>=0.6 (from radon>=5.1.0->-r requirements.txt (line 13))
2026-01-30T15:21:18.6362910Z   Downloading mando-0.7.1-py2.py3-none-any.whl.metadata (7.4 kB)
2026-01-30T15:21:18.6546590Z Collecting colorama>=0.4.1 (from radon>=5.1.0->-r requirements.txt (line 13))
2026-01-30T15:21:18.6682350Z   Downloading colorama-0.4.6-py2.py3-none-any.whl.metadata (17 kB)
2026-01-30T15:21:18.7100890Z Collecting six (from mando<0.8,>=0.6->radon>=5.1.0->-r requirements.txt (line 13))
2026-01-30T15:21:18.7169620Z   Downloading six-1.17.0-py2.py3-none-any.whl.metadata (1.7 kB)
2026-01-30T15:21:18.7486930Z Downloading toml-0.10.2-py2.py3-none-any.whl (16 kB)
2026-01-30T15:21:18.7613290Z Downloading pytest-8.3.5-py3-none-any.whl (343 kB)
2026-01-30T15:21:18.7768310Z Downloading pytest_cov-5.0.0-py3-none-any.whl (21 kB)
2026-01-30T15:21:18.7944470Z Downloading pytest_mock-3.14.1-py3-none-any.whl (9.9 kB)
2026-01-30T15:21:18.8098760Z Downloading black-24.8.0-cp38-cp38-macosx_11_0_arm64.whl (1.4 MB)
2026-01-30T15:21:18.8370450Z    ━━━━━━━━━━━━━━━━━━━━━━━━━━━━━━━━━━━━━━━━ 1.4/1.4 MB 54.5 MB/s eta 0:00:00
2026-01-30T15:21:18.8442760Z Downloading flake8-7.1.2-py2.py3-none-any.whl (57 kB)
2026-01-30T15:21:18.8649090Z Downloading isort-5.13.2-py3-none-any.whl (92 kB)
2026-01-30T15:21:18.8879380Z Downloading pylint-3.2.7-py3-none-any.whl (519 kB)
2026-01-30T15:21:18.9165990Z Downloading radon-6.0.1-py2.py3-none-any.whl (52 kB)
2026-01-30T15:21:18.9534830Z Downloading vulture-2.14-py2.py3-none-any.whl (28 kB)
2026-01-30T15:21:18.9933360Z Downloading autoflake-2.3.1-py3-none-any.whl (32 kB)
2026-01-30T15:21:19.0347080Z Downloading astroid-3.2.4-py3-none-any.whl (276 kB)
2026-01-30T15:21:19.1162250Z Downloading click-8.1.8-py3-none-any.whl (98 kB)
2026-01-30T15:21:19.1593710Z Downloading colorama-0.4.6-py2.py3-none-any.whl (25 kB)
2026-01-30T15:21:19.1759680Z Downloading coverage-7.6.1-cp38-cp38-macosx_11_0_arm64.whl (207 kB)
2026-01-30T15:21:19.1922940Z Downloading dill-0.4.0-py3-none-any.whl (119 kB)
2026-01-30T15:21:19.2070090Z Downloading exceptiongroup-1.3.1-py3-none-any.whl (16 kB)
2026-01-30T15:21:19.2192650Z Downloading mando-0.7.1-py2.py3-none-any.whl (28 kB)
2026-01-30T15:21:19.2286130Z Downloading mccabe-0.7.0-py2.py3-none-any.whl (7.3 kB)
2026-01-30T15:21:19.2518670Z Downloading mypy_extensions-1.1.0-py3-none-any.whl (5.0 kB)
2026-01-30T15:21:19.2620810Z Downloading packaging-26.0-py3-none-any.whl (74 kB)
2026-01-30T15:21:19.2724170Z Downloading pathspec-0.12.1-py3-none-any.whl (31 kB)
2026-01-30T15:21:19.2901980Z Downloading platformdirs-4.3.6-py3-none-any.whl (18 kB)
2026-01-30T15:21:19.2943620Z Downloading pluggy-1.5.0-py3-none-any.whl (20 kB)
2026-01-30T15:21:19.2971740Z Downloading pycodestyle-2.12.1-py2.py3-none-any.whl (31 kB)
2026-01-30T15:21:19.3056700Z Downloading pyflakes-3.2.0-py2.py3-none-any.whl (62 kB)
2026-01-30T15:21:19.3147600Z Downloading tomli-2.4.0-py3-none-any.whl (14 kB)
2026-01-30T15:21:19.3234860Z Downloading tomlkit-0.13.3-py3-none-any.whl (38 kB)
2026-01-30T15:21:19.3326740Z Downloading typing_extensions-4.13.2-py3-none-any.whl (45 kB)
2026-01-30T15:21:19.3512210Z Downloading iniconfig-2.1.0-py3-none-any.whl (6.0 kB)
2026-01-30T15:21:19.3623390Z Downloading six-1.17.0-py2.py3-none-any.whl (11 kB)
2026-01-30T15:21:19.3918290Z Building wheels for collected packages: pyyaml
2026-01-30T15:21:19.3927530Z   Building wheel for pyyaml (pyproject.toml): started
2026-01-30T15:21:23.7446660Z   Building wheel for pyyaml (pyproject.toml): finished with status 'done'
2026-01-30T15:21:23.7471930Z   Created wheel for pyyaml: filename=PyYAML-6.0.3-cp38-cp38-macosx_11_0_universal2.whl size=45373 sha256=fa7d171a87fbad6c2467f8bf2296e4a2b7c9d9964128384b117bf18ea529913d
2026-01-30T15:21:23.7473390Z   Stored in directory: /Users/runner/Library/Caches/pip/wheels/60/9b/bc/8c54c7c157a008210f4d6ddfce9e9c5274162b18c5832f8e24
2026-01-30T15:21:23.7523750Z Successfully built pyyaml
2026-01-30T15:21:23.8051090Z Installing collected packages: typing-extensions, tomlkit, tomli, toml, six, pyyaml, pyflakes, pycodestyle, pluggy, platformdirs, pathspec, packaging, mypy-extensions, mccabe, isort, iniconfig, dill, coverage, colorama, click, vulture, mando, flake8, exceptiongroup, black, autoflake, astroid, radon, pytest, pylint, pytest-mock, pytest-cov
2026-01-30T15:21:25.3483610Z Successfully installed astroid-3.2.4 autoflake-2.3.1 black-24.8.0 click-8.1.8 colorama-0.4.6 coverage-7.6.1 dill-0.4.0 exceptiongroup-1.3.1 flake8-7.1.2 iniconfig-2.1.0 isort-5.13.2 mando-0.7.1 mccabe-0.7.0 mypy-extensions-1.1.0 packaging-26.0 pathspec-0.12.1 platformdirs-4.3.6 pluggy-1.5.0 pycodestyle-2.12.1 pyflakes-3.2.0 pylint-3.2.7 pytest-8.3.5 pytest-cov-5.0.0 pytest-mock-3.14.1 pyyaml-6.0.3 radon-6.0.1 six-1.17.0 toml-0.10.2 tomli-2.4.0 tomlkit-0.13.3 typing-extensions-4.13.2 vulture-2.14
2026-01-30T15:21:25.6988770Z ##[group]Run pip install -e .
2026-01-30T15:21:25.6989820Z [36;1mpip install -e .[0m
2026-01-30T15:21:25.7091680Z shell: /bin/bash -e {0}
2026-01-30T15:21:25.7093780Z env:
2026-01-30T15:21:25.7094400Z   pythonLocation: /Users/runner/hostedtoolcache/Python/3.8.10/arm64
2026-01-30T15:21:25.7095570Z   PKG_CONFIG_PATH: /Users/runner/hostedtoolcache/Python/3.8.10/arm64/lib/pkgconfig
2026-01-30T15:21:25.7096870Z   Python_ROOT_DIR: /Users/runner/hostedtoolcache/Python/3.8.10/arm64
2026-01-30T15:21:25.7097890Z   Python2_ROOT_DIR: /Users/runner/hostedtoolcache/Python/3.8.10/arm64
2026-01-30T15:21:25.7099000Z   Python3_ROOT_DIR: /Users/runner/hostedtoolcache/Python/3.8.10/arm64
2026-01-30T15:21:25.7099760Z ##[endgroup]
2026-01-30T15:21:26.2397520Z Obtaining file:///Users/runner/work/argos/argos/anvil
2026-01-30T15:21:26.2440680Z   Installing build dependencies: started
2026-01-30T15:21:28.0846670Z   Installing build dependencies: finished with status 'done'
2026-01-30T15:21:28.0862860Z   Checking if build backend supports build_editable: started
2026-01-30T15:21:28.2741730Z   Checking if build backend supports build_editable: finished with status 'done'
2026-01-30T15:21:28.2779250Z   Getting requirements to build editable: started
2026-01-30T15:21:28.6601640Z   Getting requirements to build editable: finished with status 'done'
2026-01-30T15:21:28.6621360Z   Preparing editable metadata (pyproject.toml): started
2026-01-30T15:21:28.9989500Z   Preparing editable metadata (pyproject.toml): finished with status 'done'
2026-01-30T15:21:29.0088090Z Requirement already satisfied: toml>=0.10.2 in /Library/Frameworks/Python.framework/Versions/3.8/lib/python3.8/site-packages (from anvil==0.1.0) (0.10.2)
2026-01-30T15:21:29.0115750Z Building wheels for collected packages: anvil
2026-01-30T15:21:29.0123540Z   Building editable for anvil (pyproject.toml): started
2026-01-30T15:21:29.4080820Z   Building editable for anvil (pyproject.toml): finished with status 'done'
2026-01-30T15:21:29.4102660Z   Created wheel for anvil: filename=anvil-0.1.0-0.editable-py3-none-any.whl size=3705 sha256=7060c0b035882510f6fcb799d6b6f6055ad1d19d2bc24006f87fc32235754dec
2026-01-30T15:21:29.4106890Z   Stored in directory: /private/var/folders/yz/zr09txvs5dn18vt4cn21kzl40000gn/T/pip-ephem-wheel-cache-0wcc1d0h/wheels/e5/85/8b/df9db0bd902bec0c6b0774b24a1a49e96d62eb36215c97c4e6
2026-01-30T15:21:29.4136000Z Successfully built anvil
2026-01-30T15:21:29.4379000Z Installing collected packages: anvil
2026-01-30T15:21:29.4471720Z Successfully installed anvil-0.1.0
2026-01-30T15:21:29.6010820Z ##[group]Run pytest --cov=anvil --cov-report=xml --cov-report=term-missing --cov-fail-under=90
2026-01-30T15:21:29.6011630Z [36;1mpytest --cov=anvil --cov-report=xml --cov-report=term-missing --cov-fail-under=90[0m
2026-01-30T15:21:29.6065250Z shell: /bin/bash -e {0}
2026-01-30T15:21:29.6065480Z env:
2026-01-30T15:21:29.6065860Z   pythonLocation: /Users/runner/hostedtoolcache/Python/3.8.10/arm64
2026-01-30T15:21:29.6066310Z   PKG_CONFIG_PATH: /Users/runner/hostedtoolcache/Python/3.8.10/arm64/lib/pkgconfig
2026-01-30T15:21:29.6066750Z   Python_ROOT_DIR: /Users/runner/hostedtoolcache/Python/3.8.10/arm64
2026-01-30T15:21:29.6067290Z   Python2_ROOT_DIR: /Users/runner/hostedtoolcache/Python/3.8.10/arm64
2026-01-30T15:21:29.6067690Z   Python3_ROOT_DIR: /Users/runner/hostedtoolcache/Python/3.8.10/arm64
2026-01-30T15:21:29.6068040Z ##[endgroup]
2026-01-30T15:21:29.9967770Z ============================= test session starts ==============================
2026-01-30T15:21:29.9978200Z platform darwin -- Python 3.8.10, pytest-8.3.5, pluggy-1.5.0 -- /Library/Frameworks/Python.framework/Versions/3.8/bin/python
2026-01-30T15:21:29.9979640Z cachedir: .pytest_cache
2026-01-30T15:21:29.9980460Z rootdir: /Users/runner/work/argos/argos/anvil
2026-01-30T15:21:29.9981260Z configfile: pytest.ini
2026-01-30T15:21:29.9982030Z testpaths: tests
2026-01-30T15:21:29.9995870Z plugins: cov-5.0.0, mock-3.14.1
2026-01-30T15:21:31.2746950Z collecting ... collected 618 items
2026-01-30T15:21:31.2747540Z 
2026-01-30T15:21:31.2759590Z tests/test_autoflake_parser.py::TestAutoflakeTextParsing::test_parse_output_no_unused_code PASSED [  0%]
2026-01-30T15:21:31.2765780Z tests/test_autoflake_parser.py::TestAutoflakeTextParsing::test_parse_output_with_unused_imports PASSED [  0%]
2026-01-30T15:21:31.2775600Z tests/test_autoflake_parser.py::TestAutoflakeTextParsing::test_parse_output_with_unused_variables PASSED [  0%]
2026-01-30T15:21:31.2780220Z tests/test_autoflake_parser.py::TestAutoflakeTextParsing::test_parse_multiple_files_with_issues PASSED [  0%]
2026-01-30T15:21:31.2787700Z tests/test_autoflake_parser.py::TestAutoflakeTextParsing::test_parse_windows_paths PASSED [  0%]
2026-01-30T15:21:31.2793610Z tests/test_autoflake_parser.py::TestAutoflakeCommandBuilding::test_build_command_default_options PASSED [  0%]
2026-01-30T15:21:31.2799110Z tests/test_autoflake_parser.py::TestAutoflakeCommandBuilding::test_build_command_with_remove_unused_variables PASSED [  1%]
2026-01-30T15:21:31.2804460Z tests/test_autoflake_parser.py::TestAutoflakeCommandBuilding::test_build_command_with_remove_all_unused_imports PASSED [  1%]
2026-01-30T15:21:31.2814520Z tests/test_autoflake_parser.py::TestAutoflakeCommandBuilding::test_build_command_with_ignore_init_module_imports PASSED [  1%]
2026-01-30T15:21:31.2821840Z tests/test_autoflake_parser.py::TestAutoflakeCommandBuilding::test_build_command_with_expand_star_imports PASSED [  1%]
2026-01-30T15:21:31.2828150Z tests/test_autoflake_parser.py::TestAutoflakeCommandBuilding::test_build_command_with_remove_duplicate_keys PASSED [  1%]
2026-01-30T15:21:31.2838450Z tests/test_autoflake_parser.py::TestAutoflakeCommandBuilding::test_build_command_with_imports_to_ignore PASSED [  1%]
2026-01-30T15:21:31.2844280Z tests/test_autoflake_parser.py::TestAutoflakeCommandBuilding::test_build_command_with_multiple_files PASSED [  2%]
2026-01-30T15:21:31.2865590Z tests/test_autoflake_parser.py::TestAutoflakeErrorHandling::test_error_when_autoflake_not_installed PASSED [  2%]
2026-01-30T15:21:31.2878890Z tests/test_autoflake_parser.py::TestAutoflakeErrorHandling::test_timeout_handling PASSED [  2%]
2026-01-30T15:21:31.2911560Z tests/test_autoflake_parser.py::TestAutoflakeErrorHandling::test_parse_with_empty_output PASSED [  2%]
2026-01-30T15:21:31.2931030Z tests/test_autoflake_parser.py::TestAutoflakeVersionDetection::test_version_detection PASSED [  2%]
2026-01-30T15:21:31.2960210Z tests/test_autoflake_parser.py::TestAutoflakeVersionDetection::test_version_detection_failure PASSED [  2%]
2026-01-30T15:21:31.5159340Z tests/test_autoflake_parser.py::TestAutoflakeIntegrationWithFixtures::test_autoflake_on_clean_python_code PASSED [  3%]
2026-01-30T15:21:31.7146430Z tests/test_autoflake_parser.py::TestAutoflakeIntegrationWithFixtures::test_autoflake_on_unused_imports_fixture PASSED [  3%]
2026-01-30T15:21:31.7192180Z tests/test_autoflake_parser.py::TestAutoflakeConfigurationHandling::test_detect_pyproject_toml PASSED [  3%]
2026-01-30T15:21:31.7208890Z tests/test_autoflake_parser.py::TestAutoflakeConfigurationHandling::test_detect_setup_cfg PASSED [  3%]
2026-01-30T15:21:31.7221840Z tests/test_autoflake_parser.py::TestAutoflakeConfigurationHandling::test_no_config_file_returns_none PASSED [  3%]
2026-01-30T15:21:31.7228340Z tests/test_autoflake_parser.py::TestAutoflakeSuggestedFixes::test_generate_fix_command PASSED [  3%]
2026-01-30T15:21:31.7236800Z tests/test_autoflake_parser.py::TestAutoflakeSuggestedFixes::test_generate_fix_command_with_options PASSED [  4%]
2026-01-30T15:21:31.7249160Z tests/test_black_parser.py::TestBlackTextParsing::test_parse_output_all_files_formatted PASSED [  4%]
2026-01-30T15:21:31.7256380Z tests/test_black_parser.py::TestBlackTextParsing::test_parse_output_files_need_formatting PASSED [  4%]
2026-01-30T15:21:31.7263950Z tests/test_black_parser.py::TestBlackTextParsing::test_parse_would_reformat_messages PASSED [  4%]
2026-01-30T15:21:31.7271010Z tests/test_black_parser.py::TestBlackTextParsing::test_parse_windows_paths PASSED [  4%]
2026-01-30T15:21:31.7279180Z tests/test_black_parser.py::TestBlackTextParsing::test_parse_left_unchanged_messages PASSED [  4%]
2026-01-30T15:21:31.7287240Z tests/test_black_parser.py::TestBlackTextParsing::test_parse_reformatted_messages PASSED [  5%]
2026-01-30T15:21:31.7324380Z tests/test_black_parser.py::TestBlackCommandBuilding::test_build_command_default_options PASSED [  5%]
2026-01-30T15:21:31.7325460Z tests/test_black_parser.py::TestBlackCommandBuilding::test_build_command_with_line_length PASSED [  5%]
2026-01-30T15:21:31.7326290Z tests/test_black_parser.py::TestBlackCommandBuilding::test_build_command_with_target_version PASSED [  5%]
2026-01-30T15:21:31.7327260Z tests/test_black_parser.py::TestBlackCommandBuilding::test_build_command_with_skip_string_normalization PASSED [  5%]
2026-01-30T15:21:31.7328930Z tests/test_black_parser.py::TestBlackCommandBuilding::test_build_command_with_diff PASSED [  5%]
2026-01-30T15:21:31.7332530Z tests/test_black_parser.py::TestBlackCommandBuilding::test_build_command_with_color PASSED [  5%]
2026-01-30T15:21:31.7339010Z tests/test_black_parser.py::TestBlackCommandBuilding::test_build_command_with_multiple_files PASSED [  6%]
2026-01-30T15:21:31.7357330Z tests/test_black_parser.py::TestBlackErrorHandling::test_error_when_black_not_installed PASSED [  6%]
2026-01-30T15:21:31.7375150Z tests/test_black_parser.py::TestBlackErrorHandling::test_timeout_handling PASSED [  6%]
2026-01-30T15:21:31.7387810Z tests/test_black_parser.py::TestBlackErrorHandling::test_parse_syntax_error_in_file PASSED [  6%]
2026-01-30T15:21:31.7419090Z tests/test_black_parser.py::TestBlackVersionDetection::test_version_detection PASSED [  6%]
2026-01-30T15:21:31.7433510Z tests/test_black_parser.py::TestBlackVersionDetection::test_version_detection_failure PASSED [  6%]
2026-01-30T15:21:32.0380780Z tests/test_black_parser.py::TestBlackIntegrationWithFixtures::test_black_on_formatted_python_code PASSED [  7%]
2026-01-30T15:21:32.3081650Z tests/test_black_parser.py::TestBlackIntegrationWithFixtures::test_black_on_unformatted_python_code PASSED [  7%]
2026-01-30T15:21:32.5435040Z tests/test_black_parser.py::TestBlackIntegrationWithFixtures::test_black_on_syntax_error_fixture PASSED [  7%]
2026-01-30T15:21:32.5457010Z tests/test_black_parser.py::TestBlackConfigurationHandling::test_detect_pyproject_toml PASSED [  7%]
2026-01-30T15:21:32.5472940Z tests/test_black_parser.py::TestBlackConfigurationHandling::test_no_config_file_returns_none PASSED [  7%]
2026-01-30T15:21:32.5481850Z tests/test_black_parser.py::TestBlackSuggestedFixes::test_generate_fix_command PASSED [  7%]
2026-01-30T15:21:32.5495390Z tests/test_black_parser.py::TestBlackSuggestedFixes::test_generate_fix_command_with_options PASSED [  8%]
2026-01-30T15:21:32.5500820Z tests/test_clang_format_parser.py::TestClangFormatExitCodeParsing::test_parse_output_all_files_formatted PASSED [  8%]
2026-01-30T15:21:32.5517960Z tests/test_clang_format_parser.py::TestClangFormatExitCodeParsing::test_parse_output_files_need_formatting PASSED [  8%]
2026-01-30T15:21:32.5527130Z tests/test_clang_format_parser.py::TestClangFormatExitCodeParsing::test_parse_output_multiple_files_mixed_results PASSED [  8%]
2026-01-30T15:21:32.5534280Z tests/test_clang_format_parser.py::TestClangFormatExitCodeParsing::test_parse_windows_paths PASSED [  8%]
2026-01-30T15:21:32.5544950Z tests/test_clang_format_parser.py::TestClangFormatExitCodeParsing::test_parse_output_with_syntax_errors PASSED [  8%]
2026-01-30T15:21:32.5556640Z tests/test_clang_format_parser.py::TestClangFormatXMLParsing::test_parse_xml_replacements_output PASSED [  9%]
2026-01-30T15:21:32.5564460Z tests/test_clang_format_parser.py::TestClangFormatXMLParsing::test_parse_xml_no_replacements PASSED [  9%]
2026-01-30T15:21:32.5571570Z tests/test_clang_format_parser.py::TestClangFormatCommandBuilding::test_build_command_default_options PASSED [  9%]
2026-01-30T15:21:32.5579210Z tests/test_clang_format_parser.py::TestClangFormatCommandBuilding::test_build_command_with_style_option PASSED [  9%]
2026-01-30T15:21:32.5582090Z tests/test_clang_format_parser.py::TestClangFormatCommandBuilding::test_build_command_with_llvm_style PASSED [  9%]
2026-01-30T15:21:32.5590260Z tests/test_clang_format_parser.py::TestClangFormatCommandBuilding::test_build_command_with_config_file PASSED [  9%]
2026-01-30T15:21:32.5598860Z tests/test_clang_format_parser.py::TestClangFormatCommandBuilding::test_build_command_with_fallback_style PASSED [ 10%]
2026-01-30T15:21:32.5605880Z tests/test_clang_format_parser.py::TestClangFormatCommandBuilding::test_build_command_with_output_xml PASSED [ 10%]
2026-01-30T15:21:32.5617720Z tests/test_clang_format_parser.py::TestClangFormatCommandBuilding::test_build_command_with_assume_filename PASSED [ 10%]
2026-01-30T15:21:32.5623490Z tests/test_clang_format_parser.py::TestClangFormatCommandBuilding::test_build_command_with_multiple_files PASSED [ 10%]
2026-01-30T15:21:32.5633130Z tests/test_clang_format_parser.py::TestClangFormatCommandBuilding::test_build_command_without_werror PASSED [ 10%]
2026-01-30T15:21:32.5648030Z tests/test_clang_format_parser.py::TestClangFormatErrorHandling::test_error_when_clang_format_not_installed PASSED [ 10%]
2026-01-30T15:21:32.5662830Z tests/test_clang_format_parser.py::TestClangFormatErrorHandling::test_timeout_handling PASSED [ 11%]
2026-01-30T15:21:32.5668690Z tests/test_clang_format_parser.py::TestClangFormatErrorHandling::test_parse_with_empty_output PASSED [ 11%]
2026-01-30T15:21:32.5691340Z tests/test_clang_format_parser.py::TestClangFormatVersionDetection::test_version_detection PASSED [ 11%]
2026-01-30T15:21:32.5713530Z tests/test_clang_format_parser.py::TestClangFormatVersionDetection::test_version_detection_different_formats PASSED [ 11%]
2026-01-30T15:21:32.5734040Z tests/test_clang_format_parser.py::TestClangFormatVersionDetection::test_version_detection_failure PASSED [ 11%]
2026-01-30T15:21:32.5818920Z tests/test_clang_format_parser.py::TestClangFormatIntegrationWithFixtures::test_clang_format_on_formatted_cpp_code SKIPPED [ 11%]
2026-01-30T15:21:32.5826170Z tests/test_clang_format_parser.py::TestClangFormatIntegrationWithFixtures::test_clang_format_on_unformatted_cpp_code SKIPPED [ 11%]
2026-01-30T15:21:32.5842600Z tests/test_clang_format_parser.py::TestClangFormatConfigurationHandling::test_detect_clang_format_config_file PASSED [ 12%]
2026-01-30T15:21:32.5871220Z tests/test_clang_format_parser.py::TestClangFormatConfigurationHandling::test_detect_clang_format_in_parent_directory PASSED [ 12%]
2026-01-30T15:21:32.5899180Z tests/test_clang_format_parser.py::TestClangFormatConfigurationHandling::test_detect_clang_format_yml_variant PASSED [ 12%]
2026-01-30T15:21:32.5921550Z tests/test_clang_format_parser.py::TestClangFormatConfigurationHandling::test_no_config_file_returns_none PASSED [ 12%]
2026-01-30T15:21:32.5927240Z tests/test_clang_format_parser.py::TestClangFormatSuggestedFixes::test_generate_fix_command PASSED [ 12%]
2026-01-30T15:21:32.5936570Z tests/test_clang_format_parser.py::TestClangFormatSuggestedFixes::test_generate_fix_command_with_options PASSED [ 12%]
2026-01-30T15:21:32.5947580Z tests/test_clang_format_parser.py::TestClangFormatDiffOutput::test_parse_diff_output PASSED [ 13%]
2026-01-30T15:21:32.5958190Z tests/test_clang_format_parser.py::TestClangFormatDiffOutput::test_count_files_needing_formatting PASSED [ 13%]
2026-01-30T15:21:32.5972030Z tests/test_clang_tidy_parser.py::TestClangTidyDiagnosticParsing::test_parse_output_with_no_diagnostics PASSED [ 13%]
2026-01-30T15:21:32.5993180Z tests/test_clang_tidy_parser.py::TestClangTidyDiagnosticParsing::test_parse_warning_diagnostic PASSED [ 13%]
2026-01-30T15:21:32.6015990Z tests/test_clang_tidy_parser.py::TestClangTidyDiagnosticParsing::test_parse_error_diagnostic PASSED [ 13%]
2026-01-30T15:21:32.6036010Z tests/test_clang_tidy_parser.py::TestClangTidyDiagnosticParsing::test_parse_note_diagnostic PASSED [ 13%]
2026-01-30T15:21:32.6064310Z tests/test_clang_tidy_parser.py::TestClangTidyDiagnosticParsing::test_parse_diagnostic_with_line_column PASSED [ 14%]
2026-01-30T15:21:32.6119170Z tests/test_clang_tidy_parser.py::TestClangTidyDiagnosticParsing::test_parse_multiple_diagnostics PASSED [ 14%]
2026-01-30T15:21:32.6149540Z tests/test_clang_tidy_parser.py::TestClangTidyReplacements::test_parse_diagnostic_with_replacements PASSED [ 14%]
2026-01-30T15:21:32.6202820Z tests/test_clang_tidy_parser.py::TestClangTidyReplacements::test_count_fixable_diagnostics PASSED [ 14%]
2026-01-30T15:21:32.6218570Z tests/test_clang_tidy_parser.py::TestClangTidyCommandBuilding::test_build_command_default_options PASSED [ 14%]
2026-01-30T15:21:32.6230620Z tests/test_clang_tidy_parser.py::TestClangTidyCommandBuilding::test_build_command_with_checks PASSED [ 14%]
2026-01-30T15:21:32.6237980Z tests/test_clang_tidy_parser.py::TestClangTidyCommandBuilding::test_build_command_with_header_filter PASSED [ 15%]
2026-01-30T15:21:32.6250760Z tests/test_clang_tidy_parser.py::TestClangTidyCommandBuilding::test_build_command_with_warnings_as_errors PASSED [ 15%]
2026-01-30T15:21:32.6264300Z tests/test_clang_tidy_parser.py::TestClangTidyCommandBuilding::test_build_command_with_config_file PASSED [ 15%]
2026-01-30T15:21:32.6270140Z tests/test_clang_tidy_parser.py::TestClangTidyCommandBuilding::test_build_command_with_extra_args PASSED [ 15%]
2026-01-30T15:21:32.6275890Z tests/test_clang_tidy_parser.py::TestClangTidyCommandBuilding::test_build_command_with_compile_commands PASSED [ 15%]
2026-01-30T15:21:32.6281950Z tests/test_clang_tidy_parser.py::TestClangTidyCommandBuilding::test_build_command_with_multiple_files PASSED [ 15%]
2026-01-30T15:21:32.6302760Z tests/test_clang_tidy_parser.py::TestClangTidyErrorHandling::test_error_when_clang_tidy_not_installed PASSED [ 16%]
2026-01-30T15:21:32.6323550Z tests/test_clang_tidy_parser.py::TestClangTidyErrorHandling::test_timeout_handling PASSED [ 16%]
2026-01-30T15:21:32.6331850Z tests/test_clang_tidy_parser.py::TestClangTidyErrorHandling::test_parse_with_invalid_yaml PASSED [ 16%]
2026-01-30T15:21:32.6357480Z tests/test_clang_tidy_parser.py::TestClangTidyVersionDetection::test_version_detection PASSED [ 16%]
2026-01-30T15:21:32.6384630Z tests/test_clang_tidy_parser.py::TestClangTidyVersionDetection::test_version_detection_failure PASSED [ 16%]
2026-01-30T15:21:32.6392020Z tests/test_clang_tidy_parser.py::TestClangTidyIntegrationWithFixtures::test_clang_tidy_on_clean_cpp_code SKIPPED [ 16%]
2026-01-30T15:21:32.6399800Z tests/test_clang_tidy_parser.py::TestClangTidyIntegrationWithFixtures::test_clang_tidy_on_code_with_issues SKIPPED [ 16%]
2026-01-30T15:21:32.6461610Z tests/test_clang_tidy_parser.py::TestClangTidyGroupingAndFiltering::test_group_diagnostics_by_check_name PASSED [ 17%]
2026-01-30T15:21:32.6497100Z tests/test_clang_tidy_parser.py::TestClangTidyGroupingAndFiltering::test_group_diagnostics_by_file PASSED [ 17%]
2026-01-30T15:21:32.6550560Z tests/test_clang_tidy_parser.py::TestClangTidyGroupingAndFiltering::test_filter_diagnostics_by_severity PASSED [ 17%]
2026-01-30T15:21:32.6569380Z tests/test_clang_tidy_parser.py::TestClangTidyConfigurationHandling::test_detect_clang_tidy_config_file PASSED [ 17%]
2026-01-30T15:21:32.6583080Z tests/test_clang_tidy_parser.py::TestClangTidyConfigurationHandling::test_detect_clang_tidy_in_parent_directory PASSED [ 17%]
2026-01-30T15:21:32.6596100Z tests/test_clang_tidy_parser.py::TestClangTidyConfigurationHandling::test_no_config_file_returns_none PASSED [ 17%]
2026-01-30T15:21:32.6623300Z tests/test_configuration.py::TestConfigurationLoading::test_load_complete_config PASSED [ 18%]
2026-01-30T15:21:32.6637120Z tests/test_configuration.py::TestConfigurationLoading::test_load_minimal_config PASSED [ 18%]
2026-01-30T15:21:32.6653430Z tests/test_configuration.py::TestConfigurationLoading::test_load_invalid_toml_syntax PASSED [ 18%]
2026-01-30T15:21:32.6658320Z tests/test_configuration.py::TestConfigurationLoading::test_load_nonexistent_file PASSED [ 18%]
2026-01-30T15:21:32.6701040Z tests/test_configuration.py::TestConfigurationLoading::test_load_from_custom_path PASSED [ 18%]
2026-01-30T15:21:32.6733600Z tests/test_configuration.py::TestValidatorConfiguration::test_get_validator_config_python_flake8 PASSED [ 18%]
2026-01-30T15:21:32.6764700Z tests/test_configuration.py::TestValidatorConfiguration::test_get_validator_config_cpp_clang_tidy PASSED [ 19%]
2026-01-30T15:21:32.6772820Z tests/test_configuration.py::TestValidatorConfiguration::test_get_validator_config_with_defaults PASSED [ 19%]
2026-01-30T15:21:32.6796410Z tests/test_configuration.py::TestValidatorConfiguration::test_get_validator_config_invalid_validator PASSED [ 19%]
2026-01-30T15:21:32.6818290Z tests/test_configuration.py::TestLanguageConfiguration::test_get_language_config_python PASSED [ 19%]
2026-01-30T15:21:32.6842650Z tests/test_configuration.py::TestLanguageConfiguration::test_get_language_config_cpp PASSED [ 19%]
2026-01-30T15:21:32.6850490Z tests/test_configuration.py::TestLanguageConfiguration::test_get_language_config_with_defaults PASSED [ 19%]
2026-01-30T15:21:32.6879220Z tests/test_configuration.py::TestConfigurationValidation::test_validate_negative_max_errors PASSED [ 20%]
2026-01-30T15:21:32.6913220Z tests/test_configuration.py::TestConfigurationValidation::test_validate_zero_complexity PASSED [ 20%]
2026-01-30T15:21:32.6969400Z tests/test_configuration.py::TestConfigurationInheritance::test_validator_inherits_language_defaults PASSED [ 20%]
2026-01-30T15:21:32.6982400Z tests/test_configuration.py::TestConfigurationInheritance::test_configuration_merging PASSED [ 20%]
2026-01-30T15:21:32.6997160Z tests/test_configuration.py::TestEnvironmentVariables::test_expand_environment_variables PASSED [ 20%]
2026-01-30T15:21:32.7004750Z tests/test_configuration.py::TestEnvironmentVariables::test_missing_environment_variable PASSED [ 20%]
2026-01-30T15:21:32.7011110Z tests/test_configuration.py::TestConfigurationDefaults::test_default_values_applied PASSED [ 21%]
2026-01-30T15:21:32.7018170Z tests/test_configuration.py::TestConfigurationDefaults::test_get_with_default_value PASSED [ 21%]
2026-01-30T15:21:32.7038410Z tests/test_configuration.py::TestConfigurationDefaults::test_get_nested_config PASSED [ 21%]
2026-01-30T15:21:32.7049920Z tests/test_cppcheck_parser.py::TestCppcheckXMLParsing::test_parse_xml_with_no_errors PASSED [ 21%]
2026-01-30T15:21:32.7056830Z tests/test_cppcheck_parser.py::TestCppcheckXMLParsing::test_parse_error_severity_issue PASSED [ 21%]
2026-01-30T15:21:32.7063120Z tests/test_cppcheck_parser.py::TestCppcheckXMLParsing::test_parse_warning_severity_issue PASSED [ 21%]
2026-01-30T15:21:32.7068860Z tests/test_cppcheck_parser.py::TestCppcheckXMLParsing::test_parse_style_issue PASSED [ 22%]
2026-01-30T15:21:32.7076720Z tests/test_cppcheck_parser.py::TestCppcheckXMLParsing::test_parse_performance_issue PASSED [ 22%]
2026-01-30T15:21:32.7081650Z tests/test_cppcheck_parser.py::TestCppcheckXMLParsing::test_parse_portability_issue PASSED [ 22%]
2026-01-30T15:21:32.7087240Z tests/test_cppcheck_parser.py::TestCppcheckXMLParsing::test_parse_information_message PASSED [ 22%]
2026-01-30T15:21:32.7092960Z tests/test_cppcheck_parser.py::TestCppcheckXMLParsing::test_extract_cwe_id PASSED [ 22%]
2026-01-30T15:21:32.7098750Z tests/test_cppcheck_parser.py::TestCppcheckXMLParsing::test_parse_inconclusive_results PASSED [ 22%]
2026-01-30T15:21:32.7104500Z tests/test_cppcheck_parser.py::TestCppcheckXMLParsing::test_parse_multiple_locations PASSED [ 22%]
2026-01-30T15:21:32.7110460Z tests/test_cppcheck_parser.py::TestCppcheckCommandBuilding::test_build_command_default_options PASSED [ 23%]
2026-01-30T15:21:32.7116020Z tests/test_cppcheck_parser.py::TestCppcheckCommandBuilding::test_build_command_with_enable_categories PASSED [ 23%]
2026-01-30T15:21:32.7121350Z tests/test_cppcheck_parser.py::TestCppcheckCommandBuilding::test_build_command_with_suppressions PASSED [ 23%]
2026-01-30T15:21:32.7126710Z tests/test_cppcheck_parser.py::TestCppcheckCommandBuilding::test_build_command_with_std_option PASSED [ 23%]
2026-01-30T15:21:32.7132170Z tests/test_cppcheck_parser.py::TestCppcheckCommandBuilding::test_build_command_with_platform PASSED [ 23%]
2026-01-30T15:21:32.7137440Z tests/test_cppcheck_parser.py::TestCppcheckCommandBuilding::test_build_command_with_includes PASSED [ 23%]
2026-01-30T15:21:32.7149200Z tests/test_cppcheck_parser.py::TestCppcheckCommandBuilding::test_build_command_with_defines PASSED [ 24%]
2026-01-30T15:21:32.7155480Z tests/test_cppcheck_parser.py::TestCppcheckCommandBuilding::test_build_command_with_inconclusive PASSED [ 24%]
2026-01-30T15:21:32.7161610Z tests/test_cppcheck_parser.py::TestCppcheckCommandBuilding::test_build_command_with_multiple_files PASSED [ 24%]
2026-01-30T15:21:32.7183210Z tests/test_cppcheck_parser.py::TestCppcheckErrorHandling::test_error_when_cppcheck_not_installed PASSED [ 24%]
2026-01-30T15:21:32.7196280Z tests/test_cppcheck_parser.py::TestCppcheckErrorHandling::test_timeout_handling PASSED [ 24%]
2026-01-30T15:21:32.7203350Z tests/test_cppcheck_parser.py::TestCppcheckErrorHandling::test_parse_with_invalid_xml PASSED [ 24%]
2026-01-30T15:21:32.7219410Z tests/test_cppcheck_parser.py::TestCppcheckVersionDetection::test_version_detection PASSED [ 25%]
2026-01-30T15:21:32.7241750Z tests/test_cppcheck_parser.py::TestCppcheckVersionDetection::test_version_detection_failure PASSED [ 25%]
2026-01-30T15:21:32.7247210Z tests/test_cppcheck_parser.py::TestCppcheckIntegrationWithFixtures::test_cppcheck_on_clean_cpp_code SKIPPED [ 25%]
2026-01-30T15:21:32.7253160Z tests/test_cppcheck_parser.py::TestCppcheckIntegrationWithFixtures::test_cppcheck_on_code_with_bugs SKIPPED [ 25%]
2026-01-30T15:21:32.7260060Z tests/test_cppcheck_parser.py::TestCppcheckGroupingAndFiltering::test_group_errors_by_id PASSED [ 25%]
2026-01-30T15:21:32.7265570Z tests/test_cppcheck_parser.py::TestCppcheckGroupingAndFiltering::test_group_errors_by_file PASSED [ 25%]
2026-01-30T15:21:32.7273690Z tests/test_cppcheck_parser.py::TestCppcheckGroupingAndFiltering::test_filter_by_severity PASSED [ 26%]
2026-01-30T15:21:32.7289430Z tests/test_cppcheck_parser.py::TestCppcheckConfigurationHandling::test_detect_cppcheck_suppressions_file PASSED [ 26%]
2026-01-30T15:21:32.7304260Z tests/test_cppcheck_parser.py::TestCppcheckConfigurationHandling::test_detect_suppressions_in_parent_directory PASSED [ 26%]
2026-01-30T15:21:32.7318280Z tests/test_cppcheck_parser.py::TestCppcheckConfigurationHandling::test_no_suppressions_file_returns_none PASSED [ 26%]
2026-01-30T15:21:32.7328000Z tests/test_cpplint_parser.py::TestCpplintStyleViolationParsing::test_parse_output_with_no_violations PASSED [ 26%]
2026-01-30T15:21:32.7335680Z tests/test_cpplint_parser.py::TestCpplintStyleViolationParsing::test_parse_whitespace_violation PASSED [ 26%]
2026-01-30T15:21:32.7341980Z tests/test_cpplint_parser.py::TestCpplintStyleViolationParsing::test_parse_readability_violation PASSED [ 27%]
2026-01-30T15:21:32.7346590Z tests/test_cpplint_parser.py::TestCpplintStyleViolationParsing::test_parse_build_violation PASSED [ 27%]
2026-01-30T15:21:32.7354320Z tests/test_cpplint_parser.py::TestCpplintStyleViolationParsing::test_parse_runtime_violation PASSED [ 27%]
2026-01-30T15:21:32.7359850Z tests/test_cpplint_parser.py::TestCpplintStyleViolationParsing::test_parse_legal_violation PASSED [ 27%]
2026-01-30T15:21:32.7365460Z tests/test_cpplint_parser.py::TestCpplintStyleViolationParsing::test_parse_multiple_violations PASSED [ 27%]
2026-01-30T15:21:32.7372930Z tests/test_cpplint_parser.py::TestCpplintConfidenceMapping::test_confidence_5_maps_to_error PASSED [ 27%]
2026-01-30T15:21:32.7378330Z tests/test_cpplint_parser.py::TestCpplintConfidenceMapping::test_confidence_4_maps_to_error PASSED [ 27%]
2026-01-30T15:21:32.7385140Z tests/test_cpplint_parser.py::TestCpplintConfidenceMapping::test_confidence_3_maps_to_warning PASSED [ 28%]
2026-01-30T15:21:32.7391200Z tests/test_cpplint_parser.py::TestCpplintConfidenceMapping::test_confidence_2_maps_to_warning PASSED [ 28%]
2026-01-30T15:21:32.7396430Z tests/test_cpplint_parser.py::TestCpplintConfidenceMapping::test_confidence_1_maps_to_warning PASSED [ 28%]
2026-01-30T15:21:32.7401880Z tests/test_cpplint_parser.py::TestCpplintCommandBuilding::test_build_command_default_options PASSED [ 28%]
2026-01-30T15:21:32.7408650Z tests/test_cpplint_parser.py::TestCpplintCommandBuilding::test_build_command_with_filter_options PASSED [ 28%]
2026-01-30T15:21:32.7414150Z tests/test_cpplint_parser.py::TestCpplintCommandBuilding::test_build_command_with_linelength PASSED [ 28%]
2026-01-30T15:21:32.7419540Z tests/test_cpplint_parser.py::TestCpplintCommandBuilding::test_build_command_with_root_directory PASSED [ 29%]
2026-01-30T15:21:32.7425170Z tests/test_cpplint_parser.py::TestCpplintCommandBuilding::test_build_command_with_extensions PASSED [ 29%]
2026-01-30T15:21:32.7430360Z tests/test_cpplint_parser.py::TestCpplintCommandBuilding::test_build_command_with_counting PASSED [ 29%]
2026-01-30T15:21:32.7436290Z tests/test_cpplint_parser.py::TestCpplintCommandBuilding::test_build_command_with_quiet PASSED [ 29%]
2026-01-30T15:21:32.7446640Z tests/test_cpplint_parser.py::TestCpplintCommandBuilding::test_build_command_with_multiple_files PASSED [ 29%]
2026-01-30T15:21:32.7463590Z tests/test_cpplint_parser.py::TestCpplintErrorHandling::test_error_when_cpplint_not_installed PASSED [ 29%]
2026-01-30T15:21:32.7477360Z tests/test_cpplint_parser.py::TestCpplintErrorHandling::test_timeout_handling PASSED [ 30%]
2026-01-30T15:21:32.7483050Z tests/test_cpplint_parser.py::TestCpplintErrorHandling::test_parse_with_empty_output PASSED [ 30%]
2026-01-30T15:21:32.7500260Z tests/test_cpplint_parser.py::TestCpplintVersionDetection::test_version_detection PASSED [ 30%]
2026-01-30T15:21:32.7516990Z tests/test_cpplint_parser.py::TestCpplintVersionDetection::test_version_detection_failure PASSED [ 30%]
2026-01-30T15:21:32.7523170Z tests/test_cpplint_parser.py::TestCpplintIntegrationWithFixtures::test_cpplint_on_code_with_style_issues SKIPPED [ 30%]
2026-01-30T15:21:32.7565090Z tests/test_cpplint_parser.py::TestCpplintIntegrationWithFixtures::test_cpplint_on_style_compliant_code PASSED [ 30%]
2026-01-30T15:21:32.7571230Z tests/test_cpplint_parser.py::TestCpplintGroupingAndFiltering::test_group_violations_by_category PASSED [ 31%]
2026-01-30T15:21:32.7577130Z tests/test_cpplint_parser.py::TestCpplintGroupingAndFiltering::test_group_violations_by_confidence PASSED [ 31%]
2026-01-30T15:21:32.7586950Z tests/test_cpplint_parser.py::TestCpplintGroupingAndFiltering::test_identify_most_common_violations PASSED [ 31%]
2026-01-30T15:21:32.7600640Z tests/test_cpplint_parser.py::TestCpplintConfigurationHandling::test_detect_cpplint_cfg_file PASSED [ 31%]
2026-01-30T15:21:32.7613820Z tests/test_cpplint_parser.py::TestCpplintConfigurationHandling::test_detect_cpplint_cfg_in_parent_directory PASSED [ 31%]
2026-01-30T15:21:32.7626420Z tests/test_cpplint_parser.py::TestCpplintConfigurationHandling::test_no_config_file_returns_none PASSED [ 31%]
2026-01-30T15:21:32.8593950Z tests/test_file_collector.py::TestFullModeCollection::test_collect_all_python_files PASSED [ 32%]
2026-01-30T15:21:32.9543230Z tests/test_file_collector.py::TestFullModeCollection::test_collect_all_cpp_files PASSED [ 32%]
2026-01-30T15:21:33.0341050Z tests/test_file_collector.py::TestFullModeCollection::test_collect_all_languages PASSED [ 32%]
2026-01-30T15:21:33.0379800Z tests/test_file_collector.py::TestFullModeCollection::test_full_mode_without_git PASSED [ 32%]
2026-01-30T15:21:33.1684890Z tests/test_file_collector.py::TestIncrementalModeCollection::test_collect_modified_files PASSED [ 32%]
2026-01-30T15:21:33.2940180Z tests/test_file_collector.py::TestIncrementalModeCollection::test_collect_new_untracked_files PASSED [ 32%]
2026-01-30T15:21:33.4162800Z tests/test_file_collector.py::TestIncrementalModeCollection::test_collect_staged_files PASSED [ 33%]
2026-01-30T15:21:33.5631350Z tests/test_file_collector.py::TestIncrementalModeCollection::test_collect_both_staged_and_unstaged PASSED [ 33%]
2026-01-30T15:21:33.6885260Z tests/test_file_collector.py::TestIncrementalModeCollection::test_no_modifications_returns_empty PASSED [ 33%]
2026-01-30T15:21:33.7994570Z tests/test_file_collector.py::TestIncrementalModeCollection::test_handles_deleted_files PASSED [ 33%]
2026-01-30T15:21:33.8140370Z tests/test_file_collector.py::TestIncrementalModeCollection::test_incremental_without_git_falls_back_to_full PASSED [ 33%]
2026-01-30T15:21:33.9129700Z tests/test_file_collector.py::TestGitIntegration::test_detects_uncommitted_changes PASSED [ 33%]
2026-01-30T15:21:34.0065110Z tests/test_file_collector.py::TestGitIntegration::test_no_uncommitted_changes_in_clean_repo PASSED [ 33%]
2026-01-30T15:21:34.1056550Z tests/test_file_collector.py::TestGitIntegration::test_detects_git_repository PASSED [ 34%]
2026-01-30T15:21:34.1228780Z tests/test_file_collector.py::TestGitIntegration::test_detects_non_git_directory PASSED [ 34%]
2026-01-30T15:21:34.2673340Z tests/test_file_collector.py::TestGitIntegration::test_get_changed_files_across_commits PASSED [ 34%]
2026-01-30T15:21:34.3069590Z tests/test_file_collector.py::TestGitIntegration::test_empty_repository_returns_no_files PASSED [ 34%]
2026-01-30T15:21:34.4032060Z tests/test_file_collector.py::TestExclusionPatterns::test_respects_exclude_patterns PASSED [ 34%]
2026-01-30T15:21:34.4957950Z tests/test_file_collector.py::TestExclusionPatterns::test_default_exclusions_applied PASSED [ 34%]
2026-01-30T15:21:34.5908560Z tests/test_file_collector.py::TestLanguageFiltering::test_filters_by_language PASSED [ 35%]
2026-01-30T15:21:34.6733160Z tests/test_file_collector.py::TestLanguageFiltering::test_collects_multiple_languages PASSED [ 35%]
2026-01-30T15:21:34.7517950Z tests/test_file_collector.py::TestErrorHandling::test_invalid_language_raises_error PASSED [ 35%]
2026-01-30T15:21:34.8556790Z tests/test_file_collector.py::TestErrorHandling::test_invalid_commit_ref_raises_error PASSED [ 35%]
2026-01-30T15:21:34.8578820Z tests/test_file_collector.py::TestErrorHandling::test_handles_permission_errors_gracefully PASSED [ 35%]
2026-01-30T15:21:34.8601090Z tests/test_file_collector.py::TestErrorHandling::test_git_timeout_handled_in_is_git_repository PASSED [ 35%]
2026-01-30T15:21:34.8636140Z tests/test_file_collector.py::TestErrorHandling::test_git_not_found_handled_in_is_git_repository PASSED [ 36%]
2026-01-30T15:21:34.9453010Z tests/test_file_collector.py::TestErrorHandling::test_has_uncommitted_changes_handles_timeout PASSED [ 36%]
2026-01-30T15:21:35.0245780Z tests/test_file_collector.py::TestErrorHandling::test_has_uncommitted_changes_handles_subprocess_error PASSED [ 36%]
2026-01-30T15:21:35.1160440Z tests/test_file_collector.py::TestErrorHandling::test_get_changed_files_handles_timeout PASSED [ 36%]
2026-01-30T15:21:35.2726580Z tests/test_file_collector.py::TestPerformance::test_incremental_faster_than_full PASSED [ 36%]
2026-01-30T15:21:35.3553440Z tests/test_file_collector.py::TestCaching::test_caches_language_detection PASSED [ 36%]
2026-01-30T15:21:35.5285970Z tests/test_file_collector.py::TestCaching::test_cache_invalidated_on_changes PASSED [ 37%]
2026-01-30T15:21:35.5303220Z tests/test_flake8_parser.py::TestFlake8JSONParsing::test_parse_json_output_with_no_errors PASSED [ 37%]
2026-01-30T15:21:35.5326610Z tests/test_flake8_parser.py::TestFlake8JSONParsing::test_parse_json_output_with_e_series_errors PASSED [ 37%]
2026-01-30T15:21:35.5336770Z tests/test_flake8_parser.py::TestFlake8JSONParsing::test_parse_json_output_with_w_series_warnings PASSED [ 37%]
2026-01-30T15:21:35.5342100Z tests/test_flake8_parser.py::TestFlake8JSONParsing::test_parse_json_output_with_f_series_errors PASSED [ 37%]
2026-01-30T15:21:35.5350400Z tests/test_flake8_parser.py::TestFlake8JSONParsing::test_parse_json_output_with_c_series_complexity_warnings PASSED [ 37%]
2026-01-30T15:21:35.5357040Z tests/test_flake8_parser.py::TestFlake8JSONParsing::test_parse_multiple_files_with_mixed_results PASSED [ 38%]
2026-01-30T15:21:35.5369150Z tests/test_flake8_parser.py::TestFlake8CommandBuilding::test_build_command_with_default_options PASSED [ 38%]
2026-01-30T15:21:35.5379850Z tests/test_flake8_parser.py::TestFlake8CommandBuilding::test_build_command_with_ignore_list PASSED [ 38%]
2026-01-30T15:21:35.5384870Z tests/test_flake8_parser.py::TestFlake8CommandBuilding::test_build_command_with_max_line_length PASSED [ 38%]
2026-01-30T15:21:35.5424510Z tests/test_flake8_parser.py::TestFlake8CommandBuilding::test_build_command_with_select_rules PASSED [ 38%]
2026-01-30T15:21:35.5440280Z tests/test_flake8_parser.py::TestFlake8CommandBuilding::test_build_command_with_exclude_patterns PASSED [ 38%]
2026-01-30T15:21:35.5454010Z tests/test_flake8_parser.py::TestFlake8CommandBuilding::test_build_command_with_max_complexity PASSED [ 38%]
2026-01-30T15:21:35.5494320Z tests/test_flake8_parser.py::TestFlake8TextFormatParsing::test_parse_text_format_with_errors PASSED [ 39%]
2026-01-30T15:21:35.5496810Z tests/test_flake8_parser.py::TestFlake8TextFormatParsing::test_parse_text_format_with_no_output PASSED [ 39%]
2026-01-30T15:21:35.5511250Z tests/test_flake8_parser.py::TestFlake8ErrorHandling::test_error_when_flake8_not_installed PASSED [ 39%]
2026-01-30T15:21:35.5525130Z tests/test_flake8_parser.py::TestFlake8ErrorHandling::test_timeout_handling PASSED [ 39%]
2026-01-30T15:21:35.5541960Z tests/test_flake8_parser.py::TestFlake8ErrorHandling::test_invalid_json_handling PASSED [ 39%]
2026-01-30T15:21:35.5619820Z tests/test_flake8_parser.py::TestFlake8VersionDetection::test_version_detection PASSED [ 39%]
2026-01-30T15:21:35.5731640Z tests/test_flake8_parser.py::TestFlake8VersionDetection::test_version_detection_failure PASSED [ 40%]
2026-01-30T15:21:35.8792580Z tests/test_flake8_parser.py::TestFlake8IntegrationWithFixtures::test_flake8_on_good_python_code PASSED [ 40%]
2026-01-30T15:21:36.1282630Z tests/test_flake8_parser.py::TestFlake8IntegrationWithFixtures::test_flake8_on_style_violations_fixture PASSED [ 40%]
2026-01-30T15:21:36.4017290Z tests/test_flake8_parser.py::TestFlake8IntegrationWithFixtures::test_flake8_on_syntax_error_fixture PASSED [ 40%]
2026-01-30T15:21:36.6956760Z tests/test_flake8_parser.py::TestFlake8IntegrationWithFixtures::test_flake8_on_unused_imports_fixture PASSED [ 40%]
2026-01-30T15:21:36.7059470Z tests/test_flake8_parser.py::TestFlake8SeverityMapping::test_e_series_maps_to_error PASSED [ 40%]
2026-01-30T15:21:36.7150360Z tests/test_flake8_parser.py::TestFlake8SeverityMapping::test_w_series_maps_to_warning PASSED [ 41%]
2026-01-30T15:21:36.7151520Z tests/test_flake8_parser.py::TestFlake8SeverityMapping::test_f_series_maps_to_error PASSED [ 41%]
2026-01-30T15:21:36.7152200Z tests/test_flake8_parser.py::TestFlake8SeverityMapping::test_c_series_maps_to_warning PASSED [ 41%]
2026-01-30T15:21:36.7152890Z tests/test_flake8_parser.py::TestFlake8SeverityMapping::test_n_series_maps_to_warning PASSED [ 41%]
2026-01-30T15:21:36.7268650Z tests/test_flake8_parser.py::TestFlake8ConfigurationHandling::test_detect_flake8_config_file PASSED [ 41%]
2026-01-30T15:21:36.7307740Z tests/test_flake8_parser.py::TestFlake8ConfigurationHandling::test_detect_setup_cfg_flake8_section PASSED [ 41%]
2026-01-30T15:21:36.7360570Z tests/test_flake8_parser.py::TestFlake8ConfigurationHandling::test_detect_tox_ini_flake8_section PASSED [ 42%]
2026-01-30T15:21:36.7387980Z tests/test_isort_parser.py::TestIsortTextParsing::test_parse_output_all_imports_sorted PASSED [ 42%]
2026-01-30T15:21:36.7424680Z tests/test_isort_parser.py::TestIsortTextParsing::test_parse_output_imports_need_sorting PASSED [ 42%]
2026-01-30T15:21:36.7491140Z tests/test_isort_parser.py::TestIsortTextParsing::test_parse_multiple_files_with_errors PASSED [ 42%]
2026-01-30T15:21:36.7491800Z tests/test_isort_parser.py::TestIsortTextParsing::test_parse_windows_paths PASSED [ 42%]
2026-01-30T15:21:36.7492340Z tests/test_isort_parser.py::TestIsortTextParsing::test_parse_output_with_skipped_files PASSED [ 42%]
2026-01-30T15:21:36.7492940Z tests/test_isort_parser.py::TestIsortCommandBuilding::test_build_command_default_options PASSED [ 43%]
2026-01-30T15:21:36.7493510Z tests/test_isort_parser.py::TestIsortCommandBuilding::test_build_command_with_profile PASSED [ 43%]
2026-01-30T15:21:36.7495470Z tests/test_isort_parser.py::TestIsortCommandBuilding::test_build_command_with_line_length PASSED [ 43%]
2026-01-30T15:21:36.7504070Z tests/test_isort_parser.py::TestIsortCommandBuilding::test_build_command_with_multi_line_output PASSED [ 43%]
2026-01-30T15:21:36.7522960Z tests/test_isort_parser.py::TestIsortCommandBuilding::test_build_command_with_skip_patterns PASSED [ 43%]
2026-01-30T15:21:36.7542650Z tests/test_isort_parser.py::TestIsortCommandBuilding::test_build_command_with_force_single_line PASSED [ 43%]
2026-01-30T15:21:36.7564090Z tests/test_isort_parser.py::TestIsortCommandBuilding::test_build_command_with_diff PASSED [ 44%]
2026-01-30T15:21:36.7596250Z tests/test_isort_parser.py::TestIsortCommandBuilding::test_build_command_with_multiple_files PASSED [ 44%]
2026-01-30T15:21:36.7616390Z tests/test_isort_parser.py::TestIsortErrorHandling::test_error_when_isort_not_installed PASSED [ 44%]
2026-01-30T15:21:36.7636420Z tests/test_isort_parser.py::TestIsortErrorHandling::test_timeout_handling PASSED [ 44%]
2026-01-30T15:21:36.7647540Z tests/test_isort_parser.py::TestIsortErrorHandling::test_parse_syntax_error_in_file PASSED [ 44%]
2026-01-30T15:21:36.7682300Z tests/test_isort_parser.py::TestIsortVersionDetection::test_version_detection PASSED [ 44%]
2026-01-30T15:21:36.7761850Z tests/test_isort_parser.py::TestIsortVersionDetection::test_version_detection_failure PASSED [ 44%]
2026-01-30T15:21:37.0585230Z tests/test_isort_parser.py::TestIsortIntegrationWithFixtures::test_isort_on_sorted_python_code PASSED [ 45%]
2026-01-30T15:21:37.2670730Z tests/test_isort_parser.py::TestIsortIntegrationWithFixtures::test_isort_on_unsorted_imports_fixture PASSED [ 45%]
2026-01-30T15:21:37.2712120Z tests/test_isort_parser.py::TestIsortConfigurationHandling::test_detect_pyproject_toml PASSED [ 45%]
2026-01-30T15:21:37.2761990Z tests/test_isort_parser.py::TestIsortConfigurationHandling::test_detect_setup_cfg PASSED [ 45%]
2026-01-30T15:21:37.2763240Z tests/test_isort_parser.py::TestIsortConfigurationHandling::test_detect_isort_cfg PASSED [ 45%]
2026-01-30T15:21:37.2780490Z tests/test_isort_parser.py::TestIsortConfigurationHandling::test_no_config_file_returns_none PASSED [ 45%]
2026-01-30T15:21:37.2787490Z tests/test_isort_parser.py::TestIsortSuggestedFixes::test_generate_fix_command PASSED [ 46%]
2026-01-30T15:21:37.2793800Z tests/test_isort_parser.py::TestIsortSuggestedFixes::test_generate_fix_command_with_options PASSED [ 46%]
2026-01-30T15:21:37.2821720Z tests/test_iwyu_parser.py::TestIWYUSuggestionParsing::test_parse_output_with_no_suggestions PASSED [ 46%]
2026-01-30T15:21:37.2824260Z tests/test_iwyu_parser.py::TestIWYUSuggestionParsing::test_parse_suggestions_to_add_includes PASSED [ 46%]
2026-01-30T15:21:37.2826430Z tests/test_iwyu_parser.py::TestIWYUSuggestionParsing::test_parse_suggestions_to_remove_includes PASSED [ 46%]
2026-01-30T15:21:37.2840520Z tests/test_iwyu_parser.py::TestIWYUSuggestionParsing::test_parse_forward_declaration_suggestions PASSED [ 46%]
2026-01-30T15:21:37.2842950Z tests/test_iwyu_parser.py::TestIWYUSuggestionParsing::test_parse_transitive_include_information PASSED [ 47%]
2026-01-30T15:21:37.2846960Z tests/test_iwyu_parser.py::TestIWYUSuggestionParsing::test_parse_multiple_files_with_suggestions PASSED [ 47%]
2026-01-30T15:21:37.2854950Z tests/test_iwyu_parser.py::TestIWYUWhyExplanations::test_parse_why_explanation PASSED [ 47%]
2026-01-30T15:21:37.2860340Z tests/test_iwyu_parser.py::TestIWYUCommandBuilding::test_build_command_default_options PASSED [ 47%]
2026-01-30T15:21:37.2881620Z tests/test_iwyu_parser.py::TestIWYUCommandBuilding::test_build_command_with_mapping_file PASSED [ 47%]
2026-01-30T15:21:37.2888840Z tests/test_iwyu_parser.py::TestIWYUCommandBuilding::test_build_command_with_compiler_flags PASSED [ 47%]
2026-01-30T15:21:37.2906080Z tests/test_iwyu_parser.py::TestIWYUCommandBuilding::test_build_command_with_xiwyu_options PASSED [ 48%]
2026-01-30T15:21:37.2912660Z tests/test_iwyu_parser.py::TestIWYUCommandBuilding::test_build_command_with_std_option PASSED [ 48%]
2026-01-30T15:21:37.2941940Z tests/test_iwyu_parser.py::TestIWYUCommandBuilding::test_build_command_with_include_paths PASSED [ 48%]
2026-01-30T15:21:37.2954210Z tests/test_iwyu_parser.py::TestIWYUCommandBuilding::test_build_command_with_defines PASSED [ 48%]
2026-01-30T15:21:37.2957270Z tests/test_iwyu_parser.py::TestIWYUErrorHandling::test_error_when_iwyu_not_installed PASSED [ 48%]
2026-01-30T15:21:37.2966100Z tests/test_iwyu_parser.py::TestIWYUErrorHandling::test_timeout_handling PASSED [ 48%]
2026-01-30T15:21:37.2987480Z tests/test_iwyu_parser.py::TestIWYUErrorHandling::test_parse_with_empty_output PASSED [ 49%]
2026-01-30T15:21:37.3085530Z tests/test_iwyu_parser.py::TestIWYUVersionDetection::test_version_detection PASSED [ 49%]
2026-01-30T15:21:37.3116630Z tests/test_iwyu_parser.py::TestIWYUVersionDetection::test_version_detection_different_format PASSED [ 49%]
2026-01-30T15:21:37.3132780Z tests/test_iwyu_parser.py::TestIWYUVersionDetection::test_version_detection_failure PASSED [ 49%]
2026-01-30T15:21:37.3135010Z tests/test_iwyu_parser.py::TestIWYUIntegrationWithFixtures::test_iwyu_on_code_with_include_issues SKIPPED [ 49%]
2026-01-30T15:21:37.3141040Z tests/test_iwyu_parser.py::TestIWYUIntegrationWithFixtures::test_iwyu_on_clean_includes SKIPPED [ 49%]
2026-01-30T15:21:37.3148280Z tests/test_iwyu_parser.py::TestIWYUSuggestionGrouping::test_group_suggestions_by_file PASSED [ 50%]
2026-01-30T15:21:37.3156600Z tests/test_iwyu_parser.py::TestIWYUSuggestionGrouping::test_count_unnecessary_includes PASSED [ 50%]
2026-01-30T15:21:37.3170950Z tests/test_iwyu_parser.py::TestIWYUSuggestionGrouping::test_count_missing_includes PASSED [ 50%]
2026-01-30T15:21:37.3172420Z tests/test_iwyu_parser.py::TestIWYUFullIncludeList::test_parse_full_include_list PASSED [ 50%]
2026-01-30T15:21:37.3176560Z tests/test_iwyu_parser.py::TestIWYUFullIncludeList::test_parse_correct_includes_message PASSED [ 50%]
2026-01-30T15:21:37.3226910Z tests/test_iwyu_parser.py::TestIWYUWindowsPaths::test_parse_windows_paths PASSED [ 50%]
2026-01-30T15:21:37.3227890Z tests/test_iwyu_parser.py::TestIWYUConfigurationHandling::test_detect_iwyu_mapping_file PASSED [ 50%]
2026-01-30T15:21:37.3228600Z tests/test_iwyu_parser.py::TestIWYUConfigurationHandling::test_detect_mapping_in_parent_directory PASSED [ 51%]
2026-01-30T15:21:37.3229280Z tests/test_iwyu_parser.py::TestIWYUConfigurationHandling::test_no_mapping_file_returns_none PASSED [ 51%]
2026-01-30T15:21:37.3229890Z tests/test_iwyu_parser.py::TestIWYUSuggestedFixes::test_generate_fix_command PASSED [ 51%]
2026-01-30T15:21:37.3232530Z tests/test_iwyu_parser.py::TestIWYUSuggestedFixes::test_generate_fix_command_with_options PASSED [ 51%]
2026-01-30T15:21:37.3300820Z tests/test_language_detector.py::TestLanguageDetection::test_detect_python_files PASSED [ 51%]
2026-01-30T15:21:37.3354440Z tests/test_language_detector.py::TestLanguageDetection::test_detect_cpp_files PASSED [ 51%]
2026-01-30T15:21:37.3371380Z tests/test_language_detector.py::TestLanguageDetection::test_detect_mixed_language_project PASSED [ 52%]
2026-01-30T15:21:37.3396010Z tests/test_language_detector.py::TestLanguageDetection::test_detect_python_only_project PASSED [ 52%]
2026-01-30T15:21:37.3467630Z tests/test_language_detector.py::TestLanguageDetection::test_detect_cpp_only_project PASSED [ 52%]
2026-01-30T15:21:37.3469760Z tests/test_language_detector.py::TestLanguageDetection::test_detect_no_matching_files PASSED [ 52%]
2026-01-30T15:21:37.3562750Z tests/test_language_detector.py::TestLanguageDetection::test_get_files_returns_only_python PASSED [ 52%]
2026-01-30T15:21:37.3627510Z tests/test_language_detector.py::TestLanguageDetection::test_get_files_returns_only_cpp PASSED [ 52%]
2026-01-30T15:21:37.3684940Z tests/test_language_detector.py::TestExclusionPatterns::test_ignores_git_directory PASSED [ 53%]
2026-01-30T15:21:37.3760960Z tests/test_language_detector.py::TestExclusionPatterns::test_ignores_pycache_directory PASSED [ 53%]
2026-01-30T15:21:37.3803650Z tests/test_language_detector.py::TestExclusionPatterns::test_ignores_build_directory PASSED [ 53%]
2026-01-30T15:21:37.3933720Z tests/test_language_detector.py::TestExclusionPatterns::test_custom_exclude_patterns PASSED [ 53%]
2026-01-30T15:21:37.3966710Z tests/test_language_detector.py::TestConfigurationIntegration::test_respects_file_patterns_from_config PASSED [ 53%]
2026-01-30T15:21:37.4009350Z tests/test_language_detector.py::TestConfigurationIntegration::test_respects_cpp_patterns_from_config PASSED [ 53%]
2026-01-30T15:21:37.4011460Z tests/test_language_detector.py::TestSymbolicLinks::test_follows_symlinks_when_enabled SKIPPED [ 54%]
2026-01-30T15:21:37.4020310Z tests/test_language_detector.py::TestSymbolicLinks::test_ignores_symlinks_when_disabled SKIPPED [ 54%]
2026-01-30T15:21:37.4184200Z tests/test_language_detector.py::TestPerformance::test_performance_large_directory_tree PASSED [ 54%]
2026-01-30T15:21:37.4204400Z tests/test_language_detector.py::TestEdgeCases::test_nonexistent_directory_raises_error PASSED [ 54%]
2026-01-30T15:21:37.4235700Z tests/test_language_detector.py::TestEdgeCases::test_file_instead_of_directory_raises_error PASSED [ 54%]
2026-01-30T15:21:37.4278250Z tests/test_language_detector.py::TestEdgeCases::test_get_files_for_unknown_language_returns_empty PASSED [ 54%]
2026-01-30T15:21:37.4306480Z tests/test_language_detector.py::TestEdgeCases::test_empty_directory_returns_empty PASSED [ 55%]
2026-01-30T15:21:37.4346570Z tests/test_orchestrator.py::TestSequentialExecution::test_run_all_validators_sequentially PASSED [ 55%]
2026-01-30T15:21:37.4351670Z tests/test_orchestrator.py::TestSequentialExecution::test_validators_run_in_deterministic_order PASSED [ 55%]
2026-01-30T15:21:37.4354120Z tests/test_orchestrator.py::TestParallelExecution::test_run_all_validators_in_parallel PASSED [ 55%]
2026-01-30T15:21:37.9237120Z tests/test_orchestrator.py::TestParallelExecution::test_parallel_execution_faster_than_sequential PASSED [ 55%]
2026-01-30T15:21:37.9264000Z tests/test_orchestrator.py::TestLanguageFiltering::test_run_validators_for_specific_language PASSED [ 55%]
2026-01-30T15:21:37.9325660Z tests/test_orchestrator.py::TestLanguageFiltering::test_run_validators_for_cpp_language PASSED [ 55%]
2026-01-30T15:21:37.9357890Z tests/test_orchestrator.py::TestLanguageFiltering::test_run_validators_for_nonexistent_language PASSED [ 56%]
2026-01-30T15:21:37.9366690Z tests/test_orchestrator.py::TestSpecificValidatorExecution::test_run_specific_validator_by_name PASSED [ 56%]
2026-01-30T15:21:37.9369230Z tests/test_orchestrator.py::TestSpecificValidatorExecution::test_run_nonexistent_validator_raises_error PASSED [ 56%]
2026-01-30T15:21:37.9373010Z tests/test_orchestrator.py::TestResultAggregation::test_aggregate_results_all_passing PASSED [ 56%]
2026-01-30T15:21:37.9373880Z tests/test_orchestrator.py::TestResultAggregation::test_aggregate_results_with_failures PASSED [ 56%]
2026-01-30T15:21:37.9376360Z tests/test_orchestrator.py::TestResultAggregation::test_aggregate_results_counts_files_checked PASSED [ 56%]
2026-01-30T15:21:37.9398140Z tests/test_orchestrator.py::TestOverallPassFail::test_overall_pass_when_all_validators_pass PASSED [ 57%]
2026-01-30T15:21:37.9399310Z tests/test_orchestrator.py::TestOverallPassFail::test_overall_fail_when_any_validator_fails PASSED [ 57%]
2026-01-30T15:21:37.9400020Z tests/test_orchestrator.py::TestFailFastMode::test_fail_fast_stops_on_first_failure PASSED [ 57%]
2026-01-30T15:21:37.9400620Z tests/test_orchestrator.py::TestContinueOnFailureMode::test_continue_on_failure_runs_all_validators PASSED [ 57%]
2026-01-30T15:21:48.0317230Z tests/test_orchestrator.py::TestTimeoutHandling::test_timeout_handling_for_slow_validators PASSED [ 57%]
2026-01-30T15:21:48.0325380Z tests/test_orchestrator.py::TestValidatorCrashHandling::test_error_handling_when_validator_crashes PASSED [ 57%]
2026-01-30T15:21:48.0340710Z tests/test_orchestrator.py::TestToolNotFoundHandling::test_error_handling_when_tool_not_found PASSED [ 58%]
2026-01-30T15:21:48.0355540Z tests/test_orchestrator.py::TestMixedResults::test_result_collection_with_mixed_results PASSED [ 58%]
2026-01-30T15:21:48.4308990Z tests/test_orchestrator.py::TestExecutionTimeTracking::test_execution_time_tracking PASSED [ 58%]
2026-01-30T15:21:48.4325340Z tests/test_orchestrator.py::TestFileCountAggregation::test_file_count_aggregation PASSED [ 58%]
2026-01-30T15:21:48.4332970Z tests/test_orchestrator.py::TestFileCountAggregation::test_unique_files_counted PASSED [ 58%]
2026-01-30T15:21:48.4342670Z tests/test_orchestrator.py::TestEmptyFileList::test_run_with_empty_file_list PASSED [ 58%]
2026-01-30T15:21:48.4350870Z tests/test_orchestrator.py::TestConfigurationPassing::test_configuration_passed_to_validators PASSED [ 59%]
2026-01-30T15:21:48.4387450Z tests/test_parser_framework.py::TestFixtureDirectoryStructure::test_fixtures_directory_exists PASSED [ 59%]
2026-01-30T15:21:48.4395590Z tests/test_parser_framework.py::TestFixtureDirectoryStructure::test_python_fixtures_directory_exists PASSED [ 59%]
2026-01-30T15:21:48.4401930Z tests/test_parser_framework.py::TestFixtureDirectoryStructure::test_cpp_fixtures_directory_exists PASSED [ 59%]
2026-01-30T15:21:48.4409830Z tests/test_parser_framework.py::TestFixtureDirectoryStructure::test_sample_code_fixtures_directory_exists PASSED [ 59%]
2026-01-30T15:21:48.4420660Z tests/test_parser_framework.py::TestFixtureLoading::test_load_fixture_file_returns_content PASSED [ 59%]
2026-01-30T15:21:48.4438290Z tests/test_parser_framework.py::TestFixtureLoading::test_load_fixture_file_with_subdirectory PASSED [ 60%]
2026-01-30T15:21:48.4480680Z tests/test_parser_framework.py::TestFixtureLoading::test_load_fixture_file_preserves_encoding PASSED [ 60%]
2026-01-30T15:21:48.4503220Z tests/test_parser_framework.py::TestFixtureLoading::test_load_fixture_nonexistent_file_raises_error PASSED [ 60%]
2026-01-30T15:21:48.4506440Z tests/test_parser_framework.py::TestFixtureLoading::test_get_fixture_path_returns_absolute_path PASSED [ 60%]
2026-01-30T15:21:48.4512520Z tests/test_parser_framework.py::TestFixtureLoading::test_list_fixtures_in_directory PASSED [ 60%]
2026-01-30T15:21:48.4570320Z tests/test_parser_framework.py::TestParserHelpers::test_create_validation_result_helper PASSED [ 60%]
2026-01-30T15:21:48.4571280Z tests/test_parser_framework.py::TestParserHelpers::test_create_issue_helper PASSED [ 61%]
2026-01-30T15:21:48.4572030Z tests/test_parser_framework.py::TestParserHelpers::test_assert_validation_result_structure PASSED [ 61%]
2026-01-30T15:21:48.4572980Z tests/test_parser_framework.py::TestParserHelpers::test_assert_validation_result_invalid_structure_raises PASSED [ 61%]
2026-01-30T15:21:48.4573760Z tests/test_parser_framework.py::TestParserHelpers::test_assert_issue_structure PASSED [ 61%]
2026-01-30T15:21:48.4574620Z tests/test_parser_framework.py::TestParserHelpers::test_count_issues_by_severity PASSED [ 61%]
2026-01-30T15:21:48.4575350Z tests/test_parser_framework.py::TestParserHelpers::test_filter_issues_by_file PASSED [ 61%]
2026-01-30T15:21:48.4579730Z tests/test_parser_framework.py::TestParserHelpers::test_filter_issues_by_severity PASSED [ 61%]
2026-01-30T15:21:48.4605060Z tests/test_parser_framework.py::TestPythonFixtures::test_good_python_code_fixture_exists PASSED [ 62%]
2026-01-30T15:21:48.4638370Z tests/test_parser_framework.py::TestPythonFixtures::test_bad_python_syntax_error_fixture_exists PASSED [ 62%]
2026-01-30T15:21:48.4665300Z tests/test_parser_framework.py::TestPythonFixtures::test_bad_python_missing_imports_fixture_exists PASSED [ 62%]
2026-01-30T15:21:48.4666040Z tests/test_parser_framework.py::TestPythonFixtures::test_bad_python_unused_code_fixture_exists PASSED [ 62%]
2026-01-30T15:21:48.4688640Z tests/test_parser_framework.py::TestPythonFixtures::test_bad_python_style_violations_fixture_exists PASSED [ 62%]
2026-01-30T15:21:48.4700520Z tests/test_parser_framework.py::TestPythonFixtures::test_bad_python_unformatted_code_fixture_exists PASSED [ 62%]
2026-01-30T15:21:48.4721410Z tests/test_parser_framework.py::TestCppFixtures::test_good_cpp_code_fixture_exists PASSED [ 63%]
2026-01-30T15:21:48.4742880Z tests/test_parser_framework.py::TestCppFixtures::test_good_cpp_header_fixture_exists PASSED [ 63%]
2026-01-30T15:21:48.4764560Z tests/test_parser_framework.py::TestCppFixtures::test_bad_cpp_syntax_error_fixture_exists PASSED [ 63%]
2026-01-30T15:21:48.4804390Z tests/test_parser_framework.py::TestCppFixtures::test_bad_cpp_style_violations_fixture_exists PASSED [ 63%]
2026-01-30T15:21:48.4828350Z tests/test_parser_framework.py::TestCppFixtures::test_bad_cpp_static_analysis_issues_fixture_exists PASSED [ 63%]
2026-01-30T15:21:48.4850090Z tests/test_parser_framework.py::TestFixtureNamingConventions::test_readme_exists_in_fixtures_directory PASSED [ 63%]
2026-01-30T15:21:48.4897890Z tests/test_parser_framework.py::TestFixtureNamingConventions::test_readme_documents_naming_conventions PASSED [ 64%]
2026-01-30T15:21:48.4899630Z tests/test_parser_framework.py::TestFixtureNamingConventions::test_readme_documents_directory_structure PASSED [ 64%]
2026-01-30T15:21:48.4900690Z tests/test_pylint_parser.py::TestPylintJSONParsing::test_parse_json_output_with_no_issues PASSED [ 64%]
2026-01-30T15:21:48.4919310Z tests/test_pylint_parser.py::TestPylintJSONParsing::test_parse_convention_messages PASSED [ 64%]
2026-01-30T15:21:48.4930800Z tests/test_pylint_parser.py::TestPylintJSONParsing::test_parse_refactor_suggestions PASSED [ 64%]
2026-01-30T15:21:48.4946920Z tests/test_pylint_parser.py::TestPylintJSONParsing::test_parse_warnings PASSED [ 64%]
2026-01-30T15:21:48.4959090Z tests/test_pylint_parser.py::TestPylintJSONParsing::test_parse_errors PASSED [ 65%]
2026-01-30T15:21:48.4977170Z tests/test_pylint_parser.py::TestPylintJSONParsing::test_parse_fatal_errors PASSED [ 65%]
2026-01-30T15:21:48.4995490Z tests/test_pylint_parser.py::TestPylintJSONParsing::test_parse_multiple_issues_mixed_types PASSED [ 65%]
2026-01-30T15:21:48.5003950Z tests/test_pylint_parser.py::TestPylintJSONParsing::test_parse_with_score_information PASSED [ 65%]
2026-01-30T15:21:48.5006020Z tests/test_pylint_parser.py::TestPylintCommandBuilding::test_build_command_default_options PASSED [ 65%]
2026-01-30T15:21:48.5011000Z tests/test_pylint_parser.py::TestPylintCommandBuilding::test_build_command_with_disable_options PASSED [ 65%]
2026-01-30T15:21:48.5016820Z tests/test_pylint_parser.py::TestPylintCommandBuilding::test_build_command_with_enable_options PASSED [ 66%]
2026-01-30T15:21:48.5023880Z tests/test_pylint_parser.py::TestPylintCommandBuilding::test_build_command_with_max_line_length PASSED [ 66%]
2026-01-30T15:21:48.5102600Z tests/test_pylint_parser.py::TestPylintCommandBuilding::test_build_command_with_rcfile PASSED [ 66%]
2026-01-30T15:21:48.5103520Z tests/test_pylint_parser.py::TestPylintCommandBuilding::test_build_command_with_score_enabled PASSED [ 66%]
2026-01-30T15:21:48.5104220Z tests/test_pylint_parser.py::TestPylintCommandBuilding::test_build_command_with_score_disabled PASSED [ 66%]
2026-01-30T15:21:48.5105290Z tests/test_pylint_parser.py::TestPylintCommandBuilding::test_build_command_with_multiple_files PASSED [ 66%]
2026-01-30T15:21:48.5106000Z tests/test_pylint_parser.py::TestPylintErrorHandling::test_error_when_pylint_not_installed PASSED [ 66%]
2026-01-30T15:21:48.5106660Z tests/test_pylint_parser.py::TestPylintErrorHandling::test_timeout_handling PASSED [ 67%]
2026-01-30T15:21:48.5107230Z tests/test_pylint_parser.py::TestPylintErrorHandling::test_invalid_json_handling PASSED [ 67%]
2026-01-30T15:21:48.5112030Z tests/test_pylint_parser.py::TestPylintVersionDetection::test_version_detection PASSED [ 67%]
2026-01-30T15:21:48.5152780Z tests/test_pylint_parser.py::TestPylintVersionDetection::test_version_detection_pylint2 PASSED [ 67%]
2026-01-30T15:21:48.5182630Z tests/test_pylint_parser.py::TestPylintVersionDetection::test_version_detection_failure PASSED [ 67%]
2026-01-30T15:21:50.3191470Z tests/test_pylint_parser.py::TestPylintIntegrationWithFixtures::test_pylint_on_clean_python_code PASSED [ 67%]
2026-01-30T15:21:51.3172970Z tests/test_pylint_parser.py::TestPylintIntegrationWithFixtures::test_pylint_on_code_with_violations PASSED [ 68%]
2026-01-30T15:21:51.3190480Z tests/test_pylint_parser.py::TestPylintConfigurationHandling::test_detect_pylintrc PASSED [ 68%]
2026-01-30T15:21:51.3206890Z tests/test_pylint_parser.py::TestPylintConfigurationHandling::test_detect_pyproject_toml PASSED [ 68%]
2026-01-30T15:21:51.3234270Z tests/test_pylint_parser.py::TestPylintConfigurationHandling::test_detect_setup_cfg PASSED [ 68%]
2026-01-30T15:21:51.3248720Z tests/test_pylint_parser.py::TestPylintConfigurationHandling::test_priority_order_pylintrc_over_others PASSED [ 68%]
2026-01-30T15:21:51.3263260Z tests/test_pylint_parser.py::TestPylintConfigurationHandling::test_no_config_file_returns_none PASSED [ 68%]
2026-01-30T15:21:51.3275500Z tests/test_pylint_parser.py::TestPylintScoreExtraction::test_extract_score_from_text_output PASSED [ 69%]
2026-01-30T15:21:51.3281050Z tests/test_pylint_parser.py::TestPylintScoreExtraction::test_extract_score_with_previous_run PASSED [ 69%]
2026-01-30T15:21:51.3308540Z tests/test_pylint_parser.py::TestPylintScoreExtraction::test_extract_score_when_not_present PASSED [ 69%]
2026-01-30T15:21:51.3310850Z tests/test_pylint_parser.py::TestPylintScoreExtraction::test_extract_perfect_score PASSED [ 69%]
2026-01-30T15:21:51.3317750Z tests/test_pylint_parser.py::TestPylintSeverityMapping::test_convention_maps_to_warning PASSED [ 69%]
2026-01-30T15:21:51.3326450Z tests/test_pylint_parser.py::TestPylintSeverityMapping::test_refactor_maps_to_warning PASSED [ 69%]
2026-01-30T15:21:51.3334610Z tests/test_pylint_parser.py::TestPylintSeverityMapping::test_warning_maps_to_warning PASSED [ 70%]
2026-01-30T15:21:51.3340240Z tests/test_pylint_parser.py::TestPylintSeverityMapping::test_error_maps_to_error PASSED [ 70%]
2026-01-30T15:21:51.3356000Z tests/test_pylint_parser.py::TestPylintSeverityMapping::test_fatal_maps_to_error PASSED [ 70%]
2026-01-30T15:21:51.3399350Z tests/test_pytest_parser.py::TestPytestResultParsing::test_parse_output_all_tests_passed PASSED [ 70%]
2026-01-30T15:21:51.3401030Z tests/test_pytest_parser.py::TestPytestResultParsing::test_parse_output_with_test_failures PASSED [ 70%]
2026-01-30T15:21:51.3403110Z tests/test_pytest_parser.py::TestPytestResultParsing::test_parse_output_with_skipped_tests PASSED [ 70%]
2026-01-30T15:21:51.3421080Z tests/test_pytest_parser.py::TestPytestResultParsing::test_parse_parametrized_tests PASSED [ 71%]
2026-01-30T15:21:51.3453430Z tests/test_pytest_parser.py::TestPytestResultParsing::test_parse_test_durations PASSED [ 71%]
2026-01-30T15:21:51.3479190Z tests/test_pytest_parser.py::TestPytestResultParsing::test_identify_slowest_tests PASSED [ 71%]
2026-01-30T15:21:51.3512570Z tests/test_pytest_parser.py::TestPytestCoverageIntegration::test_parse_coverage_percentage PASSED [ 71%]
2026-01-30T15:21:51.3597940Z tests/test_pytest_parser.py::TestPytestCoverageIntegration::test_parse_coverage_per_module PASSED [ 71%]
2026-01-30T15:21:51.3607980Z tests/test_pytest_parser.py::TestPytestCoverageIntegration::test_parse_missing_lines PASSED [ 71%]
2026-01-30T15:21:51.3622310Z tests/test_pytest_parser.py::TestPytestCoverageIntegration::test_identify_modules_below_threshold PASSED [ 72%]
2026-01-30T15:21:51.3660700Z tests/test_pytest_parser.py::TestPytestCoverageIntegration::test_parse_branch_coverage PASSED [ 72%]
2026-01-30T15:21:51.3661620Z tests/test_pytest_parser.py::TestPytestCommandBuilding::test_build_command_default_options PASSED [ 72%]
2026-01-30T15:21:51.3667930Z tests/test_pytest_parser.py::TestPytestCommandBuilding::test_build_command_with_coverage PASSED [ 72%]
2026-01-30T15:21:51.3690240Z tests/test_pytest_parser.py::TestPytestCommandBuilding::test_build_command_with_markers PASSED [ 72%]
2026-01-30T15:21:51.3709000Z tests/test_pytest_parser.py::TestPytestCommandBuilding::test_build_command_with_keywords PASSED [ 72%]
2026-01-30T15:21:51.3737860Z tests/test_pytest_parser.py::TestPytestCommandBuilding::test_build_command_with_parallel_workers PASSED [ 72%]
2026-01-30T15:21:51.3764770Z tests/test_pytest_parser.py::TestPytestCommandBuilding::test_build_command_with_reruns PASSED [ 73%]
2026-01-30T15:21:51.3776340Z tests/test_pytest_parser.py::TestPytestCommandBuilding::test_build_command_with_verbose PASSED [ 73%]
2026-01-30T15:21:51.3787150Z tests/test_pytest_parser.py::TestPytestCommandBuilding::test_build_command_with_multiple_files PASSED [ 73%]
2026-01-30T15:21:51.3830850Z tests/test_pytest_parser.py::TestPytestErrorHandling::test_error_when_pytest_not_installed PASSED [ 73%]
2026-01-30T15:21:51.3846450Z tests/test_pytest_parser.py::TestPytestErrorHandling::test_timeout_handling PASSED [ 73%]
2026-01-30T15:21:51.3853830Z tests/test_pytest_parser.py::TestPytestErrorHandling::test_parse_with_invalid_json PASSED [ 73%]
2026-01-30T15:21:51.3883210Z tests/test_pytest_parser.py::TestPytestErrorHandling::test_error_when_coverage_plugin_missing PASSED [ 74%]
2026-01-30T15:21:51.3905410Z tests/test_pytest_parser.py::TestPytestVersionDetection::test_version_detection PASSED [ 74%]
2026-01-30T15:21:51.3931950Z tests/test_pytest_parser.py::TestPytestVersionDetection::test_version_detection_failure PASSED [ 74%]
2026-01-30T15:21:51.4033260Z tests/test_pytest_parser.py::TestPytestIntegrationWithFixtures::test_pytest_on_passing_test_suite SKIPPED [ 74%]
2026-01-30T15:21:51.4049900Z tests/test_pytest_parser.py::TestPytestIntegrationWithFixtures::test_pytest_on_failing_test_suite SKIPPED [ 74%]
2026-01-30T15:21:51.4051780Z tests/test_pytest_parser.py::TestPytestIntegrationWithFixtures::test_coverage_measurement SKIPPED [ 74%]
2026-01-30T15:21:51.4053900Z tests/test_pytest_parser.py::TestPytestFlakyTestDetection::test_detect_flaky_test PASSED [ 75%]
2026-01-30T15:21:51.4057460Z tests/test_pytest_parser.py::TestPytestFlakyTestDetection::test_no_flaky_tests PASSED [ 75%]
2026-01-30T15:21:51.4058420Z tests/test_pytest_parser.py::TestPytestSummaryStatistics::test_extract_summary_statistics PASSED [ 75%]
2026-01-30T15:21:51.4059980Z tests/test_pytest_parser.py::TestPytestSummaryStatistics::test_calculate_pass_rate PASSED [ 75%]
2026-01-30T15:21:51.4062140Z tests/test_pytest_parser.py::TestPytestConfigurationHandling::test_detect_pytest_ini PASSED [ 75%]
2026-01-30T15:21:51.4062970Z tests/test_pytest_parser.py::TestPytestConfigurationHandling::test_detect_pyproject_toml PASSED [ 75%]
2026-01-30T15:21:51.4063600Z tests/test_pytest_parser.py::TestPytestConfigurationHandling::test_detect_setup_cfg PASSED [ 76%]
2026-01-30T15:21:51.4106960Z tests/test_pytest_parser.py::TestPytestConfigurationHandling::test_no_config_file_returns_none PASSED [ 76%]
2026-01-30T15:21:51.4113710Z tests/test_radon_parser.py::TestRadonCyclomaticComplexity::test_parse_cc_output_with_no_functions PASSED [ 76%]
2026-01-30T15:21:51.4134000Z tests/test_radon_parser.py::TestRadonCyclomaticComplexity::test_parse_cc_output_with_low_complexity_functions PASSED [ 76%]
2026-01-30T15:21:51.4142910Z tests/test_radon_parser.py::TestRadonCyclomaticComplexity::test_parse_cc_output_with_high_complexity_functions PASSED [ 76%]
2026-01-30T15:21:51.4152210Z tests/test_radon_parser.py::TestRadonCyclomaticComplexity::test_parse_cc_output_with_multiple_functions PASSED [ 76%]
2026-01-30T15:21:51.4159470Z tests/test_radon_parser.py::TestRadonCyclomaticComplexity::test_parse_cc_output_with_methods PASSED [ 77%]
2026-01-30T15:21:51.4166310Z tests/test_radon_parser.py::TestRadonCyclomaticComplexity::test_parse_cc_output_with_closures PASSED [ 77%]
2026-01-30T15:21:51.4172430Z tests/test_radon_parser.py::TestRadonCyclomaticComplexity::test_parse_cc_complexity_ranks PASSED [ 77%]
2026-01-30T15:21:51.4179940Z tests/test_radon_parser.py::TestRadonMaintainabilityIndex::test_parse_mi_output_high_maintainability PASSED [ 77%]
2026-01-30T15:21:51.4187090Z tests/test_radon_parser.py::TestRadonMaintainabilityIndex::test_parse_mi_output_low_maintainability PASSED [ 77%]
2026-01-30T15:21:51.4194010Z tests/test_radon_parser.py::TestRadonMaintainabilityIndex::test_parse_mi_output_multiple_files PASSED [ 77%]
2026-01-30T15:21:51.4199690Z tests/test_radon_parser.py::TestRadonMaintainabilityIndex::test_parse_mi_ranks PASSED [ 77%]
2026-01-30T15:21:51.4206960Z tests/test_radon_parser.py::TestRadonRawMetrics::test_parse_raw_metrics PASSED [ 78%]
2026-01-30T15:21:51.4214720Z tests/test_radon_parser.py::TestRadonRawMetrics::test_parse_raw_metrics_multiple_files PASSED [ 78%]
2026-01-30T15:21:51.4235610Z tests/test_radon_parser.py::TestRadonCommandBuilding::test_build_cc_command_default_options PASSED [ 78%]
2026-01-30T15:21:51.4274450Z tests/test_radon_parser.py::TestRadonCommandBuilding::test_build_cc_command_with_min_grade PASSED [ 78%]
2026-01-30T15:21:51.4308570Z tests/test_radon_parser.py::TestRadonCommandBuilding::test_build_cc_command_with_show_closures PASSED [ 78%]
2026-01-30T15:21:51.4322430Z tests/test_radon_parser.py::TestRadonCommandBuilding::test_build_cc_command_with_exclude_patterns PASSED [ 78%]
2026-01-30T15:21:51.4328250Z tests/test_radon_parser.py::TestRadonCommandBuilding::test_build_mi_command_default_options PASSED [ 79%]
2026-01-30T15:21:51.4334820Z tests/test_radon_parser.py::TestRadonCommandBuilding::test_build_mi_command_with_show_details PASSED [ 79%]
2026-01-30T15:21:51.4340350Z tests/test_radon_parser.py::TestRadonCommandBuilding::test_build_raw_command_default_options PASSED [ 79%]
2026-01-30T15:21:51.4346160Z tests/test_radon_parser.py::TestRadonCommandBuilding::test_build_command_with_multiple_files PASSED [ 79%]
2026-01-30T15:21:51.4377590Z tests/test_radon_parser.py::TestRadonErrorHandling::test_error_when_radon_not_installed PASSED [ 79%]
2026-01-30T15:21:51.4393140Z tests/test_radon_parser.py::TestRadonErrorHandling::test_timeout_handling PASSED [ 79%]
2026-01-30T15:21:51.4457420Z tests/test_radon_parser.py::TestRadonErrorHandling::test_invalid_json_handling PASSED [ 80%]
2026-01-30T15:21:51.4466130Z tests/test_radon_parser.py::TestRadonVersionDetection::test_version_detection PASSED [ 80%]
2026-01-30T15:21:51.4467850Z tests/test_radon_parser.py::TestRadonVersionDetection::test_version_detection_failure PASSED [ 80%]
2026-01-30T15:21:51.6724270Z tests/test_radon_parser.py::TestRadonIntegrationWithFixtures::test_radon_cc_on_simple_python_code PASSED [ 80%]
2026-01-30T15:21:51.9346590Z tests/test_radon_parser.py::TestRadonIntegrationWithFixtures::test_radon_mi_on_python_code PASSED [ 80%]
2026-01-30T15:21:51.9353860Z tests/test_radon_parser.py::TestRadonComplexityAggregation::test_calculate_average_complexity PASSED [ 80%]
2026-01-30T15:21:51.9360600Z tests/test_radon_parser.py::TestRadonComplexityAggregation::test_calculate_average_complexity_with_empty_data PASSED [ 81%]
2026-01-30T15:21:51.9368330Z tests/test_radon_parser.py::TestRadonComplexityAggregation::test_identify_high_complexity_functions PASSED [ 81%]
2026-01-30T15:21:51.9397680Z tests/test_radon_parser.py::TestRadonConfigurationHandling::test_detect_radon_config_in_pyproject_toml PASSED [ 81%]
2026-01-30T15:21:51.9436570Z tests/test_radon_parser.py::TestRadonConfigurationHandling::test_detect_radon_config_in_setup_cfg PASSED [ 81%]
2026-01-30T15:21:51.9460250Z tests/test_radon_parser.py::TestRadonConfigurationHandling::test_no_config_file_returns_none PASSED [ 81%]
2026-01-30T15:21:51.9475110Z tests/test_reporting.py::TestReportSummary::test_summary_from_passing_results PASSED [ 81%]
2026-01-30T15:21:51.9483600Z tests/test_reporting.py::TestReportSummary::test_summary_from_failing_results PASSED [ 82%]
2026-01-30T15:21:51.9489520Z tests/test_reporting.py::TestReportSummary::test_summary_with_empty_results PASSED [ 82%]
2026-01-30T15:21:51.9496100Z tests/test_reporting.py::TestReportSummary::test_summary_to_dict PASSED  [ 82%]
2026-01-30T15:21:51.9534720Z tests/test_reporting.py::TestConsoleReporter::test_generate_report_all_passing PASSED [ 82%]
2026-01-30T15:21:51.9537300Z tests/test_reporting.py::TestConsoleReporter::test_generate_report_with_failures PASSED [ 82%]
2026-01-30T15:21:51.9539590Z tests/test_reporting.py::TestConsoleReporter::test_report_includes_execution_times PASSED [ 82%]
2026-01-30T15:21:51.9541260Z tests/test_reporting.py::TestConsoleReporter::test_report_shows_overall_pass_fail PASSED [ 83%]
2026-01-30T15:21:51.9546930Z tests/test_reporting.py::TestConsoleReporter::test_report_groups_issues_by_file PASSED [ 83%]
2026-01-30T15:21:51.9550040Z tests/test_reporting.py::TestConsoleReporter::test_report_groups_issues_by_validator PASSED [ 83%]
2026-01-30T15:21:51.9596490Z tests/test_reporting.py::TestConsoleReporter::test_report_shows_summary_statistics PASSED [ 83%]
2026-01-30T15:21:51.9602880Z tests/test_reporting.py::TestConsoleReporter::test_colored_output_enabled PASSED [ 83%]
2026-01-30T15:21:51.9680130Z tests/test_reporting.py::TestConsoleReporter::test_plain_text_output PASSED [ 83%]
2026-01-30T15:21:51.9685820Z tests/test_reporting.py::TestConsoleReporter::test_verbose_mode_includes_all_details PASSED [ 83%]
2026-01-30T15:21:51.9695710Z tests/test_reporting.py::TestConsoleReporter::test_quiet_mode_shows_only_errors PASSED [ 84%]
2026-01-30T15:21:51.9728750Z tests/test_reporting.py::TestConsoleReporter::test_report_with_box_drawing_characters PASSED [ 84%]
2026-01-30T15:21:51.9739430Z tests/test_reporting.py::TestConsoleReporter::test_report_without_box_drawing PASSED [ 84%]
2026-01-30T15:21:51.9740050Z tests/test_reporting.py::TestConsoleReporter::test_empty_results_report PASSED [ 84%]
2026-01-30T15:21:51.9740690Z tests/test_reporting.py::TestJSONReporter::test_generate_json_report_all_passing PASSED [ 84%]
2026-01-30T15:21:51.9742410Z tests/test_reporting.py::TestJSONReporter::test_generate_json_report_with_failures PASSED [ 84%]
2026-01-30T15:21:51.9750090Z tests/test_reporting.py::TestJSONReporter::test_json_report_includes_all_errors PASSED [ 85%]
2026-01-30T15:21:51.9758860Z tests/test_reporting.py::TestJSONReporter::test_json_report_includes_warnings PASSED [ 85%]
2026-01-30T15:21:51.9770910Z tests/test_reporting.py::TestJSONReporter::test_json_report_includes_execution_times PASSED [ 85%]
2026-01-30T15:21:51.9808450Z tests/test_reporting.py::TestJSONReporter::test_json_report_includes_file_counts PASSED [ 85%]
2026-01-30T15:21:51.9852450Z tests/test_reporting.py::TestJSONReporter::test_json_report_structure PASSED [ 85%]
2026-01-30T15:21:51.9853060Z tests/test_reporting.py::TestJSONReporter::test_json_report_with_indent PASSED [ 85%]
2026-01-30T15:21:51.9853640Z tests/test_reporting.py::TestJSONReporter::test_json_report_without_indent PASSED [ 86%]
2026-01-30T15:21:51.9893320Z tests/test_reporting.py::TestJSONReporter::test_json_report_file_export PASSED [ 86%]
2026-01-30T15:21:51.9971040Z tests/test_reporting.py::TestJSONReporter::test_json_report_empty_results PASSED [ 86%]
2026-01-30T15:21:51.9979080Z tests/test_reporting.py::TestReportFormatting::test_format_duration_seconds PASSED [ 86%]
2026-01-30T15:21:51.9979800Z tests/test_reporting.py::TestReportFormatting::test_format_duration_milliseconds PASSED [ 86%]
2026-01-30T15:21:51.9981120Z tests/test_reporting.py::TestReportFormatting::test_format_file_path_relative PASSED [ 86%]
2026-01-30T15:21:51.9982010Z tests/test_reporting.py::TestReportFormatting::test_format_file_path_absolute PASSED [ 87%]
2026-01-30T15:21:51.9982570Z tests/test_reporting.py::TestReportFormatting::test_format_issue_location PASSED [ 87%]
2026-01-30T15:21:51.9983650Z tests/test_reporting.py::TestReportFormatting::test_format_issue_location_without_column PASSED [ 87%]
2026-01-30T15:21:52.0018600Z tests/test_reporting.py::TestColorSupport::test_detect_color_support_tty PASSED [ 87%]
2026-01-30T15:21:52.0019370Z tests/test_reporting.py::TestColorSupport::test_detect_color_support_no_tty PASSED [ 87%]
2026-01-30T15:21:52.0020010Z tests/test_reporting.py::TestColorSupport::test_detect_color_support_no_color_env PASSED [ 87%]
2026-01-30T15:21:52.0049120Z tests/test_reporting.py::TestReportExport::test_export_console_report_to_file PASSED [ 88%]
2026-01-30T15:21:52.0094780Z tests/test_reporting.py::TestReportExport::test_export_json_report_to_file PASSED [ 88%]
2026-01-30T15:21:52.0200240Z tests/test_reporting.py::TestIssueGrouping::test_group_issues_by_file PASSED [ 88%]
2026-01-30T15:21:52.0205200Z tests/test_reporting.py::TestIssueGrouping::test_group_issues_by_validator PASSED [ 88%]
2026-01-30T15:21:52.0205800Z tests/test_reporting.py::TestIssueGrouping::test_group_issues_by_severity PASSED [ 88%]
2026-01-30T15:21:52.0224690Z tests/test_validator_interface.py::TestValidationResult::test_validation_result_creation PASSED [ 88%]
2026-01-30T15:21:52.0233210Z tests/test_validator_interface.py::TestValidationResult::test_validation_result_with_errors PASSED [ 88%]
2026-01-30T15:21:52.0233890Z tests/test_validator_interface.py::TestValidationResult::test_validation_result_to_dict PASSED [ 89%]
2026-01-30T15:21:52.0234540Z tests/test_validator_interface.py::TestValidationResult::test_validation_result_from_dict PASSED [ 89%]
2026-01-30T15:21:52.0255170Z tests/test_validator_interface.py::TestValidationResult::test_validation_result_equality PASSED [ 89%]
2026-01-30T15:21:52.0258020Z tests/test_validator_interface.py::TestValidationResult::test_validation_result_with_empty_lists PASSED [ 89%]
2026-01-30T15:21:52.0259730Z tests/test_validator_interface.py::TestIssue::test_issue_creation_with_all_fields PASSED [ 89%]
2026-01-30T15:21:52.0263430Z tests/test_validator_interface.py::TestIssue::test_issue_creation_with_optional_fields PASSED [ 89%]
2026-01-30T15:21:52.0286780Z tests/test_validator_interface.py::TestIssue::test_issue_severity_validation_error PASSED [ 90%]
2026-01-30T15:21:52.0291100Z tests/test_validator_interface.py::TestIssue::test_issue_to_dict PASSED  [ 90%]
2026-01-30T15:21:52.0291990Z tests/test_validator_interface.py::TestValidator::test_validator_abstract_methods_raise_not_implemented PASSED [ 90%]
2026-01-30T15:21:52.0293530Z tests/test_validator_interface.py::TestValidator::test_validator_subclass_must_implement_methods PASSED [ 90%]
2026-01-30T15:21:52.0301480Z tests/test_validator_interface.py::TestValidator::test_validator_complete_subclass PASSED [ 90%]
2026-01-30T15:21:52.0312480Z tests/test_validator_registry.py::TestValidatorRegistration::test_register_validator_by_language PASSED [ 90%]
2026-01-30T15:21:52.0319400Z tests/test_validator_registry.py::TestValidatorRegistration::test_register_multiple_validators_same_language PASSED [ 91%]
2026-01-30T15:21:52.0325760Z tests/test_validator_registry.py::TestValidatorRegistration::test_register_validators_different_languages PASSED [ 91%]
2026-01-30T15:21:52.0353760Z tests/test_validator_registry.py::TestValidatorRegistration::test_register_duplicate_validator_raises_error PASSED [ 91%]
2026-01-30T15:21:52.0356200Z tests/test_validator_registry.py::TestValidatorRetrieval::test_get_validators_by_language PASSED [ 91%]
2026-01-30T15:21:52.0358250Z tests/test_validator_registry.py::TestValidatorRetrieval::test_get_validators_by_nonexistent_language PASSED [ 91%]
2026-01-30T15:21:52.0361500Z tests/test_validator_registry.py::TestValidatorRetrieval::test_get_validator_by_name PASSED [ 91%]
2026-01-30T15:21:52.0387180Z tests/test_validator_registry.py::TestValidatorRetrieval::test_get_nonexistent_validator_raises_error PASSED [ 92%]
2026-01-30T15:21:52.0387970Z tests/test_validator_registry.py::TestValidatorRetrieval::test_get_validator_case_sensitive PASSED [ 92%]
2026-01-30T15:21:52.0388940Z tests/test_validator_registry.py::TestValidatorAvailability::test_validator_availability_check_exists PASSED [ 92%]
2026-01-30T15:21:52.0389710Z tests/test_validator_registry.py::TestValidatorAvailability::test_validator_availability_check_not_exists PASSED [ 92%]
2026-01-30T15:21:52.0390510Z tests/test_validator_registry.py::TestValidatorListing::test_list_all_registered_validators PASSED [ 92%]
2026-01-30T15:21:52.0395300Z tests/test_validator_registry.py::TestValidatorListing::test_list_all_empty_registry PASSED [ 92%]
2026-01-30T15:21:52.0403450Z tests/test_validator_registry.py::TestValidatorListing::test_list_validators_for_specific_language PASSED [ 93%]
2026-01-30T15:21:52.0421290Z tests/test_validator_registry.py::TestValidatorOrdering::test_validator_ordering_deterministic PASSED [ 93%]
2026-01-30T15:21:52.0572110Z tests/test_validator_registry.py::TestValidatorMetadata::test_get_validator_metadata PASSED [ 93%]
2026-01-30T15:21:52.0588790Z tests/test_validator_registry.py::TestValidatorMetadata::test_get_metadata_for_nonexistent_validator PASSED [ 93%]
2026-01-30T15:21:52.0589660Z tests/test_validator_registry.py::TestValidatorMetadata::test_list_all_metadata PASSED [ 93%]
2026-01-30T15:21:52.0590390Z tests/test_validator_registry.py::TestValidatorFiltering::test_filter_validators_by_enabled_status PASSED [ 93%]
2026-01-30T15:21:52.0592650Z tests/test_validator_registry.py::TestValidatorFiltering::test_filter_by_language_and_names PASSED [ 94%]
2026-01-30T15:21:52.0593810Z tests/test_validator_registry.py::TestRegistrySingleton::test_multiple_registry_instances_independent PASSED [ 94%]
2026-01-30T15:21:52.0594760Z tests/test_validator_registry.py::TestEdgeCases::test_get_validators_with_empty_language_string PASSED [ 94%]
2026-01-30T15:21:52.0596700Z tests/test_validator_registry.py::TestEdgeCases::test_register_validator_with_empty_name_raises_error PASSED [ 94%]
2026-01-30T15:21:52.0598280Z tests/test_validator_registry.py::TestEdgeCases::test_register_validator_with_empty_language_raises_error PASSED [ 94%]
2026-01-30T15:21:52.0599190Z tests/test_validator_registry.py::TestEdgeCases::test_unregister_validator PASSED [ 94%]
2026-01-30T15:21:52.0600210Z tests/test_validator_registry.py::TestEdgeCases::test_unregister_nonexistent_validator_raises_error PASSED [ 94%]
2026-01-30T15:21:52.0601920Z tests/test_validator_registry.py::TestEdgeCases::test_clear_registry PASSED [ 95%]
2026-01-30T15:21:52.0633110Z tests/test_vulture_parser.py::TestVultureUnusedCodeDetection::test_parse_output_with_no_unused_code PASSED [ 95%]
2026-01-30T15:21:52.0735450Z tests/test_vulture_parser.py::TestVultureUnusedCodeDetection::test_parse_unused_function_detection PASSED [ 95%]
2026-01-30T15:21:52.0740320Z tests/test_vulture_parser.py::TestVultureUnusedCodeDetection::test_parse_unused_method_detection PASSED [ 95%]
2026-01-30T15:21:52.0741260Z tests/test_vulture_parser.py::TestVultureUnusedCodeDetection::test_parse_unused_class_detection PASSED [ 95%]
2026-01-30T15:21:52.0742070Z tests/test_vulture_parser.py::TestVultureUnusedCodeDetection::test_parse_unused_variable_detection PASSED [ 95%]
2026-01-30T15:21:52.0742800Z tests/test_vulture_parser.py::TestVultureUnusedCodeDetection::test_parse_unused_import_detection PASSED [ 96%]
2026-01-30T15:21:52.0743580Z tests/test_vulture_parser.py::TestVultureUnusedCodeDetection::test_parse_unused_property_detection PASSED [ 96%]
2026-01-30T15:21:52.0744310Z tests/test_vulture_parser.py::TestVultureUnusedCodeDetection::test_parse_multiple_unused_items PASSED [ 96%]
2026-01-30T15:21:52.0745040Z tests/test_vulture_parser.py::TestVultureUnusedCodeDetection::test_filter_by_minimum_confidence_threshold PASSED [ 96%]
2026-01-30T15:21:52.0745850Z tests/test_vulture_parser.py::TestVultureCommandBuilding::test_build_command_default_options PASSED [ 96%]
2026-01-30T15:21:52.0746570Z tests/test_vulture_parser.py::TestVultureCommandBuilding::test_build_command_with_min_confidence PASSED [ 96%]
2026-01-30T15:21:52.0747490Z tests/test_vulture_parser.py::TestVultureCommandBuilding::test_build_command_with_exclude_patterns PASSED [ 97%]
2026-01-30T15:21:52.0748300Z tests/test_vulture_parser.py::TestVultureCommandBuilding::test_build_command_with_ignore_decorators PASSED [ 97%]
2026-01-30T15:21:52.0749020Z tests/test_vulture_parser.py::TestVultureCommandBuilding::test_build_command_with_ignore_names PASSED [ 97%]
2026-01-30T15:21:52.0749720Z tests/test_vulture_parser.py::TestVultureCommandBuilding::test_build_command_with_make_whitelist PASSED [ 97%]
2026-01-30T15:21:52.0750510Z tests/test_vulture_parser.py::TestVultureCommandBuilding::test_build_command_with_sort_by_size PASSED [ 97%]
2026-01-30T15:21:52.0751210Z tests/test_vulture_parser.py::TestVultureErrorHandling::test_error_when_vulture_not_installed PASSED [ 97%]
2026-01-30T15:21:52.0759240Z tests/test_vulture_parser.py::TestVultureErrorHandling::test_timeout_handling PASSED [ 98%]
2026-01-30T15:21:52.0777540Z tests/test_vulture_parser.py::TestVultureErrorHandling::test_parse_with_empty_output PASSED [ 98%]
2026-01-30T15:21:52.0810890Z tests/test_vulture_parser.py::TestVultureVersionDetection::test_version_detection PASSED [ 98%]
2026-01-30T15:21:52.0857100Z tests/test_vulture_parser.py::TestVultureVersionDetection::test_version_detection_failure PASSED [ 98%]
2026-01-30T15:21:52.0863810Z tests/test_vulture_parser.py::TestVultureIntegrationWithFixtures::test_vulture_on_code_with_unused_items SKIPPED [ 98%]
2026-01-30T15:21:52.0869160Z tests/test_vulture_parser.py::TestVultureIntegrationWithFixtures::test_vulture_on_clean_code SKIPPED [ 98%]
2026-01-30T15:21:52.0888160Z tests/test_vulture_parser.py::TestVultureStatistics::test_group_unused_items_by_type PASSED [ 99%]
2026-01-30T15:21:52.0889120Z tests/test_vulture_parser.py::TestVultureStatistics::test_calculate_total_unused_count PASSED [ 99%]
2026-01-30T15:21:52.0898290Z tests/test_vulture_parser.py::TestVultureStatistics::test_extract_confidence_scores PASSED [ 99%]
2026-01-30T15:21:52.0904320Z tests/test_vulture_parser.py::TestVultureStatistics::test_calculate_average_confidence PASSED [ 99%]
2026-01-30T15:21:52.0959450Z tests/test_vulture_parser.py::TestVultureConfigurationHandling::test_detect_vulture_config_in_pyproject_toml PASSED [ 99%]
2026-01-30T15:21:52.0989440Z tests/test_vulture_parser.py::TestVultureConfigurationHandling::test_detect_vulture_config_in_setup_cfg PASSED [ 99%]
2026-01-30T15:21:53.5522840Z tests/test_vulture_parser.py::TestVultureConfigurationHandling::test_no_config_file_returns_none PASSED [100%]
2026-01-30T15:21:53.5525170Z 
2026-01-30T15:21:53.5525930Z ---------- coverage: platform darwin, python 3.8.10-final-0 ----------
2026-01-30T15:21:53.5527340Z Name                                   Stmts   Miss  Cover   Missing
2026-01-30T15:21:53.5528650Z --------------------------------------------------------------------
2026-01-30T15:21:53.5529650Z anvil/__init__.py                          2      0   100%
2026-01-30T15:21:53.5530670Z anvil/config/__init__.py                   2      0   100%
2026-01-30T15:21:53.5536910Z anvil/config/configuration.py             91      3    97%   265, 280, 302
2026-01-30T15:21:53.5537560Z anvil/core/__init__.py                     5      0   100%
2026-01-30T15:21:53.5538290Z anvil/core/file_collector.py             106      9    92%   92, 157, 211-213, 300-303, 319
2026-01-30T15:21:53.5538850Z anvil/core/language_detector.py           72     13    82%   169-170, 187, 209-224
2026-01-30T15:21:53.5540250Z anvil/core/orchestrator.py                90      8    91%   99, 125, 245-251
2026-01-30T15:21:53.5541330Z anvil/core/validator_registry.py          62      0   100%
2026-01-30T15:21:53.5541780Z anvil/models/__init__.py                   2      0   100%
2026-01-30T15:21:53.5542520Z anvil/models/validator.py                 34      0   100%
2026-01-30T15:21:53.5542930Z anvil/parsers/__init__.py                 11      0   100%
2026-01-30T15:21:53.5543430Z anvil/parsers/autoflake_parser.py        105      8    92%   95, 162, 214, 264, 276, 279, 287-288
2026-01-30T15:21:53.5544690Z anvil/parsers/black_parser.py            117     17    85%   97-106, 131, 146, 188-192, 258-260, 315, 324-329
2026-01-30T15:21:53.5545250Z anvil/parsers/clang_format_parser.py      87      2    98%   219, 243
2026-01-30T15:21:53.5545910Z anvil/parsers/clang_tidy_parser.py       190     34    82%   50, 113-116, 136-138, 158-175, 195, 214, 225-226, 302, 323, 387, 420, 430-431, 453, 464-465, 488, 494-495, 525
2026-01-30T15:21:53.5546710Z anvil/parsers/cppcheck_parser.py         165     15    91%   128, 156-158, 191, 200, 258, 279, 343, 392-393, 416, 431-432, 471-472
2026-01-30T15:21:53.5547280Z anvil/parsers/cpplint_parser.py           90      3    97%   163-165, 222
2026-01-30T15:21:53.5547790Z anvil/parsers/flake8_parser.py           122     11    91%   32, 50, 134, 141, 165-169, 194, 303-305, 358
2026-01-30T15:21:53.5548410Z anvil/parsers/isort_parser.py             96      9    91%   199-203, 271, 275-276, 280, 284
2026-01-30T15:21:53.5548910Z anvil/parsers/iwyu_parser.py             124      3    98%   265-267, 330
2026-01-30T15:21:53.5549380Z anvil/parsers/pylint_parser.py            93      1    99%   211
2026-01-30T15:21:53.5549990Z anvil/parsers/pytest_parser.py           206     26    87%   90-94, 128, 184-186, 207-208, 229-231, 263-265, 289, 365-386, 442-443, 470-471, 490
2026-01-30T15:21:53.5550660Z anvil/parsers/radon_parser.py            182     26    86%   57, 87-97, 337-340, 361-375, 419-420, 444, 497, 505-506, 531, 541-544
2026-01-30T15:21:53.5551280Z anvil/parsers/vulture_parser.py          118      8    93%   44, 102, 169, 186-187, 211, 262, 333
2026-01-30T15:21:53.5551820Z anvil/reporting/__init__.py                4      0   100%
2026-01-30T15:21:53.5552290Z anvil/reporting/console_reporter.py      134      9    93%   96, 142, 177, 201-206, 252
2026-01-30T15:21:53.5553200Z anvil/reporting/formatters.py             21      3    86%   41, 51-53
2026-01-30T15:21:53.5553610Z anvil/reporting/grouping.py               21      0   100%
2026-01-30T15:21:53.5554050Z anvil/reporting/json_reporter.py          19      1    95%   42
2026-01-30T15:21:53.5554460Z anvil/reporting/reporter.py               31      0   100%
2026-01-30T15:21:53.5554850Z --------------------------------------------------------------------
2026-01-30T15:21:53.5555290Z TOTAL                                   2402    209    91%
2026-01-30T15:21:53.5555630Z Coverage HTML written to dir htmlcov
2026-01-30T15:21:53.5555980Z Coverage XML written to file coverage.xml
2026-01-30T15:21:53.5556200Z 
2026-01-30T15:21:53.5556410Z Required test coverage of 90% reached. Total coverage: 91.30%
2026-01-30T15:21:53.5556710Z 
2026-01-30T15:21:53.5556870Z ======================= 602 passed, 16 skipped in 23.57s =======================
2026-01-30T15:21:53.6513990Z Post job cleanup.
2026-01-30T15:21:53.9657790Z Post job cleanup.
2026-01-30T15:21:54.1177970Z [command]/opt/homebrew/bin/git version
2026-01-30T15:21:54.1276420Z git version 2.52.0
2026-01-30T15:21:54.1307930Z Copying '/Users/runner/.gitconfig' to '/Users/runner/work/_temp/878bced1-2cee-40b2-88cf-7d6414d52e52/.gitconfig'
2026-01-30T15:21:54.1310030Z Temporarily overriding HOME='/Users/runner/work/_temp/878bced1-2cee-40b2-88cf-7d6414d52e52' before making global git config changes
2026-01-30T15:21:54.1312310Z Adding repository directory to the temporary git global config as a safe directory
2026-01-30T15:21:54.1313680Z [command]/opt/homebrew/bin/git config --global --add safe.directory /Users/runner/work/argos/argos
2026-01-30T15:21:54.1392420Z [command]/opt/homebrew/bin/git config --local --name-only --get-regexp core\.sshCommand
2026-01-30T15:21:54.1478620Z [command]/opt/homebrew/bin/git submodule foreach --recursive sh -c "git config --local --name-only --get-regexp 'core\.sshCommand' && git config --local --unset-all 'core.sshCommand' || :"
2026-01-30T15:21:54.3179130Z [command]/opt/homebrew/bin/git config --local --name-only --get-regexp http\.https\:\/\/github\.com\/\.extraheader
2026-01-30T15:21:54.3214380Z http.https://github.com/.extraheader
2026-01-30T15:21:54.3289690Z [command]/opt/homebrew/bin/git config --local --unset-all http.https://github.com/.extraheader
2026-01-30T15:21:54.3390080Z [command]/opt/homebrew/bin/git submodule foreach --recursive sh -c "git config --local --name-only --get-regexp 'http\.https\:\/\/github\.com\/\.extraheader' && git config --local --unset-all 'http.https://github.com/.extraheader' || :"
2026-01-30T15:21:54.4733990Z [command]/opt/homebrew/bin/git config --local --name-only --get-regexp ^includeIf\.gitdir:
2026-01-30T15:21:54.4857350Z [command]/opt/homebrew/bin/git submodule foreach --recursive git config --local --show-origin --name-only --get-regexp remote.origin.url
2026-01-30T15:21:54.6075010Z Cleaning up orphan processes
