2026-01-30T15:19:56.7737430Z Current runner version: '2.331.0'
2026-01-30T15:19:56.7762580Z ##[group]Runner Image Provisioner
2026-01-30T15:19:56.7763526Z Hosted Compute Agent
2026-01-30T15:19:56.7764083Z Version: 20260123.484
2026-01-30T15:19:56.7764633Z Commit: 6bd6555ca37d84114959e1c76d2c01448ff61c5d
2026-01-30T15:19:56.7765374Z Build Date: 2026-01-23T19:41:17Z
2026-01-30T15:19:56.7765983Z Worker ID: {510b7e4d-31af-46fd-aa11-10d885169d8c}
2026-01-30T15:19:56.7766694Z Azure Region: northcentralus
2026-01-30T15:19:56.7767265Z ##[endgroup]
2026-01-30T15:19:56.7768676Z ##[group]Operating System
2026-01-30T15:19:56.7769414Z Ubuntu
2026-01-30T15:19:56.7769917Z 24.04.3
2026-01-30T15:19:56.7770383Z LTS
2026-01-30T15:19:56.7770843Z ##[endgroup]
2026-01-30T15:19:56.7771358Z ##[group]Runner Image
2026-01-30T15:19:56.7771866Z Image: ubuntu-24.04
2026-01-30T15:19:56.7772375Z Version: 20260126.10.1
2026-01-30T15:19:56.7773572Z Included Software: https://github.com/actions/runner-images/blob/ubuntu24/20260126.10/images/ubuntu/Ubuntu2404-Readme.md
2026-01-30T15:19:56.7775024Z Image Release: https://github.com/actions/runner-images/releases/tag/ubuntu24%2F20260126.10
2026-01-30T15:19:56.7776000Z ##[endgroup]
2026-01-30T15:19:56.7777051Z ##[group]GITHUB_TOKEN Permissions
2026-01-30T15:19:56.7779048Z Contents: read
2026-01-30T15:19:56.7780037Z Metadata: read
2026-01-30T15:19:56.7780558Z Packages: read
2026-01-30T15:19:56.7781035Z ##[endgroup]
2026-01-30T15:19:56.7783052Z Secret source: Actions
2026-01-30T15:19:56.7784010Z Prepare workflow directory
2026-01-30T15:19:56.8107162Z Prepare all required actions
2026-01-30T15:19:56.8146461Z Getting action download info
2026-01-30T15:19:57.1748547Z Download action repository 'actions/checkout@v4' (SHA:34e114876b0b11c390a56381ad16ebd13914f8d5)
2026-01-30T15:19:57.2728834Z Download action repository 'actions/setup-python@v5' (SHA:a26af69be951a213d495a4c3e4e4022e16d87065)
2026-01-30T15:19:57.3543193Z Download action repository 'codecov/codecov-action@v4' (SHA:b9fd7d16f6d7d1b5d2bec1a2887e65ceed900238)
2026-01-30T15:19:57.8047386Z Complete job name: test (ubuntu-latest, 3.11)
2026-01-30T15:19:57.8652659Z ##[group]Run actions/checkout@v4
2026-01-30T15:19:57.8653487Z with:
2026-01-30T15:19:57.8653878Z   repository: lmvcruz/argos
2026-01-30T15:19:57.8654486Z   token: ***
2026-01-30T15:19:57.8654857Z   ssh-strict: true
2026-01-30T15:19:57.8655237Z   ssh-user: git
2026-01-30T15:19:57.8655627Z   persist-credentials: true
2026-01-30T15:19:57.8656053Z   clean: true
2026-01-30T15:19:57.8656436Z   sparse-checkout-cone-mode: true
2026-01-30T15:19:57.8656891Z   fetch-depth: 1
2026-01-30T15:19:57.8657265Z   fetch-tags: false
2026-01-30T15:19:57.8657653Z   show-progress: true
2026-01-30T15:19:57.8658047Z   lfs: false
2026-01-30T15:19:57.8658400Z   submodules: false
2026-01-30T15:19:57.8658795Z   set-safe-directory: true
2026-01-30T15:19:57.8659594Z ##[endgroup]
2026-01-30T15:19:57.9703526Z Syncing repository: lmvcruz/argos
2026-01-30T15:19:57.9705137Z ##[group]Getting Git version info
2026-01-30T15:19:57.9705782Z Working directory is '/home/runner/work/argos/argos'
2026-01-30T15:19:57.9706744Z [command]/usr/bin/git version
2026-01-30T15:19:57.9767491Z git version 2.52.0
2026-01-30T15:19:57.9793034Z ##[endgroup]
2026-01-30T15:19:57.9806958Z Temporarily overriding HOME='/home/runner/work/_temp/f778a270-4d1b-41ed-8e30-61041cd7d4cd' before making global git config changes
2026-01-30T15:19:57.9808314Z Adding repository directory to the temporary git global config as a safe directory
2026-01-30T15:19:57.9819814Z [command]/usr/bin/git config --global --add safe.directory /home/runner/work/argos/argos
2026-01-30T15:19:57.9855875Z Deleting the contents of '/home/runner/work/argos/argos'
2026-01-30T15:19:57.9859867Z ##[group]Initializing the repository
2026-01-30T15:19:57.9864749Z [command]/usr/bin/git init /home/runner/work/argos/argos
2026-01-30T15:19:57.9946236Z hint: Using 'master' as the name for the initial branch. This default branch name
2026-01-30T15:19:57.9947677Z hint: will change to "main" in Git 3.0. To configure the initial branch name
2026-01-30T15:19:57.9949724Z hint: to use in all of your new repositories, which will suppress this warning,
2026-01-30T15:19:57.9950586Z hint: call:
2026-01-30T15:19:57.9951396Z hint:
2026-01-30T15:19:57.9952247Z hint: 	git config --global init.defaultBranch <name>
2026-01-30T15:19:57.9953285Z hint:
2026-01-30T15:19:57.9954275Z hint: Names commonly chosen instead of 'master' are 'main', 'trunk' and
2026-01-30T15:19:57.9955894Z hint: 'development'. The just-created branch can be renamed via this command:
2026-01-30T15:19:57.9957170Z hint:
2026-01-30T15:19:57.9957800Z hint: 	git branch -m <name>
2026-01-30T15:19:57.9958517Z hint:
2026-01-30T15:19:57.9959772Z hint: Disable this message with "git config set advice.defaultBranchName false"
2026-01-30T15:19:57.9961480Z Initialized empty Git repository in /home/runner/work/argos/argos/.git/
2026-01-30T15:19:57.9964079Z [command]/usr/bin/git remote add origin https://github.com/lmvcruz/argos
2026-01-30T15:19:57.9997009Z ##[endgroup]
2026-01-30T15:19:57.9998325Z ##[group]Disabling automatic garbage collection
2026-01-30T15:19:58.0002251Z [command]/usr/bin/git config --local gc.auto 0
2026-01-30T15:19:58.0030538Z ##[endgroup]
2026-01-30T15:19:58.0031743Z ##[group]Setting up auth
2026-01-30T15:19:58.0037849Z [command]/usr/bin/git config --local --name-only --get-regexp core\.sshCommand
2026-01-30T15:19:58.0068177Z [command]/usr/bin/git submodule foreach --recursive sh -c "git config --local --name-only --get-regexp 'core\.sshCommand' && git config --local --unset-all 'core.sshCommand' || :"
2026-01-30T15:19:58.0364941Z [command]/usr/bin/git config --local --name-only --get-regexp http\.https\:\/\/github\.com\/\.extraheader
2026-01-30T15:19:58.0394474Z [command]/usr/bin/git submodule foreach --recursive sh -c "git config --local --name-only --get-regexp 'http\.https\:\/\/github\.com\/\.extraheader' && git config --local --unset-all 'http.https://github.com/.extraheader' || :"
2026-01-30T15:19:58.0608889Z [command]/usr/bin/git config --local --name-only --get-regexp ^includeIf\.gitdir:
2026-01-30T15:19:58.0638466Z [command]/usr/bin/git submodule foreach --recursive git config --local --show-origin --name-only --get-regexp remote.origin.url
2026-01-30T15:19:58.0860743Z [command]/usr/bin/git config --local http.https://github.com/.extraheader AUTHORIZATION: basic ***
2026-01-30T15:19:58.0892723Z ##[endgroup]
2026-01-30T15:19:58.0893789Z ##[group]Fetching the repository
2026-01-30T15:19:58.0900652Z [command]/usr/bin/git -c protocol.version=2 fetch --no-tags --prune --no-recurse-submodules --depth=1 origin +353983d62e699b1142fdb8c6d974db022e849e16:refs/remotes/origin/main
2026-01-30T15:19:58.4202389Z From https://github.com/lmvcruz/argos
2026-01-30T15:19:58.4204271Z  * [new ref]         353983d62e699b1142fdb8c6d974db022e849e16 -> origin/main
2026-01-30T15:19:58.4232807Z ##[endgroup]
2026-01-30T15:19:58.4233826Z ##[group]Determining the checkout info
2026-01-30T15:19:58.4235413Z ##[endgroup]
2026-01-30T15:19:58.4240985Z [command]/usr/bin/git sparse-checkout disable
2026-01-30T15:19:58.4280777Z [command]/usr/bin/git config --local --unset-all extensions.worktreeConfig
2026-01-30T15:19:58.4307098Z ##[group]Checking out the ref
2026-01-30T15:19:58.4311442Z [command]/usr/bin/git checkout --progress --force -B main refs/remotes/origin/main
2026-01-30T15:19:58.4495458Z Switched to a new branch 'main'
2026-01-30T15:19:58.4498387Z branch 'main' set up to track 'origin/main'.
2026-01-30T15:19:58.4506213Z ##[endgroup]
2026-01-30T15:19:58.4538980Z [command]/usr/bin/git log -1 --format=%H
2026-01-30T15:19:58.4560242Z 353983d62e699b1142fdb8c6d974db022e849e16
2026-01-30T15:19:58.4869694Z ##[group]Run actions/setup-python@v5
2026-01-30T15:19:58.4870796Z with:
2026-01-30T15:19:58.4871505Z   python-version: 3.11
2026-01-30T15:19:58.4872354Z   check-latest: false
2026-01-30T15:19:58.4873440Z   token: ***
2026-01-30T15:19:58.4874205Z   update-environment: true
2026-01-30T15:19:58.4875121Z   allow-prereleases: false
2026-01-30T15:19:58.4876020Z   freethreaded: false
2026-01-30T15:19:58.4876821Z ##[endgroup]
2026-01-30T15:19:58.6522968Z ##[group]Installed versions
2026-01-30T15:19:58.6615961Z Successfully set up CPython (3.11.14)
2026-01-30T15:19:58.6616908Z ##[endgroup]
2026-01-30T15:19:58.6730939Z ##[group]Run python -m pip install --upgrade pip
2026-01-30T15:19:58.6731637Z [36;1mpython -m pip install --upgrade pip[0m
2026-01-30T15:19:58.6732194Z [36;1mpip install -r requirements.txt[0m
2026-01-30T15:19:58.6777669Z shell: /usr/bin/bash -e {0}
2026-01-30T15:19:58.6778173Z env:
2026-01-30T15:19:58.6778650Z   pythonLocation: /opt/hostedtoolcache/Python/3.11.14/x64
2026-01-30T15:19:58.6779635Z   PKG_CONFIG_PATH: /opt/hostedtoolcache/Python/3.11.14/x64/lib/pkgconfig
2026-01-30T15:19:58.6780355Z   Python_ROOT_DIR: /opt/hostedtoolcache/Python/3.11.14/x64
2026-01-30T15:19:58.6780983Z   Python2_ROOT_DIR: /opt/hostedtoolcache/Python/3.11.14/x64
2026-01-30T15:19:58.6781600Z   Python3_ROOT_DIR: /opt/hostedtoolcache/Python/3.11.14/x64
2026-01-30T15:19:58.6782207Z   LD_LIBRARY_PATH: /opt/hostedtoolcache/Python/3.11.14/x64/lib
2026-01-30T15:19:58.6782737Z ##[endgroup]
2026-01-30T15:20:00.6655887Z Requirement already satisfied: pip in /opt/hostedtoolcache/Python/3.11.14/x64/lib/python3.11/site-packages (25.3)
2026-01-30T15:20:01.2777400Z Collecting toml>=0.10.2 (from -r requirements.txt (line 2))
2026-01-30T15:20:01.3347053Z   Downloading toml-0.10.2-py2.py3-none-any.whl.metadata (7.1 kB)
2026-01-30T15:20:01.3857276Z Collecting pyyaml>=6.0 (from -r requirements.txt (line 3))
2026-01-30T15:20:01.3898246Z   Downloading pyyaml-6.0.3-cp311-cp311-manylinux2014_x86_64.manylinux_2_17_x86_64.manylinux_2_28_x86_64.whl.metadata (2.4 kB)
2026-01-30T15:20:01.4249792Z Collecting pytest>=7.0.0 (from -r requirements.txt (line 6))
2026-01-30T15:20:01.4284523Z   Downloading pytest-9.0.2-py3-none-any.whl.metadata (7.6 kB)
2026-01-30T15:20:01.4553970Z Collecting pytest-cov>=3.0.0 (from -r requirements.txt (line 7))
2026-01-30T15:20:01.4589516Z   Downloading pytest_cov-7.0.0-py3-none-any.whl.metadata (31 kB)
2026-01-30T15:20:01.4824452Z Collecting pytest-mock>=3.10.0 (from -r requirements.txt (line 8))
2026-01-30T15:20:01.4858593Z   Downloading pytest_mock-3.15.1-py3-none-any.whl.metadata (3.9 kB)
2026-01-30T15:20:01.5362637Z Collecting black>=22.0.0 (from -r requirements.txt (line 9))
2026-01-30T15:20:01.5415686Z   Downloading black-26.1.0-cp311-cp311-manylinux2014_x86_64.manylinux_2_17_x86_64.manylinux_2_28_x86_64.whl.metadata (88 kB)
2026-01-30T15:20:01.5734225Z Collecting flake8>=5.0.0 (from -r requirements.txt (line 10))
2026-01-30T15:20:01.5769594Z   Downloading flake8-7.3.0-py2.py3-none-any.whl.metadata (3.8 kB)
2026-01-30T15:20:01.6059708Z Collecting isort>=5.10.0 (from -r requirements.txt (line 11))
2026-01-30T15:20:01.6095779Z   Downloading isort-7.0.0-py3-none-any.whl.metadata (11 kB)
2026-01-30T15:20:01.6459516Z Collecting pylint>=2.15.0 (from -r requirements.txt (line 12))
2026-01-30T15:20:01.6495441Z   Downloading pylint-4.0.4-py3-none-any.whl.metadata (12 kB)
2026-01-30T15:20:01.6678228Z Collecting radon>=5.1.0 (from -r requirements.txt (line 13))
2026-01-30T15:20:01.6728195Z   Downloading radon-6.0.1-py2.py3-none-any.whl.metadata (8.2 kB)
2026-01-30T15:20:01.6887348Z Collecting vulture>=2.7 (from -r requirements.txt (line 14))
2026-01-30T15:20:01.6928730Z   Downloading vulture-2.14-py2.py3-none-any.whl.metadata (24 kB)
2026-01-30T15:20:01.7095576Z Collecting autoflake>=2.0.0 (from -r requirements.txt (line 15))
2026-01-30T15:20:01.7141505Z   Downloading autoflake-2.3.1-py3-none-any.whl.metadata (7.6 kB)
2026-01-30T15:20:01.7260054Z Collecting iniconfig>=1.0.1 (from pytest>=7.0.0->-r requirements.txt (line 6))
2026-01-30T15:20:01.7295904Z   Downloading iniconfig-2.3.0-py3-none-any.whl.metadata (2.5 kB)
2026-01-30T15:20:01.7452344Z Collecting packaging>=22 (from pytest>=7.0.0->-r requirements.txt (line 6))
2026-01-30T15:20:01.7485590Z   Downloading packaging-26.0-py3-none-any.whl.metadata (3.3 kB)
2026-01-30T15:20:01.7603735Z Collecting pluggy<2,>=1.5 (from pytest>=7.0.0->-r requirements.txt (line 6))
2026-01-30T15:20:01.7641369Z   Downloading pluggy-1.6.0-py3-none-any.whl.metadata (4.8 kB)
2026-01-30T15:20:01.7836332Z Collecting pygments>=2.7.2 (from pytest>=7.0.0->-r requirements.txt (line 6))
2026-01-30T15:20:01.7871828Z   Downloading pygments-2.19.2-py3-none-any.whl.metadata (2.5 kB)
2026-01-30T15:20:02.1548830Z Collecting coverage>=7.10.6 (from coverage[toml]>=7.10.6->pytest-cov>=3.0.0->-r requirements.txt (line 7))
2026-01-30T15:20:02.1585553Z   Downloading coverage-7.13.2-cp311-cp311-manylinux1_x86_64.manylinux_2_28_x86_64.manylinux_2_5_x86_64.whl.metadata (8.5 kB)
2026-01-30T15:20:02.1901329Z Collecting click>=8.0.0 (from black>=22.0.0->-r requirements.txt (line 9))
2026-01-30T15:20:02.1933834Z   Downloading click-8.3.1-py3-none-any.whl.metadata (2.6 kB)
2026-01-30T15:20:02.2029782Z Collecting mypy-extensions>=0.4.3 (from black>=22.0.0->-r requirements.txt (line 9))
2026-01-30T15:20:02.2062300Z   Downloading mypy_extensions-1.1.0-py3-none-any.whl.metadata (1.1 kB)
2026-01-30T15:20:02.2181260Z Collecting pathspec>=1.0.0 (from black>=22.0.0->-r requirements.txt (line 9))
2026-01-30T15:20:02.2215130Z   Downloading pathspec-1.0.4-py3-none-any.whl.metadata (13 kB)
2026-01-30T15:20:02.2405880Z Collecting platformdirs>=2 (from black>=22.0.0->-r requirements.txt (line 9))
2026-01-30T15:20:02.2445670Z   Downloading platformdirs-4.5.1-py3-none-any.whl.metadata (12 kB)
2026-01-30T15:20:02.2623204Z Collecting pytokens>=0.3.0 (from black>=22.0.0->-r requirements.txt (line 9))
2026-01-30T15:20:02.2662499Z   Downloading pytokens-0.4.1-cp311-cp311-manylinux2014_x86_64.manylinux_2_17_x86_64.manylinux_2_28_x86_64.whl.metadata (3.8 kB)
2026-01-30T15:20:02.2779670Z Collecting mccabe<0.8.0,>=0.7.0 (from flake8>=5.0.0->-r requirements.txt (line 10))
2026-01-30T15:20:02.2812813Z   Downloading mccabe-0.7.0-py2.py3-none-any.whl.metadata (5.0 kB)
2026-01-30T15:20:02.2941278Z Collecting pycodestyle<2.15.0,>=2.14.0 (from flake8>=5.0.0->-r requirements.txt (line 10))
2026-01-30T15:20:02.2986876Z   Downloading pycodestyle-2.14.0-py2.py3-none-any.whl.metadata (4.5 kB)
2026-01-30T15:20:02.3118149Z Collecting pyflakes<3.5.0,>=3.4.0 (from flake8>=5.0.0->-r requirements.txt (line 10))
2026-01-30T15:20:02.3157609Z   Downloading pyflakes-3.4.0-py2.py3-none-any.whl.metadata (3.5 kB)
2026-01-30T15:20:02.3567526Z Collecting astroid<=4.1.dev0,>=4.0.2 (from pylint>=2.15.0->-r requirements.txt (line 12))
2026-01-30T15:20:02.3601516Z   Downloading astroid-4.0.3-py3-none-any.whl.metadata (4.4 kB)
2026-01-30T15:20:02.3744261Z Collecting dill>=0.3.6 (from pylint>=2.15.0->-r requirements.txt (line 12))
2026-01-30T15:20:02.3776318Z   Downloading dill-0.4.1-py3-none-any.whl.metadata (10 kB)
2026-01-30T15:20:02.4152489Z Collecting tomlkit>=0.10.1 (from pylint>=2.15.0->-r requirements.txt (line 12))
2026-01-30T15:20:02.4190081Z   Downloading tomlkit-0.14.0-py3-none-any.whl.metadata (2.8 kB)
2026-01-30T15:20:02.4318043Z Collecting mando<0.8,>=0.6 (from radon>=5.1.0->-r requirements.txt (line 13))
2026-01-30T15:20:02.4369785Z   Downloading mando-0.7.1-py2.py3-none-any.whl.metadata (7.4 kB)
2026-01-30T15:20:02.4520618Z Collecting colorama>=0.4.1 (from radon>=5.1.0->-r requirements.txt (line 13))
2026-01-30T15:20:02.4554021Z   Downloading colorama-0.4.6-py2.py3-none-any.whl.metadata (17 kB)
2026-01-30T15:20:02.4686819Z Collecting six (from mando<0.8,>=0.6->radon>=5.1.0->-r requirements.txt (line 13))
2026-01-30T15:20:02.4721882Z   Downloading six-1.17.0-py2.py3-none-any.whl.metadata (1.7 kB)
2026-01-30T15:20:02.4969086Z Downloading toml-0.10.2-py2.py3-none-any.whl (16 kB)
2026-01-30T15:20:02.5021900Z Downloading pyyaml-6.0.3-cp311-cp311-manylinux2014_x86_64.manylinux_2_17_x86_64.manylinux_2_28_x86_64.whl (806 kB)
2026-01-30T15:20:02.5099856Z    ━━━━━━━━━━━━━━━━━━━━━━━━━━━━━━━━━━━━━━━━ 806.6/806.6 kB 113.1 MB/s  0:00:00
2026-01-30T15:20:02.5134774Z Downloading pytest-9.0.2-py3-none-any.whl (374 kB)
2026-01-30T15:20:02.5210556Z Downloading pluggy-1.6.0-py3-none-any.whl (20 kB)
2026-01-30T15:20:02.5263699Z Downloading pytest_cov-7.0.0-py3-none-any.whl (22 kB)
2026-01-30T15:20:02.5318406Z Downloading pytest_mock-3.15.1-py3-none-any.whl (10 kB)
2026-01-30T15:20:02.5379794Z Downloading black-26.1.0-cp311-cp311-manylinux2014_x86_64.manylinux_2_17_x86_64.manylinux_2_28_x86_64.whl (1.7 MB)
2026-01-30T15:20:02.5490001Z    ━━━━━━━━━━━━━━━━━━━━━━━━━━━━━━━━━━━━━━━━ 1.7/1.7 MB 173.3 MB/s  0:00:00
2026-01-30T15:20:02.5525299Z Downloading flake8-7.3.0-py2.py3-none-any.whl (57 kB)
2026-01-30T15:20:02.5580902Z Downloading mccabe-0.7.0-py2.py3-none-any.whl (7.3 kB)
2026-01-30T15:20:02.5631959Z Downloading pycodestyle-2.14.0-py2.py3-none-any.whl (31 kB)
2026-01-30T15:20:02.5684217Z Downloading pyflakes-3.4.0-py2.py3-none-any.whl (63 kB)
2026-01-30T15:20:02.5737184Z Downloading isort-7.0.0-py3-none-any.whl (94 kB)
2026-01-30T15:20:02.5794290Z Downloading pylint-4.0.4-py3-none-any.whl (536 kB)
2026-01-30T15:20:02.5848622Z    ━━━━━━━━━━━━━━━━━━━━━━━━━━━━━━━━━━━━━━━━ 536.4/536.4 kB 83.2 MB/s  0:00:00
2026-01-30T15:20:02.5883481Z Downloading astroid-4.0.3-py3-none-any.whl (276 kB)
2026-01-30T15:20:02.5953092Z Downloading radon-6.0.1-py2.py3-none-any.whl (52 kB)
2026-01-30T15:20:02.6029576Z Downloading mando-0.7.1-py2.py3-none-any.whl (28 kB)
2026-01-30T15:20:02.6082576Z Downloading vulture-2.14-py2.py3-none-any.whl (28 kB)
2026-01-30T15:20:02.6135077Z Downloading autoflake-2.3.1-py3-none-any.whl (32 kB)
2026-01-30T15:20:02.6185760Z Downloading click-8.3.1-py3-none-any.whl (108 kB)
2026-01-30T15:20:02.6241055Z Downloading colorama-0.4.6-py2.py3-none-any.whl (25 kB)
2026-01-30T15:20:02.6303875Z Downloading coverage-7.13.2-cp311-cp311-manylinux1_x86_64.manylinux_2_28_x86_64.manylinux_2_5_x86_64.whl (251 kB)
2026-01-30T15:20:02.6363700Z Downloading dill-0.4.1-py3-none-any.whl (120 kB)
2026-01-30T15:20:02.6418973Z Downloading iniconfig-2.3.0-py3-none-any.whl (7.5 kB)
2026-01-30T15:20:02.6469437Z Downloading mypy_extensions-1.1.0-py3-none-any.whl (5.0 kB)
2026-01-30T15:20:02.6521758Z Downloading packaging-26.0-py3-none-any.whl (74 kB)
2026-01-30T15:20:02.6575970Z Downloading pathspec-1.0.4-py3-none-any.whl (55 kB)
2026-01-30T15:20:02.6628712Z Downloading platformdirs-4.5.1-py3-none-any.whl (18 kB)
2026-01-30T15:20:02.6681620Z Downloading pygments-2.19.2-py3-none-any.whl (1.2 MB)
2026-01-30T15:20:02.6759817Z    ━━━━━━━━━━━━━━━━━━━━━━━━━━━━━━━━━━━━━━━━ 1.2/1.2 MB 176.1 MB/s  0:00:00
2026-01-30T15:20:02.6813166Z Downloading pytokens-0.4.1-cp311-cp311-manylinux2014_x86_64.manylinux_2_17_x86_64.manylinux_2_28_x86_64.whl (260 kB)
2026-01-30T15:20:02.6874937Z Downloading tomlkit-0.14.0-py3-none-any.whl (39 kB)
2026-01-30T15:20:02.6928095Z Downloading six-1.17.0-py2.py3-none-any.whl (11 kB)
2026-01-30T15:20:02.7708913Z Installing collected packages: vulture, tomlkit, toml, six, pyyaml, pytokens, pygments, pyflakes, pycodestyle, pluggy, platformdirs, pathspec, packaging, mypy-extensions, mccabe, isort, iniconfig, dill, coverage, colorama, click, astroid, pytest, pylint, mando, flake8, black, autoflake, radon, pytest-mock, pytest-cov
2026-01-30T15:20:04.9087385Z 
2026-01-30T15:20:04.9109856Z Successfully installed astroid-4.0.3 autoflake-2.3.1 black-26.1.0 click-8.3.1 colorama-0.4.6 coverage-7.13.2 dill-0.4.1 flake8-7.3.0 iniconfig-2.3.0 isort-7.0.0 mando-0.7.1 mccabe-0.7.0 mypy-extensions-1.1.0 packaging-26.0 pathspec-1.0.4 platformdirs-4.5.1 pluggy-1.6.0 pycodestyle-2.14.0 pyflakes-3.4.0 pygments-2.19.2 pylint-4.0.4 pytest-9.0.2 pytest-cov-7.0.0 pytest-mock-3.15.1 pytokens-0.4.1 pyyaml-6.0.3 radon-6.0.1 six-1.17.0 toml-0.10.2 tomlkit-0.14.0 vulture-2.14
2026-01-30T15:20:05.0085778Z ##[group]Run pip install -e .
2026-01-30T15:20:05.0086071Z [36;1mpip install -e .[0m
2026-01-30T15:20:05.0119468Z shell: /usr/bin/bash -e {0}
2026-01-30T15:20:05.0119717Z env:
2026-01-30T15:20:05.0119957Z   pythonLocation: /opt/hostedtoolcache/Python/3.11.14/x64
2026-01-30T15:20:05.0120388Z   PKG_CONFIG_PATH: /opt/hostedtoolcache/Python/3.11.14/x64/lib/pkgconfig
2026-01-30T15:20:05.0120810Z   Python_ROOT_DIR: /opt/hostedtoolcache/Python/3.11.14/x64
2026-01-30T15:20:05.0121166Z   Python2_ROOT_DIR: /opt/hostedtoolcache/Python/3.11.14/x64
2026-01-30T15:20:05.0121523Z   Python3_ROOT_DIR: /opt/hostedtoolcache/Python/3.11.14/x64
2026-01-30T15:20:05.0122041Z   LD_LIBRARY_PATH: /opt/hostedtoolcache/Python/3.11.14/x64/lib
2026-01-30T15:20:05.0122337Z ##[endgroup]
2026-01-30T15:20:05.3257647Z Obtaining file:///home/runner/work/argos/argos/anvil
2026-01-30T15:20:05.3277887Z   Installing build dependencies: started
2026-01-30T15:20:06.2330568Z   Installing build dependencies: finished with status 'done'
2026-01-30T15:20:06.2335352Z   Checking if build backend supports build_editable: started
2026-01-30T15:20:06.5403563Z   Checking if build backend supports build_editable: finished with status 'done'
2026-01-30T15:20:06.5410645Z   Getting requirements to build editable: started
2026-01-30T15:20:06.8998623Z   Getting requirements to build editable: finished with status 'done'
2026-01-30T15:20:06.9007507Z   Preparing editable metadata (pyproject.toml): started
2026-01-30T15:20:07.1021061Z   Preparing editable metadata (pyproject.toml): finished with status 'done'
2026-01-30T15:20:07.1062982Z Requirement already satisfied: toml>=0.10.2 in /opt/hostedtoolcache/Python/3.11.14/x64/lib/python3.11/site-packages (from anvil==0.1.0) (0.10.2)
2026-01-30T15:20:07.1072992Z Building wheels for collected packages: anvil
2026-01-30T15:20:07.1079928Z   Building editable for anvil (pyproject.toml): started
2026-01-30T15:20:07.3551716Z   Building editable for anvil (pyproject.toml): finished with status 'done'
2026-01-30T15:20:07.3558151Z   Created wheel for anvil: filename=anvil-0.1.0-0.editable-py3-none-any.whl size=3716 sha256=dcffd38bb77ed3af113e45924d5f8c8ab09814f537d929c76231c9e32de2a8df
2026-01-30T15:20:07.3559842Z   Stored in directory: /tmp/pip-ephem-wheel-cache-ymp_dtka/wheels/b1/04/9a/c60ceaed56982f7c602f1cff62ef1a234e6d014102bb8b998c
2026-01-30T15:20:07.3579498Z Successfully built anvil
2026-01-30T15:20:07.3843551Z Installing collected packages: anvil
2026-01-30T15:20:07.3923903Z Successfully installed anvil-0.1.0
2026-01-30T15:20:07.4528231Z ##[group]Run pytest --cov=anvil --cov-report=xml --cov-report=term-missing --cov-fail-under=90
2026-01-30T15:20:07.4528919Z [36;1mpytest --cov=anvil --cov-report=xml --cov-report=term-missing --cov-fail-under=90[0m
2026-01-30T15:20:07.4561072Z shell: /usr/bin/bash -e {0}
2026-01-30T15:20:07.4561294Z env:
2026-01-30T15:20:07.4561539Z   pythonLocation: /opt/hostedtoolcache/Python/3.11.14/x64
2026-01-30T15:20:07.4561948Z   PKG_CONFIG_PATH: /opt/hostedtoolcache/Python/3.11.14/x64/lib/pkgconfig
2026-01-30T15:20:07.4562353Z   Python_ROOT_DIR: /opt/hostedtoolcache/Python/3.11.14/x64
2026-01-30T15:20:07.4562703Z   Python2_ROOT_DIR: /opt/hostedtoolcache/Python/3.11.14/x64
2026-01-30T15:20:07.4563055Z   Python3_ROOT_DIR: /opt/hostedtoolcache/Python/3.11.14/x64
2026-01-30T15:20:07.4563410Z   LD_LIBRARY_PATH: /opt/hostedtoolcache/Python/3.11.14/x64/lib
2026-01-30T15:20:07.4563702Z ##[endgroup]
2026-01-30T15:20:08.1217348Z ============================= test session starts ==============================
2026-01-30T15:20:08.1218588Z platform linux -- Python 3.11.14, pytest-9.0.2, pluggy-1.6.0 -- /opt/hostedtoolcache/Python/3.11.14/x64/bin/python
2026-01-30T15:20:08.1219766Z cachedir: .pytest_cache
2026-01-30T15:20:08.1220209Z rootdir: /home/runner/work/argos/argos/anvil
2026-01-30T15:20:08.1220917Z configfile: pytest.ini (WARNING: ignoring pytest config in pyproject.toml!)
2026-01-30T15:20:08.1221559Z testpaths: tests
2026-01-30T15:20:08.1221878Z plugins: cov-7.0.0, mock-3.15.1
2026-01-30T15:20:10.2914249Z collecting ... collected 618 items
2026-01-30T15:20:10.2914690Z 
2026-01-30T15:20:10.2934187Z tests/test_autoflake_parser.py::TestAutoflakeTextParsing::test_parse_output_no_unused_code PASSED [  0%]
2026-01-30T15:20:10.2946800Z tests/test_autoflake_parser.py::TestAutoflakeTextParsing::test_parse_output_with_unused_imports PASSED [  0%]
2026-01-30T15:20:10.2959436Z tests/test_autoflake_parser.py::TestAutoflakeTextParsing::test_parse_output_with_unused_variables PASSED [  0%]
2026-01-30T15:20:10.2972417Z tests/test_autoflake_parser.py::TestAutoflakeTextParsing::test_parse_multiple_files_with_issues PASSED [  0%]
2026-01-30T15:20:10.2984663Z tests/test_autoflake_parser.py::TestAutoflakeTextParsing::test_parse_windows_paths PASSED [  0%]
2026-01-30T15:20:10.2996337Z tests/test_autoflake_parser.py::TestAutoflakeCommandBuilding::test_build_command_default_options PASSED [  0%]
2026-01-30T15:20:10.3008142Z tests/test_autoflake_parser.py::TestAutoflakeCommandBuilding::test_build_command_with_remove_unused_variables PASSED [  1%]
2026-01-30T15:20:10.3020140Z tests/test_autoflake_parser.py::TestAutoflakeCommandBuilding::test_build_command_with_remove_all_unused_imports PASSED [  1%]
2026-01-30T15:20:10.3031823Z tests/test_autoflake_parser.py::TestAutoflakeCommandBuilding::test_build_command_with_ignore_init_module_imports PASSED [  1%]
2026-01-30T15:20:10.3043407Z tests/test_autoflake_parser.py::TestAutoflakeCommandBuilding::test_build_command_with_expand_star_imports PASSED [  1%]
2026-01-30T15:20:10.3055000Z tests/test_autoflake_parser.py::TestAutoflakeCommandBuilding::test_build_command_with_remove_duplicate_keys PASSED [  1%]
2026-01-30T15:20:10.3066430Z tests/test_autoflake_parser.py::TestAutoflakeCommandBuilding::test_build_command_with_imports_to_ignore PASSED [  1%]
2026-01-30T15:20:10.3078207Z tests/test_autoflake_parser.py::TestAutoflakeCommandBuilding::test_build_command_with_multiple_files PASSED [  2%]
2026-01-30T15:20:10.3113464Z tests/test_autoflake_parser.py::TestAutoflakeErrorHandling::test_error_when_autoflake_not_installed PASSED [  2%]
2026-01-30T15:20:10.3136125Z tests/test_autoflake_parser.py::TestAutoflakeErrorHandling::test_timeout_handling PASSED [  2%]
2026-01-30T15:20:10.3147967Z tests/test_autoflake_parser.py::TestAutoflakeErrorHandling::test_parse_with_empty_output PASSED [  2%]
2026-01-30T15:20:10.3173701Z tests/test_autoflake_parser.py::TestAutoflakeVersionDetection::test_version_detection PASSED [  2%]
2026-01-30T15:20:10.3194339Z tests/test_autoflake_parser.py::TestAutoflakeVersionDetection::test_version_detection_failure PASSED [  2%]
2026-01-30T15:20:10.4111105Z tests/test_autoflake_parser.py::TestAutoflakeIntegrationWithFixtures::test_autoflake_on_clean_python_code PASSED [  3%]
2026-01-30T15:20:10.4807626Z tests/test_autoflake_parser.py::TestAutoflakeIntegrationWithFixtures::test_autoflake_on_unused_imports_fixture PASSED [  3%]
2026-01-30T15:20:10.4842685Z tests/test_autoflake_parser.py::TestAutoflakeConfigurationHandling::test_detect_pyproject_toml PASSED [  3%]
2026-01-30T15:20:10.4863243Z tests/test_autoflake_parser.py::TestAutoflakeConfigurationHandling::test_detect_setup_cfg PASSED [  3%]
2026-01-30T15:20:10.4880898Z tests/test_autoflake_parser.py::TestAutoflakeConfigurationHandling::test_no_config_file_returns_none PASSED [  3%]
2026-01-30T15:20:10.4892661Z tests/test_autoflake_parser.py::TestAutoflakeSuggestedFixes::test_generate_fix_command PASSED [  3%]
2026-01-30T15:20:10.4905231Z tests/test_autoflake_parser.py::TestAutoflakeSuggestedFixes::test_generate_fix_command_with_options PASSED [  4%]
2026-01-30T15:20:10.4924652Z tests/test_black_parser.py::TestBlackTextParsing::test_parse_output_all_files_formatted PASSED [  4%]
2026-01-30T15:20:10.4937566Z tests/test_black_parser.py::TestBlackTextParsing::test_parse_output_files_need_formatting PASSED [  4%]
2026-01-30T15:20:10.4950141Z tests/test_black_parser.py::TestBlackTextParsing::test_parse_would_reformat_messages PASSED [  4%]
2026-01-30T15:20:10.4969981Z tests/test_black_parser.py::TestBlackTextParsing::test_parse_windows_paths PASSED [  4%]
2026-01-30T15:20:10.4984025Z tests/test_black_parser.py::TestBlackTextParsing::test_parse_left_unchanged_messages PASSED [  4%]
2026-01-30T15:20:10.4997140Z tests/test_black_parser.py::TestBlackTextParsing::test_parse_reformatted_messages PASSED [  5%]
2026-01-30T15:20:10.5009743Z tests/test_black_parser.py::TestBlackCommandBuilding::test_build_command_default_options PASSED [  5%]
2026-01-30T15:20:10.5022569Z tests/test_black_parser.py::TestBlackCommandBuilding::test_build_command_with_line_length PASSED [  5%]
2026-01-30T15:20:10.5034735Z tests/test_black_parser.py::TestBlackCommandBuilding::test_build_command_with_target_version PASSED [  5%]
2026-01-30T15:20:10.5046547Z tests/test_black_parser.py::TestBlackCommandBuilding::test_build_command_with_skip_string_normalization PASSED [  5%]
2026-01-30T15:20:10.5057948Z tests/test_black_parser.py::TestBlackCommandBuilding::test_build_command_with_diff PASSED [  5%]
2026-01-30T15:20:10.5069559Z tests/test_black_parser.py::TestBlackCommandBuilding::test_build_command_with_color PASSED [  5%]
2026-01-30T15:20:10.5081386Z tests/test_black_parser.py::TestBlackCommandBuilding::test_build_command_with_multiple_files PASSED [  6%]
2026-01-30T15:20:10.5104293Z tests/test_black_parser.py::TestBlackErrorHandling::test_error_when_black_not_installed PASSED [  6%]
2026-01-30T15:20:10.5126498Z tests/test_black_parser.py::TestBlackErrorHandling::test_timeout_handling PASSED [  6%]
2026-01-30T15:20:10.5138874Z tests/test_black_parser.py::TestBlackErrorHandling::test_parse_syntax_error_in_file PASSED [  6%]
2026-01-30T15:20:10.5163088Z tests/test_black_parser.py::TestBlackVersionDetection::test_version_detection PASSED [  6%]
2026-01-30T15:20:10.5183203Z tests/test_black_parser.py::TestBlackVersionDetection::test_version_detection_failure PASSED [  6%]
2026-01-30T15:20:10.6685429Z tests/test_black_parser.py::TestBlackIntegrationWithFixtures::test_black_on_formatted_python_code PASSED [  7%]
2026-01-30T15:20:10.8221710Z tests/test_black_parser.py::TestBlackIntegrationWithFixtures::test_black_on_unformatted_python_code PASSED [  7%]
2026-01-30T15:20:10.9349738Z tests/test_black_parser.py::TestBlackIntegrationWithFixtures::test_black_on_syntax_error_fixture PASSED [  7%]
2026-01-30T15:20:10.9369523Z tests/test_black_parser.py::TestBlackConfigurationHandling::test_detect_pyproject_toml PASSED [  7%]
2026-01-30T15:20:10.9389176Z tests/test_black_parser.py::TestBlackConfigurationHandling::test_no_config_file_returns_none PASSED [  7%]
2026-01-30T15:20:10.9401047Z tests/test_black_parser.py::TestBlackSuggestedFixes::test_generate_fix_command PASSED [  7%]
2026-01-30T15:20:10.9413083Z tests/test_black_parser.py::TestBlackSuggestedFixes::test_generate_fix_command_with_options PASSED [  8%]
2026-01-30T15:20:10.9424728Z tests/test_clang_format_parser.py::TestClangFormatExitCodeParsing::test_parse_output_all_files_formatted PASSED [  8%]
2026-01-30T15:20:10.9435898Z tests/test_clang_format_parser.py::TestClangFormatExitCodeParsing::test_parse_output_files_need_formatting PASSED [  8%]
2026-01-30T15:20:10.9447144Z tests/test_clang_format_parser.py::TestClangFormatExitCodeParsing::test_parse_output_multiple_files_mixed_results PASSED [  8%]
2026-01-30T15:20:10.9458473Z tests/test_clang_format_parser.py::TestClangFormatExitCodeParsing::test_parse_windows_paths PASSED [  8%]
2026-01-30T15:20:10.9470266Z tests/test_clang_format_parser.py::TestClangFormatExitCodeParsing::test_parse_output_with_syntax_errors PASSED [  8%]
2026-01-30T15:20:10.9485491Z tests/test_clang_format_parser.py::TestClangFormatXMLParsing::test_parse_xml_replacements_output PASSED [  9%]
2026-01-30T15:20:10.9496909Z tests/test_clang_format_parser.py::TestClangFormatXMLParsing::test_parse_xml_no_replacements PASSED [  9%]
2026-01-30T15:20:10.9508227Z tests/test_clang_format_parser.py::TestClangFormatCommandBuilding::test_build_command_default_options PASSED [  9%]
2026-01-30T15:20:10.9519733Z tests/test_clang_format_parser.py::TestClangFormatCommandBuilding::test_build_command_with_style_option PASSED [  9%]
2026-01-30T15:20:10.9531141Z tests/test_clang_format_parser.py::TestClangFormatCommandBuilding::test_build_command_with_llvm_style PASSED [  9%]
2026-01-30T15:20:10.9542327Z tests/test_clang_format_parser.py::TestClangFormatCommandBuilding::test_build_command_with_config_file PASSED [  9%]
2026-01-30T15:20:10.9553756Z tests/test_clang_format_parser.py::TestClangFormatCommandBuilding::test_build_command_with_fallback_style PASSED [ 10%]
2026-01-30T15:20:10.9564963Z tests/test_clang_format_parser.py::TestClangFormatCommandBuilding::test_build_command_with_output_xml PASSED [ 10%]
2026-01-30T15:20:10.9581780Z tests/test_clang_format_parser.py::TestClangFormatCommandBuilding::test_build_command_with_assume_filename PASSED [ 10%]
2026-01-30T15:20:10.9593314Z tests/test_clang_format_parser.py::TestClangFormatCommandBuilding::test_build_command_with_multiple_files PASSED [ 10%]
2026-01-30T15:20:10.9604602Z tests/test_clang_format_parser.py::TestClangFormatCommandBuilding::test_build_command_without_werror PASSED [ 10%]
2026-01-30T15:20:10.9625994Z tests/test_clang_format_parser.py::TestClangFormatErrorHandling::test_error_when_clang_format_not_installed PASSED [ 10%]
2026-01-30T15:20:10.9647717Z tests/test_clang_format_parser.py::TestClangFormatErrorHandling::test_timeout_handling PASSED [ 11%]
2026-01-30T15:20:10.9659120Z tests/test_clang_format_parser.py::TestClangFormatErrorHandling::test_parse_with_empty_output PASSED [ 11%]
2026-01-30T15:20:10.9684218Z tests/test_clang_format_parser.py::TestClangFormatVersionDetection::test_version_detection PASSED [ 11%]
2026-01-30T15:20:10.9706373Z tests/test_clang_format_parser.py::TestClangFormatVersionDetection::test_version_detection_different_formats PASSED [ 11%]
2026-01-30T15:20:10.9727469Z tests/test_clang_format_parser.py::TestClangFormatVersionDetection::test_version_detection_failure PASSED [ 11%]
2026-01-30T15:20:11.0334463Z tests/test_clang_format_parser.py::TestClangFormatIntegrationWithFixtures::test_clang_format_on_formatted_cpp_code PASSED [ 11%]
2026-01-30T15:20:11.0351829Z tests/test_clang_format_parser.py::TestClangFormatIntegrationWithFixtures::test_clang_format_on_unformatted_cpp_code SKIPPED [ 11%]
2026-01-30T15:20:11.0371957Z tests/test_clang_format_parser.py::TestClangFormatConfigurationHandling::test_detect_clang_format_config_file PASSED [ 12%]
2026-01-30T15:20:11.0392569Z tests/test_clang_format_parser.py::TestClangFormatConfigurationHandling::test_detect_clang_format_in_parent_directory PASSED [ 12%]
2026-01-30T15:20:11.0411885Z tests/test_clang_format_parser.py::TestClangFormatConfigurationHandling::test_detect_clang_format_yml_variant PASSED [ 12%]
2026-01-30T15:20:11.0432287Z tests/test_clang_format_parser.py::TestClangFormatConfigurationHandling::test_no_config_file_returns_none PASSED [ 12%]
2026-01-30T15:20:11.0443428Z tests/test_clang_format_parser.py::TestClangFormatSuggestedFixes::test_generate_fix_command PASSED [ 12%]
2026-01-30T15:20:11.0454896Z tests/test_clang_format_parser.py::TestClangFormatSuggestedFixes::test_generate_fix_command_with_options PASSED [ 12%]
2026-01-30T15:20:11.0468353Z tests/test_clang_format_parser.py::TestClangFormatDiffOutput::test_parse_diff_output PASSED [ 13%]
2026-01-30T15:20:11.0481040Z tests/test_clang_format_parser.py::TestClangFormatDiffOutput::test_count_files_needing_formatting PASSED [ 13%]
2026-01-30T15:20:11.0504732Z tests/test_clang_tidy_parser.py::TestClangTidyDiagnosticParsing::test_parse_output_with_no_diagnostics PASSED [ 13%]
2026-01-30T15:20:11.0541000Z tests/test_clang_tidy_parser.py::TestClangTidyDiagnosticParsing::test_parse_warning_diagnostic PASSED [ 13%]
2026-01-30T15:20:11.0576289Z tests/test_clang_tidy_parser.py::TestClangTidyDiagnosticParsing::test_parse_error_diagnostic PASSED [ 13%]
2026-01-30T15:20:11.0611181Z tests/test_clang_tidy_parser.py::TestClangTidyDiagnosticParsing::test_parse_note_diagnostic PASSED [ 13%]
2026-01-30T15:20:11.0654879Z tests/test_clang_tidy_parser.py::TestClangTidyDiagnosticParsing::test_parse_diagnostic_with_line_column PASSED [ 14%]
2026-01-30T15:20:11.0720130Z tests/test_clang_tidy_parser.py::TestClangTidyDiagnosticParsing::test_parse_multiple_diagnostics PASSED [ 14%]
2026-01-30T15:20:11.0762645Z tests/test_clang_tidy_parser.py::TestClangTidyReplacements::test_parse_diagnostic_with_replacements PASSED [ 14%]
2026-01-30T15:20:11.0819435Z tests/test_clang_tidy_parser.py::TestClangTidyReplacements::test_count_fixable_diagnostics PASSED [ 14%]
2026-01-30T15:20:11.0832510Z tests/test_clang_tidy_parser.py::TestClangTidyCommandBuilding::test_build_command_default_options PASSED [ 14%]
2026-01-30T15:20:11.0844254Z tests/test_clang_tidy_parser.py::TestClangTidyCommandBuilding::test_build_command_with_checks PASSED [ 14%]
2026-01-30T15:20:11.0856044Z tests/test_clang_tidy_parser.py::TestClangTidyCommandBuilding::test_build_command_with_header_filter PASSED [ 15%]
2026-01-30T15:20:11.0867571Z tests/test_clang_tidy_parser.py::TestClangTidyCommandBuilding::test_build_command_with_warnings_as_errors PASSED [ 15%]
2026-01-30T15:20:11.0879124Z tests/test_clang_tidy_parser.py::TestClangTidyCommandBuilding::test_build_command_with_config_file PASSED [ 15%]
2026-01-30T15:20:11.0891114Z tests/test_clang_tidy_parser.py::TestClangTidyCommandBuilding::test_build_command_with_extra_args PASSED [ 15%]
2026-01-30T15:20:11.0902849Z tests/test_clang_tidy_parser.py::TestClangTidyCommandBuilding::test_build_command_with_compile_commands PASSED [ 15%]
2026-01-30T15:20:11.0915347Z tests/test_clang_tidy_parser.py::TestClangTidyCommandBuilding::test_build_command_with_multiple_files PASSED [ 15%]
2026-01-30T15:20:11.0936735Z tests/test_clang_tidy_parser.py::TestClangTidyErrorHandling::test_error_when_clang_tidy_not_installed PASSED [ 16%]
2026-01-30T15:20:11.0965745Z tests/test_clang_tidy_parser.py::TestClangTidyErrorHandling::test_timeout_handling PASSED [ 16%]
2026-01-30T15:20:11.0986228Z tests/test_clang_tidy_parser.py::TestClangTidyErrorHandling::test_parse_with_invalid_yaml PASSED [ 16%]
2026-01-30T15:20:11.1008835Z tests/test_clang_tidy_parser.py::TestClangTidyVersionDetection::test_version_detection PASSED [ 16%]
2026-01-30T15:20:11.1029621Z tests/test_clang_tidy_parser.py::TestClangTidyVersionDetection::test_version_detection_failure PASSED [ 16%]
2026-01-30T15:20:11.1043116Z tests/test_clang_tidy_parser.py::TestClangTidyIntegrationWithFixtures::test_clang_tidy_on_clean_cpp_code SKIPPED [ 16%]
2026-01-30T15:20:11.1161805Z tests/test_clang_tidy_parser.py::TestClangTidyIntegrationWithFixtures::test_clang_tidy_on_code_with_issues SKIPPED [ 16%]
2026-01-30T15:20:11.1226490Z tests/test_clang_tidy_parser.py::TestClangTidyGroupingAndFiltering::test_group_diagnostics_by_check_name PASSED [ 17%]
2026-01-30T15:20:11.1275735Z tests/test_clang_tidy_parser.py::TestClangTidyGroupingAndFiltering::test_group_diagnostics_by_file PASSED [ 17%]
2026-01-30T15:20:11.1362271Z tests/test_clang_tidy_parser.py::TestClangTidyGroupingAndFiltering::test_filter_diagnostics_by_severity PASSED [ 17%]
2026-01-30T15:20:11.1381363Z tests/test_clang_tidy_parser.py::TestClangTidyConfigurationHandling::test_detect_clang_tidy_config_file PASSED [ 17%]
2026-01-30T15:20:11.1400911Z tests/test_clang_tidy_parser.py::TestClangTidyConfigurationHandling::test_detect_clang_tidy_in_parent_directory PASSED [ 17%]
2026-01-30T15:20:11.1421118Z tests/test_clang_tidy_parser.py::TestClangTidyConfigurationHandling::test_no_config_file_returns_none PASSED [ 17%]
2026-01-30T15:20:11.1446105Z tests/test_configuration.py::TestConfigurationLoading::test_load_complete_config PASSED [ 18%]
2026-01-30T15:20:11.1459837Z tests/test_configuration.py::TestConfigurationLoading::test_load_minimal_config PASSED [ 18%]
2026-01-30T15:20:11.1475225Z tests/test_configuration.py::TestConfigurationLoading::test_load_invalid_toml_syntax PASSED [ 18%]
2026-01-30T15:20:11.1487491Z tests/test_configuration.py::TestConfigurationLoading::test_load_nonexistent_file PASSED [ 18%]
2026-01-30T15:20:11.1510514Z tests/test_configuration.py::TestConfigurationLoading::test_load_from_custom_path PASSED [ 18%]
2026-01-30T15:20:11.1533668Z tests/test_configuration.py::TestValidatorConfiguration::test_get_validator_config_python_flake8 PASSED [ 18%]
2026-01-30T15:20:11.1556474Z tests/test_configuration.py::TestValidatorConfiguration::test_get_validator_config_cpp_clang_tidy PASSED [ 19%]
2026-01-30T15:20:11.1570240Z tests/test_configuration.py::TestValidatorConfiguration::test_get_validator_config_with_defaults PASSED [ 19%]
2026-01-30T15:20:11.1594947Z tests/test_configuration.py::TestValidatorConfiguration::test_get_validator_config_invalid_validator PASSED [ 19%]
2026-01-30T15:20:11.1617749Z tests/test_configuration.py::TestLanguageConfiguration::test_get_language_config_python PASSED [ 19%]
2026-01-30T15:20:11.1641115Z tests/test_configuration.py::TestLanguageConfiguration::test_get_language_config_cpp PASSED [ 19%]
2026-01-30T15:20:11.1654712Z tests/test_configuration.py::TestLanguageConfiguration::test_get_language_config_with_defaults PASSED [ 19%]
2026-01-30T15:20:11.1671080Z tests/test_configuration.py::TestConfigurationValidation::test_validate_negative_max_errors PASSED [ 20%]
2026-01-30T15:20:11.1687465Z tests/test_configuration.py::TestConfigurationValidation::test_validate_zero_complexity PASSED [ 20%]
2026-01-30T15:20:11.1710554Z tests/test_configuration.py::TestConfigurationInheritance::test_validator_inherits_language_defaults PASSED [ 20%]
2026-01-30T15:20:11.1724128Z tests/test_configuration.py::TestConfigurationInheritance::test_configuration_merging PASSED [ 20%]
2026-01-30T15:20:11.1739649Z tests/test_configuration.py::TestEnvironmentVariables::test_expand_environment_variables PASSED [ 20%]
2026-01-30T15:20:11.1755961Z tests/test_configuration.py::TestEnvironmentVariables::test_missing_environment_variable PASSED [ 20%]
2026-01-30T15:20:11.1768402Z tests/test_configuration.py::TestConfigurationDefaults::test_default_values_applied PASSED [ 21%]
2026-01-30T15:20:11.1781182Z tests/test_configuration.py::TestConfigurationDefaults::test_get_with_default_value PASSED [ 21%]
2026-01-30T15:20:11.1804883Z tests/test_configuration.py::TestConfigurationDefaults::test_get_nested_config PASSED [ 21%]
2026-01-30T15:20:11.1819776Z tests/test_cppcheck_parser.py::TestCppcheckXMLParsing::test_parse_xml_with_no_errors PASSED [ 21%]
2026-01-30T15:20:11.1832499Z tests/test_cppcheck_parser.py::TestCppcheckXMLParsing::test_parse_error_severity_issue PASSED [ 21%]
2026-01-30T15:20:11.1844696Z tests/test_cppcheck_parser.py::TestCppcheckXMLParsing::test_parse_warning_severity_issue PASSED [ 21%]
2026-01-30T15:20:11.1856712Z tests/test_cppcheck_parser.py::TestCppcheckXMLParsing::test_parse_style_issue PASSED [ 22%]
2026-01-30T15:20:11.1868972Z tests/test_cppcheck_parser.py::TestCppcheckXMLParsing::test_parse_performance_issue PASSED [ 22%]
2026-01-30T15:20:11.1881216Z tests/test_cppcheck_parser.py::TestCppcheckXMLParsing::test_parse_portability_issue PASSED [ 22%]
2026-01-30T15:20:11.1893187Z tests/test_cppcheck_parser.py::TestCppcheckXMLParsing::test_parse_information_message PASSED [ 22%]
2026-01-30T15:20:11.1905139Z tests/test_cppcheck_parser.py::TestCppcheckXMLParsing::test_extract_cwe_id PASSED [ 22%]
2026-01-30T15:20:11.1917359Z tests/test_cppcheck_parser.py::TestCppcheckXMLParsing::test_parse_inconclusive_results PASSED [ 22%]
2026-01-30T15:20:11.1929440Z tests/test_cppcheck_parser.py::TestCppcheckXMLParsing::test_parse_multiple_locations PASSED [ 22%]
2026-01-30T15:20:11.1941846Z tests/test_cppcheck_parser.py::TestCppcheckCommandBuilding::test_build_command_default_options PASSED [ 23%]
2026-01-30T15:20:11.1953630Z tests/test_cppcheck_parser.py::TestCppcheckCommandBuilding::test_build_command_with_enable_categories PASSED [ 23%]
2026-01-30T15:20:11.1965242Z tests/test_cppcheck_parser.py::TestCppcheckCommandBuilding::test_build_command_with_suppressions PASSED [ 23%]
2026-01-30T15:20:11.1976611Z tests/test_cppcheck_parser.py::TestCppcheckCommandBuilding::test_build_command_with_std_option PASSED [ 23%]
2026-01-30T15:20:11.1988029Z tests/test_cppcheck_parser.py::TestCppcheckCommandBuilding::test_build_command_with_platform PASSED [ 23%]
2026-01-30T15:20:11.1999820Z tests/test_cppcheck_parser.py::TestCppcheckCommandBuilding::test_build_command_with_includes PASSED [ 23%]
2026-01-30T15:20:11.2011467Z tests/test_cppcheck_parser.py::TestCppcheckCommandBuilding::test_build_command_with_defines PASSED [ 24%]
2026-01-30T15:20:11.2023012Z tests/test_cppcheck_parser.py::TestCppcheckCommandBuilding::test_build_command_with_inconclusive PASSED [ 24%]
2026-01-30T15:20:11.2035449Z tests/test_cppcheck_parser.py::TestCppcheckCommandBuilding::test_build_command_with_multiple_files PASSED [ 24%]
2026-01-30T15:20:11.2057002Z tests/test_cppcheck_parser.py::TestCppcheckErrorHandling::test_error_when_cppcheck_not_installed PASSED [ 24%]
2026-01-30T15:20:11.2081231Z tests/test_cppcheck_parser.py::TestCppcheckErrorHandling::test_timeout_handling PASSED [ 24%]
2026-01-30T15:20:11.2093561Z tests/test_cppcheck_parser.py::TestCppcheckErrorHandling::test_parse_with_invalid_xml PASSED [ 24%]
2026-01-30T15:20:11.2119118Z tests/test_cppcheck_parser.py::TestCppcheckVersionDetection::test_version_detection PASSED [ 25%]
2026-01-30T15:20:11.2143220Z tests/test_cppcheck_parser.py::TestCppcheckVersionDetection::test_version_detection_failure PASSED [ 25%]
2026-01-30T15:20:11.2153402Z tests/test_cppcheck_parser.py::TestCppcheckIntegrationWithFixtures::test_cppcheck_on_clean_cpp_code SKIPPED [ 25%]
2026-01-30T15:20:11.2163365Z tests/test_cppcheck_parser.py::TestCppcheckIntegrationWithFixtures::test_cppcheck_on_code_with_bugs SKIPPED [ 25%]
2026-01-30T15:20:11.2175361Z tests/test_cppcheck_parser.py::TestCppcheckGroupingAndFiltering::test_group_errors_by_id PASSED [ 25%]
2026-01-30T15:20:11.2188148Z tests/test_cppcheck_parser.py::TestCppcheckGroupingAndFiltering::test_group_errors_by_file PASSED [ 25%]
2026-01-30T15:20:11.2200788Z tests/test_cppcheck_parser.py::TestCppcheckGroupingAndFiltering::test_filter_by_severity PASSED [ 26%]
2026-01-30T15:20:11.2219794Z tests/test_cppcheck_parser.py::TestCppcheckConfigurationHandling::test_detect_cppcheck_suppressions_file PASSED [ 26%]
2026-01-30T15:20:11.2239763Z tests/test_cppcheck_parser.py::TestCppcheckConfigurationHandling::test_detect_suppressions_in_parent_directory PASSED [ 26%]
2026-01-30T15:20:11.2261024Z tests/test_cppcheck_parser.py::TestCppcheckConfigurationHandling::test_no_suppressions_file_returns_none PASSED [ 26%]
2026-01-30T15:20:11.2272755Z tests/test_cpplint_parser.py::TestCpplintStyleViolationParsing::test_parse_output_with_no_violations PASSED [ 26%]
2026-01-30T15:20:11.2284083Z tests/test_cpplint_parser.py::TestCpplintStyleViolationParsing::test_parse_whitespace_violation PASSED [ 26%]
2026-01-30T15:20:11.2295767Z tests/test_cpplint_parser.py::TestCpplintStyleViolationParsing::test_parse_readability_violation PASSED [ 27%]
2026-01-30T15:20:11.2306849Z tests/test_cpplint_parser.py::TestCpplintStyleViolationParsing::test_parse_build_violation PASSED [ 27%]
2026-01-30T15:20:11.2318182Z tests/test_cpplint_parser.py::TestCpplintStyleViolationParsing::test_parse_runtime_violation PASSED [ 27%]
2026-01-30T15:20:11.2329712Z tests/test_cpplint_parser.py::TestCpplintStyleViolationParsing::test_parse_legal_violation PASSED [ 27%]
2026-01-30T15:20:11.2341384Z tests/test_cpplint_parser.py::TestCpplintStyleViolationParsing::test_parse_multiple_violations PASSED [ 27%]
2026-01-30T15:20:11.2352871Z tests/test_cpplint_parser.py::TestCpplintConfidenceMapping::test_confidence_5_maps_to_error PASSED [ 27%]
2026-01-30T15:20:11.2364338Z tests/test_cpplint_parser.py::TestCpplintConfidenceMapping::test_confidence_4_maps_to_error PASSED [ 27%]
2026-01-30T15:20:11.2375623Z tests/test_cpplint_parser.py::TestCpplintConfidenceMapping::test_confidence_3_maps_to_warning PASSED [ 28%]
2026-01-30T15:20:11.2386829Z tests/test_cpplint_parser.py::TestCpplintConfidenceMapping::test_confidence_2_maps_to_warning PASSED [ 28%]
2026-01-30T15:20:11.2398043Z tests/test_cpplint_parser.py::TestCpplintConfidenceMapping::test_confidence_1_maps_to_warning PASSED [ 28%]
2026-01-30T15:20:11.2409570Z tests/test_cpplint_parser.py::TestCpplintCommandBuilding::test_build_command_default_options PASSED [ 28%]
2026-01-30T15:20:11.2420900Z tests/test_cpplint_parser.py::TestCpplintCommandBuilding::test_build_command_with_filter_options PASSED [ 28%]
2026-01-30T15:20:11.2432127Z tests/test_cpplint_parser.py::TestCpplintCommandBuilding::test_build_command_with_linelength PASSED [ 28%]
2026-01-30T15:20:11.2443252Z tests/test_cpplint_parser.py::TestCpplintCommandBuilding::test_build_command_with_root_directory PASSED [ 29%]
2026-01-30T15:20:11.2454515Z tests/test_cpplint_parser.py::TestCpplintCommandBuilding::test_build_command_with_extensions PASSED [ 29%]
2026-01-30T15:20:11.2465538Z tests/test_cpplint_parser.py::TestCpplintCommandBuilding::test_build_command_with_counting PASSED [ 29%]
2026-01-30T15:20:11.2476608Z tests/test_cpplint_parser.py::TestCpplintCommandBuilding::test_build_command_with_quiet PASSED [ 29%]
2026-01-30T15:20:11.2488175Z tests/test_cpplint_parser.py::TestCpplintCommandBuilding::test_build_command_with_multiple_files PASSED [ 29%]
2026-01-30T15:20:11.2509805Z tests/test_cpplint_parser.py::TestCpplintErrorHandling::test_error_when_cpplint_not_installed PASSED [ 29%]
2026-01-30T15:20:11.2530169Z tests/test_cpplint_parser.py::TestCpplintErrorHandling::test_timeout_handling PASSED [ 30%]
2026-01-30T15:20:11.2542011Z tests/test_cpplint_parser.py::TestCpplintErrorHandling::test_parse_with_empty_output PASSED [ 30%]
2026-01-30T15:20:11.2566704Z tests/test_cpplint_parser.py::TestCpplintVersionDetection::test_version_detection PASSED [ 30%]
2026-01-30T15:20:11.2586398Z tests/test_cpplint_parser.py::TestCpplintVersionDetection::test_version_detection_failure PASSED [ 30%]
2026-01-30T15:20:11.2596641Z tests/test_cpplint_parser.py::TestCpplintIntegrationWithFixtures::test_cpplint_on_code_with_style_issues SKIPPED [ 30%]
2026-01-30T15:20:11.2614971Z tests/test_cpplint_parser.py::TestCpplintIntegrationWithFixtures::test_cpplint_on_style_compliant_code PASSED [ 30%]
2026-01-30T15:20:11.2627671Z tests/test_cpplint_parser.py::TestCpplintGroupingAndFiltering::test_group_violations_by_category PASSED [ 31%]
2026-01-30T15:20:11.2640379Z tests/test_cpplint_parser.py::TestCpplintGroupingAndFiltering::test_group_violations_by_confidence PASSED [ 31%]
2026-01-30T15:20:11.2655704Z tests/test_cpplint_parser.py::TestCpplintGroupingAndFiltering::test_identify_most_common_violations PASSED [ 31%]
2026-01-30T15:20:11.2675680Z tests/test_cpplint_parser.py::TestCpplintConfigurationHandling::test_detect_cpplint_cfg_file PASSED [ 31%]
2026-01-30T15:20:11.2696288Z tests/test_cpplint_parser.py::TestCpplintConfigurationHandling::test_detect_cpplint_cfg_in_parent_directory PASSED [ 31%]
2026-01-30T15:20:11.2717302Z tests/test_cpplint_parser.py::TestCpplintConfigurationHandling::test_no_config_file_returns_none PASSED [ 31%]
2026-01-30T15:20:11.2889652Z tests/test_file_collector.py::TestFullModeCollection::test_collect_all_python_files PASSED [ 32%]
2026-01-30T15:20:11.3044496Z tests/test_file_collector.py::TestFullModeCollection::test_collect_all_cpp_files PASSED [ 32%]
2026-01-30T15:20:11.3201359Z tests/test_file_collector.py::TestFullModeCollection::test_collect_all_languages PASSED [ 32%]
2026-01-30T15:20:11.3229893Z tests/test_file_collector.py::TestFullModeCollection::test_full_mode_without_git PASSED [ 32%]
2026-01-30T15:20:11.3449706Z tests/test_file_collector.py::TestIncrementalModeCollection::test_collect_modified_files PASSED [ 32%]
2026-01-30T15:20:11.3666405Z tests/test_file_collector.py::TestIncrementalModeCollection::test_collect_new_untracked_files PASSED [ 32%]
2026-01-30T15:20:11.3871212Z tests/test_file_collector.py::TestIncrementalModeCollection::test_collect_staged_files PASSED [ 33%]
2026-01-30T15:20:11.4110417Z tests/test_file_collector.py::TestIncrementalModeCollection::test_collect_both_staged_and_unstaged PASSED [ 33%]
2026-01-30T15:20:11.4324098Z tests/test_file_collector.py::TestIncrementalModeCollection::test_no_modifications_returns_empty PASSED [ 33%]
2026-01-30T15:20:11.4535620Z tests/test_file_collector.py::TestIncrementalModeCollection::test_handles_deleted_files PASSED [ 33%]
2026-01-30T15:20:11.4572064Z tests/test_file_collector.py::TestIncrementalModeCollection::test_incremental_without_git_falls_back_to_full PASSED [ 33%]
2026-01-30T15:20:11.4756569Z tests/test_file_collector.py::TestGitIntegration::test_detects_uncommitted_changes PASSED [ 33%]
2026-01-30T15:20:11.4942119Z tests/test_file_collector.py::TestGitIntegration::test_no_uncommitted_changes_in_clean_repo PASSED [ 33%]
2026-01-30T15:20:11.5108962Z tests/test_file_collector.py::TestGitIntegration::test_detects_git_repository PASSED [ 34%]
2026-01-30T15:20:11.5143547Z tests/test_file_collector.py::TestGitIntegration::test_detects_non_git_directory PASSED [ 34%]
2026-01-30T15:20:11.5394090Z tests/test_file_collector.py::TestGitIntegration::test_get_changed_files_across_commits PASSED [ 34%]
2026-01-30T15:20:11.5474927Z tests/test_file_collector.py::TestGitIntegration::test_empty_repository_returns_no_files PASSED [ 34%]
2026-01-30T15:20:11.5630399Z tests/test_file_collector.py::TestExclusionPatterns::test_respects_exclude_patterns PASSED [ 34%]
2026-01-30T15:20:11.5784380Z tests/test_file_collector.py::TestExclusionPatterns::test_default_exclusions_applied PASSED [ 34%]
2026-01-30T15:20:11.5938884Z tests/test_file_collector.py::TestLanguageFiltering::test_filters_by_language PASSED [ 35%]
2026-01-30T15:20:11.6094676Z tests/test_file_collector.py::TestLanguageFiltering::test_collects_multiple_languages PASSED [ 35%]
2026-01-30T15:20:11.6246633Z tests/test_file_collector.py::TestErrorHandling::test_invalid_language_raises_error PASSED [ 35%]
2026-01-30T15:20:11.6424910Z tests/test_file_collector.py::TestErrorHandling::test_invalid_commit_ref_raises_error PASSED [ 35%]
2026-01-30T15:20:11.6443686Z tests/test_file_collector.py::TestErrorHandling::test_handles_permission_errors_gracefully PASSED [ 35%]
2026-01-30T15:20:11.6472179Z tests/test_file_collector.py::TestErrorHandling::test_git_timeout_handled_in_is_git_repository PASSED [ 35%]
2026-01-30T15:20:11.6496814Z tests/test_file_collector.py::TestErrorHandling::test_git_not_found_handled_in_is_git_repository PASSED [ 36%]
2026-01-30T15:20:11.6659877Z tests/test_file_collector.py::TestErrorHandling::test_has_uncommitted_changes_handles_timeout PASSED [ 36%]
2026-01-30T15:20:11.6821949Z tests/test_file_collector.py::TestErrorHandling::test_has_uncommitted_changes_handles_subprocess_error PASSED [ 36%]
2026-01-30T15:20:11.6983732Z tests/test_file_collector.py::TestErrorHandling::test_get_changed_files_handles_timeout PASSED [ 36%]
2026-01-30T15:20:11.7200388Z tests/test_file_collector.py::TestPerformance::test_incremental_faster_than_full PASSED [ 36%]
2026-01-30T15:20:11.7354501Z tests/test_file_collector.py::TestCaching::test_caches_language_detection PASSED [ 36%]
2026-01-30T15:20:11.7617897Z tests/test_file_collector.py::TestCaching::test_cache_invalidated_on_changes PASSED [ 37%]
2026-01-30T15:20:11.7633968Z tests/test_flake8_parser.py::TestFlake8JSONParsing::test_parse_json_output_with_no_errors PASSED [ 37%]
2026-01-30T15:20:11.7646376Z tests/test_flake8_parser.py::TestFlake8JSONParsing::test_parse_json_output_with_e_series_errors PASSED [ 37%]
2026-01-30T15:20:11.7658439Z tests/test_flake8_parser.py::TestFlake8JSONParsing::test_parse_json_output_with_w_series_warnings PASSED [ 37%]
2026-01-30T15:20:11.7670820Z tests/test_flake8_parser.py::TestFlake8JSONParsing::test_parse_json_output_with_f_series_errors PASSED [ 37%]
2026-01-30T15:20:11.7683114Z tests/test_flake8_parser.py::TestFlake8JSONParsing::test_parse_json_output_with_c_series_complexity_warnings PASSED [ 37%]
2026-01-30T15:20:11.7695605Z tests/test_flake8_parser.py::TestFlake8JSONParsing::test_parse_multiple_files_with_mixed_results PASSED [ 38%]
2026-01-30T15:20:11.7707058Z tests/test_flake8_parser.py::TestFlake8CommandBuilding::test_build_command_with_default_options PASSED [ 38%]
2026-01-30T15:20:11.7718677Z tests/test_flake8_parser.py::TestFlake8CommandBuilding::test_build_command_with_ignore_list PASSED [ 38%]
2026-01-30T15:20:11.7730679Z tests/test_flake8_parser.py::TestFlake8CommandBuilding::test_build_command_with_max_line_length PASSED [ 38%]
2026-01-30T15:20:11.7742164Z tests/test_flake8_parser.py::TestFlake8CommandBuilding::test_build_command_with_select_rules PASSED [ 38%]
2026-01-30T15:20:11.7754058Z tests/test_flake8_parser.py::TestFlake8CommandBuilding::test_build_command_with_exclude_patterns PASSED [ 38%]
2026-01-30T15:20:11.7765619Z tests/test_flake8_parser.py::TestFlake8CommandBuilding::test_build_command_with_max_complexity PASSED [ 38%]
2026-01-30T15:20:11.7781427Z tests/test_flake8_parser.py::TestFlake8TextFormatParsing::test_parse_text_format_with_errors PASSED [ 39%]
2026-01-30T15:20:11.7795904Z tests/test_flake8_parser.py::TestFlake8TextFormatParsing::test_parse_text_format_with_no_output PASSED [ 39%]
2026-01-30T15:20:11.7818786Z tests/test_flake8_parser.py::TestFlake8ErrorHandling::test_error_when_flake8_not_installed PASSED [ 39%]
2026-01-30T15:20:11.7841607Z tests/test_flake8_parser.py::TestFlake8ErrorHandling::test_timeout_handling PASSED [ 39%]
2026-01-30T15:20:11.7854712Z tests/test_flake8_parser.py::TestFlake8ErrorHandling::test_invalid_json_handling PASSED [ 39%]
2026-01-30T15:20:11.7876975Z tests/test_flake8_parser.py::TestFlake8VersionDetection::test_version_detection PASSED [ 39%]
2026-01-30T15:20:11.7897851Z tests/test_flake8_parser.py::TestFlake8VersionDetection::test_version_detection_failure PASSED [ 40%]
2026-01-30T15:20:11.9457564Z tests/test_flake8_parser.py::TestFlake8IntegrationWithFixtures::test_flake8_on_good_python_code PASSED [ 40%]
2026-01-30T15:20:12.0584691Z tests/test_flake8_parser.py::TestFlake8IntegrationWithFixtures::test_flake8_on_style_violations_fixture PASSED [ 40%]
2026-01-30T15:20:12.1652923Z tests/test_flake8_parser.py::TestFlake8IntegrationWithFixtures::test_flake8_on_syntax_error_fixture PASSED [ 40%]
2026-01-30T15:20:12.2774434Z tests/test_flake8_parser.py::TestFlake8IntegrationWithFixtures::test_flake8_on_unused_imports_fixture PASSED [ 40%]
2026-01-30T15:20:12.2785897Z tests/test_flake8_parser.py::TestFlake8SeverityMapping::test_e_series_maps_to_error PASSED [ 40%]
2026-01-30T15:20:12.2798156Z tests/test_flake8_parser.py::TestFlake8SeverityMapping::test_w_series_maps_to_warning PASSED [ 41%]
2026-01-30T15:20:12.2809630Z tests/test_flake8_parser.py::TestFlake8SeverityMapping::test_f_series_maps_to_error PASSED [ 41%]
2026-01-30T15:20:12.2820716Z tests/test_flake8_parser.py::TestFlake8SeverityMapping::test_c_series_maps_to_warning PASSED [ 41%]
2026-01-30T15:20:12.2831637Z tests/test_flake8_parser.py::TestFlake8SeverityMapping::test_n_series_maps_to_warning PASSED [ 41%]
2026-01-30T15:20:12.2851994Z tests/test_flake8_parser.py::TestFlake8ConfigurationHandling::test_detect_flake8_config_file PASSED [ 41%]
2026-01-30T15:20:12.2870831Z tests/test_flake8_parser.py::TestFlake8ConfigurationHandling::test_detect_setup_cfg_flake8_section PASSED [ 41%]
2026-01-30T15:20:12.2890507Z tests/test_flake8_parser.py::TestFlake8ConfigurationHandling::test_detect_tox_ini_flake8_section PASSED [ 42%]
2026-01-30T15:20:12.2905322Z tests/test_isort_parser.py::TestIsortTextParsing::test_parse_output_all_imports_sorted PASSED [ 42%]
2026-01-30T15:20:12.2917114Z tests/test_isort_parser.py::TestIsortTextParsing::test_parse_output_imports_need_sorting PASSED [ 42%]
2026-01-30T15:20:12.2929109Z tests/test_isort_parser.py::TestIsortTextParsing::test_parse_multiple_files_with_errors PASSED [ 42%]
2026-01-30T15:20:12.2940798Z tests/test_isort_parser.py::TestIsortTextParsing::test_parse_windows_paths PASSED [ 42%]
2026-01-30T15:20:12.2952409Z tests/test_isort_parser.py::TestIsortTextParsing::test_parse_output_with_skipped_files PASSED [ 42%]
2026-01-30T15:20:12.2963970Z tests/test_isort_parser.py::TestIsortCommandBuilding::test_build_command_default_options PASSED [ 43%]
2026-01-30T15:20:12.2975767Z tests/test_isort_parser.py::TestIsortCommandBuilding::test_build_command_with_profile PASSED [ 43%]
2026-01-30T15:20:12.2987126Z tests/test_isort_parser.py::TestIsortCommandBuilding::test_build_command_with_line_length PASSED [ 43%]
2026-01-30T15:20:12.2998397Z tests/test_isort_parser.py::TestIsortCommandBuilding::test_build_command_with_multi_line_output PASSED [ 43%]
2026-01-30T15:20:12.3009950Z tests/test_isort_parser.py::TestIsortCommandBuilding::test_build_command_with_skip_patterns PASSED [ 43%]
2026-01-30T15:20:12.3021456Z tests/test_isort_parser.py::TestIsortCommandBuilding::test_build_command_with_force_single_line PASSED [ 43%]
2026-01-30T15:20:12.3032651Z tests/test_isort_parser.py::TestIsortCommandBuilding::test_build_command_with_diff PASSED [ 44%]
2026-01-30T15:20:12.3044040Z tests/test_isort_parser.py::TestIsortCommandBuilding::test_build_command_with_multiple_files PASSED [ 44%]
2026-01-30T15:20:12.3066532Z tests/test_isort_parser.py::TestIsortErrorHandling::test_error_when_isort_not_installed PASSED [ 44%]
2026-01-30T15:20:12.3096663Z tests/test_isort_parser.py::TestIsortErrorHandling::test_timeout_handling PASSED [ 44%]
2026-01-30T15:20:12.3108418Z tests/test_isort_parser.py::TestIsortErrorHandling::test_parse_syntax_error_in_file PASSED [ 44%]
2026-01-30T15:20:12.3133688Z tests/test_isort_parser.py::TestIsortVersionDetection::test_version_detection PASSED [ 44%]
2026-01-30T15:20:12.3154802Z tests/test_isort_parser.py::TestIsortVersionDetection::test_version_detection_failure PASSED [ 44%]
2026-01-30T15:20:12.4486636Z tests/test_isort_parser.py::TestIsortIntegrationWithFixtures::test_isort_on_sorted_python_code PASSED [ 45%]
2026-01-30T15:20:12.5455900Z tests/test_isort_parser.py::TestIsortIntegrationWithFixtures::test_isort_on_unsorted_imports_fixture PASSED [ 45%]
2026-01-30T15:20:12.5487947Z tests/test_isort_parser.py::TestIsortConfigurationHandling::test_detect_pyproject_toml PASSED [ 45%]
2026-01-30T15:20:12.5508574Z tests/test_isort_parser.py::TestIsortConfigurationHandling::test_detect_setup_cfg PASSED [ 45%]
2026-01-30T15:20:12.5528269Z tests/test_isort_parser.py::TestIsortConfigurationHandling::test_detect_isort_cfg PASSED [ 45%]
2026-01-30T15:20:12.5547534Z tests/test_isort_parser.py::TestIsortConfigurationHandling::test_no_config_file_returns_none PASSED [ 45%]
2026-01-30T15:20:12.5559132Z tests/test_isort_parser.py::TestIsortSuggestedFixes::test_generate_fix_command PASSED [ 46%]
2026-01-30T15:20:12.5571828Z tests/test_isort_parser.py::TestIsortSuggestedFixes::test_generate_fix_command_with_options PASSED [ 46%]
2026-01-30T15:20:12.5588730Z tests/test_iwyu_parser.py::TestIWYUSuggestionParsing::test_parse_output_with_no_suggestions PASSED [ 46%]
2026-01-30T15:20:12.5607931Z tests/test_iwyu_parser.py::TestIWYUSuggestionParsing::test_parse_suggestions_to_add_includes PASSED [ 46%]
2026-01-30T15:20:12.5623585Z tests/test_iwyu_parser.py::TestIWYUSuggestionParsing::test_parse_suggestions_to_remove_includes PASSED [ 46%]
2026-01-30T15:20:12.5635809Z tests/test_iwyu_parser.py::TestIWYUSuggestionParsing::test_parse_forward_declaration_suggestions PASSED [ 46%]
2026-01-30T15:20:12.5647578Z tests/test_iwyu_parser.py::TestIWYUSuggestionParsing::test_parse_transitive_include_information PASSED [ 47%]
2026-01-30T15:20:12.5660353Z tests/test_iwyu_parser.py::TestIWYUSuggestionParsing::test_parse_multiple_files_with_suggestions PASSED [ 47%]
2026-01-30T15:20:12.5672523Z tests/test_iwyu_parser.py::TestIWYUWhyExplanations::test_parse_why_explanation PASSED [ 47%]
2026-01-30T15:20:12.5683830Z tests/test_iwyu_parser.py::TestIWYUCommandBuilding::test_build_command_default_options PASSED [ 47%]
2026-01-30T15:20:12.5694998Z tests/test_iwyu_parser.py::TestIWYUCommandBuilding::test_build_command_with_mapping_file PASSED [ 47%]
2026-01-30T15:20:12.5706210Z tests/test_iwyu_parser.py::TestIWYUCommandBuilding::test_build_command_with_compiler_flags PASSED [ 47%]
2026-01-30T15:20:12.5717436Z tests/test_iwyu_parser.py::TestIWYUCommandBuilding::test_build_command_with_xiwyu_options PASSED [ 48%]
2026-01-30T15:20:12.5728742Z tests/test_iwyu_parser.py::TestIWYUCommandBuilding::test_build_command_with_std_option PASSED [ 48%]
2026-01-30T15:20:12.5740463Z tests/test_iwyu_parser.py::TestIWYUCommandBuilding::test_build_command_with_include_paths PASSED [ 48%]
2026-01-30T15:20:12.5751692Z tests/test_iwyu_parser.py::TestIWYUCommandBuilding::test_build_command_with_defines PASSED [ 48%]
2026-01-30T15:20:12.5767735Z tests/test_iwyu_parser.py::TestIWYUErrorHandling::test_error_when_iwyu_not_installed PASSED [ 48%]
2026-01-30T15:20:12.5784146Z tests/test_iwyu_parser.py::TestIWYUErrorHandling::test_timeout_handling PASSED [ 48%]
2026-01-30T15:20:12.5795689Z tests/test_iwyu_parser.py::TestIWYUErrorHandling::test_parse_with_empty_output PASSED [ 49%]
2026-01-30T15:20:12.5816089Z tests/test_iwyu_parser.py::TestIWYUVersionDetection::test_version_detection PASSED [ 49%]
2026-01-30T15:20:12.5833338Z tests/test_iwyu_parser.py::TestIWYUVersionDetection::test_version_detection_different_format PASSED [ 49%]
2026-01-30T15:20:12.5848458Z tests/test_iwyu_parser.py::TestIWYUVersionDetection::test_version_detection_failure PASSED [ 49%]
2026-01-30T15:20:12.5859174Z tests/test_iwyu_parser.py::TestIWYUIntegrationWithFixtures::test_iwyu_on_code_with_include_issues SKIPPED [ 49%]
2026-01-30T15:20:12.5869427Z tests/test_iwyu_parser.py::TestIWYUIntegrationWithFixtures::test_iwyu_on_clean_includes SKIPPED [ 49%]
2026-01-30T15:20:12.5881902Z tests/test_iwyu_parser.py::TestIWYUSuggestionGrouping::test_group_suggestions_by_file PASSED [ 50%]
2026-01-30T15:20:12.5894129Z tests/test_iwyu_parser.py::TestIWYUSuggestionGrouping::test_count_unnecessary_includes PASSED [ 50%]
2026-01-30T15:20:12.5906167Z tests/test_iwyu_parser.py::TestIWYUSuggestionGrouping::test_count_missing_includes PASSED [ 50%]
2026-01-30T15:20:12.5917947Z tests/test_iwyu_parser.py::TestIWYUFullIncludeList::test_parse_full_include_list PASSED [ 50%]
2026-01-30T15:20:12.5931594Z tests/test_iwyu_parser.py::TestIWYUFullIncludeList::test_parse_correct_includes_message PASSED [ 50%]
2026-01-30T15:20:12.5943655Z tests/test_iwyu_parser.py::TestIWYUWindowsPaths::test_parse_windows_paths PASSED [ 50%]
2026-01-30T15:20:12.5960609Z tests/test_iwyu_parser.py::TestIWYUConfigurationHandling::test_detect_iwyu_mapping_file PASSED [ 50%]
2026-01-30T15:20:12.5977980Z tests/test_iwyu_parser.py::TestIWYUConfigurationHandling::test_detect_mapping_in_parent_directory PASSED [ 51%]
2026-01-30T15:20:12.5996354Z tests/test_iwyu_parser.py::TestIWYUConfigurationHandling::test_no_mapping_file_returns_none PASSED [ 51%]
2026-01-30T15:20:12.6007868Z tests/test_iwyu_parser.py::TestIWYUSuggestedFixes::test_generate_fix_command PASSED [ 51%]
2026-01-30T15:20:12.6020193Z tests/test_iwyu_parser.py::TestIWYUSuggestedFixes::test_generate_fix_command_with_options PASSED [ 51%]
2026-01-30T15:20:12.6055177Z tests/test_language_detector.py::TestLanguageDetection::test_detect_python_files PASSED [ 51%]
2026-01-30T15:20:12.6089672Z tests/test_language_detector.py::TestLanguageDetection::test_detect_cpp_files PASSED [ 51%]
2026-01-30T15:20:12.6123760Z tests/test_language_detector.py::TestLanguageDetection::test_detect_mixed_language_project PASSED [ 52%]
2026-01-30T15:20:12.6147426Z tests/test_language_detector.py::TestLanguageDetection::test_detect_python_only_project PASSED [ 52%]
2026-01-30T15:20:12.6171109Z tests/test_language_detector.py::TestLanguageDetection::test_detect_cpp_only_project PASSED [ 52%]
2026-01-30T15:20:12.6193417Z tests/test_language_detector.py::TestLanguageDetection::test_detect_no_matching_files PASSED [ 52%]
2026-01-30T15:20:12.6224054Z tests/test_language_detector.py::TestLanguageDetection::test_get_files_returns_only_python PASSED [ 52%]
2026-01-30T15:20:12.6256246Z tests/test_language_detector.py::TestLanguageDetection::test_get_files_returns_only_cpp PASSED [ 52%]
2026-01-30T15:20:12.6290304Z tests/test_language_detector.py::TestExclusionPatterns::test_ignores_git_directory PASSED [ 53%]
2026-01-30T15:20:12.6324488Z tests/test_language_detector.py::TestExclusionPatterns::test_ignores_pycache_directory PASSED [ 53%]
2026-01-30T15:20:12.6360720Z tests/test_language_detector.py::TestExclusionPatterns::test_ignores_build_directory PASSED [ 53%]
2026-01-30T15:20:12.6398901Z tests/test_language_detector.py::TestExclusionPatterns::test_custom_exclude_patterns PASSED [ 53%]
2026-01-30T15:20:12.6434134Z tests/test_language_detector.py::TestConfigurationIntegration::test_respects_file_patterns_from_config PASSED [ 53%]
2026-01-30T15:20:12.6459528Z tests/test_language_detector.py::TestConfigurationIntegration::test_respects_cpp_patterns_from_config PASSED [ 53%]
2026-01-30T15:20:12.6469515Z tests/test_language_detector.py::TestSymbolicLinks::test_follows_symlinks_when_enabled SKIPPED [ 54%]
2026-01-30T15:20:12.6479428Z tests/test_language_detector.py::TestSymbolicLinks::test_ignores_symlinks_when_disabled SKIPPED [ 54%]
2026-01-30T15:20:12.6613942Z tests/test_language_detector.py::TestPerformance::test_performance_large_directory_tree PASSED [ 54%]
2026-01-30T15:20:12.6626054Z tests/test_language_detector.py::TestEdgeCases::test_nonexistent_directory_raises_error PASSED [ 54%]
2026-01-30T15:20:12.6645708Z tests/test_language_detector.py::TestEdgeCases::test_file_instead_of_directory_raises_error PASSED [ 54%]
2026-01-30T15:20:12.6674410Z tests/test_language_detector.py::TestEdgeCases::test_get_files_for_unknown_language_returns_empty PASSED [ 54%]
2026-01-30T15:20:12.6695107Z tests/test_language_detector.py::TestEdgeCases::test_empty_directory_returns_empty PASSED [ 55%]
2026-01-30T15:20:12.6710855Z tests/test_orchestrator.py::TestSequentialExecution::test_run_all_validators_sequentially PASSED [ 55%]
2026-01-30T15:20:12.6726345Z tests/test_orchestrator.py::TestSequentialExecution::test_validators_run_in_deterministic_order PASSED [ 55%]
2026-01-30T15:20:12.6753733Z tests/test_orchestrator.py::TestParallelExecution::test_run_all_validators_in_parallel PASSED [ 55%]
2026-01-30T15:20:13.0783938Z tests/test_orchestrator.py::TestParallelExecution::test_parallel_execution_faster_than_sequential PASSED [ 55%]
2026-01-30T15:20:13.0798333Z tests/test_orchestrator.py::TestLanguageFiltering::test_run_validators_for_specific_language PASSED [ 55%]
2026-01-30T15:20:13.0812406Z tests/test_orchestrator.py::TestLanguageFiltering::test_run_validators_for_cpp_language PASSED [ 55%]
2026-01-30T15:20:13.0826601Z tests/test_orchestrator.py::TestLanguageFiltering::test_run_validators_for_nonexistent_language PASSED [ 56%]
2026-01-30T15:20:13.0841058Z tests/test_orchestrator.py::TestSpecificValidatorExecution::test_run_specific_validator_by_name PASSED [ 56%]
2026-01-30T15:20:13.0856855Z tests/test_orchestrator.py::TestSpecificValidatorExecution::test_run_nonexistent_validator_raises_error PASSED [ 56%]
2026-01-30T15:20:13.0871950Z tests/test_orchestrator.py::TestResultAggregation::test_aggregate_results_all_passing PASSED [ 56%]
2026-01-30T15:20:13.0884414Z tests/test_orchestrator.py::TestResultAggregation::test_aggregate_results_with_failures PASSED [ 56%]
2026-01-30T15:20:13.0899181Z tests/test_orchestrator.py::TestResultAggregation::test_aggregate_results_counts_files_checked PASSED [ 56%]
2026-01-30T15:20:13.0914094Z tests/test_orchestrator.py::TestOverallPassFail::test_overall_pass_when_all_validators_pass PASSED [ 57%]
2026-01-30T15:20:13.0925797Z tests/test_orchestrator.py::TestOverallPassFail::test_overall_fail_when_any_validator_fails PASSED [ 57%]
2026-01-30T15:20:13.0937745Z tests/test_orchestrator.py::TestFailFastMode::test_fail_fast_stops_on_first_failure PASSED [ 57%]
2026-01-30T15:20:13.0950382Z tests/test_orchestrator.py::TestContinueOnFailureMode::test_continue_on_failure_runs_all_validators PASSED [ 57%]
2026-01-30T15:20:23.0975768Z tests/test_orchestrator.py::TestTimeoutHandling::test_timeout_handling_for_slow_validators PASSED [ 57%]
2026-01-30T15:20:23.0989130Z tests/test_orchestrator.py::TestValidatorCrashHandling::test_error_handling_when_validator_crashes PASSED [ 57%]
2026-01-30T15:20:23.1001802Z tests/test_orchestrator.py::TestToolNotFoundHandling::test_error_handling_when_tool_not_found PASSED [ 58%]
2026-01-30T15:20:23.1014600Z tests/test_orchestrator.py::TestMixedResults::test_result_collection_with_mixed_results PASSED [ 58%]
2026-01-30T15:20:23.4035182Z tests/test_orchestrator.py::TestExecutionTimeTracking::test_execution_time_tracking PASSED [ 58%]
2026-01-30T15:20:23.4051941Z tests/test_orchestrator.py::TestFileCountAggregation::test_file_count_aggregation PASSED [ 58%]
2026-01-30T15:20:23.4066521Z tests/test_orchestrator.py::TestFileCountAggregation::test_unique_files_counted PASSED [ 58%]
2026-01-30T15:20:23.4080847Z tests/test_orchestrator.py::TestEmptyFileList::test_run_with_empty_file_list PASSED [ 58%]
2026-01-30T15:20:23.4095418Z tests/test_orchestrator.py::TestConfigurationPassing::test_configuration_passed_to_validators PASSED [ 59%]
2026-01-30T15:20:23.4107796Z tests/test_parser_framework.py::TestFixtureDirectoryStructure::test_fixtures_directory_exists PASSED [ 59%]
2026-01-30T15:20:23.4120317Z tests/test_parser_framework.py::TestFixtureDirectoryStructure::test_python_fixtures_directory_exists PASSED [ 59%]
2026-01-30T15:20:23.4133239Z tests/test_parser_framework.py::TestFixtureDirectoryStructure::test_cpp_fixtures_directory_exists PASSED [ 59%]
2026-01-30T15:20:23.4145711Z tests/test_parser_framework.py::TestFixtureDirectoryStructure::test_sample_code_fixtures_directory_exists PASSED [ 59%]
2026-01-30T15:20:23.4159693Z tests/test_parser_framework.py::TestFixtureLoading::test_load_fixture_file_returns_content PASSED [ 59%]
2026-01-30T15:20:23.4173529Z tests/test_parser_framework.py::TestFixtureLoading::test_load_fixture_file_with_subdirectory PASSED [ 60%]
2026-01-30T15:20:23.4187295Z tests/test_parser_framework.py::TestFixtureLoading::test_load_fixture_file_preserves_encoding PASSED [ 60%]
2026-01-30T15:20:23.4201199Z tests/test_parser_framework.py::TestFixtureLoading::test_load_fixture_nonexistent_file_raises_error PASSED [ 60%]
2026-01-30T15:20:23.4214532Z tests/test_parser_framework.py::TestFixtureLoading::test_get_fixture_path_returns_absolute_path PASSED [ 60%]
2026-01-30T15:20:23.4232753Z tests/test_parser_framework.py::TestFixtureLoading::test_list_fixtures_in_directory PASSED [ 60%]
2026-01-30T15:20:23.4246031Z tests/test_parser_framework.py::TestParserHelpers::test_create_validation_result_helper PASSED [ 60%]
2026-01-30T15:20:23.4259195Z tests/test_parser_framework.py::TestParserHelpers::test_create_issue_helper PASSED [ 61%]
2026-01-30T15:20:23.4272593Z tests/test_parser_framework.py::TestParserHelpers::test_assert_validation_result_structure PASSED [ 61%]
2026-01-30T15:20:23.4285979Z tests/test_parser_framework.py::TestParserHelpers::test_assert_validation_result_invalid_structure_raises PASSED [ 61%]
2026-01-30T15:20:23.4298881Z tests/test_parser_framework.py::TestParserHelpers::test_assert_issue_structure PASSED [ 61%]
2026-01-30T15:20:23.4312309Z tests/test_parser_framework.py::TestParserHelpers::test_count_issues_by_severity PASSED [ 61%]
2026-01-30T15:20:23.4325739Z tests/test_parser_framework.py::TestParserHelpers::test_filter_issues_by_file PASSED [ 61%]
2026-01-30T15:20:23.4338751Z tests/test_parser_framework.py::TestParserHelpers::test_filter_issues_by_severity PASSED [ 61%]
2026-01-30T15:20:23.4358155Z tests/test_parser_framework.py::TestPythonFixtures::test_good_python_code_fixture_exists PASSED [ 62%]
2026-01-30T15:20:23.4373333Z tests/test_parser_framework.py::TestPythonFixtures::test_bad_python_syntax_error_fixture_exists PASSED [ 62%]
2026-01-30T15:20:23.4388949Z tests/test_parser_framework.py::TestPythonFixtures::test_bad_python_missing_imports_fixture_exists PASSED [ 62%]
2026-01-30T15:20:23.4405274Z tests/test_parser_framework.py::TestPythonFixtures::test_bad_python_unused_code_fixture_exists PASSED [ 62%]
2026-01-30T15:20:23.4421599Z tests/test_parser_framework.py::TestPythonFixtures::test_bad_python_style_violations_fixture_exists PASSED [ 62%]
2026-01-30T15:20:23.4439190Z tests/test_parser_framework.py::TestPythonFixtures::test_bad_python_unformatted_code_fixture_exists PASSED [ 62%]
2026-01-30T15:20:23.4453365Z tests/test_parser_framework.py::TestCppFixtures::test_good_cpp_code_fixture_exists PASSED [ 63%]
2026-01-30T15:20:23.4467012Z tests/test_parser_framework.py::TestCppFixtures::test_good_cpp_header_fixture_exists PASSED [ 63%]
2026-01-30T15:20:23.4480748Z tests/test_parser_framework.py::TestCppFixtures::test_bad_cpp_syntax_error_fixture_exists PASSED [ 63%]
2026-01-30T15:20:23.4494675Z tests/test_parser_framework.py::TestCppFixtures::test_bad_cpp_style_violations_fixture_exists PASSED [ 63%]
2026-01-30T15:20:23.4508379Z tests/test_parser_framework.py::TestCppFixtures::test_bad_cpp_static_analysis_issues_fixture_exists PASSED [ 63%]
2026-01-30T15:20:23.4521342Z tests/test_parser_framework.py::TestFixtureNamingConventions::test_readme_exists_in_fixtures_directory PASSED [ 63%]
2026-01-30T15:20:23.4534585Z tests/test_parser_framework.py::TestFixtureNamingConventions::test_readme_documents_naming_conventions PASSED [ 64%]
2026-01-30T15:20:23.4548521Z tests/test_parser_framework.py::TestFixtureNamingConventions::test_readme_documents_directory_structure PASSED [ 64%]
2026-01-30T15:20:23.4561730Z tests/test_pylint_parser.py::TestPylintJSONParsing::test_parse_json_output_with_no_issues PASSED [ 64%]
2026-01-30T15:20:23.4574410Z tests/test_pylint_parser.py::TestPylintJSONParsing::test_parse_convention_messages PASSED [ 64%]
2026-01-30T15:20:23.4587625Z tests/test_pylint_parser.py::TestPylintJSONParsing::test_parse_refactor_suggestions PASSED [ 64%]
2026-01-30T15:20:23.4600217Z tests/test_pylint_parser.py::TestPylintJSONParsing::test_parse_warnings PASSED [ 64%]
2026-01-30T15:20:23.4613014Z tests/test_pylint_parser.py::TestPylintJSONParsing::test_parse_errors PASSED [ 65%]
2026-01-30T15:20:23.4625562Z tests/test_pylint_parser.py::TestPylintJSONParsing::test_parse_fatal_errors PASSED [ 65%]
2026-01-30T15:20:23.4638607Z tests/test_pylint_parser.py::TestPylintJSONParsing::test_parse_multiple_issues_mixed_types PASSED [ 65%]
2026-01-30T15:20:23.4651107Z tests/test_pylint_parser.py::TestPylintJSONParsing::test_parse_with_score_information PASSED [ 65%]
2026-01-30T15:20:23.4663323Z tests/test_pylint_parser.py::TestPylintCommandBuilding::test_build_command_default_options PASSED [ 65%]
2026-01-30T15:20:23.4675543Z tests/test_pylint_parser.py::TestPylintCommandBuilding::test_build_command_with_disable_options PASSED [ 65%]
2026-01-30T15:20:23.4687590Z tests/test_pylint_parser.py::TestPylintCommandBuilding::test_build_command_with_enable_options PASSED [ 66%]
2026-01-30T15:20:23.4699894Z tests/test_pylint_parser.py::TestPylintCommandBuilding::test_build_command_with_max_line_length PASSED [ 66%]
2026-01-30T15:20:23.4711963Z tests/test_pylint_parser.py::TestPylintCommandBuilding::test_build_command_with_rcfile PASSED [ 66%]
2026-01-30T15:20:23.4724066Z tests/test_pylint_parser.py::TestPylintCommandBuilding::test_build_command_with_score_enabled PASSED [ 66%]
2026-01-30T15:20:23.4735994Z tests/test_pylint_parser.py::TestPylintCommandBuilding::test_build_command_with_score_disabled PASSED [ 66%]
2026-01-30T15:20:23.4748357Z tests/test_pylint_parser.py::TestPylintCommandBuilding::test_build_command_with_multiple_files PASSED [ 66%]
2026-01-30T15:20:23.4771913Z tests/test_pylint_parser.py::TestPylintErrorHandling::test_error_when_pylint_not_installed PASSED [ 66%]
2026-01-30T15:20:23.4793603Z tests/test_pylint_parser.py::TestPylintErrorHandling::test_timeout_handling PASSED [ 67%]
2026-01-30T15:20:23.4806090Z tests/test_pylint_parser.py::TestPylintErrorHandling::test_invalid_json_handling PASSED [ 67%]
2026-01-30T15:20:23.4830934Z tests/test_pylint_parser.py::TestPylintVersionDetection::test_version_detection PASSED [ 67%]
2026-01-30T15:20:23.4853819Z tests/test_pylint_parser.py::TestPylintVersionDetection::test_version_detection_pylint2 PASSED [ 67%]
2026-01-30T15:20:23.4875274Z tests/test_pylint_parser.py::TestPylintVersionDetection::test_version_detection_failure PASSED [ 67%]
2026-01-30T15:20:24.3999955Z tests/test_pylint_parser.py::TestPylintIntegrationWithFixtures::test_pylint_on_clean_python_code PASSED [ 67%]
2026-01-30T15:20:24.9060166Z tests/test_pylint_parser.py::TestPylintIntegrationWithFixtures::test_pylint_on_code_with_violations PASSED [ 68%]
2026-01-30T15:20:24.9081139Z tests/test_pylint_parser.py::TestPylintConfigurationHandling::test_detect_pylintrc PASSED [ 68%]
2026-01-30T15:20:24.9101792Z tests/test_pylint_parser.py::TestPylintConfigurationHandling::test_detect_pyproject_toml PASSED [ 68%]
2026-01-30T15:20:24.9122078Z tests/test_pylint_parser.py::TestPylintConfigurationHandling::test_detect_setup_cfg PASSED [ 68%]
2026-01-30T15:20:24.9143233Z tests/test_pylint_parser.py::TestPylintConfigurationHandling::test_priority_order_pylintrc_over_others PASSED [ 68%]
2026-01-30T15:20:24.9162984Z tests/test_pylint_parser.py::TestPylintConfigurationHandling::test_no_config_file_returns_none PASSED [ 68%]
2026-01-30T15:20:24.9177479Z tests/test_pylint_parser.py::TestPylintScoreExtraction::test_extract_score_from_text_output PASSED [ 69%]
2026-01-30T15:20:24.9189571Z tests/test_pylint_parser.py::TestPylintScoreExtraction::test_extract_score_with_previous_run PASSED [ 69%]
2026-01-30T15:20:24.9201495Z tests/test_pylint_parser.py::TestPylintScoreExtraction::test_extract_score_when_not_present PASSED [ 69%]
2026-01-30T15:20:24.9213515Z tests/test_pylint_parser.py::TestPylintScoreExtraction::test_extract_perfect_score PASSED [ 69%]
2026-01-30T15:20:24.9226173Z tests/test_pylint_parser.py::TestPylintSeverityMapping::test_convention_maps_to_warning PASSED [ 69%]
2026-01-30T15:20:24.9238477Z tests/test_pylint_parser.py::TestPylintSeverityMapping::test_refactor_maps_to_warning PASSED [ 69%]
2026-01-30T15:20:24.9251190Z tests/test_pylint_parser.py::TestPylintSeverityMapping::test_warning_maps_to_warning PASSED [ 70%]
2026-01-30T15:20:24.9263454Z tests/test_pylint_parser.py::TestPylintSeverityMapping::test_error_maps_to_error PASSED [ 70%]
2026-01-30T15:20:24.9276517Z tests/test_pylint_parser.py::TestPylintSeverityMapping::test_fatal_maps_to_error PASSED [ 70%]
2026-01-30T15:20:24.9290963Z tests/test_pytest_parser.py::TestPytestResultParsing::test_parse_output_all_tests_passed PASSED [ 70%]
2026-01-30T15:20:24.9305146Z tests/test_pytest_parser.py::TestPytestResultParsing::test_parse_output_with_test_failures PASSED [ 70%]
2026-01-30T15:20:24.9319188Z tests/test_pytest_parser.py::TestPytestResultParsing::test_parse_output_with_skipped_tests PASSED [ 70%]
2026-01-30T15:20:24.9333649Z tests/test_pytest_parser.py::TestPytestResultParsing::test_parse_parametrized_tests PASSED [ 71%]
2026-01-30T15:20:24.9347570Z tests/test_pytest_parser.py::TestPytestResultParsing::test_parse_test_durations PASSED [ 71%]
2026-01-30T15:20:24.9361739Z tests/test_pytest_parser.py::TestPytestResultParsing::test_identify_slowest_tests PASSED [ 71%]
2026-01-30T15:20:24.9375608Z tests/test_pytest_parser.py::TestPytestCoverageIntegration::test_parse_coverage_percentage PASSED [ 71%]
2026-01-30T15:20:24.9389626Z tests/test_pytest_parser.py::TestPytestCoverageIntegration::test_parse_coverage_per_module PASSED [ 71%]
2026-01-30T15:20:24.9403837Z tests/test_pytest_parser.py::TestPytestCoverageIntegration::test_parse_missing_lines PASSED [ 71%]
2026-01-30T15:20:24.9418950Z tests/test_pytest_parser.py::TestPytestCoverageIntegration::test_identify_modules_below_threshold PASSED [ 72%]
2026-01-30T15:20:24.9433215Z tests/test_pytest_parser.py::TestPytestCoverageIntegration::test_parse_branch_coverage PASSED [ 72%]
2026-01-30T15:20:24.9445395Z tests/test_pytest_parser.py::TestPytestCommandBuilding::test_build_command_default_options PASSED [ 72%]
2026-01-30T15:20:24.9457368Z tests/test_pytest_parser.py::TestPytestCommandBuilding::test_build_command_with_coverage PASSED [ 72%]
2026-01-30T15:20:24.9469434Z tests/test_pytest_parser.py::TestPytestCommandBuilding::test_build_command_with_markers PASSED [ 72%]
2026-01-30T15:20:24.9481530Z tests/test_pytest_parser.py::TestPytestCommandBuilding::test_build_command_with_keywords PASSED [ 72%]
2026-01-30T15:20:24.9507042Z tests/test_pytest_parser.py::TestPytestCommandBuilding::test_build_command_with_parallel_workers PASSED [ 72%]
2026-01-30T15:20:24.9513380Z tests/test_pytest_parser.py::TestPytestCommandBuilding::test_build_command_with_reruns PASSED [ 73%]
2026-01-30T15:20:24.9525792Z tests/test_pytest_parser.py::TestPytestCommandBuilding::test_build_command_with_verbose PASSED [ 73%]
2026-01-30T15:20:24.9538562Z tests/test_pytest_parser.py::TestPytestCommandBuilding::test_build_command_with_multiple_files PASSED [ 73%]
2026-01-30T15:20:24.9561295Z tests/test_pytest_parser.py::TestPytestErrorHandling::test_error_when_pytest_not_installed PASSED [ 73%]
2026-01-30T15:20:24.9583293Z tests/test_pytest_parser.py::TestPytestErrorHandling::test_timeout_handling PASSED [ 73%]
2026-01-30T15:20:24.9597861Z tests/test_pytest_parser.py::TestPytestErrorHandling::test_parse_with_invalid_json PASSED [ 73%]
2026-01-30T15:20:24.9621749Z tests/test_pytest_parser.py::TestPytestErrorHandling::test_error_when_coverage_plugin_missing PASSED [ 74%]
2026-01-30T15:20:24.9647293Z tests/test_pytest_parser.py::TestPytestVersionDetection::test_version_detection PASSED [ 74%]
2026-01-30T15:20:24.9668987Z tests/test_pytest_parser.py::TestPytestVersionDetection::test_version_detection_failure PASSED [ 74%]
2026-01-30T15:20:24.9680289Z tests/test_pytest_parser.py::TestPytestIntegrationWithFixtures::test_pytest_on_passing_test_suite SKIPPED [ 74%]
2026-01-30T15:20:24.9690916Z tests/test_pytest_parser.py::TestPytestIntegrationWithFixtures::test_pytest_on_failing_test_suite SKIPPED [ 74%]
2026-01-30T15:20:24.9701324Z tests/test_pytest_parser.py::TestPytestIntegrationWithFixtures::test_coverage_measurement SKIPPED [ 74%]
2026-01-30T15:20:24.9715318Z tests/test_pytest_parser.py::TestPytestFlakyTestDetection::test_detect_flaky_test PASSED [ 75%]
2026-01-30T15:20:24.9729177Z tests/test_pytest_parser.py::TestPytestFlakyTestDetection::test_no_flaky_tests PASSED [ 75%]
2026-01-30T15:20:24.9743416Z tests/test_pytest_parser.py::TestPytestSummaryStatistics::test_extract_summary_statistics PASSED [ 75%]
2026-01-30T15:20:24.9757230Z tests/test_pytest_parser.py::TestPytestSummaryStatistics::test_calculate_pass_rate PASSED [ 75%]
2026-01-30T15:20:24.9776996Z tests/test_pytest_parser.py::TestPytestConfigurationHandling::test_detect_pytest_ini PASSED [ 75%]
2026-01-30T15:20:24.9797570Z tests/test_pytest_parser.py::TestPytestConfigurationHandling::test_detect_pyproject_toml PASSED [ 75%]
2026-01-30T15:20:24.9818189Z tests/test_pytest_parser.py::TestPytestConfigurationHandling::test_detect_setup_cfg PASSED [ 76%]
2026-01-30T15:20:24.9839073Z tests/test_pytest_parser.py::TestPytestConfigurationHandling::test_no_config_file_returns_none PASSED [ 76%]
2026-01-30T15:20:24.9852033Z tests/test_radon_parser.py::TestRadonCyclomaticComplexity::test_parse_cc_output_with_no_functions PASSED [ 76%]
2026-01-30T15:20:24.9864571Z tests/test_radon_parser.py::TestRadonCyclomaticComplexity::test_parse_cc_output_with_low_complexity_functions PASSED [ 76%]
2026-01-30T15:20:24.9877526Z tests/test_radon_parser.py::TestRadonCyclomaticComplexity::test_parse_cc_output_with_high_complexity_functions PASSED [ 76%]
2026-01-30T15:20:24.9890512Z tests/test_radon_parser.py::TestRadonCyclomaticComplexity::test_parse_cc_output_with_multiple_functions PASSED [ 76%]
2026-01-30T15:20:24.9912609Z tests/test_radon_parser.py::TestRadonCyclomaticComplexity::test_parse_cc_output_with_methods PASSED [ 77%]
2026-01-30T15:20:24.9925356Z tests/test_radon_parser.py::TestRadonCyclomaticComplexity::test_parse_cc_output_with_closures PASSED [ 77%]
2026-01-30T15:20:24.9938013Z tests/test_radon_parser.py::TestRadonCyclomaticComplexity::test_parse_cc_complexity_ranks PASSED [ 77%]
2026-01-30T15:20:24.9950817Z tests/test_radon_parser.py::TestRadonMaintainabilityIndex::test_parse_mi_output_high_maintainability PASSED [ 77%]
2026-01-30T15:20:24.9963526Z tests/test_radon_parser.py::TestRadonMaintainabilityIndex::test_parse_mi_output_low_maintainability PASSED [ 77%]
2026-01-30T15:20:24.9976302Z tests/test_radon_parser.py::TestRadonMaintainabilityIndex::test_parse_mi_output_multiple_files PASSED [ 77%]
2026-01-30T15:20:24.9988707Z tests/test_radon_parser.py::TestRadonMaintainabilityIndex::test_parse_mi_ranks PASSED [ 77%]
2026-01-30T15:20:25.0002189Z tests/test_radon_parser.py::TestRadonRawMetrics::test_parse_raw_metrics PASSED [ 78%]
2026-01-30T15:20:25.0014287Z tests/test_radon_parser.py::TestRadonRawMetrics::test_parse_raw_metrics_multiple_files PASSED [ 78%]
2026-01-30T15:20:25.0025869Z tests/test_radon_parser.py::TestRadonCommandBuilding::test_build_cc_command_default_options PASSED [ 78%]
2026-01-30T15:20:25.0037272Z tests/test_radon_parser.py::TestRadonCommandBuilding::test_build_cc_command_with_min_grade PASSED [ 78%]
2026-01-30T15:20:25.0048847Z tests/test_radon_parser.py::TestRadonCommandBuilding::test_build_cc_command_with_show_closures PASSED [ 78%]
2026-01-30T15:20:25.0061423Z tests/test_radon_parser.py::TestRadonCommandBuilding::test_build_cc_command_with_exclude_patterns PASSED [ 78%]
2026-01-30T15:20:25.0072824Z tests/test_radon_parser.py::TestRadonCommandBuilding::test_build_mi_command_default_options PASSED [ 79%]
2026-01-30T15:20:25.0084213Z tests/test_radon_parser.py::TestRadonCommandBuilding::test_build_mi_command_with_show_details PASSED [ 79%]
2026-01-30T15:20:25.0095693Z tests/test_radon_parser.py::TestRadonCommandBuilding::test_build_raw_command_default_options PASSED [ 79%]
2026-01-30T15:20:25.0107310Z tests/test_radon_parser.py::TestRadonCommandBuilding::test_build_command_with_multiple_files PASSED [ 79%]
2026-01-30T15:20:25.0128664Z tests/test_radon_parser.py::TestRadonErrorHandling::test_error_when_radon_not_installed PASSED [ 79%]
2026-01-30T15:20:25.0149905Z tests/test_radon_parser.py::TestRadonErrorHandling::test_timeout_handling PASSED [ 79%]
2026-01-30T15:20:25.0161965Z tests/test_radon_parser.py::TestRadonErrorHandling::test_invalid_json_handling PASSED [ 80%]
2026-01-30T15:20:25.0186061Z tests/test_radon_parser.py::TestRadonVersionDetection::test_version_detection PASSED [ 80%]
2026-01-30T15:20:25.0205943Z tests/test_radon_parser.py::TestRadonVersionDetection::test_version_detection_failure PASSED [ 80%]
2026-01-30T15:20:25.0971625Z tests/test_radon_parser.py::TestRadonIntegrationWithFixtures::test_radon_cc_on_simple_python_code PASSED [ 80%]
2026-01-30T15:20:25.1712629Z tests/test_radon_parser.py::TestRadonIntegrationWithFixtures::test_radon_mi_on_python_code PASSED [ 80%]
2026-01-30T15:20:25.1724350Z tests/test_radon_parser.py::TestRadonComplexityAggregation::test_calculate_average_complexity PASSED [ 80%]
2026-01-30T15:20:25.1735767Z tests/test_radon_parser.py::TestRadonComplexityAggregation::test_calculate_average_complexity_with_empty_data PASSED [ 81%]
2026-01-30T15:20:25.1749788Z tests/test_radon_parser.py::TestRadonComplexityAggregation::test_identify_high_complexity_functions PASSED [ 81%]
2026-01-30T15:20:25.1770754Z tests/test_radon_parser.py::TestRadonConfigurationHandling::test_detect_radon_config_in_pyproject_toml PASSED [ 81%]
2026-01-30T15:20:25.1790900Z tests/test_radon_parser.py::TestRadonConfigurationHandling::test_detect_radon_config_in_setup_cfg PASSED [ 81%]
2026-01-30T15:20:25.1811237Z tests/test_radon_parser.py::TestRadonConfigurationHandling::test_no_config_file_returns_none PASSED [ 81%]
2026-01-30T15:20:25.1826713Z tests/test_reporting.py::TestReportSummary::test_summary_from_passing_results PASSED [ 81%]
2026-01-30T15:20:25.1839834Z tests/test_reporting.py::TestReportSummary::test_summary_from_failing_results PASSED [ 82%]
2026-01-30T15:20:25.1851645Z tests/test_reporting.py::TestReportSummary::test_summary_with_empty_results PASSED [ 82%]
2026-01-30T15:20:25.1864269Z tests/test_reporting.py::TestReportSummary::test_summary_to_dict PASSED  [ 82%]
2026-01-30T15:20:25.1877789Z tests/test_reporting.py::TestConsoleReporter::test_generate_report_all_passing PASSED [ 82%]
2026-01-30T15:20:25.1891595Z tests/test_reporting.py::TestConsoleReporter::test_generate_report_with_failures PASSED [ 82%]
2026-01-30T15:20:25.1904662Z tests/test_reporting.py::TestConsoleReporter::test_report_includes_execution_times PASSED [ 82%]
2026-01-30T15:20:25.1917960Z tests/test_reporting.py::TestConsoleReporter::test_report_shows_overall_pass_fail PASSED [ 83%]
2026-01-30T15:20:25.1931300Z tests/test_reporting.py::TestConsoleReporter::test_report_groups_issues_by_file PASSED [ 83%]
2026-01-30T15:20:25.1944528Z tests/test_reporting.py::TestConsoleReporter::test_report_groups_issues_by_validator PASSED [ 83%]
2026-01-30T15:20:25.1957774Z tests/test_reporting.py::TestConsoleReporter::test_report_shows_summary_statistics PASSED [ 83%]
2026-01-30T15:20:25.1970869Z tests/test_reporting.py::TestConsoleReporter::test_colored_output_enabled PASSED [ 83%]
2026-01-30T15:20:25.1983648Z tests/test_reporting.py::TestConsoleReporter::test_plain_text_output PASSED [ 83%]
2026-01-30T15:20:25.1997174Z tests/test_reporting.py::TestConsoleReporter::test_verbose_mode_includes_all_details PASSED [ 83%]
2026-01-30T15:20:25.2010090Z tests/test_reporting.py::TestConsoleReporter::test_quiet_mode_shows_only_errors PASSED [ 84%]
2026-01-30T15:20:25.2023166Z tests/test_reporting.py::TestConsoleReporter::test_report_with_box_drawing_characters PASSED [ 84%]
2026-01-30T15:20:25.2035920Z tests/test_reporting.py::TestConsoleReporter::test_report_without_box_drawing PASSED [ 84%]
2026-01-30T15:20:25.2047515Z tests/test_reporting.py::TestConsoleReporter::test_empty_results_report PASSED [ 84%]
2026-01-30T15:20:25.2062680Z tests/test_reporting.py::TestJSONReporter::test_generate_json_report_all_passing PASSED [ 84%]
2026-01-30T15:20:25.2078964Z tests/test_reporting.py::TestJSONReporter::test_generate_json_report_with_failures PASSED [ 84%]
2026-01-30T15:20:25.2095510Z tests/test_reporting.py::TestJSONReporter::test_json_report_includes_all_errors PASSED [ 85%]
2026-01-30T15:20:25.2111871Z tests/test_reporting.py::TestJSONReporter::test_json_report_includes_warnings PASSED [ 85%]
2026-01-30T15:20:25.2126400Z tests/test_reporting.py::TestJSONReporter::test_json_report_includes_execution_times PASSED [ 85%]
2026-01-30T15:20:25.2141843Z tests/test_reporting.py::TestJSONReporter::test_json_report_includes_file_counts PASSED [ 85%]
2026-01-30T15:20:25.2156906Z tests/test_reporting.py::TestJSONReporter::test_json_report_structure PASSED [ 85%]
2026-01-30T15:20:25.2171470Z tests/test_reporting.py::TestJSONReporter::test_json_report_with_indent PASSED [ 85%]
2026-01-30T15:20:25.2185572Z tests/test_reporting.py::TestJSONReporter::test_json_report_without_indent PASSED [ 86%]
2026-01-30T15:20:25.2208568Z tests/test_reporting.py::TestJSONReporter::test_json_report_file_export PASSED [ 86%]
2026-01-30T15:20:25.2221245Z tests/test_reporting.py::TestJSONReporter::test_json_report_empty_results PASSED [ 86%]
2026-01-30T15:20:25.2232704Z tests/test_reporting.py::TestReportFormatting::test_format_duration_seconds PASSED [ 86%]
2026-01-30T15:20:25.2244099Z tests/test_reporting.py::TestReportFormatting::test_format_duration_milliseconds PASSED [ 86%]
2026-01-30T15:20:25.2255824Z tests/test_reporting.py::TestReportFormatting::test_format_file_path_relative PASSED [ 86%]
2026-01-30T15:20:25.2267539Z tests/test_reporting.py::TestReportFormatting::test_format_file_path_absolute PASSED [ 87%]
2026-01-30T15:20:25.2279054Z tests/test_reporting.py::TestReportFormatting::test_format_issue_location PASSED [ 87%]
2026-01-30T15:20:25.2290612Z tests/test_reporting.py::TestReportFormatting::test_format_issue_location_without_column PASSED [ 87%]
2026-01-30T15:20:25.2303357Z tests/test_reporting.py::TestColorSupport::test_detect_color_support_tty PASSED [ 87%]
2026-01-30T15:20:25.2315980Z tests/test_reporting.py::TestColorSupport::test_detect_color_support_no_tty PASSED [ 87%]
2026-01-30T15:20:25.2329064Z tests/test_reporting.py::TestColorSupport::test_detect_color_support_no_color_env PASSED [ 87%]
2026-01-30T15:20:25.2350802Z tests/test_reporting.py::TestReportExport::test_export_console_report_to_file PASSED [ 88%]
2026-01-30T15:20:25.2373538Z tests/test_reporting.py::TestReportExport::test_export_json_report_to_file PASSED [ 88%]
2026-01-30T15:20:25.2385981Z tests/test_reporting.py::TestIssueGrouping::test_group_issues_by_file PASSED [ 88%]
2026-01-30T15:20:25.2398552Z tests/test_reporting.py::TestIssueGrouping::test_group_issues_by_validator PASSED [ 88%]
2026-01-30T15:20:25.2411927Z tests/test_reporting.py::TestIssueGrouping::test_group_issues_by_severity PASSED [ 88%]
2026-01-30T15:20:25.2423439Z tests/test_validator_interface.py::TestValidationResult::test_validation_result_creation PASSED [ 88%]
2026-01-30T15:20:25.2435003Z tests/test_validator_interface.py::TestValidationResult::test_validation_result_with_errors PASSED [ 88%]
2026-01-30T15:20:25.2446481Z tests/test_validator_interface.py::TestValidationResult::test_validation_result_to_dict PASSED [ 89%]
2026-01-30T15:20:25.2457851Z tests/test_validator_interface.py::TestValidationResult::test_validation_result_from_dict PASSED [ 89%]
2026-01-30T15:20:25.2469092Z tests/test_validator_interface.py::TestValidationResult::test_validation_result_equality PASSED [ 89%]
2026-01-30T15:20:25.2480608Z tests/test_validator_interface.py::TestValidationResult::test_validation_result_with_empty_lists PASSED [ 89%]
2026-01-30T15:20:25.2492030Z tests/test_validator_interface.py::TestIssue::test_issue_creation_with_all_fields PASSED [ 89%]
2026-01-30T15:20:25.2503281Z tests/test_validator_interface.py::TestIssue::test_issue_creation_with_optional_fields PASSED [ 89%]
2026-01-30T15:20:25.2516901Z tests/test_validator_interface.py::TestIssue::test_issue_severity_validation_error PASSED [ 90%]
2026-01-30T15:20:25.2528164Z tests/test_validator_interface.py::TestIssue::test_issue_to_dict PASSED  [ 90%]
2026-01-30T15:20:25.2542934Z tests/test_validator_interface.py::TestValidator::test_validator_abstract_methods_raise_not_implemented PASSED [ 90%]
2026-01-30T15:20:25.2554787Z tests/test_validator_interface.py::TestValidator::test_validator_subclass_must_implement_methods PASSED [ 90%]
2026-01-30T15:20:25.2567164Z tests/test_validator_interface.py::TestValidator::test_validator_complete_subclass PASSED [ 90%]
2026-01-30T15:20:25.2581002Z tests/test_validator_registry.py::TestValidatorRegistration::test_register_validator_by_language PASSED [ 90%]
2026-01-30T15:20:25.2597300Z tests/test_validator_registry.py::TestValidatorRegistration::test_register_multiple_validators_same_language PASSED [ 91%]
2026-01-30T15:20:25.2611180Z tests/test_validator_registry.py::TestValidatorRegistration::test_register_validators_different_languages PASSED [ 91%]
2026-01-30T15:20:25.2625942Z tests/test_validator_registry.py::TestValidatorRegistration::test_register_duplicate_validator_raises_error PASSED [ 91%]
2026-01-30T15:20:25.2639780Z tests/test_validator_registry.py::TestValidatorRetrieval::test_get_validators_by_language PASSED [ 91%]
2026-01-30T15:20:25.2652374Z tests/test_validator_registry.py::TestValidatorRetrieval::test_get_validators_by_nonexistent_language PASSED [ 91%]
2026-01-30T15:20:25.2665267Z tests/test_validator_registry.py::TestValidatorRetrieval::test_get_validator_by_name PASSED [ 91%]
2026-01-30T15:20:25.2678079Z tests/test_validator_registry.py::TestValidatorRetrieval::test_get_nonexistent_validator_raises_error PASSED [ 92%]
2026-01-30T15:20:25.2691649Z tests/test_validator_registry.py::TestValidatorRetrieval::test_get_validator_case_sensitive PASSED [ 92%]
2026-01-30T15:20:25.2704454Z tests/test_validator_registry.py::TestValidatorAvailability::test_validator_availability_check_exists PASSED [ 92%]
2026-01-30T15:20:25.2716668Z tests/test_validator_registry.py::TestValidatorAvailability::test_validator_availability_check_not_exists PASSED [ 92%]
2026-01-30T15:20:25.2730286Z tests/test_validator_registry.py::TestValidatorListing::test_list_all_registered_validators PASSED [ 92%]
2026-01-30T15:20:25.2742508Z tests/test_validator_registry.py::TestValidatorListing::test_list_all_empty_registry PASSED [ 92%]
2026-01-30T15:20:25.2757084Z tests/test_validator_registry.py::TestValidatorListing::test_list_validators_for_specific_language PASSED [ 93%]
2026-01-30T15:20:25.2769666Z tests/test_validator_registry.py::TestValidatorOrdering::test_validator_ordering_deterministic PASSED [ 93%]
2026-01-30T15:20:25.2782802Z tests/test_validator_registry.py::TestValidatorMetadata::test_get_validator_metadata PASSED [ 93%]
2026-01-30T15:20:25.2795361Z tests/test_validator_registry.py::TestValidatorMetadata::test_get_metadata_for_nonexistent_validator PASSED [ 93%]
2026-01-30T15:20:25.2809173Z tests/test_validator_registry.py::TestValidatorMetadata::test_list_all_metadata PASSED [ 93%]
2026-01-30T15:20:25.2822120Z tests/test_validator_registry.py::TestValidatorFiltering::test_filter_validators_by_enabled_status PASSED [ 93%]
2026-01-30T15:20:25.2834425Z tests/test_validator_registry.py::TestValidatorFiltering::test_filter_by_language_and_names PASSED [ 94%]
2026-01-30T15:20:25.2845969Z tests/test_validator_registry.py::TestRegistrySingleton::test_multiple_registry_instances_independent PASSED [ 94%]
2026-01-30T15:20:25.2858058Z tests/test_validator_registry.py::TestEdgeCases::test_get_validators_with_empty_language_string PASSED [ 94%]
2026-01-30T15:20:25.2872264Z tests/test_validator_registry.py::TestEdgeCases::test_register_validator_with_empty_name_raises_error PASSED [ 94%]
2026-01-30T15:20:25.2889134Z tests/test_validator_registry.py::TestEdgeCases::test_register_validator_with_empty_language_raises_error PASSED [ 94%]
2026-01-30T15:20:25.2902427Z tests/test_validator_registry.py::TestEdgeCases::test_unregister_validator PASSED [ 94%]
2026-01-30T15:20:25.2915259Z tests/test_validator_registry.py::TestEdgeCases::test_unregister_nonexistent_validator_raises_error PASSED [ 94%]
2026-01-30T15:20:25.2929977Z tests/test_validator_registry.py::TestEdgeCases::test_clear_registry PASSED [ 95%]
2026-01-30T15:20:25.2942043Z tests/test_vulture_parser.py::TestVultureUnusedCodeDetection::test_parse_output_with_no_unused_code PASSED [ 95%]
2026-01-30T15:20:25.2957730Z tests/test_vulture_parser.py::TestVultureUnusedCodeDetection::test_parse_unused_function_detection PASSED [ 95%]
2026-01-30T15:20:25.2969687Z tests/test_vulture_parser.py::TestVultureUnusedCodeDetection::test_parse_unused_method_detection PASSED [ 95%]
2026-01-30T15:20:25.2981534Z tests/test_vulture_parser.py::TestVultureUnusedCodeDetection::test_parse_unused_class_detection PASSED [ 95%]
2026-01-30T15:20:25.2993194Z tests/test_vulture_parser.py::TestVultureUnusedCodeDetection::test_parse_unused_variable_detection PASSED [ 95%]
2026-01-30T15:20:25.3004782Z tests/test_vulture_parser.py::TestVultureUnusedCodeDetection::test_parse_unused_import_detection PASSED [ 96%]
2026-01-30T15:20:25.3016382Z tests/test_vulture_parser.py::TestVultureUnusedCodeDetection::test_parse_unused_property_detection PASSED [ 96%]
2026-01-30T15:20:25.3028470Z tests/test_vulture_parser.py::TestVultureUnusedCodeDetection::test_parse_multiple_unused_items PASSED [ 96%]
2026-01-30T15:20:25.3040807Z tests/test_vulture_parser.py::TestVultureUnusedCodeDetection::test_filter_by_minimum_confidence_threshold PASSED [ 96%]
2026-01-30T15:20:25.3052732Z tests/test_vulture_parser.py::TestVultureCommandBuilding::test_build_command_default_options PASSED [ 96%]
2026-01-30T15:20:25.3064333Z tests/test_vulture_parser.py::TestVultureCommandBuilding::test_build_command_with_min_confidence PASSED [ 96%]
2026-01-30T15:20:25.3076025Z tests/test_vulture_parser.py::TestVultureCommandBuilding::test_build_command_with_exclude_patterns PASSED [ 97%]
2026-01-30T15:20:25.3087341Z tests/test_vulture_parser.py::TestVultureCommandBuilding::test_build_command_with_ignore_decorators PASSED [ 97%]
2026-01-30T15:20:25.3099703Z tests/test_vulture_parser.py::TestVultureCommandBuilding::test_build_command_with_ignore_names PASSED [ 97%]
2026-01-30T15:20:25.3111374Z tests/test_vulture_parser.py::TestVultureCommandBuilding::test_build_command_with_make_whitelist PASSED [ 97%]
2026-01-30T15:20:25.3122817Z tests/test_vulture_parser.py::TestVultureCommandBuilding::test_build_command_with_sort_by_size PASSED [ 97%]
2026-01-30T15:20:25.3144348Z tests/test_vulture_parser.py::TestVultureErrorHandling::test_error_when_vulture_not_installed PASSED [ 97%]
2026-01-30T15:20:25.3164530Z tests/test_vulture_parser.py::TestVultureErrorHandling::test_timeout_handling PASSED [ 98%]
2026-01-30T15:20:25.3176197Z tests/test_vulture_parser.py::TestVultureErrorHandling::test_parse_with_empty_output PASSED [ 98%]
2026-01-30T15:20:25.3202354Z tests/test_vulture_parser.py::TestVultureVersionDetection::test_version_detection PASSED [ 98%]
2026-01-30T15:20:25.3222462Z tests/test_vulture_parser.py::TestVultureVersionDetection::test_version_detection_failure PASSED [ 98%]
2026-01-30T15:20:25.3232845Z tests/test_vulture_parser.py::TestVultureIntegrationWithFixtures::test_vulture_on_code_with_unused_items SKIPPED [ 98%]
2026-01-30T15:20:25.3242749Z tests/test_vulture_parser.py::TestVultureIntegrationWithFixtures::test_vulture_on_clean_code SKIPPED [ 98%]
2026-01-30T15:20:25.3254269Z tests/test_vulture_parser.py::TestVultureStatistics::test_group_unused_items_by_type PASSED [ 99%]
2026-01-30T15:20:25.3265491Z tests/test_vulture_parser.py::TestVultureStatistics::test_calculate_total_unused_count PASSED [ 99%]
2026-01-30T15:20:25.3278801Z tests/test_vulture_parser.py::TestVultureStatistics::test_extract_confidence_scores PASSED [ 99%]
2026-01-30T15:20:25.3290190Z tests/test_vulture_parser.py::TestVultureStatistics::test_calculate_average_confidence PASSED [ 99%]
2026-01-30T15:20:25.3312557Z tests/test_vulture_parser.py::TestVultureConfigurationHandling::test_detect_vulture_config_in_pyproject_toml PASSED [ 99%]
2026-01-30T15:20:25.3332815Z tests/test_vulture_parser.py::TestVultureConfigurationHandling::test_detect_vulture_config_in_setup_cfg PASSED [ 99%]
2026-01-30T15:20:26.5696869Z tests/test_vulture_parser.py::TestVultureConfigurationHandling::test_no_config_file_returns_none PASSED [100%]
2026-01-30T15:20:26.5697861Z 
2026-01-30T15:20:26.5698049Z ================================ tests coverage ================================
2026-01-30T15:20:26.5698593Z _______________ coverage: platform linux, python 3.11.14-final-0 _______________
2026-01-30T15:20:26.5698969Z 
2026-01-30T15:20:26.5699126Z Name                                   Stmts   Miss  Cover   Missing
2026-01-30T15:20:26.5699803Z --------------------------------------------------------------------
2026-01-30T15:20:26.5700309Z anvil/__init__.py                          2      0   100%
2026-01-30T15:20:26.5700744Z anvil/config/__init__.py                   2      0   100%
2026-01-30T15:20:26.5701256Z anvil/config/configuration.py             91      3    97%   265, 280, 302
2026-01-30T15:20:26.5701761Z anvil/core/__init__.py                     5      0   100%
2026-01-30T15:20:26.5702286Z anvil/core/file_collector.py             106      9    92%   92, 157, 211-213, 300-303, 319
2026-01-30T15:20:26.5702894Z anvil/core/language_detector.py           72     13    82%   169-170, 187, 209-224
2026-01-30T15:20:26.5703374Z anvil/core/orchestrator.py                90      8    91%   99, 125, 245-251
2026-01-30T15:20:26.5703782Z anvil/core/validator_registry.py          62      0   100%
2026-01-30T15:20:26.5704143Z anvil/models/__init__.py                   2      0   100%
2026-01-30T15:20:26.5704501Z anvil/models/validator.py                 34      0   100%
2026-01-30T15:20:26.5704846Z anvil/parsers/__init__.py                 11      0   100%
2026-01-30T15:20:26.5705575Z anvil/parsers/autoflake_parser.py        105      8    92%   95, 162, 214, 264, 276, 279, 287-288
2026-01-30T15:20:26.5706172Z anvil/parsers/black_parser.py            117     17    85%   97-106, 131, 146, 188-192, 258-260, 315, 324-329
2026-01-30T15:20:26.5706683Z anvil/parsers/clang_format_parser.py      87      1    99%   243
2026-01-30T15:20:26.5707354Z anvil/parsers/clang_tidy_parser.py       190     34    82%   50, 113-116, 136-138, 158-175, 195, 214, 225-226, 302, 323, 387, 420, 430-431, 453, 464-465, 488, 494-495, 525
2026-01-30T15:20:26.5708181Z anvil/parsers/cppcheck_parser.py         165     15    91%   128, 156-158, 191, 200, 258, 279, 343, 392-393, 416, 431-432, 471-472
2026-01-30T15:20:26.5708777Z anvil/parsers/cpplint_parser.py           90      3    97%   163-165, 222
2026-01-30T15:20:26.5709418Z anvil/parsers/flake8_parser.py           122     11    91%   32, 50, 134, 141, 165-169, 194, 303-305, 358
2026-01-30T15:20:26.5709973Z anvil/parsers/isort_parser.py             96      9    91%   199-203, 271, 275-276, 280, 284
2026-01-30T15:20:26.5710458Z anvil/parsers/iwyu_parser.py             124      3    98%   265-267, 330
2026-01-30T15:20:26.5710883Z anvil/parsers/pylint_parser.py            93      1    99%   211
2026-01-30T15:20:26.5711476Z anvil/parsers/pytest_parser.py           206     26    87%   90-94, 128, 184-186, 207-208, 229-231, 263-265, 289, 365-386, 442-443, 470-471, 490
2026-01-30T15:20:26.5712212Z anvil/parsers/radon_parser.py            182     26    86%   57, 87-97, 337-340, 361-375, 419-420, 444, 497, 505-506, 531, 541-544
2026-01-30T15:20:26.5712848Z anvil/parsers/vulture_parser.py          118      8    93%   44, 102, 169, 186-187, 211, 262, 333
2026-01-30T15:20:26.5713322Z anvil/reporting/__init__.py                4      0   100%
2026-01-30T15:20:26.5713747Z anvil/reporting/console_reporter.py      134      9    93%   96, 142, 177, 201-206, 252
2026-01-30T15:20:26.5714213Z anvil/reporting/formatters.py             21      3    86%   41, 51-53
2026-01-30T15:20:26.5714601Z anvil/reporting/grouping.py               21      0   100%
2026-01-30T15:20:26.5715102Z anvil/reporting/json_reporter.py          19      1    95%   42
2026-01-30T15:20:26.5715450Z anvil/reporting/reporter.py               31      0   100%
2026-01-30T15:20:26.5715788Z --------------------------------------------------------------------
2026-01-30T15:20:26.5716108Z TOTAL                                   2402    208    91%
2026-01-30T15:20:26.5716375Z Coverage HTML written to dir htmlcov
2026-01-30T15:20:26.5716631Z Coverage XML written to file coverage.xml
2026-01-30T15:20:26.5716947Z Required test coverage of 90% reached. Total coverage: 91.34%
2026-01-30T15:20:26.5717313Z ======================= 603 passed, 15 skipped in 18.40s =======================
2026-01-30T15:20:26.6303815Z ##[group]Run codecov/codecov-action@v4
2026-01-30T15:20:26.6304078Z with:
2026-01-30T15:20:26.6304255Z   file: ./anvil/coverage.xml
2026-01-30T15:20:26.6304458Z   flags: anvil
2026-01-30T15:20:26.6304637Z   name: anvil-coverage
2026-01-30T15:20:26.6304824Z   fail_ci_if_error: false
2026-01-30T15:20:26.6305037Z env:
2026-01-30T15:20:26.6305266Z   pythonLocation: /opt/hostedtoolcache/Python/3.11.14/x64
2026-01-30T15:20:26.6305676Z   PKG_CONFIG_PATH: /opt/hostedtoolcache/Python/3.11.14/x64/lib/pkgconfig
2026-01-30T15:20:26.6306073Z   Python_ROOT_DIR: /opt/hostedtoolcache/Python/3.11.14/x64
2026-01-30T15:20:26.6306423Z   Python2_ROOT_DIR: /opt/hostedtoolcache/Python/3.11.14/x64
2026-01-30T15:20:26.6306778Z   Python3_ROOT_DIR: /opt/hostedtoolcache/Python/3.11.14/x64
2026-01-30T15:20:26.6307128Z   LD_LIBRARY_PATH: /opt/hostedtoolcache/Python/3.11.14/x64/lib
2026-01-30T15:20:26.6307427Z ##[endgroup]
2026-01-30T15:20:26.7122306Z eventName: push
2026-01-30T15:20:26.7136657Z ==> linux OS detected
2026-01-30T15:20:26.9122315Z https://cli.codecov.io/latest/linux/codecov.SHA256SUM
2026-01-30T15:20:26.9746599Z gpg: directory '/home/runner/.gnupg' created
2026-01-30T15:20:26.9750745Z gpg: keybox '/home/runner/.gnupg/pubring.kbx' created
2026-01-30T15:20:26.9769961Z gpg: /home/runner/.gnupg/trustdb.gpg: trustdb created
2026-01-30T15:20:26.9771248Z gpg: key 806BB28AED779869: public key "Codecov Uploader (Codecov Uploader Verification Key) <security@codecov.io>" imported
2026-01-30T15:20:27.0194756Z gpg: Total number processed: 1
2026-01-30T15:20:27.0195174Z gpg:               imported: 1
2026-01-30T15:20:27.0265369Z gpg: Signature made Fri Dec  5 15:31:48 2025 UTC
2026-01-30T15:20:27.0265868Z gpg:                using RSA key 27034E7FDB850E0BBC2C62FF806BB28AED779869
2026-01-30T15:20:27.0268509Z gpg: Good signature from "Codecov Uploader (Codecov Uploader Verification Key) <security@codecov.io>" [unknown]
2026-01-30T15:20:27.0269097Z gpg: WARNING: This key is not certified with a trusted signature!
2026-01-30T15:20:27.0269966Z gpg:          There is no indication that the signature belongs to the owner.
2026-01-30T15:20:27.0270427Z Primary key fingerprint: 2703 4E7F DB85 0E0B BC2C  62FF 806B B28A ED77 9869
2026-01-30T15:20:27.0496562Z ==> Uploader SHASUM verified (fd34214e2b2c738e48e3ac90b2c23ec4e975d0e9aee51f2cebe81b5704af3f6c  codecov)
2026-01-30T15:20:27.0497611Z ==> Running version latest
2026-01-30T15:20:27.1214746Z Could not pull latest version information: SyntaxError: Unexpected token '<', "<!DOCTYPE "... is not valid JSON
2026-01-30T15:20:27.1216687Z ==> Running git config --global --add safe.directory /home/runner/work/argos/argos
2026-01-30T15:20:27.1305536Z [command]/usr/bin/git config --global --add safe.directory /home/runner/work/argos/argos
2026-01-30T15:20:27.1354310Z ==> Running command '/home/runner/work/_actions/codecov/codecov-action/v4/dist/codecov create-commit'
2026-01-30T15:20:27.1356708Z [command]/home/runner/work/_actions/codecov/codecov-action/v4/dist/codecov create-commit --git-service github
2026-01-30T15:20:27.4817816Z info - 2026-01-30 15:20:27,481 -- ci service found: github-actions
2026-01-30T15:20:27.4904987Z warning - 2026-01-30 15:20:27,490 -- No config file could be found. Ignoring config.
2026-01-30T15:20:27.5192755Z warning - 2026-01-30 15:20:27,519 -- Branch `main` is protected but no token was provided
2026-01-30T15:20:27.5194390Z warning - 2026-01-30 15:20:27,519 -- For information on Codecov upload tokens, see https://docs.codecov.com/docs/codecov-tokens
2026-01-30T15:20:27.7487643Z info - 2026-01-30 15:20:27,748 -- Process Commit creating complete
2026-01-30T15:20:27.7489572Z error - 2026-01-30 15:20:27,748 -- Commit creating failed: {"message":"Token required - not valid tokenless upload"}
2026-01-30T15:20:27.8538126Z Sentry is attempting to send 2 pending events
2026-01-30T15:20:27.8538608Z Waiting up to 2 seconds
2026-01-30T15:20:27.8538891Z Press Ctrl-C to quit
2026-01-30T15:20:27.9046382Z ==> Running command '/home/runner/work/_actions/codecov/codecov-action/v4/dist/codecov create-report'
2026-01-30T15:20:27.9048008Z [command]/home/runner/work/_actions/codecov/codecov-action/v4/dist/codecov create-report --git-service github
2026-01-30T15:20:28.2467537Z info - 2026-01-30 15:20:28,246 -- ci service found: github-actions
2026-01-30T15:20:28.2557432Z warning - 2026-01-30 15:20:28,255 -- No config file could be found. Ignoring config.
2026-01-30T15:20:28.4432458Z info - 2026-01-30 15:20:28,442 -- Process Report creating complete
2026-01-30T15:20:28.4437434Z error - 2026-01-30 15:20:28,443 -- Report creating failed: {"message":"Token required - not valid tokenless upload"}
2026-01-30T15:20:28.5481574Z Sentry is attempting to send 2 pending events
2026-01-30T15:20:28.5482040Z Waiting up to 2 seconds
2026-01-30T15:20:28.5482298Z Press Ctrl-C to quit
2026-01-30T15:20:28.6017572Z ==> Running command '/home/runner/work/_actions/codecov/codecov-action/v4/dist/codecov do-upload'
2026-01-30T15:20:28.6019971Z [command]/home/runner/work/_actions/codecov/codecov-action/v4/dist/codecov do-upload -f ./anvil/coverage.xml -F anvil --git-service github -n anvil-coverage
2026-01-30T15:20:28.9534859Z info - 2026-01-30 15:20:28,953 -- ci service found: github-actions
2026-01-30T15:20:28.9624256Z warning - 2026-01-30 15:20:28,962 -- No config file could be found. Ignoring config.
2026-01-30T15:20:28.9930447Z warning - 2026-01-30 15:20:28,992 -- xcrun is not installed or can't be found.
2026-01-30T15:20:28.9996603Z warning - 2026-01-30 15:20:28,999 -- No gcov data found.
2026-01-30T15:20:29.0029834Z info - 2026-01-30 15:20:29,002 -- Generating coverage.xml report in /home/runner/work/argos/argos/anvil
2026-01-30T15:20:29.3201381Z info - 2026-01-30 15:20:29,319 -- Wrote XML report to coverage.xml
2026-01-30T15:20:29.3462228Z info - 2026-01-30 15:20:29,345 -- Found 1 coverage files to report
2026-01-30T15:20:29.3463682Z info - 2026-01-30 15:20:29,346 -- > /home/runner/work/argos/argos/anvil/coverage.xml
2026-01-30T15:20:29.5346460Z info - 2026-01-30 15:20:29,534 -- Process Upload complete
2026-01-30T15:20:29.5348138Z error - 2026-01-30 15:20:29,534 -- Upload failed: {"message":"Token required - not valid tokenless upload"}
2026-01-30T15:20:29.6591004Z Post job cleanup.
2026-01-30T15:20:29.8188854Z Post job cleanup.
2026-01-30T15:20:29.9108226Z [command]/usr/bin/git version
2026-01-30T15:20:29.9144423Z git version 2.52.0
2026-01-30T15:20:29.9179936Z Copying '/home/runner/.gitconfig' to '/home/runner/work/_temp/b3cf83e4-d79a-4d1a-9f0b-30178e1e9645/.gitconfig'
2026-01-30T15:20:29.9189803Z Temporarily overriding HOME='/home/runner/work/_temp/b3cf83e4-d79a-4d1a-9f0b-30178e1e9645' before making global git config changes
2026-01-30T15:20:29.9190945Z Adding repository directory to the temporary git global config as a safe directory
2026-01-30T15:20:29.9201586Z [command]/usr/bin/git config --global --add safe.directory /home/runner/work/argos/argos
2026-01-30T15:20:29.9234678Z [command]/usr/bin/git config --local --name-only --get-regexp core\.sshCommand
2026-01-30T15:20:29.9266344Z [command]/usr/bin/git submodule foreach --recursive sh -c "git config --local --name-only --get-regexp 'core\.sshCommand' && git config --local --unset-all 'core.sshCommand' || :"
2026-01-30T15:20:29.9493487Z [command]/usr/bin/git config --local --name-only --get-regexp http\.https\:\/\/github\.com\/\.extraheader
2026-01-30T15:20:29.9513613Z http.https://github.com/.extraheader
2026-01-30T15:20:29.9526106Z [command]/usr/bin/git config --local --unset-all http.https://github.com/.extraheader
2026-01-30T15:20:29.9555573Z [command]/usr/bin/git submodule foreach --recursive sh -c "git config --local --name-only --get-regexp 'http\.https\:\/\/github\.com\/\.extraheader' && git config --local --unset-all 'http.https://github.com/.extraheader' || :"
2026-01-30T15:20:29.9774975Z [command]/usr/bin/git config --local --name-only --get-regexp ^includeIf\.gitdir:
2026-01-30T15:20:29.9803943Z [command]/usr/bin/git submodule foreach --recursive git config --local --show-origin --name-only --get-regexp remote.origin.url
2026-01-30T15:20:30.0127354Z Cleaning up orphan processes
