2026-01-29T19:51:32.9643548Z Current runner version: '2.331.0'
2026-01-29T19:51:32.9677883Z ##[group]Runner Image Provisioner
2026-01-29T19:51:32.9679393Z Hosted Compute Agent
2026-01-29T19:51:32.9680276Z Version: 20260123.484
2026-01-29T19:51:32.9681395Z Commit: 6bd6555ca37d84114959e1c76d2c01448ff61c5d
2026-01-29T19:51:32.9682574Z Build Date: 2026-01-23T19:41:17Z
2026-01-29T19:51:32.9683755Z Worker ID: {ec2d0014-0d74-4f9e-8778-21d2623deb59}
2026-01-29T19:51:32.9685111Z Azure Region: eastus
2026-01-29T19:51:32.9685953Z ##[endgroup]
2026-01-29T19:51:32.9688440Z ##[group]Operating System
2026-01-29T19:51:32.9689550Z Ubuntu
2026-01-29T19:51:32.9690330Z 24.04.3
2026-01-29T19:51:32.9691044Z LTS
2026-01-29T19:51:32.9692021Z ##[endgroup]
2026-01-29T19:51:32.9692836Z ##[group]Runner Image
2026-01-29T19:51:32.9693758Z Image: ubuntu-24.04
2026-01-29T19:51:32.9694756Z Version: 20260126.10.1
2026-01-29T19:51:32.9696630Z Included Software: https://github.com/actions/runner-images/blob/ubuntu24/20260126.10/images/ubuntu/Ubuntu2404-Readme.md
2026-01-29T19:51:32.9699568Z Image Release: https://github.com/actions/runner-images/releases/tag/ubuntu24%2F20260126.10
2026-01-29T19:51:32.9701186Z ##[endgroup]
2026-01-29T19:51:32.9703141Z ##[group]GITHUB_TOKEN Permissions
2026-01-29T19:51:32.9705625Z Contents: read
2026-01-29T19:51:32.9707194Z Metadata: read
2026-01-29T19:51:32.9708406Z Packages: read
2026-01-29T19:51:32.9709309Z ##[endgroup]
2026-01-29T19:51:32.9712328Z Secret source: Actions
2026-01-29T19:51:32.9713794Z Prepare workflow directory
2026-01-29T19:51:33.0189900Z Prepare all required actions
2026-01-29T19:51:33.0247593Z Getting action download info
2026-01-29T19:51:33.2971590Z Download action repository 'actions/checkout@v4' (SHA:34e114876b0b11c390a56381ad16ebd13914f8d5)
2026-01-29T19:51:33.3822141Z Download action repository 'actions/setup-python@v5' (SHA:a26af69be951a213d495a4c3e4e4022e16d87065)
2026-01-29T19:51:33.4655111Z Download action repository 'codecov/codecov-action@v4' (SHA:b9fd7d16f6d7d1b5d2bec1a2887e65ceed900238)
2026-01-29T19:51:33.7874997Z Complete job name: test (ubuntu-latest, 3.11)
2026-01-29T19:51:33.8494771Z ##[group]Run actions/checkout@v4
2026-01-29T19:51:33.8495602Z with:
2026-01-29T19:51:33.8495991Z   repository: lmvcruz/argos
2026-01-29T19:51:33.8496598Z   token: ***
2026-01-29T19:51:33.8496971Z   ssh-strict: true
2026-01-29T19:51:33.8497348Z   ssh-user: git
2026-01-29T19:51:33.8497750Z   persist-credentials: true
2026-01-29T19:51:33.8498372Z   clean: true
2026-01-29T19:51:33.8498768Z   sparse-checkout-cone-mode: true
2026-01-29T19:51:33.8499243Z   fetch-depth: 1
2026-01-29T19:51:33.8499626Z   fetch-tags: false
2026-01-29T19:51:33.8500014Z   show-progress: true
2026-01-29T19:51:33.8500414Z   lfs: false
2026-01-29T19:51:33.8500776Z   submodules: false
2026-01-29T19:51:33.8501169Z   set-safe-directory: true
2026-01-29T19:51:33.8501842Z ##[endgroup]
2026-01-29T19:51:33.9601027Z Syncing repository: lmvcruz/argos
2026-01-29T19:51:33.9603643Z ##[group]Getting Git version info
2026-01-29T19:51:33.9604752Z Working directory is '/home/runner/work/argos/argos'
2026-01-29T19:51:33.9606408Z [command]/usr/bin/git version
2026-01-29T19:51:33.9673407Z git version 2.52.0
2026-01-29T19:51:33.9700287Z ##[endgroup]
2026-01-29T19:51:33.9714747Z Temporarily overriding HOME='/home/runner/work/_temp/c5220c53-778a-4351-8251-aecd73bc8888' before making global git config changes
2026-01-29T19:51:33.9717171Z Adding repository directory to the temporary git global config as a safe directory
2026-01-29T19:51:33.9727620Z [command]/usr/bin/git config --global --add safe.directory /home/runner/work/argos/argos
2026-01-29T19:51:33.9766271Z Deleting the contents of '/home/runner/work/argos/argos'
2026-01-29T19:51:33.9770104Z ##[group]Initializing the repository
2026-01-29T19:51:33.9773935Z [command]/usr/bin/git init /home/runner/work/argos/argos
2026-01-29T19:51:33.9893872Z hint: Using 'master' as the name for the initial branch. This default branch name
2026-01-29T19:51:33.9895599Z hint: will change to "main" in Git 3.0. To configure the initial branch name
2026-01-29T19:51:33.9897681Z hint: to use in all of your new repositories, which will suppress this warning,
2026-01-29T19:51:33.9899153Z hint: call:
2026-01-29T19:51:33.9899790Z hint:
2026-01-29T19:51:33.9900564Z hint: 	git config --global init.defaultBranch <name>
2026-01-29T19:51:33.9901651Z hint:
2026-01-29T19:51:33.9902642Z hint: Names commonly chosen instead of 'master' are 'main', 'trunk' and
2026-01-29T19:51:33.9904205Z hint: 'development'. The just-created branch can be renamed via this command:
2026-01-29T19:51:33.9905493Z hint:
2026-01-29T19:51:33.9906177Z hint: 	git branch -m <name>
2026-01-29T19:51:33.9907007Z hint:
2026-01-29T19:51:33.9908254Z hint: Disable this message with "git config set advice.defaultBranchName false"
2026-01-29T19:51:33.9909934Z Initialized empty Git repository in /home/runner/work/argos/argos/.git/
2026-01-29T19:51:33.9912571Z [command]/usr/bin/git remote add origin https://github.com/lmvcruz/argos
2026-01-29T19:51:33.9948214Z ##[endgroup]
2026-01-29T19:51:33.9949558Z ##[group]Disabling automatic garbage collection
2026-01-29T19:51:33.9950904Z [command]/usr/bin/git config --local gc.auto 0
2026-01-29T19:51:33.9984698Z ##[endgroup]
2026-01-29T19:51:33.9986083Z ##[group]Setting up auth
2026-01-29T19:51:33.9991318Z [command]/usr/bin/git config --local --name-only --get-regexp core\.sshCommand
2026-01-29T19:51:34.0025218Z [command]/usr/bin/git submodule foreach --recursive sh -c "git config --local --name-only --get-regexp 'core\.sshCommand' && git config --local --unset-all 'core.sshCommand' || :"
2026-01-29T19:51:34.0352890Z [command]/usr/bin/git config --local --name-only --get-regexp http\.https\:\/\/github\.com\/\.extraheader
2026-01-29T19:51:34.0390977Z [command]/usr/bin/git submodule foreach --recursive sh -c "git config --local --name-only --get-regexp 'http\.https\:\/\/github\.com\/\.extraheader' && git config --local --unset-all 'http.https://github.com/.extraheader' || :"
2026-01-29T19:51:34.0621752Z [command]/usr/bin/git config --local --name-only --get-regexp ^includeIf\.gitdir:
2026-01-29T19:51:34.0655269Z [command]/usr/bin/git submodule foreach --recursive git config --local --show-origin --name-only --get-regexp remote.origin.url
2026-01-29T19:51:34.0891212Z [command]/usr/bin/git config --local http.https://github.com/.extraheader AUTHORIZATION: basic ***
2026-01-29T19:51:34.0929728Z ##[endgroup]
2026-01-29T19:51:34.0931318Z ##[group]Fetching the repository
2026-01-29T19:51:34.0940219Z [command]/usr/bin/git -c protocol.version=2 fetch --no-tags --prune --no-recurse-submodules --depth=1 origin +6e88af65893115b1e389f12d19076fb480e79091:refs/remotes/origin/main
2026-01-29T19:51:34.3082976Z From https://github.com/lmvcruz/argos
2026-01-29T19:51:34.3084017Z  * [new ref]         6e88af65893115b1e389f12d19076fb480e79091 -> origin/main
2026-01-29T19:51:34.3142308Z ##[endgroup]
2026-01-29T19:51:34.3143849Z ##[group]Determining the checkout info
2026-01-29T19:51:34.3145649Z ##[endgroup]
2026-01-29T19:51:34.3149806Z [command]/usr/bin/git sparse-checkout disable
2026-01-29T19:51:34.3190306Z [command]/usr/bin/git config --local --unset-all extensions.worktreeConfig
2026-01-29T19:51:34.3215857Z ##[group]Checking out the ref
2026-01-29T19:51:34.3219150Z [command]/usr/bin/git checkout --progress --force -B main refs/remotes/origin/main
2026-01-29T19:51:34.3372171Z Switched to a new branch 'main'
2026-01-29T19:51:34.3375136Z branch 'main' set up to track 'origin/main'.
2026-01-29T19:51:34.3382639Z ##[endgroup]
2026-01-29T19:51:34.3416642Z [command]/usr/bin/git log -1 --format=%H
2026-01-29T19:51:34.3438475Z 6e88af65893115b1e389f12d19076fb480e79091
2026-01-29T19:51:34.3682559Z ##[group]Run actions/setup-python@v5
2026-01-29T19:51:34.3683147Z with:
2026-01-29T19:51:34.3683543Z   python-version: 3.11
2026-01-29T19:51:34.3684004Z   check-latest: false
2026-01-29T19:51:34.3684552Z   token: ***
2026-01-29T19:51:34.3684919Z   update-environment: true
2026-01-29T19:51:34.3685355Z   allow-prereleases: false
2026-01-29T19:51:34.3685805Z   freethreaded: false
2026-01-29T19:51:34.3686229Z ##[endgroup]
2026-01-29T19:51:34.5376906Z ##[group]Installed versions
2026-01-29T19:51:34.5477367Z Successfully set up CPython (3.11.14)
2026-01-29T19:51:34.5479554Z ##[endgroup]
2026-01-29T19:51:34.5599128Z ##[group]Run python -m pip install --upgrade pip
2026-01-29T19:51:34.5599878Z [36;1mpython -m pip install --upgrade pip[0m
2026-01-29T19:51:34.5600463Z [36;1mpip install -r requirements.txt[0m
2026-01-29T19:51:34.5657233Z shell: /usr/bin/bash -e {0}
2026-01-29T19:51:34.5657941Z env:
2026-01-29T19:51:34.5658861Z   pythonLocation: /opt/hostedtoolcache/Python/3.11.14/x64
2026-01-29T19:51:34.5660104Z   PKG_CONFIG_PATH: /opt/hostedtoolcache/Python/3.11.14/x64/lib/pkgconfig
2026-01-29T19:51:34.5661340Z   Python_ROOT_DIR: /opt/hostedtoolcache/Python/3.11.14/x64
2026-01-29T19:51:34.5662453Z   Python2_ROOT_DIR: /opt/hostedtoolcache/Python/3.11.14/x64
2026-01-29T19:51:34.5663570Z   Python3_ROOT_DIR: /opt/hostedtoolcache/Python/3.11.14/x64
2026-01-29T19:51:34.5664708Z   LD_LIBRARY_PATH: /opt/hostedtoolcache/Python/3.11.14/x64/lib
2026-01-29T19:51:34.5665682Z ##[endgroup]
2026-01-29T19:51:35.1781257Z Requirement already satisfied: pip in /opt/hostedtoolcache/Python/3.11.14/x64/lib/python3.11/site-packages (25.3)
2026-01-29T19:51:35.8362573Z Collecting pytest>=7.4.0 (from -r requirements.txt (line 5))
2026-01-29T19:51:35.8986242Z   Downloading pytest-9.0.2-py3-none-any.whl.metadata (7.6 kB)
2026-01-29T19:51:35.9168827Z Collecting pytest-cov>=4.1.0 (from -r requirements.txt (line 6))
2026-01-29T19:51:35.9211480Z   Downloading pytest_cov-7.0.0-py3-none-any.whl.metadata (31 kB)
2026-01-29T19:51:35.9437910Z Collecting pytest-mock>=3.11.1 (from -r requirements.txt (line 7))
2026-01-29T19:51:35.9477222Z   Downloading pytest_mock-3.15.1-py3-none-any.whl.metadata (3.9 kB)
2026-01-29T19:51:36.0346558Z Collecting psutil>=5.9.0 (from -r requirements.txt (line 8))
2026-01-29T19:51:36.0394146Z   Downloading psutil-7.2.2-cp36-abi3-manylinux2010_x86_64.manylinux_2_12_x86_64.manylinux_2_28_x86_64.whl.metadata (22 kB)
2026-01-29T19:51:36.0975298Z Collecting black>=23.7.0 (from -r requirements.txt (line 11))
2026-01-29T19:51:36.1031336Z   Downloading black-26.1.0-cp311-cp311-manylinux2014_x86_64.manylinux_2_17_x86_64.manylinux_2_28_x86_64.whl.metadata (88 kB)
2026-01-29T19:51:36.1407294Z Collecting flake8>=6.1.0 (from -r requirements.txt (line 12))
2026-01-29T19:51:36.1543450Z   Downloading flake8-7.3.0-py2.py3-none-any.whl.metadata (3.8 kB)
2026-01-29T19:51:36.2561818Z Collecting mypy>=1.5.0 (from -r requirements.txt (line 13))
2026-01-29T19:51:36.2616981Z   Downloading mypy-1.19.1-cp311-cp311-manylinux2014_x86_64.manylinux_2_17_x86_64.manylinux_2_28_x86_64.whl.metadata (2.2 kB)
2026-01-29T19:51:36.2798711Z Collecting radon>=6.0.1 (from -r requirements.txt (line 16))
2026-01-29T19:51:36.2896097Z   Downloading radon-6.0.1-py2.py3-none-any.whl.metadata (8.2 kB)
2026-01-29T19:51:36.3258769Z Collecting pylint>=3.0.0 (from -r requirements.txt (line 17))
2026-01-29T19:51:36.3305129Z   Downloading pylint-4.0.4-py3-none-any.whl.metadata (12 kB)
2026-01-29T19:51:36.3602010Z Collecting isort>=5.12.0 (from -r requirements.txt (line 20))
2026-01-29T19:51:36.3642800Z   Downloading isort-7.0.0-py3-none-any.whl.metadata (11 kB)
2026-01-29T19:51:36.3789677Z Collecting autoflake>=2.2.1 (from -r requirements.txt (line 21))
2026-01-29T19:51:36.3845166Z   Downloading autoflake-2.3.1-py3-none-any.whl.metadata (7.6 kB)
2026-01-29T19:51:36.3991615Z Collecting vulture>=2.10 (from -r requirements.txt (line 24))
2026-01-29T19:51:36.4046583Z   Downloading vulture-2.14-py2.py3-none-any.whl.metadata (24 kB)
2026-01-29T19:51:36.4200949Z Collecting iniconfig>=1.0.1 (from pytest>=7.4.0->-r requirements.txt (line 5))
2026-01-29T19:51:36.4243029Z   Downloading iniconfig-2.3.0-py3-none-any.whl.metadata (2.5 kB)
2026-01-29T19:51:36.4451165Z Collecting packaging>=22 (from pytest>=7.4.0->-r requirements.txt (line 5))
2026-01-29T19:51:36.4488224Z   Downloading packaging-26.0-py3-none-any.whl.metadata (3.3 kB)
2026-01-29T19:51:36.4702859Z Collecting pluggy<2,>=1.5 (from pytest>=7.4.0->-r requirements.txt (line 5))
2026-01-29T19:51:36.4704830Z   Downloading pluggy-1.6.0-py3-none-any.whl.metadata (4.8 kB)
2026-01-29T19:51:36.4879023Z Collecting pygments>=2.7.2 (from pytest>=7.4.0->-r requirements.txt (line 5))
2026-01-29T19:51:36.4913913Z   Downloading pygments-2.19.2-py3-none-any.whl.metadata (2.5 kB)
2026-01-29T19:51:36.8931595Z Collecting coverage>=7.10.6 (from coverage[toml]>=7.10.6->pytest-cov>=4.1.0->-r requirements.txt (line 6))
2026-01-29T19:51:36.8968308Z   Downloading coverage-7.13.2-cp311-cp311-manylinux1_x86_64.manylinux_2_28_x86_64.manylinux_2_5_x86_64.whl.metadata (8.5 kB)
2026-01-29T19:51:36.9407398Z Collecting click>=8.0.0 (from black>=23.7.0->-r requirements.txt (line 11))
2026-01-29T19:51:36.9443302Z   Downloading click-8.3.1-py3-none-any.whl.metadata (2.6 kB)
2026-01-29T19:51:36.9551087Z Collecting mypy-extensions>=0.4.3 (from black>=23.7.0->-r requirements.txt (line 11))
2026-01-29T19:51:36.9584839Z   Downloading mypy_extensions-1.1.0-py3-none-any.whl.metadata (1.1 kB)
2026-01-29T19:51:36.9708529Z Collecting pathspec>=1.0.0 (from black>=23.7.0->-r requirements.txt (line 11))
2026-01-29T19:51:36.9748694Z   Downloading pathspec-1.0.4-py3-none-any.whl.metadata (13 kB)
2026-01-29T19:51:36.9945272Z Collecting platformdirs>=2 (from black>=23.7.0->-r requirements.txt (line 11))
2026-01-29T19:51:36.9980540Z   Downloading platformdirs-4.5.1-py3-none-any.whl.metadata (12 kB)
2026-01-29T19:51:37.0140023Z Collecting pytokens>=0.3.0 (from black>=23.7.0->-r requirements.txt (line 11))
2026-01-29T19:51:37.0175280Z   Downloading pytokens-0.4.0-cp311-cp311-manylinux2014_x86_64.manylinux_2_17_x86_64.manylinux_2_28_x86_64.whl.metadata (3.8 kB)
2026-01-29T19:51:37.0291332Z Collecting mccabe<0.8.0,>=0.7.0 (from flake8>=6.1.0->-r requirements.txt (line 12))
2026-01-29T19:51:37.0325901Z   Downloading mccabe-0.7.0-py2.py3-none-any.whl.metadata (5.0 kB)
2026-01-29T19:51:37.0445297Z Collecting pycodestyle<2.15.0,>=2.14.0 (from flake8>=6.1.0->-r requirements.txt (line 12))
2026-01-29T19:51:37.0478903Z   Downloading pycodestyle-2.14.0-py2.py3-none-any.whl.metadata (4.5 kB)
2026-01-29T19:51:37.0608931Z Collecting pyflakes<3.5.0,>=3.4.0 (from flake8>=6.1.0->-r requirements.txt (line 12))
2026-01-29T19:51:37.0643730Z   Downloading pyflakes-3.4.0-py2.py3-none-any.whl.metadata (3.5 kB)
2026-01-29T19:51:37.0842114Z Collecting typing_extensions>=4.6.0 (from mypy>=1.5.0->-r requirements.txt (line 13))
2026-01-29T19:51:37.0877606Z   Downloading typing_extensions-4.15.0-py3-none-any.whl.metadata (3.3 kB)
2026-01-29T19:51:37.1794443Z Collecting librt>=0.6.2 (from mypy>=1.5.0->-r requirements.txt (line 13))
2026-01-29T19:51:37.1836058Z   Downloading librt-0.7.8-cp311-cp311-manylinux2014_x86_64.manylinux_2_17_x86_64.manylinux_2_28_x86_64.whl.metadata (1.3 kB)
2026-01-29T19:51:37.1958547Z Collecting mando<0.8,>=0.6 (from radon>=6.0.1->-r requirements.txt (line 16))
2026-01-29T19:51:37.2020646Z   Downloading mando-0.7.1-py2.py3-none-any.whl.metadata (7.4 kB)
2026-01-29T19:51:37.2239629Z Collecting colorama>=0.4.1 (from radon>=6.0.1->-r requirements.txt (line 16))
2026-01-29T19:51:37.2361669Z   Downloading colorama-0.4.6-py2.py3-none-any.whl.metadata (17 kB)
2026-01-29T19:51:37.2508549Z Collecting six (from mando<0.8,>=0.6->radon>=6.0.1->-r requirements.txt (line 16))
2026-01-29T19:51:37.2581084Z   Downloading six-1.17.0-py2.py3-none-any.whl.metadata (1.7 kB)
2026-01-29T19:51:37.2984713Z Collecting astroid<=4.1.dev0,>=4.0.2 (from pylint>=3.0.0->-r requirements.txt (line 17))
2026-01-29T19:51:37.3020994Z   Downloading astroid-4.0.3-py3-none-any.whl.metadata (4.4 kB)
2026-01-29T19:51:37.3164028Z Collecting dill>=0.3.6 (from pylint>=3.0.0->-r requirements.txt (line 17))
2026-01-29T19:51:37.3230817Z   Downloading dill-0.4.1-py3-none-any.whl.metadata (10 kB)
2026-01-29T19:51:37.3563341Z Collecting tomlkit>=0.10.1 (from pylint>=3.0.0->-r requirements.txt (line 17))
2026-01-29T19:51:37.3602089Z   Downloading tomlkit-0.14.0-py3-none-any.whl.metadata (2.8 kB)
2026-01-29T19:51:37.3914282Z Downloading pytest-9.0.2-py3-none-any.whl (374 kB)
2026-01-29T19:51:37.4056990Z Downloading pluggy-1.6.0-py3-none-any.whl (20 kB)
2026-01-29T19:51:37.4111109Z Downloading pytest_cov-7.0.0-py3-none-any.whl (22 kB)
2026-01-29T19:51:37.4164182Z Downloading pytest_mock-3.15.1-py3-none-any.whl (10 kB)
2026-01-29T19:51:37.4229188Z Downloading psutil-7.2.2-cp36-abi3-manylinux2010_x86_64.manylinux_2_12_x86_64.manylinux_2_28_x86_64.whl (155 kB)
2026-01-29T19:51:37.4364603Z Downloading black-26.1.0-cp311-cp311-manylinux2014_x86_64.manylinux_2_17_x86_64.manylinux_2_28_x86_64.whl (1.7 MB)
2026-01-29T19:51:37.4654421Z    ━━━━━━━━━━━━━━━━━━━━━━━━━━━━━━━━━━━━━━━━ 1.7/1.7 MB 63.5 MB/s  0:00:00
2026-01-29T19:51:37.4695869Z Downloading flake8-7.3.0-py2.py3-none-any.whl (57 kB)
2026-01-29T19:51:37.4753168Z Downloading mccabe-0.7.0-py2.py3-none-any.whl (7.3 kB)
2026-01-29T19:51:37.4807796Z Downloading pycodestyle-2.14.0-py2.py3-none-any.whl (31 kB)
2026-01-29T19:51:37.4868680Z Downloading pyflakes-3.4.0-py2.py3-none-any.whl (63 kB)
2026-01-29T19:51:37.4939263Z Downloading mypy-1.19.1-cp311-cp311-manylinux2014_x86_64.manylinux_2_17_x86_64.manylinux_2_28_x86_64.whl (13.4 MB)
2026-01-29T19:51:37.6279625Z    ━━━━━━━━━━━━━━━━━━━━━━━━━━━━━━━━━━━━━━━━ 13.4/13.4 MB 104.5 MB/s  0:00:00
2026-01-29T19:51:37.6315994Z Downloading radon-6.0.1-py2.py3-none-any.whl (52 kB)
2026-01-29T19:51:37.6370162Z Downloading mando-0.7.1-py2.py3-none-any.whl (28 kB)
2026-01-29T19:51:37.6423164Z Downloading pylint-4.0.4-py3-none-any.whl (536 kB)
2026-01-29T19:51:37.6527137Z    ━━━━━━━━━━━━━━━━━━━━━━━━━━━━━━━━━━━━━━━━ 536.4/536.4 kB 71.8 MB/s  0:00:00
2026-01-29T19:51:37.6591326Z Downloading isort-7.0.0-py3-none-any.whl (94 kB)
2026-01-29T19:51:37.6646030Z Downloading astroid-4.0.3-py3-none-any.whl (276 kB)
2026-01-29T19:51:37.6730165Z Downloading autoflake-2.3.1-py3-none-any.whl (32 kB)
2026-01-29T19:51:37.6788625Z Downloading vulture-2.14-py2.py3-none-any.whl (28 kB)
2026-01-29T19:51:37.6842340Z Downloading click-8.3.1-py3-none-any.whl (108 kB)
2026-01-29T19:51:37.6907556Z Downloading colorama-0.4.6-py2.py3-none-any.whl (25 kB)
2026-01-29T19:51:37.6967532Z Downloading coverage-7.13.2-cp311-cp311-manylinux1_x86_64.manylinux_2_28_x86_64.manylinux_2_5_x86_64.whl (251 kB)
2026-01-29T19:51:37.7034671Z Downloading dill-0.4.1-py3-none-any.whl (120 kB)
2026-01-29T19:51:37.7094402Z Downloading iniconfig-2.3.0-py3-none-any.whl (7.5 kB)
2026-01-29T19:51:37.7151230Z Downloading librt-0.7.8-cp311-cp311-manylinux2014_x86_64.manylinux_2_17_x86_64.manylinux_2_28_x86_64.whl (188 kB)
2026-01-29T19:51:37.7217142Z Downloading mypy_extensions-1.1.0-py3-none-any.whl (5.0 kB)
2026-01-29T19:51:37.7275407Z Downloading packaging-26.0-py3-none-any.whl (74 kB)
2026-01-29T19:51:37.7333502Z Downloading pathspec-1.0.4-py3-none-any.whl (55 kB)
2026-01-29T19:51:37.7396795Z Downloading platformdirs-4.5.1-py3-none-any.whl (18 kB)
2026-01-29T19:51:37.7451367Z Downloading pygments-2.19.2-py3-none-any.whl (1.2 MB)
2026-01-29T19:51:37.7564331Z    ━━━━━━━━━━━━━━━━━━━━━━━━━━━━━━━━━━━━━━━━ 1.2/1.2 MB 124.1 MB/s  0:00:00
2026-01-29T19:51:37.7599774Z Downloading pytokens-0.4.0-cp311-cp311-manylinux2014_x86_64.manylinux_2_17_x86_64.manylinux_2_28_x86_64.whl (259 kB)
2026-01-29T19:51:37.7665489Z Downloading tomlkit-0.14.0-py3-none-any.whl (39 kB)
2026-01-29T19:51:37.7740377Z Downloading typing_extensions-4.15.0-py3-none-any.whl (44 kB)
2026-01-29T19:51:37.7796611Z Downloading six-1.17.0-py2.py3-none-any.whl (11 kB)
2026-01-29T19:51:37.9093734Z Installing collected packages: vulture, typing_extensions, tomlkit, six, pytokens, pygments, pyflakes, pycodestyle, psutil, pluggy, platformdirs, pathspec, packaging, mypy-extensions, mccabe, librt, isort, iniconfig, dill, coverage, colorama, click, astroid, pytest, pylint, mypy, mando, flake8, black, autoflake, radon, pytest-mock, pytest-cov
2026-01-29T19:51:41.4588926Z 
2026-01-29T19:51:41.4613300Z Successfully installed astroid-4.0.3 autoflake-2.3.1 black-26.1.0 click-8.3.1 colorama-0.4.6 coverage-7.13.2 dill-0.4.1 flake8-7.3.0 iniconfig-2.3.0 isort-7.0.0 librt-0.7.8 mando-0.7.1 mccabe-0.7.0 mypy-1.19.1 mypy-extensions-1.1.0 packaging-26.0 pathspec-1.0.4 platformdirs-4.5.1 pluggy-1.6.0 psutil-7.2.2 pycodestyle-2.14.0 pyflakes-3.4.0 pygments-2.19.2 pylint-4.0.4 pytest-9.0.2 pytest-cov-7.0.0 pytest-mock-3.15.1 pytokens-0.4.0 radon-6.0.1 six-1.17.0 tomlkit-0.14.0 typing_extensions-4.15.0 vulture-2.14
2026-01-29T19:51:41.6257270Z ##[group]Run pytest --cov=forge --cov-report=xml --cov-report=term-missing
2026-01-29T19:51:41.6257871Z [36;1mpytest --cov=forge --cov-report=xml --cov-report=term-missing[0m
2026-01-29T19:51:41.6291388Z shell: /usr/bin/bash -e {0}
2026-01-29T19:51:41.6291670Z env:
2026-01-29T19:51:41.6291975Z   pythonLocation: /opt/hostedtoolcache/Python/3.11.14/x64
2026-01-29T19:51:41.6292513Z   PKG_CONFIG_PATH: /opt/hostedtoolcache/Python/3.11.14/x64/lib/pkgconfig
2026-01-29T19:51:41.6293050Z   Python_ROOT_DIR: /opt/hostedtoolcache/Python/3.11.14/x64
2026-01-29T19:51:41.6293519Z   Python2_ROOT_DIR: /opt/hostedtoolcache/Python/3.11.14/x64
2026-01-29T19:51:41.6293990Z   Python3_ROOT_DIR: /opt/hostedtoolcache/Python/3.11.14/x64
2026-01-29T19:51:41.6294475Z   LD_LIBRARY_PATH: /opt/hostedtoolcache/Python/3.11.14/x64/lib
2026-01-29T19:51:41.6294869Z ##[endgroup]
2026-01-29T19:51:42.3662504Z ============================= test session starts ==============================
2026-01-29T19:51:42.3663980Z platform linux -- Python 3.11.14, pytest-9.0.2, pluggy-1.6.0 -- /opt/hostedtoolcache/Python/3.11.14/x64/bin/python
2026-01-29T19:51:42.3664991Z cachedir: .pytest_cache
2026-01-29T19:51:42.3665419Z rootdir: /home/runner/work/argos/argos/forge
2026-01-29T19:51:42.3666116Z configfile: pytest.ini (WARNING: ignoring pytest config in pyproject.toml!)
2026-01-29T19:51:42.3666764Z testpaths: tests
2026-01-29T19:51:42.3667111Z plugins: cov-7.0.0, mock-3.15.1
2026-01-29T19:51:44.2656911Z collecting ... collected 739 items
2026-01-29T19:51:44.2657314Z 
2026-01-29T19:51:44.2679269Z tests/test_argument_errors.py::TestArgumentErrorCreation::test_argument_error_with_single_message PASSED [  0%]
2026-01-29T19:51:44.2691912Z tests/test_argument_errors.py::TestArgumentErrorCreation::test_argument_error_with_validation_error PASSED [  0%]
2026-01-29T19:51:44.2704237Z tests/test_argument_errors.py::TestArgumentErrorCreation::test_argument_error_has_exit_code PASSED [  0%]
2026-01-29T19:51:44.2716704Z tests/test_argument_errors.py::TestArgumentErrorCreation::test_argument_error_preserves_original_exception PASSED [  0%]
2026-01-29T19:51:44.2729004Z tests/test_argument_errors.py::TestErrorMessageFormatting::test_formatted_error_includes_error_prefix PASSED [  0%]
2026-01-29T19:51:44.2741234Z tests/test_argument_errors.py::TestErrorMessageFormatting::test_formatted_error_includes_message PASSED [  0%]
2026-01-29T19:51:44.2753435Z tests/test_argument_errors.py::TestErrorMessageFormatting::test_formatted_error_includes_help_reference PASSED [  0%]
2026-01-29T19:51:44.2765967Z tests/test_argument_errors.py::TestErrorMessageFormatting::test_formatted_error_suggests_fixes PASSED [  1%]
2026-01-29T19:51:44.2777890Z tests/test_argument_errors.py::TestColoredOutput::test_plain_output_no_ansi_codes PASSED [  1%]
2026-01-29T19:51:44.2790083Z tests/test_argument_errors.py::TestColoredOutput::test_colored_output_has_ansi_codes PASSED [  1%]
2026-01-29T19:51:44.2802074Z tests/test_argument_errors.py::TestColoredOutput::test_colored_output_resets_at_end PASSED [  1%]
2026-01-29T19:51:44.2814085Z tests/test_argument_errors.py::TestColoredOutput::test_color_auto_detection PASSED [  1%]
2026-01-29T19:51:44.2841410Z tests/test_argument_errors.py::TestColoredOutput::test_color_detection_on_unix PASSED [  1%]
2026-01-29T19:51:44.2871841Z tests/test_argument_errors.py::TestColoredOutput::test_color_detection_on_windows_with_wt PASSED [  1%]
2026-01-29T19:51:44.2888419Z tests/test_argument_errors.py::TestColoredOutput::test_color_detection_no_tty PASSED [  2%]
2026-01-29T19:51:44.2900913Z tests/test_argument_errors.py::TestMultiLineErrors::test_multiline_error_preserves_structure PASSED [  2%]
2026-01-29T19:51:44.2913247Z tests/test_argument_errors.py::TestMultiLineErrors::test_error_with_suggestion_on_new_line PASSED [  2%]
2026-01-29T19:51:44.2925758Z tests/test_argument_errors.py::TestErrorContextInformation::test_error_includes_command_example PASSED [  2%]
2026-01-29T19:51:44.2938428Z tests/test_argument_errors.py::TestErrorContextInformation::test_error_shows_problematic_path PASSED [  2%]
2026-01-29T19:51:44.2950551Z tests/test_argument_errors.py::TestErrorContextInformation::test_error_references_documentation PASSED [  2%]
2026-01-29T19:51:44.2962896Z tests/test_argument_errors.py::TestValidationErrorConversion::test_convert_simple_validation_error PASSED [  2%]
2026-01-29T19:51:44.2975241Z tests/test_argument_errors.py::TestValidationErrorConversion::test_convert_validation_error_extracts_suggestion PASSED [  2%]
2026-01-29T19:51:44.2987469Z tests/test_argument_errors.py::TestValidationErrorConversion::test_convert_validation_error_adds_help_reference PASSED [  3%]
2026-01-29T19:51:44.2999603Z tests/test_argument_errors.py::TestErrorExitCodes::test_validation_error_has_exit_code_2 PASSED [  3%]
2026-01-29T19:51:44.3011701Z tests/test_argument_errors.py::TestErrorExitCodes::test_can_override_exit_code PASSED [  3%]
2026-01-29T19:51:44.3023893Z tests/test_argument_errors.py::TestErrorStringRepresentation::test_str_representation_is_user_friendly PASSED [  3%]
2026-01-29T19:51:44.3036696Z tests/test_argument_errors.py::TestErrorStringRepresentation::test_repr_includes_class_info PASSED [  3%]
2026-01-29T19:51:44.3086909Z tests/test_argument_parser.py::TestBasicParsing::test_parse_with_only_required_build_dir PASSED [  3%]
2026-01-29T19:51:44.3115568Z tests/test_argument_parser.py::TestBasicParsing::test_parse_with_source_dir_and_build_dir PASSED [  3%]
2026-01-29T19:51:44.3145412Z tests/test_argument_parser.py::TestBasicParsing::test_parse_with_all_optional_arguments PASSED [  4%]
2026-01-29T19:51:44.3171859Z tests/test_argument_parser.py::TestCMakeArguments::test_parse_cmake_args_single_value PASSED [  4%]
2026-01-29T19:51:44.3198202Z tests/test_argument_parser.py::TestCMakeArguments::test_parse_cmake_args_multiple_values PASSED [  4%]
2026-01-29T19:51:44.3224335Z tests/test_argument_parser.py::TestCMakeArguments::test_parse_build_args_single_value PASSED [  4%]
2026-01-29T19:51:44.3250945Z tests/test_argument_parser.py::TestCMakeArguments::test_parse_build_args_multiple_values PASSED [  4%]
2026-01-29T19:51:44.3276949Z tests/test_argument_parser.py::TestFlags::test_parse_verbose_flag PASSED [  4%]
2026-01-29T19:51:44.3303525Z tests/test_argument_parser.py::TestFlags::test_parse_without_verbose_flag PASSED [  4%]
2026-01-29T19:51:44.3331793Z tests/test_argument_parser.py::TestFlags::test_parse_project_name_override PASSED [  5%]
2026-01-29T19:51:44.3358173Z tests/test_argument_parser.py::TestFlags::test_parse_no_configure_flag PASSED [  5%]
2026-01-29T19:51:44.3384352Z tests/test_argument_parser.py::TestFlags::test_parse_clean_build_flag PASSED [  5%]
2026-01-29T19:51:44.3423559Z tests/test_argument_parser.py::TestHelpAndVersion::test_help_message_generation PASSED [  5%]
2026-01-29T19:51:44.3444012Z tests/test_argument_parser.py::TestHelpAndVersion::test_version_output PASSED [  5%]
2026-01-29T19:51:44.3476691Z tests/test_argument_parser.py::TestPathHandling::test_relative_paths_converted_to_absolute PASSED [  5%]
2026-01-29T19:51:44.3503778Z tests/test_argument_parser.py::TestPathHandling::test_tilde_expansion_in_paths PASSED [  5%]
2026-01-29T19:51:44.3531507Z tests/test_argument_parser.py::TestSysArgvSimulation::test_parse_from_sys_argv PASSED [  5%]
2026-01-29T19:51:44.3558188Z tests/test_argument_parser.py::TestSysArgvSimulation::test_parse_with_equals_syntax PASSED [  6%]
2026-01-29T19:51:44.3584579Z tests/test_argument_parser.py::TestDefaultValues::test_default_values_set_correctly PASSED [  6%]
2026-01-29T19:51:44.3608192Z tests/test_argument_parser.py::TestErrorCases::test_parse_without_required_argument PASSED [  6%]
2026-01-29T19:51:44.3638850Z tests/test_argument_parser.py::TestErrorCases::test_parse_with_unknown_argument PASSED [  6%]
2026-01-29T19:51:44.3659886Z tests/test_argument_validation.py::TestValidArgumentCombinations::test_validate_with_existing_source_and_build_dirs PASSED [  6%]
2026-01-29T19:51:44.3680383Z tests/test_argument_validation.py::TestValidArgumentCombinations::test_validate_with_source_dir_only PASSED [  6%]
2026-01-29T19:51:44.3702325Z tests/test_argument_validation.py::TestValidArgumentCombinations::test_validate_with_build_dir_only PASSED [  6%]
2026-01-29T19:51:44.3722836Z tests/test_argument_validation.py::TestValidArgumentCombinations::test_validate_with_valid_database_path PASSED [  7%]
2026-01-29T19:51:44.3743835Z tests/test_argument_validation.py::TestValidArgumentCombinations::test_validate_creates_build_dir_when_missing_with_source_dir PASSED [  7%]
2026-01-29T19:51:44.3762514Z tests/test_argument_validation.py::TestBuildDirectoryValidation::test_error_when_build_dir_missing_and_no_source_dir PASSED [  7%]
2026-01-29T19:51:44.3782408Z tests/test_argument_validation.py::TestBuildDirectoryValidation::test_error_when_build_dir_missing_no_cmake_cache PASSED [  7%]
2026-01-29T19:51:44.3800978Z tests/test_argument_validation.py::TestSourceDirectoryValidation::test_error_when_source_dir_does_not_exist PASSED [  7%]
2026-01-29T19:51:44.3820633Z tests/test_argument_validation.py::TestSourceDirectoryValidation::test_error_when_source_dir_missing_cmakelists PASSED [  7%]
2026-01-29T19:51:44.3839828Z tests/test_argument_validation.py::TestSourceDirectoryValidation::test_error_when_source_dir_is_file PASSED [  7%]
2026-01-29T19:51:44.3861364Z tests/test_argument_validation.py::TestDatabaseValidation::test_error_when_database_path_is_directory PASSED [  7%]
2026-01-29T19:51:44.3882250Z tests/test_argument_validation.py::TestDatabaseValidation::test_error_when_database_parent_does_not_exist PASSED [  8%]
2026-01-29T19:51:44.3904412Z tests/test_argument_validation.py::TestPathNormalization::test_paths_are_absolute PASSED [  8%]
2026-01-29T19:51:44.3927396Z tests/test_argument_validation.py::TestPathNormalization::test_symlinks_are_resolved PASSED [  8%]
2026-01-29T19:51:44.3947127Z tests/test_argument_validation.py::TestMutuallyExclusiveOptions::test_no_configure_requires_existing_build PASSED [  8%]
2026-01-29T19:51:44.3966102Z tests/test_argument_validation.py::TestMutuallyExclusiveOptions::test_no_configure_with_nonexistent_build_dir PASSED [  8%]
2026-01-29T19:51:44.3986043Z tests/test_argument_validation.py::TestMutuallyExclusiveOptions::test_clean_build_with_no_configure_is_invalid PASSED [  8%]
2026-01-29T19:51:44.4004727Z tests/test_argument_validation.py::TestValidationErrorMessages::test_error_message_includes_path PASSED [  8%]
2026-01-29T19:51:44.4023452Z tests/test_argument_validation.py::TestValidationErrorMessages::test_error_message_suggests_fix PASSED [  9%]
2026-01-29T19:51:44.4042896Z tests/test_argument_validation.py::TestValidationErrorMessages::test_validation_error_has_context PASSED [  9%]
2026-01-29T19:51:44.4062773Z tests/test_argument_validation.py::TestMultipleValidationErrors::test_reports_first_error_encountered PASSED [  9%]
2026-01-29T19:51:44.4130677Z tests/test_build_inspection_integration.py::TestCompleteSuccessfulBuild::test_complete_ninja_build_inspection PASSED [  9%]
2026-01-29T19:51:44.4154284Z tests/test_build_inspection_integration.py::TestCompleteSuccessfulBuild::test_complete_make_build_inspection PASSED [  9%]
2026-01-29T19:51:44.4176492Z tests/test_build_inspection_integration.py::TestBuildWithWarnings::test_build_with_gcc_warnings PASSED [  9%]
2026-01-29T19:51:44.4198740Z tests/test_build_inspection_integration.py::TestBuildWithWarnings::test_build_with_msvc_warnings PASSED [  9%]
2026-01-29T19:51:44.4221419Z tests/test_build_inspection_integration.py::TestFailedBuild::test_build_with_compilation_errors PASSED [ 10%]
2026-01-29T19:51:44.4243273Z tests/test_build_inspection_integration.py::TestFailedBuild::test_build_with_link_errors PASSED [ 10%]
2026-01-29T19:51:44.4264471Z tests/test_build_inspection_integration.py::TestPartialOutput::test_build_with_minimal_output PASSED [ 10%]
2026-01-29T19:51:44.4284854Z tests/test_build_inspection_integration.py::TestPartialOutput::test_build_with_empty_output PASSED [ 10%]
2026-01-29T19:51:44.4297492Z tests/test_build_inspection_integration.py::TestPartialOutput::test_build_without_source_dir PASSED [ 10%]
2026-01-29T19:51:44.4320248Z tests/test_build_inspection_integration.py::TestMetadataCompleteness::test_metadata_has_all_required_fields PASSED [ 10%]
2026-01-29T19:51:44.4341217Z tests/test_build_inspection_integration.py::TestMetadataCompleteness::test_targets_list_is_correct_type PASSED [ 10%]
2026-01-29T19:51:44.4362430Z tests/test_build_inspection_integration.py::TestMetadataCompleteness::test_warnings_list_is_correct_type PASSED [ 10%]
2026-01-29T19:51:44.4386772Z tests/test_build_inspection_integration.py::TestIntegrationWithRealFixtures::test_with_ninja_fixture PASSED [ 11%]
2026-01-29T19:51:44.4408609Z tests/test_build_inspection_integration.py::TestEdgeCases::test_multiple_projects_use_first PASSED [ 11%]
2026-01-29T19:51:44.4432434Z tests/test_build_inspection_integration.py::TestEdgeCases::test_ansi_color_codes_handled PASSED [ 11%]
2026-01-29T19:51:44.4637281Z tests/test_build_inspection_integration.py::TestEdgeCases::test_very_large_output PASSED [ 11%]
2026-01-29T19:51:44.4660811Z tests/test_cmake_detection.py::TestCMakeDetection::test_cmake_detected_when_available PASSED [ 11%]
2026-01-29T19:51:44.4677734Z tests/test_cmake_detection.py::TestCMakeDetection::test_cmake_not_found_returns_false PASSED [ 11%]
2026-01-29T19:51:44.4693852Z tests/test_cmake_detection.py::TestCMakeDetection::test_cmake_check_handles_other_exceptions PASSED [ 11%]
2026-01-29T19:51:44.4715157Z tests/test_cmake_detection.py::TestCMakeDetection::test_cmake_check_handles_nonzero_exit_code PASSED [ 12%]
2026-01-29T19:51:44.4737932Z tests/test_cmake_detection.py::TestCMakeDetection::test_cmake_check_uses_timeout PASSED [ 12%]
2026-01-29T19:51:44.4762945Z tests/test_cmake_detection.py::TestCMakeVersionExtraction::test_get_version_standard_format PASSED [ 12%]
2026-01-29T19:51:44.4784408Z tests/test_cmake_detection.py::TestCMakeVersionExtraction::test_get_version_two_part_version PASSED [ 12%]
2026-01-29T19:51:44.4806868Z tests/test_cmake_detection.py::TestCMakeVersionExtraction::test_get_version_with_patch_and_suffix PASSED [ 12%]
2026-01-29T19:51:44.4828356Z tests/test_cmake_detection.py::TestCMakeVersionExtraction::test_get_version_multiline_output PASSED [ 12%]
2026-01-29T19:51:44.4843946Z tests/test_cmake_detection.py::TestCMakeVersionExtraction::test_get_version_cmake_not_found PASSED [ 12%]
2026-01-29T19:51:44.4861531Z tests/test_cmake_detection.py::TestCMakeVersionExtraction::test_get_version_handles_exceptions PASSED [ 12%]
2026-01-29T19:51:44.4882976Z tests/test_cmake_detection.py::TestCMakeVersionExtraction::test_get_version_invalid_output_format PASSED [ 13%]
2026-01-29T19:51:44.4904250Z tests/test_cmake_detection.py::TestCMakeVersionExtraction::test_get_version_empty_output PASSED [ 13%]
2026-01-29T19:51:44.4926826Z tests/test_cmake_detection.py::TestCMakeVersionExtraction::test_get_version_with_rc_suffix PASSED [ 13%]
2026-01-29T19:51:44.4940982Z tests/test_cmake_detection.py::TestVersionComparison::test_compare_version_greater PASSED [ 13%]
2026-01-29T19:51:44.4954157Z tests/test_cmake_detection.py::TestVersionComparison::test_compare_version_less PASSED [ 13%]
2026-01-29T19:51:44.4969784Z tests/test_cmake_detection.py::TestVersionComparison::test_compare_version_equal PASSED [ 13%]
2026-01-29T19:51:44.4978950Z tests/test_cmake_detection.py::TestVersionComparison::test_compare_version_different_lengths PASSED [ 13%]
2026-01-29T19:51:44.4991182Z tests/test_cmake_detection.py::TestVersionComparison::test_compare_version_major_difference PASSED [ 14%]
2026-01-29T19:51:44.5003474Z tests/test_cmake_detection.py::TestVersionComparison::test_compare_version_with_suffix_ignored PASSED [ 14%]
2026-01-29T19:51:44.5019745Z tests/test_cmake_detection.py::TestVersionComparison::test_check_minimum_version_success PASSED [ 14%]
2026-01-29T19:51:44.5035320Z tests/test_cmake_detection.py::TestVersionComparison::test_check_minimum_version_fail PASSED [ 14%]
2026-01-29T19:51:44.5051386Z tests/test_cmake_detection.py::TestVersionComparison::test_check_minimum_version_equal PASSED [ 14%]
2026-01-29T19:51:44.5068726Z tests/test_cmake_detection.py::TestVersionComparison::test_check_minimum_version_cmake_not_found PASSED [ 14%]
2026-01-29T19:51:44.5089872Z tests/test_cmake_detection.py::TestCMakePathResolution::test_cmake_found_in_path PASSED [ 14%]
2026-01-29T19:51:44.5111281Z tests/test_cmake_detection.py::TestCMakePathResolution::test_cmake_custom_path PASSED [ 15%]
2026-01-29T19:51:44.5133902Z tests/test_cmake_detection.py::TestCMakePathResolution::test_cmake_path_with_spaces PASSED [ 15%]
2026-01-29T19:51:44.5155444Z tests/test_cmake_detection.py::TestCMakeDetectionIntegration::test_detection_before_execution PASSED [ 15%]
2026-01-29T19:51:44.5178425Z tests/test_cmake_detection.py::TestCMakeDetectionIntegration::test_version_info_caching PASSED [ 15%]
2026-01-29T19:51:44.5194221Z tests/test_cmake_detection.py::TestCMakeDetectionIntegration::test_helpful_error_message_when_cmake_missing PASSED [ 15%]
2026-01-29T19:51:44.9612059Z tests/test_cmake_detection.py::TestRealCMakeDetection::test_real_cmake_detection PASSED [ 15%]
2026-01-29T19:51:44.9645255Z tests/test_configure_inspection.py::TestCMakeVersionExtraction::test_extract_cmake_version_from_linux_output PASSED [ 15%]
2026-01-29T19:51:44.9660989Z tests/test_configure_inspection.py::TestCMakeVersionExtraction::test_extract_cmake_version_from_windows_output PASSED [ 15%]
2026-01-29T19:51:44.9676387Z tests/test_configure_inspection.py::TestCMakeVersionExtraction::test_extract_cmake_version_from_macos_output PASSED [ 16%]
2026-01-29T19:51:44.9695413Z tests/test_configure_inspection.py::TestCMakeVersionExtraction::test_cmake_version_none_when_missing PASSED [ 16%]
2026-01-29T19:51:44.9710878Z tests/test_configure_inspection.py::TestGeneratorDetection::test_detect_visual_studio_generator PASSED [ 16%]
2026-01-29T19:51:44.9726181Z tests/test_configure_inspection.py::TestGeneratorDetection::test_generator_none_when_not_specified PASSED [ 16%]
2026-01-29T19:51:44.9741354Z tests/test_configure_inspection.py::TestCompilerDetection::test_detect_gccompiler_c PASSED [ 16%]
2026-01-29T19:51:44.9756185Z tests/test_configure_inspection.py::TestCompilerDetection::test_detect_msvcompiler_c PASSED [ 16%]
2026-01-29T19:51:44.9771404Z tests/test_configure_inspection.py::TestCompilerDetection::test_detect_clang_compiler PASSED [ 16%]
2026-01-29T19:51:44.9783537Z tests/test_configure_inspection.py::TestCompilerDetection::test_compiler_none_when_missing PASSED [ 17%]
2026-01-29T19:51:44.9798751Z tests/test_configure_inspection.py::TestSystemInfoExtraction::test_extract_linux_system_info PASSED [ 17%]
2026-01-29T19:51:44.9813669Z tests/test_configure_inspection.py::TestSystemInfoExtraction::test_extract_windows_system_info PASSED [ 17%]
2026-01-29T19:51:44.9828640Z tests/test_configure_inspection.py::TestSystemInfoExtraction::test_extract_macos_system_info PASSED [ 17%]
2026-01-29T19:51:44.9841211Z tests/test_configure_inspection.py::TestSystemInfoExtraction::test_system_info_none_when_missing PASSED [ 17%]
2026-01-29T19:51:44.9855997Z tests/test_configure_inspection.py::TestFoundPackagesDetection::test_detect_single_package PASSED [ 17%]
2026-01-29T19:51:44.9871324Z tests/test_configure_inspection.py::TestFoundPackagesDetection::test_detect_multiple_packages PASSED [ 17%]
2026-01-29T19:51:44.9886307Z tests/test_configure_inspection.py::TestFoundPackagesDetection::test_package_order_preserved PASSED [ 17%]
2026-01-29T19:51:44.9901374Z tests/test_configure_inspection.py::TestFoundPackagesDetection::test_no_packages_when_none_found PASSED [ 18%]
2026-01-29T19:51:44.9916198Z tests/test_configure_inspection.py::TestFoundPackagesDetection::test_python_package_detected PASSED [ 18%]
2026-01-29T19:51:44.9931260Z tests/test_configure_inspection.py::TestBuildTypeDetection::test_detect_release_build_type PASSED [ 18%]
2026-01-29T19:51:44.9946127Z tests/test_configure_inspection.py::TestBuildTypeDetection::test_detect_debug_build_type PASSED [ 18%]
2026-01-29T19:51:44.9961428Z tests/test_configure_inspection.py::TestBuildTypeDetection::test_detect_relwithdebinfo_build_type PASSED [ 18%]
2026-01-29T19:51:44.9973860Z tests/test_configure_inspection.py::TestBuildTypeDetection::test_build_type_none_when_missing PASSED [ 18%]
2026-01-29T19:51:44.9986029Z tests/test_configure_inspection.py::TestBuildTypeDetection::test_detect_build_type_from_cache_variable PASSED [ 18%]
2026-01-29T19:51:44.9998612Z tests/test_configure_inspection.py::TestBuildTypeDetection::test_detect_build_type_from_cache_variable_release PASSED [ 19%]
2026-01-29T19:51:45.0010957Z tests/test_configure_inspection.py::TestBuildTypeDetection::test_detect_build_type_from_simple_assignment PASSED [ 19%]
2026-01-29T19:51:45.0025975Z tests/test_configure_inspection.py::TestPartialInformation::test_handle_minimal_output PASSED [ 19%]
2026-01-29T19:51:45.0038362Z tests/test_configure_inspection.py::TestPartialInformation::test_handle_empty_output PASSED [ 19%]
2026-01-29T19:51:45.0050990Z tests/test_configure_inspection.py::TestPartialInformation::test_handle_partial_compiler_info PASSED [ 19%]
2026-01-29T19:51:45.0077342Z tests/test_configure_inspection.py::TestCrossPlatformOutput::test_all_platforms_return_valid_metadata PASSED [ 19%]
2026-01-29T19:51:45.0096587Z tests/test_configure_inspection.py::TestCrossPlatformOutput::test_platform_specificompiler_cs_detected PASSED [ 19%]
2026-01-29T19:51:45.0112141Z tests/test_configure_inspection.py::TestMetadataIntegrity::test_metadata_has_all_fields PASSED [ 20%]
2026-01-29T19:51:45.0127690Z tests/test_configure_inspection.py::TestMetadataIntegrity::test_found_packages_is_list PASSED [ 20%]
2026-01-29T19:51:45.0144280Z tests/test_configure_inspection.py::TestMetadataIntegrity::test_string_fields_are_strings_or_none PASSED [ 20%]
2026-01-29T19:51:45.0166682Z tests/test_database_schema.py::TestDatabaseCreation::test_database_creation_with_none_path_uses_default PASSED [ 20%]
2026-01-29T19:51:45.0426921Z tests/test_database_schema.py::TestDatabaseCreation::test_context_manager_closes_connection PASSED [ 20%]
2026-01-29T19:51:45.0681999Z tests/test_database_schema.py::TestDatabaseCreation::test_database_creation_in_temporary_location PASSED [ 20%]
2026-01-29T19:51:45.0924879Z tests/test_database_schema.py::TestDatabaseCreation::test_database_creation_in_default_location PASSED [ 20%]
2026-01-29T19:51:45.1161689Z tests/test_database_schema.py::TestDatabaseCreation::test_database_connection_established PASSED [ 20%]
2026-01-29T19:51:45.1417335Z tests/test_database_schema.py::TestDatabaseCreation::test_idempotent_initialization PASSED [ 21%]
2026-01-29T19:51:45.1653456Z tests/test_database_schema.py::TestTableStructure::test_all_tables_created PASSED [ 21%]
2026-01-29T19:51:45.1894373Z tests/test_database_schema.py::TestTableStructure::test_configurations_table_columns PASSED [ 21%]
2026-01-29T19:51:45.2131696Z tests/test_database_schema.py::TestTableStructure::test_builds_table_columns PASSED [ 21%]
2026-01-29T19:51:45.2496440Z tests/test_database_schema.py::TestTableStructure::test_warnings_table_columns PASSED [ 21%]
2026-01-29T19:51:45.2735234Z tests/test_database_schema.py::TestTableStructure::test_errors_table_columns PASSED [ 21%]
2026-01-29T19:51:45.2973333Z tests/test_database_schema.py::TestTableStructure::test_build_targets_table_columns PASSED [ 21%]
2026-01-29T19:51:45.3211117Z tests/test_database_schema.py::TestIndexes::test_all_indexes_created PASSED [ 22%]
2026-01-29T19:51:45.3454005Z tests/test_database_schema.py::TestConstraints::test_foreign_key_constraints_enabled PASSED [ 22%]
2026-01-29T19:51:45.3727936Z tests/test_database_schema.py::TestConstraints::test_builds_foreign_key_to_configurations PASSED [ 22%]
2026-01-29T19:51:45.3962595Z tests/test_database_schema.py::TestConstraints::test_builds_foreign_key_constraint_enforced PASSED [ 22%]
2026-01-29T19:51:45.4210687Z tests/test_database_schema.py::TestConstraints::test_warnings_foreign_key_cascade_delete PASSED [ 22%]
2026-01-29T19:51:45.4492120Z tests/test_database_schema.py::TestConstraints::test_errors_foreign_key_cascade_delete PASSED [ 22%]
2026-01-29T19:51:45.4730940Z tests/test_database_schema.py::TestConstraints::test_default_values_set_correctly PASSED [ 22%]
2026-01-29T19:51:45.4981022Z tests/test_database_schema.py::TestConstraints::test_builds_default_warning_error_counts PASSED [ 23%]
2026-01-29T19:51:45.5201587Z tests/test_database_schema.py::TestConnectionManagement::test_connection_reuse PASSED [ 23%]
2026-01-29T19:51:45.5428523Z tests/test_database_schema.py::TestConnectionManagement::test_close_connection PASSED [ 23%]
2026-01-29T19:51:45.5441309Z tests/test_documentation.py::TestModuleDocstrings::test_main_package_docstring PASSED [ 23%]
2026-01-29T19:51:45.5452444Z tests/test_documentation.py::TestModuleDocstrings::test_models_package_docstring PASSED [ 23%]
2026-01-29T19:51:45.5463616Z tests/test_documentation.py::TestModuleDocstrings::test_utils_package_docstring PASSED [ 23%]
2026-01-29T19:51:45.5475015Z tests/test_documentation.py::TestClassDocstrings::test_data_model_classes_have_docstrings PASSED [ 23%]
2026-01-29T19:51:45.5486724Z tests/test_documentation.py::TestClassDocstrings::test_cli_classes_have_docstrings PASSED [ 23%]
2026-01-29T19:51:45.5497924Z tests/test_documentation.py::TestClassDocstrings::test_cmake_classes_have_docstrings PASSED [ 24%]
2026-01-29T19:51:45.5510286Z tests/test_documentation.py::TestClassDocstrings::test_inspector_classes_have_docstrings PASSED [ 24%]
2026-01-29T19:51:45.5521801Z tests/test_documentation.py::TestClassDocstrings::test_storage_classes_have_docstrings PASSED [ 24%]
2026-01-29T19:51:45.5533979Z tests/test_documentation.py::TestMethodDocstrings::test_cmake_executor_methods_have_docstrings PASSED [ 24%]
2026-01-29T19:51:45.5545952Z tests/test_documentation.py::TestMethodDocstrings::test_parameter_manager_methods_have_docstrings PASSED [ 24%]
2026-01-29T19:51:45.5558431Z tests/test_documentation.py::TestMethodDocstrings::test_build_inspector_methods_have_docstrings PASSED [ 24%]
2026-01-29T19:51:45.5570299Z tests/test_documentation.py::TestMethodDocstrings::test_persistence_methods_have_docstrings PASSED [ 24%]
2026-01-29T19:51:45.5582402Z tests/test_documentation.py::TestFunctionDocstrings::test_formatting_functions_have_docstrings PASSED [ 25%]
2026-01-29T19:51:45.5594129Z tests/test_documentation.py::TestFunctionDocstrings::test_logging_config_functions_have_docstrings PASSED [ 25%]
2026-01-29T19:51:45.5605089Z tests/test_documentation.py::TestDocstringFormat::test_forge_arguments_docstring_format PASSED [ 25%]
2026-01-29T19:51:45.5616232Z tests/test_documentation.py::TestDocstringFormat::test_executor_execute_configure_docstring_format PASSED [ 25%]
2026-01-29T19:51:45.5627678Z tests/test_documentation.py::TestDocstringFormat::test_format_duration_docstring_format PASSED [ 25%]
2026-01-29T19:51:45.5640656Z tests/test_documentation.py::TestDocstringCompleteness::test_parameter_docstrings_match_signatures PASSED [ 25%]
2026-01-29T19:51:45.5651781Z tests/test_documentation.py::TestDocstringCompleteness::test_return_types_documented PASSED [ 25%]
2026-01-29T19:51:45.5663075Z tests/test_documentation.py::TestDocstringExamples::test_format_duration_examples PASSED [ 25%]
2026-01-29T19:51:45.5674698Z tests/test_documentation.py::TestDocstringExamples::test_format_timestamp_examples PASSED [ 26%]
2026-01-29T19:51:45.5686690Z tests/test_documentation.py::TestAPIExportCompleteness::test_models_all_export PASSED [ 26%]
2026-01-29T19:51:46.6443319Z tests/test_e2e_samples.py::TestSimpleExecutable::test_configure_and_build_simple_executable PASSED [ 26%]
2026-01-29T19:51:47.1721406Z tests/test_e2e_samples.py::TestSimpleExecutable::test_build_only_simple_executable PASSED [ 26%]
2026-01-29T19:51:48.1016506Z tests/test_e2e_samples.py::TestMultipleTargets::test_multiple_targets_project PASSED [ 26%]
2026-01-29T19:51:48.6272874Z tests/test_e2e_samples.py::TestHeaderOnlyLibrary::test_header_only_library PASSED [ 26%]
2026-01-29T19:51:49.2275509Z tests/test_e2e_samples.py::TestSubdirectories::test_project_with_subdirectories PASSED [ 26%]
2026-01-29T19:51:49.7541374Z tests/test_e2e_samples.py::TestBuildTypes::test_debug_build PASSED       [ 27%]
2026-01-29T19:51:50.2954223Z tests/test_e2e_samples.py::TestBuildTypes::test_release_build PASSED     [ 27%]
2026-01-29T19:51:50.8063226Z tests/test_e2e_samples.py::TestEndToEndWorkflow::test_complete_workflow_with_metadata PASSED [ 27%]
2026-01-29T19:51:51.3223636Z tests/test_e2e_samples.py::TestEndToEndWorkflow::test_verbose_output PASSED [ 27%]
2026-01-29T19:51:52.2400108Z tests/test_e2e_samples.py::TestDataPersistence::test_multiple_builds_same_project PASSED [ 27%]
2026-01-29T19:51:53.2120555Z tests/test_e2e_samples.py::TestDataPersistence::test_multiple_different_projects PASSED [ 27%]
2026-01-29T19:51:53.3368712Z tests/test_edge_cases.py::TestVeryLongOutput::test_very_long_configure_output PASSED [ 27%]
2026-01-29T19:51:53.4494698Z tests/test_edge_cases.py::TestUnicodeOutput::test_unicode_in_configure_output PASSED [ 28%]
2026-01-29T19:51:53.5620246Z tests/test_edge_cases.py::TestPathsWithSpecialCharacters::test_path_with_spaces PASSED [ 28%]
2026-01-29T19:51:53.6752045Z tests/test_edge_cases.py::TestBuildDuration::test_very_quick_build PASSED [ 28%]
2026-01-29T19:51:53.6794001Z tests/test_edge_cases.py::TestDatabaseEdgeCases::test_database_directory_not_exists PASSED [ 28%]
2026-01-29T19:51:53.6824125Z tests/test_executor_basic.py::TestSuccessfulExecution::test_execute_configure_success PASSED [ 28%]
2026-01-29T19:51:53.6855967Z tests/test_executor_basic.py::TestSuccessfulExecution::test_execute_build_success PASSED [ 28%]
2026-01-29T19:51:53.6887067Z tests/test_executor_basic.py::TestSuccessfulExecution::test_execute_with_echo_command PASSED [ 28%]
2026-01-29T19:51:53.6915388Z tests/test_executor_basic.py::TestFailedExecution::test_execute_configure_failure PASSED [ 28%]
2026-01-29T19:51:53.6944773Z tests/test_executor_basic.py::TestFailedExecution::test_execute_build_failure PASSED [ 29%]
2026-01-29T19:51:53.6966137Z tests/test_executor_basic.py::TestFailedExecution::test_execute_with_failing_command PASSED [ 29%]
2026-01-29T19:51:53.6982429Z tests/test_executor_basic.py::TestCommandNotFound::test_command_not_found_configure PASSED [ 29%]
2026-01-29T19:51:53.6997615Z tests/test_executor_basic.py::TestCommandNotFound::test_command_not_found_build PASSED [ 29%]
2026-01-29T19:51:53.7013052Z tests/test_executor_basic.py::TestCommandNotFound::test_general_exception_configure PASSED [ 29%]
2026-01-29T19:51:53.7028625Z tests/test_executor_basic.py::TestCommandNotFound::test_general_exception_build PASSED [ 29%]
2026-01-29T19:51:53.7056622Z tests/test_executor_basic.py::TestTimeoutHandling::test_execution_timeout PASSED [ 29%]
2026-01-29T19:51:53.7086005Z tests/test_executor_basic.py::TestTimeoutHandling::test_timeout_with_existing_stderr PASSED [ 30%]
2026-01-29T19:51:53.7114131Z tests/test_executor_basic.py::TestTimeoutHandling::test_timeout_build_command PASSED [ 30%]
2026-01-29T19:51:53.7195522Z tests/test_executor_basic.py::TestWorkingDirectory::test_working_directory_is_set PASSED [ 30%]
2026-01-29T19:51:53.7216947Z tests/test_executor_basic.py::TestWorkingDirectory::test_default_working_directory PASSED [ 30%]
2026-01-29T19:51:53.7240273Z tests/test_executor_basic.py::TestResultObjectPopulation::test_configure_result_has_all_fields PASSED [ 30%]
2026-01-29T19:51:53.7263128Z tests/test_executor_basic.py::TestResultObjectPopulation::test_build_result_has_all_fields PASSED [ 30%]
2026-01-29T19:51:53.7286349Z tests/test_executor_basic.py::TestResultObjectPopulation::test_stdout_is_captured PASSED [ 30%]
2026-01-29T19:51:53.7308549Z tests/test_executor_basic.py::TestResultObjectPopulation::test_stderr_is_captured PASSED [ 30%]
2026-01-29T19:51:53.7331365Z tests/test_executor_basic.py::TestExitCodeCapture::test_exit_code_zero PASSED [ 31%]
2026-01-29T19:51:53.7352676Z tests/test_executor_basic.py::TestExitCodeCapture::test_exit_code_nonzero PASSED [ 31%]
2026-01-29T19:51:53.7376196Z tests/test_executor_basic.py::TestExitCodeCapture::test_exit_code_in_result_object PASSED [ 31%]
2026-01-29T19:51:53.7497314Z tests/test_executor_integration.py::TestRealProcessExecution::test_real_stdout_capture PASSED [ 31%]
2026-01-29T19:51:53.7614134Z tests/test_executor_integration.py::TestRealProcessExecution::test_real_stderr_capture PASSED [ 31%]
2026-01-29T19:51:53.7732880Z tests/test_executor_integration.py::TestRealProcessExecution::test_real_exit_code_success PASSED [ 31%]
2026-01-29T19:51:53.7850483Z tests/test_executor_integration.py::TestRealProcessExecution::test_real_exit_code_failure PASSED [ 31%]
2026-01-29T19:51:53.7868463Z tests/test_executor_integration.py::TestRealProcessExecution::test_real_command_not_found PASSED [ 32%]
2026-01-29T19:51:53.7986093Z tests/test_executor_integration.py::TestRealProcessExecution::test_real_unicode_output PASSED [ 32%]
2026-01-29T19:51:53.8110522Z tests/test_executor_integration.py::TestRealProcessExecution::test_real_large_output PASSED [ 32%]
2026-01-29T19:51:53.8230662Z tests/test_executor_integration.py::TestRealProcessExecution::test_real_multiline_output PASSED [ 32%]
2026-01-29T19:51:53.8351653Z tests/test_executor_integration.py::TestRealProcessExecution::test_real_mixed_output PASSED [ 32%]
2026-01-29T19:51:53.8467669Z tests/test_executor_integration.py::TestRealProcessExecution::test_real_empty_output PASSED [ 32%]
2026-01-29T19:51:53.8588955Z tests/test_executor_integration.py::TestRealProcessExecution::test_real_working_directory PASSED [ 32%]
2026-01-29T19:51:53.9724604Z tests/test_executor_integration.py::TestRealProcessExecution::test_real_timing_accuracy PASSED [ 33%]
2026-01-29T19:51:53.9951627Z tests/test_executor_integration.py::TestRealProcessExecution::test_real_multiple_executions_independent PASSED [ 33%]
2026-01-29T19:51:54.0069351Z tests/test_executor_integration.py::TestRealBuildExecution::test_real_build_stdout_capture PASSED [ 33%]
2026-01-29T19:51:54.0186819Z tests/test_executor_integration.py::TestRealBuildExecution::test_real_build_exit_code PASSED [ 33%]
2026-01-29T19:51:54.0814205Z tests/test_executor_integration.py::TestRealBuildExecution::test_real_build_timing PASSED [ 33%]
2026-01-29T19:51:54.0933245Z tests/test_executor_integration.py::TestRealStreamingBehavior::test_real_streaming_enabled PASSED [ 33%]
2026-01-29T19:51:54.1052206Z tests/test_executor_integration.py::TestRealStreamingBehavior::test_real_streaming_disabled PASSED [ 33%]
2026-01-29T19:51:54.6090784Z tests/test_executor_integration.py::TestRealTimeoutBehavior::test_real_timeout_kills_process PASSED [ 33%]
2026-01-29T19:51:54.6216061Z tests/test_executor_integration.py::TestRealTimeoutBehavior::test_real_timeout_not_triggered PASSED [ 34%]
2026-01-29T19:51:54.6334563Z tests/test_executor_integration.py::TestRealEdgeCases::test_real_output_with_no_newline PASSED [ 34%]
2026-01-29T19:51:54.6451488Z tests/test_executor_integration.py::TestRealEdgeCases::test_real_output_with_multiple_newlines PASSED [ 34%]
2026-01-29T19:51:54.6569039Z tests/test_executor_integration.py::TestRealEdgeCases::test_real_binary_output_handling PASSED [ 34%]
2026-01-29T19:51:54.6689922Z tests/test_executor_integration.py::TestRealEdgeCases::test_real_very_long_line PASSED [ 34%]
2026-01-29T19:51:54.6819509Z tests/test_executor_integration.py::TestRealEdgeCases::test_real_rapid_output PASSED [ 34%]
2026-01-29T19:51:54.6939163Z tests/test_executor_integration.py::TestRealEdgeCases::test_real_stderr_without_stdout PASSED [ 34%]
2026-01-29T19:51:54.7058616Z tests/test_executor_integration.py::TestRealEdgeCases::test_real_exit_with_output PASSED [ 35%]
2026-01-29T19:51:54.7090885Z tests/test_executor_integration.py::TestRealCrossCompatibility::test_real_python_executable PASSED [ 35%]
2026-01-29T19:51:54.7209954Z tests/test_executor_integration.py::TestRealCrossCompatibility::test_real_path_handling PASSED [ 35%]
2026-01-29T19:51:54.7329399Z tests/test_executor_integration.py::TestRealCrossCompatibility::test_real_environment_inheritance PASSED [ 35%]
2026-01-29T19:51:54.7370501Z tests/test_executor_output.py::TestStdoutCapture::test_stdout_captured_completely PASSED [ 35%]
2026-01-29T19:51:54.7444683Z tests/test_executor_output.py::TestStdoutCapture::test_large_stdout_handling PASSED [ 35%]
2026-01-29T19:51:54.7466620Z tests/test_executor_output.py::TestStdoutCapture::test_stdout_with_unicode_characters PASSED [ 35%]
2026-01-29T19:51:54.7489605Z tests/test_executor_output.py::TestStderrCapture::test_stderr_captured_completely PASSED [ 35%]
2026-01-29T19:51:54.7511057Z tests/test_executor_output.py::TestStderrCapture::test_stderr_with_warnings PASSED [ 36%]
2026-01-29T19:51:54.7533447Z tests/test_executor_output.py::TestMixedOutput::test_mixed_stdout_stderr PASSED [ 36%]
2026-01-29T19:51:54.7554671Z tests/test_executor_output.py::TestMixedOutput::test_empty_stdout_with_stderr PASSED [ 36%]
2026-01-29T19:51:54.7575665Z tests/test_executor_output.py::TestMixedOutput::test_empty_stderr_with_stdout PASSED [ 36%]
2026-01-29T19:51:54.7598222Z tests/test_executor_output.py::TestSpecialCharacters::test_ansi_color_codes_in_output PASSED [ 36%]
2026-01-29T19:51:54.7619562Z tests/test_executor_output.py::TestSpecialCharacters::test_carriage_return_handling PASSED [ 36%]
2026-01-29T19:51:54.7641940Z tests/test_executor_output.py::TestSpecialCharacters::test_null_bytes_in_output PASSED [ 36%]
2026-01-29T19:51:54.7663578Z tests/test_executor_output.py::TestSpecialCharacters::test_invalid_utf8_sequences PASSED [ 37%]
2026-01-29T19:51:54.7685081Z tests/test_executor_output.py::TestOutputBuffering::test_output_with_no_trailing_newline PASSED [ 37%]
2026-01-29T19:51:54.7707747Z tests/test_executor_output.py::TestOutputBuffering::test_output_with_multiple_newlines PASSED [ 37%]
2026-01-29T19:51:54.7729529Z tests/test_executor_output.py::TestOutputBuffering::test_very_long_lines PASSED [ 37%]
2026-01-29T19:51:54.7752262Z tests/test_executor_output.py::TestBuildOutput::test_build_stdout_capture PASSED [ 37%]
2026-01-29T19:51:54.7774338Z tests/test_executor_output.py::TestBuildOutput::test_build_with_compilation_errors PASSED [ 37%]
2026-01-29T19:51:54.7795185Z tests/test_executor_output.py::TestEmptyOutput::test_no_output_success PASSED [ 37%]
2026-01-29T19:51:54.7817614Z tests/test_executor_output.py::TestEmptyOutput::test_no_output_failure PASSED [ 38%]
2026-01-29T19:51:54.7839585Z tests/test_executor_output.py::TestRealTimeStreaming::test_stdout_streams_to_console PASSED [ 38%]
2026-01-29T19:51:54.7862310Z tests/test_executor_output.py::TestRealTimeStreaming::test_stderr_streams_to_console PASSED [ 38%]
2026-01-29T19:51:54.7883684Z tests/test_executor_output.py::TestRealTimeStreaming::test_streaming_can_be_disabled PASSED [ 38%]
2026-01-29T19:51:54.7905666Z tests/test_executor_output.py::TestRealTimeStreaming::test_interleaved_output_streaming PASSED [ 38%]
2026-01-29T19:51:54.7981627Z tests/test_executor_output.py::TestStreamingPerformance::test_streaming_with_large_output PASSED [ 38%]
2026-01-29T19:51:54.8002808Z tests/test_executor_output.py::TestStreamingPerformance::test_streaming_performance_mode PASSED [ 38%]
2026-01-29T19:51:54.8025314Z tests/test_executor_output.py::TestStreamingPerformance::test_streaming_with_stderr_only PASSED [ 38%]
2026-01-29T19:51:54.8052718Z tests/test_executor_output.py::TestStreamingPerformance::test_streaming_disabled_with_timeout PASSED [ 39%]
2026-01-29T19:51:54.8075695Z tests/test_executor_results.py::TestTimingAccuracy::test_start_time_recorded_before_execution PASSED [ 39%]
2026-01-29T19:51:54.8096726Z tests/test_executor_results.py::TestTimingAccuracy::test_end_time_recorded_after_execution PASSED [ 39%]
2026-01-29T19:51:54.8125923Z tests/test_executor_results.py::TestTimingAccuracy::test_duration_calculated_correctly PASSED [ 39%]
2026-01-29T19:51:54.8147121Z tests/test_executor_results.py::TestTimingAccuracy::test_timing_with_sub_millisecond_precision PASSED [ 39%]
2026-01-29T19:51:54.8168513Z tests/test_executor_results.py::TestTimingAccuracy::test_timing_for_quick_commands PASSED [ 39%]
2026-01-29T19:51:54.9196932Z tests/test_executor_results.py::TestTimingAccuracy::test_timing_for_longer_commands PASSED [ 39%]
2026-01-29T19:51:54.9224438Z tests/test_executor_results.py::TestTimingAccuracy::test_timing_consistency_across_multiple_calls PASSED [ 40%]
2026-01-29T19:51:54.9247824Z tests/test_executor_results.py::TestConfigureResultPopulation::test_configure_result_has_all_required_fields PASSED [ 40%]
2026-01-29T19:51:54.9269542Z tests/test_executor_results.py::TestConfigureResultPopulation::test_configure_result_success_field_correct PASSED [ 40%]
2026-01-29T19:51:54.9291621Z tests/test_executor_results.py::TestConfigureResultPopulation::test_configure_result_failure_field_correct PASSED [ 40%]
2026-01-29T19:51:54.9314417Z tests/test_executor_results.py::TestConfigureResultPopulation::test_configure_result_stdout_populated PASSED [ 40%]
2026-01-29T19:51:54.9335666Z tests/test_executor_results.py::TestConfigureResultPopulation::test_configure_result_stderr_populated PASSED [ 40%]
2026-01-29T19:51:54.9358305Z tests/test_executor_results.py::TestConfigureResultPopulation::test_configure_result_datetime_types PASSED [ 40%]
2026-01-29T19:51:54.9379876Z tests/test_executor_results.py::TestConfigureResultPopulation::test_configure_result_optional_fields_none PASSED [ 41%]
2026-01-29T19:51:54.9401632Z tests/test_executor_results.py::TestBuildResultPopulation::test_build_result_has_all_required_fields PASSED [ 41%]
2026-01-29T19:51:54.9424460Z tests/test_executor_results.py::TestBuildResultPopulation::test_build_result_success_with_exit_code_zero PASSED [ 41%]
2026-01-29T19:51:54.9445730Z tests/test_executor_results.py::TestBuildResultPopulation::test_build_result_failure_with_nonzero_exit_code PASSED [ 41%]
2026-01-29T19:51:54.9468619Z tests/test_executor_results.py::TestBuildResultPopulation::test_build_result_stdout_populated PASSED [ 41%]
2026-01-29T19:51:54.9490119Z tests/test_executor_results.py::TestBuildResultPopulation::test_build_result_stderr_populated PASSED [ 41%]
2026-01-29T19:51:54.9511808Z tests/test_executor_results.py::TestBuildResultPopulation::test_build_result_timing_fields PASSED [ 41%]
2026-01-29T19:51:54.9534635Z tests/test_executor_results.py::TestBuildResultPopulation::test_build_result_optional_fields_defaults PASSED [ 41%]
2026-01-29T19:51:54.9551123Z tests/test_executor_results.py::TestErrorCaseResultPopulation::test_command_not_found_result PASSED [ 42%]
2026-01-29T19:51:54.9580445Z tests/test_executor_results.py::TestErrorCaseResultPopulation::test_timeout_result_population PASSED [ 42%]
2026-01-29T19:51:54.9606172Z tests/test_executor_results.py::TestErrorCaseResultPopulation::test_general_exception_result PASSED [ 42%]
2026-01-29T19:51:54.9645058Z tests/test_executor_results.py::TestResultObjectConsistency::test_configure_and_build_results_structure_similar PASSED [ 42%]
2026-01-29T19:51:54.9683037Z tests/test_executor_results.py::TestResultObjectConsistency::test_results_are_independent_objects PASSED [ 42%]
2026-01-29T19:51:54.9716760Z tests/test_executor_results.py::TestResultObjectConsistency::test_empty_output_still_creates_valid_result PASSED [ 42%]
2026-01-29T19:51:54.9754353Z tests/test_executor_results.py::TestDurationCalculation::test_duration_is_positive PASSED [ 42%]
2026-01-29T19:51:54.9790715Z tests/test_executor_results.py::TestDurationCalculation::test_duration_matches_time_difference PASSED [ 43%]
2026-01-29T19:51:54.9812817Z tests/test_executor_results.py::TestDurationCalculation::test_duration_precision PASSED [ 43%]
2026-01-29T19:51:54.9835674Z tests/test_executor_results.py::TestDurationCalculation::test_start_time_before_end_time PASSED [ 43%]
2026-01-29T19:51:55.0363039Z tests/test_executor_results.py::TestDurationCalculation::test_duration_with_simulated_delay PASSED [ 43%]
2026-01-29T19:51:55.0381375Z tests/test_generator_detection.py::TestNinjaDetection::test_ninja_selected_when_available PASSED [ 43%]
2026-01-29T19:51:55.0410682Z tests/test_generator_detection.py::TestNinjaDetection::test_ninja_not_selected_when_unavailable PASSED [ 43%]
2026-01-29T19:51:55.0426474Z tests/test_generator_detection.py::TestNinjaDetection::test_ninja_detection_case_insensitive PASSED [ 43%]
2026-01-29T19:51:55.0445536Z tests/test_generator_detection.py::TestUnixMakefilesFallback::test_unix_makefiles_on_linux_without_ninja PASSED [ 43%]
2026-01-29T19:51:55.0464280Z tests/test_generator_detection.py::TestUnixMakefilesFallback::test_unix_makefiles_on_macos_without_ninja PASSED [ 44%]
2026-01-29T19:51:55.0484609Z tests/test_generator_detection.py::TestUnixMakefilesFallback::test_unix_makefiles_not_used_on_windows PASSED [ 44%]
2026-01-29T19:51:55.0503401Z tests/test_generator_detection.py::TestVisualStudioDetection::test_visual_studio_on_windows_without_ninja PASSED [ 44%]
2026-01-29T19:51:55.0525918Z tests/test_generator_detection.py::TestVisualStudioDetection::test_visual_studio_version_detection PASSED [ 44%]
2026-01-29T19:51:55.0545796Z tests/test_generator_detection.py::TestVisualStudioDetection::test_visual_studio_not_used_on_unix PASSED [ 44%]
2026-01-29T19:51:55.0568323Z tests/test_generator_detection.py::TestVisualStudioDetection::test_nmake_fallback_when_vs_not_found PASSED [ 44%]
2026-01-29T19:51:55.0580803Z tests/test_generator_detection.py::TestExplicitGeneratorSpecification::test_explicit_generator_overrides_detection PASSED [ 44%]
2026-01-29T19:51:55.0592921Z tests/test_generator_detection.py::TestExplicitGeneratorSpecification::test_explicit_generator_with_spaces PASSED [ 45%]
2026-01-29T19:51:55.0604990Z tests/test_generator_detection.py::TestExplicitGeneratorSpecification::test_explicit_generator_separate_arg PASSED [ 45%]
2026-01-29T19:51:55.0620678Z tests/test_generator_detection.py::TestExplicitGeneratorSpecification::test_explicit_generator_not_overridden_by_detection PASSED [ 45%]
2026-01-29T19:51:55.0635027Z tests/test_generator_detection.py::TestGeneratorValidation::test_invalid_generator_raises_error PASSED [ 45%]
2026-01-29T19:51:55.0647422Z tests/test_generator_detection.py::TestGeneratorValidation::test_valid_generator_passes_validation PASSED [ 45%]
2026-01-29T19:51:55.0661303Z tests/test_generator_detection.py::TestGeneratorValidation::test_empty_generator_name_raises_error PASSED [ 45%]
2026-01-29T19:51:55.0675394Z tests/test_generator_detection.py::TestGeneratorValidation::test_empty_generator_after_g_flag PASSED [ 45%]
2026-01-29T19:51:55.0689216Z tests/test_generator_detection.py::TestGeneratorValidation::test_empty_generator_string_after_g PASSED [ 46%]
2026-01-29T19:51:55.0705051Z tests/test_generator_detection.py::TestGeneratorAvailability::test_check_generator_available_with_ninja PASSED [ 46%]
2026-01-29T19:51:55.0722067Z tests/test_generator_detection.py::TestGeneratorAvailability::test_check_generator_unavailable PASSED [ 46%]
2026-01-29T19:51:55.0737815Z tests/test_generator_detection.py::TestGeneratorAvailability::test_unix_makefiles_always_available_on_unix PASSED [ 46%]
2026-01-29T19:51:55.0757546Z tests/test_generator_detection.py::TestGeneratorAvailability::test_visual_studio_availability_on_windows PASSED [ 46%]
2026-01-29T19:51:55.0773651Z tests/test_generator_detection.py::TestGeneratorAvailability::test_visual_studio_not_available_on_unix PASSED [ 46%]
2026-01-29T19:51:55.0789396Z tests/test_generator_detection.py::TestGeneratorAvailability::test_nmake_available_on_windows PASSED [ 46%]
2026-01-29T19:51:55.0805320Z tests/test_generator_detection.py::TestGeneratorAvailability::test_nmake_not_available_on_unix PASSED [ 46%]
2026-01-29T19:51:55.0817650Z tests/test_generator_detection.py::TestGeneratorAvailability::test_unknown_generator_unavailable PASSED [ 47%]
2026-01-29T19:51:55.0841440Z tests/test_generator_detection.py::TestPlatformSpecificBehavior::test_generator_priority_on_linux PASSED [ 47%]
2026-01-29T19:51:55.0867415Z tests/test_generator_detection.py::TestPlatformSpecificBehavior::test_generator_priority_on_windows PASSED [ 47%]
2026-01-29T19:51:55.0888832Z tests/test_generator_detection.py::TestPlatformSpecificBehavior::test_unsupported_platform_fallback PASSED [ 47%]
2026-01-29T19:51:55.0905227Z tests/test_generator_detection.py::TestGeneratorInCommandGeneration::test_detected_generator_in_configure_command PASSED [ 47%]
2026-01-29T19:51:55.0917756Z tests/test_generator_detection.py::TestGeneratorInCommandGeneration::test_explicit_generator_preserved_in_command PASSED [ 47%]
2026-01-29T19:51:55.0931307Z tests/test_generator_detection.py::TestGeneratorInCommandGeneration::test_generator_not_duplicated_in_command PASSED [ 47%]
2026-01-29T19:51:55.0950647Z tests/test_logging.py::TestLoggingConfiguration::test_configure_logging_default_level PASSED [ 48%]
2026-01-29T19:51:55.0967390Z tests/test_logging.py::TestLoggingConfiguration::test_configure_logging_verbose_level PASSED [ 48%]
2026-01-29T19:51:55.0983456Z tests/test_logging.py::TestLoggingConfiguration::test_configure_logging_info_level_explicit PASSED [ 48%]
2026-01-29T19:51:55.0998874Z tests/test_logging.py::TestLoggingConfiguration::test_configure_logging_warning_level PASSED [ 48%]
2026-01-29T19:51:55.1014481Z tests/test_logging.py::TestLoggingConfiguration::test_configure_logging_error_level PASSED [ 48%]
2026-01-29T19:51:55.1025830Z tests/test_logging.py::TestLoggerRetrieval::test_get_logger_returns_logger PASSED [ 48%]
2026-01-29T19:51:55.1037061Z tests/test_logging.py::TestLoggerRetrieval::test_get_logger_with_name PASSED [ 48%]
2026-01-29T19:51:55.1048676Z tests/test_logging.py::TestLoggerRetrieval::test_get_logger_default_name PASSED [ 48%]
2026-01-29T19:51:55.1060219Z tests/test_logging.py::TestLoggerRetrieval::test_get_logger_same_name_returns_same_instance PASSED [ 49%]
2026-01-29T19:51:55.1075279Z tests/test_logging.py::TestConsoleOutput::test_log_output_to_console_default PASSED [ 49%]
2026-01-29T19:51:55.1087039Z tests/test_logging.py::TestConsoleOutput::test_console_handler_configured PASSED [ 49%]
2026-01-29T19:51:55.1110576Z tests/test_logging.py::TestFileOutput::test_log_output_to_file PASSED    [ 49%]
2026-01-29T19:51:55.1133368Z tests/test_logging.py::TestFileOutput::test_log_file_created_in_directory PASSED [ 49%]
2026-01-29T19:51:55.1160903Z tests/test_logging.py::TestFileOutput::test_both_console_and_file_output PASSED [ 49%]
2026-01-29T19:51:55.1177087Z tests/test_logging.py::TestLogFormatting::test_log_format_includes_level PASSED [ 49%]
2026-01-29T19:51:55.1192983Z tests/test_logging.py::TestLogFormatting::test_log_format_includes_message PASSED [ 50%]
2026-01-29T19:51:55.1208831Z tests/test_logging.py::TestLogFormatting::test_log_format_includes_logger_name PASSED [ 50%]
2026-01-29T19:51:55.1227155Z tests/test_logging.py::TestLogFormatting::test_log_format_different_levels PASSED [ 50%]
2026-01-29T19:51:55.1250510Z tests/test_logging.py::TestExceptionLogging::test_exception_logged_with_traceback PASSED [ 50%]
2026-01-29T19:51:55.1268275Z tests/test_logging.py::TestExceptionLogging::test_exception_traceback_includes_file_info PASSED [ 50%]
2026-01-29T19:51:55.1284421Z tests/test_logging.py::TestExceptionLogging::test_error_without_exception_context PASSED [ 50%]
2026-01-29T19:51:55.1300283Z tests/test_logging.py::TestPerformanceLogging::test_timing_info_logged PASSED [ 50%]
2026-01-29T19:51:55.1318430Z tests/test_logging.py::TestPerformanceLogging::test_multiple_timing_logs PASSED [ 51%]
2026-01-29T19:51:55.1330969Z tests/test_logging.py::TestLoggingReset::test_reset_logging_clears_handlers PASSED [ 51%]
2026-01-29T19:51:55.1347175Z tests/test_logging.py::TestLoggingReset::test_reconfigure_after_reset PASSED [ 51%]
2026-01-29T19:51:55.1363187Z tests/test_logging.py::TestContextualLogging::test_log_with_extra_context PASSED [ 51%]
2026-01-29T19:51:55.1378767Z tests/test_logging.py::TestContextualLogging::test_log_structured_data PASSED [ 51%]
2026-01-29T19:51:55.1396940Z tests/test_logging.py::TestMultipleLoggers::test_different_modules_same_config PASSED [ 51%]
2026-01-29T19:51:55.1413865Z tests/test_logging.py::TestMultipleLoggers::test_logger_hierarchy PASSED [ 51%]
2026-01-29T19:51:55.1429802Z tests/test_logging.py::TestEdgeCases::test_configure_logging_multiple_times PASSED [ 51%]
2026-01-29T19:51:55.1445161Z tests/test_logging.py::TestEdgeCases::test_log_with_none_message PASSED  [ 52%]
2026-01-29T19:51:55.1460688Z tests/test_logging.py::TestEdgeCases::test_log_with_empty_string PASSED  [ 52%]
2026-01-29T19:51:55.1476233Z tests/test_logging.py::TestEdgeCases::test_log_with_unicode PASSED       [ 52%]
2026-01-29T19:51:55.1502271Z tests/test_logging.py::TestEdgeCases::test_log_file_path_with_spaces PASSED [ 52%]
2026-01-29T19:51:55.1543794Z tests/test_main_errors.py::TestCMakeNotFoundError::test_cmake_not_found_returns_127 PASSED [ 52%]
2026-01-29T19:51:55.1586509Z tests/test_main_errors.py::TestCMakeNotFoundError::test_cmake_not_found_error_message PASSED [ 52%]
2026-01-29T19:51:55.1679350Z tests/test_main_errors.py::TestConfigurationFailure::test_configure_failure_returns_exit_code PASSED [ 52%]
2026-01-29T19:51:55.1757605Z tests/test_main_errors.py::TestConfigurationFailure::test_configure_failure_error_message PASSED [ 53%]
2026-01-29T19:51:55.1823560Z tests/test_main_errors.py::TestConfigurationFailure::test_configure_failure_no_build_attempted PASSED [ 53%]
2026-01-29T19:51:55.1888786Z tests/test_main_errors.py::TestBuildFailure::test_build_failure_returns_exit_code PASSED [ 53%]
2026-01-29T19:51:55.1964563Z tests/test_main_errors.py::TestBuildFailure::test_build_failure_error_message PASSED [ 53%]
2026-01-29T19:51:55.2035881Z tests/test_main_errors.py::TestBuildFailure::test_build_failure_data_still_saved PASSED [ 53%]
2026-01-29T19:51:55.2110032Z tests/test_main_errors.py::TestDatabaseErrors::test_database_connection_error_continues PASSED [ 53%]
2026-01-29T19:51:55.2169610Z tests/test_main_errors.py::TestDatabaseErrors::test_database_init_error_continues PASSED [ 53%]
2026-01-29T19:51:55.2227301Z tests/test_main_errors.py::TestKeyboardInterrupt::test_keyboard_interrupt_returns_130 PASSED [ 53%]
2026-01-29T19:51:55.2284500Z tests/test_main_errors.py::TestKeyboardInterrupt::test_keyboard_interrupt_during_build PASSED [ 54%]
2026-01-29T19:51:55.2367100Z tests/test_main_errors.py::TestPartialDataHandling::test_config_success_build_fail_saves_config PASSED [ 54%]
2026-01-29T19:51:55.2395664Z tests/test_main_errors.py::TestInvalidArguments::test_missing_required_args_returns_error PASSED [ 54%]
2026-01-29T19:51:55.2419256Z tests/test_main_errors.py::TestInvalidArguments::test_invalid_path_error_message PASSED [ 54%]
2026-01-29T19:51:55.2483413Z tests/test_main_errors.py::TestResourceCleanup::test_database_connection_closed_on_error PASSED [ 54%]
2026-01-29T19:51:55.2548652Z tests/test_main_errors.py::TestResourceCleanup::test_error_during_inspection_continues PASSED [ 54%]
2026-01-29T19:51:55.2580775Z tests/test_main_errors.py::TestErrorMessageClarity::test_validation_error_message_helpful PASSED [ 54%]
2026-01-29T19:51:55.2641552Z tests/test_main_errors.py::TestErrorMessageClarity::test_exception_message_logged PASSED [ 55%]
2026-01-29T19:51:55.2708790Z tests/test_main_integration.py::TestBasicWorkflow::test_build_only_workflow PASSED [ 55%]
2026-01-29T19:51:55.2731646Z tests/test_main_integration.py::TestBasicWorkflow::test_invalid_arguments_returns_error PASSED [ 55%]
2026-01-29T19:51:55.2772081Z tests/test_main_integration.py::TestBasicWorkflow::test_cmake_not_found_returns_error PASSED [ 55%]
2026-01-29T19:51:55.2826645Z tests/test_main_integration.py::TestExitCodes::test_successful_build_returns_zero PASSED [ 55%]
2026-01-29T19:51:55.2885208Z tests/test_main_integration.py::TestExitCodes::test_failed_build_returns_nonzero PASSED [ 55%]
2026-01-29T19:51:55.2942979Z tests/test_main_integration.py::TestVerboseMode::test_verbose_mode_works PASSED [ 55%]
2026-01-29T19:51:55.2955296Z tests/test_models.py::TestForgeArguments::test_create_with_valid_data PASSED [ 56%]
2026-01-29T19:51:55.2966850Z tests/test_models.py::TestForgeArguments::test_create_with_minimal_data PASSED [ 56%]
2026-01-29T19:51:55.2978573Z tests/test_models.py::TestForgeArguments::test_missing_required_field PASSED [ 56%]
2026-01-29T19:51:55.2990191Z tests/test_models.py::TestForgeArguments::test_path_handling_string_conversion PASSED [ 56%]
2026-01-29T19:51:55.3001891Z tests/test_models.py::TestForgeArguments::test_to_dict PASSED            [ 56%]
2026-01-29T19:51:55.3013690Z tests/test_models.py::TestForgeArguments::test_from_dict PASSED          [ 56%]
2026-01-29T19:51:55.3027490Z tests/test_models.py::TestForgeArguments::test_json_serialization PASSED [ 56%]
2026-01-29T19:51:55.3039267Z tests/test_models.py::TestConfigureResult::test_create_with_all_fields PASSED [ 56%]
2026-01-29T19:51:55.3050868Z tests/test_models.py::TestConfigureResult::test_create_with_optional_fields_none PASSED [ 57%]
2026-01-29T19:51:55.3062938Z tests/test_models.py::TestConfigureResult::test_json_serialization PASSED [ 57%]
2026-01-29T19:51:55.3074074Z tests/test_models.py::TestBuildResult::test_create_with_all_fields PASSED [ 57%]
2026-01-29T19:51:55.3085350Z tests/test_models.py::TestBuildResult::test_create_with_minimal_fields PASSED [ 57%]
2026-01-29T19:51:55.3096772Z tests/test_models.py::TestBuildResult::test_to_dict PASSED               [ 57%]
2026-01-29T19:51:55.3108530Z tests/test_models.py::TestBuildResult::test_from_dict PASSED             [ 57%]
2026-01-29T19:51:55.3120468Z tests/test_models.py::TestConfigureMetadata::test_create_with_all_fields PASSED [ 57%]
2026-01-29T19:51:55.3132665Z tests/test_models.py::TestConfigureMetadata::test_create_with_optional_fields_none PASSED [ 58%]
2026-01-29T19:51:55.3144501Z tests/test_models.py::TestConfigureMetadata::test_json_serialization PASSED [ 58%]
2026-01-29T19:51:55.3156256Z tests/test_models.py::TestBuildMetadata::test_create_with_all_fields PASSED [ 58%]
2026-01-29T19:51:55.3167735Z tests/test_models.py::TestBuildMetadata::test_create_with_empty_diagnostics PASSED [ 58%]
2026-01-29T19:51:55.3179540Z tests/test_models.py::TestBuildMetadata::test_to_dict PASSED             [ 58%]
2026-01-29T19:51:55.3191060Z tests/test_models.py::TestBuildMetadata::test_from_dict PASSED           [ 58%]
2026-01-29T19:51:55.3202298Z tests/test_models.py::TestBuildTarget::test_create_simple_target PASSED  [ 58%]
2026-01-29T19:51:55.3213333Z tests/test_models.py::TestBuildTarget::test_create_target_with_progress PASSED [ 58%]
2026-01-29T19:51:55.3224382Z tests/test_models.py::TestBuildTarget::test_to_dict PASSED               [ 59%]
2026-01-29T19:51:55.3235408Z tests/test_models.py::TestBuildTarget::test_from_dict PASSED             [ 59%]
2026-01-29T19:51:55.3247030Z tests/test_models.py::TestBuildTarget::test_serialization_roundtrip PASSED [ 59%]
2026-01-29T19:51:55.3258369Z tests/test_models.py::TestBuildWarning::test_create_with_complete_info PASSED [ 59%]
2026-01-29T19:51:55.3269660Z tests/test_models.py::TestBuildWarning::test_create_with_partial_info PASSED [ 59%]
2026-01-29T19:51:55.3281052Z tests/test_models.py::TestBuildWarning::test_json_serialization PASSED   [ 59%]
2026-01-29T19:51:55.3292173Z tests/test_models.py::TestError::test_create_with_complete_info PASSED   [ 59%]
2026-01-29T19:51:55.3303114Z tests/test_models.py::TestError::test_create_with_minimal_info PASSED    [ 60%]
2026-01-29T19:51:55.3315467Z tests/test_models.py::TestError::test_json_serialization PASSED          [ 60%]
2026-01-29T19:51:55.3326989Z tests/test_output_formatting.py::TestDurationFormatting::test_format_duration_milliseconds PASSED [ 60%]
2026-01-29T19:51:55.3338618Z tests/test_output_formatting.py::TestDurationFormatting::test_format_duration_seconds PASSED [ 60%]
2026-01-29T19:51:55.3350138Z tests/test_output_formatting.py::TestDurationFormatting::test_format_duration_minutes PASSED [ 60%]
2026-01-29T19:51:55.3361277Z tests/test_output_formatting.py::TestDurationFormatting::test_format_duration_hours PASSED [ 60%]
2026-01-29T19:51:55.3372422Z tests/test_output_formatting.py::TestDurationFormatting::test_format_duration_zero PASSED [ 60%]
2026-01-29T19:51:55.3383720Z tests/test_output_formatting.py::TestDurationFormatting::test_format_duration_very_small PASSED [ 61%]
2026-01-29T19:51:55.3395186Z tests/test_output_formatting.py::TestTimestampFormatting::test_format_timestamp_datetime PASSED [ 61%]
2026-01-29T19:51:55.3406495Z tests/test_output_formatting.py::TestTimestampFormatting::test_format_timestamp_iso_string PASSED [ 61%]
2026-01-29T19:51:55.3417666Z tests/test_output_formatting.py::TestTimestampFormatting::test_format_timestamp_none PASSED [ 61%]
2026-01-29T19:51:55.3429252Z tests/test_output_formatting.py::TestTimestampFormatting::test_format_timestamp_invalid PASSED [ 61%]
2026-01-29T19:51:55.3451330Z tests/test_output_formatting.py::TestColorSupport::test_supports_color_with_tty PASSED [ 61%]
2026-01-29T19:51:55.3467238Z tests/test_output_formatting.py::TestColorSupport::test_supports_color_no_tty PASSED [ 61%]
2026-01-29T19:51:55.3499634Z tests/test_output_formatting.py::TestColorSupport::test_supports_color_windows_with_wt PASSED [ 61%]
2026-01-29T19:51:55.3531003Z tests/test_output_formatting.py::TestColorSupport::test_supports_color_windows_without_wt PASSED [ 62%]
2026-01-29T19:51:55.3577207Z tests/test_output_formatting.py::TestColorSupport::test_supports_color_no_color_env PASSED [ 62%]
2026-01-29T19:51:55.3597155Z tests/test_output_formatting.py::TestPrintFunctions::test_print_success_with_color PASSED [ 62%]
2026-01-29T19:51:55.3616144Z tests/test_output_formatting.py::TestPrintFunctions::test_print_success_without_color PASSED [ 62%]
2026-01-29T19:51:55.3634937Z tests/test_output_formatting.py::TestPrintFunctions::test_print_error_with_color PASSED [ 62%]
2026-01-29T19:51:55.3653879Z tests/test_output_formatting.py::TestPrintFunctions::test_print_error_without_color PASSED [ 62%]
2026-01-29T19:51:55.3672633Z tests/test_output_formatting.py::TestPrintFunctions::test_print_warning_with_color PASSED [ 62%]
2026-01-29T19:51:55.3691472Z tests/test_output_formatting.py::TestPrintFunctions::test_print_warning_without_color PASSED [ 63%]
2026-01-29T19:51:55.3706320Z tests/test_output_formatting.py::TestPrintFunctions::test_print_section_header PASSED [ 63%]
2026-01-29T19:51:55.3721829Z tests/test_output_formatting.py::TestConfigureSummary::test_print_configure_summary_success PASSED [ 63%]
2026-01-29T19:51:55.3738872Z tests/test_output_formatting.py::TestConfigureSummary::test_print_configure_summary_failure PASSED [ 63%]
2026-01-29T19:51:55.3754690Z tests/test_output_formatting.py::TestConfigureSummary::test_print_configure_summary_minimal_metadata PASSED [ 63%]
2026-01-29T19:51:55.3770256Z tests/test_output_formatting.py::TestBuildSummary::test_print_build_summary_success_no_warnings PASSED [ 63%]
2026-01-29T19:51:55.3785416Z tests/test_output_formatting.py::TestBuildSummary::test_print_build_summary_success_with_warnings PASSED [ 63%]
2026-01-29T19:51:55.3800731Z tests/test_output_formatting.py::TestBuildSummary::test_print_build_summary_failure PASSED [ 64%]
2026-01-29T19:51:55.3816052Z tests/test_output_formatting.py::TestBuildSummary::test_print_build_summary_multiple_targets PASSED [ 64%]
2026-01-29T19:51:55.3831122Z tests/test_output_formatting.py::TestBuildSummary::test_print_build_summary_no_metadata PASSED [ 64%]
2026-01-29T19:51:55.3846917Z tests/test_output_formatting.py::TestVerboseOutput::test_verbose_mode_shows_details PASSED [ 64%]
2026-01-29T19:51:55.3862817Z tests/test_output_formatting.py::TestVerboseOutput::test_verbose_mode_shows_timestamps PASSED [ 64%]
2026-01-29T19:51:55.3878576Z tests/test_output_formatting.py::TestOutputConsistency::test_all_summaries_use_consistent_formatting PASSED [ 64%]
2026-01-29T19:51:55.3894628Z tests/test_output_formatting.py::TestOutputConsistency::test_line_length_is_reasonable PASSED [ 64%]
2026-01-29T19:51:55.3918872Z tests/test_parameter_manager.py::TestConfigureCommandBasic::test_configure_with_minimal_arguments PASSED [ 64%]
2026-01-29T19:51:55.3940799Z tests/test_parameter_manager.py::TestConfigureCommandBasic::test_configure_with_generator PASSED [ 65%]
2026-01-29T19:51:55.3963524Z tests/test_parameter_manager.py::TestConfigureCommandBasic::test_configure_with_build_type PASSED [ 65%]
2026-01-29T19:51:55.3986487Z tests/test_parameter_manager.py::TestConfigureCommandWithCMakeArgs::test_configure_with_single_cmake_arg PASSED [ 65%]
2026-01-29T19:51:55.4009826Z tests/test_parameter_manager.py::TestConfigureCommandWithCMakeArgs::test_configure_with_multiple_cmake_args PASSED [ 65%]
2026-01-29T19:51:55.4031575Z tests/test_parameter_manager.py::TestConfigureCommandWithCMakeArgs::test_configure_with_generator_and_args PASSED [ 65%]
2026-01-29T19:51:55.4054102Z tests/test_parameter_manager.py::TestConfigureCommandWithCMakeArgs::test_configure_preserves_arg_order PASSED [ 65%]
2026-01-29T19:51:55.4074553Z tests/test_parameter_manager.py::TestBuildCommandBasic::test_build_with_minimal_arguments PASSED [ 65%]
2026-01-29T19:51:55.4094867Z tests/test_parameter_manager.py::TestBuildCommandBasic::test_build_with_parallel_jobs PASSED [ 66%]
2026-01-29T19:51:55.4114767Z tests/test_parameter_manager.py::TestBuildCommandBasic::test_build_with_verbose PASSED [ 66%]
2026-01-29T19:51:55.4135193Z tests/test_parameter_manager.py::TestBuildCommandWithTarget::test_build_with_single_target PASSED [ 66%]
2026-01-29T19:51:55.4155809Z tests/test_parameter_manager.py::TestBuildCommandWithTarget::test_build_with_multiple_targets PASSED [ 66%]
2026-01-29T19:51:55.4176394Z tests/test_parameter_manager.py::TestBuildCommandWithTarget::test_build_with_target_and_parallel PASSED [ 66%]
2026-01-29T19:51:55.4199923Z tests/test_parameter_manager.py::TestPathHandling::test_absolute_paths_used PASSED [ 66%]
2026-01-29T19:51:55.4222439Z tests/test_parameter_manager.py::TestPathHandling::test_paths_with_spaces PASSED [ 66%]
2026-01-29T19:51:55.4244815Z tests/test_parameter_manager.py::TestCommandFormat::test_configure_command_is_list PASSED [ 66%]
2026-01-29T19:51:55.4265479Z tests/test_parameter_manager.py::TestCommandFormat::test_build_command_is_list PASSED [ 67%]
2026-01-29T19:51:55.4287273Z tests/test_parameter_manager.py::TestCommandFormat::test_configure_command_structure PASSED [ 67%]
2026-01-29T19:51:55.4308421Z tests/test_parameter_manager.py::TestCommandFormat::test_build_command_structure PASSED [ 67%]
2026-01-29T19:51:55.4331849Z tests/test_parameter_manager.py::TestEnvironmentHandling::test_cmake_args_with_env_var_syntax PASSED [ 67%]
2026-01-29T19:51:55.4352329Z tests/test_parameter_manager.py::TestEnvironmentHandling::test_build_args_unchanged PASSED [ 67%]
2026-01-29T19:51:55.4374678Z tests/test_parameter_manager.py::TestEdgeCases::test_empty_cmake_args PASSED [ 67%]
2026-01-29T19:51:55.4395066Z tests/test_parameter_manager.py::TestEdgeCases::test_empty_build_args PASSED [ 67%]
2026-01-29T19:51:55.4418565Z tests/test_parameter_manager.py::TestEdgeCases::test_cmake_args_with_quotes PASSED [ 68%]
2026-01-29T19:51:55.4443197Z tests/test_parameter_override.py::TestParameterAddition::test_add_new_cmake_parameter PASSED [ 68%]
2026-01-29T19:51:55.4466091Z tests/test_parameter_override.py::TestParameterAddition::test_add_multiple_parameters PASSED [ 68%]
2026-01-29T19:51:55.4489007Z tests/test_parameter_override.py::TestParameterAddition::test_add_parameter_with_d_prefix PASSED [ 68%]
2026-01-29T19:51:55.4511147Z tests/test_parameter_override.py::TestParameterAddition::test_add_parameter_preserves_existing_args PASSED [ 68%]
2026-01-29T19:51:55.4533928Z tests/test_parameter_override.py::TestParameterOverride::test_override_existing_parameter PASSED [ 68%]
2026-01-29T19:51:55.4556724Z tests/test_parameter_override.py::TestParameterOverride::test_override_multiple_times PASSED [ 68%]
2026-01-29T19:51:55.4580161Z tests/test_parameter_override.py::TestParameterOverride::test_programmatic_overrides_cli PASSED [ 69%]
2026-01-29T19:51:55.4605097Z tests/test_parameter_override.py::TestGetParameters::test_get_parameters_returns_dict PASSED [ 69%]
2026-01-29T19:51:55.4633737Z tests/test_parameter_override.py::TestGetParameters::test_get_parameters_includes_added_params PASSED [ 69%]
2026-01-29T19:51:55.4654826Z tests/test_parameter_override.py::TestGetParameters::test_get_parameters_reflects_overrides PASSED [ 69%]
2026-01-29T19:51:55.4675734Z tests/test_parameter_override.py::TestGetParameters::test_get_parameters_handles_generator_args PASSED [ 69%]
2026-01-29T19:51:55.4698760Z tests/test_parameter_override.py::TestSpecialCharacters::test_parameter_with_spaces PASSED [ 69%]
2026-01-29T19:51:55.4719473Z tests/test_parameter_override.py::TestSpecialCharacters::test_parameter_with_quotes PASSED [ 69%]
2026-01-29T19:51:55.4740218Z tests/test_parameter_override.py::TestSpecialCharacters::test_parameter_with_equals_sign PASSED [ 69%]
2026-01-29T19:51:55.4760890Z tests/test_parameter_override.py::TestSpecialCharacters::test_parameter_with_path_separators PASSED [ 70%]
2026-01-29T19:51:55.4781672Z tests/test_parameter_override.py::TestEnvironmentVariables::test_parameter_with_env_var_syntax PASSED [ 70%]
2026-01-29T19:51:55.4803092Z tests/test_parameter_override.py::TestEnvironmentVariables::test_add_parameter_preserves_env_syntax_from_cli PASSED [ 70%]
2026-01-29T19:51:55.4825786Z tests/test_parameter_override.py::TestParameterFormatting::test_parameter_has_d_prefix_in_command PASSED [ 70%]
2026-01-29T19:51:55.4848813Z tests/test_parameter_override.py::TestParameterFormatting::test_empty_value_parameter PASSED [ 70%]
2026-01-29T19:51:55.4869669Z tests/test_parameter_override.py::TestParameterFormatting::test_boolean_style_parameters PASSED [ 70%]
2026-01-29T19:51:55.4890430Z tests/test_parameter_override.py::TestEdgeCases::test_add_parameter_to_empty_args PASSED [ 70%]
2026-01-29T19:51:55.4911287Z tests/test_parameter_override.py::TestEdgeCases::test_get_parameters_when_no_params PASSED [ 71%]
2026-01-29T19:51:55.4933425Z tests/test_parameter_override.py::TestEdgeCases::test_parameter_name_case_sensitivity PASSED [ 71%]
2026-01-29T19:51:56.2163014Z tests/test_performance.py::TestForgeOverhead::test_configure_overhead PASSED [ 71%]
2026-01-29T19:51:56.2177410Z tests/test_performance.py::TestForgeOverhead::test_startup_time PASSED   [ 71%]
2026-01-29T19:51:56.3683639Z tests/test_performance.py::TestMemoryUsage::test_memory_with_large_output PASSED [ 71%]
2026-01-29T19:51:56.3778338Z tests/test_performance.py::TestMemoryUsage::test_memory_with_many_warnings PASSED [ 71%]
2026-01-29T19:51:56.4905054Z tests/test_performance.py::TestDatabasePerformance::test_bulk_insert_warnings PASSED [ 71%]
2026-01-29T19:51:56.5980502Z tests/test_performance.py::TestDatabasePerformance::test_query_performance PASSED [ 71%]
2026-01-29T19:51:56.7051894Z tests/test_performance.py::TestDatabasePerformance::test_statistics_calculation_performance PASSED [ 72%]
2026-01-29T19:51:56.7104320Z tests/test_performance.py::TestOutputCapture::test_output_capture_overhead PASSED [ 72%]
2026-01-29T19:51:56.7126276Z tests/test_performance.py::TestScalability::test_parse_large_cmakelists PASSED [ 72%]
2026-01-29T19:51:56.7141361Z tests/test_performance.py::TestScalability::test_extract_many_packages PASSED [ 72%]
2026-01-29T19:51:56.7201081Z tests/test_persistence_build.py::TestSaveCompleteBuild::test_save_build_returns_id PASSED [ 72%]
2026-01-29T19:51:56.7254327Z tests/test_persistence_build.py::TestSaveCompleteBuild::test_save_build_with_all_fields PASSED [ 72%]
2026-01-29T19:51:56.7309432Z tests/test_persistence_build.py::TestSaveCompleteBuild::test_save_build_persists_metadata_fields PASSED [ 72%]
2026-01-29T19:51:56.7364189Z tests/test_persistence_build.py::TestConfigurationAssociation::test_save_build_with_configuration_id PASSED [ 73%]
2026-01-29T19:51:56.7419673Z tests/test_persistence_build.py::TestConfigurationAssociation::test_save_build_without_configuration PASSED [ 73%]
2026-01-29T19:51:56.7479895Z tests/test_persistence_build.py::TestConfigurationAssociation::test_multiple_builds_per_configuration PASSED [ 73%]
2026-01-29T19:51:56.7536201Z tests/test_persistence_build.py::TestTargetsSerialization::test_targets_list_serialized_as_json PASSED [ 73%]
2026-01-29T19:51:56.7590838Z tests/test_persistence_build.py::TestTargetsSerialization::test_empty_targets_list PASSED [ 73%]
2026-01-29T19:51:56.7646352Z tests/test_persistence_build.py::TestTimestampFormatting::test_build_time_is_iso8601_format PASSED [ 73%]
2026-01-29T19:51:56.7703026Z tests/test_persistence_build.py::TestTimestampFormatting::test_timestamp_roundtrip PASSED [ 73%]
2026-01-29T19:51:56.7758680Z tests/test_persistence_build.py::TestWarningErrorCounts::test_warning_count_stored PASSED [ 74%]
2026-01-29T19:51:56.7957187Z tests/test_persistence_build.py::TestWarningErrorCounts::test_error_count_stored PASSED [ 74%]
2026-01-29T19:51:56.8013774Z tests/test_persistence_build.py::TestWarningErrorCounts::test_zero_warnings_and_errors PASSED [ 74%]
2026-01-29T19:51:56.8067952Z tests/test_persistence_build.py::TestTransactionHandling::test_transaction_rollback_on_error PASSED [ 74%]
2026-01-29T19:51:56.8153776Z tests/test_persistence_build.py::TestTransactionHandling::test_successful_transaction_commit PASSED [ 74%]
2026-01-29T19:51:56.8212250Z tests/test_persistence_build.py::TestDataIntegrityConstraints::test_success_flag_is_boolean PASSED [ 74%]
2026-01-29T19:51:56.8265774Z tests/test_persistence_build.py::TestDataIntegrityConstraints::test_duration_precision PASSED [ 74%]
2026-01-29T19:51:56.8320295Z tests/test_persistence_build.py::TestForeignKeyRelationships::test_foreign_key_constraint_enforced PASSED [ 74%]
2026-01-29T19:51:56.8373960Z tests/test_persistence_build.py::TestForeignKeyRelationships::test_null_configuration_id_allowed PASSED [ 75%]
2026-01-29T19:51:56.8429976Z tests/test_persistence_configure.py::TestSaveCompleteConfiguration::test_save_configuration_returns_id PASSED [ 75%]
2026-01-29T19:51:56.8483544Z tests/test_persistence_configure.py::TestSaveCompleteConfiguration::test_save_configuration_with_all_metadata_fields PASSED [ 75%]
2026-01-29T19:51:56.8542161Z tests/test_persistence_configure.py::TestSaveCompleteConfiguration::test_save_configuration_persists_all_result_fields PASSED [ 75%]
2026-01-29T19:51:56.8597487Z tests/test_persistence_configure.py::TestJSONSerialization::test_found_packages_serialized_as_json PASSED [ 75%]
2026-01-29T19:51:56.8811289Z tests/test_persistence_configure.py::TestJSONSerialization::test_empty_found_packages_list PASSED [ 75%]
2026-01-29T19:51:56.8872741Z tests/test_persistence_configure.py::TestTimestampFormatting::test_configure_time_is_iso8601_format PASSED [ 75%]
2026-01-29T19:51:56.8930775Z tests/test_persistence_configure.py::TestTimestampFormatting::test_timestamp_roundtrip PASSED [ 76%]
2026-01-29T19:51:56.8987246Z tests/test_persistence_configure.py::TestNullHandling::test_optional_metadata_fields_can_be_none PASSED [ 76%]
2026-01-29T19:51:56.9043012Z tests/test_persistence_configure.py::TestNullHandling::test_stderr_can_be_empty_string PASSED [ 76%]
2026-01-29T19:51:56.9104295Z tests/test_persistence_configure.py::TestForeignKeyPreparation::test_configuration_id_can_be_referenced PASSED [ 76%]
2026-01-29T19:51:56.9172344Z tests/test_persistence_configure.py::TestForeignKeyPreparation::test_multiple_builds_can_reference_same_configuration PASSED [ 76%]
2026-01-29T19:51:56.9227190Z tests/test_persistence_configure.py::TestDataIntegrityConstraints::test_success_flag_is_boolean PASSED [ 76%]
2026-01-29T19:51:56.9286045Z tests/test_persistence_configure.py::TestDuplicateConfiguration::test_same_configuration_can_be_saved_multiple_times PASSED [ 76%]
2026-01-29T19:51:56.9344250Z tests/test_persistence_diagnostics.py::TestSaveSingleWarning::test_save_single_warning_returns_count PASSED [ 76%]
2026-01-29T19:51:56.9401826Z tests/test_persistence_diagnostics.py::TestSaveSingleWarning::test_save_warning_with_complete_information PASSED [ 77%]
2026-01-29T19:51:56.9460645Z tests/test_persistence_diagnostics.py::TestSaveSingleWarning::test_save_warning_with_build_id_association PASSED [ 77%]
2026-01-29T19:51:56.9519168Z tests/test_persistence_diagnostics.py::TestSaveMultipleWarnings::test_save_multiple_warnings_bulk_insert PASSED [ 77%]
2026-01-29T19:51:56.9821000Z tests/test_persistence_diagnostics.py::TestSaveMultipleWarnings::test_save_large_warning_list PASSED [ 77%]
2026-01-29T19:51:56.9885861Z tests/test_persistence_diagnostics.py::TestSaveMultipleWarnings::test_save_warnings_preserves_order PASSED [ 77%]
2026-01-29T19:51:56.9945439Z tests/test_persistence_diagnostics.py::TestSaveWarningsWithPartialInformation::test_save_warning_with_missing_warning_type PASSED [ 77%]
2026-01-29T19:51:56.9999433Z tests/test_persistence_diagnostics.py::TestSaveWarningsWithPartialInformation::test_save_warning_with_long_message PASSED [ 77%]
2026-01-29T19:51:57.0058851Z tests/test_persistence_diagnostics.py::TestSaveErrors::test_save_single_error PASSED [ 78%]
2026-01-29T19:51:57.0116176Z tests/test_persistence_diagnostics.py::TestSaveErrors::test_save_error_with_complete_information PASSED [ 78%]
2026-01-29T19:51:57.0175009Z tests/test_persistence_diagnostics.py::TestSaveErrors::test_save_multiple_errors PASSED [ 78%]
2026-01-29T19:51:57.0230013Z tests/test_persistence_diagnostics.py::TestSaveErrors::test_save_error_with_missing_optional_fields PASSED [ 78%]
2026-01-29T19:51:57.0287445Z tests/test_persistence_diagnostics.py::TestForeignKeyRelationships::test_warnings_reference_valid_build PASSED [ 78%]
2026-01-29T19:51:57.0342997Z tests/test_persistence_diagnostics.py::TestForeignKeyRelationships::test_warnings_invalid_build_id_raises_error PASSED [ 78%]
2026-01-29T19:51:57.0407605Z tests/test_persistence_diagnostics.py::TestForeignKeyRelationships::test_errors_reference_valid_build PASSED [ 78%]
2026-01-29T19:51:57.0463415Z tests/test_persistence_diagnostics.py::TestForeignKeyRelationships::test_errors_invalid_build_id_raises_error PASSED [ 79%]
2026-01-29T19:51:57.0523131Z tests/test_persistence_diagnostics.py::TestCascadeDelete::test_warnings_cascade_delete PASSED [ 79%]
2026-01-29T19:51:57.0604975Z tests/test_persistence_diagnostics.py::TestCascadeDelete::test_errors_cascade_delete PASSED [ 79%]
2026-01-29T19:51:57.0849002Z tests/test_persistence_diagnostics.py::TestTransactionHandling::test_warnings_transaction_rollback_on_error PASSED [ 79%]
2026-01-29T19:51:57.0933828Z tests/test_persistence_diagnostics.py::TestTransactionHandling::test_errors_transaction_commit_on_success PASSED [ 79%]
2026-01-29T19:51:57.0994686Z tests/test_persistence_diagnostics.py::TestEmptyDiagnosticLists::test_save_empty_warnings_list PASSED [ 79%]
2026-01-29T19:51:57.1049003Z tests/test_persistence_diagnostics.py::TestEmptyDiagnosticLists::test_save_empty_errors_list PASSED [ 79%]
2026-01-29T19:51:57.1108831Z tests/test_persistence_diagnostics.py::TestMultipleBuildsDiagnostics::test_warnings_for_different_builds PASSED [ 79%]
2026-01-29T19:51:57.1169589Z tests/test_persistence_diagnostics.py::TestMultipleBuildsDiagnostics::test_errors_for_different_builds PASSED [ 80%]
2026-01-29T19:51:57.1235196Z tests/test_persistence_init.py::TestDatabaseCreation::test_database_creation_in_default_location PASSED [ 80%]
2026-01-29T19:51:57.1349698Z tests/test_persistence_init.py::TestDatabaseCreation::test_database_creation_in_custom_location PASSED [ 80%]
2026-01-29T19:51:57.1415889Z tests/test_persistence_init.py::TestDatabaseCreation::test_database_creation_with_nonexistent_parent_directory PASSED [ 80%]
2026-01-29T19:51:57.1494145Z tests/test_persistence_init.py::TestDatabaseCreation::test_database_file_is_valid_sqlite PASSED [ 80%]
2026-01-29T19:51:57.1557301Z tests/test_persistence_init.py::TestSchemaInitialization::test_schema_created_on_first_initialization PASSED [ 80%]
2026-01-29T19:51:57.1633306Z tests/test_persistence_init.py::TestSchemaInitialization::test_idempotent_initialization_multiple_calls PASSED [ 80%]
2026-01-29T19:51:57.1703942Z tests/test_persistence_init.py::TestSchemaInitialization::test_schema_not_recreated_on_subsequent_runs PASSED [ 81%]
2026-01-29T19:51:57.1767145Z tests/test_persistence_init.py::TestSchemaInitialization::test_foreign_keys_enabled_on_initialization PASSED [ 81%]
2026-01-29T19:51:57.1831110Z tests/test_persistence_init.py::TestConnectionManagement::test_connection_established_on_initialization PASSED [ 81%]
2026-01-29T19:51:57.1892900Z tests/test_persistence_init.py::TestConnectionManagement::test_connection_is_reusable PASSED [ 81%]
2026-01-29T19:51:57.1954892Z tests/test_persistence_init.py::TestConnectionManagement::test_close_connection_explicitly PASSED [ 81%]
2026-01-29T19:51:57.2016839Z tests/test_persistence_init.py::TestConnectionManagement::test_context_manager_closes_connection PASSED [ 81%]
2026-01-29T19:51:57.2084116Z tests/test_persistence_init.py::TestConnectionManagement::test_multiple_instances_can_access_same_database PASSED [ 81%]
2026-01-29T19:51:57.2151006Z tests/test_persistence_init.py::TestSchemaVersionTracking::test_schema_version_table_exists PASSED [ 82%]
2026-01-29T19:51:57.2216070Z tests/test_persistence_init.py::TestSchemaVersionTracking::test_initial_schema_version_recorded PASSED [ 82%]
2026-01-29T19:51:57.2283761Z tests/test_persistence_init.py::TestSchemaVersionTracking::test_get_schema_version_method PASSED [ 82%]
2026-01-29T19:51:57.2354884Z tests/test_persistence_init.py::TestSchemaVersionTracking::test_schema_version_persists_across_instances PASSED [ 82%]
2026-01-29T19:51:57.2417750Z tests/test_persistence_init.py::TestSchemaVersionTracking::test_schema_version_has_timestamp PASSED [ 82%]
2026-01-29T19:51:57.2441565Z tests/test_persistence_init.py::TestErrorHandling::test_invalid_database_path_raises_error PASSED [ 82%]
2026-01-29T19:51:57.2571396Z tests/test_persistence_init.py::TestErrorHandling::test_database_with_wrong_permissions PASSED [ 82%]
2026-01-29T19:51:57.2595890Z tests/test_persistence_init.py::TestErrorHandling::test_corrupted_database_handling PASSED [ 82%]
2026-01-29T19:51:57.2677604Z tests/test_persistence_init.py::TestConcurrentAccess::test_concurrent_read_access PASSED [ 83%]
2026-01-29T19:51:57.2747026Z tests/test_persistence_init.py::TestConcurrentAccess::test_write_transaction_isolation PASSED [ 83%]
2026-01-29T19:51:57.2808919Z tests/test_persistence_init.py::TestDatabaseProperties::test_wal_mode_enabled PASSED [ 83%]
2026-01-29T19:51:57.2871305Z tests/test_persistence_init.py::TestDatabaseProperties::test_synchronous_mode_configured PASSED [ 83%]
2026-01-29T19:51:57.2937220Z tests/test_persistence_init.py::TestDatabaseProperties::test_database_encoding_is_utf8 PASSED [ 83%]
2026-01-29T19:51:57.2991490Z tests/test_persistence_queries.py::TestGetRecentBuildsBasic::test_get_recent_builds_returns_empty_list_when_no_builds PASSED [ 83%]
2026-01-29T19:51:57.3046044Z tests/test_persistence_queries.py::TestGetRecentBuildsBasic::test_get_recent_builds_returns_single_build PASSED [ 83%]
2026-01-29T19:51:57.3102760Z tests/test_persistence_queries.py::TestGetRecentBuildsBasic::test_get_recent_builds_returns_multiple_builds PASSED [ 84%]
2026-01-29T19:51:57.3159992Z tests/test_persistence_queries.py::TestGetRecentBuildsOrdering::test_get_recent_builds_ordered_by_timestamp_newest_first PASSED [ 84%]
2026-01-29T19:51:57.3226407Z tests/test_persistence_queries.py::TestGetRecentBuildsLimit::test_get_recent_builds_with_default_limit PASSED [ 84%]
2026-01-29T19:51:57.3289161Z tests/test_persistence_queries.py::TestGetRecentBuildsLimit::test_get_recent_builds_with_custom_limit PASSED [ 84%]
2026-01-29T19:51:57.3347838Z tests/test_persistence_queries.py::TestGetRecentBuildsLimit::test_get_recent_builds_limit_larger_than_available PASSED [ 84%]
2026-01-29T19:51:57.3405419Z tests/test_persistence_queries.py::TestGetRecentBuildsFiltering::test_get_recent_builds_filter_by_project_name PASSED [ 84%]
2026-01-29T19:51:57.3462023Z tests/test_persistence_queries.py::TestGetRecentBuildsFiltering::test_get_recent_builds_filter_returns_empty_when_no_match PASSED [ 84%]
2026-01-29T19:51:57.3641210Z tests/test_persistence_queries.py::TestGetRecentBuildsFiltering::test_get_recent_builds_filter_respects_limit PASSED [ 84%]
2026-01-29T19:51:57.3696154Z tests/test_persistence_queries.py::TestGetRecentBuildsReturnedFields::test_get_recent_builds_includes_all_required_fields PASSED [ 85%]
2026-01-29T19:51:57.3763618Z tests/test_persistence_queries.py::TestGetRecentBuildsReturnedFields::test_get_recent_builds_includes_timestamp_as_string PASSED [ 85%]
2026-01-29T19:51:57.3818326Z tests/test_persistence_queries.py::TestGetBuildStatisticsBasic::test_get_build_statistics_returns_empty_stats_when_no_builds PASSED [ 85%]
2026-01-29T19:51:57.3873364Z tests/test_persistence_queries.py::TestGetBuildStatisticsBasic::test_get_build_statistics_single_successful_build PASSED [ 85%]
2026-01-29T19:51:57.3928576Z tests/test_persistence_queries.py::TestGetBuildStatisticsBasic::test_get_build_statistics_single_failed_build PASSED [ 85%]
2026-01-29T19:51:57.3990382Z tests/test_persistence_queries.py::TestGetBuildStatisticsCalculations::test_get_build_statistics_multiple_builds PASSED [ 85%]
2026-01-29T19:51:57.4050473Z tests/test_persistence_queries.py::TestGetBuildStatisticsCalculations::test_get_build_statistics_success_rate_precision PASSED [ 85%]
2026-01-29T19:51:57.4108619Z tests/test_persistence_queries.py::TestGetBuildStatisticsCalculations::test_get_build_statistics_average_duration_precision PASSED [ 86%]
2026-01-29T19:51:57.4167649Z tests/test_persistence_queries.py::TestGetBuildStatisticsFiltering::test_get_build_statistics_filter_by_project_name PASSED [ 86%]
2026-01-29T19:51:57.4225697Z tests/test_persistence_queries.py::TestGetBuildStatisticsFiltering::test_get_build_statistics_filter_returns_empty_when_no_match PASSED [ 86%]
2026-01-29T19:51:57.4283579Z tests/test_persistence_queries.py::TestGetBuildStatisticsEdgeCases::test_get_build_statistics_with_zero_duration_builds PASSED [ 86%]
2026-01-29T19:51:57.4814250Z tests/test_persistence_queries.py::TestGetBuildStatisticsEdgeCases::test_get_build_statistics_with_large_numbers PASSED [ 86%]
2026-01-29T19:51:57.4969432Z tests/test_persistence_queries.py::TestQueryPerformance::test_get_recent_builds_performance_with_many_builds PASSED [ 86%]
2026-01-29T19:51:57.5114012Z tests/test_persistence_queries.py::TestQueryPerformance::test_get_build_statistics_performance_with_many_builds PASSED [ 86%]
2026-01-29T19:51:57.5126651Z tests/test_project_detection.py::TestSimpleProjectDetection::test_simple_project_call PASSED [ 87%]
2026-01-29T19:51:57.5139222Z tests/test_project_detection.py::TestSimpleProjectDetection::test_project_with_language PASSED [ 87%]
2026-01-29T19:51:57.5151950Z tests/test_project_detection.py::TestSimpleProjectDetection::test_project_with_version PASSED [ 87%]
2026-01-29T19:51:57.5164478Z tests/test_project_detection.py::TestSimpleProjectDetection::test_project_with_languages_keyword PASSED [ 87%]
2026-01-29T19:51:57.5176689Z tests/test_project_detection.py::TestSimpleProjectDetection::test_project_with_all_options PASSED [ 87%]
2026-01-29T19:51:57.5189078Z tests/test_project_detection.py::TestMultilineProjectDetection::test_multiline_project_call PASSED [ 87%]
2026-01-29T19:51:57.5201401Z tests/test_project_detection.py::TestProjectWithComments::test_project_with_comments PASSED [ 87%]
2026-01-29T19:51:57.5213706Z tests/test_project_detection.py::TestNestedProjects::test_nested_project_calls_use_outermost PASSED [ 87%]
2026-01-29T19:51:57.5226083Z tests/test_project_detection.py::TestProjectWithSpecialCharacters::test_project_with_spaces_in_quotes PASSED [ 88%]
2026-01-29T19:51:57.5238347Z tests/test_project_detection.py::TestCaseInsensitivity::test_lowercase_project_command PASSED [ 88%]
2026-01-29T19:51:57.5249900Z tests/test_project_detection.py::TestErrorCases::test_file_not_found PASSED [ 88%]
2026-01-29T19:51:57.5261863Z tests/test_project_detection.py::TestErrorCases::test_no_project_call PASSED [ 88%]
2026-01-29T19:51:57.5276965Z tests/test_project_detection.py::TestErrorCases::test_with_actual_cmakelists_filename PASSED [ 88%]
2026-01-29T19:51:57.5289203Z tests/test_project_detection.py::TestPathHandling::test_with_string_path PASSED [ 88%]
2026-01-29T19:51:57.5301630Z tests/test_project_detection.py::TestPathHandling::test_with_path_object PASSED [ 88%]
2026-01-29T19:51:57.5317097Z tests/test_project_detection.py::TestFileEncodingHandling::test_with_invalid_encoding PASSED [ 89%]
2026-01-29T19:51:57.5330235Z tests/test_project_structure.py::test_all_required_directories_exist PASSED [ 89%]
2026-01-29T19:51:57.5343793Z tests/test_project_structure.py::test_all_init_files_present PASSED      [ 89%]
2026-01-29T19:51:57.5355149Z tests/test_project_structure.py::test_all_modules_can_be_imported PASSED [ 89%]
2026-01-29T19:51:57.5433540Z tests/test_project_structure.py::test_pytest_discovers_tests_directory PASSED [ 89%]
2026-01-29T19:51:57.5445657Z tests/test_project_structure.py::test_main_entry_point_exists PASSED     [ 89%]
2026-01-29T19:51:57.5460260Z tests/test_project_structure.py::test_required_placeholder_files_exist PASSED [ 89%]
2026-01-29T19:51:57.5472856Z tests/test_project_structure.py::test_fixtures_directory_exists PASSED   [ 89%]
2026-01-29T19:51:57.5485104Z tests/test_target_extraction.py::TestNinjaTargetExtraction::test_extract_simple_ninja_target PASSED [ 90%]
2026-01-29T19:51:57.5496787Z tests/test_target_extraction.py::TestNinjaTargetExtraction::test_extract_ninja_library_target PASSED [ 90%]
2026-01-29T19:51:57.5508384Z tests/test_target_extraction.py::TestNinjaTargetExtraction::test_extract_ninja_shared_library PASSED [ 90%]
2026-01-29T19:51:57.5520179Z tests/test_target_extraction.py::TestNinjaTargetExtraction::test_extract_multiple_ninja_targets PASSED [ 90%]
2026-01-29T19:51:57.5531571Z tests/test_target_extraction.py::TestNinjaTargetExtraction::test_extract_ninja_with_completion_percentage PASSED [ 90%]
2026-01-29T19:51:57.5543416Z tests/test_target_extraction.py::TestMakeTargetExtraction::test_extract_simple_make_target PASSED [ 90%]
2026-01-29T19:51:57.5555242Z tests/test_target_extraction.py::TestMakeTargetExtraction::test_extract_make_library_target PASSED [ 90%]
2026-01-29T19:51:57.5567226Z tests/test_target_extraction.py::TestMakeTargetExtraction::test_extract_make_shared_library PASSED [ 91%]
2026-01-29T19:51:57.5579316Z tests/test_target_extraction.py::TestMakeTargetExtraction::test_extract_multiple_make_targets PASSED [ 91%]
2026-01-29T19:51:57.5591203Z tests/test_target_extraction.py::TestMSVCTargetExtraction::test_extract_simple_msvc_target PASSED [ 91%]
2026-01-29T19:51:57.5602829Z tests/test_target_extraction.py::TestMSVCTargetExtraction::test_extract_msvc_library_target PASSED [ 91%]
2026-01-29T19:51:57.5614388Z tests/test_target_extraction.py::TestMSVCTargetExtraction::test_extract_msvc_dll_target PASSED [ 91%]
2026-01-29T19:51:57.5626627Z tests/test_target_extraction.py::TestMSVCTargetExtraction::test_extract_multiple_msvc_targets PASSED [ 91%]
2026-01-29T19:51:57.5638182Z tests/test_target_extraction.py::TestTargetTypeDetection::test_detect_executable_from_extension PASSED [ 91%]
2026-01-29T19:51:57.5649849Z tests/test_target_extraction.py::TestTargetTypeDetection::test_detect_executable_exe_extension PASSED [ 92%]
2026-01-29T19:51:57.5661246Z tests/test_target_extraction.py::TestTargetTypeDetection::test_detect_static_library_from_extension PASSED [ 92%]
2026-01-29T19:51:57.5673190Z tests/test_target_extraction.py::TestTargetTypeDetection::test_detect_static_library_lib_extension PASSED [ 92%]
2026-01-29T19:51:57.5684781Z tests/test_target_extraction.py::TestTargetTypeDetection::test_detect_shared_library_so_extension PASSED [ 92%]
2026-01-29T19:51:57.5696391Z tests/test_target_extraction.py::TestTargetTypeDetection::test_detect_shared_library_dll_extension PASSED [ 92%]
2026-01-29T19:51:57.5707738Z tests/test_target_extraction.py::TestTargetTypeDetection::test_detect_shared_library_dylib_extension PASSED [ 92%]
2026-01-29T19:51:57.5719560Z tests/test_target_extraction.py::TestBuildProgressTracking::test_extract_ninja_progress_steps PASSED [ 92%]
2026-01-29T19:51:57.5731499Z tests/test_target_extraction.py::TestBuildProgressTracking::test_extract_make_percentage_progress PASSED [ 92%]
2026-01-29T19:51:57.5743038Z tests/test_target_extraction.py::TestBuildProgressTracking::test_track_compilation_count PASSED [ 93%]
2026-01-29T19:51:57.5754609Z tests/test_target_extraction.py::TestBuildOrderDetection::test_detect_build_order_from_sequence PASSED [ 93%]
2026-01-29T19:51:57.5766466Z tests/test_target_extraction.py::TestBuildOrderDetection::test_detect_dependency_order PASSED [ 93%]
2026-01-29T19:51:57.5778691Z tests/test_target_extraction.py::TestParallelBuildOutput::test_extract_from_parallel_ninja_output PASSED [ 93%]
2026-01-29T19:51:57.5791374Z tests/test_target_extraction.py::TestParallelBuildOutput::test_handle_interleaved_make_output PASSED [ 93%]
2026-01-29T19:51:57.5803821Z tests/test_target_extraction.py::TestParallelBuildOutput::test_handle_scrambled_ninja_output PASSED [ 93%]
2026-01-29T19:51:57.5815070Z tests/test_target_extraction.py::TestEmptyAndInvalidOutput::test_extract_from_empty_output PASSED [ 93%]
2026-01-29T19:51:57.5826794Z tests/test_target_extraction.py::TestEmptyAndInvalidOutput::test_extract_from_output_without_targets PASSED [ 94%]
2026-01-29T19:51:57.5838320Z tests/test_target_extraction.py::TestEmptyAndInvalidOutput::test_extract_from_clean_output PASSED [ 94%]
2026-01-29T19:51:57.5849801Z tests/test_target_extraction.py::TestEdgeCases::test_target_with_spaces_in_path PASSED [ 94%]
2026-01-29T19:51:57.5861419Z tests/test_target_extraction.py::TestEdgeCases::test_target_with_special_characters PASSED [ 94%]
2026-01-29T19:51:57.5964602Z tests/test_target_extraction.py::TestEdgeCases::test_very_long_build_output PASSED [ 94%]
2026-01-29T19:51:57.5977410Z tests/test_target_extraction.py::TestEdgeCases::test_target_with_unicode_characters PASSED [ 94%]
2026-01-29T19:51:57.5988996Z tests/test_warning_error_extraction.py::TestGCCWarningExtraction::test_extract_simple_gcc_warning PASSED [ 94%]
2026-01-29T19:51:57.6000863Z tests/test_warning_error_extraction.py::TestGCCWarningExtraction::test_extract_gcc_warning_with_full_path PASSED [ 94%]
2026-01-29T19:51:57.6012509Z tests/test_warning_error_extraction.py::TestGCCWarningExtraction::test_extract_multiple_gcc_warnings PASSED [ 95%]
2026-01-29T19:51:57.6024283Z tests/test_warning_error_extraction.py::TestGCCWarningExtraction::test_extract_gcc_warning_without_column PASSED [ 95%]
2026-01-29T19:51:57.6036194Z tests/test_warning_error_extraction.py::TestGCCWarningExtraction::test_extract_gcc_multiline_warning PASSED [ 95%]
2026-01-29T19:51:57.6047667Z tests/test_warning_error_extraction.py::TestClangWarningExtraction::test_extract_simple_clang_warning PASSED [ 95%]
2026-01-29T19:51:57.6060260Z tests/test_warning_error_extraction.py::TestClangWarningExtraction::test_extract_clang_warning_with_note PASSED [ 95%]
2026-01-29T19:51:57.6072009Z tests/test_warning_error_extraction.py::TestClangWarningExtraction::test_extract_clang_warning_with_fixit PASSED [ 95%]
2026-01-29T19:51:57.6083611Z tests/test_warning_error_extraction.py::TestMSVCWarningExtraction::test_extract_simple_msvc_warning PASSED [ 95%]
2026-01-29T19:51:57.6095218Z tests/test_warning_error_extraction.py::TestMSVCWarningExtraction::test_extract_msvc_warning_with_column PASSED [ 96%]
2026-01-29T19:51:57.6106828Z tests/test_warning_error_extraction.py::TestMSVCWarningExtraction::test_extract_msvc_warning_with_full_path PASSED [ 96%]
2026-01-29T19:51:57.6118668Z tests/test_warning_error_extraction.py::TestMSVCWarningExtraction::test_extract_multiple_msvc_warnings PASSED [ 96%]
2026-01-29T19:51:57.6130148Z tests/test_warning_error_extraction.py::TestGCCErrorExtraction::test_extract_simple_gcc_error PASSED [ 96%]
2026-01-29T19:51:57.6141517Z tests/test_warning_error_extraction.py::TestGCCErrorExtraction::test_extract_gcc_fatal_error PASSED [ 96%]
2026-01-29T19:51:57.6152929Z tests/test_warning_error_extraction.py::TestGCCErrorExtraction::test_extract_multiple_gcc_errors PASSED [ 96%]
2026-01-29T19:51:57.6164329Z tests/test_warning_error_extraction.py::TestClangErrorExtraction::test_extract_simple_clang_error PASSED [ 96%]
2026-01-29T19:51:57.6175910Z tests/test_warning_error_extraction.py::TestClangErrorExtraction::test_extract_clang_error_with_multiline PASSED [ 97%]
2026-01-29T19:51:57.6187009Z tests/test_warning_error_extraction.py::TestMSVCErrorExtraction::test_extract_simple_msvc_error PASSED [ 97%]
2026-01-29T19:51:57.6198666Z tests/test_warning_error_extraction.py::TestMSVCErrorExtraction::test_extract_msvc_error_with_column PASSED [ 97%]
2026-01-29T19:51:57.6210143Z tests/test_warning_error_extraction.py::TestMSVCErrorExtraction::test_extract_msvc_fatal_error PASSED [ 97%]
2026-01-29T19:51:57.6221744Z tests/test_warning_error_extraction.py::TestWarningWithoutFileInfo::test_extract_warning_without_file_info PASSED [ 97%]
2026-01-29T19:51:57.6233171Z tests/test_warning_error_extraction.py::TestWarningWithoutFileInfo::test_extract_linker_warning PASSED [ 97%]
2026-01-29T19:51:57.6244707Z tests/test_warning_error_extraction.py::TestColoredOutputHandling::test_extract_warning_with_ansi_colors PASSED [ 97%]
2026-01-29T19:51:57.6256183Z tests/test_warning_error_extraction.py::TestColoredOutputHandling::test_extract_error_with_ansi_colors PASSED [ 97%]
2026-01-29T19:51:57.6267467Z tests/test_warning_error_extraction.py::TestWarningCounting::test_count_warnings PASSED [ 98%]
2026-01-29T19:51:57.6279237Z tests/test_warning_error_extraction.py::TestWarningCounting::test_count_by_type PASSED [ 98%]
2026-01-29T19:51:57.6291518Z tests/test_warning_error_extraction.py::TestWarningDeduplication::test_deduplicate_identical_warnings PASSED [ 98%]
2026-01-29T19:51:57.6302691Z tests/test_warning_error_extraction.py::TestWarningDeduplication::test_no_deduplication_when_disabled PASSED [ 98%]
2026-01-29T19:51:57.6314433Z tests/test_warning_error_extraction.py::TestWarningDeduplication::test_deduplicate_by_file_line_message PASSED [ 98%]
2026-01-29T19:51:57.6326239Z tests/test_warning_error_extraction.py::TestMixedWarningsAndErrors::test_extract_warnings_ignores_errors PASSED [ 98%]
2026-01-29T19:51:57.6337714Z tests/test_warning_error_extraction.py::TestMixedWarningsAndErrors::test_extract_errors_ignores_warnings PASSED [ 98%]
2026-01-29T19:51:57.6348969Z tests/test_warning_error_extraction.py::TestEmptyAndInvalidOutput::test_extract_warnings_from_empty_output PASSED [ 99%]
2026-01-29T19:51:57.6360703Z tests/test_warning_error_extraction.py::TestEmptyAndInvalidOutput::test_extract_errors_from_empty_output PASSED [ 99%]
2026-01-29T19:51:57.6372547Z tests/test_warning_error_extraction.py::TestEmptyAndInvalidOutput::test_extract_from_output_without_warnings PASSED [ 99%]
2026-01-29T19:51:57.6383991Z tests/test_warning_error_extraction.py::TestEmptyAndInvalidOutput::test_extract_from_output_without_errors PASSED [ 99%]
2026-01-29T19:51:57.6395374Z tests/test_warning_error_extraction.py::TestEdgeCases::test_warning_with_special_characters_in_filename PASSED [ 99%]
2026-01-29T19:51:57.6406916Z tests/test_warning_error_extraction.py::TestEdgeCases::test_warning_with_spaces_in_windows_path PASSED [ 99%]
2026-01-29T19:51:57.6418803Z tests/test_warning_error_extraction.py::TestEdgeCases::test_very_long_warning_message PASSED [ 99%]
2026-01-29T19:51:58.3380437Z tests/test_warning_error_extraction.py::TestEdgeCases::test_warning_with_unicode_characters PASSED [100%]
2026-01-29T19:51:58.3381497Z 
2026-01-29T19:51:58.3381831Z ================================ tests coverage ================================
2026-01-29T19:51:58.3382839Z _______________ coverage: platform linux, python 3.11.14-final-0 _______________
2026-01-29T19:51:58.3383548Z 
2026-01-29T19:51:58.3383799Z Name                           Stmts   Miss   Cover   Missing
2026-01-29T19:51:58.3384521Z -------------------------------------------------------------
2026-01-29T19:51:58.3385103Z __init__.py                        2      0 100.00%
2026-01-29T19:51:58.3385611Z cli/__init__.py                    0      0 100.00%
2026-01-29T19:51:58.3386113Z cli/argument_errors.py            45      0 100.00%
2026-01-29T19:51:58.3386627Z cli/argument_parser.py            51      0 100.00%
2026-01-29T19:51:58.3387202Z cli/argument_validator.py         47      2  95.74%   171-172
2026-01-29T19:51:58.3387778Z cmake/__init__.py                  0      0 100.00%
2026-01-29T19:51:58.3389692Z cmake/executor.py                120      2  98.33%   41, 45
2026-01-29T19:51:58.3390322Z cmake/parameter_manager.py       100      1  99.00%   179
2026-01-29T19:51:58.3391096Z inspector/__init__.py              0      0 100.00%
2026-01-29T19:51:58.3391797Z inspector/build_inspector.py     250     19  92.40%   526, 591, 664-676, 688-697
2026-01-29T19:51:58.3392480Z models/__init__.py                 4      0 100.00%
2026-01-29T19:51:58.3393045Z models/arguments.py               34      2  94.12%   48, 85
2026-01-29T19:51:58.3393626Z models/metadata.py                72      0 100.00%
2026-01-29T19:51:58.3394125Z models/records.py                  0      0 100.00%
2026-01-29T19:51:58.3394633Z models/results.py                 47      0 100.00%
2026-01-29T19:51:58.3395130Z storage/__init__.py                2      0 100.00%
2026-01-29T19:51:58.3395805Z storage/data_persistence.py      134      8  94.03%   147, 223-225, 490-491, 567-568
2026-01-29T19:51:58.3396882Z storage/persistence.py            35      0 100.00%
2026-01-29T19:51:58.3397243Z storage/query.py                   0      0 100.00%
2026-01-29T19:51:58.3397539Z utils/__init__.py                  0      0 100.00%
2026-01-29T19:51:58.3398210Z utils/formatting.py              119      8  93.28%   53, 135, 186-189, 223-224
2026-01-29T19:51:58.3398612Z utils/logging.py                   0      0 100.00%
2026-01-29T19:51:58.3398918Z utils/logging_config.py           51      1  98.04%   45
2026-01-29T19:51:58.3399233Z utils/paths.py                     0      0 100.00%
2026-01-29T19:51:58.3399543Z -------------------------------------------------------------
2026-01-29T19:51:58.3399848Z TOTAL                           1113     43  96.14%
2026-01-29T19:51:58.3400116Z Coverage HTML written to dir htmlcov
2026-01-29T19:51:58.3400369Z Coverage XML written to file coverage.xml
2026-01-29T19:51:58.3400702Z Required test coverage of 90.0% reached. Total coverage: 96.14%
2026-01-29T19:51:58.3401069Z ============================= 739 passed in 15.92s =============================
2026-01-29T19:51:58.4069435Z ##[group]Run codecov/codecov-action@v4
2026-01-29T19:51:58.4069719Z with:
2026-01-29T19:51:58.4069896Z   file: ./forge/coverage.xml
2026-01-29T19:51:58.4070108Z   flags: forge
2026-01-29T19:51:58.4070275Z   name: forge-coverage
2026-01-29T19:51:58.4070465Z   fail_ci_if_error: false
2026-01-29T19:51:58.4070657Z env:
2026-01-29T19:51:58.4070903Z   pythonLocation: /opt/hostedtoolcache/Python/3.11.14/x64
2026-01-29T19:51:58.4071322Z   PKG_CONFIG_PATH: /opt/hostedtoolcache/Python/3.11.14/x64/lib/pkgconfig
2026-01-29T19:51:58.4071720Z   Python_ROOT_DIR: /opt/hostedtoolcache/Python/3.11.14/x64
2026-01-29T19:51:58.4072078Z   Python2_ROOT_DIR: /opt/hostedtoolcache/Python/3.11.14/x64
2026-01-29T19:51:58.4072433Z   Python3_ROOT_DIR: /opt/hostedtoolcache/Python/3.11.14/x64
2026-01-29T19:51:58.4072797Z   LD_LIBRARY_PATH: /opt/hostedtoolcache/Python/3.11.14/x64/lib
2026-01-29T19:51:58.4073088Z ##[endgroup]
2026-01-29T19:51:58.4904356Z eventName: push
2026-01-29T19:51:58.4913753Z ==> linux OS detected
2026-01-29T19:51:58.6333170Z https://cli.codecov.io/latest/linux/codecov.SHA256SUM
2026-01-29T19:51:58.7355188Z gpg: directory '/home/runner/.gnupg' created
2026-01-29T19:51:58.7393495Z gpg: keybox '/home/runner/.gnupg/pubring.kbx' created
2026-01-29T19:51:58.7522901Z gpg: /home/runner/.gnupg/trustdb.gpg: trustdb created
2026-01-29T19:51:58.7524413Z gpg: key 806BB28AED779869: public key "Codecov Uploader (Codecov Uploader Verification Key) <security@codecov.io>" imported
2026-01-29T19:51:58.7847525Z gpg: Total number processed: 1
2026-01-29T19:51:58.7848294Z gpg:               imported: 1
2026-01-29T19:51:58.7903669Z gpg: Signature made Fri Dec  5 15:31:48 2025 UTC
2026-01-29T19:51:58.7904483Z gpg:                using RSA key 27034E7FDB850E0BBC2C62FF806BB28AED779869
2026-01-29T19:51:58.7906809Z gpg: Good signature from "Codecov Uploader (Codecov Uploader Verification Key) <security@codecov.io>" [unknown]
2026-01-29T19:51:58.7907901Z gpg: WARNING: This key is not certified with a trusted signature!
2026-01-29T19:51:58.7908712Z gpg:          There is no indication that the signature belongs to the owner.
2026-01-29T19:51:58.7909380Z Primary key fingerprint: 2703 4E7F DB85 0E0B BC2C  62FF 806B B28A ED77 9869
2026-01-29T19:51:58.8152318Z ==> Uploader SHASUM verified (fd34214e2b2c738e48e3ac90b2c23ec4e975d0e9aee51f2cebe81b5704af3f6c  codecov)
2026-01-29T19:51:58.8153406Z ==> Running version latest
2026-01-29T19:51:58.8879301Z Could not pull latest version information: SyntaxError: Unexpected token '<', "<!DOCTYPE "... is not valid JSON
2026-01-29T19:51:58.8881064Z ==> Running git config --global --add safe.directory /home/runner/work/argos/argos
2026-01-29T19:51:58.8994482Z [command]/usr/bin/git config --global --add safe.directory /home/runner/work/argos/argos
2026-01-29T19:51:58.9046729Z ==> Running command '/home/runner/work/_actions/codecov/codecov-action/v4/dist/codecov create-commit'
2026-01-29T19:51:58.9049822Z [command]/home/runner/work/_actions/codecov/codecov-action/v4/dist/codecov create-commit --git-service github
2026-01-29T19:51:59.2547808Z info - 2026-01-29 19:51:59,254 -- ci service found: github-actions
2026-01-29T19:51:59.2640866Z warning - 2026-01-29 19:51:59,263 -- No config file could be found. Ignoring config.
2026-01-29T19:51:59.2932124Z warning - 2026-01-29 19:51:59,292 -- Branch `main` is protected but no token was provided
2026-01-29T19:51:59.2933272Z warning - 2026-01-29 19:51:59,292 -- For information on Codecov upload tokens, see https://docs.codecov.com/docs/codecov-tokens
2026-01-29T19:51:59.4425343Z info - 2026-01-29 19:51:59,442 -- Process Commit creating complete
2026-01-29T19:51:59.4427062Z error - 2026-01-29 19:51:59,442 -- Commit creating failed: {"message":"Token required - not valid tokenless upload"}
2026-01-29T19:51:59.5651675Z ==> Running command '/home/runner/work/_actions/codecov/codecov-action/v4/dist/codecov create-report'
2026-01-29T19:51:59.5653883Z [command]/home/runner/work/_actions/codecov/codecov-action/v4/dist/codecov create-report --git-service github
2026-01-29T19:51:59.9089949Z info - 2026-01-29 19:51:59,908 -- ci service found: github-actions
2026-01-29T19:51:59.9181397Z warning - 2026-01-29 19:51:59,917 -- No config file could be found. Ignoring config.
2026-01-29T19:52:00.4473126Z info - 2026-01-29 19:52:00,446 -- Process Report creating complete
2026-01-29T19:52:00.4478862Z error - 2026-01-29 19:52:00,447 -- Report creating failed: {"message":"Token required - not valid tokenless upload"}
2026-01-29T19:52:00.5268163Z ==> Running command '/home/runner/work/_actions/codecov/codecov-action/v4/dist/codecov do-upload'
2026-01-29T19:52:00.5270705Z [command]/home/runner/work/_actions/codecov/codecov-action/v4/dist/codecov do-upload -f ./forge/coverage.xml -F forge --git-service github -n forge-coverage
2026-01-29T19:52:00.8757879Z info - 2026-01-29 19:52:00,875 -- ci service found: github-actions
2026-01-29T19:52:00.8850529Z warning - 2026-01-29 19:52:00,884 -- No config file could be found. Ignoring config.
2026-01-29T19:52:00.9160307Z warning - 2026-01-29 19:52:00,915 -- xcrun is not installed or can't be found.
2026-01-29T19:52:00.9218202Z warning - 2026-01-29 19:52:00,921 -- No gcov data found.
2026-01-29T19:52:00.9231402Z info - 2026-01-29 19:52:00,922 -- Generating coverage.xml report in /home/runner/work/argos/argos/forge
2026-01-29T19:52:01.1392281Z info - 2026-01-29 19:52:01,138 -- Wrote XML report to coverage.xml
2026-01-29T19:52:01.1656466Z info - 2026-01-29 19:52:01,165 -- Found 1 coverage files to report
2026-01-29T19:52:01.1657366Z info - 2026-01-29 19:52:01,165 -- > /home/runner/work/argos/argos/forge/coverage.xml
2026-01-29T19:52:01.3384184Z info - 2026-01-29 19:52:01,337 -- Process Upload complete
2026-01-29T19:52:01.3385486Z error - 2026-01-29 19:52:01,338 -- Upload failed: {"message":"Token required - not valid tokenless upload"}
2026-01-29T19:52:01.4332132Z Post job cleanup.
2026-01-29T19:52:01.5998722Z Post job cleanup.
2026-01-29T19:52:01.6943819Z [command]/usr/bin/git version
2026-01-29T19:52:01.6979894Z git version 2.52.0
2026-01-29T19:52:01.7017830Z Copying '/home/runner/.gitconfig' to '/home/runner/work/_temp/b49625c5-fe40-4af8-a13c-8f7a21212db2/.gitconfig'
2026-01-29T19:52:01.7028747Z Temporarily overriding HOME='/home/runner/work/_temp/b49625c5-fe40-4af8-a13c-8f7a21212db2' before making global git config changes
2026-01-29T19:52:01.7030114Z Adding repository directory to the temporary git global config as a safe directory
2026-01-29T19:52:01.7044165Z [command]/usr/bin/git config --global --add safe.directory /home/runner/work/argos/argos
2026-01-29T19:52:01.7078978Z [command]/usr/bin/git config --local --name-only --get-regexp core\.sshCommand
2026-01-29T19:52:01.7110914Z [command]/usr/bin/git submodule foreach --recursive sh -c "git config --local --name-only --get-regexp 'core\.sshCommand' && git config --local --unset-all 'core.sshCommand' || :"
2026-01-29T19:52:01.7340132Z [command]/usr/bin/git config --local --name-only --get-regexp http\.https\:\/\/github\.com\/\.extraheader
2026-01-29T19:52:01.7361575Z http.https://github.com/.extraheader
2026-01-29T19:52:01.7374840Z [command]/usr/bin/git config --local --unset-all http.https://github.com/.extraheader
2026-01-29T19:52:01.7405310Z [command]/usr/bin/git submodule foreach --recursive sh -c "git config --local --name-only --get-regexp 'http\.https\:\/\/github\.com\/\.extraheader' && git config --local --unset-all 'http.https://github.com/.extraheader' || :"
2026-01-29T19:52:01.7627154Z [command]/usr/bin/git config --local --name-only --get-regexp ^includeIf\.gitdir:
2026-01-29T19:52:01.7658434Z [command]/usr/bin/git submodule foreach --recursive git config --local --show-origin --name-only --get-regexp remote.origin.url
2026-01-29T19:52:01.7995133Z Cleaning up orphan processes
