2026-01-29T19:52:22.3577190Z Current runner version: '2.331.0'
2026-01-29T19:52:22.3593770Z ##[group]Runner Image Provisioner
2026-01-29T19:52:22.3594280Z Hosted Compute Agent
2026-01-29T19:52:22.3594630Z Version: 20260123.484
2026-01-29T19:52:22.3595000Z Commit: 6bd6555ca37d84114959e1c76d2c01448ff61c5d
2026-01-29T19:52:22.3595430Z Build Date: 2026-01-23T19:41:17Z
2026-01-29T19:52:22.3595820Z Worker ID: {ff462add-b18b-4192-9124-43af08474d46}
2026-01-29T19:52:22.3596240Z Azure Region: westus
2026-01-29T19:52:22.3596570Z ##[endgroup]
2026-01-29T19:52:22.3597440Z ##[group]Operating System
2026-01-29T19:52:22.3597790Z macOS
2026-01-29T19:52:22.3598050Z 15.7.3
2026-01-29T19:52:22.3598310Z 24G419
2026-01-29T19:52:22.3598590Z ##[endgroup]
2026-01-29T19:52:22.3598880Z ##[group]Runner Image
2026-01-29T19:52:22.3599210Z Image: macos-15-arm64
2026-01-29T19:52:22.3600590Z Version: 20260127.0129.1
2026-01-29T19:52:22.3602450Z Included Software: https://github.com/actions/runner-images/blob/macos-15-arm64/20260127.0129/images/macos/macos-15-arm64-Readme.md
2026-01-29T19:52:22.3603510Z Image Release: https://github.com/actions/runner-images/releases/tag/macos-15-arm64%2F20260127.0129
2026-01-29T19:52:22.3604110Z ##[endgroup]
2026-01-29T19:52:22.3604870Z ##[group]GITHUB_TOKEN Permissions
2026-01-29T19:52:22.3606450Z Contents: read
2026-01-29T19:52:22.3606760Z Metadata: read
2026-01-29T19:52:22.3607060Z Packages: read
2026-01-29T19:52:22.3607390Z ##[endgroup]
2026-01-29T19:52:22.3609110Z Secret source: Actions
2026-01-29T19:52:22.3609500Z Prepare workflow directory
2026-01-29T19:52:22.3953680Z Prepare all required actions
2026-01-29T19:52:22.4013030Z Getting action download info
2026-01-29T19:52:22.9600670Z Download action repository 'actions/checkout@v4' (SHA:34e114876b0b11c390a56381ad16ebd13914f8d5)
2026-01-29T19:52:23.4096900Z Download action repository 'actions/setup-python@v5' (SHA:a26af69be951a213d495a4c3e4e4022e16d87065)
2026-01-29T19:52:23.5267740Z Download action repository 'codecov/codecov-action@v4' (SHA:b9fd7d16f6d7d1b5d2bec1a2887e65ceed900238)
2026-01-29T19:52:24.3768320Z Complete job name: test (macos-latest, 3.9)
2026-01-29T19:52:24.4161810Z ##[group]Run actions/checkout@v4
2026-01-29T19:52:24.4162400Z with:
2026-01-29T19:52:24.4162710Z   repository: lmvcruz/argos
2026-01-29T19:52:24.4163230Z   token: ***
2026-01-29T19:52:24.4163530Z   ssh-strict: true
2026-01-29T19:52:24.4163830Z   ssh-user: git
2026-01-29T19:52:24.4164150Z   persist-credentials: true
2026-01-29T19:52:24.4164500Z   clean: true
2026-01-29T19:52:24.4164820Z   sparse-checkout-cone-mode: true
2026-01-29T19:52:24.4165190Z   fetch-depth: 1
2026-01-29T19:52:24.4165490Z   fetch-tags: false
2026-01-29T19:52:24.4165790Z   show-progress: true
2026-01-29T19:52:24.4166110Z   lfs: false
2026-01-29T19:52:24.4166400Z   submodules: false
2026-01-29T19:52:24.4166730Z   set-safe-directory: true
2026-01-29T19:52:24.4167200Z ##[endgroup]
2026-01-29T19:52:24.7873290Z Syncing repository: lmvcruz/argos
2026-01-29T19:52:24.7875920Z ##[group]Getting Git version info
2026-01-29T19:52:24.7876570Z Working directory is '/Users/runner/work/argos/argos'
2026-01-29T19:52:24.7878010Z [command]/opt/homebrew/bin/git version
2026-01-29T19:52:24.8530890Z git version 2.52.0
2026-01-29T19:52:24.8576670Z ##[endgroup]
2026-01-29T19:52:24.8627210Z Copying '/Users/runner/.gitconfig' to '/Users/runner/work/_temp/bdd9adde-d15f-4f27-9f08-316bbaead12b/.gitconfig'
2026-01-29T19:52:24.8665840Z Temporarily overriding HOME='/Users/runner/work/_temp/bdd9adde-d15f-4f27-9f08-316bbaead12b' before making global git config changes
2026-01-29T19:52:24.8670910Z Adding repository directory to the temporary git global config as a safe directory
2026-01-29T19:52:24.8672250Z [command]/opt/homebrew/bin/git config --global --add safe.directory /Users/runner/work/argos/argos
2026-01-29T19:52:24.8752240Z Deleting the contents of '/Users/runner/work/argos/argos'
2026-01-29T19:52:24.8756610Z ##[group]Initializing the repository
2026-01-29T19:52:24.8762200Z [command]/opt/homebrew/bin/git init /Users/runner/work/argos/argos
2026-01-29T19:52:24.8970550Z hint: Using 'master' as the name for the initial branch. This default branch name
2026-01-29T19:52:24.8980690Z hint: will change to "main" in Git 3.0. To configure the initial branch name
2026-01-29T19:52:24.9038410Z hint: to use in all of your new repositories, which will suppress this warning,
2026-01-29T19:52:24.9040240Z hint: call:
2026-01-29T19:52:24.9040730Z hint:
2026-01-29T19:52:24.9043660Z hint: 	git config --global init.defaultBranch <name>
2026-01-29T19:52:24.9044310Z hint:
2026-01-29T19:52:24.9044930Z hint: Names commonly chosen instead of 'master' are 'main', 'trunk' and
2026-01-29T19:52:24.9048410Z hint: 'development'. The just-created branch can be renamed via this command:
2026-01-29T19:52:24.9081380Z hint:
2026-01-29T19:52:24.9129790Z hint: 	git branch -m <name>
2026-01-29T19:52:24.9130660Z hint:
2026-01-29T19:52:24.9131280Z hint: Disable this message with "git config set advice.defaultBranchName false"
2026-01-29T19:52:24.9132400Z Initialized empty Git repository in /Users/runner/work/argos/argos/.git/
2026-01-29T19:52:24.9134270Z [command]/opt/homebrew/bin/git remote add origin https://github.com/lmvcruz/argos
2026-01-29T19:52:24.9135830Z ##[endgroup]
2026-01-29T19:52:24.9137540Z ##[group]Disabling automatic garbage collection
2026-01-29T19:52:24.9138240Z [command]/opt/homebrew/bin/git config --local gc.auto 0
2026-01-29T19:52:24.9195210Z ##[endgroup]
2026-01-29T19:52:24.9200110Z ##[group]Setting up auth
2026-01-29T19:52:24.9204720Z [command]/opt/homebrew/bin/git config --local --name-only --get-regexp core\.sshCommand
2026-01-29T19:52:24.9339610Z [command]/opt/homebrew/bin/git submodule foreach --recursive sh -c "git config --local --name-only --get-regexp 'core\.sshCommand' && git config --local --unset-all 'core.sshCommand' || :"
2026-01-29T19:52:25.1572300Z [command]/opt/homebrew/bin/git config --local --name-only --get-regexp http\.https\:\/\/github\.com\/\.extraheader
2026-01-29T19:52:25.1720040Z [command]/opt/homebrew/bin/git submodule foreach --recursive sh -c "git config --local --name-only --get-regexp 'http\.https\:\/\/github\.com\/\.extraheader' && git config --local --unset-all 'http.https://github.com/.extraheader' || :"
2026-01-29T19:52:25.2910580Z [command]/opt/homebrew/bin/git config --local --name-only --get-regexp ^includeIf\.gitdir:
2026-01-29T19:52:25.3218870Z [command]/opt/homebrew/bin/git submodule foreach --recursive git config --local --show-origin --name-only --get-regexp remote.origin.url
2026-01-29T19:52:25.4630940Z [command]/opt/homebrew/bin/git config --local http.https://github.com/.extraheader AUTHORIZATION: basic ***
2026-01-29T19:52:25.4648060Z ##[endgroup]
2026-01-29T19:52:25.4649890Z ##[group]Fetching the repository
2026-01-29T19:52:25.4651170Z [command]/opt/homebrew/bin/git -c protocol.version=2 fetch --no-tags --prune --no-recurse-submodules --depth=1 origin +6e88af65893115b1e389f12d19076fb480e79091:refs/remotes/origin/main
2026-01-29T19:52:26.0119720Z From https://github.com/lmvcruz/argos
2026-01-29T19:52:26.0296690Z  * [new ref]         6e88af65893115b1e389f12d19076fb480e79091 -> origin/main
2026-01-29T19:52:26.0609150Z ##[endgroup]
2026-01-29T19:52:26.0709420Z ##[group]Determining the checkout info
2026-01-29T19:52:26.0784870Z ##[endgroup]
2026-01-29T19:52:26.0785690Z [command]/opt/homebrew/bin/git sparse-checkout disable
2026-01-29T19:52:26.0792090Z [command]/opt/homebrew/bin/git config --local --unset-all extensions.worktreeConfig
2026-01-29T19:52:26.0795580Z ##[group]Checking out the ref
2026-01-29T19:52:26.0796660Z [command]/opt/homebrew/bin/git checkout --progress --force -B main refs/remotes/origin/main
2026-01-29T19:52:26.1422330Z Switched to a new branch 'main'
2026-01-29T19:52:26.1428190Z branch 'main' set up to track 'origin/main'.
2026-01-29T19:52:26.1438170Z ##[endgroup]
2026-01-29T19:52:26.1527430Z [command]/opt/homebrew/bin/git log -1 --format=%H
2026-01-29T19:52:26.1736250Z 6e88af65893115b1e389f12d19076fb480e79091
2026-01-29T19:52:26.2233690Z ##[group]Run actions/setup-python@v5
2026-01-29T19:52:26.2234530Z with:
2026-01-29T19:52:26.2235100Z   python-version: 3.9
2026-01-29T19:52:26.2236150Z   check-latest: false
2026-01-29T19:52:26.2237020Z   token: ***
2026-01-29T19:52:26.2237620Z   update-environment: true
2026-01-29T19:52:26.2238350Z   allow-prereleases: false
2026-01-29T19:52:26.2239110Z   freethreaded: false
2026-01-29T19:52:26.2239750Z ##[endgroup]
2026-01-29T19:52:26.4186150Z ##[group]Installed versions
2026-01-29T19:52:26.4267110Z Version 3.9 was not found in the local cache
2026-01-29T19:52:27.4086280Z Version 3.9 is available for downloading
2026-01-29T19:52:27.4088780Z Download from "https://github.com/actions/python-versions/releases/download/3.9.13-11183687820/python-3.9.13-darwin-arm64.tar.gz"
2026-01-29T19:52:28.0693410Z Extract downloaded archive
2026-01-29T19:52:28.0815740Z [command]/usr/bin/tar xz -C /Users/runner/work/_temp/f2b87968-8996-47bc-bb90-65a95b932c43 -f /Users/runner/work/_temp/225767a2-768e-4ecd-98e6-f26d54046f55
2026-01-29T19:52:28.1618860Z Execute installation script
2026-01-29T19:52:28.2032090Z Check if Python hostedtoolcache folder exist...
2026-01-29T19:52:28.2108350Z Install Python binaries from prebuilt package
2026-01-29T19:52:43.4133370Z installer: Package name is Python
2026-01-29T19:52:43.4235750Z installer: Upgrading at base path /
2026-01-29T19:52:43.4311140Z installer: The upgrade was successful.
2026-01-29T19:52:43.4355480Z Create hostedtoolcach symlinks (Required for the backward compatibility)
2026-01-29T19:52:43.4361060Z Create Python 3.9.13 folder
2026-01-29T19:52:43.4365040Z Create additional symlinks (Required for the UsePythonVersion Azure Pipelines task and the setup-python GitHub Action)
2026-01-29T19:52:43.4496970Z Upgrading pip...
2026-01-29T19:52:44.9527160Z Looking in links: /var/folders/yz/zr09txvs5dn18vt4cn21kzl40000gn/T/tmpmcnayy6k
2026-01-29T19:52:44.9556110Z Requirement already satisfied: setuptools in /Library/Frameworks/Python.framework/Versions/3.9/lib/python3.9/site-packages (58.1.0)
2026-01-29T19:52:44.9557280Z Requirement already satisfied: pip in /Library/Frameworks/Python.framework/Versions/3.9/lib/python3.9/site-packages (22.0.4)
2026-01-29T19:52:45.4610980Z Collecting pip
2026-01-29T19:52:45.4951210Z Downloading pip-25.3-py3-none-any.whl (1.8 MB)
2026-01-29T19:52:45.5215540Z ━━━━━━━━━━━━━━━━━━━━━━━━━━━━━━━━━━━━━━━━ 1.8/1.8 MB 78.1 MB/s eta 0:00:00
2026-01-29T19:52:45.5216160Z 
2026-01-29T19:52:45.5477640Z Installing collected packages: pip
2026-01-29T19:52:45.5478380Z Attempting uninstall: pip
2026-01-29T19:52:45.5481290Z Found existing installation: pip 22.0.4
2026-01-29T19:52:45.6582430Z Uninstalling pip-22.0.4:
2026-01-29T19:52:45.8809860Z Successfully uninstalled pip-22.0.4
2026-01-29T19:52:46.5900180Z Successfully installed pip-25.3
2026-01-29T19:52:46.6276140Z Install OpenSSL certificates
2026-01-29T19:52:46.9613520Z Collecting certifi
2026-01-29T19:52:46.9646440Z Using cached certifi-2026.1.4-py3-none-any.whl.metadata (2.5 kB)
2026-01-29T19:52:46.9697730Z Using cached certifi-2026.1.4-py3-none-any.whl (152 kB)
2026-01-29T19:52:46.9798420Z Installing collected packages: certifi
2026-01-29T19:52:46.9864140Z Successfully installed certifi-2026.1.4
2026-01-29T19:52:47.0519250Z -- pip install --upgrade certifi
2026-01-29T19:52:47.0520020Z  -- removing any existing file or link
2026-01-29T19:52:47.0520250Z  -- creating symlink to certifi certificate bundle
2026-01-29T19:52:47.0520630Z  -- setting permissions
2026-01-29T19:52:47.0520830Z  -- update complete
2026-01-29T19:52:47.0555260Z Create complete file
2026-01-29T19:52:47.0624790Z Successfully set up CPython (3.9.13)
2026-01-29T19:52:47.0625470Z ##[endgroup]
2026-01-29T19:52:47.0859710Z ##[group]Run python -m pip install --upgrade pip
2026-01-29T19:52:47.0860270Z [36;1mpython -m pip install --upgrade pip[0m
2026-01-29T19:52:47.0860550Z [36;1mpip install -r requirements.txt[0m
2026-01-29T19:52:47.0911400Z shell: /bin/bash -e {0}
2026-01-29T19:52:47.0911840Z env:
2026-01-29T19:52:47.0912180Z   pythonLocation: /Users/runner/hostedtoolcache/Python/3.9.13/arm64
2026-01-29T19:52:47.0912720Z   PKG_CONFIG_PATH: /Users/runner/hostedtoolcache/Python/3.9.13/arm64/lib/pkgconfig
2026-01-29T19:52:47.0917450Z   Python_ROOT_DIR: /Users/runner/hostedtoolcache/Python/3.9.13/arm64
2026-01-29T19:52:47.0917810Z   Python2_ROOT_DIR: /Users/runner/hostedtoolcache/Python/3.9.13/arm64
2026-01-29T19:52:47.0918220Z   Python3_ROOT_DIR: /Users/runner/hostedtoolcache/Python/3.9.13/arm64
2026-01-29T19:52:47.0918570Z ##[endgroup]
2026-01-29T19:52:47.4229990Z Requirement already satisfied: pip in /Library/Frameworks/Python.framework/Versions/3.9/lib/python3.9/site-packages (25.3)
2026-01-29T19:52:47.8219810Z Collecting pytest>=7.4.0 (from -r requirements.txt (line 5))
2026-01-29T19:52:47.8339510Z   Downloading pytest-8.4.2-py3-none-any.whl.metadata (7.7 kB)
2026-01-29T19:52:47.8542910Z Collecting pytest-cov>=4.1.0 (from -r requirements.txt (line 6))
2026-01-29T19:52:47.8588110Z   Downloading pytest_cov-7.0.0-py3-none-any.whl.metadata (31 kB)
2026-01-29T19:52:47.8773440Z Collecting pytest-mock>=3.11.1 (from -r requirements.txt (line 7))
2026-01-29T19:52:47.8814270Z   Downloading pytest_mock-3.15.1-py3-none-any.whl.metadata (3.9 kB)
2026-01-29T19:52:47.9405710Z Collecting psutil>=5.9.0 (from -r requirements.txt (line 8))
2026-01-29T19:52:47.9454910Z   Downloading psutil-7.2.2-cp36-abi3-macosx_11_0_arm64.whl.metadata (22 kB)
2026-01-29T19:52:47.9896230Z Collecting black>=23.7.0 (from -r requirements.txt (line 11))
2026-01-29T19:52:47.9957400Z   Downloading black-25.11.0-cp39-cp39-macosx_11_0_arm64.whl.metadata (85 kB)
2026-01-29T19:52:48.0327850Z Collecting flake8>=6.1.0 (from -r requirements.txt (line 12))
2026-01-29T19:52:48.0373430Z   Downloading flake8-7.3.0-py2.py3-none-any.whl.metadata (3.8 kB)
2026-01-29T19:52:48.1258750Z Collecting mypy>=1.5.0 (from -r requirements.txt (line 13))
2026-01-29T19:52:48.1308190Z   Downloading mypy-1.19.1-cp39-cp39-macosx_11_0_arm64.whl.metadata (2.2 kB)
2026-01-29T19:52:48.1479480Z Collecting radon>=6.0.1 (from -r requirements.txt (line 16))
2026-01-29T19:52:48.1516380Z   Downloading radon-6.0.1-py2.py3-none-any.whl.metadata (8.2 kB)
2026-01-29T19:52:48.1805730Z Collecting pylint>=3.0.0 (from -r requirements.txt (line 17))
2026-01-29T19:52:48.1855410Z   Downloading pylint-3.3.9-py3-none-any.whl.metadata (12 kB)
2026-01-29T19:52:48.2134760Z Collecting isort>=5.12.0 (from -r requirements.txt (line 20))
2026-01-29T19:52:48.2177370Z   Downloading isort-6.1.0-py3-none-any.whl.metadata (12 kB)
2026-01-29T19:52:48.2377210Z Collecting autoflake>=2.2.1 (from -r requirements.txt (line 21))
2026-01-29T19:52:48.2425450Z   Downloading autoflake-2.3.1-py3-none-any.whl.metadata (7.6 kB)
2026-01-29T19:52:48.2600450Z Collecting vulture>=2.10 (from -r requirements.txt (line 24))
2026-01-29T19:52:48.2664850Z   Downloading vulture-2.14-py2.py3-none-any.whl.metadata (24 kB)
2026-01-29T19:52:48.2843570Z Collecting exceptiongroup>=1 (from pytest>=7.4.0->-r requirements.txt (line 5))
2026-01-29T19:52:48.2894560Z   Downloading exceptiongroup-1.3.1-py3-none-any.whl.metadata (6.7 kB)
2026-01-29T19:52:48.3061420Z Collecting iniconfig>=1 (from pytest>=7.4.0->-r requirements.txt (line 5))
2026-01-29T19:52:48.3108980Z   Downloading iniconfig-2.1.0-py3-none-any.whl.metadata (2.7 kB)
2026-01-29T19:52:48.3286320Z Collecting packaging>=20 (from pytest>=7.4.0->-r requirements.txt (line 5))
2026-01-29T19:52:48.3340640Z   Downloading packaging-26.0-py3-none-any.whl.metadata (3.3 kB)
2026-01-29T19:52:48.3522960Z Collecting pluggy<2,>=1.5 (from pytest>=7.4.0->-r requirements.txt (line 5))
2026-01-29T19:52:48.3565400Z   Downloading pluggy-1.6.0-py3-none-any.whl.metadata (4.8 kB)
2026-01-29T19:52:48.3758920Z Collecting pygments>=2.7.2 (from pytest>=7.4.0->-r requirements.txt (line 5))
2026-01-29T19:52:48.3797070Z   Downloading pygments-2.19.2-py3-none-any.whl.metadata (2.5 kB)
2026-01-29T19:52:48.3976800Z Collecting tomli>=1 (from pytest>=7.4.0->-r requirements.txt (line 5))
2026-01-29T19:52:48.4018840Z   Downloading tomli-2.4.0-py3-none-any.whl.metadata (10 kB)
2026-01-29T19:52:48.7584940Z Collecting coverage>=7.10.6 (from coverage[toml]>=7.10.6->pytest-cov>=4.1.0->-r requirements.txt (line 6))
2026-01-29T19:52:48.7685190Z   Downloading coverage-7.10.7-cp39-cp39-macosx_11_0_arm64.whl.metadata (8.9 kB)
2026-01-29T19:52:48.8245250Z Collecting click>=8.0.0 (from black>=23.7.0->-r requirements.txt (line 11))
2026-01-29T19:52:48.8289830Z   Downloading click-8.1.8-py3-none-any.whl.metadata (2.3 kB)
2026-01-29T19:52:48.8541840Z Collecting mypy-extensions>=0.4.3 (from black>=23.7.0->-r requirements.txt (line 11))
2026-01-29T19:52:48.8604410Z   Downloading mypy_extensions-1.1.0-py3-none-any.whl.metadata (1.1 kB)
2026-01-29T19:52:48.8785750Z Collecting pathspec>=0.9.0 (from black>=23.7.0->-r requirements.txt (line 11))
2026-01-29T19:52:48.8838280Z   Downloading pathspec-1.0.4-py3-none-any.whl.metadata (13 kB)
2026-01-29T19:52:48.9033210Z Collecting platformdirs>=2 (from black>=23.7.0->-r requirements.txt (line 11))
2026-01-29T19:52:48.9074060Z   Downloading platformdirs-4.4.0-py3-none-any.whl.metadata (12 kB)
2026-01-29T19:52:48.9297860Z Collecting pytokens>=0.3.0 (from black>=23.7.0->-r requirements.txt (line 11))
2026-01-29T19:52:48.9362200Z   Downloading pytokens-0.4.0-cp39-cp39-macosx_11_0_arm64.whl.metadata (3.8 kB)
2026-01-29T19:52:48.9639800Z Collecting typing-extensions>=4.0.1 (from black>=23.7.0->-r requirements.txt (line 11))
2026-01-29T19:52:48.9699770Z   Downloading typing_extensions-4.15.0-py3-none-any.whl.metadata (3.3 kB)
2026-01-29T19:52:48.9855800Z Collecting mccabe<0.8.0,>=0.7.0 (from flake8>=6.1.0->-r requirements.txt (line 12))
2026-01-29T19:52:48.9903020Z   Downloading mccabe-0.7.0-py2.py3-none-any.whl.metadata (5.0 kB)
2026-01-29T19:52:49.0042860Z Collecting pycodestyle<2.15.0,>=2.14.0 (from flake8>=6.1.0->-r requirements.txt (line 12))
2026-01-29T19:52:49.0080520Z   Downloading pycodestyle-2.14.0-py2.py3-none-any.whl.metadata (4.5 kB)
2026-01-29T19:52:49.0226090Z Collecting pyflakes<3.5.0,>=3.4.0 (from flake8>=6.1.0->-r requirements.txt (line 12))
2026-01-29T19:52:49.0265750Z   Downloading pyflakes-3.4.0-py2.py3-none-any.whl.metadata (3.5 kB)
2026-01-29T19:52:49.1617000Z Collecting librt>=0.6.2 (from mypy>=1.5.0->-r requirements.txt (line 13))
2026-01-29T19:52:49.1717640Z   Downloading librt-0.7.8-cp39-cp39-macosx_11_0_arm64.whl.metadata (1.3 kB)
2026-01-29T19:52:49.2125970Z Collecting mando<0.8,>=0.6 (from radon>=6.0.1->-r requirements.txt (line 16))
2026-01-29T19:52:49.2165560Z   Downloading mando-0.7.1-py2.py3-none-any.whl.metadata (7.4 kB)
2026-01-29T19:52:49.2320720Z Collecting colorama>=0.4.1 (from radon>=6.0.1->-r requirements.txt (line 16))
2026-01-29T19:52:49.2359910Z   Downloading colorama-0.4.6-py2.py3-none-any.whl.metadata (17 kB)
2026-01-29T19:52:49.2564500Z Collecting six (from mando<0.8,>=0.6->radon>=6.0.1->-r requirements.txt (line 16))
2026-01-29T19:52:49.2632090Z   Downloading six-1.17.0-py2.py3-none-any.whl.metadata (1.7 kB)
2026-01-29T19:52:49.2951030Z Collecting astroid<=3.4.0.dev0,>=3.3.8 (from pylint>=3.0.0->-r requirements.txt (line 17))
2026-01-29T19:52:49.2996210Z   Downloading astroid-3.3.11-py3-none-any.whl.metadata (4.4 kB)
2026-01-29T19:52:49.3140890Z Collecting dill>=0.2 (from pylint>=3.0.0->-r requirements.txt (line 17))
2026-01-29T19:52:49.3189120Z   Downloading dill-0.4.1-py3-none-any.whl.metadata (10 kB)
2026-01-29T19:52:49.3487370Z Collecting tomlkit>=0.10.1 (from pylint>=3.0.0->-r requirements.txt (line 17))
2026-01-29T19:52:49.3545430Z   Downloading tomlkit-0.14.0-py3-none-any.whl.metadata (2.8 kB)
2026-01-29T19:52:49.3875780Z Collecting importlib-metadata>=4.6.0 (from isort>=5.12.0->-r requirements.txt (line 20))
2026-01-29T19:52:49.3923360Z   Downloading importlib_metadata-8.7.1-py3-none-any.whl.metadata (4.7 kB)
2026-01-29T19:52:49.4401060Z Collecting zipp>=3.20 (from importlib-metadata>=4.6.0->isort>=5.12.0->-r requirements.txt (line 20))
2026-01-29T19:52:49.4467500Z   Downloading zipp-3.23.0-py3-none-any.whl.metadata (3.6 kB)
2026-01-29T19:52:49.4730350Z Downloading pytest-8.4.2-py3-none-any.whl (365 kB)
2026-01-29T19:52:49.4813250Z Downloading pluggy-1.6.0-py3-none-any.whl (20 kB)
2026-01-29T19:52:49.4868090Z Downloading pytest_cov-7.0.0-py3-none-any.whl (22 kB)
2026-01-29T19:52:49.4931210Z Downloading pytest_mock-3.15.1-py3-none-any.whl (10 kB)
2026-01-29T19:52:49.5032050Z Downloading psutil-7.2.2-cp36-abi3-macosx_11_0_arm64.whl (129 kB)
2026-01-29T19:52:49.5105920Z Downloading black-25.11.0-cp39-cp39-macosx_11_0_arm64.whl (1.6 MB)
2026-01-29T19:52:49.5259970Z    ━━━━━━━━━━━━━━━━━━━━━━━━━━━━━━━━━━━━━━━━ 1.6/1.6 MB 114.5 MB/s  0:00:00
2026-01-29T19:52:49.5298890Z Downloading flake8-7.3.0-py2.py3-none-any.whl (57 kB)
2026-01-29T19:52:49.5377140Z Downloading mccabe-0.7.0-py2.py3-none-any.whl (7.3 kB)
2026-01-29T19:52:49.5443270Z Downloading pycodestyle-2.14.0-py2.py3-none-any.whl (31 kB)
2026-01-29T19:52:49.5514550Z Downloading pyflakes-3.4.0-py2.py3-none-any.whl (63 kB)
2026-01-29T19:52:49.5604410Z Downloading mypy-1.19.1-cp39-cp39-macosx_11_0_arm64.whl (12.2 MB)
2026-01-29T19:52:49.6490250Z    ━━━━━━━━━━━━━━━━━━━━━━━━━━━━━━━━━━━━━━━━ 12.2/12.2 MB 142.3 MB/s  0:00:00
2026-01-29T19:52:49.6552420Z Downloading radon-6.0.1-py2.py3-none-any.whl (52 kB)
2026-01-29T19:52:49.6626380Z Downloading mando-0.7.1-py2.py3-none-any.whl (28 kB)
2026-01-29T19:52:49.6730180Z Downloading pylint-3.3.9-py3-none-any.whl (523 kB)
2026-01-29T19:52:49.6815400Z Downloading isort-6.1.0-py3-none-any.whl (94 kB)
2026-01-29T19:52:49.6903880Z Downloading astroid-3.3.11-py3-none-any.whl (275 kB)
2026-01-29T19:52:49.6996710Z Downloading autoflake-2.3.1-py3-none-any.whl (32 kB)
2026-01-29T19:52:49.7086470Z Downloading vulture-2.14-py2.py3-none-any.whl (28 kB)
2026-01-29T19:52:49.7264560Z Downloading click-8.1.8-py3-none-any.whl (98 kB)
2026-01-29T19:52:49.7429460Z Downloading colorama-0.4.6-py2.py3-none-any.whl (25 kB)
2026-01-29T19:52:49.7551460Z Downloading coverage-7.10.7-cp39-cp39-macosx_11_0_arm64.whl (218 kB)
2026-01-29T19:52:49.7687180Z Downloading dill-0.4.1-py3-none-any.whl (120 kB)
2026-01-29T19:52:49.7826130Z Downloading exceptiongroup-1.3.1-py3-none-any.whl (16 kB)
2026-01-29T19:52:49.7953720Z Downloading importlib_metadata-8.7.1-py3-none-any.whl (27 kB)
2026-01-29T19:52:49.8294070Z Downloading iniconfig-2.1.0-py3-none-any.whl (6.0 kB)
2026-01-29T19:52:49.8397440Z Downloading librt-0.7.8-cp39-cp39-macosx_11_0_arm64.whl (58 kB)
2026-01-29T19:52:49.8477310Z Downloading mypy_extensions-1.1.0-py3-none-any.whl (5.0 kB)
2026-01-29T19:52:49.8570440Z Downloading packaging-26.0-py3-none-any.whl (74 kB)
2026-01-29T19:52:49.8641760Z Downloading pathspec-1.0.4-py3-none-any.whl (55 kB)
2026-01-29T19:52:49.8726860Z Downloading platformdirs-4.4.0-py3-none-any.whl (18 kB)
2026-01-29T19:52:49.8809630Z Downloading pygments-2.19.2-py3-none-any.whl (1.2 MB)
2026-01-29T19:52:49.8880340Z    ━━━━━━━━━━━━━━━━━━━━━━━━━━━━━━━━━━━━━━━━ 1.2/1.2 MB 186.4 MB/s  0:00:00
2026-01-29T19:52:49.8929940Z Downloading pytokens-0.4.0-cp39-cp39-macosx_11_0_arm64.whl (160 kB)
2026-01-29T19:52:49.9000690Z Downloading tomli-2.4.0-py3-none-any.whl (14 kB)
2026-01-29T19:52:49.9067580Z Downloading tomlkit-0.14.0-py3-none-any.whl (39 kB)
2026-01-29T19:52:49.9131560Z Downloading typing_extensions-4.15.0-py3-none-any.whl (44 kB)
2026-01-29T19:52:49.9234920Z Downloading zipp-3.23.0-py3-none-any.whl (10 kB)
2026-01-29T19:52:49.9415470Z Downloading six-1.17.0-py2.py3-none-any.whl (11 kB)
2026-01-29T19:52:50.0394180Z Installing collected packages: zipp, typing-extensions, tomlkit, tomli, six, pytokens, pygments, pyflakes, pycodestyle, psutil, pluggy, platformdirs, pathspec, packaging, mypy-extensions, mccabe, librt, iniconfig, dill, coverage, colorama, click, vulture, mypy, mando, importlib-metadata, flake8, exceptiongroup, black, autoflake, astroid, radon, pytest, isort, pytest-mock, pytest-cov, pylint
2026-01-29T19:52:53.2611170Z 
2026-01-29T19:52:53.2657870Z Successfully installed astroid-3.3.11 autoflake-2.3.1 black-25.11.0 click-8.1.8 colorama-0.4.6 coverage-7.10.7 dill-0.4.1 exceptiongroup-1.3.1 flake8-7.3.0 importlib-metadata-8.7.1 iniconfig-2.1.0 isort-6.1.0 librt-0.7.8 mando-0.7.1 mccabe-0.7.0 mypy-1.19.1 mypy-extensions-1.1.0 packaging-26.0 pathspec-1.0.4 platformdirs-4.4.0 pluggy-1.6.0 psutil-7.2.2 pycodestyle-2.14.0 pyflakes-3.4.0 pygments-2.19.2 pylint-3.3.9 pytest-8.4.2 pytest-cov-7.0.0 pytest-mock-3.15.1 pytokens-0.4.0 radon-6.0.1 six-1.17.0 tomli-2.4.0 tomlkit-0.14.0 typing-extensions-4.15.0 vulture-2.14 zipp-3.23.0
2026-01-29T19:52:53.4125930Z ##[group]Run pytest --cov=forge --cov-report=xml --cov-report=term-missing
2026-01-29T19:52:53.4126350Z [36;1mpytest --cov=forge --cov-report=xml --cov-report=term-missing[0m
2026-01-29T19:52:53.4163390Z shell: /bin/bash -e {0}
2026-01-29T19:52:53.4163570Z env:
2026-01-29T19:52:53.4163830Z   pythonLocation: /Users/runner/hostedtoolcache/Python/3.9.13/arm64
2026-01-29T19:52:53.4164250Z   PKG_CONFIG_PATH: /Users/runner/hostedtoolcache/Python/3.9.13/arm64/lib/pkgconfig
2026-01-29T19:52:53.4164670Z   Python_ROOT_DIR: /Users/runner/hostedtoolcache/Python/3.9.13/arm64
2026-01-29T19:52:53.4165030Z   Python2_ROOT_DIR: /Users/runner/hostedtoolcache/Python/3.9.13/arm64
2026-01-29T19:52:53.4165440Z   Python3_ROOT_DIR: /Users/runner/hostedtoolcache/Python/3.9.13/arm64
2026-01-29T19:52:53.4165690Z ##[endgroup]
2026-01-29T19:52:53.7484640Z ============================= test session starts ==============================
2026-01-29T19:52:53.7485880Z platform darwin -- Python 3.9.13, pytest-8.4.2, pluggy-1.6.0 -- /Library/Frameworks/Python.framework/Versions/3.9/bin/python
2026-01-29T19:52:53.7486350Z cachedir: .pytest_cache
2026-01-29T19:52:53.7486550Z rootdir: /Users/runner/work/argos/argos/forge
2026-01-29T19:52:53.7486770Z configfile: pytest.ini
2026-01-29T19:52:53.7486940Z testpaths: tests
2026-01-29T19:52:53.7487090Z plugins: mock-3.15.1, cov-7.0.0
2026-01-29T19:52:55.1424150Z collecting ... collected 739 items
2026-01-29T19:52:55.1424520Z 
2026-01-29T19:52:55.1437040Z tests/test_argument_errors.py::TestArgumentErrorCreation::test_argument_error_with_single_message PASSED [  0%]
2026-01-29T19:52:55.1451980Z tests/test_argument_errors.py::TestArgumentErrorCreation::test_argument_error_with_validation_error PASSED [  0%]
2026-01-29T19:52:55.1453840Z tests/test_argument_errors.py::TestArgumentErrorCreation::test_argument_error_has_exit_code PASSED [  0%]
2026-01-29T19:52:55.1455830Z tests/test_argument_errors.py::TestArgumentErrorCreation::test_argument_error_preserves_original_exception PASSED [  0%]
2026-01-29T19:52:55.1460790Z tests/test_argument_errors.py::TestErrorMessageFormatting::test_formatted_error_includes_error_prefix PASSED [  0%]
2026-01-29T19:52:55.1473350Z tests/test_argument_errors.py::TestErrorMessageFormatting::test_formatted_error_includes_message PASSED [  0%]
2026-01-29T19:52:55.1494900Z tests/test_argument_errors.py::TestErrorMessageFormatting::test_formatted_error_includes_help_reference PASSED [  0%]
2026-01-29T19:52:55.1534040Z tests/test_argument_errors.py::TestErrorMessageFormatting::test_formatted_error_suggests_fixes PASSED [  1%]
2026-01-29T19:52:55.1568720Z tests/test_argument_errors.py::TestColoredOutput::test_plain_output_no_ansi_codes PASSED [  1%]
2026-01-29T19:52:55.1569700Z tests/test_argument_errors.py::TestColoredOutput::test_colored_output_has_ansi_codes PASSED [  1%]
2026-01-29T19:52:55.1570630Z tests/test_argument_errors.py::TestColoredOutput::test_colored_output_resets_at_end PASSED [  1%]
2026-01-29T19:52:55.1662120Z tests/test_argument_errors.py::TestColoredOutput::test_color_auto_detection PASSED [  1%]
2026-01-29T19:52:55.1662870Z tests/test_argument_errors.py::TestColoredOutput::test_color_detection_on_unix PASSED [  1%]
2026-01-29T19:52:55.1698120Z tests/test_argument_errors.py::TestColoredOutput::test_color_detection_on_windows_with_wt PASSED [  1%]
2026-01-29T19:52:55.1704220Z tests/test_argument_errors.py::TestColoredOutput::test_color_detection_no_tty PASSED [  2%]
2026-01-29T19:52:55.1706030Z tests/test_argument_errors.py::TestMultiLineErrors::test_multiline_error_preserves_structure PASSED [  2%]
2026-01-29T19:52:55.1706740Z tests/test_argument_errors.py::TestMultiLineErrors::test_error_with_suggestion_on_new_line PASSED [  2%]
2026-01-29T19:52:55.1707410Z tests/test_argument_errors.py::TestErrorContextInformation::test_error_includes_command_example PASSED [  2%]
2026-01-29T19:52:55.1708560Z tests/test_argument_errors.py::TestErrorContextInformation::test_error_shows_problematic_path PASSED [  2%]
2026-01-29T19:52:55.1709540Z tests/test_argument_errors.py::TestErrorContextInformation::test_error_references_documentation PASSED [  2%]
2026-01-29T19:52:55.1710240Z tests/test_argument_errors.py::TestValidationErrorConversion::test_convert_simple_validation_error PASSED [  2%]
2026-01-29T19:52:55.1710970Z tests/test_argument_errors.py::TestValidationErrorConversion::test_convert_validation_error_extracts_suggestion PASSED [  2%]
2026-01-29T19:52:55.1711740Z tests/test_argument_errors.py::TestValidationErrorConversion::test_convert_validation_error_adds_help_reference PASSED [  3%]
2026-01-29T19:52:55.1712470Z tests/test_argument_errors.py::TestErrorExitCodes::test_validation_error_has_exit_code_2 PASSED [  3%]
2026-01-29T19:52:55.1713070Z tests/test_argument_errors.py::TestErrorExitCodes::test_can_override_exit_code PASSED [  3%]
2026-01-29T19:52:55.1713700Z tests/test_argument_errors.py::TestErrorStringRepresentation::test_str_representation_is_user_friendly PASSED [  3%]
2026-01-29T19:52:55.1714410Z tests/test_argument_errors.py::TestErrorStringRepresentation::test_repr_includes_class_info PASSED [  3%]
2026-01-29T19:52:55.1719630Z tests/test_argument_parser.py::TestBasicParsing::test_parse_with_only_required_build_dir PASSED [  3%]
2026-01-29T19:52:55.1735500Z tests/test_argument_parser.py::TestBasicParsing::test_parse_with_source_dir_and_build_dir PASSED [  3%]
2026-01-29T19:52:55.1779540Z tests/test_argument_parser.py::TestBasicParsing::test_parse_with_all_optional_arguments PASSED [  4%]
2026-01-29T19:52:55.1780400Z tests/test_argument_parser.py::TestCMakeArguments::test_parse_cmake_args_single_value PASSED [  4%]
2026-01-29T19:52:55.1784440Z tests/test_argument_parser.py::TestCMakeArguments::test_parse_cmake_args_multiple_values PASSED [  4%]
2026-01-29T19:52:55.1800040Z tests/test_argument_parser.py::TestCMakeArguments::test_parse_build_args_single_value PASSED [  4%]
2026-01-29T19:52:55.1815070Z tests/test_argument_parser.py::TestCMakeArguments::test_parse_build_args_multiple_values PASSED [  4%]
2026-01-29T19:52:55.1830330Z tests/test_argument_parser.py::TestFlags::test_parse_verbose_flag PASSED [  4%]
2026-01-29T19:52:55.1845580Z tests/test_argument_parser.py::TestFlags::test_parse_without_verbose_flag PASSED [  4%]
2026-01-29T19:52:55.1863230Z tests/test_argument_parser.py::TestFlags::test_parse_project_name_override PASSED [  5%]
2026-01-29T19:52:55.1878180Z tests/test_argument_parser.py::TestFlags::test_parse_no_configure_flag PASSED [  5%]
2026-01-29T19:52:55.1991430Z tests/test_argument_parser.py::TestFlags::test_parse_clean_build_flag PASSED [  5%]
2026-01-29T19:52:55.2004570Z tests/test_argument_parser.py::TestHelpAndVersion::test_help_message_generation PASSED [  5%]
2026-01-29T19:52:55.2005180Z tests/test_argument_parser.py::TestHelpAndVersion::test_version_output PASSED [  5%]
2026-01-29T19:52:55.2005770Z tests/test_argument_parser.py::TestPathHandling::test_relative_paths_converted_to_absolute PASSED [  5%]
2026-01-29T19:52:55.2006440Z tests/test_argument_parser.py::TestPathHandling::test_tilde_expansion_in_paths PASSED [  5%]
2026-01-29T19:52:55.2007160Z tests/test_argument_parser.py::TestSysArgvSimulation::test_parse_from_sys_argv PASSED [  5%]
2026-01-29T19:52:55.2007860Z tests/test_argument_parser.py::TestSysArgvSimulation::test_parse_with_equals_syntax PASSED [  6%]
2026-01-29T19:52:55.2016280Z tests/test_argument_parser.py::TestDefaultValues::test_default_values_set_correctly PASSED [  6%]
2026-01-29T19:52:55.2031750Z tests/test_argument_parser.py::TestErrorCases::test_parse_without_required_argument PASSED [  6%]
2026-01-29T19:52:55.2052170Z tests/test_argument_parser.py::TestErrorCases::test_parse_with_unknown_argument PASSED [  6%]
2026-01-29T19:52:55.2064200Z tests/test_argument_validation.py::TestValidArgumentCombinations::test_validate_with_existing_source_and_build_dirs PASSED [  6%]
2026-01-29T19:52:55.2146240Z tests/test_argument_validation.py::TestValidArgumentCombinations::test_validate_with_source_dir_only PASSED [  6%]
2026-01-29T19:52:55.2147670Z tests/test_argument_validation.py::TestValidArgumentCombinations::test_validate_with_build_dir_only PASSED [  6%]
2026-01-29T19:52:55.2150190Z tests/test_argument_validation.py::TestValidArgumentCombinations::test_validate_with_valid_database_path PASSED [  7%]
2026-01-29T19:52:55.2150980Z tests/test_argument_validation.py::TestValidArgumentCombinations::test_validate_creates_build_dir_when_missing_with_source_dir PASSED [  7%]
2026-01-29T19:52:55.2151850Z tests/test_argument_validation.py::TestBuildDirectoryValidation::test_error_when_build_dir_missing_and_no_source_dir PASSED [  7%]
2026-01-29T19:52:55.2152630Z tests/test_argument_validation.py::TestBuildDirectoryValidation::test_error_when_build_dir_missing_no_cmake_cache PASSED [  7%]
2026-01-29T19:52:55.2153430Z tests/test_argument_validation.py::TestSourceDirectoryValidation::test_error_when_source_dir_does_not_exist PASSED [  7%]
2026-01-29T19:52:55.2157430Z tests/test_argument_validation.py::TestSourceDirectoryValidation::test_error_when_source_dir_missing_cmakelists PASSED [  7%]
2026-01-29T19:52:55.2170500Z tests/test_argument_validation.py::TestSourceDirectoryValidation::test_error_when_source_dir_is_file PASSED [  7%]
2026-01-29T19:52:55.2186610Z tests/test_argument_validation.py::TestDatabaseValidation::test_error_when_database_path_is_directory PASSED [  7%]
2026-01-29T19:52:55.2208220Z tests/test_argument_validation.py::TestDatabaseValidation::test_error_when_database_parent_does_not_exist PASSED [  8%]
2026-01-29T19:52:55.2247450Z tests/test_argument_validation.py::TestPathNormalization::test_paths_are_absolute PASSED [  8%]
2026-01-29T19:52:55.2311730Z tests/test_argument_validation.py::TestPathNormalization::test_symlinks_are_resolved PASSED [  8%]
2026-01-29T19:52:55.2315100Z tests/test_argument_validation.py::TestMutuallyExclusiveOptions::test_no_configure_requires_existing_build PASSED [  8%]
2026-01-29T19:52:55.2390700Z tests/test_argument_validation.py::TestMutuallyExclusiveOptions::test_no_configure_with_nonexistent_build_dir PASSED [  8%]
2026-01-29T19:52:55.2391740Z tests/test_argument_validation.py::TestMutuallyExclusiveOptions::test_clean_build_with_no_configure_is_invalid PASSED [  8%]
2026-01-29T19:52:55.2392590Z tests/test_argument_validation.py::TestValidationErrorMessages::test_error_message_includes_path PASSED [  8%]
2026-01-29T19:52:55.2393320Z tests/test_argument_validation.py::TestValidationErrorMessages::test_error_message_suggests_fix PASSED [  9%]
2026-01-29T19:52:55.2394070Z tests/test_argument_validation.py::TestValidationErrorMessages::test_validation_error_has_context PASSED [  9%]
2026-01-29T19:52:55.2394800Z tests/test_argument_validation.py::TestMultipleValidationErrors::test_reports_first_error_encountered PASSED [  9%]
2026-01-29T19:52:55.2454570Z tests/test_build_inspection_integration.py::TestCompleteSuccessfulBuild::test_complete_ninja_build_inspection PASSED [  9%]
2026-01-29T19:52:55.2478320Z tests/test_build_inspection_integration.py::TestCompleteSuccessfulBuild::test_complete_make_build_inspection PASSED [  9%]
2026-01-29T19:52:55.2504970Z tests/test_build_inspection_integration.py::TestBuildWithWarnings::test_build_with_gcc_warnings PASSED [  9%]
2026-01-29T19:52:55.2505770Z tests/test_build_inspection_integration.py::TestBuildWithWarnings::test_build_with_msvc_warnings PASSED [  9%]
2026-01-29T19:52:55.2513060Z tests/test_build_inspection_integration.py::TestFailedBuild::test_build_with_compilation_errors PASSED [ 10%]
2026-01-29T19:52:55.2544460Z tests/test_build_inspection_integration.py::TestFailedBuild::test_build_with_link_errors PASSED [ 10%]
2026-01-29T19:52:55.2593710Z tests/test_build_inspection_integration.py::TestPartialOutput::test_build_with_minimal_output PASSED [ 10%]
2026-01-29T19:52:55.2697150Z tests/test_build_inspection_integration.py::TestPartialOutput::test_build_with_empty_output PASSED [ 10%]
2026-01-29T19:52:55.2717720Z tests/test_build_inspection_integration.py::TestPartialOutput::test_build_without_source_dir PASSED [ 10%]
2026-01-29T19:52:55.2812820Z tests/test_build_inspection_integration.py::TestMetadataCompleteness::test_metadata_has_all_required_fields PASSED [ 10%]
2026-01-29T19:52:55.2871620Z tests/test_build_inspection_integration.py::TestMetadataCompleteness::test_targets_list_is_correct_type PASSED [ 10%]
2026-01-29T19:52:55.2924550Z tests/test_build_inspection_integration.py::TestMetadataCompleteness::test_warnings_list_is_correct_type PASSED [ 10%]
2026-01-29T19:52:55.2947230Z tests/test_build_inspection_integration.py::TestIntegrationWithRealFixtures::test_with_ninja_fixture PASSED [ 11%]
2026-01-29T19:52:55.3009080Z tests/test_build_inspection_integration.py::TestEdgeCases::test_multiple_projects_use_first PASSED [ 11%]
2026-01-29T19:52:55.3010030Z tests/test_build_inspection_integration.py::TestEdgeCases::test_ansi_color_codes_handled PASSED [ 11%]
2026-01-29T19:52:55.3105960Z tests/test_build_inspection_integration.py::TestEdgeCases::test_very_large_output PASSED [ 11%]
2026-01-29T19:52:55.3121150Z tests/test_cmake_detection.py::TestCMakeDetection::test_cmake_detected_when_available PASSED [ 11%]
2026-01-29T19:52:55.3129740Z tests/test_cmake_detection.py::TestCMakeDetection::test_cmake_not_found_returns_false PASSED [ 11%]
2026-01-29T19:52:55.3147130Z tests/test_cmake_detection.py::TestCMakeDetection::test_cmake_check_handles_other_exceptions PASSED [ 11%]
2026-01-29T19:52:55.3152730Z tests/test_cmake_detection.py::TestCMakeDetection::test_cmake_check_handles_nonzero_exit_code PASSED [ 12%]
2026-01-29T19:52:55.3164950Z tests/test_cmake_detection.py::TestCMakeDetection::test_cmake_check_uses_timeout PASSED [ 12%]
2026-01-29T19:52:55.3178790Z tests/test_cmake_detection.py::TestCMakeVersionExtraction::test_get_version_standard_format PASSED [ 12%]
2026-01-29T19:52:55.3190960Z tests/test_cmake_detection.py::TestCMakeVersionExtraction::test_get_version_two_part_version PASSED [ 12%]
2026-01-29T19:52:55.3224580Z tests/test_cmake_detection.py::TestCMakeVersionExtraction::test_get_version_with_patch_and_suffix PASSED [ 12%]
2026-01-29T19:52:55.3226390Z tests/test_cmake_detection.py::TestCMakeVersionExtraction::test_get_version_multiline_output PASSED [ 12%]
2026-01-29T19:52:55.3227150Z tests/test_cmake_detection.py::TestCMakeVersionExtraction::test_get_version_cmake_not_found PASSED [ 12%]
2026-01-29T19:52:55.3232520Z tests/test_cmake_detection.py::TestCMakeVersionExtraction::test_get_version_handles_exceptions PASSED [ 12%]
2026-01-29T19:52:55.3245200Z tests/test_cmake_detection.py::TestCMakeVersionExtraction::test_get_version_invalid_output_format PASSED [ 13%]
2026-01-29T19:52:55.3257090Z tests/test_cmake_detection.py::TestCMakeVersionExtraction::test_get_version_empty_output PASSED [ 13%]
2026-01-29T19:52:55.3268280Z tests/test_cmake_detection.py::TestCMakeVersionExtraction::test_get_version_with_rc_suffix PASSED [ 13%]
2026-01-29T19:52:55.3280430Z tests/test_cmake_detection.py::TestVersionComparison::test_compare_version_greater PASSED [ 13%]
2026-01-29T19:52:55.3281120Z tests/test_cmake_detection.py::TestVersionComparison::test_compare_version_less PASSED [ 13%]
2026-01-29T19:52:55.3287280Z tests/test_cmake_detection.py::TestVersionComparison::test_compare_version_equal PASSED [ 13%]
2026-01-29T19:52:55.3292820Z tests/test_cmake_detection.py::TestVersionComparison::test_compare_version_different_lengths PASSED [ 13%]
2026-01-29T19:52:55.3298260Z tests/test_cmake_detection.py::TestVersionComparison::test_compare_version_major_difference PASSED [ 14%]
2026-01-29T19:52:55.3303530Z tests/test_cmake_detection.py::TestVersionComparison::test_compare_version_with_suffix_ignored PASSED [ 14%]
2026-01-29T19:52:55.3314700Z tests/test_cmake_detection.py::TestVersionComparison::test_check_minimum_version_success PASSED [ 14%]
2026-01-29T19:52:55.3327810Z tests/test_cmake_detection.py::TestVersionComparison::test_check_minimum_version_fail PASSED [ 14%]
2026-01-29T19:52:55.3335830Z tests/test_cmake_detection.py::TestVersionComparison::test_check_minimum_version_equal PASSED [ 14%]
2026-01-29T19:52:55.3343260Z tests/test_cmake_detection.py::TestVersionComparison::test_check_minimum_version_cmake_not_found PASSED [ 14%]
2026-01-29T19:52:55.3358530Z tests/test_cmake_detection.py::TestCMakePathResolution::test_cmake_found_in_path PASSED [ 14%]
2026-01-29T19:52:55.3365780Z tests/test_cmake_detection.py::TestCMakePathResolution::test_cmake_custom_path PASSED [ 15%]
2026-01-29T19:52:55.3402650Z tests/test_cmake_detection.py::TestCMakePathResolution::test_cmake_path_with_spaces PASSED [ 15%]
2026-01-29T19:52:55.3415530Z tests/test_cmake_detection.py::TestCMakeDetectionIntegration::test_detection_before_execution PASSED [ 15%]
2026-01-29T19:52:55.3433810Z tests/test_cmake_detection.py::TestCMakeDetectionIntegration::test_version_info_caching PASSED [ 15%]
2026-01-29T19:52:55.3442800Z tests/test_cmake_detection.py::TestCMakeDetectionIntegration::test_helpful_error_message_when_cmake_missing PASSED [ 15%]
2026-01-29T19:52:55.4230980Z tests/test_cmake_detection.py::TestRealCMakeDetection::test_real_cmake_detection PASSED [ 15%]
2026-01-29T19:52:55.4254940Z tests/test_configure_inspection.py::TestCMakeVersionExtraction::test_extract_cmake_version_from_linux_output PASSED [ 15%]
2026-01-29T19:52:55.4266880Z tests/test_configure_inspection.py::TestCMakeVersionExtraction::test_extract_cmake_version_from_windows_output PASSED [ 15%]
2026-01-29T19:52:55.4277320Z tests/test_configure_inspection.py::TestCMakeVersionExtraction::test_extract_cmake_version_from_macos_output PASSED [ 16%]
2026-01-29T19:52:55.4288760Z tests/test_configure_inspection.py::TestCMakeVersionExtraction::test_cmake_version_none_when_missing PASSED [ 16%]
2026-01-29T19:52:55.4296590Z tests/test_configure_inspection.py::TestGeneratorDetection::test_detect_visual_studio_generator PASSED [ 16%]
2026-01-29T19:52:55.4303900Z tests/test_configure_inspection.py::TestGeneratorDetection::test_generator_none_when_not_specified PASSED [ 16%]
2026-01-29T19:52:55.4311770Z tests/test_configure_inspection.py::TestCompilerDetection::test_detect_gccompiler_c PASSED [ 16%]
2026-01-29T19:52:55.4321740Z tests/test_configure_inspection.py::TestCompilerDetection::test_detect_msvcompiler_c PASSED [ 16%]
2026-01-29T19:52:55.4329710Z tests/test_configure_inspection.py::TestCompilerDetection::test_detect_clang_compiler PASSED [ 16%]
2026-01-29T19:52:55.4335830Z tests/test_configure_inspection.py::TestCompilerDetection::test_compiler_none_when_missing PASSED [ 17%]
2026-01-29T19:52:55.4345430Z tests/test_configure_inspection.py::TestSystemInfoExtraction::test_extract_linux_system_info PASSED [ 17%]
2026-01-29T19:52:55.4352960Z tests/test_configure_inspection.py::TestSystemInfoExtraction::test_extract_windows_system_info PASSED [ 17%]
2026-01-29T19:52:55.4360690Z tests/test_configure_inspection.py::TestSystemInfoExtraction::test_extract_macos_system_info PASSED [ 17%]
2026-01-29T19:52:55.4367610Z tests/test_configure_inspection.py::TestSystemInfoExtraction::test_system_info_none_when_missing PASSED [ 17%]
2026-01-29T19:52:55.4377170Z tests/test_configure_inspection.py::TestFoundPackagesDetection::test_detect_single_package PASSED [ 17%]
2026-01-29T19:52:55.4387640Z tests/test_configure_inspection.py::TestFoundPackagesDetection::test_detect_multiple_packages PASSED [ 17%]
2026-01-29T19:52:55.4396020Z tests/test_configure_inspection.py::TestFoundPackagesDetection::test_package_order_preserved PASSED [ 17%]
2026-01-29T19:52:55.4402610Z tests/test_configure_inspection.py::TestFoundPackagesDetection::test_no_packages_when_none_found PASSED [ 18%]
2026-01-29T19:52:55.4412850Z tests/test_configure_inspection.py::TestFoundPackagesDetection::test_python_package_detected PASSED [ 18%]
2026-01-29T19:52:55.4424570Z tests/test_configure_inspection.py::TestBuildTypeDetection::test_detect_release_build_type PASSED [ 18%]
2026-01-29T19:52:55.4465810Z tests/test_configure_inspection.py::TestBuildTypeDetection::test_detect_debug_build_type PASSED [ 18%]
2026-01-29T19:52:55.4466670Z tests/test_configure_inspection.py::TestBuildTypeDetection::test_detect_relwithdebinfo_build_type PASSED [ 18%]
2026-01-29T19:52:55.4468240Z tests/test_configure_inspection.py::TestBuildTypeDetection::test_build_type_none_when_missing PASSED [ 18%]
2026-01-29T19:52:55.4469190Z tests/test_configure_inspection.py::TestBuildTypeDetection::test_detect_build_type_from_cache_variable PASSED [ 18%]
2026-01-29T19:52:55.4470260Z tests/test_configure_inspection.py::TestBuildTypeDetection::test_detect_build_type_from_cache_variable_release PASSED [ 19%]
2026-01-29T19:52:55.4472630Z tests/test_configure_inspection.py::TestBuildTypeDetection::test_detect_build_type_from_simple_assignment PASSED [ 19%]
2026-01-29T19:52:55.4479540Z tests/test_configure_inspection.py::TestPartialInformation::test_handle_minimal_output PASSED [ 19%]
2026-01-29T19:52:55.4485320Z tests/test_configure_inspection.py::TestPartialInformation::test_handle_empty_output PASSED [ 19%]
2026-01-29T19:52:55.4493250Z tests/test_configure_inspection.py::TestPartialInformation::test_handle_partial_compiler_info PASSED [ 19%]
2026-01-29T19:52:55.4505800Z tests/test_configure_inspection.py::TestCrossPlatformOutput::test_all_platforms_return_valid_metadata PASSED [ 19%]
2026-01-29T19:52:55.4518700Z tests/test_configure_inspection.py::TestCrossPlatformOutput::test_platform_specificompiler_cs_detected PASSED [ 19%]
2026-01-29T19:52:55.4525620Z tests/test_configure_inspection.py::TestMetadataIntegrity::test_metadata_has_all_fields PASSED [ 20%]
2026-01-29T19:52:55.4533320Z tests/test_configure_inspection.py::TestMetadataIntegrity::test_found_packages_is_list PASSED [ 20%]
2026-01-29T19:52:55.4542840Z tests/test_configure_inspection.py::TestMetadataIntegrity::test_string_fields_are_strings_or_none PASSED [ 20%]
2026-01-29T19:52:55.4555620Z tests/test_database_schema.py::TestDatabaseCreation::test_database_creation_with_none_path_uses_default PASSED [ 20%]
2026-01-29T19:52:55.4732370Z tests/test_database_schema.py::TestDatabaseCreation::test_context_manager_closes_connection PASSED [ 20%]
2026-01-29T19:52:55.4837420Z tests/test_database_schema.py::TestDatabaseCreation::test_database_creation_in_temporary_location PASSED [ 20%]
2026-01-29T19:52:55.5070940Z tests/test_database_schema.py::TestDatabaseCreation::test_database_creation_in_default_location PASSED [ 20%]
2026-01-29T19:52:55.5270650Z tests/test_database_schema.py::TestDatabaseCreation::test_database_connection_established PASSED [ 20%]
2026-01-29T19:52:55.5451790Z tests/test_database_schema.py::TestDatabaseCreation::test_idempotent_initialization PASSED [ 21%]
2026-01-29T19:52:55.5632150Z tests/test_database_schema.py::TestTableStructure::test_all_tables_created PASSED [ 21%]
2026-01-29T19:52:55.5776060Z tests/test_database_schema.py::TestTableStructure::test_configurations_table_columns PASSED [ 21%]
2026-01-29T19:52:55.5902570Z tests/test_database_schema.py::TestTableStructure::test_builds_table_columns PASSED [ 21%]
2026-01-29T19:52:55.6032880Z tests/test_database_schema.py::TestTableStructure::test_warnings_table_columns PASSED [ 21%]
2026-01-29T19:52:55.6140400Z tests/test_database_schema.py::TestTableStructure::test_errors_table_columns PASSED [ 21%]
2026-01-29T19:52:55.6257310Z tests/test_database_schema.py::TestTableStructure::test_build_targets_table_columns PASSED [ 21%]
2026-01-29T19:52:55.6373320Z tests/test_database_schema.py::TestIndexes::test_all_indexes_created PASSED [ 22%]
2026-01-29T19:52:55.6488760Z tests/test_database_schema.py::TestConstraints::test_foreign_key_constraints_enabled PASSED [ 22%]
2026-01-29T19:52:55.6626950Z tests/test_database_schema.py::TestConstraints::test_builds_foreign_key_to_configurations PASSED [ 22%]
2026-01-29T19:52:55.6754690Z tests/test_database_schema.py::TestConstraints::test_builds_foreign_key_constraint_enforced PASSED [ 22%]
2026-01-29T19:52:55.6934190Z tests/test_database_schema.py::TestConstraints::test_warnings_foreign_key_cascade_delete PASSED [ 22%]
2026-01-29T19:52:55.7149430Z tests/test_database_schema.py::TestConstraints::test_errors_foreign_key_cascade_delete PASSED [ 22%]
2026-01-29T19:52:55.7252360Z tests/test_database_schema.py::TestConstraints::test_default_values_set_correctly PASSED [ 22%]
2026-01-29T19:52:55.7370410Z tests/test_database_schema.py::TestConstraints::test_builds_default_warning_error_counts PASSED [ 23%]
2026-01-29T19:52:55.7496300Z tests/test_database_schema.py::TestConnectionManagement::test_connection_reuse PASSED [ 23%]
2026-01-29T19:52:55.7671590Z tests/test_database_schema.py::TestConnectionManagement::test_close_connection PASSED [ 23%]
2026-01-29T19:52:55.7703760Z tests/test_documentation.py::TestModuleDocstrings::test_main_package_docstring PASSED [ 23%]
2026-01-29T19:52:55.7714070Z tests/test_documentation.py::TestModuleDocstrings::test_models_package_docstring PASSED [ 23%]
2026-01-29T19:52:55.7719430Z tests/test_documentation.py::TestModuleDocstrings::test_utils_package_docstring PASSED [ 23%]
2026-01-29T19:52:55.7730140Z tests/test_documentation.py::TestClassDocstrings::test_data_model_classes_have_docstrings PASSED [ 23%]
2026-01-29T19:52:55.7743020Z tests/test_documentation.py::TestClassDocstrings::test_cli_classes_have_docstrings PASSED [ 23%]
2026-01-29T19:52:55.7760660Z tests/test_documentation.py::TestClassDocstrings::test_cmake_classes_have_docstrings PASSED [ 24%]
2026-01-29T19:52:55.7772410Z tests/test_documentation.py::TestClassDocstrings::test_inspector_classes_have_docstrings PASSED [ 24%]
2026-01-29T19:52:55.7780340Z tests/test_documentation.py::TestClassDocstrings::test_storage_classes_have_docstrings PASSED [ 24%]
2026-01-29T19:52:55.7788350Z tests/test_documentation.py::TestMethodDocstrings::test_cmake_executor_methods_have_docstrings PASSED [ 24%]
2026-01-29T19:52:55.7805360Z tests/test_documentation.py::TestMethodDocstrings::test_parameter_manager_methods_have_docstrings PASSED [ 24%]
2026-01-29T19:52:55.7811600Z tests/test_documentation.py::TestMethodDocstrings::test_build_inspector_methods_have_docstrings PASSED [ 24%]
2026-01-29T19:52:55.7822730Z tests/test_documentation.py::TestMethodDocstrings::test_persistence_methods_have_docstrings PASSED [ 24%]
2026-01-29T19:52:55.7831840Z tests/test_documentation.py::TestFunctionDocstrings::test_formatting_functions_have_docstrings PASSED [ 25%]
2026-01-29T19:52:55.7838230Z tests/test_documentation.py::TestFunctionDocstrings::test_logging_config_functions_have_docstrings PASSED [ 25%]
2026-01-29T19:52:55.7844750Z tests/test_documentation.py::TestDocstringFormat::test_forge_arguments_docstring_format PASSED [ 25%]
2026-01-29T19:52:55.7862690Z tests/test_documentation.py::TestDocstringFormat::test_executor_execute_configure_docstring_format PASSED [ 25%]
2026-01-29T19:52:55.7868390Z tests/test_documentation.py::TestDocstringFormat::test_format_duration_docstring_format PASSED [ 25%]
2026-01-29T19:52:55.7876870Z tests/test_documentation.py::TestDocstringCompleteness::test_parameter_docstrings_match_signatures PASSED [ 25%]
2026-01-29T19:52:55.7883170Z tests/test_documentation.py::TestDocstringCompleteness::test_return_types_documented PASSED [ 25%]
2026-01-29T19:52:55.7896600Z tests/test_documentation.py::TestDocstringExamples::test_format_duration_examples PASSED [ 25%]
2026-01-29T19:52:55.7900630Z tests/test_documentation.py::TestDocstringExamples::test_format_timestamp_examples PASSED [ 26%]
2026-01-29T19:52:55.7915060Z tests/test_documentation.py::TestAPIExportCompleteness::test_models_all_export PASSED [ 26%]
2026-01-29T19:53:00.7004320Z tests/test_e2e_samples.py::TestSimpleExecutable::test_configure_and_build_simple_executable PASSED [ 26%]
2026-01-29T19:53:01.9336550Z tests/test_e2e_samples.py::TestSimpleExecutable::test_build_only_simple_executable PASSED [ 26%]
2026-01-29T19:53:03.6293470Z tests/test_e2e_samples.py::TestMultipleTargets::test_multiple_targets_project PASSED [ 26%]
2026-01-29T19:53:04.8770980Z tests/test_e2e_samples.py::TestHeaderOnlyLibrary::test_header_only_library PASSED [ 26%]
2026-01-29T19:53:05.9330640Z tests/test_e2e_samples.py::TestSubdirectories::test_project_with_subdirectories PASSED [ 26%]
2026-01-29T19:53:07.2539710Z tests/test_e2e_samples.py::TestBuildTypes::test_debug_build PASSED       [ 27%]
2026-01-29T19:53:08.5224610Z tests/test_e2e_samples.py::TestBuildTypes::test_release_build PASSED     [ 27%]
2026-01-29T19:53:09.7505650Z tests/test_e2e_samples.py::TestEndToEndWorkflow::test_complete_workflow_with_metadata PASSED [ 27%]
2026-01-29T19:53:10.8229890Z tests/test_e2e_samples.py::TestEndToEndWorkflow::test_verbose_output PASSED [ 27%]
2026-01-29T19:53:12.9963420Z tests/test_e2e_samples.py::TestDataPersistence::test_multiple_builds_same_project PASSED [ 27%]
2026-01-29T19:53:15.0776120Z tests/test_e2e_samples.py::TestDataPersistence::test_multiple_different_projects PASSED [ 27%]
2026-01-29T19:53:15.2243110Z tests/test_edge_cases.py::TestVeryLongOutput::test_very_long_configure_output PASSED [ 27%]
2026-01-29T19:53:15.3709800Z tests/test_edge_cases.py::TestUnicodeOutput::test_unicode_in_configure_output PASSED [ 28%]
2026-01-29T19:53:15.5724580Z tests/test_edge_cases.py::TestPathsWithSpecialCharacters::test_path_with_spaces PASSED [ 28%]
2026-01-29T19:53:15.7550690Z tests/test_edge_cases.py::TestBuildDuration::test_very_quick_build PASSED [ 28%]
2026-01-29T19:53:15.7661490Z tests/test_edge_cases.py::TestDatabaseEdgeCases::test_database_directory_not_exists PASSED [ 28%]
2026-01-29T19:53:15.7764040Z tests/test_executor_basic.py::TestSuccessfulExecution::test_execute_configure_success PASSED [ 28%]
2026-01-29T19:53:15.7865760Z tests/test_executor_basic.py::TestSuccessfulExecution::test_execute_build_success PASSED [ 28%]
2026-01-29T19:53:15.7955240Z tests/test_executor_basic.py::TestSuccessfulExecution::test_execute_with_echo_command PASSED [ 28%]
2026-01-29T19:53:15.7955980Z tests/test_executor_basic.py::TestFailedExecution::test_execute_configure_failure PASSED [ 28%]
2026-01-29T19:53:15.7956730Z tests/test_executor_basic.py::TestFailedExecution::test_execute_build_failure PASSED [ 29%]
2026-01-29T19:53:15.8022180Z tests/test_executor_basic.py::TestFailedExecution::test_execute_with_failing_command PASSED [ 29%]
2026-01-29T19:53:15.8068820Z tests/test_executor_basic.py::TestCommandNotFound::test_command_not_found_configure PASSED [ 29%]
2026-01-29T19:53:15.8103350Z tests/test_executor_basic.py::TestCommandNotFound::test_command_not_found_build PASSED [ 29%]
2026-01-29T19:53:15.8119400Z tests/test_executor_basic.py::TestCommandNotFound::test_general_exception_configure PASSED [ 29%]
2026-01-29T19:53:15.8123110Z tests/test_executor_basic.py::TestCommandNotFound::test_general_exception_build PASSED [ 29%]
2026-01-29T19:53:15.8174650Z tests/test_executor_basic.py::TestTimeoutHandling::test_execution_timeout PASSED [ 29%]
2026-01-29T19:53:15.8212840Z tests/test_executor_basic.py::TestTimeoutHandling::test_timeout_with_existing_stderr PASSED [ 30%]
2026-01-29T19:53:15.8235480Z tests/test_executor_basic.py::TestTimeoutHandling::test_timeout_build_command PASSED [ 30%]
2026-01-29T19:53:15.8295360Z tests/test_executor_basic.py::TestWorkingDirectory::test_working_directory_is_set PASSED [ 30%]
2026-01-29T19:53:15.8326990Z tests/test_executor_basic.py::TestWorkingDirectory::test_default_working_directory PASSED [ 30%]
2026-01-29T19:53:15.8465160Z tests/test_executor_basic.py::TestResultObjectPopulation::test_configure_result_has_all_fields PASSED [ 30%]
2026-01-29T19:53:15.8777620Z tests/test_executor_basic.py::TestResultObjectPopulation::test_build_result_has_all_fields PASSED [ 30%]
2026-01-29T19:53:15.9356820Z tests/test_executor_basic.py::TestResultObjectPopulation::test_stdout_is_captured PASSED [ 30%]
2026-01-29T19:53:15.9862610Z tests/test_executor_basic.py::TestResultObjectPopulation::test_stderr_is_captured PASSED [ 30%]
2026-01-29T19:53:16.0344970Z tests/test_executor_basic.py::TestExitCodeCapture::test_exit_code_zero PASSED [ 31%]
2026-01-29T19:53:16.0648350Z tests/test_executor_basic.py::TestExitCodeCapture::test_exit_code_nonzero PASSED [ 31%]
2026-01-29T19:53:16.0749960Z tests/test_executor_basic.py::TestExitCodeCapture::test_exit_code_in_result_object PASSED [ 31%]
2026-01-29T19:53:16.1052530Z tests/test_executor_integration.py::TestRealProcessExecution::test_real_stdout_capture PASSED [ 31%]
2026-01-29T19:53:16.1391350Z tests/test_executor_integration.py::TestRealProcessExecution::test_real_stderr_capture PASSED [ 31%]
2026-01-29T19:53:16.1649140Z tests/test_executor_integration.py::TestRealProcessExecution::test_real_exit_code_success PASSED [ 31%]
2026-01-29T19:53:16.1836670Z tests/test_executor_integration.py::TestRealProcessExecution::test_real_exit_code_failure PASSED [ 31%]
2026-01-29T19:53:16.1871410Z tests/test_executor_integration.py::TestRealProcessExecution::test_real_command_not_found PASSED [ 32%]
2026-01-29T19:53:16.2090800Z tests/test_executor_integration.py::TestRealProcessExecution::test_real_unicode_output PASSED [ 32%]
2026-01-29T19:53:16.2393350Z tests/test_executor_integration.py::TestRealProcessExecution::test_real_large_output PASSED [ 32%]
2026-01-29T19:53:16.2695070Z tests/test_executor_integration.py::TestRealProcessExecution::test_real_multiline_output PASSED [ 32%]
2026-01-29T19:53:16.2895770Z tests/test_executor_integration.py::TestRealProcessExecution::test_real_mixed_output PASSED [ 32%]
2026-01-29T19:53:16.3097780Z tests/test_executor_integration.py::TestRealProcessExecution::test_real_empty_output PASSED [ 32%]
2026-01-29T19:53:16.3401160Z tests/test_executor_integration.py::TestRealProcessExecution::test_real_working_directory PASSED [ 32%]
2026-01-29T19:53:16.4767520Z tests/test_executor_integration.py::TestRealProcessExecution::test_real_timing_accuracy PASSED [ 33%]
2026-01-29T19:53:16.5146310Z tests/test_executor_integration.py::TestRealProcessExecution::test_real_multiple_executions_independent PASSED [ 33%]
2026-01-29T19:53:16.5367600Z tests/test_executor_integration.py::TestRealBuildExecution::test_real_build_stdout_capture PASSED [ 33%]
2026-01-29T19:53:16.5780180Z tests/test_executor_integration.py::TestRealBuildExecution::test_real_build_exit_code PASSED [ 33%]
2026-01-29T19:53:16.6687260Z tests/test_executor_integration.py::TestRealBuildExecution::test_real_build_timing PASSED [ 33%]
2026-01-29T19:53:16.6889250Z tests/test_executor_integration.py::TestRealStreamingBehavior::test_real_streaming_enabled PASSED [ 33%]
2026-01-29T19:53:16.7190500Z tests/test_executor_integration.py::TestRealStreamingBehavior::test_real_streaming_disabled PASSED [ 33%]
2026-01-29T19:53:17.2244400Z tests/test_executor_integration.py::TestRealTimeoutBehavior::test_real_timeout_kills_process PASSED [ 33%]
2026-01-29T19:53:17.2446250Z tests/test_executor_integration.py::TestRealTimeoutBehavior::test_real_timeout_not_triggered PASSED [ 34%]
2026-01-29T19:53:17.2647890Z tests/test_executor_integration.py::TestRealEdgeCases::test_real_output_with_no_newline PASSED [ 34%]
2026-01-29T19:53:17.2951620Z tests/test_executor_integration.py::TestRealEdgeCases::test_real_output_with_multiple_newlines PASSED [ 34%]
2026-01-29T19:53:17.3254760Z tests/test_executor_integration.py::TestRealEdgeCases::test_real_binary_output_handling PASSED [ 34%]
2026-01-29T19:53:17.3458690Z tests/test_executor_integration.py::TestRealEdgeCases::test_real_very_long_line PASSED [ 34%]
2026-01-29T19:53:17.3760870Z tests/test_executor_integration.py::TestRealEdgeCases::test_real_rapid_output PASSED [ 34%]
2026-01-29T19:53:17.4070520Z tests/test_executor_integration.py::TestRealEdgeCases::test_real_stderr_without_stdout PASSED [ 34%]
2026-01-29T19:53:17.4374140Z tests/test_executor_integration.py::TestRealEdgeCases::test_real_exit_with_output PASSED [ 35%]
2026-01-29T19:53:17.4579020Z tests/test_executor_integration.py::TestRealCrossCompatibility::test_real_python_executable PASSED [ 35%]
2026-01-29T19:53:17.4881150Z tests/test_executor_integration.py::TestRealCrossCompatibility::test_real_path_handling PASSED [ 35%]
2026-01-29T19:53:17.5081720Z tests/test_executor_integration.py::TestRealCrossCompatibility::test_real_environment_inheritance PASSED [ 35%]
2026-01-29T19:53:17.5183870Z tests/test_executor_output.py::TestStdoutCapture::test_stdout_captured_completely PASSED [ 35%]
2026-01-29T19:53:17.5284270Z tests/test_executor_output.py::TestStdoutCapture::test_large_stdout_handling PASSED [ 35%]
2026-01-29T19:53:17.5386260Z tests/test_executor_output.py::TestStdoutCapture::test_stdout_with_unicode_characters PASSED [ 35%]
2026-01-29T19:53:17.5486670Z tests/test_executor_output.py::TestStderrCapture::test_stderr_captured_completely PASSED [ 35%]
2026-01-29T19:53:17.5588560Z tests/test_executor_output.py::TestStderrCapture::test_stderr_with_warnings PASSED [ 36%]
2026-01-29T19:53:17.5689740Z tests/test_executor_output.py::TestMixedOutput::test_mixed_stdout_stderr PASSED [ 36%]
2026-01-29T19:53:17.5791060Z tests/test_executor_output.py::TestMixedOutput::test_empty_stdout_with_stderr PASSED [ 36%]
2026-01-29T19:53:17.5893560Z tests/test_executor_output.py::TestMixedOutput::test_empty_stderr_with_stdout PASSED [ 36%]
2026-01-29T19:53:17.5996130Z tests/test_executor_output.py::TestSpecialCharacters::test_ansi_color_codes_in_output PASSED [ 36%]
2026-01-29T19:53:17.6097550Z tests/test_executor_output.py::TestSpecialCharacters::test_carriage_return_handling PASSED [ 36%]
2026-01-29T19:53:17.6199260Z tests/test_executor_output.py::TestSpecialCharacters::test_null_bytes_in_output PASSED [ 36%]
2026-01-29T19:53:17.6300880Z tests/test_executor_output.py::TestSpecialCharacters::test_invalid_utf8_sequences PASSED [ 37%]
2026-01-29T19:53:17.6403260Z tests/test_executor_output.py::TestOutputBuffering::test_output_with_no_trailing_newline PASSED [ 37%]
2026-01-29T19:53:17.6507420Z tests/test_executor_output.py::TestOutputBuffering::test_output_with_multiple_newlines PASSED [ 37%]
2026-01-29T19:53:17.6609370Z tests/test_executor_output.py::TestOutputBuffering::test_very_long_lines PASSED [ 37%]
2026-01-29T19:53:17.6710880Z tests/test_executor_output.py::TestBuildOutput::test_build_stdout_capture PASSED [ 37%]
2026-01-29T19:53:17.6815210Z tests/test_executor_output.py::TestBuildOutput::test_build_with_compilation_errors PASSED [ 37%]
2026-01-29T19:53:17.6916480Z tests/test_executor_output.py::TestEmptyOutput::test_no_output_success PASSED [ 37%]
2026-01-29T19:53:17.7018230Z tests/test_executor_output.py::TestEmptyOutput::test_no_output_failure PASSED [ 38%]
2026-01-29T19:53:17.7119560Z tests/test_executor_output.py::TestRealTimeStreaming::test_stdout_streams_to_console PASSED [ 38%]
2026-01-29T19:53:17.7225910Z tests/test_executor_output.py::TestRealTimeStreaming::test_stderr_streams_to_console PASSED [ 38%]
2026-01-29T19:53:17.7327280Z tests/test_executor_output.py::TestRealTimeStreaming::test_streaming_can_be_disabled PASSED [ 38%]
2026-01-29T19:53:17.7428730Z tests/test_executor_output.py::TestRealTimeStreaming::test_interleaved_output_streaming PASSED [ 38%]
2026-01-29T19:53:17.7530390Z tests/test_executor_output.py::TestStreamingPerformance::test_streaming_with_large_output PASSED [ 38%]
2026-01-29T19:53:17.7633530Z tests/test_executor_output.py::TestStreamingPerformance::test_streaming_performance_mode PASSED [ 38%]
2026-01-29T19:53:17.7735160Z tests/test_executor_output.py::TestStreamingPerformance::test_streaming_with_stderr_only PASSED [ 38%]
2026-01-29T19:53:17.7837230Z tests/test_executor_output.py::TestStreamingPerformance::test_streaming_disabled_with_timeout PASSED [ 39%]
2026-01-29T19:53:17.7938900Z tests/test_executor_results.py::TestTimingAccuracy::test_start_time_recorded_before_execution PASSED [ 39%]
2026-01-29T19:53:17.8040570Z tests/test_executor_results.py::TestTimingAccuracy::test_end_time_recorded_after_execution PASSED [ 39%]
2026-01-29T19:53:17.8142020Z tests/test_executor_results.py::TestTimingAccuracy::test_duration_calculated_correctly PASSED [ 39%]
2026-01-29T19:53:17.8243680Z tests/test_executor_results.py::TestTimingAccuracy::test_timing_with_sub_millisecond_precision PASSED [ 39%]
2026-01-29T19:53:17.8345770Z tests/test_executor_results.py::TestTimingAccuracy::test_timing_for_quick_commands PASSED [ 39%]
2026-01-29T19:53:17.8447710Z tests/test_executor_results.py::TestTimingAccuracy::test_timing_for_longer_commands PASSED [ 39%]
2026-01-29T19:53:17.8550820Z tests/test_executor_results.py::TestTimingAccuracy::test_timing_consistency_across_multiple_calls PASSED [ 40%]
2026-01-29T19:53:17.8656700Z tests/test_executor_results.py::TestConfigureResultPopulation::test_configure_result_has_all_required_fields PASSED [ 40%]
2026-01-29T19:53:17.8758790Z tests/test_executor_results.py::TestConfigureResultPopulation::test_configure_result_success_field_correct PASSED [ 40%]
2026-01-29T19:53:17.8861090Z tests/test_executor_results.py::TestConfigureResultPopulation::test_configure_result_failure_field_correct PASSED [ 40%]
2026-01-29T19:53:17.8962600Z tests/test_executor_results.py::TestConfigureResultPopulation::test_configure_result_stdout_populated PASSED [ 40%]
2026-01-29T19:53:17.9064390Z tests/test_executor_results.py::TestConfigureResultPopulation::test_configure_result_stderr_populated PASSED [ 40%]
2026-01-29T19:53:17.9166070Z tests/test_executor_results.py::TestConfigureResultPopulation::test_configure_result_datetime_types PASSED [ 40%]
2026-01-29T19:53:17.9267660Z tests/test_executor_results.py::TestConfigureResultPopulation::test_configure_result_optional_fields_none PASSED [ 41%]
2026-01-29T19:53:17.9369140Z tests/test_executor_results.py::TestBuildResultPopulation::test_build_result_has_all_required_fields PASSED [ 41%]
2026-01-29T19:53:17.9470740Z tests/test_executor_results.py::TestBuildResultPopulation::test_build_result_success_with_exit_code_zero PASSED [ 41%]
2026-01-29T19:53:17.9471600Z tests/test_executor_results.py::TestBuildResultPopulation::test_build_result_failure_with_nonzero_exit_code PASSED [ 41%]
2026-01-29T19:53:17.9472330Z tests/test_executor_results.py::TestBuildResultPopulation::test_build_result_stdout_populated PASSED [ 41%]
2026-01-29T19:53:17.9473070Z tests/test_executor_results.py::TestBuildResultPopulation::test_build_result_stderr_populated PASSED [ 41%]
2026-01-29T19:53:17.9574460Z tests/test_executor_results.py::TestBuildResultPopulation::test_build_result_timing_fields PASSED [ 41%]
2026-01-29T19:53:17.9678790Z tests/test_executor_results.py::TestBuildResultPopulation::test_build_result_optional_fields_defaults PASSED [ 41%]
2026-01-29T19:53:17.9781770Z tests/test_executor_results.py::TestErrorCaseResultPopulation::test_command_not_found_result PASSED [ 42%]
2026-01-29T19:53:17.9883890Z tests/test_executor_results.py::TestErrorCaseResultPopulation::test_timeout_result_population PASSED [ 42%]
2026-01-29T19:53:17.9985280Z tests/test_executor_results.py::TestErrorCaseResultPopulation::test_general_exception_result PASSED [ 42%]
2026-01-29T19:53:18.0101120Z tests/test_executor_results.py::TestResultObjectConsistency::test_configure_and_build_results_structure_similar PASSED [ 42%]
2026-01-29T19:53:18.0202620Z tests/test_executor_results.py::TestResultObjectConsistency::test_results_are_independent_objects PASSED [ 42%]
2026-01-29T19:53:18.0304050Z tests/test_executor_results.py::TestResultObjectConsistency::test_empty_output_still_creates_valid_result PASSED [ 42%]
2026-01-29T19:53:18.0406260Z tests/test_executor_results.py::TestDurationCalculation::test_duration_is_positive PASSED [ 42%]
2026-01-29T19:53:18.0511320Z tests/test_executor_results.py::TestDurationCalculation::test_duration_matches_time_difference PASSED [ 43%]
2026-01-29T19:53:18.0612670Z tests/test_executor_results.py::TestDurationCalculation::test_duration_precision PASSED [ 43%]
2026-01-29T19:53:18.0714210Z tests/test_executor_results.py::TestDurationCalculation::test_start_time_before_end_time PASSED [ 43%]
2026-01-29T19:53:18.0815640Z tests/test_executor_results.py::TestDurationCalculation::test_duration_with_simulated_delay PASSED [ 43%]
2026-01-29T19:53:18.0895460Z tests/test_generator_detection.py::TestNinjaDetection::test_ninja_selected_when_available PASSED [ 43%]
2026-01-29T19:53:18.0897950Z tests/test_generator_detection.py::TestNinjaDetection::test_ninja_not_selected_when_unavailable PASSED [ 43%]
2026-01-29T19:53:18.0898670Z tests/test_generator_detection.py::TestNinjaDetection::test_ninja_detection_case_insensitive PASSED [ 43%]
2026-01-29T19:53:18.0900310Z tests/test_generator_detection.py::TestUnixMakefilesFallback::test_unix_makefiles_on_linux_without_ninja PASSED [ 43%]
2026-01-29T19:53:18.0901070Z tests/test_generator_detection.py::TestUnixMakefilesFallback::test_unix_makefiles_on_macos_without_ninja PASSED [ 44%]
2026-01-29T19:53:18.0902070Z tests/test_generator_detection.py::TestUnixMakefilesFallback::test_unix_makefiles_not_used_on_windows PASSED [ 44%]
2026-01-29T19:53:18.0903550Z tests/test_generator_detection.py::TestVisualStudioDetection::test_visual_studio_on_windows_without_ninja PASSED [ 44%]
2026-01-29T19:53:18.0904440Z tests/test_generator_detection.py::TestVisualStudioDetection::test_visual_studio_version_detection PASSED [ 44%]
2026-01-29T19:53:18.0905110Z tests/test_generator_detection.py::TestVisualStudioDetection::test_visual_studio_not_used_on_unix PASSED [ 44%]
2026-01-29T19:53:18.0905850Z tests/test_generator_detection.py::TestVisualStudioDetection::test_nmake_fallback_when_vs_not_found PASSED [ 44%]
2026-01-29T19:53:18.0906630Z tests/test_generator_detection.py::TestExplicitGeneratorSpecification::test_explicit_generator_overrides_detection PASSED [ 44%]
2026-01-29T19:53:18.0907420Z tests/test_generator_detection.py::TestExplicitGeneratorSpecification::test_explicit_generator_with_spaces PASSED [ 45%]
2026-01-29T19:53:18.0908320Z tests/test_generator_detection.py::TestExplicitGeneratorSpecification::test_explicit_generator_separate_arg PASSED [ 45%]
2026-01-29T19:53:18.0909130Z tests/test_generator_detection.py::TestExplicitGeneratorSpecification::test_explicit_generator_not_overridden_by_detection PASSED [ 45%]
2026-01-29T19:53:18.0909900Z tests/test_generator_detection.py::TestGeneratorValidation::test_invalid_generator_raises_error PASSED [ 45%]
2026-01-29T19:53:18.0910640Z tests/test_generator_detection.py::TestGeneratorValidation::test_valid_generator_passes_validation PASSED [ 45%]
2026-01-29T19:53:18.0911320Z tests/test_generator_detection.py::TestGeneratorValidation::test_empty_generator_name_raises_error PASSED [ 45%]
2026-01-29T19:53:18.0912130Z tests/test_generator_detection.py::TestGeneratorValidation::test_empty_generator_after_g_flag PASSED [ 45%]
2026-01-29T19:53:18.0912870Z tests/test_generator_detection.py::TestGeneratorValidation::test_empty_generator_string_after_g PASSED [ 46%]
2026-01-29T19:53:18.0913630Z tests/test_generator_detection.py::TestGeneratorAvailability::test_check_generator_available_with_ninja PASSED [ 46%]
2026-01-29T19:53:18.0914330Z tests/test_generator_detection.py::TestGeneratorAvailability::test_check_generator_unavailable PASSED [ 46%]
2026-01-29T19:53:18.0915140Z tests/test_generator_detection.py::TestGeneratorAvailability::test_unix_makefiles_always_available_on_unix PASSED [ 46%]
2026-01-29T19:53:18.0916120Z tests/test_generator_detection.py::TestGeneratorAvailability::test_visual_studio_availability_on_windows PASSED [ 46%]
2026-01-29T19:53:18.0917350Z tests/test_generator_detection.py::TestGeneratorAvailability::test_visual_studio_not_available_on_unix PASSED [ 46%]
2026-01-29T19:53:18.0920530Z tests/test_generator_detection.py::TestGeneratorAvailability::test_nmake_available_on_windows PASSED [ 46%]
2026-01-29T19:53:18.0921200Z tests/test_generator_detection.py::TestGeneratorAvailability::test_nmake_not_available_on_unix PASSED [ 46%]
2026-01-29T19:53:18.0922080Z tests/test_generator_detection.py::TestGeneratorAvailability::test_unknown_generator_unavailable PASSED [ 47%]
2026-01-29T19:53:18.0922770Z tests/test_generator_detection.py::TestPlatformSpecificBehavior::test_generator_priority_on_linux PASSED [ 47%]
2026-01-29T19:53:18.0923790Z tests/test_generator_detection.py::TestPlatformSpecificBehavior::test_generator_priority_on_windows PASSED [ 47%]
2026-01-29T19:53:18.0924620Z tests/test_generator_detection.py::TestPlatformSpecificBehavior::test_unsupported_platform_fallback PASSED [ 47%]
2026-01-29T19:53:18.0925370Z tests/test_generator_detection.py::TestGeneratorInCommandGeneration::test_detected_generator_in_configure_command PASSED [ 47%]
2026-01-29T19:53:18.0926190Z tests/test_generator_detection.py::TestGeneratorInCommandGeneration::test_explicit_generator_preserved_in_command PASSED [ 47%]
2026-01-29T19:53:18.0926960Z tests/test_generator_detection.py::TestGeneratorInCommandGeneration::test_generator_not_duplicated_in_command PASSED [ 47%]
2026-01-29T19:53:18.0932950Z tests/test_logging.py::TestLoggingConfiguration::test_configure_logging_default_level PASSED [ 48%]
2026-01-29T19:53:18.0933900Z tests/test_logging.py::TestLoggingConfiguration::test_configure_logging_verbose_level PASSED [ 48%]
2026-01-29T19:53:18.0934650Z tests/test_logging.py::TestLoggingConfiguration::test_configure_logging_info_level_explicit PASSED [ 48%]
2026-01-29T19:53:18.0935330Z tests/test_logging.py::TestLoggingConfiguration::test_configure_logging_warning_level PASSED [ 48%]
2026-01-29T19:53:18.0935930Z tests/test_logging.py::TestLoggingConfiguration::test_configure_logging_error_level PASSED [ 48%]
2026-01-29T19:53:18.0936580Z tests/test_logging.py::TestLoggerRetrieval::test_get_logger_returns_logger PASSED [ 48%]
2026-01-29T19:53:18.0937380Z tests/test_logging.py::TestLoggerRetrieval::test_get_logger_with_name PASSED [ 48%]
2026-01-29T19:53:18.0938030Z tests/test_logging.py::TestLoggerRetrieval::test_get_logger_default_name PASSED [ 48%]
2026-01-29T19:53:18.0938660Z tests/test_logging.py::TestLoggerRetrieval::test_get_logger_same_name_returns_same_instance PASSED [ 49%]
2026-01-29T19:53:18.0940440Z tests/test_logging.py::TestConsoleOutput::test_log_output_to_console_default PASSED [ 49%]
2026-01-29T19:53:18.0942540Z tests/test_logging.py::TestConsoleOutput::test_console_handler_configured PASSED [ 49%]
2026-01-29T19:53:18.0943070Z tests/test_logging.py::TestFileOutput::test_log_output_to_file PASSED    [ 49%]
2026-01-29T19:53:18.0943940Z tests/test_logging.py::TestFileOutput::test_log_file_created_in_directory PASSED [ 49%]
2026-01-29T19:53:18.0945720Z tests/test_logging.py::TestFileOutput::test_both_console_and_file_output PASSED [ 49%]
2026-01-29T19:53:18.0946830Z tests/test_logging.py::TestLogFormatting::test_log_format_includes_level PASSED [ 49%]
2026-01-29T19:53:18.0949270Z tests/test_logging.py::TestLogFormatting::test_log_format_includes_message PASSED [ 50%]
2026-01-29T19:53:18.0950040Z tests/test_logging.py::TestLogFormatting::test_log_format_includes_logger_name PASSED [ 50%]
2026-01-29T19:53:18.0950820Z tests/test_logging.py::TestLogFormatting::test_log_format_different_levels PASSED [ 50%]
2026-01-29T19:53:18.0951660Z tests/test_logging.py::TestExceptionLogging::test_exception_logged_with_traceback PASSED [ 50%]
2026-01-29T19:53:18.0952800Z tests/test_logging.py::TestExceptionLogging::test_exception_traceback_includes_file_info PASSED [ 50%]
2026-01-29T19:53:18.0953650Z tests/test_logging.py::TestExceptionLogging::test_error_without_exception_context PASSED [ 50%]
2026-01-29T19:53:18.0954700Z tests/test_logging.py::TestPerformanceLogging::test_timing_info_logged PASSED [ 50%]
2026-01-29T19:53:18.0955340Z tests/test_logging.py::TestPerformanceLogging::test_multiple_timing_logs PASSED [ 51%]
2026-01-29T19:53:18.0955910Z tests/test_logging.py::TestLoggingReset::test_reset_logging_clears_handlers PASSED [ 51%]
2026-01-29T19:53:18.0956790Z tests/test_logging.py::TestLoggingReset::test_reconfigure_after_reset PASSED [ 51%]
2026-01-29T19:53:18.0957530Z tests/test_logging.py::TestContextualLogging::test_log_with_extra_context PASSED [ 51%]
2026-01-29T19:53:18.0958070Z tests/test_logging.py::TestContextualLogging::test_log_structured_data PASSED [ 51%]
2026-01-29T19:53:18.0958630Z tests/test_logging.py::TestMultipleLoggers::test_different_modules_same_config PASSED [ 51%]
2026-01-29T19:53:18.0959220Z tests/test_logging.py::TestMultipleLoggers::test_logger_hierarchy PASSED [ 51%]
2026-01-29T19:53:18.0959700Z tests/test_logging.py::TestEdgeCases::test_configure_logging_multiple_times PASSED [ 51%]
2026-01-29T19:53:18.0960150Z tests/test_logging.py::TestEdgeCases::test_log_with_none_message PASSED  [ 52%]
2026-01-29T19:53:18.0960630Z tests/test_logging.py::TestEdgeCases::test_log_with_empty_string PASSED  [ 52%]
2026-01-29T19:53:18.0961060Z tests/test_logging.py::TestEdgeCases::test_log_with_unicode PASSED       [ 52%]
2026-01-29T19:53:18.0961500Z tests/test_logging.py::TestEdgeCases::test_log_file_path_with_spaces PASSED [ 52%]
2026-01-29T19:53:18.0962120Z tests/test_main_errors.py::TestCMakeNotFoundError::test_cmake_not_found_returns_127 PASSED [ 52%]
2026-01-29T19:53:18.0963310Z tests/test_main_errors.py::TestCMakeNotFoundError::test_cmake_not_found_error_message PASSED [ 52%]
2026-01-29T19:53:18.0963920Z tests/test_main_errors.py::TestConfigurationFailure::test_configure_failure_returns_exit_code PASSED [ 52%]
2026-01-29T19:53:18.0964530Z tests/test_main_errors.py::TestConfigurationFailure::test_configure_failure_error_message PASSED [ 53%]
2026-01-29T19:53:18.0965180Z tests/test_main_errors.py::TestConfigurationFailure::test_configure_failure_no_build_attempted PASSED [ 53%]
2026-01-29T19:53:18.0965740Z tests/test_main_errors.py::TestBuildFailure::test_build_failure_returns_exit_code PASSED [ 53%]
2026-01-29T19:53:18.0966240Z tests/test_main_errors.py::TestBuildFailure::test_build_failure_error_message PASSED [ 53%]
2026-01-29T19:53:18.0966800Z tests/test_main_errors.py::TestBuildFailure::test_build_failure_data_still_saved PASSED [ 53%]
2026-01-29T19:53:18.0967340Z tests/test_main_errors.py::TestDatabaseErrors::test_database_connection_error_continues PASSED [ 53%]
2026-01-29T19:53:18.0967900Z tests/test_main_errors.py::TestDatabaseErrors::test_database_init_error_continues PASSED [ 53%]
2026-01-29T19:53:18.0968510Z tests/test_main_errors.py::TestKeyboardInterrupt::test_keyboard_interrupt_returns_130 PASSED [ 53%]
2026-01-29T19:53:18.0969060Z tests/test_main_errors.py::TestKeyboardInterrupt::test_keyboard_interrupt_during_build PASSED [ 54%]
2026-01-29T19:53:18.0969660Z tests/test_main_errors.py::TestPartialDataHandling::test_config_success_build_fail_saves_config PASSED [ 54%]
2026-01-29T19:53:18.0970450Z tests/test_main_errors.py::TestInvalidArguments::test_missing_required_args_returns_error PASSED [ 54%]
2026-01-29T19:53:18.0971120Z tests/test_main_errors.py::TestInvalidArguments::test_invalid_path_error_message PASSED [ 54%]
2026-01-29T19:53:18.0971680Z tests/test_main_errors.py::TestResourceCleanup::test_database_connection_closed_on_error PASSED [ 54%]
2026-01-29T19:53:18.0972240Z tests/test_main_errors.py::TestResourceCleanup::test_error_during_inspection_continues PASSED [ 54%]
2026-01-29T19:53:18.0972870Z tests/test_main_errors.py::TestErrorMessageClarity::test_validation_error_message_helpful PASSED [ 54%]
2026-01-29T19:53:18.0973530Z tests/test_main_errors.py::TestErrorMessageClarity::test_exception_message_logged PASSED [ 55%]
2026-01-29T19:53:18.0974050Z tests/test_main_integration.py::TestBasicWorkflow::test_build_only_workflow PASSED [ 55%]
2026-01-29T19:53:18.0974640Z tests/test_main_integration.py::TestBasicWorkflow::test_invalid_arguments_returns_error PASSED [ 55%]
2026-01-29T19:53:18.0975310Z tests/test_main_integration.py::TestBasicWorkflow::test_cmake_not_found_returns_error PASSED [ 55%]
2026-01-29T19:53:18.0975890Z tests/test_main_integration.py::TestExitCodes::test_successful_build_returns_zero PASSED [ 55%]
2026-01-29T19:53:18.1299110Z tests/test_main_integration.py::TestExitCodes::test_failed_build_returns_nonzero PASSED [ 55%]
2026-01-29T19:53:18.1403470Z tests/test_main_integration.py::TestVerboseMode::test_verbose_mode_works PASSED [ 55%]
2026-01-29T19:53:18.1422360Z tests/test_models.py::TestForgeArguments::test_create_with_valid_data PASSED [ 56%]
2026-01-29T19:53:18.1423560Z tests/test_models.py::TestForgeArguments::test_create_with_minimal_data PASSED [ 56%]
2026-01-29T19:53:18.1472220Z tests/test_models.py::TestForgeArguments::test_missing_required_field PASSED [ 56%]
2026-01-29T19:53:18.1473010Z tests/test_models.py::TestForgeArguments::test_path_handling_string_conversion PASSED [ 56%]
2026-01-29T19:53:18.1473630Z tests/test_models.py::TestForgeArguments::test_to_dict PASSED            [ 56%]
2026-01-29T19:53:18.1474320Z tests/test_models.py::TestForgeArguments::test_from_dict PASSED          [ 56%]
2026-01-29T19:53:18.1474830Z tests/test_models.py::TestForgeArguments::test_json_serialization PASSED [ 56%]
2026-01-29T19:53:18.1475520Z tests/test_models.py::TestConfigureResult::test_create_with_all_fields PASSED [ 56%]
2026-01-29T19:53:18.1476100Z tests/test_models.py::TestConfigureResult::test_create_with_optional_fields_none PASSED [ 57%]
2026-01-29T19:53:18.1477160Z tests/test_models.py::TestConfigureResult::test_json_serialization PASSED [ 57%]
2026-01-29T19:53:18.1479820Z tests/test_models.py::TestBuildResult::test_create_with_all_fields PASSED [ 57%]
2026-01-29T19:53:18.1488160Z tests/test_models.py::TestBuildResult::test_create_with_minimal_fields PASSED [ 57%]
2026-01-29T19:53:18.1493080Z tests/test_models.py::TestBuildResult::test_to_dict PASSED               [ 57%]
2026-01-29T19:53:18.1499300Z tests/test_models.py::TestBuildResult::test_from_dict PASSED             [ 57%]
2026-01-29T19:53:18.1505990Z tests/test_models.py::TestConfigureMetadata::test_create_with_all_fields PASSED [ 57%]
2026-01-29T19:53:18.1512110Z tests/test_models.py::TestConfigureMetadata::test_create_with_optional_fields_none PASSED [ 58%]
2026-01-29T19:53:18.1541560Z tests/test_models.py::TestConfigureMetadata::test_json_serialization PASSED [ 58%]
2026-01-29T19:53:18.1543460Z tests/test_models.py::TestBuildMetadata::test_create_with_all_fields PASSED [ 58%]
2026-01-29T19:53:18.1558900Z tests/test_models.py::TestBuildMetadata::test_create_with_empty_diagnostics PASSED [ 58%]
2026-01-29T19:53:18.1559750Z tests/test_models.py::TestBuildMetadata::test_to_dict PASSED             [ 58%]
2026-01-29T19:53:18.1560270Z tests/test_models.py::TestBuildMetadata::test_from_dict PASSED           [ 58%]
2026-01-29T19:53:18.1560750Z tests/test_models.py::TestBuildTarget::test_create_simple_target PASSED  [ 58%]
2026-01-29T19:53:18.1562540Z tests/test_models.py::TestBuildTarget::test_create_target_with_progress PASSED [ 58%]
2026-01-29T19:53:18.1569070Z tests/test_models.py::TestBuildTarget::test_to_dict PASSED               [ 59%]
2026-01-29T19:53:18.1574500Z tests/test_models.py::TestBuildTarget::test_from_dict PASSED             [ 59%]
2026-01-29T19:53:18.1580470Z tests/test_models.py::TestBuildTarget::test_serialization_roundtrip PASSED [ 59%]
2026-01-29T19:53:18.1585670Z tests/test_models.py::TestBuildWarning::test_create_with_complete_info PASSED [ 59%]
2026-01-29T19:53:18.1590690Z tests/test_models.py::TestBuildWarning::test_create_with_partial_info PASSED [ 59%]
2026-01-29T19:53:18.1596220Z tests/test_models.py::TestBuildWarning::test_json_serialization PASSED   [ 59%]
2026-01-29T19:53:18.1631830Z tests/test_models.py::TestError::test_create_with_complete_info PASSED   [ 59%]
2026-01-29T19:53:18.1632390Z tests/test_models.py::TestError::test_create_with_minimal_info PASSED    [ 60%]
2026-01-29T19:53:18.1632980Z tests/test_models.py::TestError::test_json_serialization PASSED          [ 60%]
2026-01-29T19:53:18.1633780Z tests/test_output_formatting.py::TestDurationFormatting::test_format_duration_milliseconds PASSED [ 60%]
2026-01-29T19:53:18.1634800Z tests/test_output_formatting.py::TestDurationFormatting::test_format_duration_seconds PASSED [ 60%]
2026-01-29T19:53:18.1635930Z tests/test_output_formatting.py::TestDurationFormatting::test_format_duration_minutes PASSED [ 60%]
2026-01-29T19:53:18.1637070Z tests/test_output_formatting.py::TestDurationFormatting::test_format_duration_hours PASSED [ 60%]
2026-01-29T19:53:18.1642640Z tests/test_output_formatting.py::TestDurationFormatting::test_format_duration_zero PASSED [ 60%]
2026-01-29T19:53:18.1647940Z tests/test_output_formatting.py::TestDurationFormatting::test_format_duration_very_small PASSED [ 61%]
2026-01-29T19:53:18.1653370Z tests/test_output_formatting.py::TestTimestampFormatting::test_format_timestamp_datetime PASSED [ 61%]
2026-01-29T19:53:18.1658340Z tests/test_output_formatting.py::TestTimestampFormatting::test_format_timestamp_iso_string PASSED [ 61%]
2026-01-29T19:53:18.1663520Z tests/test_output_formatting.py::TestTimestampFormatting::test_format_timestamp_none PASSED [ 61%]
2026-01-29T19:53:18.1668960Z tests/test_output_formatting.py::TestTimestampFormatting::test_format_timestamp_invalid PASSED [ 61%]
2026-01-29T19:53:18.1678410Z tests/test_output_formatting.py::TestColorSupport::test_supports_color_with_tty PASSED [ 61%]
2026-01-29T19:53:18.1686290Z tests/test_output_formatting.py::TestColorSupport::test_supports_color_no_tty PASSED [ 61%]
2026-01-29T19:53:18.1701970Z tests/test_output_formatting.py::TestColorSupport::test_supports_color_windows_with_wt PASSED [ 61%]
2026-01-29T19:53:18.1717290Z tests/test_output_formatting.py::TestColorSupport::test_supports_color_windows_without_wt PASSED [ 62%]
2026-01-29T19:53:18.1730670Z tests/test_output_formatting.py::TestColorSupport::test_supports_color_no_color_env PASSED [ 62%]
2026-01-29T19:53:18.1740560Z tests/test_output_formatting.py::TestPrintFunctions::test_print_success_with_color PASSED [ 62%]
2026-01-29T19:53:18.1749220Z tests/test_output_formatting.py::TestPrintFunctions::test_print_success_without_color PASSED [ 62%]
2026-01-29T19:53:18.1761440Z tests/test_output_formatting.py::TestPrintFunctions::test_print_error_with_color PASSED [ 62%]
2026-01-29T19:53:18.1772480Z tests/test_output_formatting.py::TestPrintFunctions::test_print_error_without_color PASSED [ 62%]
2026-01-29T19:53:18.1783220Z tests/test_output_formatting.py::TestPrintFunctions::test_print_warning_with_color PASSED [ 62%]
2026-01-29T19:53:18.1793890Z tests/test_output_formatting.py::TestPrintFunctions::test_print_warning_without_color PASSED [ 63%]
2026-01-29T19:53:18.1802670Z tests/test_output_formatting.py::TestPrintFunctions::test_print_section_header PASSED [ 63%]
2026-01-29T19:53:18.1811150Z tests/test_output_formatting.py::TestConfigureSummary::test_print_configure_summary_success PASSED [ 63%]
2026-01-29T19:53:18.1824380Z tests/test_output_formatting.py::TestConfigureSummary::test_print_configure_summary_failure PASSED [ 63%]
2026-01-29T19:53:18.1834070Z tests/test_output_formatting.py::TestConfigureSummary::test_print_configure_summary_minimal_metadata PASSED [ 63%]
2026-01-29T19:53:18.1841730Z tests/test_output_formatting.py::TestBuildSummary::test_print_build_summary_success_no_warnings PASSED [ 63%]
2026-01-29T19:53:18.1859390Z tests/test_output_formatting.py::TestBuildSummary::test_print_build_summary_success_with_warnings PASSED [ 63%]
2026-01-29T19:53:18.1882130Z tests/test_output_formatting.py::TestBuildSummary::test_print_build_summary_failure PASSED [ 64%]
2026-01-29T19:53:18.1895300Z tests/test_output_formatting.py::TestBuildSummary::test_print_build_summary_multiple_targets PASSED [ 64%]
2026-01-29T19:53:18.1903780Z tests/test_output_formatting.py::TestBuildSummary::test_print_build_summary_no_metadata PASSED [ 64%]
2026-01-29T19:53:18.1911740Z tests/test_output_formatting.py::TestVerboseOutput::test_verbose_mode_shows_details PASSED [ 64%]
2026-01-29T19:53:18.1919990Z tests/test_output_formatting.py::TestVerboseOutput::test_verbose_mode_shows_timestamps PASSED [ 64%]
2026-01-29T19:53:18.1928220Z tests/test_output_formatting.py::TestOutputConsistency::test_all_summaries_use_consistent_formatting PASSED [ 64%]
2026-01-29T19:53:18.1936140Z tests/test_output_formatting.py::TestOutputConsistency::test_line_length_is_reasonable PASSED [ 64%]
2026-01-29T19:53:18.1953720Z tests/test_parameter_manager.py::TestConfigureCommandBasic::test_configure_with_minimal_arguments PASSED [ 64%]
2026-01-29T19:53:18.1969700Z tests/test_parameter_manager.py::TestConfigureCommandBasic::test_configure_with_generator PASSED [ 65%]
2026-01-29T19:53:18.1984470Z tests/test_parameter_manager.py::TestConfigureCommandBasic::test_configure_with_build_type PASSED [ 65%]
2026-01-29T19:53:18.1997820Z tests/test_parameter_manager.py::TestConfigureCommandWithCMakeArgs::test_configure_with_single_cmake_arg PASSED [ 65%]
2026-01-29T19:53:18.2011470Z tests/test_parameter_manager.py::TestConfigureCommandWithCMakeArgs::test_configure_with_multiple_cmake_args PASSED [ 65%]
2026-01-29T19:53:18.2024820Z tests/test_parameter_manager.py::TestConfigureCommandWithCMakeArgs::test_configure_with_generator_and_args PASSED [ 65%]
2026-01-29T19:53:18.2043680Z tests/test_parameter_manager.py::TestConfigureCommandWithCMakeArgs::test_configure_preserves_arg_order PASSED [ 65%]
2026-01-29T19:53:18.2056100Z tests/test_parameter_manager.py::TestBuildCommandBasic::test_build_with_minimal_arguments PASSED [ 65%]
2026-01-29T19:53:18.2069920Z tests/test_parameter_manager.py::TestBuildCommandBasic::test_build_with_parallel_jobs PASSED [ 66%]
2026-01-29T19:53:18.2086200Z tests/test_parameter_manager.py::TestBuildCommandBasic::test_build_with_verbose PASSED [ 66%]
2026-01-29T19:53:18.2097330Z tests/test_parameter_manager.py::TestBuildCommandWithTarget::test_build_with_single_target PASSED [ 66%]
2026-01-29T19:53:18.2109540Z tests/test_parameter_manager.py::TestBuildCommandWithTarget::test_build_with_multiple_targets PASSED [ 66%]
2026-01-29T19:53:18.2123170Z tests/test_parameter_manager.py::TestBuildCommandWithTarget::test_build_with_target_and_parallel PASSED [ 66%]
2026-01-29T19:53:18.2171550Z tests/test_parameter_manager.py::TestPathHandling::test_absolute_paths_used PASSED [ 66%]
2026-01-29T19:53:18.2228090Z tests/test_parameter_manager.py::TestPathHandling::test_paths_with_spaces PASSED [ 66%]
2026-01-29T19:53:18.2257700Z tests/test_parameter_manager.py::TestCommandFormat::test_configure_command_is_list PASSED [ 66%]
2026-01-29T19:53:18.2273630Z tests/test_parameter_manager.py::TestCommandFormat::test_build_command_is_list PASSED [ 67%]
2026-01-29T19:53:18.2289510Z tests/test_parameter_manager.py::TestCommandFormat::test_configure_command_structure PASSED [ 67%]
2026-01-29T19:53:18.2303900Z tests/test_parameter_manager.py::TestCommandFormat::test_build_command_structure PASSED [ 67%]
2026-01-29T19:53:18.2321560Z tests/test_parameter_manager.py::TestEnvironmentHandling::test_cmake_args_with_env_var_syntax PASSED [ 67%]
2026-01-29T19:53:18.2337760Z tests/test_parameter_manager.py::TestEnvironmentHandling::test_build_args_unchanged PASSED [ 67%]
2026-01-29T19:53:18.2394720Z tests/test_parameter_manager.py::TestEdgeCases::test_empty_cmake_args PASSED [ 67%]
2026-01-29T19:53:18.2411170Z tests/test_parameter_manager.py::TestEdgeCases::test_empty_build_args PASSED [ 67%]
2026-01-29T19:53:18.2442190Z tests/test_parameter_manager.py::TestEdgeCases::test_cmake_args_with_quotes PASSED [ 68%]
2026-01-29T19:53:18.2543670Z tests/test_parameter_override.py::TestParameterAddition::test_add_new_cmake_parameter PASSED [ 68%]
2026-01-29T19:53:18.2645230Z tests/test_parameter_override.py::TestParameterAddition::test_add_multiple_parameters PASSED [ 68%]
2026-01-29T19:53:18.2746340Z tests/test_parameter_override.py::TestParameterAddition::test_add_parameter_with_d_prefix PASSED [ 68%]
2026-01-29T19:53:18.2847690Z tests/test_parameter_override.py::TestParameterAddition::test_add_parameter_preserves_existing_args PASSED [ 68%]
2026-01-29T19:53:18.2948940Z tests/test_parameter_override.py::TestParameterOverride::test_override_existing_parameter PASSED [ 68%]
2026-01-29T19:53:18.3051390Z tests/test_parameter_override.py::TestParameterOverride::test_override_multiple_times PASSED [ 68%]
2026-01-29T19:53:18.3153830Z tests/test_parameter_override.py::TestParameterOverride::test_programmatic_overrides_cli PASSED [ 69%]
2026-01-29T19:53:18.3255380Z tests/test_parameter_override.py::TestGetParameters::test_get_parameters_returns_dict PASSED [ 69%]
2026-01-29T19:53:18.3314390Z tests/test_parameter_override.py::TestGetParameters::test_get_parameters_includes_added_params PASSED [ 69%]
2026-01-29T19:53:18.3315060Z tests/test_parameter_override.py::TestGetParameters::test_get_parameters_reflects_overrides PASSED [ 69%]
2026-01-29T19:53:18.3315660Z tests/test_parameter_override.py::TestGetParameters::test_get_parameters_handles_generator_args PASSED [ 69%]
2026-01-29T19:53:18.3316210Z tests/test_parameter_override.py::TestSpecialCharacters::test_parameter_with_spaces PASSED [ 69%]
2026-01-29T19:53:18.3316710Z tests/test_parameter_override.py::TestSpecialCharacters::test_parameter_with_quotes PASSED [ 69%]
2026-01-29T19:53:18.3317240Z tests/test_parameter_override.py::TestSpecialCharacters::test_parameter_with_equals_sign PASSED [ 69%]
2026-01-29T19:53:18.3317780Z tests/test_parameter_override.py::TestSpecialCharacters::test_parameter_with_path_separators PASSED [ 70%]
2026-01-29T19:53:18.3318350Z tests/test_parameter_override.py::TestEnvironmentVariables::test_parameter_with_env_var_syntax PASSED [ 70%]
2026-01-29T19:53:18.3319700Z tests/test_parameter_override.py::TestEnvironmentVariables::test_add_parameter_preserves_env_syntax_from_cli PASSED [ 70%]
2026-01-29T19:53:18.3320330Z tests/test_parameter_override.py::TestParameterFormatting::test_parameter_has_d_prefix_in_command PASSED [ 70%]
2026-01-29T19:53:18.3320960Z tests/test_parameter_override.py::TestParameterFormatting::test_empty_value_parameter PASSED [ 70%]
2026-01-29T19:53:18.3321490Z tests/test_parameter_override.py::TestParameterFormatting::test_boolean_style_parameters PASSED [ 70%]
2026-01-29T19:53:18.3322000Z tests/test_parameter_override.py::TestEdgeCases::test_add_parameter_to_empty_args PASSED [ 70%]
2026-01-29T19:53:18.3322490Z tests/test_parameter_override.py::TestEdgeCases::test_get_parameters_when_no_params PASSED [ 71%]
2026-01-29T19:53:18.3322980Z tests/test_parameter_override.py::TestEdgeCases::test_parameter_name_case_sensitivity PASSED [ 71%]
2026-01-29T19:53:20.2593890Z tests/test_performance.py::TestForgeOverhead::test_configure_overhead PASSED [ 71%]
2026-01-29T19:53:20.2694790Z tests/test_performance.py::TestForgeOverhead::test_startup_time PASSED   [ 71%]
2026-01-29T19:53:20.4757130Z tests/test_performance.py::TestMemoryUsage::test_memory_with_large_output PASSED [ 71%]
2026-01-29T19:53:20.4826520Z tests/test_performance.py::TestMemoryUsage::test_memory_with_many_warnings PASSED [ 71%]
2026-01-29T19:53:20.6426800Z tests/test_performance.py::TestDatabasePerformance::test_bulk_insert_warnings PASSED [ 71%]
2026-01-29T19:53:20.7501590Z tests/test_performance.py::TestDatabasePerformance::test_query_performance PASSED [ 71%]
2026-01-29T19:53:20.9881810Z tests/test_performance.py::TestDatabasePerformance::test_statistics_calculation_performance PASSED [ 72%]
2026-01-29T19:53:20.9984260Z tests/test_performance.py::TestOutputCapture::test_output_capture_overhead PASSED [ 72%]
2026-01-29T19:53:21.0088620Z tests/test_performance.py::TestScalability::test_parse_large_cmakelists PASSED [ 72%]
2026-01-29T19:53:21.0190310Z tests/test_performance.py::TestScalability::test_extract_many_packages PASSED [ 72%]
2026-01-29T19:53:21.0197980Z tests/test_persistence_build.py::TestSaveCompleteBuild::test_save_build_returns_id PASSED [ 72%]
2026-01-29T19:53:21.0287600Z tests/test_persistence_build.py::TestSaveCompleteBuild::test_save_build_with_all_fields PASSED [ 72%]
2026-01-29T19:53:21.0290210Z tests/test_persistence_build.py::TestSaveCompleteBuild::test_save_build_persists_metadata_fields PASSED [ 72%]
2026-01-29T19:53:21.0334500Z tests/test_persistence_build.py::TestConfigurationAssociation::test_save_build_with_configuration_id PASSED [ 73%]
2026-01-29T19:53:21.0421970Z tests/test_persistence_build.py::TestConfigurationAssociation::test_save_build_without_configuration PASSED [ 73%]
2026-01-29T19:53:21.0510690Z tests/test_persistence_build.py::TestConfigurationAssociation::test_multiple_builds_per_configuration PASSED [ 73%]
2026-01-29T19:53:21.0552970Z tests/test_persistence_build.py::TestTargetsSerialization::test_targets_list_serialized_as_json PASSED [ 73%]
2026-01-29T19:53:21.0593420Z tests/test_persistence_build.py::TestTargetsSerialization::test_empty_targets_list PASSED [ 73%]
2026-01-29T19:53:21.0640020Z tests/test_persistence_build.py::TestTimestampFormatting::test_build_time_is_iso8601_format PASSED [ 73%]
2026-01-29T19:53:21.0684670Z tests/test_persistence_build.py::TestTimestampFormatting::test_timestamp_roundtrip PASSED [ 73%]
2026-01-29T19:53:21.0721320Z tests/test_persistence_build.py::TestWarningErrorCounts::test_warning_count_stored PASSED [ 74%]
2026-01-29T19:53:21.0756270Z tests/test_persistence_build.py::TestWarningErrorCounts::test_error_count_stored PASSED [ 74%]
2026-01-29T19:53:21.1162430Z tests/test_persistence_build.py::TestWarningErrorCounts::test_zero_warnings_and_errors PASSED [ 74%]
2026-01-29T19:53:21.1219390Z tests/test_persistence_build.py::TestTransactionHandling::test_transaction_rollback_on_error PASSED [ 74%]
2026-01-29T19:53:21.1278900Z tests/test_persistence_build.py::TestTransactionHandling::test_successful_transaction_commit PASSED [ 74%]
2026-01-29T19:53:21.1322510Z tests/test_persistence_build.py::TestDataIntegrityConstraints::test_success_flag_is_boolean PASSED [ 74%]
2026-01-29T19:53:21.1365950Z tests/test_persistence_build.py::TestDataIntegrityConstraints::test_duration_precision PASSED [ 74%]
2026-01-29T19:53:21.1413710Z tests/test_persistence_build.py::TestForeignKeyRelationships::test_foreign_key_constraint_enforced PASSED [ 74%]
2026-01-29T19:53:21.1451180Z tests/test_persistence_build.py::TestForeignKeyRelationships::test_null_configuration_id_allowed PASSED [ 75%]
2026-01-29T19:53:21.1485610Z tests/test_persistence_configure.py::TestSaveCompleteConfiguration::test_save_configuration_returns_id PASSED [ 75%]
2026-01-29T19:53:21.1522130Z tests/test_persistence_configure.py::TestSaveCompleteConfiguration::test_save_configuration_with_all_metadata_fields PASSED [ 75%]
2026-01-29T19:53:21.1560780Z tests/test_persistence_configure.py::TestSaveCompleteConfiguration::test_save_configuration_persists_all_result_fields PASSED [ 75%]
2026-01-29T19:53:21.1602260Z tests/test_persistence_configure.py::TestJSONSerialization::test_found_packages_serialized_as_json PASSED [ 75%]
2026-01-29T19:53:21.1645840Z tests/test_persistence_configure.py::TestJSONSerialization::test_empty_found_packages_list PASSED [ 75%]
2026-01-29T19:53:21.1697810Z tests/test_persistence_configure.py::TestTimestampFormatting::test_configure_time_is_iso8601_format PASSED [ 75%]
2026-01-29T19:53:21.1746770Z tests/test_persistence_configure.py::TestTimestampFormatting::test_timestamp_roundtrip PASSED [ 76%]
2026-01-29T19:53:21.1823470Z tests/test_persistence_configure.py::TestNullHandling::test_optional_metadata_fields_can_be_none PASSED [ 76%]
2026-01-29T19:53:21.1922090Z tests/test_persistence_configure.py::TestNullHandling::test_stderr_can_be_empty_string PASSED [ 76%]
2026-01-29T19:53:21.2060000Z tests/test_persistence_configure.py::TestForeignKeyPreparation::test_configuration_id_can_be_referenced PASSED [ 76%]
2026-01-29T19:53:21.2126180Z tests/test_persistence_configure.py::TestForeignKeyPreparation::test_multiple_builds_can_reference_same_configuration PASSED [ 76%]
2026-01-29T19:53:21.2171570Z tests/test_persistence_configure.py::TestDataIntegrityConstraints::test_success_flag_is_boolean PASSED [ 76%]
2026-01-29T19:53:21.2232360Z tests/test_persistence_configure.py::TestDuplicateConfiguration::test_same_configuration_can_be_saved_multiple_times PASSED [ 76%]
2026-01-29T19:53:21.2291740Z tests/test_persistence_diagnostics.py::TestSaveSingleWarning::test_save_single_warning_returns_count PASSED [ 76%]
2026-01-29T19:53:21.2358620Z tests/test_persistence_diagnostics.py::TestSaveSingleWarning::test_save_warning_with_complete_information PASSED [ 77%]
2026-01-29T19:53:21.2414800Z tests/test_persistence_diagnostics.py::TestSaveSingleWarning::test_save_warning_with_build_id_association PASSED [ 77%]
2026-01-29T19:53:21.2464520Z tests/test_persistence_diagnostics.py::TestSaveMultipleWarnings::test_save_multiple_warnings_bulk_insert PASSED [ 77%]
2026-01-29T19:53:21.2592740Z tests/test_persistence_diagnostics.py::TestSaveMultipleWarnings::test_save_large_warning_list PASSED [ 77%]
2026-01-29T19:53:21.2650530Z tests/test_persistence_diagnostics.py::TestSaveMultipleWarnings::test_save_warnings_preserves_order PASSED [ 77%]
2026-01-29T19:53:21.2691210Z tests/test_persistence_diagnostics.py::TestSaveWarningsWithPartialInformation::test_save_warning_with_missing_warning_type PASSED [ 77%]
2026-01-29T19:53:21.2737780Z tests/test_persistence_diagnostics.py::TestSaveWarningsWithPartialInformation::test_save_warning_with_long_message PASSED [ 77%]
2026-01-29T19:53:21.2775740Z tests/test_persistence_diagnostics.py::TestSaveErrors::test_save_single_error PASSED [ 78%]
2026-01-29T19:53:21.2812840Z tests/test_persistence_diagnostics.py::TestSaveErrors::test_save_error_with_complete_information PASSED [ 78%]
2026-01-29T19:53:21.2854270Z tests/test_persistence_diagnostics.py::TestSaveErrors::test_save_multiple_errors PASSED [ 78%]
2026-01-29T19:53:21.2893430Z tests/test_persistence_diagnostics.py::TestSaveErrors::test_save_error_with_missing_optional_fields PASSED [ 78%]
2026-01-29T19:53:21.2939560Z tests/test_persistence_diagnostics.py::TestForeignKeyRelationships::test_warnings_reference_valid_build PASSED [ 78%]
2026-01-29T19:53:21.2988410Z tests/test_persistence_diagnostics.py::TestForeignKeyRelationships::test_warnings_invalid_build_id_raises_error PASSED [ 78%]
2026-01-29T19:53:21.3044150Z tests/test_persistence_diagnostics.py::TestForeignKeyRelationships::test_errors_reference_valid_build PASSED [ 78%]
2026-01-29T19:53:21.3116960Z tests/test_persistence_diagnostics.py::TestForeignKeyRelationships::test_errors_invalid_build_id_raises_error PASSED [ 79%]
2026-01-29T19:53:21.3175260Z tests/test_persistence_diagnostics.py::TestCascadeDelete::test_warnings_cascade_delete PASSED [ 79%]
2026-01-29T19:53:21.3235560Z tests/test_persistence_diagnostics.py::TestCascadeDelete::test_errors_cascade_delete PASSED [ 79%]
2026-01-29T19:53:21.3315730Z tests/test_persistence_diagnostics.py::TestTransactionHandling::test_warnings_transaction_rollback_on_error PASSED [ 79%]
2026-01-29T19:53:21.3387760Z tests/test_persistence_diagnostics.py::TestTransactionHandling::test_errors_transaction_commit_on_success PASSED [ 79%]
2026-01-29T19:53:21.3437520Z tests/test_persistence_diagnostics.py::TestEmptyDiagnosticLists::test_save_empty_warnings_list PASSED [ 79%]
2026-01-29T19:53:21.3476950Z tests/test_persistence_diagnostics.py::TestEmptyDiagnosticLists::test_save_empty_errors_list PASSED [ 79%]
2026-01-29T19:53:21.3779420Z tests/test_persistence_diagnostics.py::TestMultipleBuildsDiagnostics::test_warnings_for_different_builds PASSED [ 79%]
2026-01-29T19:53:21.3821060Z tests/test_persistence_diagnostics.py::TestMultipleBuildsDiagnostics::test_errors_for_different_builds PASSED [ 80%]
2026-01-29T19:53:21.3860260Z tests/test_persistence_init.py::TestDatabaseCreation::test_database_creation_in_default_location PASSED [ 80%]
2026-01-29T19:53:21.3896120Z tests/test_persistence_init.py::TestDatabaseCreation::test_database_creation_in_custom_location PASSED [ 80%]
2026-01-29T19:53:21.3932160Z tests/test_persistence_init.py::TestDatabaseCreation::test_database_creation_with_nonexistent_parent_directory PASSED [ 80%]
2026-01-29T19:53:21.3970960Z tests/test_persistence_init.py::TestDatabaseCreation::test_database_file_is_valid_sqlite PASSED [ 80%]
2026-01-29T19:53:21.4006410Z tests/test_persistence_init.py::TestSchemaInitialization::test_schema_created_on_first_initialization PASSED [ 80%]
2026-01-29T19:53:21.4054860Z tests/test_persistence_init.py::TestSchemaInitialization::test_idempotent_initialization_multiple_calls PASSED [ 80%]
2026-01-29T19:53:21.4094580Z tests/test_persistence_init.py::TestSchemaInitialization::test_schema_not_recreated_on_subsequent_runs PASSED [ 81%]
2026-01-29T19:53:21.4129730Z tests/test_persistence_init.py::TestSchemaInitialization::test_foreign_keys_enabled_on_initialization PASSED [ 81%]
2026-01-29T19:53:21.4167630Z tests/test_persistence_init.py::TestConnectionManagement::test_connection_established_on_initialization PASSED [ 81%]
2026-01-29T19:53:21.4206270Z tests/test_persistence_init.py::TestConnectionManagement::test_connection_is_reusable PASSED [ 81%]
2026-01-29T19:53:21.4244050Z tests/test_persistence_init.py::TestConnectionManagement::test_close_connection_explicitly PASSED [ 81%]
2026-01-29T19:53:21.4281340Z tests/test_persistence_init.py::TestConnectionManagement::test_context_manager_closes_connection PASSED [ 81%]
2026-01-29T19:53:21.4321640Z tests/test_persistence_init.py::TestConnectionManagement::test_multiple_instances_can_access_same_database PASSED [ 81%]
2026-01-29T19:53:21.4357690Z tests/test_persistence_init.py::TestSchemaVersionTracking::test_schema_version_table_exists PASSED [ 82%]
2026-01-29T19:53:21.4397960Z tests/test_persistence_init.py::TestSchemaVersionTracking::test_initial_schema_version_recorded PASSED [ 82%]
2026-01-29T19:53:21.4432270Z tests/test_persistence_init.py::TestSchemaVersionTracking::test_get_schema_version_method PASSED [ 82%]
2026-01-29T19:53:21.4476000Z tests/test_persistence_init.py::TestSchemaVersionTracking::test_schema_version_persists_across_instances PASSED [ 82%]
2026-01-29T19:53:21.4516110Z tests/test_persistence_init.py::TestSchemaVersionTracking::test_schema_version_has_timestamp PASSED [ 82%]
2026-01-29T19:53:21.4532200Z tests/test_persistence_init.py::TestErrorHandling::test_invalid_database_path_raises_error PASSED [ 82%]
2026-01-29T19:53:21.4584980Z tests/test_persistence_init.py::TestErrorHandling::test_database_with_wrong_permissions PASSED [ 82%]
2026-01-29T19:53:21.4603080Z tests/test_persistence_init.py::TestErrorHandling::test_corrupted_database_handling PASSED [ 82%]
2026-01-29T19:53:21.4659930Z tests/test_persistence_init.py::TestConcurrentAccess::test_concurrent_read_access PASSED [ 83%]
2026-01-29T19:53:21.4728540Z tests/test_persistence_init.py::TestConcurrentAccess::test_write_transaction_isolation PASSED [ 83%]
2026-01-29T19:53:21.4773610Z tests/test_persistence_init.py::TestDatabaseProperties::test_wal_mode_enabled PASSED [ 83%]
2026-01-29T19:53:21.4813530Z tests/test_persistence_init.py::TestDatabaseProperties::test_synchronous_mode_configured PASSED [ 83%]
2026-01-29T19:53:21.4853080Z tests/test_persistence_init.py::TestDatabaseProperties::test_database_encoding_is_utf8 PASSED [ 83%]
2026-01-29T19:53:21.5153650Z tests/test_persistence_queries.py::TestGetRecentBuildsBasic::test_get_recent_builds_returns_empty_list_when_no_builds PASSED [ 83%]
2026-01-29T19:53:21.5466650Z tests/test_persistence_queries.py::TestGetRecentBuildsBasic::test_get_recent_builds_returns_single_build PASSED [ 83%]
2026-01-29T19:53:21.5814700Z tests/test_persistence_queries.py::TestGetRecentBuildsBasic::test_get_recent_builds_returns_multiple_builds PASSED [ 84%]
2026-01-29T19:53:21.6134100Z tests/test_persistence_queries.py::TestGetRecentBuildsOrdering::test_get_recent_builds_ordered_by_timestamp_newest_first PASSED [ 84%]
2026-01-29T19:53:21.6469250Z tests/test_persistence_queries.py::TestGetRecentBuildsLimit::test_get_recent_builds_with_default_limit PASSED [ 84%]
2026-01-29T19:53:21.6571670Z tests/test_persistence_queries.py::TestGetRecentBuildsLimit::test_get_recent_builds_with_custom_limit PASSED [ 84%]
2026-01-29T19:53:21.6612980Z tests/test_persistence_queries.py::TestGetRecentBuildsLimit::test_get_recent_builds_limit_larger_than_available PASSED [ 84%]
2026-01-29T19:53:21.6654190Z tests/test_persistence_queries.py::TestGetRecentBuildsFiltering::test_get_recent_builds_filter_by_project_name PASSED [ 84%]
2026-01-29T19:53:21.6699420Z tests/test_persistence_queries.py::TestGetRecentBuildsFiltering::test_get_recent_builds_filter_returns_empty_when_no_match PASSED [ 84%]
2026-01-29T19:53:21.6749650Z tests/test_persistence_queries.py::TestGetRecentBuildsFiltering::test_get_recent_builds_filter_respects_limit PASSED [ 84%]
2026-01-29T19:53:21.6851300Z tests/test_persistence_queries.py::TestGetRecentBuildsReturnedFields::test_get_recent_builds_includes_all_required_fields PASSED [ 85%]
2026-01-29T19:53:21.6872740Z tests/test_persistence_queries.py::TestGetRecentBuildsReturnedFields::test_get_recent_builds_includes_timestamp_as_string PASSED [ 85%]
2026-01-29T19:53:21.6886880Z tests/test_persistence_queries.py::TestGetBuildStatisticsBasic::test_get_build_statistics_returns_empty_stats_when_no_builds PASSED [ 85%]
2026-01-29T19:53:21.6929700Z tests/test_persistence_queries.py::TestGetBuildStatisticsBasic::test_get_build_statistics_single_successful_build PASSED [ 85%]
2026-01-29T19:53:21.6973930Z tests/test_persistence_queries.py::TestGetBuildStatisticsBasic::test_get_build_statistics_single_failed_build PASSED [ 85%]
2026-01-29T19:53:21.7013760Z tests/test_persistence_queries.py::TestGetBuildStatisticsCalculations::test_get_build_statistics_multiple_builds PASSED [ 85%]
2026-01-29T19:53:21.7063270Z tests/test_persistence_queries.py::TestGetBuildStatisticsCalculations::test_get_build_statistics_success_rate_precision PASSED [ 85%]
2026-01-29T19:53:21.7124890Z tests/test_persistence_queries.py::TestGetBuildStatisticsCalculations::test_get_build_statistics_average_duration_precision PASSED [ 86%]
2026-01-29T19:53:21.7170120Z tests/test_persistence_queries.py::TestGetBuildStatisticsFiltering::test_get_build_statistics_filter_by_project_name PASSED [ 86%]
2026-01-29T19:53:21.7208940Z tests/test_persistence_queries.py::TestGetBuildStatisticsFiltering::test_get_build_statistics_filter_returns_empty_when_no_match PASSED [ 86%]
2026-01-29T19:53:21.7248440Z tests/test_persistence_queries.py::TestGetBuildStatisticsEdgeCases::test_get_build_statistics_with_zero_duration_builds PASSED [ 86%]
2026-01-29T19:53:21.7342230Z tests/test_persistence_queries.py::TestGetBuildStatisticsEdgeCases::test_get_build_statistics_with_large_numbers PASSED [ 86%]
2026-01-29T19:53:21.7455160Z tests/test_persistence_queries.py::TestQueryPerformance::test_get_recent_builds_performance_with_many_builds PASSED [ 86%]
2026-01-29T19:53:21.7569670Z tests/test_persistence_queries.py::TestQueryPerformance::test_get_build_statistics_performance_with_many_builds PASSED [ 86%]
2026-01-29T19:53:21.7580640Z tests/test_project_detection.py::TestSimpleProjectDetection::test_simple_project_call PASSED [ 87%]
2026-01-29T19:53:21.7591020Z tests/test_project_detection.py::TestSimpleProjectDetection::test_project_with_language PASSED [ 87%]
2026-01-29T19:53:21.7598660Z tests/test_project_detection.py::TestSimpleProjectDetection::test_project_with_version PASSED [ 87%]
2026-01-29T19:53:21.7607030Z tests/test_project_detection.py::TestSimpleProjectDetection::test_project_with_languages_keyword PASSED [ 87%]
2026-01-29T19:53:21.7617540Z tests/test_project_detection.py::TestSimpleProjectDetection::test_project_with_all_options PASSED [ 87%]
2026-01-29T19:53:21.7625260Z tests/test_project_detection.py::TestMultilineProjectDetection::test_multiline_project_call PASSED [ 87%]
2026-01-29T19:53:21.7634240Z tests/test_project_detection.py::TestProjectWithComments::test_project_with_comments PASSED [ 87%]
2026-01-29T19:53:21.7643800Z tests/test_project_detection.py::TestNestedProjects::test_nested_project_calls_use_outermost PASSED [ 87%]
2026-01-29T19:53:21.7651980Z tests/test_project_detection.py::TestProjectWithSpecialCharacters::test_project_with_spaces_in_quotes PASSED [ 88%]
2026-01-29T19:53:21.7659430Z tests/test_project_detection.py::TestCaseInsensitivity::test_lowercase_project_command PASSED [ 88%]
2026-01-29T19:53:21.7665210Z tests/test_project_detection.py::TestErrorCases::test_file_not_found PASSED [ 88%]
2026-01-29T19:53:21.7672870Z tests/test_project_detection.py::TestErrorCases::test_no_project_call PASSED [ 88%]
2026-01-29T19:53:21.7684230Z tests/test_project_detection.py::TestErrorCases::test_with_actual_cmakelists_filename PASSED [ 88%]
2026-01-29T19:53:21.7689710Z tests/test_project_detection.py::TestPathHandling::test_with_string_path PASSED [ 88%]
2026-01-29T19:53:21.7696240Z tests/test_project_detection.py::TestPathHandling::test_with_path_object PASSED [ 88%]
2026-01-29T19:53:21.7706910Z tests/test_project_detection.py::TestFileEncodingHandling::test_with_invalid_encoding PASSED [ 89%]
2026-01-29T19:53:21.7713220Z tests/test_project_structure.py::test_all_required_directories_exist PASSED [ 89%]
2026-01-29T19:53:21.7719640Z tests/test_project_structure.py::test_all_init_files_present PASSED      [ 89%]
2026-01-29T19:53:21.7724980Z tests/test_project_structure.py::test_all_modules_can_be_imported PASSED [ 89%]
2026-01-29T19:53:21.7730160Z tests/test_project_structure.py::test_pytest_discovers_tests_directory PASSED [ 89%]
2026-01-29T19:53:21.7736020Z tests/test_project_structure.py::test_main_entry_point_exists PASSED     [ 89%]
2026-01-29T19:53:21.7743100Z tests/test_project_structure.py::test_required_placeholder_files_exist PASSED [ 89%]
2026-01-29T19:53:21.7748810Z tests/test_project_structure.py::test_fixtures_directory_exists PASSED   [ 89%]
2026-01-29T19:53:21.7754900Z tests/test_target_extraction.py::TestNinjaTargetExtraction::test_extract_simple_ninja_target PASSED [ 90%]
2026-01-29T19:53:21.7760960Z tests/test_target_extraction.py::TestNinjaTargetExtraction::test_extract_ninja_library_target PASSED [ 90%]
2026-01-29T19:53:21.7766560Z tests/test_target_extraction.py::TestNinjaTargetExtraction::test_extract_ninja_shared_library PASSED [ 90%]
2026-01-29T19:53:21.7772930Z tests/test_target_extraction.py::TestNinjaTargetExtraction::test_extract_multiple_ninja_targets PASSED [ 90%]
2026-01-29T19:53:21.7778770Z tests/test_target_extraction.py::TestNinjaTargetExtraction::test_extract_ninja_with_completion_percentage PASSED [ 90%]
2026-01-29T19:53:21.7784500Z tests/test_target_extraction.py::TestMakeTargetExtraction::test_extract_simple_make_target PASSED [ 90%]
2026-01-29T19:53:21.7790480Z tests/test_target_extraction.py::TestMakeTargetExtraction::test_extract_make_library_target PASSED [ 90%]
2026-01-29T19:53:21.7796900Z tests/test_target_extraction.py::TestMakeTargetExtraction::test_extract_make_shared_library PASSED [ 91%]
2026-01-29T19:53:21.7805290Z tests/test_target_extraction.py::TestMakeTargetExtraction::test_extract_multiple_make_targets PASSED [ 91%]
2026-01-29T19:53:21.7809960Z tests/test_target_extraction.py::TestMSVCTargetExtraction::test_extract_simple_msvc_target PASSED [ 91%]
2026-01-29T19:53:21.7816780Z tests/test_target_extraction.py::TestMSVCTargetExtraction::test_extract_msvc_library_target PASSED [ 91%]
2026-01-29T19:53:21.7823860Z tests/test_target_extraction.py::TestMSVCTargetExtraction::test_extract_msvc_dll_target PASSED [ 91%]
2026-01-29T19:53:21.7832530Z tests/test_target_extraction.py::TestMSVCTargetExtraction::test_extract_multiple_msvc_targets PASSED [ 91%]
2026-01-29T19:53:21.7840870Z tests/test_target_extraction.py::TestTargetTypeDetection::test_detect_executable_from_extension PASSED [ 91%]
2026-01-29T19:53:21.7844650Z tests/test_target_extraction.py::TestTargetTypeDetection::test_detect_executable_exe_extension PASSED [ 92%]
2026-01-29T19:53:21.7851330Z tests/test_target_extraction.py::TestTargetTypeDetection::test_detect_static_library_from_extension PASSED [ 92%]
2026-01-29T19:53:21.7857640Z tests/test_target_extraction.py::TestTargetTypeDetection::test_detect_static_library_lib_extension PASSED [ 92%]
2026-01-29T19:53:21.7864950Z tests/test_target_extraction.py::TestTargetTypeDetection::test_detect_shared_library_so_extension PASSED [ 92%]
2026-01-29T19:53:21.7871310Z tests/test_target_extraction.py::TestTargetTypeDetection::test_detect_shared_library_dll_extension PASSED [ 92%]
2026-01-29T19:53:21.7877070Z tests/test_target_extraction.py::TestTargetTypeDetection::test_detect_shared_library_dylib_extension PASSED [ 92%]
2026-01-29T19:53:21.7882830Z tests/test_target_extraction.py::TestBuildProgressTracking::test_extract_ninja_progress_steps PASSED [ 92%]
2026-01-29T19:53:21.7888480Z tests/test_target_extraction.py::TestBuildProgressTracking::test_extract_make_percentage_progress PASSED [ 92%]
2026-01-29T19:53:21.7893830Z tests/test_target_extraction.py::TestBuildProgressTracking::test_track_compilation_count PASSED [ 93%]
2026-01-29T19:53:21.7899370Z tests/test_target_extraction.py::TestBuildOrderDetection::test_detect_build_order_from_sequence PASSED [ 93%]
2026-01-29T19:53:21.7904970Z tests/test_target_extraction.py::TestBuildOrderDetection::test_detect_dependency_order PASSED [ 93%]
2026-01-29T19:53:21.7910860Z tests/test_target_extraction.py::TestParallelBuildOutput::test_extract_from_parallel_ninja_output PASSED [ 93%]
2026-01-29T19:53:21.7916860Z tests/test_target_extraction.py::TestParallelBuildOutput::test_handle_interleaved_make_output PASSED [ 93%]
2026-01-29T19:53:21.7922690Z tests/test_target_extraction.py::TestParallelBuildOutput::test_handle_scrambled_ninja_output PASSED [ 93%]
2026-01-29T19:53:21.7928280Z tests/test_target_extraction.py::TestEmptyAndInvalidOutput::test_extract_from_empty_output PASSED [ 93%]
2026-01-29T19:53:21.7934860Z tests/test_target_extraction.py::TestEmptyAndInvalidOutput::test_extract_from_output_without_targets PASSED [ 94%]
2026-01-29T19:53:21.7942530Z tests/test_target_extraction.py::TestEmptyAndInvalidOutput::test_extract_from_clean_output PASSED [ 94%]
2026-01-29T19:53:21.7949660Z tests/test_target_extraction.py::TestEdgeCases::test_target_with_spaces_in_path PASSED [ 94%]
2026-01-29T19:53:21.7955390Z tests/test_target_extraction.py::TestEdgeCases::test_target_with_special_characters PASSED [ 94%]
2026-01-29T19:53:21.8020450Z tests/test_target_extraction.py::TestEdgeCases::test_very_long_build_output PASSED [ 94%]
2026-01-29T19:53:21.8027000Z tests/test_target_extraction.py::TestEdgeCases::test_target_with_unicode_characters PASSED [ 94%]
2026-01-29T19:53:21.8032560Z tests/test_warning_error_extraction.py::TestGCCWarningExtraction::test_extract_simple_gcc_warning PASSED [ 94%]
2026-01-29T19:53:21.8044410Z tests/test_warning_error_extraction.py::TestGCCWarningExtraction::test_extract_gcc_warning_with_full_path PASSED [ 94%]
2026-01-29T19:53:21.8045080Z tests/test_warning_error_extraction.py::TestGCCWarningExtraction::test_extract_multiple_gcc_warnings PASSED [ 95%]
2026-01-29T19:53:21.8051170Z tests/test_warning_error_extraction.py::TestGCCWarningExtraction::test_extract_gcc_warning_without_column PASSED [ 95%]
2026-01-29T19:53:21.8056760Z tests/test_warning_error_extraction.py::TestGCCWarningExtraction::test_extract_gcc_multiline_warning PASSED [ 95%]
2026-01-29T19:53:21.8061930Z tests/test_warning_error_extraction.py::TestClangWarningExtraction::test_extract_simple_clang_warning PASSED [ 95%]
2026-01-29T19:53:21.8067400Z tests/test_warning_error_extraction.py::TestClangWarningExtraction::test_extract_clang_warning_with_note PASSED [ 95%]
2026-01-29T19:53:21.8073540Z tests/test_warning_error_extraction.py::TestClangWarningExtraction::test_extract_clang_warning_with_fixit PASSED [ 95%]
2026-01-29T19:53:21.8078910Z tests/test_warning_error_extraction.py::TestMSVCWarningExtraction::test_extract_simple_msvc_warning PASSED [ 95%]
2026-01-29T19:53:21.8084590Z tests/test_warning_error_extraction.py::TestMSVCWarningExtraction::test_extract_msvc_warning_with_column PASSED [ 96%]
2026-01-29T19:53:21.8090330Z tests/test_warning_error_extraction.py::TestMSVCWarningExtraction::test_extract_msvc_warning_with_full_path PASSED [ 96%]
2026-01-29T19:53:21.8096500Z tests/test_warning_error_extraction.py::TestMSVCWarningExtraction::test_extract_multiple_msvc_warnings PASSED [ 96%]
2026-01-29T19:53:21.8104250Z tests/test_warning_error_extraction.py::TestGCCErrorExtraction::test_extract_simple_gcc_error PASSED [ 96%]
2026-01-29T19:53:21.8175820Z tests/test_warning_error_extraction.py::TestGCCErrorExtraction::test_extract_gcc_fatal_error PASSED [ 96%]
2026-01-29T19:53:21.8176520Z tests/test_warning_error_extraction.py::TestGCCErrorExtraction::test_extract_multiple_gcc_errors PASSED [ 96%]
2026-01-29T19:53:21.8177120Z tests/test_warning_error_extraction.py::TestClangErrorExtraction::test_extract_simple_clang_error PASSED [ 96%]
2026-01-29T19:53:21.8178710Z tests/test_warning_error_extraction.py::TestClangErrorExtraction::test_extract_clang_error_with_multiline PASSED [ 97%]
2026-01-29T19:53:21.8179350Z tests/test_warning_error_extraction.py::TestMSVCErrorExtraction::test_extract_simple_msvc_error PASSED [ 97%]
2026-01-29T19:53:21.8179950Z tests/test_warning_error_extraction.py::TestMSVCErrorExtraction::test_extract_msvc_error_with_column PASSED [ 97%]
2026-01-29T19:53:21.8180530Z tests/test_warning_error_extraction.py::TestMSVCErrorExtraction::test_extract_msvc_fatal_error PASSED [ 97%]
2026-01-29T19:53:21.8183370Z tests/test_warning_error_extraction.py::TestWarningWithoutFileInfo::test_extract_warning_without_file_info PASSED [ 97%]
2026-01-29T19:53:21.8190440Z tests/test_warning_error_extraction.py::TestWarningWithoutFileInfo::test_extract_linker_warning PASSED [ 97%]
2026-01-29T19:53:21.8196040Z tests/test_warning_error_extraction.py::TestColoredOutputHandling::test_extract_warning_with_ansi_colors PASSED [ 97%]
2026-01-29T19:53:21.8201550Z tests/test_warning_error_extraction.py::TestColoredOutputHandling::test_extract_error_with_ansi_colors PASSED [ 97%]
2026-01-29T19:53:21.8209580Z tests/test_warning_error_extraction.py::TestWarningCounting::test_count_warnings PASSED [ 98%]
2026-01-29T19:53:21.8215860Z tests/test_warning_error_extraction.py::TestWarningCounting::test_count_by_type PASSED [ 98%]
2026-01-29T19:53:21.8221770Z tests/test_warning_error_extraction.py::TestWarningDeduplication::test_deduplicate_identical_warnings PASSED [ 98%]
2026-01-29T19:53:21.8228480Z tests/test_warning_error_extraction.py::TestWarningDeduplication::test_no_deduplication_when_disabled PASSED [ 98%]
2026-01-29T19:53:21.8234610Z tests/test_warning_error_extraction.py::TestWarningDeduplication::test_deduplicate_by_file_line_message PASSED [ 98%]
2026-01-29T19:53:21.8240290Z tests/test_warning_error_extraction.py::TestMixedWarningsAndErrors::test_extract_warnings_ignores_errors PASSED [ 98%]
2026-01-29T19:53:21.8246480Z tests/test_warning_error_extraction.py::TestMixedWarningsAndErrors::test_extract_errors_ignores_warnings PASSED [ 98%]
2026-01-29T19:53:21.8252590Z tests/test_warning_error_extraction.py::TestEmptyAndInvalidOutput::test_extract_warnings_from_empty_output PASSED [ 99%]
2026-01-29T19:53:21.8257880Z tests/test_warning_error_extraction.py::TestEmptyAndInvalidOutput::test_extract_errors_from_empty_output PASSED [ 99%]
2026-01-29T19:53:21.8264440Z tests/test_warning_error_extraction.py::TestEmptyAndInvalidOutput::test_extract_from_output_without_warnings PASSED [ 99%]
2026-01-29T19:53:21.8270370Z tests/test_warning_error_extraction.py::TestEmptyAndInvalidOutput::test_extract_from_output_without_errors PASSED [ 99%]
2026-01-29T19:53:21.8276660Z tests/test_warning_error_extraction.py::TestEdgeCases::test_warning_with_special_characters_in_filename PASSED [ 99%]
2026-01-29T19:53:21.8282340Z tests/test_warning_error_extraction.py::TestEdgeCases::test_warning_with_spaces_in_windows_path PASSED [ 99%]
2026-01-29T19:53:21.8289880Z tests/test_warning_error_extraction.py::TestEdgeCases::test_very_long_warning_message PASSED [ 99%]
2026-01-29T19:53:22.4381230Z tests/test_warning_error_extraction.py::TestEdgeCases::test_warning_with_unicode_characters PASSED [100%]
2026-01-29T19:53:22.4382540Z 
2026-01-29T19:53:22.4382780Z ================================ tests coverage ================================
2026-01-29T19:53:22.4383220Z _______________ coverage: platform darwin, python 3.9.13-final-0 _______________
2026-01-29T19:53:22.4383500Z 
2026-01-29T19:53:22.4383650Z Name                           Stmts   Miss   Cover   Missing
2026-01-29T19:53:22.4383960Z -------------------------------------------------------------
2026-01-29T19:53:22.4384260Z __init__.py                        2      0 100.00%
2026-01-29T19:53:22.4384560Z cli/__init__.py                    0      0 100.00%
2026-01-29T19:53:22.4384860Z cli/argument_errors.py            45      0 100.00%
2026-01-29T19:53:22.4385170Z cli/argument_parser.py            51      2  96.08%   135, 141
2026-01-29T19:53:22.4385500Z cli/argument_validator.py         47      2  95.74%   171-172
2026-01-29T19:53:22.4385800Z cmake/__init__.py                  0      0 100.00%
2026-01-29T19:53:22.4386100Z cmake/executor.py                120      2  98.33%   41, 45
2026-01-29T19:53:22.4386410Z cmake/parameter_manager.py       100      1  99.00%   179
2026-01-29T19:53:22.4386740Z inspector/__init__.py              0      0 100.00%
2026-01-29T19:53:22.4387120Z inspector/build_inspector.py     250     19  92.40%   526, 591, 664-676, 688-697
2026-01-29T19:53:22.4387470Z models/__init__.py                 4      0 100.00%
2026-01-29T19:53:22.4387760Z models/arguments.py               34      2  94.12%   48, 85
2026-01-29T19:53:22.4388050Z models/metadata.py                72      0 100.00%
2026-01-29T19:53:22.4388330Z models/records.py                  0      0 100.00%
2026-01-29T19:53:22.4388600Z models/results.py                 47      0 100.00%
2026-01-29T19:53:22.4388870Z storage/__init__.py                2      0 100.00%
2026-01-29T19:53:22.4389500Z storage/data_persistence.py      134      8  94.03%   147, 223-225, 490-491, 567-568
2026-01-29T19:53:22.4389870Z storage/persistence.py            35      0 100.00%
2026-01-29T19:53:22.4390150Z storage/query.py                   0      0 100.00%
2026-01-29T19:53:22.4390680Z utils/__init__.py                  0      0 100.00%
2026-01-29T19:53:22.4391000Z utils/formatting.py              119      8  93.28%   53, 135, 186-189, 223-224
2026-01-29T19:53:22.4391490Z utils/logging.py                   0      0 100.00%
2026-01-29T19:53:22.4391790Z utils/logging_config.py           51      1  98.04%   45
2026-01-29T19:53:22.4392080Z utils/paths.py                     0      0 100.00%
2026-01-29T19:53:22.4392370Z -------------------------------------------------------------
2026-01-29T19:53:22.4392640Z TOTAL                           1113     45  95.96%
2026-01-29T19:53:22.4392900Z Coverage HTML written to dir htmlcov
2026-01-29T19:53:22.4393140Z Coverage XML written to file coverage.xml
2026-01-29T19:53:22.4393440Z Required test coverage of 90.0% reached. Total coverage: 95.96%
2026-01-29T19:53:22.4393780Z ============================= 739 passed in 28.65s =============================
2026-01-29T19:53:22.5013760Z Post job cleanup.
2026-01-29T19:53:22.8423030Z Post job cleanup.
2026-01-29T19:53:22.9464780Z [command]/opt/homebrew/bin/git version
2026-01-29T19:53:22.9658940Z git version 2.52.0
2026-01-29T19:53:22.9747940Z Copying '/Users/runner/.gitconfig' to '/Users/runner/work/_temp/3e21da18-b912-4939-9be5-d47903cfe429/.gitconfig'
2026-01-29T19:53:22.9752760Z Temporarily overriding HOME='/Users/runner/work/_temp/3e21da18-b912-4939-9be5-d47903cfe429' before making global git config changes
2026-01-29T19:53:22.9758830Z Adding repository directory to the temporary git global config as a safe directory
2026-01-29T19:53:22.9764240Z [command]/opt/homebrew/bin/git config --global --add safe.directory /Users/runner/work/argos/argos
2026-01-29T19:53:22.9901150Z [command]/opt/homebrew/bin/git config --local --name-only --get-regexp core\.sshCommand
2026-01-29T19:53:22.9978730Z [command]/opt/homebrew/bin/git submodule foreach --recursive sh -c "git config --local --name-only --get-regexp 'core\.sshCommand' && git config --local --unset-all 'core.sshCommand' || :"
2026-01-29T19:53:23.1004860Z [command]/opt/homebrew/bin/git config --local --name-only --get-regexp http\.https\:\/\/github\.com\/\.extraheader
2026-01-29T19:53:23.1064550Z http.https://github.com/.extraheader
2026-01-29T19:53:23.1099580Z [command]/opt/homebrew/bin/git config --local --unset-all http.https://github.com/.extraheader
2026-01-29T19:53:23.1151740Z [command]/opt/homebrew/bin/git submodule foreach --recursive sh -c "git config --local --name-only --get-regexp 'http\.https\:\/\/github\.com\/\.extraheader' && git config --local --unset-all 'http.https://github.com/.extraheader' || :"
2026-01-29T19:53:23.1909420Z [command]/opt/homebrew/bin/git config --local --name-only --get-regexp ^includeIf\.gitdir:
2026-01-29T19:53:23.1970330Z [command]/opt/homebrew/bin/git submodule foreach --recursive git config --local --show-origin --name-only --get-regexp remote.origin.url
2026-01-29T19:53:23.3490090Z Cleaning up orphan processes
