2026-01-29T19:51:34.2005282Z Current runner version: '2.331.0'
2026-01-29T19:51:34.2028981Z ##[group]Runner Image Provisioner
2026-01-29T19:51:34.2029767Z Hosted Compute Agent
2026-01-29T19:51:34.2030239Z Version: 20260123.484
2026-01-29T19:51:34.2030795Z Commit: 6bd6555ca37d84114959e1c76d2c01448ff61c5d
2026-01-29T19:51:34.2031964Z Build Date: 2026-01-23T19:41:17Z
2026-01-29T19:51:34.2032578Z Worker ID: {ac9204f3-9a95-4a2a-b655-fdf8622df1d3}
2026-01-29T19:51:34.2033166Z Azure Region: westus
2026-01-29T19:51:34.2033692Z ##[endgroup]
2026-01-29T19:51:34.2035049Z ##[group]Operating System
2026-01-29T19:51:34.2035584Z Microsoft Windows Server 2025
2026-01-29T19:51:34.2036139Z 10.0.26100
2026-01-29T19:51:34.2036539Z Datacenter
2026-01-29T19:51:34.2036959Z ##[endgroup]
2026-01-29T19:51:34.2037403Z ##[group]Runner Image
2026-01-29T19:51:34.2037883Z Image: windows-2025
2026-01-29T19:51:34.2038314Z Version: 20260127.11.2
2026-01-29T19:51:34.2039632Z Included Software: https://github.com/actions/runner-images/blob/win25/20260127.11/images/windows/Windows2025-Readme.md
2026-01-29T19:51:34.2040992Z Image Release: https://github.com/actions/runner-images/releases/tag/win25%2F20260127.11
2026-01-29T19:51:34.2041916Z ##[endgroup]
2026-01-29T19:51:34.2042911Z ##[group]GITHUB_TOKEN Permissions
2026-01-29T19:51:34.2044669Z Contents: read
2026-01-29T19:51:34.2045138Z Metadata: read
2026-01-29T19:51:34.2045593Z Packages: read
2026-01-29T19:51:34.2045996Z ##[endgroup]
2026-01-29T19:51:34.2047934Z Secret source: Actions
2026-01-29T19:51:34.2048542Z Prepare workflow directory
2026-01-29T19:51:34.2373053Z Prepare all required actions
2026-01-29T19:51:34.2414663Z Getting action download info
2026-01-29T19:51:34.6955709Z Download action repository 'actions/checkout@v4' (SHA:34e114876b0b11c390a56381ad16ebd13914f8d5)
2026-01-29T19:51:34.8149691Z Download action repository 'actions/setup-python@v5' (SHA:a26af69be951a213d495a4c3e4e4022e16d87065)
2026-01-29T19:51:35.0661454Z Download action repository 'codecov/codecov-action@v4' (SHA:b9fd7d16f6d7d1b5d2bec1a2887e65ceed900238)
2026-01-29T19:51:35.9096846Z Complete job name: test (windows-latest, 3.9)
2026-01-29T19:51:36.0458751Z ##[group]Run actions/checkout@v4
2026-01-29T19:51:36.0460523Z with:
2026-01-29T19:51:36.0461230Z   repository: lmvcruz/argos
2026-01-29T19:51:36.0462335Z   token: ***
2026-01-29T19:51:36.0463019Z   ssh-strict: true
2026-01-29T19:51:36.0463733Z   ssh-user: git
2026-01-29T19:51:36.0464448Z   persist-credentials: true
2026-01-29T19:51:36.0465267Z   clean: true
2026-01-29T19:51:36.0465992Z   sparse-checkout-cone-mode: true
2026-01-29T19:51:36.0466864Z   fetch-depth: 1
2026-01-29T19:51:36.0467554Z   fetch-tags: false
2026-01-29T19:51:36.0468293Z   show-progress: true
2026-01-29T19:51:36.0469030Z   lfs: false
2026-01-29T19:51:36.0469702Z   submodules: false
2026-01-29T19:51:36.0470431Z   set-safe-directory: true
2026-01-29T19:51:36.0471456Z ##[endgroup]
2026-01-29T19:51:36.2168799Z Syncing repository: lmvcruz/argos
2026-01-29T19:51:36.2171135Z ##[group]Getting Git version info
2026-01-29T19:51:36.2172200Z Working directory is 'D:\a\argos\argos'
2026-01-29T19:51:36.3452806Z [command]"C:\Program Files\Git\bin\git.exe" version
2026-01-29T19:51:36.6860414Z git version 2.52.0.windows.1
2026-01-29T19:51:36.6922043Z ##[endgroup]
2026-01-29T19:51:36.6944511Z Temporarily overriding HOME='D:\a\_temp\cc0c7717-dff2-4358-882d-5f8e882920a2' before making global git config changes
2026-01-29T19:51:36.6946818Z Adding repository directory to the temporary git global config as a safe directory
2026-01-29T19:51:36.6955879Z [command]"C:\Program Files\Git\bin\git.exe" config --global --add safe.directory D:\a\argos\argos
2026-01-29T19:51:36.7525156Z Deleting the contents of 'D:\a\argos\argos'
2026-01-29T19:51:36.7532411Z ##[group]Initializing the repository
2026-01-29T19:51:36.7541987Z [command]"C:\Program Files\Git\bin\git.exe" init D:\a\argos\argos
2026-01-29T19:51:36.8314373Z Initialized empty Git repository in D:/a/argos/argos/.git/
2026-01-29T19:51:36.8364449Z [command]"C:\Program Files\Git\bin\git.exe" remote add origin https://github.com/lmvcruz/argos
2026-01-29T19:51:36.8846496Z ##[endgroup]
2026-01-29T19:51:36.8847817Z ##[group]Disabling automatic garbage collection
2026-01-29T19:51:36.8855596Z [command]"C:\Program Files\Git\bin\git.exe" config --local gc.auto 0
2026-01-29T19:51:36.9150688Z ##[endgroup]
2026-01-29T19:51:36.9151851Z ##[group]Setting up auth
2026-01-29T19:51:36.9163956Z [command]"C:\Program Files\Git\bin\git.exe" config --local --name-only --get-regexp core\.sshCommand
2026-01-29T19:51:36.9462264Z [command]"C:\Program Files\Git\bin\git.exe" submodule foreach --recursive "sh -c \"git config --local --name-only --get-regexp 'core\.sshCommand' && git config --local --unset-all 'core.sshCommand' || :\""
2026-01-29T19:51:38.3565656Z [command]"C:\Program Files\Git\bin\git.exe" config --local --name-only --get-regexp http\.https\:\/\/github\.com\/\.extraheader
2026-01-29T19:51:38.3865578Z [command]"C:\Program Files\Git\bin\git.exe" submodule foreach --recursive "sh -c \"git config --local --name-only --get-regexp 'http\.https\:\/\/github\.com\/\.extraheader' && git config --local --unset-all 'http.https://github.com/.extraheader' || :\""
2026-01-29T19:51:38.9374026Z [command]"C:\Program Files\Git\bin\git.exe" config --local --name-only --get-regexp ^includeIf\.gitdir:
2026-01-29T19:51:38.9712376Z [command]"C:\Program Files\Git\bin\git.exe" submodule foreach --recursive "git config --local --show-origin --name-only --get-regexp remote.origin.url"
2026-01-29T19:51:39.5316325Z [command]"C:\Program Files\Git\bin\git.exe" config --local http.https://github.com/.extraheader "AUTHORIZATION: basic ***"
2026-01-29T19:51:39.5631718Z ##[endgroup]
2026-01-29T19:51:39.5632460Z ##[group]Fetching the repository
2026-01-29T19:51:39.5646439Z [command]"C:\Program Files\Git\bin\git.exe" -c protocol.version=2 fetch --no-tags --prune --no-recurse-submodules --depth=1 origin +6e88af65893115b1e389f12d19076fb480e79091:refs/remotes/origin/main
2026-01-29T19:51:40.5965695Z From https://github.com/lmvcruz/argos
2026-01-29T19:51:40.5968990Z  * [new ref]         6e88af65893115b1e389f12d19076fb480e79091 -> origin/main
2026-01-29T19:51:40.6154147Z ##[endgroup]
2026-01-29T19:51:40.6154527Z ##[group]Determining the checkout info
2026-01-29T19:51:40.6158011Z ##[endgroup]
2026-01-29T19:51:40.6174218Z [command]"C:\Program Files\Git\bin\git.exe" sparse-checkout disable
2026-01-29T19:51:40.6620176Z [command]"C:\Program Files\Git\bin\git.exe" config --local --unset-all extensions.worktreeConfig
2026-01-29T19:51:40.6938450Z ##[group]Checking out the ref
2026-01-29T19:51:40.6948431Z [command]"C:\Program Files\Git\bin\git.exe" checkout --progress --force -B main refs/remotes/origin/main
2026-01-29T19:51:40.7915876Z branch 'main' set up to track 'origin/main'.
2026-01-29T19:51:40.7924384Z Switched to a new branch 'main'
2026-01-29T19:51:40.7965130Z ##[endgroup]
2026-01-29T19:51:40.8372743Z [command]"C:\Program Files\Git\bin\git.exe" log -1 --format=%H
2026-01-29T19:51:40.8639005Z 6e88af65893115b1e389f12d19076fb480e79091
2026-01-29T19:51:40.9073021Z ##[group]Run actions/setup-python@v5
2026-01-29T19:51:40.9073372Z with:
2026-01-29T19:51:40.9073550Z   python-version: 3.9
2026-01-29T19:51:40.9073775Z   check-latest: false
2026-01-29T19:51:40.9074101Z   token: ***
2026-01-29T19:51:40.9074290Z   update-environment: true
2026-01-29T19:51:40.9074508Z   allow-prereleases: false
2026-01-29T19:51:40.9074737Z   freethreaded: false
2026-01-29T19:51:40.9074953Z ##[endgroup]
2026-01-29T19:51:41.1298059Z ##[group]Installed versions
2026-01-29T19:51:41.1646877Z Version 3.9 was not found in the local cache
2026-01-29T19:51:42.6686049Z Version 3.9 is available for downloading
2026-01-29T19:51:42.6688834Z Download from "https://github.com/actions/python-versions/releases/download/3.9.13-11183687820/python-3.9.13-win32-x64.zip"
2026-01-29T19:51:43.2757313Z Extract downloaded archive
2026-01-29T19:51:43.4038092Z [command]"C:\Program Files\PowerShell\7\pwsh.exe" -NoLogo -NoProfile -NonInteractive -ExecutionPolicy Unrestricted -Command "$ErrorActionPreference = 'Stop' ; try { Add-Type -AssemblyName System.IO.Compression.ZipFile } catch { } ; try { [System.IO.Compression.ZipFile]::ExtractToDirectory('D:\a\_temp\python-3.9.13-win32-x64.zip', 'D:\a\_temp\2fc559d6-3493-4d8a-9746-3540e0d4f1eb', $true) } catch { if (($_.Exception.GetType().FullName -eq 'System.Management.Automation.MethodException') -or ($_.Exception.GetType().FullName -eq 'System.Management.Automation.RuntimeException') ){ Expand-Archive -LiteralPath 'D:\a\_temp\python-3.9.13-win32-x64.zip' -DestinationPath 'D:\a\_temp\2fc559d6-3493-4d8a-9746-3540e0d4f1eb' -Force } else { throw $_ } } ;"
2026-01-29T19:51:49.0071046Z Execute installation script
2026-01-29T19:51:49.5330362Z Check if Python hostedtoolcache folder exist...
2026-01-29T19:51:49.5332391Z 
2026-01-29T19:51:49.5357129Z Check if current Python version is installed...
2026-01-29T19:51:49.5358584Z 
2026-01-29T19:51:49.5433909Z No Python3.9.* found
2026-01-29T19:51:49.5435018Z 
2026-01-29T19:51:49.5440784Z Remove registry entries for Python 3.9(x64)...
2026-01-29T19:51:49.5442831Z 
2026-01-29T19:51:50.1809357Z Create Python 3.9.13 folder in C:\hostedtoolcache\windows\Python
2026-01-29T19:51:50.1810067Z 
2026-01-29T19:51:50.1855228Z Copy Python binaries to C:\hostedtoolcache\windows\Python\3.9.13\x64
2026-01-29T19:51:50.1856831Z 
2026-01-29T19:51:50.1977595Z Install Python 3.9.13 in C:\hostedtoolcache\windows\Python...
2026-01-29T19:51:50.1978391Z 
2026-01-29T19:52:30.6010556Z Create python3 symlink
2026-01-29T19:52:30.6012266Z 
2026-01-29T19:52:30.6211156Z 
2026-01-29T19:52:30.6213350Z 
2026-01-29T19:52:30.6216570Z Directory: C:\hostedtoolcache\windows\Python\3.9.13\x64
2026-01-29T19:52:30.6217438Z 
2026-01-29T19:52:30.6228379Z Mode                 LastWriteTime         Length Name
2026-01-29T19:52:30.6234801Z ----                 -------------         ------ ----
2026-01-29T19:52:30.6247565Z -a---l         1/29/2026   7:52 PM              0 python3.exe
2026-01-29T19:52:30.6254745Z Install and upgrade Pip
2026-01-29T19:52:30.6256349Z 
2026-01-29T19:52:32.8988050Z Looking in links: c:\Users\RUNNER~1\AppData\Local\Temp\tmpr75ggwxh
2026-01-29T19:52:32.8993098Z Requirement already satisfied: setuptools in c:\hostedtoolcache\windows\python\3.9.13\x64\lib\site-packages (58.1.0)
2026-01-29T19:52:32.8999048Z Requirement already satisfied: pip in c:\hostedtoolcache\windows\python\3.9.13\x64\lib\site-packages (22.0.4)
2026-01-29T19:52:34.1571919Z Collecting pip
2026-01-29T19:52:34.1903859Z Downloading pip-25.3-py3-none-any.whl (1.8 MB)
2026-01-29T19:52:34.7256070Z ---------------------------------------- 1.8/1.8 MB 3.3 MB/s eta 0:00:00
2026-01-29T19:52:34.7256610Z 
2026-01-29T19:52:34.7584120Z Installing collected packages: pip
2026-01-29T19:52:34.7585790Z Attempting uninstall: pip
2026-01-29T19:52:34.7592645Z Found existing installation: pip 22.0.4
2026-01-29T19:52:35.2735045Z Uninstalling pip-22.0.4:
2026-01-29T19:52:35.2998670Z Successfully uninstalled pip-22.0.4
2026-01-29T19:52:37.6641794Z Successfully installed pip-25.3
2026-01-29T19:52:38.3353435Z Create complete file
2026-01-29T19:52:38.3354639Z 
2026-01-29T19:52:38.3366718Z 
2026-01-29T19:52:38.3367314Z 
2026-01-29T19:52:38.3702312Z Successfully set up CPython (3.9.13)
2026-01-29T19:52:38.3703642Z ##[endgroup]
2026-01-29T19:52:38.3961196Z ##[group]Run python -m pip install --upgrade pip
2026-01-29T19:52:38.3961666Z [36;1mpython -m pip install --upgrade pip[0m
2026-01-29T19:52:38.3961971Z [36;1mpip install -r requirements.txt[0m
2026-01-29T19:52:38.4035634Z shell: C:\Program Files\PowerShell\7\pwsh.EXE -command ". '{0}'"
2026-01-29T19:52:38.4035981Z env:
2026-01-29T19:52:38.4036244Z   pythonLocation: C:\hostedtoolcache\windows\Python\3.9.13\x64
2026-01-29T19:52:38.4036697Z   PKG_CONFIG_PATH: C:\hostedtoolcache\windows\Python\3.9.13\x64/lib/pkgconfig
2026-01-29T19:52:38.4037130Z   Python_ROOT_DIR: C:\hostedtoolcache\windows\Python\3.9.13\x64
2026-01-29T19:52:38.4037514Z   Python2_ROOT_DIR: C:\hostedtoolcache\windows\Python\3.9.13\x64
2026-01-29T19:52:38.4038672Z   Python3_ROOT_DIR: C:\hostedtoolcache\windows\Python\3.9.13\x64
2026-01-29T19:52:38.4038984Z ##[endgroup]
2026-01-29T19:52:39.8996962Z Requirement already satisfied: pip in c:\hostedtoolcache\windows\python\3.9.13\x64\lib\site-packages (25.3)
2026-01-29T19:52:41.0684966Z Collecting pytest>=7.4.0 (from -r requirements.txt (line 5))
2026-01-29T19:52:41.1149976Z   Downloading pytest-8.4.2-py3-none-any.whl.metadata (7.7 kB)
2026-01-29T19:52:41.1660717Z Collecting pytest-cov>=4.1.0 (from -r requirements.txt (line 6))
2026-01-29T19:52:41.1709864Z   Downloading pytest_cov-7.0.0-py3-none-any.whl.metadata (31 kB)
2026-01-29T19:52:41.2405327Z Collecting pytest-mock>=3.11.1 (from -r requirements.txt (line 7))
2026-01-29T19:52:41.2468409Z   Downloading pytest_mock-3.15.1-py3-none-any.whl.metadata (3.9 kB)
2026-01-29T19:52:41.3792783Z Collecting psutil>=5.9.0 (from -r requirements.txt (line 8))
2026-01-29T19:52:41.3848084Z   Downloading psutil-7.2.2-cp37-abi3-win_amd64.whl.metadata (22 kB)
2026-01-29T19:52:41.5300971Z Collecting black>=23.7.0 (from -r requirements.txt (line 11))
2026-01-29T19:52:41.5384317Z   Downloading black-25.11.0-cp39-cp39-win_amd64.whl.metadata (85 kB)
2026-01-29T19:52:41.6123481Z Collecting flake8>=6.1.0 (from -r requirements.txt (line 12))
2026-01-29T19:52:41.6172957Z   Downloading flake8-7.3.0-py2.py3-none-any.whl.metadata (3.8 kB)
2026-01-29T19:52:41.7764576Z Collecting mypy>=1.5.0 (from -r requirements.txt (line 13))
2026-01-29T19:52:41.7822387Z   Downloading mypy-1.19.1-cp39-cp39-win_amd64.whl.metadata (2.3 kB)
2026-01-29T19:52:41.8412798Z Collecting radon>=6.0.1 (from -r requirements.txt (line 16))
2026-01-29T19:52:41.8476316Z   Downloading radon-6.0.1-py2.py3-none-any.whl.metadata (8.2 kB)
2026-01-29T19:52:41.9269008Z Collecting pylint>=3.0.0 (from -r requirements.txt (line 17))
2026-01-29T19:52:41.9321405Z   Downloading pylint-3.3.9-py3-none-any.whl.metadata (12 kB)
2026-01-29T19:52:42.0004212Z Collecting isort>=5.12.0 (from -r requirements.txt (line 20))
2026-01-29T19:52:42.0056034Z   Downloading isort-6.1.0-py3-none-any.whl.metadata (12 kB)
2026-01-29T19:52:42.0554400Z Collecting autoflake>=2.2.1 (from -r requirements.txt (line 21))
2026-01-29T19:52:42.0620332Z   Downloading autoflake-2.3.1-py3-none-any.whl.metadata (7.6 kB)
2026-01-29T19:52:42.1229195Z Collecting vulture>=2.10 (from -r requirements.txt (line 24))
2026-01-29T19:52:42.1298339Z   Downloading vulture-2.14-py2.py3-none-any.whl.metadata (24 kB)
2026-01-29T19:52:42.1828174Z Collecting colorama>=0.4 (from pytest>=7.4.0->-r requirements.txt (line 5))
2026-01-29T19:52:42.1881059Z   Downloading colorama-0.4.6-py2.py3-none-any.whl.metadata (17 kB)
2026-01-29T19:52:42.2399902Z Collecting exceptiongroup>=1 (from pytest>=7.4.0->-r requirements.txt (line 5))
2026-01-29T19:52:42.2475080Z   Downloading exceptiongroup-1.3.1-py3-none-any.whl.metadata (6.7 kB)
2026-01-29T19:52:42.2934437Z Collecting iniconfig>=1 (from pytest>=7.4.0->-r requirements.txt (line 5))
2026-01-29T19:52:42.2987640Z   Downloading iniconfig-2.1.0-py3-none-any.whl.metadata (2.7 kB)
2026-01-29T19:52:42.3528946Z Collecting packaging>=20 (from pytest>=7.4.0->-r requirements.txt (line 5))
2026-01-29T19:52:42.3581674Z   Downloading packaging-26.0-py3-none-any.whl.metadata (3.3 kB)
2026-01-29T19:52:42.4070438Z Collecting pluggy<2,>=1.5 (from pytest>=7.4.0->-r requirements.txt (line 5))
2026-01-29T19:52:42.4127098Z   Downloading pluggy-1.6.0-py3-none-any.whl.metadata (4.8 kB)
2026-01-29T19:52:42.5245551Z Collecting pygments>=2.7.2 (from pytest>=7.4.0->-r requirements.txt (line 5))
2026-01-29T19:52:42.5296644Z   Downloading pygments-2.19.2-py3-none-any.whl.metadata (2.5 kB)
2026-01-29T19:52:42.5935422Z Collecting tomli>=1 (from pytest>=7.4.0->-r requirements.txt (line 5))
2026-01-29T19:52:42.5987460Z   Downloading tomli-2.4.0-py3-none-any.whl.metadata (10 kB)
2026-01-29T19:52:43.0752015Z Collecting coverage>=7.10.6 (from coverage[toml]>=7.10.6->pytest-cov>=4.1.0->-r requirements.txt (line 6))
2026-01-29T19:52:43.0813975Z   Downloading coverage-7.10.7-cp39-cp39-win_amd64.whl.metadata (9.2 kB)
2026-01-29T19:52:43.1575220Z Collecting click>=8.0.0 (from black>=23.7.0->-r requirements.txt (line 11))
2026-01-29T19:52:43.1622781Z   Downloading click-8.1.8-py3-none-any.whl.metadata (2.3 kB)
2026-01-29T19:52:43.2075113Z Collecting mypy-extensions>=0.4.3 (from black>=23.7.0->-r requirements.txt (line 11))
2026-01-29T19:52:43.2126443Z   Downloading mypy_extensions-1.1.0-py3-none-any.whl.metadata (1.1 kB)
2026-01-29T19:52:43.2691153Z Collecting pathspec>=0.9.0 (from black>=23.7.0->-r requirements.txt (line 11))
2026-01-29T19:52:43.2738740Z   Downloading pathspec-1.0.4-py3-none-any.whl.metadata (13 kB)
2026-01-29T19:52:43.3258486Z Collecting platformdirs>=2 (from black>=23.7.0->-r requirements.txt (line 11))
2026-01-29T19:52:43.3307699Z   Downloading platformdirs-4.4.0-py3-none-any.whl.metadata (12 kB)
2026-01-29T19:52:43.3774748Z Collecting pytokens>=0.3.0 (from black>=23.7.0->-r requirements.txt (line 11))
2026-01-29T19:52:43.3833425Z   Downloading pytokens-0.4.0-cp39-cp39-win_amd64.whl.metadata (3.9 kB)
2026-01-29T19:52:43.4373371Z Collecting typing-extensions>=4.0.1 (from black>=23.7.0->-r requirements.txt (line 11))
2026-01-29T19:52:43.4427030Z   Downloading typing_extensions-4.15.0-py3-none-any.whl.metadata (3.3 kB)
2026-01-29T19:52:43.4854467Z Collecting mccabe<0.8.0,>=0.7.0 (from flake8>=6.1.0->-r requirements.txt (line 12))
2026-01-29T19:52:43.4902653Z   Downloading mccabe-0.7.0-py2.py3-none-any.whl.metadata (5.0 kB)
2026-01-29T19:52:43.5390689Z Collecting pycodestyle<2.15.0,>=2.14.0 (from flake8>=6.1.0->-r requirements.txt (line 12))
2026-01-29T19:52:43.5442955Z   Downloading pycodestyle-2.14.0-py2.py3-none-any.whl.metadata (4.5 kB)
2026-01-29T19:52:43.6061711Z Collecting pyflakes<3.5.0,>=3.4.0 (from flake8>=6.1.0->-r requirements.txt (line 12))
2026-01-29T19:52:43.6110251Z   Downloading pyflakes-3.4.0-py2.py3-none-any.whl.metadata (3.5 kB)
2026-01-29T19:52:43.7889893Z Collecting librt>=0.6.2 (from mypy>=1.5.0->-r requirements.txt (line 13))
2026-01-29T19:52:43.7954298Z   Downloading librt-0.7.8-cp39-cp39-win_amd64.whl.metadata (1.4 kB)
2026-01-29T19:52:43.8422823Z Collecting mando<0.8,>=0.6 (from radon>=6.0.1->-r requirements.txt (line 16))
2026-01-29T19:52:43.8518625Z   Downloading mando-0.7.1-py2.py3-none-any.whl.metadata (7.4 kB)
2026-01-29T19:52:43.9123467Z Collecting six (from mando<0.8,>=0.6->radon>=6.0.1->-r requirements.txt (line 16))
2026-01-29T19:52:43.9174964Z   Downloading six-1.17.0-py2.py3-none-any.whl.metadata (1.7 kB)
2026-01-29T19:52:43.9989983Z Collecting astroid<=3.4.0.dev0,>=3.3.8 (from pylint>=3.0.0->-r requirements.txt (line 17))
2026-01-29T19:52:44.0071129Z   Downloading astroid-3.3.11-py3-none-any.whl.metadata (4.4 kB)
2026-01-29T19:52:44.0632203Z Collecting dill>=0.2 (from pylint>=3.0.0->-r requirements.txt (line 17))
2026-01-29T19:52:44.0687098Z   Downloading dill-0.4.1-py3-none-any.whl.metadata (10 kB)
2026-01-29T19:52:44.1455884Z Collecting tomlkit>=0.10.1 (from pylint>=3.0.0->-r requirements.txt (line 17))
2026-01-29T19:52:44.1509606Z   Downloading tomlkit-0.14.0-py3-none-any.whl.metadata (2.8 kB)
2026-01-29T19:52:44.2288640Z Collecting importlib-metadata>=4.6.0 (from isort>=5.12.0->-r requirements.txt (line 20))
2026-01-29T19:52:44.2345952Z   Downloading importlib_metadata-8.7.1-py3-none-any.whl.metadata (4.7 kB)
2026-01-29T19:52:44.3127618Z Collecting zipp>=3.20 (from importlib-metadata>=4.6.0->isort>=5.12.0->-r requirements.txt (line 20))
2026-01-29T19:52:44.3176963Z   Downloading zipp-3.23.0-py3-none-any.whl.metadata (3.6 kB)
2026-01-29T19:52:44.3972335Z Downloading pytest-8.4.2-py3-none-any.whl (365 kB)
2026-01-29T19:52:44.4286044Z Downloading pluggy-1.6.0-py3-none-any.whl (20 kB)
2026-01-29T19:52:44.4575733Z Downloading pytest_cov-7.0.0-py3-none-any.whl (22 kB)
2026-01-29T19:52:44.4782494Z Downloading pytest_mock-3.15.1-py3-none-any.whl (10 kB)
2026-01-29T19:52:44.5015055Z Downloading psutil-7.2.2-cp37-abi3-win_amd64.whl (137 kB)
2026-01-29T19:52:44.5252464Z Downloading black-25.11.0-cp39-cp39-win_amd64.whl (1.3 MB)
2026-01-29T19:52:44.5682127Z    ---------------------------------------- 1.3/1.3 MB 23.1 MB/s  0:00:00
2026-01-29T19:52:44.5732500Z Downloading flake8-7.3.0-py2.py3-none-any.whl (57 kB)
2026-01-29T19:52:44.5958383Z Downloading mccabe-0.7.0-py2.py3-none-any.whl (7.3 kB)
2026-01-29T19:52:44.6195692Z Downloading pycodestyle-2.14.0-py2.py3-none-any.whl (31 kB)
2026-01-29T19:52:44.6418742Z Downloading pyflakes-3.4.0-py2.py3-none-any.whl (63 kB)
2026-01-29T19:52:44.6675878Z Downloading mypy-1.19.1-cp39-cp39-win_amd64.whl (10.1 MB)
2026-01-29T19:52:44.9055089Z    ---------------------------------------- 10.1/10.1 MB 52.4 MB/s  0:00:00
2026-01-29T19:52:44.9107291Z Downloading radon-6.0.1-py2.py3-none-any.whl (52 kB)
2026-01-29T19:52:44.9342679Z Downloading mando-0.7.1-py2.py3-none-any.whl (28 kB)
2026-01-29T19:52:44.9554099Z Downloading pylint-3.3.9-py3-none-any.whl (523 kB)
2026-01-29T19:52:44.9859407Z Downloading isort-6.1.0-py3-none-any.whl (94 kB)
2026-01-29T19:52:45.0121135Z Downloading astroid-3.3.11-py3-none-any.whl (275 kB)
2026-01-29T19:52:45.0397577Z Downloading autoflake-2.3.1-py3-none-any.whl (32 kB)
2026-01-29T19:52:45.0642017Z Downloading vulture-2.14-py2.py3-none-any.whl (28 kB)
2026-01-29T19:52:45.0924927Z Downloading click-8.1.8-py3-none-any.whl (98 kB)
2026-01-29T19:52:45.1184786Z Downloading colorama-0.4.6-py2.py3-none-any.whl (25 kB)
2026-01-29T19:52:45.1434473Z Downloading coverage-7.10.7-cp39-cp39-win_amd64.whl (221 kB)
2026-01-29T19:52:45.1707816Z Downloading dill-0.4.1-py3-none-any.whl (120 kB)
2026-01-29T19:52:45.2001394Z Downloading exceptiongroup-1.3.1-py3-none-any.whl (16 kB)
2026-01-29T19:52:45.2261789Z Downloading importlib_metadata-8.7.1-py3-none-any.whl (27 kB)
2026-01-29T19:52:45.2550624Z Downloading iniconfig-2.1.0-py3-none-any.whl (6.0 kB)
2026-01-29T19:52:45.2812567Z Downloading librt-0.7.8-cp39-cp39-win_amd64.whl (49 kB)
2026-01-29T19:52:45.3077508Z Downloading mypy_extensions-1.1.0-py3-none-any.whl (5.0 kB)
2026-01-29T19:52:45.3298040Z Downloading packaging-26.0-py3-none-any.whl (74 kB)
2026-01-29T19:52:45.3650563Z Downloading pathspec-1.0.4-py3-none-any.whl (55 kB)
2026-01-29T19:52:45.3872782Z Downloading platformdirs-4.4.0-py3-none-any.whl (18 kB)
2026-01-29T19:52:45.4106657Z Downloading pygments-2.19.2-py3-none-any.whl (1.2 MB)
2026-01-29T19:52:45.4425488Z    ---------------------------------------- 1.2/1.2 MB 31.1 MB/s  0:00:00
2026-01-29T19:52:45.4526952Z Downloading pytokens-0.4.0-cp39-cp39-win_amd64.whl (102 kB)
2026-01-29T19:52:45.4792079Z Downloading tomli-2.4.0-py3-none-any.whl (14 kB)
2026-01-29T19:52:45.5009832Z Downloading tomlkit-0.14.0-py3-none-any.whl (39 kB)
2026-01-29T19:52:45.5261243Z Downloading typing_extensions-4.15.0-py3-none-any.whl (44 kB)
2026-01-29T19:52:45.5509616Z Downloading zipp-3.23.0-py3-none-any.whl (10 kB)
2026-01-29T19:52:45.5832147Z Downloading six-1.17.0-py2.py3-none-any.whl (11 kB)
2026-01-29T19:52:45.8905655Z Installing collected packages: zipp, typing-extensions, tomlkit, tomli, six, pytokens, pygments, pyflakes, pycodestyle, psutil, pluggy, platformdirs, pathspec, packaging, mypy-extensions, mccabe, librt, iniconfig, dill, coverage, colorama, vulture, mypy, mando, importlib-metadata, flake8, exceptiongroup, click, autoflake, astroid, radon, pytest, isort, black, pytest-mock, pytest-cov, pylint
2026-01-29T19:52:55.6982777Z 
2026-01-29T19:52:55.7160962Z Successfully installed astroid-3.3.11 autoflake-2.3.1 black-25.11.0 click-8.1.8 colorama-0.4.6 coverage-7.10.7 dill-0.4.1 exceptiongroup-1.3.1 flake8-7.3.0 importlib-metadata-8.7.1 iniconfig-2.1.0 isort-6.1.0 librt-0.7.8 mando-0.7.1 mccabe-0.7.0 mypy-1.19.1 mypy-extensions-1.1.0 packaging-26.0 pathspec-1.0.4 platformdirs-4.4.0 pluggy-1.6.0 psutil-7.2.2 pycodestyle-2.14.0 pyflakes-3.4.0 pygments-2.19.2 pylint-3.3.9 pytest-8.4.2 pytest-cov-7.0.0 pytest-mock-3.15.1 pytokens-0.4.0 radon-6.0.1 six-1.17.0 tomli-2.4.0 tomlkit-0.14.0 typing-extensions-4.15.0 vulture-2.14 zipp-3.23.0
2026-01-29T19:52:56.1007231Z ##[group]Run pytest --cov=forge --cov-report=xml --cov-report=term-missing
2026-01-29T19:52:56.1007817Z [36;1mpytest --cov=forge --cov-report=xml --cov-report=term-missing[0m
2026-01-29T19:52:56.1076065Z shell: C:\Program Files\PowerShell\7\pwsh.EXE -command ". '{0}'"
2026-01-29T19:52:56.1076401Z env:
2026-01-29T19:52:56.1076668Z   pythonLocation: C:\hostedtoolcache\windows\Python\3.9.13\x64
2026-01-29T19:52:56.1077106Z   PKG_CONFIG_PATH: C:\hostedtoolcache\windows\Python\3.9.13\x64/lib/pkgconfig
2026-01-29T19:52:56.1077543Z   Python_ROOT_DIR: C:\hostedtoolcache\windows\Python\3.9.13\x64
2026-01-29T19:52:56.1077936Z   Python2_ROOT_DIR: C:\hostedtoolcache\windows\Python\3.9.13\x64
2026-01-29T19:52:56.1078321Z   Python3_ROOT_DIR: C:\hostedtoolcache\windows\Python\3.9.13\x64
2026-01-29T19:52:56.1078614Z ##[endgroup]
2026-01-29T19:52:56.9651265Z ============================= test session starts =============================
2026-01-29T19:52:56.9652435Z platform win32 -- Python 3.9.13, pytest-8.4.2, pluggy-1.6.0 -- C:\hostedtoolcache\windows\Python\3.9.13\x64\python.exe
2026-01-29T19:52:56.9653326Z cachedir: .pytest_cache
2026-01-29T19:52:56.9653686Z rootdir: D:\a\argos\argos\forge
2026-01-29T19:52:56.9654059Z configfile: pytest.ini
2026-01-29T19:52:56.9654393Z testpaths: tests
2026-01-29T19:52:56.9654714Z plugins: cov-7.0.0, mock-3.15.1
2026-01-29T19:52:58.7785260Z collecting ... collected 739 items
2026-01-29T19:52:58.7785698Z 
2026-01-29T19:52:58.7818426Z tests/test_argument_errors.py::TestArgumentErrorCreation::test_argument_error_with_single_message PASSED [  0%]
2026-01-29T19:52:58.7832863Z tests/test_argument_errors.py::TestArgumentErrorCreation::test_argument_error_with_validation_error PASSED [  0%]
2026-01-29T19:52:58.7846701Z tests/test_argument_errors.py::TestArgumentErrorCreation::test_argument_error_has_exit_code PASSED [  0%]
2026-01-29T19:52:58.7861581Z tests/test_argument_errors.py::TestArgumentErrorCreation::test_argument_error_preserves_original_exception PASSED [  0%]
2026-01-29T19:52:58.7876020Z tests/test_argument_errors.py::TestErrorMessageFormatting::test_formatted_error_includes_error_prefix PASSED [  0%]
2026-01-29T19:52:58.7890545Z tests/test_argument_errors.py::TestErrorMessageFormatting::test_formatted_error_includes_message PASSED [  0%]
2026-01-29T19:52:58.7904034Z tests/test_argument_errors.py::TestErrorMessageFormatting::test_formatted_error_includes_help_reference PASSED [  0%]
2026-01-29T19:52:58.7918576Z tests/test_argument_errors.py::TestErrorMessageFormatting::test_formatted_error_suggests_fixes PASSED [  1%]
2026-01-29T19:52:58.7932721Z tests/test_argument_errors.py::TestColoredOutput::test_plain_output_no_ansi_codes PASSED [  1%]
2026-01-29T19:52:58.7946629Z tests/test_argument_errors.py::TestColoredOutput::test_colored_output_has_ansi_codes PASSED [  1%]
2026-01-29T19:52:58.7961071Z tests/test_argument_errors.py::TestColoredOutput::test_colored_output_resets_at_end PASSED [  1%]
2026-01-29T19:52:58.7975428Z tests/test_argument_errors.py::TestColoredOutput::test_color_auto_detection PASSED [  1%]
2026-01-29T19:52:58.7998134Z tests/test_argument_errors.py::TestColoredOutput::test_color_detection_on_unix PASSED [  1%]
2026-01-29T19:52:58.8045398Z tests/test_argument_errors.py::TestColoredOutput::test_color_detection_on_windows_with_wt PASSED [  1%]
2026-01-29T19:52:58.8062960Z tests/test_argument_errors.py::TestColoredOutput::test_color_detection_no_tty PASSED [  2%]
2026-01-29T19:52:58.8077870Z tests/test_argument_errors.py::TestMultiLineErrors::test_multiline_error_preserves_structure PASSED [  2%]
2026-01-29T19:52:58.8092239Z tests/test_argument_errors.py::TestMultiLineErrors::test_error_with_suggestion_on_new_line PASSED [  2%]
2026-01-29T19:52:58.8105931Z tests/test_argument_errors.py::TestErrorContextInformation::test_error_includes_command_example PASSED [  2%]
2026-01-29T19:52:58.8120432Z tests/test_argument_errors.py::TestErrorContextInformation::test_error_shows_problematic_path PASSED [  2%]
2026-01-29T19:52:58.8137128Z tests/test_argument_errors.py::TestErrorContextInformation::test_error_references_documentation PASSED [  2%]
2026-01-29T19:52:58.8148728Z tests/test_argument_errors.py::TestValidationErrorConversion::test_convert_simple_validation_error PASSED [  2%]
2026-01-29T19:52:58.8162943Z tests/test_argument_errors.py::TestValidationErrorConversion::test_convert_validation_error_extracts_suggestion PASSED [  2%]
2026-01-29T19:52:58.8177417Z tests/test_argument_errors.py::TestValidationErrorConversion::test_convert_validation_error_adds_help_reference PASSED [  3%]
2026-01-29T19:52:58.8191350Z tests/test_argument_errors.py::TestErrorExitCodes::test_validation_error_has_exit_code_2 PASSED [  3%]
2026-01-29T19:52:58.8204850Z tests/test_argument_errors.py::TestErrorExitCodes::test_can_override_exit_code PASSED [  3%]
2026-01-29T19:52:58.8219361Z tests/test_argument_errors.py::TestErrorStringRepresentation::test_str_representation_is_user_friendly PASSED [  3%]
2026-01-29T19:52:58.8234336Z tests/test_argument_errors.py::TestErrorStringRepresentation::test_repr_includes_class_info PASSED [  3%]
2026-01-29T19:52:58.8446302Z tests/test_argument_parser.py::TestBasicParsing::test_parse_with_only_required_build_dir PASSED [  3%]
2026-01-29T19:52:58.8487921Z tests/test_argument_parser.py::TestBasicParsing::test_parse_with_source_dir_and_build_dir PASSED [  3%]
2026-01-29T19:52:58.8532557Z tests/test_argument_parser.py::TestBasicParsing::test_parse_with_all_optional_arguments PASSED [  4%]
2026-01-29T19:52:58.8568966Z tests/test_argument_parser.py::TestCMakeArguments::test_parse_cmake_args_single_value PASSED [  4%]
2026-01-29T19:52:58.8605266Z tests/test_argument_parser.py::TestCMakeArguments::test_parse_cmake_args_multiple_values PASSED [  4%]
2026-01-29T19:52:58.8642894Z tests/test_argument_parser.py::TestCMakeArguments::test_parse_build_args_single_value PASSED [  4%]
2026-01-29T19:52:58.8679205Z tests/test_argument_parser.py::TestCMakeArguments::test_parse_build_args_multiple_values PASSED [  4%]
2026-01-29T19:52:58.8759291Z tests/test_argument_parser.py::TestFlags::test_parse_verbose_flag PASSED [  4%]
2026-01-29T19:52:58.8796083Z tests/test_argument_parser.py::TestFlags::test_parse_without_verbose_flag PASSED [  4%]
2026-01-29T19:52:58.8834649Z tests/test_argument_parser.py::TestFlags::test_parse_project_name_override PASSED [  5%]
2026-01-29T19:52:58.8871741Z tests/test_argument_parser.py::TestFlags::test_parse_no_configure_flag PASSED [  5%]
2026-01-29T19:52:58.8908184Z tests/test_argument_parser.py::TestFlags::test_parse_clean_build_flag PASSED [  5%]
2026-01-29T19:52:58.8953635Z tests/test_argument_parser.py::TestHelpAndVersion::test_help_message_generation PASSED [  5%]
2026-01-29T19:52:58.8975850Z tests/test_argument_parser.py::TestHelpAndVersion::test_version_output PASSED [  5%]
2026-01-29T19:52:58.9024057Z tests/test_argument_parser.py::TestPathHandling::test_relative_paths_converted_to_absolute PASSED [  5%]
2026-01-29T19:52:58.9060969Z tests/test_argument_parser.py::TestPathHandling::test_tilde_expansion_in_paths PASSED [  5%]
2026-01-29T19:52:58.9118611Z tests/test_argument_parser.py::TestSysArgvSimulation::test_parse_from_sys_argv PASSED [  5%]
2026-01-29T19:52:58.9156401Z tests/test_argument_parser.py::TestSysArgvSimulation::test_parse_with_equals_syntax PASSED [  6%]
2026-01-29T19:52:58.9213681Z tests/test_argument_parser.py::TestDefaultValues::test_default_values_set_correctly PASSED [  6%]
2026-01-29T19:52:58.9238669Z tests/test_argument_parser.py::TestErrorCases::test_parse_without_required_argument PASSED [  6%]
2026-01-29T19:52:58.9283079Z tests/test_argument_parser.py::TestErrorCases::test_parse_with_unknown_argument PASSED [  6%]
2026-01-29T19:52:58.9324222Z tests/test_argument_validation.py::TestValidArgumentCombinations::test_validate_with_existing_source_and_build_dirs PASSED [  6%]
2026-01-29T19:52:58.9362027Z tests/test_argument_validation.py::TestValidArgumentCombinations::test_validate_with_source_dir_only PASSED [  6%]
2026-01-29T19:52:58.9397221Z tests/test_argument_validation.py::TestValidArgumentCombinations::test_validate_with_build_dir_only PASSED [  6%]
2026-01-29T19:52:58.9435273Z tests/test_argument_validation.py::TestValidArgumentCombinations::test_validate_with_valid_database_path PASSED [  7%]
2026-01-29T19:52:58.9521778Z tests/test_argument_validation.py::TestValidArgumentCombinations::test_validate_creates_build_dir_when_missing_with_source_dir PASSED [  7%]
2026-01-29T19:52:58.9550476Z tests/test_argument_validation.py::TestBuildDirectoryValidation::test_error_when_build_dir_missing_and_no_source_dir PASSED [  7%]
2026-01-29T19:52:58.9584486Z tests/test_argument_validation.py::TestBuildDirectoryValidation::test_error_when_build_dir_missing_no_cmake_cache PASSED [  7%]
2026-01-29T19:52:58.9613404Z tests/test_argument_validation.py::TestSourceDirectoryValidation::test_error_when_source_dir_does_not_exist PASSED [  7%]
2026-01-29T19:52:58.9645605Z tests/test_argument_validation.py::TestSourceDirectoryValidation::test_error_when_source_dir_missing_cmakelists PASSED [  7%]
2026-01-29T19:52:58.9700963Z tests/test_argument_validation.py::TestSourceDirectoryValidation::test_error_when_source_dir_is_file PASSED [  7%]
2026-01-29T19:52:58.9743312Z tests/test_argument_validation.py::TestDatabaseValidation::test_error_when_database_path_is_directory PASSED [  7%]
2026-01-29T19:52:58.9787270Z tests/test_argument_validation.py::TestDatabaseValidation::test_error_when_database_parent_does_not_exist PASSED [  8%]
2026-01-29T19:52:58.9827027Z tests/test_argument_validation.py::TestPathNormalization::test_paths_are_absolute PASSED [  8%]
2026-01-29T19:52:58.9873537Z tests/test_argument_validation.py::TestPathNormalization::test_symlinks_are_resolved PASSED [  8%]
2026-01-29T19:52:58.9907260Z tests/test_argument_validation.py::TestMutuallyExclusiveOptions::test_no_configure_requires_existing_build PASSED [  8%]
2026-01-29T19:52:58.9937532Z tests/test_argument_validation.py::TestMutuallyExclusiveOptions::test_no_configure_with_nonexistent_build_dir PASSED [  8%]
2026-01-29T19:52:58.9973740Z tests/test_argument_validation.py::TestMutuallyExclusiveOptions::test_clean_build_with_no_configure_is_invalid PASSED [  8%]
2026-01-29T19:52:59.0004362Z tests/test_argument_validation.py::TestValidationErrorMessages::test_error_message_includes_path PASSED [  8%]
2026-01-29T19:52:59.0063381Z tests/test_argument_validation.py::TestValidationErrorMessages::test_error_message_suggests_fix PASSED [  9%]
2026-01-29T19:52:59.0098247Z tests/test_argument_validation.py::TestValidationErrorMessages::test_validation_error_has_context PASSED [  9%]
2026-01-29T19:52:59.0130600Z tests/test_argument_validation.py::TestMultipleValidationErrors::test_reports_first_error_encountered PASSED [  9%]
2026-01-29T19:52:59.0242687Z tests/test_build_inspection_integration.py::TestCompleteSuccessfulBuild::test_complete_ninja_build_inspection PASSED [  9%]
2026-01-29T19:52:59.0282403Z tests/test_build_inspection_integration.py::TestCompleteSuccessfulBuild::test_complete_make_build_inspection PASSED [  9%]
2026-01-29T19:52:59.0321712Z tests/test_build_inspection_integration.py::TestBuildWithWarnings::test_build_with_gcc_warnings PASSED [  9%]
2026-01-29T19:52:59.0361435Z tests/test_build_inspection_integration.py::TestBuildWithWarnings::test_build_with_msvc_warnings PASSED [  9%]
2026-01-29T19:52:59.0401692Z tests/test_build_inspection_integration.py::TestFailedBuild::test_build_with_compilation_errors PASSED [ 10%]
2026-01-29T19:52:59.0442782Z tests/test_build_inspection_integration.py::TestFailedBuild::test_build_with_link_errors PASSED [ 10%]
2026-01-29T19:52:59.0482048Z tests/test_build_inspection_integration.py::TestPartialOutput::test_build_with_minimal_output PASSED [ 10%]
2026-01-29T19:52:59.0521764Z tests/test_build_inspection_integration.py::TestPartialOutput::test_build_with_empty_output PASSED [ 10%]
2026-01-29T19:52:59.0536597Z tests/test_build_inspection_integration.py::TestPartialOutput::test_build_without_source_dir PASSED [ 10%]
2026-01-29T19:52:59.0577979Z tests/test_build_inspection_integration.py::TestMetadataCompleteness::test_metadata_has_all_required_fields PASSED [ 10%]
2026-01-29T19:52:59.0617963Z tests/test_build_inspection_integration.py::TestMetadataCompleteness::test_targets_list_is_correct_type PASSED [ 10%]
2026-01-29T19:52:59.0659457Z tests/test_build_inspection_integration.py::TestMetadataCompleteness::test_warnings_list_is_correct_type PASSED [ 10%]
2026-01-29T19:52:59.0706015Z tests/test_build_inspection_integration.py::TestIntegrationWithRealFixtures::test_with_ninja_fixture PASSED [ 11%]
2026-01-29T19:52:59.0747587Z tests/test_build_inspection_integration.py::TestEdgeCases::test_multiple_projects_use_first PASSED [ 11%]
2026-01-29T19:52:59.0789167Z tests/test_build_inspection_integration.py::TestEdgeCases::test_ansi_color_codes_handled PASSED [ 11%]
2026-01-29T19:52:59.1009953Z tests/test_build_inspection_integration.py::TestEdgeCases::test_very_large_output PASSED [ 11%]
2026-01-29T19:52:59.1046914Z tests/test_cmake_detection.py::TestCMakeDetection::test_cmake_detected_when_available PASSED [ 11%]
2026-01-29T19:52:59.1064416Z tests/test_cmake_detection.py::TestCMakeDetection::test_cmake_not_found_returns_false PASSED [ 11%]
2026-01-29T19:52:59.1081761Z tests/test_cmake_detection.py::TestCMakeDetection::test_cmake_check_handles_other_exceptions PASSED [ 11%]
2026-01-29T19:52:59.1104829Z tests/test_cmake_detection.py::TestCMakeDetection::test_cmake_check_handles_nonzero_exit_code PASSED [ 12%]
2026-01-29T19:52:59.1127109Z tests/test_cmake_detection.py::TestCMakeDetection::test_cmake_check_uses_timeout PASSED [ 12%]
2026-01-29T19:52:59.1152657Z tests/test_cmake_detection.py::TestCMakeVersionExtraction::test_get_version_standard_format PASSED [ 12%]
2026-01-29T19:52:59.1175111Z tests/test_cmake_detection.py::TestCMakeVersionExtraction::test_get_version_two_part_version PASSED [ 12%]
2026-01-29T19:52:59.1198261Z tests/test_cmake_detection.py::TestCMakeVersionExtraction::test_get_version_with_patch_and_suffix PASSED [ 12%]
2026-01-29T19:52:59.1224208Z tests/test_cmake_detection.py::TestCMakeVersionExtraction::test_get_version_multiline_output PASSED [ 12%]
2026-01-29T19:52:59.1241128Z tests/test_cmake_detection.py::TestCMakeVersionExtraction::test_get_version_cmake_not_found PASSED [ 12%]
2026-01-29T19:52:59.1258040Z tests/test_cmake_detection.py::TestCMakeVersionExtraction::test_get_version_handles_exceptions PASSED [ 12%]
2026-01-29T19:52:59.1280586Z tests/test_cmake_detection.py::TestCMakeVersionExtraction::test_get_version_invalid_output_format PASSED [ 13%]
2026-01-29T19:52:59.1302615Z tests/test_cmake_detection.py::TestCMakeVersionExtraction::test_get_version_empty_output PASSED [ 13%]
2026-01-29T19:52:59.1323706Z tests/test_cmake_detection.py::TestCMakeVersionExtraction::test_get_version_with_rc_suffix PASSED [ 13%]
2026-01-29T19:52:59.1344072Z tests/test_cmake_detection.py::TestVersionComparison::test_compare_version_greater PASSED [ 13%]
2026-01-29T19:52:59.1358953Z tests/test_cmake_detection.py::TestVersionComparison::test_compare_version_less PASSED [ 13%]
2026-01-29T19:52:59.1372469Z tests/test_cmake_detection.py::TestVersionComparison::test_compare_version_equal PASSED [ 13%]
2026-01-29T19:52:59.1394248Z tests/test_cmake_detection.py::TestVersionComparison::test_compare_version_different_lengths PASSED [ 13%]
2026-01-29T19:52:59.1408248Z tests/test_cmake_detection.py::TestVersionComparison::test_compare_version_major_difference PASSED [ 14%]
2026-01-29T19:52:59.1422183Z tests/test_cmake_detection.py::TestVersionComparison::test_compare_version_with_suffix_ignored PASSED [ 14%]
2026-01-29T19:52:59.1439340Z tests/test_cmake_detection.py::TestVersionComparison::test_check_minimum_version_success PASSED [ 14%]
2026-01-29T19:52:59.1455981Z tests/test_cmake_detection.py::TestVersionComparison::test_check_minimum_version_fail PASSED [ 14%]
2026-01-29T19:52:59.1472686Z tests/test_cmake_detection.py::TestVersionComparison::test_check_minimum_version_equal PASSED [ 14%]
2026-01-29T19:52:59.1490762Z tests/test_cmake_detection.py::TestVersionComparison::test_check_minimum_version_cmake_not_found PASSED [ 14%]
2026-01-29T19:52:59.1511905Z tests/test_cmake_detection.py::TestCMakePathResolution::test_cmake_found_in_path PASSED [ 14%]
2026-01-29T19:52:59.1534026Z tests/test_cmake_detection.py::TestCMakePathResolution::test_cmake_custom_path PASSED [ 15%]
2026-01-29T19:52:59.1556469Z tests/test_cmake_detection.py::TestCMakePathResolution::test_cmake_path_with_spaces PASSED [ 15%]
2026-01-29T19:52:59.1577885Z tests/test_cmake_detection.py::TestCMakeDetectionIntegration::test_detection_before_execution PASSED [ 15%]
2026-01-29T19:52:59.1599825Z tests/test_cmake_detection.py::TestCMakeDetectionIntegration::test_version_info_caching PASSED [ 15%]
2026-01-29T19:52:59.1615917Z tests/test_cmake_detection.py::TestCMakeDetectionIntegration::test_helpful_error_message_when_cmake_missing PASSED [ 15%]
2026-01-29T19:53:01.1702146Z tests/test_cmake_detection.py::TestRealCMakeDetection::test_real_cmake_detection PASSED [ 15%]
2026-01-29T19:53:01.1740719Z tests/test_configure_inspection.py::TestCMakeVersionExtraction::test_extract_cmake_version_from_linux_output PASSED [ 15%]
2026-01-29T19:53:01.1758857Z tests/test_configure_inspection.py::TestCMakeVersionExtraction::test_extract_cmake_version_from_windows_output PASSED [ 15%]
2026-01-29T19:53:01.1776804Z tests/test_configure_inspection.py::TestCMakeVersionExtraction::test_extract_cmake_version_from_macos_output PASSED [ 16%]
2026-01-29T19:53:01.1798514Z tests/test_configure_inspection.py::TestCMakeVersionExtraction::test_cmake_version_none_when_missing PASSED [ 16%]
2026-01-29T19:53:01.1816373Z tests/test_configure_inspection.py::TestGeneratorDetection::test_detect_visual_studio_generator PASSED [ 16%]
2026-01-29T19:53:01.1834462Z tests/test_configure_inspection.py::TestGeneratorDetection::test_generator_none_when_not_specified PASSED [ 16%]
2026-01-29T19:53:01.1852503Z tests/test_configure_inspection.py::TestCompilerDetection::test_detect_gccompiler_c PASSED [ 16%]
2026-01-29T19:53:01.1870139Z tests/test_configure_inspection.py::TestCompilerDetection::test_detect_msvcompiler_c PASSED [ 16%]
2026-01-29T19:53:01.1887943Z tests/test_configure_inspection.py::TestCompilerDetection::test_detect_clang_compiler PASSED [ 16%]
2026-01-29T19:53:01.1902619Z tests/test_configure_inspection.py::TestCompilerDetection::test_compiler_none_when_missing PASSED [ 17%]
2026-01-29T19:53:01.1921948Z tests/test_configure_inspection.py::TestSystemInfoExtraction::test_extract_linux_system_info PASSED [ 17%]
2026-01-29T19:53:01.1940053Z tests/test_configure_inspection.py::TestSystemInfoExtraction::test_extract_windows_system_info PASSED [ 17%]
2026-01-29T19:53:01.1957661Z tests/test_configure_inspection.py::TestSystemInfoExtraction::test_extract_macos_system_info PASSED [ 17%]
2026-01-29T19:53:01.1971838Z tests/test_configure_inspection.py::TestSystemInfoExtraction::test_system_info_none_when_missing PASSED [ 17%]
2026-01-29T19:53:01.1989659Z tests/test_configure_inspection.py::TestFoundPackagesDetection::test_detect_single_package PASSED [ 17%]
2026-01-29T19:53:01.2007720Z tests/test_configure_inspection.py::TestFoundPackagesDetection::test_detect_multiple_packages PASSED [ 17%]
2026-01-29T19:53:01.2024936Z tests/test_configure_inspection.py::TestFoundPackagesDetection::test_package_order_preserved PASSED [ 17%]
2026-01-29T19:53:01.2042454Z tests/test_configure_inspection.py::TestFoundPackagesDetection::test_no_packages_when_none_found PASSED [ 18%]
2026-01-29T19:53:01.2061955Z tests/test_configure_inspection.py::TestFoundPackagesDetection::test_python_package_detected PASSED [ 18%]
2026-01-29T19:53:01.2079413Z tests/test_configure_inspection.py::TestBuildTypeDetection::test_detect_release_build_type PASSED [ 18%]
2026-01-29T19:53:01.2096951Z tests/test_configure_inspection.py::TestBuildTypeDetection::test_detect_debug_build_type PASSED [ 18%]
2026-01-29T19:53:01.2114836Z tests/test_configure_inspection.py::TestBuildTypeDetection::test_detect_relwithdebinfo_build_type PASSED [ 18%]
2026-01-29T19:53:01.2129852Z tests/test_configure_inspection.py::TestBuildTypeDetection::test_build_type_none_when_missing PASSED [ 18%]
2026-01-29T19:53:01.2143182Z tests/test_configure_inspection.py::TestBuildTypeDetection::test_detect_build_type_from_cache_variable PASSED [ 18%]
2026-01-29T19:53:01.2156723Z tests/test_configure_inspection.py::TestBuildTypeDetection::test_detect_build_type_from_cache_variable_release PASSED [ 19%]
2026-01-29T19:53:01.2171031Z tests/test_configure_inspection.py::TestBuildTypeDetection::test_detect_build_type_from_simple_assignment PASSED [ 19%]
2026-01-29T19:53:01.2188446Z tests/test_configure_inspection.py::TestPartialInformation::test_handle_minimal_output PASSED [ 19%]
2026-01-29T19:53:01.2202225Z tests/test_configure_inspection.py::TestPartialInformation::test_handle_empty_output PASSED [ 19%]
2026-01-29T19:53:01.2217166Z tests/test_configure_inspection.py::TestPartialInformation::test_handle_partial_compiler_info PASSED [ 19%]
2026-01-29T19:53:01.2240428Z tests/test_configure_inspection.py::TestCrossPlatformOutput::test_all_platforms_return_valid_metadata PASSED [ 19%]
2026-01-29T19:53:01.2262882Z tests/test_configure_inspection.py::TestCrossPlatformOutput::test_platform_specificompiler_cs_detected PASSED [ 19%]
2026-01-29T19:53:01.2280289Z tests/test_configure_inspection.py::TestMetadataIntegrity::test_metadata_has_all_fields PASSED [ 20%]
2026-01-29T19:53:01.2297435Z tests/test_configure_inspection.py::TestMetadataIntegrity::test_found_packages_is_list PASSED [ 20%]
2026-01-29T19:53:01.2316359Z tests/test_configure_inspection.py::TestMetadataIntegrity::test_string_fields_are_strings_or_none PASSED [ 20%]
2026-01-29T19:53:01.2357353Z tests/test_database_schema.py::TestDatabaseCreation::test_database_creation_with_none_path_uses_default PASSED [ 20%]
2026-01-29T19:53:01.6973111Z tests/test_database_schema.py::TestDatabaseCreation::test_context_manager_closes_connection PASSED [ 20%]
2026-01-29T19:53:02.1875263Z tests/test_database_schema.py::TestDatabaseCreation::test_database_creation_in_temporary_location PASSED [ 20%]
2026-01-29T19:53:02.6742345Z tests/test_database_schema.py::TestDatabaseCreation::test_database_creation_in_default_location PASSED [ 20%]
2026-01-29T19:53:03.1559004Z tests/test_database_schema.py::TestDatabaseCreation::test_database_connection_established PASSED [ 20%]
2026-01-29T19:53:03.6933301Z tests/test_database_schema.py::TestDatabaseCreation::test_idempotent_initialization PASSED [ 21%]
2026-01-29T19:53:04.1735586Z tests/test_database_schema.py::TestTableStructure::test_all_tables_created PASSED [ 21%]
2026-01-29T19:53:04.6499102Z tests/test_database_schema.py::TestTableStructure::test_configurations_table_columns PASSED [ 21%]
2026-01-29T19:53:05.1757073Z tests/test_database_schema.py::TestTableStructure::test_builds_table_columns PASSED [ 21%]
2026-01-29T19:53:05.7218668Z tests/test_database_schema.py::TestTableStructure::test_warnings_table_columns PASSED [ 21%]
2026-01-29T19:53:06.2086488Z tests/test_database_schema.py::TestTableStructure::test_errors_table_columns PASSED [ 21%]
2026-01-29T19:53:06.7440428Z tests/test_database_schema.py::TestTableStructure::test_build_targets_table_columns PASSED [ 21%]
2026-01-29T19:53:07.2071139Z tests/test_database_schema.py::TestIndexes::test_all_indexes_created PASSED [ 22%]
2026-01-29T19:53:07.6820000Z tests/test_database_schema.py::TestConstraints::test_foreign_key_constraints_enabled PASSED [ 22%]
2026-01-29T19:53:08.2472854Z tests/test_database_schema.py::TestConstraints::test_builds_foreign_key_to_configurations PASSED [ 22%]
2026-01-29T19:53:08.7085381Z tests/test_database_schema.py::TestConstraints::test_builds_foreign_key_constraint_enforced PASSED [ 22%]
2026-01-29T19:53:09.2963751Z tests/test_database_schema.py::TestConstraints::test_warnings_foreign_key_cascade_delete PASSED [ 22%]
2026-01-29T19:53:09.8256272Z tests/test_database_schema.py::TestConstraints::test_errors_foreign_key_cascade_delete PASSED [ 22%]
2026-01-29T19:53:10.3038536Z tests/test_database_schema.py::TestConstraints::test_default_values_set_correctly PASSED [ 22%]
2026-01-29T19:53:10.8090135Z tests/test_database_schema.py::TestConstraints::test_builds_default_warning_error_counts PASSED [ 23%]
2026-01-29T19:53:11.2815061Z tests/test_database_schema.py::TestConnectionManagement::test_connection_reuse PASSED [ 23%]
2026-01-29T19:53:11.7393507Z tests/test_database_schema.py::TestConnectionManagement::test_close_connection PASSED [ 23%]
2026-01-29T19:53:11.7407682Z tests/test_documentation.py::TestModuleDocstrings::test_main_package_docstring PASSED [ 23%]
2026-01-29T19:53:11.7421357Z tests/test_documentation.py::TestModuleDocstrings::test_models_package_docstring PASSED [ 23%]
2026-01-29T19:53:11.7435416Z tests/test_documentation.py::TestModuleDocstrings::test_utils_package_docstring PASSED [ 23%]
2026-01-29T19:53:11.7449565Z tests/test_documentation.py::TestClassDocstrings::test_data_model_classes_have_docstrings PASSED [ 23%]
2026-01-29T19:53:11.7463552Z tests/test_documentation.py::TestClassDocstrings::test_cli_classes_have_docstrings PASSED [ 23%]
2026-01-29T19:53:11.7477284Z tests/test_documentation.py::TestClassDocstrings::test_cmake_classes_have_docstrings PASSED [ 24%]
2026-01-29T19:53:11.7491784Z tests/test_documentation.py::TestClassDocstrings::test_inspector_classes_have_docstrings PASSED [ 24%]
2026-01-29T19:53:11.7505806Z tests/test_documentation.py::TestClassDocstrings::test_storage_classes_have_docstrings PASSED [ 24%]
2026-01-29T19:53:11.7520154Z tests/test_documentation.py::TestMethodDocstrings::test_cmake_executor_methods_have_docstrings PASSED [ 24%]
2026-01-29T19:53:11.7535406Z tests/test_documentation.py::TestMethodDocstrings::test_parameter_manager_methods_have_docstrings PASSED [ 24%]
2026-01-29T19:53:11.7549651Z tests/test_documentation.py::TestMethodDocstrings::test_build_inspector_methods_have_docstrings PASSED [ 24%]
2026-01-29T19:53:11.7564184Z tests/test_documentation.py::TestMethodDocstrings::test_persistence_methods_have_docstrings PASSED [ 24%]
2026-01-29T19:53:11.7578896Z tests/test_documentation.py::TestFunctionDocstrings::test_formatting_functions_have_docstrings PASSED [ 25%]
2026-01-29T19:53:11.7593373Z tests/test_documentation.py::TestFunctionDocstrings::test_logging_config_functions_have_docstrings PASSED [ 25%]
2026-01-29T19:53:11.7607119Z tests/test_documentation.py::TestDocstringFormat::test_forge_arguments_docstring_format PASSED [ 25%]
2026-01-29T19:53:11.7620587Z tests/test_documentation.py::TestDocstringFormat::test_executor_execute_configure_docstring_format PASSED [ 25%]
2026-01-29T19:53:11.7638169Z tests/test_documentation.py::TestDocstringFormat::test_format_duration_docstring_format PASSED [ 25%]
2026-01-29T19:53:11.7653107Z tests/test_documentation.py::TestDocstringCompleteness::test_parameter_docstrings_match_signatures PASSED [ 25%]
2026-01-29T19:53:11.7666886Z tests/test_documentation.py::TestDocstringCompleteness::test_return_types_documented PASSED [ 25%]
2026-01-29T19:53:11.7681130Z tests/test_documentation.py::TestDocstringExamples::test_format_duration_examples PASSED [ 25%]
2026-01-29T19:53:11.7695355Z tests/test_documentation.py::TestDocstringExamples::test_format_timestamp_examples PASSED [ 26%]
2026-01-29T19:53:11.7710572Z tests/test_documentation.py::TestAPIExportCompleteness::test_models_all_export PASSED [ 26%]
2026-01-29T19:53:39.5410710Z tests/test_e2e_samples.py::TestSimpleExecutable::test_configure_and_build_simple_executable PASSED [ 26%]
2026-01-29T19:53:42.0183922Z tests/test_e2e_samples.py::TestSimpleExecutable::test_build_only_simple_executable PASSED [ 26%]
2026-01-29T19:53:44.8499082Z tests/test_e2e_samples.py::TestMultipleTargets::test_multiple_targets_project PASSED [ 26%]
2026-01-29T19:53:46.9679524Z tests/test_e2e_samples.py::TestHeaderOnlyLibrary::test_header_only_library PASSED [ 26%]
2026-01-29T19:53:49.9125933Z tests/test_e2e_samples.py::TestSubdirectories::test_project_with_subdirectories PASSED [ 26%]
2026-01-29T19:53:49.9143830Z tests/test_e2e_samples.py::TestBuildTypes::test_debug_build SKIPPED      [ 27%]
2026-01-29T19:53:49.9156857Z tests/test_e2e_samples.py::TestBuildTypes::test_release_build SKIPPED    [ 27%]
2026-01-29T19:53:51.8169621Z tests/test_e2e_samples.py::TestEndToEndWorkflow::test_complete_workflow_with_metadata PASSED [ 27%]
2026-01-29T19:53:53.7121720Z tests/test_e2e_samples.py::TestEndToEndWorkflow::test_verbose_output PASSED [ 27%]
2026-01-29T19:53:57.3587205Z tests/test_e2e_samples.py::TestDataPersistence::test_multiple_builds_same_project PASSED [ 27%]
2026-01-29T19:54:01.3098614Z tests/test_e2e_samples.py::TestDataPersistence::test_multiple_different_projects PASSED [ 27%]
2026-01-29T19:54:01.6435707Z tests/test_edge_cases.py::TestVeryLongOutput::test_very_long_configure_output PASSED [ 27%]
2026-01-29T19:54:01.9689981Z tests/test_edge_cases.py::TestUnicodeOutput::test_unicode_in_configure_output PASSED [ 28%]
2026-01-29T19:54:02.2657651Z tests/test_edge_cases.py::TestPathsWithSpecialCharacters::test_path_with_spaces PASSED [ 28%]
2026-01-29T19:54:02.5990420Z tests/test_edge_cases.py::TestBuildDuration::test_very_quick_build PASSED [ 28%]
2026-01-29T19:54:02.6062277Z tests/test_edge_cases.py::TestDatabaseEdgeCases::test_database_directory_not_exists PASSED [ 28%]
2026-01-29T19:54:02.6120106Z tests/test_executor_basic.py::TestSuccessfulExecution::test_execute_configure_success PASSED [ 28%]
2026-01-29T19:54:02.6176489Z tests/test_executor_basic.py::TestSuccessfulExecution::test_execute_build_success PASSED [ 28%]
2026-01-29T19:54:02.6370518Z tests/test_executor_basic.py::TestSuccessfulExecution::test_execute_with_echo_command PASSED [ 28%]
2026-01-29T19:54:02.6428346Z tests/test_executor_basic.py::TestFailedExecution::test_execute_configure_failure PASSED [ 28%]
2026-01-29T19:54:02.6486502Z tests/test_executor_basic.py::TestFailedExecution::test_execute_build_failure PASSED [ 29%]
2026-01-29T19:54:02.8272873Z tests/test_executor_basic.py::TestFailedExecution::test_execute_with_failing_command PASSED [ 29%]
2026-01-29T19:54:02.8310219Z tests/test_executor_basic.py::TestCommandNotFound::test_command_not_found_configure PASSED [ 29%]
2026-01-29T19:54:02.8342105Z tests/test_executor_basic.py::TestCommandNotFound::test_command_not_found_build PASSED [ 29%]
2026-01-29T19:54:02.8360428Z tests/test_executor_basic.py::TestCommandNotFound::test_general_exception_configure PASSED [ 29%]
2026-01-29T19:54:02.8378880Z tests/test_executor_basic.py::TestCommandNotFound::test_general_exception_build PASSED [ 29%]
2026-01-29T19:54:02.8406320Z tests/test_executor_basic.py::TestTimeoutHandling::test_execution_timeout PASSED [ 29%]
2026-01-29T19:54:02.8444849Z tests/test_executor_basic.py::TestTimeoutHandling::test_timeout_with_existing_stderr PASSED [ 30%]
2026-01-29T19:54:02.8474534Z tests/test_executor_basic.py::TestTimeoutHandling::test_timeout_build_command PASSED [ 30%]
2026-01-29T19:54:02.8616469Z tests/test_executor_basic.py::TestWorkingDirectory::test_working_directory_is_set PASSED [ 30%]
2026-01-29T19:54:02.8639161Z tests/test_executor_basic.py::TestWorkingDirectory::test_default_working_directory PASSED [ 30%]
2026-01-29T19:54:02.8758504Z tests/test_executor_basic.py::TestResultObjectPopulation::test_configure_result_has_all_fields PASSED [ 30%]
2026-01-29T19:54:02.8874960Z tests/test_executor_basic.py::TestResultObjectPopulation::test_build_result_has_all_fields PASSED [ 30%]
2026-01-29T19:54:02.8990555Z tests/test_executor_basic.py::TestResultObjectPopulation::test_stdout_is_captured PASSED [ 30%]
2026-01-29T19:54:03.0781359Z tests/test_executor_basic.py::TestResultObjectPopulation::test_stderr_is_captured PASSED [ 30%]
2026-01-29T19:54:03.0910078Z tests/test_executor_basic.py::TestExitCodeCapture::test_exit_code_zero PASSED [ 31%]
2026-01-29T19:54:03.2555122Z tests/test_executor_basic.py::TestExitCodeCapture::test_exit_code_nonzero PASSED [ 31%]
2026-01-29T19:54:03.2579436Z tests/test_executor_basic.py::TestExitCodeCapture::test_exit_code_in_result_object PASSED [ 31%]
2026-01-29T19:54:03.2856500Z tests/test_executor_integration.py::TestRealProcessExecution::test_real_stdout_capture PASSED [ 31%]
2026-01-29T19:54:03.3122122Z tests/test_executor_integration.py::TestRealProcessExecution::test_real_stderr_capture PASSED [ 31%]
2026-01-29T19:54:03.3392757Z tests/test_executor_integration.py::TestRealProcessExecution::test_real_exit_code_success PASSED [ 31%]
2026-01-29T19:54:03.3656217Z tests/test_executor_integration.py::TestRealProcessExecution::test_real_exit_code_failure PASSED [ 31%]
2026-01-29T19:54:03.3683469Z tests/test_executor_integration.py::TestRealProcessExecution::test_real_command_not_found PASSED [ 32%]
2026-01-29T19:54:03.3958218Z tests/test_executor_integration.py::TestRealProcessExecution::test_real_unicode_output PASSED [ 32%]
2026-01-29T19:54:03.4252433Z tests/test_executor_integration.py::TestRealProcessExecution::test_real_large_output PASSED [ 32%]
2026-01-29T19:54:03.4520173Z tests/test_executor_integration.py::TestRealProcessExecution::test_real_multiline_output PASSED [ 32%]
2026-01-29T19:54:03.4786416Z tests/test_executor_integration.py::TestRealProcessExecution::test_real_mixed_output PASSED [ 32%]
2026-01-29T19:54:03.5049564Z tests/test_executor_integration.py::TestRealProcessExecution::test_real_empty_output PASSED [ 32%]
2026-01-29T19:54:03.5326028Z tests/test_executor_integration.py::TestRealProcessExecution::test_real_working_directory PASSED [ 32%]
2026-01-29T19:54:03.6596411Z tests/test_executor_integration.py::TestRealProcessExecution::test_real_timing_accuracy PASSED [ 33%]
2026-01-29T19:54:03.7120433Z tests/test_executor_integration.py::TestRealProcessExecution::test_real_multiple_executions_independent PASSED [ 33%]
2026-01-29T19:54:03.7392205Z tests/test_executor_integration.py::TestRealBuildExecution::test_real_build_stdout_capture PASSED [ 33%]
2026-01-29T19:54:03.7659371Z tests/test_executor_integration.py::TestRealBuildExecution::test_real_build_exit_code PASSED [ 33%]
2026-01-29T19:54:03.8438728Z tests/test_executor_integration.py::TestRealBuildExecution::test_real_build_timing PASSED [ 33%]
2026-01-29T19:54:03.8707844Z tests/test_executor_integration.py::TestRealStreamingBehavior::test_real_streaming_enabled PASSED [ 33%]
2026-01-29T19:54:03.8972397Z tests/test_executor_integration.py::TestRealStreamingBehavior::test_real_streaming_disabled PASSED [ 33%]
2026-01-29T19:54:04.4046045Z tests/test_executor_integration.py::TestRealTimeoutBehavior::test_real_timeout_kills_process PASSED [ 33%]
2026-01-29T19:54:04.4324480Z tests/test_executor_integration.py::TestRealTimeoutBehavior::test_real_timeout_not_triggered PASSED [ 34%]
2026-01-29T19:54:04.4602278Z tests/test_executor_integration.py::TestRealEdgeCases::test_real_output_with_no_newline PASSED [ 34%]
2026-01-29T19:54:04.4885821Z tests/test_executor_integration.py::TestRealEdgeCases::test_real_output_with_multiple_newlines PASSED [ 34%]
2026-01-29T19:54:04.5182442Z tests/test_executor_integration.py::TestRealEdgeCases::test_real_binary_output_handling PASSED [ 34%]
2026-01-29T19:54:04.5460249Z tests/test_executor_integration.py::TestRealEdgeCases::test_real_very_long_line PASSED [ 34%]
2026-01-29T19:54:04.5748032Z tests/test_executor_integration.py::TestRealEdgeCases::test_real_rapid_output PASSED [ 34%]
2026-01-29T19:54:04.6021920Z tests/test_executor_integration.py::TestRealEdgeCases::test_real_stderr_without_stdout PASSED [ 34%]
2026-01-29T19:54:04.6287484Z tests/test_executor_integration.py::TestRealEdgeCases::test_real_exit_with_output PASSED [ 35%]
2026-01-29T19:54:04.6376578Z tests/test_executor_integration.py::TestRealCrossCompatibility::test_real_python_executable PASSED [ 35%]
2026-01-29T19:54:04.6639736Z tests/test_executor_integration.py::TestRealCrossCompatibility::test_real_path_handling PASSED [ 35%]
2026-01-29T19:54:04.6901477Z tests/test_executor_integration.py::TestRealCrossCompatibility::test_real_environment_inheritance PASSED [ 35%]
2026-01-29T19:54:04.6926454Z tests/test_executor_output.py::TestStdoutCapture::test_stdout_captured_completely PASSED [ 35%]
2026-01-29T19:54:04.7010887Z tests/test_executor_output.py::TestStdoutCapture::test_large_stdout_handling PASSED [ 35%]
2026-01-29T19:54:04.7035350Z tests/test_executor_output.py::TestStdoutCapture::test_stdout_with_unicode_characters PASSED [ 35%]
2026-01-29T19:54:04.7057503Z tests/test_executor_output.py::TestStderrCapture::test_stderr_captured_completely PASSED [ 35%]
2026-01-29T19:54:04.7082534Z tests/test_executor_output.py::TestStderrCapture::test_stderr_with_warnings PASSED [ 36%]
2026-01-29T19:54:04.7109213Z tests/test_executor_output.py::TestMixedOutput::test_mixed_stdout_stderr PASSED [ 36%]
2026-01-29T19:54:04.7134265Z tests/test_executor_output.py::TestMixedOutput::test_empty_stdout_with_stderr PASSED [ 36%]
2026-01-29T19:54:04.7157536Z tests/test_executor_output.py::TestMixedOutput::test_empty_stderr_with_stdout PASSED [ 36%]
2026-01-29T19:54:04.7181836Z tests/test_executor_output.py::TestSpecialCharacters::test_ansi_color_codes_in_output PASSED [ 36%]
2026-01-29T19:54:04.7205681Z tests/test_executor_output.py::TestSpecialCharacters::test_carriage_return_handling PASSED [ 36%]
2026-01-29T19:54:04.7229980Z tests/test_executor_output.py::TestSpecialCharacters::test_null_bytes_in_output PASSED [ 36%]
2026-01-29T19:54:04.7252901Z tests/test_executor_output.py::TestSpecialCharacters::test_invalid_utf8_sequences PASSED [ 37%]
2026-01-29T19:54:04.7277466Z tests/test_executor_output.py::TestOutputBuffering::test_output_with_no_trailing_newline PASSED [ 37%]
2026-01-29T19:54:04.7301061Z tests/test_executor_output.py::TestOutputBuffering::test_output_with_multiple_newlines PASSED [ 37%]
2026-01-29T19:54:04.7324906Z tests/test_executor_output.py::TestOutputBuffering::test_very_long_lines PASSED [ 37%]
2026-01-29T19:54:04.7350319Z tests/test_executor_output.py::TestBuildOutput::test_build_stdout_capture PASSED [ 37%]
2026-01-29T19:54:04.7376478Z tests/test_executor_output.py::TestBuildOutput::test_build_with_compilation_errors PASSED [ 37%]
2026-01-29T19:54:04.7406124Z tests/test_executor_output.py::TestEmptyOutput::test_no_output_success PASSED [ 37%]
2026-01-29T19:54:04.7427862Z tests/test_executor_output.py::TestEmptyOutput::test_no_output_failure PASSED [ 38%]
2026-01-29T19:54:04.7451055Z tests/test_executor_output.py::TestRealTimeStreaming::test_stdout_streams_to_console PASSED [ 38%]
2026-01-29T19:54:04.7473348Z tests/test_executor_output.py::TestRealTimeStreaming::test_stderr_streams_to_console PASSED [ 38%]
2026-01-29T19:54:04.7495920Z tests/test_executor_output.py::TestRealTimeStreaming::test_streaming_can_be_disabled PASSED [ 38%]
2026-01-29T19:54:04.7518316Z tests/test_executor_output.py::TestRealTimeStreaming::test_interleaved_output_streaming PASSED [ 38%]
2026-01-29T19:54:04.7589320Z tests/test_executor_output.py::TestStreamingPerformance::test_streaming_with_large_output PASSED [ 38%]
2026-01-29T19:54:04.7612170Z tests/test_executor_output.py::TestStreamingPerformance::test_streaming_performance_mode PASSED [ 38%]
2026-01-29T19:54:04.7635094Z tests/test_executor_output.py::TestStreamingPerformance::test_streaming_with_stderr_only PASSED [ 38%]
2026-01-29T19:54:04.7662893Z tests/test_executor_output.py::TestStreamingPerformance::test_streaming_disabled_with_timeout PASSED [ 39%]
2026-01-29T19:54:04.7687189Z tests/test_executor_results.py::TestTimingAccuracy::test_start_time_recorded_before_execution PASSED [ 39%]
2026-01-29T19:54:04.7710260Z tests/test_executor_results.py::TestTimingAccuracy::test_end_time_recorded_after_execution PASSED [ 39%]
2026-01-29T19:54:04.7734063Z tests/test_executor_results.py::TestTimingAccuracy::test_duration_calculated_correctly PASSED [ 39%]
2026-01-29T19:54:04.7759318Z tests/test_executor_results.py::TestTimingAccuracy::test_timing_with_sub_millisecond_precision PASSED [ 39%]
2026-01-29T19:54:04.7782567Z tests/test_executor_results.py::TestTimingAccuracy::test_timing_for_quick_commands PASSED [ 39%]
2026-01-29T19:54:04.8804935Z tests/test_executor_results.py::TestTimingAccuracy::test_timing_for_longer_commands PASSED [ 39%]
2026-01-29T19:54:04.8841635Z tests/test_executor_results.py::TestTimingAccuracy::test_timing_consistency_across_multiple_calls PASSED [ 40%]
2026-01-29T19:54:04.8868220Z tests/test_executor_results.py::TestConfigureResultPopulation::test_configure_result_has_all_required_fields PASSED [ 40%]
2026-01-29T19:54:04.8891614Z tests/test_executor_results.py::TestConfigureResultPopulation::test_configure_result_success_field_correct PASSED [ 40%]
2026-01-29T19:54:04.8916756Z tests/test_executor_results.py::TestConfigureResultPopulation::test_configure_result_failure_field_correct PASSED [ 40%]
2026-01-29T19:54:04.8941617Z tests/test_executor_results.py::TestConfigureResultPopulation::test_configure_result_stdout_populated PASSED [ 40%]
2026-01-29T19:54:04.8966629Z tests/test_executor_results.py::TestConfigureResultPopulation::test_configure_result_stderr_populated PASSED [ 40%]
2026-01-29T19:54:04.8989806Z tests/test_executor_results.py::TestConfigureResultPopulation::test_configure_result_datetime_types PASSED [ 40%]
2026-01-29T19:54:04.9014928Z tests/test_executor_results.py::TestConfigureResultPopulation::test_configure_result_optional_fields_none PASSED [ 41%]
2026-01-29T19:54:04.9038861Z tests/test_executor_results.py::TestBuildResultPopulation::test_build_result_has_all_required_fields PASSED [ 41%]
2026-01-29T19:54:04.9062554Z tests/test_executor_results.py::TestBuildResultPopulation::test_build_result_success_with_exit_code_zero PASSED [ 41%]
2026-01-29T19:54:04.9085777Z tests/test_executor_results.py::TestBuildResultPopulation::test_build_result_failure_with_nonzero_exit_code PASSED [ 41%]
2026-01-29T19:54:04.9109683Z tests/test_executor_results.py::TestBuildResultPopulation::test_build_result_stdout_populated PASSED [ 41%]
2026-01-29T19:54:04.9133108Z tests/test_executor_results.py::TestBuildResultPopulation::test_build_result_stderr_populated PASSED [ 41%]
2026-01-29T19:54:04.9156348Z tests/test_executor_results.py::TestBuildResultPopulation::test_build_result_timing_fields PASSED [ 41%]
2026-01-29T19:54:04.9179750Z tests/test_executor_results.py::TestBuildResultPopulation::test_build_result_optional_fields_defaults PASSED [ 41%]
2026-01-29T19:54:04.9197841Z tests/test_executor_results.py::TestErrorCaseResultPopulation::test_command_not_found_result PASSED [ 42%]
2026-01-29T19:54:04.9231880Z tests/test_executor_results.py::TestErrorCaseResultPopulation::test_timeout_result_population PASSED [ 42%]
2026-01-29T19:54:04.9248828Z tests/test_executor_results.py::TestErrorCaseResultPopulation::test_general_exception_result PASSED [ 42%]
2026-01-29T19:54:04.9273483Z tests/test_executor_results.py::TestResultObjectConsistency::test_configure_and_build_results_structure_similar PASSED [ 42%]
2026-01-29T19:54:04.9297388Z tests/test_executor_results.py::TestResultObjectConsistency::test_results_are_independent_objects PASSED [ 42%]
2026-01-29T19:54:04.9319065Z tests/test_executor_results.py::TestResultObjectConsistency::test_empty_output_still_creates_valid_result PASSED [ 42%]
2026-01-29T19:54:04.9343362Z tests/test_executor_results.py::TestDurationCalculation::test_duration_is_positive PASSED [ 42%]
2026-01-29T19:54:04.9366632Z tests/test_executor_results.py::TestDurationCalculation::test_duration_matches_time_difference PASSED [ 43%]
2026-01-29T19:54:04.9390137Z tests/test_executor_results.py::TestDurationCalculation::test_duration_precision PASSED [ 43%]
2026-01-29T19:54:04.9412967Z tests/test_executor_results.py::TestDurationCalculation::test_start_time_before_end_time PASSED [ 43%]
2026-01-29T19:54:04.9933769Z tests/test_executor_results.py::TestDurationCalculation::test_duration_with_simulated_delay PASSED [ 43%]
2026-01-29T19:54:04.9951641Z tests/test_generator_detection.py::TestNinjaDetection::test_ninja_selected_when_available PASSED [ 43%]
2026-01-29T19:54:04.9972580Z tests/test_generator_detection.py::TestNinjaDetection::test_ninja_not_selected_when_unavailable PASSED [ 43%]
2026-01-29T19:54:04.9990059Z tests/test_generator_detection.py::TestNinjaDetection::test_ninja_detection_case_insensitive PASSED [ 43%]
2026-01-29T19:54:05.0010495Z tests/test_generator_detection.py::TestUnixMakefilesFallback::test_unix_makefiles_on_linux_without_ninja PASSED [ 43%]
2026-01-29T19:54:05.0030734Z tests/test_generator_detection.py::TestUnixMakefilesFallback::test_unix_makefiles_on_macos_without_ninja PASSED [ 44%]
2026-01-29T19:54:05.0050585Z tests/test_generator_detection.py::TestUnixMakefilesFallback::test_unix_makefiles_not_used_on_windows PASSED [ 44%]
2026-01-29T19:54:05.0087678Z tests/test_generator_detection.py::TestVisualStudioDetection::test_visual_studio_on_windows_without_ninja PASSED [ 44%]
2026-01-29T19:54:05.0094319Z tests/test_generator_detection.py::TestVisualStudioDetection::test_visual_studio_version_detection PASSED [ 44%]
2026-01-29T19:54:05.0115645Z tests/test_generator_detection.py::TestVisualStudioDetection::test_visual_studio_not_used_on_unix PASSED [ 44%]
2026-01-29T19:54:05.0138815Z tests/test_generator_detection.py::TestVisualStudioDetection::test_nmake_fallback_when_vs_not_found PASSED [ 44%]
2026-01-29T19:54:05.0152749Z tests/test_generator_detection.py::TestExplicitGeneratorSpecification::test_explicit_generator_overrides_detection PASSED [ 44%]
2026-01-29T19:54:05.0167241Z tests/test_generator_detection.py::TestExplicitGeneratorSpecification::test_explicit_generator_with_spaces PASSED [ 45%]
2026-01-29T19:54:05.0181692Z tests/test_generator_detection.py::TestExplicitGeneratorSpecification::test_explicit_generator_separate_arg PASSED [ 45%]
2026-01-29T19:54:05.0198894Z tests/test_generator_detection.py::TestExplicitGeneratorSpecification::test_explicit_generator_not_overridden_by_detection PASSED [ 45%]
2026-01-29T19:54:05.0215557Z tests/test_generator_detection.py::TestGeneratorValidation::test_invalid_generator_raises_error PASSED [ 45%]
2026-01-29T19:54:05.0229780Z tests/test_generator_detection.py::TestGeneratorValidation::test_valid_generator_passes_validation PASSED [ 45%]
2026-01-29T19:54:05.0245730Z tests/test_generator_detection.py::TestGeneratorValidation::test_empty_generator_name_raises_error PASSED [ 45%]
2026-01-29T19:54:05.0262398Z tests/test_generator_detection.py::TestGeneratorValidation::test_empty_generator_after_g_flag PASSED [ 45%]
2026-01-29T19:54:05.0279381Z tests/test_generator_detection.py::TestGeneratorValidation::test_empty_generator_string_after_g PASSED [ 46%]
2026-01-29T19:54:05.0296770Z tests/test_generator_detection.py::TestGeneratorAvailability::test_check_generator_available_with_ninja PASSED [ 46%]
2026-01-29T19:54:05.0313685Z tests/test_generator_detection.py::TestGeneratorAvailability::test_check_generator_unavailable PASSED [ 46%]
2026-01-29T19:54:05.0338960Z tests/test_generator_detection.py::TestGeneratorAvailability::test_unix_makefiles_always_available_on_unix PASSED [ 46%]
2026-01-29T19:54:05.0358395Z tests/test_generator_detection.py::TestGeneratorAvailability::test_visual_studio_availability_on_windows PASSED [ 46%]
2026-01-29T19:54:05.0375007Z tests/test_generator_detection.py::TestGeneratorAvailability::test_visual_studio_not_available_on_unix PASSED [ 46%]
2026-01-29T19:54:05.0392760Z tests/test_generator_detection.py::TestGeneratorAvailability::test_nmake_available_on_windows PASSED [ 46%]
2026-01-29T19:54:05.0409927Z tests/test_generator_detection.py::TestGeneratorAvailability::test_nmake_not_available_on_unix PASSED [ 46%]
2026-01-29T19:54:05.0424129Z tests/test_generator_detection.py::TestGeneratorAvailability::test_unknown_generator_unavailable PASSED [ 47%]
2026-01-29T19:54:05.0451534Z tests/test_generator_detection.py::TestPlatformSpecificBehavior::test_generator_priority_on_linux PASSED [ 47%]
2026-01-29T19:54:05.0476991Z tests/test_generator_detection.py::TestPlatformSpecificBehavior::test_generator_priority_on_windows PASSED [ 47%]
2026-01-29T19:54:05.0496814Z tests/test_generator_detection.py::TestPlatformSpecificBehavior::test_unsupported_platform_fallback PASSED [ 47%]
2026-01-29T19:54:05.0517993Z tests/test_generator_detection.py::TestGeneratorInCommandGeneration::test_detected_generator_in_configure_command PASSED [ 47%]
2026-01-29T19:54:05.0536295Z tests/test_generator_detection.py::TestGeneratorInCommandGeneration::test_explicit_generator_preserved_in_command PASSED [ 47%]
2026-01-29T19:54:05.0554975Z tests/test_generator_detection.py::TestGeneratorInCommandGeneration::test_generator_not_duplicated_in_command PASSED [ 47%]
2026-01-29T19:54:05.0579841Z tests/test_logging.py::TestLoggingConfiguration::test_configure_logging_default_level PASSED [ 48%]
2026-01-29T19:54:05.0605796Z tests/test_logging.py::TestLoggingConfiguration::test_configure_logging_verbose_level PASSED [ 48%]
2026-01-29T19:54:05.0624873Z tests/test_logging.py::TestLoggingConfiguration::test_configure_logging_info_level_explicit PASSED [ 48%]
2026-01-29T19:54:05.0644969Z tests/test_logging.py::TestLoggingConfiguration::test_configure_logging_warning_level PASSED [ 48%]
2026-01-29T19:54:05.0663915Z tests/test_logging.py::TestLoggingConfiguration::test_configure_logging_error_level PASSED [ 48%]
2026-01-29T19:54:05.0678027Z tests/test_logging.py::TestLoggerRetrieval::test_get_logger_returns_logger PASSED [ 48%]
2026-01-29T19:54:05.0692171Z tests/test_logging.py::TestLoggerRetrieval::test_get_logger_with_name PASSED [ 48%]
2026-01-29T19:54:05.0706114Z tests/test_logging.py::TestLoggerRetrieval::test_get_logger_default_name PASSED [ 48%]
2026-01-29T19:54:05.0720743Z tests/test_logging.py::TestLoggerRetrieval::test_get_logger_same_name_returns_same_instance PASSED [ 49%]
2026-01-29T19:54:05.0739064Z tests/test_logging.py::TestConsoleOutput::test_log_output_to_console_default PASSED [ 49%]
2026-01-29T19:54:05.0754437Z tests/test_logging.py::TestConsoleOutput::test_console_handler_configured PASSED [ 49%]
2026-01-29T19:54:05.0814980Z tests/test_logging.py::TestFileOutput::test_log_output_to_file PASSED    [ 49%]
2026-01-29T19:54:05.0875727Z tests/test_logging.py::TestFileOutput::test_log_file_created_in_directory PASSED [ 49%]
2026-01-29T19:54:05.0936588Z tests/test_logging.py::TestFileOutput::test_both_console_and_file_output PASSED [ 49%]
2026-01-29T19:54:05.0956230Z tests/test_logging.py::TestLogFormatting::test_log_format_includes_level PASSED [ 49%]
2026-01-29T19:54:05.0974660Z tests/test_logging.py::TestLogFormatting::test_log_format_includes_message PASSED [ 50%]
2026-01-29T19:54:05.0992911Z tests/test_logging.py::TestLogFormatting::test_log_format_includes_logger_name PASSED [ 50%]
2026-01-29T19:54:05.1014514Z tests/test_logging.py::TestLogFormatting::test_log_format_different_levels PASSED [ 50%]
2026-01-29T19:54:05.1042488Z tests/test_logging.py::TestExceptionLogging::test_exception_logged_with_traceback PASSED [ 50%]
2026-01-29T19:54:05.1062891Z tests/test_logging.py::TestExceptionLogging::test_exception_traceback_includes_file_info PASSED [ 50%]
2026-01-29T19:54:05.1082178Z tests/test_logging.py::TestExceptionLogging::test_error_without_exception_context PASSED [ 50%]
2026-01-29T19:54:05.1100874Z tests/test_logging.py::TestPerformanceLogging::test_timing_info_logged PASSED [ 50%]
2026-01-29T19:54:05.1122036Z tests/test_logging.py::TestPerformanceLogging::test_multiple_timing_logs PASSED [ 51%]
2026-01-29T19:54:05.1136918Z tests/test_logging.py::TestLoggingReset::test_reset_logging_clears_handlers PASSED [ 51%]
2026-01-29T19:54:05.1155813Z tests/test_logging.py::TestLoggingReset::test_reconfigure_after_reset PASSED [ 51%]
2026-01-29T19:54:05.1174147Z tests/test_logging.py::TestContextualLogging::test_log_with_extra_context PASSED [ 51%]
2026-01-29T19:54:05.1192432Z tests/test_logging.py::TestContextualLogging::test_log_structured_data PASSED [ 51%]
2026-01-29T19:54:05.1212142Z tests/test_logging.py::TestMultipleLoggers::test_different_modules_same_config PASSED [ 51%]
2026-01-29T19:54:05.1232185Z tests/test_logging.py::TestMultipleLoggers::test_logger_hierarchy PASSED [ 51%]
2026-01-29T19:54:05.1250936Z tests/test_logging.py::TestEdgeCases::test_configure_logging_multiple_times PASSED [ 51%]
2026-01-29T19:54:05.1269244Z tests/test_logging.py::TestEdgeCases::test_log_with_none_message PASSED  [ 52%]
2026-01-29T19:54:05.1286996Z tests/test_logging.py::TestEdgeCases::test_log_with_empty_string PASSED  [ 52%]
2026-01-29T19:54:05.1306205Z tests/test_logging.py::TestEdgeCases::test_log_with_unicode PASSED       [ 52%]
2026-01-29T19:54:05.1368340Z tests/test_logging.py::TestEdgeCases::test_log_file_path_with_spaces PASSED [ 52%]
2026-01-29T19:54:05.1470230Z tests/test_main_errors.py::TestCMakeNotFoundError::test_cmake_not_found_returns_127 PASSED [ 52%]
2026-01-29T19:54:05.1525837Z tests/test_main_errors.py::TestCMakeNotFoundError::test_cmake_not_found_error_message PASSED [ 52%]
2026-01-29T19:54:05.2294349Z tests/test_main_errors.py::TestConfigurationFailure::test_configure_failure_returns_exit_code PASSED [ 52%]
2026-01-29T19:54:05.2460392Z tests/test_main_errors.py::TestConfigurationFailure::test_configure_failure_error_message PASSED [ 53%]
2026-01-29T19:54:05.2628458Z tests/test_main_errors.py::TestConfigurationFailure::test_configure_failure_no_build_attempted PASSED [ 53%]
2026-01-29T19:54:05.3033936Z tests/test_main_errors.py::TestBuildFailure::test_build_failure_returns_exit_code PASSED [ 53%]
2026-01-29T19:54:05.3431031Z tests/test_main_errors.py::TestBuildFailure::test_build_failure_error_message PASSED [ 53%]
2026-01-29T19:54:05.3530433Z tests/test_main_errors.py::TestBuildFailure::test_build_failure_data_still_saved PASSED [ 53%]
2026-01-29T19:54:05.3637217Z tests/test_main_errors.py::TestDatabaseErrors::test_database_connection_error_continues PASSED [ 53%]
2026-01-29T19:54:05.3717715Z tests/test_main_errors.py::TestDatabaseErrors::test_database_init_error_continues PASSED [ 53%]
2026-01-29T19:54:05.3877954Z tests/test_main_errors.py::TestKeyboardInterrupt::test_keyboard_interrupt_returns_130 PASSED [ 53%]
2026-01-29T19:54:05.3963985Z tests/test_main_errors.py::TestKeyboardInterrupt::test_keyboard_interrupt_during_build PASSED [ 54%]
2026-01-29T19:54:05.4162020Z tests/test_main_errors.py::TestPartialDataHandling::test_config_success_build_fail_saves_config PASSED [ 54%]
2026-01-29T19:54:05.4188345Z tests/test_main_errors.py::TestInvalidArguments::test_missing_required_args_returns_error PASSED [ 54%]
2026-01-29T19:54:05.4214476Z tests/test_main_errors.py::TestInvalidArguments::test_invalid_path_error_message PASSED [ 54%]
2026-01-29T19:54:05.4301999Z tests/test_main_errors.py::TestResourceCleanup::test_database_connection_closed_on_error PASSED [ 54%]
2026-01-29T19:54:05.4403220Z tests/test_main_errors.py::TestResourceCleanup::test_error_during_inspection_continues PASSED [ 54%]
2026-01-29T19:54:05.4572720Z tests/test_main_errors.py::TestErrorMessageClarity::test_validation_error_message_helpful PASSED [ 54%]
2026-01-29T19:54:05.4658419Z tests/test_main_errors.py::TestErrorMessageClarity::test_exception_message_logged PASSED [ 55%]
2026-01-29T19:54:05.4908271Z tests/test_main_integration.py::TestBasicWorkflow::test_build_only_workflow PASSED [ 55%]
2026-01-29T19:54:05.4931999Z tests/test_main_integration.py::TestBasicWorkflow::test_invalid_arguments_returns_error PASSED [ 55%]
2026-01-29T19:54:05.4988168Z tests/test_main_integration.py::TestBasicWorkflow::test_cmake_not_found_returns_error PASSED [ 55%]
2026-01-29T19:54:05.5067874Z tests/test_main_integration.py::TestExitCodes::test_successful_build_returns_zero PASSED [ 55%]
2026-01-29T19:54:05.5148645Z tests/test_main_integration.py::TestExitCodes::test_failed_build_returns_nonzero PASSED [ 55%]
2026-01-29T19:54:05.5229252Z tests/test_main_integration.py::TestVerboseMode::test_verbose_mode_works PASSED [ 55%]
2026-01-29T19:54:05.5244830Z tests/test_models.py::TestForgeArguments::test_create_with_valid_data PASSED [ 56%]
2026-01-29T19:54:05.5259011Z tests/test_models.py::TestForgeArguments::test_create_with_minimal_data PASSED [ 56%]
2026-01-29T19:54:05.5273062Z tests/test_models.py::TestForgeArguments::test_missing_required_field PASSED [ 56%]
2026-01-29T19:54:05.5287154Z tests/test_models.py::TestForgeArguments::test_path_handling_string_conversion PASSED [ 56%]
2026-01-29T19:54:05.5301463Z tests/test_models.py::TestForgeArguments::test_to_dict PASSED            [ 56%]
2026-01-29T19:54:05.5315453Z tests/test_models.py::TestForgeArguments::test_from_dict PASSED          [ 56%]
2026-01-29T19:54:05.5333958Z tests/test_models.py::TestForgeArguments::test_json_serialization PASSED [ 56%]
2026-01-29T19:54:05.5347626Z tests/test_models.py::TestConfigureResult::test_create_with_all_fields PASSED [ 56%]
2026-01-29T19:54:05.5363213Z tests/test_models.py::TestConfigureResult::test_create_with_optional_fields_none PASSED [ 57%]
2026-01-29T19:54:05.5377923Z tests/test_models.py::TestConfigureResult::test_json_serialization PASSED [ 57%]
2026-01-29T19:54:05.5391988Z tests/test_models.py::TestBuildResult::test_create_with_all_fields PASSED [ 57%]
2026-01-29T19:54:05.5405281Z tests/test_models.py::TestBuildResult::test_create_with_minimal_fields PASSED [ 57%]
2026-01-29T19:54:05.5419332Z tests/test_models.py::TestBuildResult::test_to_dict PASSED               [ 57%]
2026-01-29T19:54:05.5433286Z tests/test_models.py::TestBuildResult::test_from_dict PASSED             [ 57%]
2026-01-29T19:54:05.5446855Z tests/test_models.py::TestConfigureMetadata::test_create_with_all_fields PASSED [ 57%]
2026-01-29T19:54:05.5461028Z tests/test_models.py::TestConfigureMetadata::test_create_with_optional_fields_none PASSED [ 58%]
2026-01-29T19:54:05.5475358Z tests/test_models.py::TestConfigureMetadata::test_json_serialization PASSED [ 58%]
2026-01-29T19:54:05.5488756Z tests/test_models.py::TestBuildMetadata::test_create_with_all_fields PASSED [ 58%]
2026-01-29T19:54:05.5503060Z tests/test_models.py::TestBuildMetadata::test_create_with_empty_diagnostics PASSED [ 58%]
2026-01-29T19:54:05.5517249Z tests/test_models.py::TestBuildMetadata::test_to_dict PASSED             [ 58%]
2026-01-29T19:54:05.5531371Z tests/test_models.py::TestBuildMetadata::test_from_dict PASSED           [ 58%]
2026-01-29T19:54:05.5544782Z tests/test_models.py::TestBuildTarget::test_create_simple_target PASSED  [ 58%]
2026-01-29T19:54:05.5558840Z tests/test_models.py::TestBuildTarget::test_create_target_with_progress PASSED [ 58%]
2026-01-29T19:54:05.5572662Z tests/test_models.py::TestBuildTarget::test_to_dict PASSED               [ 59%]
2026-01-29T19:54:05.5585937Z tests/test_models.py::TestBuildTarget::test_from_dict PASSED             [ 59%]
2026-01-29T19:54:05.5600179Z tests/test_models.py::TestBuildTarget::test_serialization_roundtrip PASSED [ 59%]
2026-01-29T19:54:05.5613999Z tests/test_models.py::TestBuildWarning::test_create_with_complete_info PASSED [ 59%]
2026-01-29T19:54:05.5628629Z tests/test_models.py::TestBuildWarning::test_create_with_partial_info PASSED [ 59%]
2026-01-29T19:54:05.5643123Z tests/test_models.py::TestBuildWarning::test_json_serialization PASSED   [ 59%]
2026-01-29T19:54:05.5657120Z tests/test_models.py::TestError::test_create_with_complete_info PASSED   [ 59%]
2026-01-29T19:54:05.5670966Z tests/test_models.py::TestError::test_create_with_minimal_info PASSED    [ 60%]
2026-01-29T19:54:05.5685806Z tests/test_models.py::TestError::test_json_serialization PASSED          [ 60%]
2026-01-29T19:54:05.5700096Z tests/test_output_formatting.py::TestDurationFormatting::test_format_duration_milliseconds PASSED [ 60%]
2026-01-29T19:54:05.5714176Z tests/test_output_formatting.py::TestDurationFormatting::test_format_duration_seconds PASSED [ 60%]
2026-01-29T19:54:05.5727700Z tests/test_output_formatting.py::TestDurationFormatting::test_format_duration_minutes PASSED [ 60%]
2026-01-29T19:54:05.5742001Z tests/test_output_formatting.py::TestDurationFormatting::test_format_duration_hours PASSED [ 60%]
2026-01-29T19:54:05.5755772Z tests/test_output_formatting.py::TestDurationFormatting::test_format_duration_zero PASSED [ 60%]
2026-01-29T19:54:05.5769288Z tests/test_output_formatting.py::TestDurationFormatting::test_format_duration_very_small PASSED [ 61%]
2026-01-29T19:54:05.5783311Z tests/test_output_formatting.py::TestTimestampFormatting::test_format_timestamp_datetime PASSED [ 61%]
2026-01-29T19:54:05.5798994Z tests/test_output_formatting.py::TestTimestampFormatting::test_format_timestamp_iso_string PASSED [ 61%]
2026-01-29T19:54:05.5813700Z tests/test_output_formatting.py::TestTimestampFormatting::test_format_timestamp_none PASSED [ 61%]
2026-01-29T19:54:05.5826980Z tests/test_output_formatting.py::TestTimestampFormatting::test_format_timestamp_invalid PASSED [ 61%]
2026-01-29T19:54:05.5846522Z tests/test_output_formatting.py::TestColorSupport::test_supports_color_with_tty PASSED [ 61%]
2026-01-29T19:54:05.5864589Z tests/test_output_formatting.py::TestColorSupport::test_supports_color_no_tty PASSED [ 61%]
2026-01-29T19:54:05.5911289Z tests/test_output_formatting.py::TestColorSupport::test_supports_color_windows_with_wt PASSED [ 61%]
2026-01-29T19:54:05.5958297Z tests/test_output_formatting.py::TestColorSupport::test_supports_color_windows_without_wt PASSED [ 62%]
2026-01-29T19:54:05.6005102Z tests/test_output_formatting.py::TestColorSupport::test_supports_color_no_color_env PASSED [ 62%]
2026-01-29T19:54:05.6025435Z tests/test_output_formatting.py::TestPrintFunctions::test_print_success_with_color PASSED [ 62%]
2026-01-29T19:54:05.6045385Z tests/test_output_formatting.py::TestPrintFunctions::test_print_success_without_color PASSED [ 62%]
2026-01-29T19:54:05.6065942Z tests/test_output_formatting.py::TestPrintFunctions::test_print_error_with_color PASSED [ 62%]
2026-01-29T19:54:05.6085760Z tests/test_output_formatting.py::TestPrintFunctions::test_print_error_without_color PASSED [ 62%]
2026-01-29T19:54:05.6105199Z tests/test_output_formatting.py::TestPrintFunctions::test_print_warning_with_color PASSED [ 62%]
2026-01-29T19:54:05.6124915Z tests/test_output_formatting.py::TestPrintFunctions::test_print_warning_without_color PASSED [ 63%]
2026-01-29T19:54:05.6141932Z tests/test_output_formatting.py::TestPrintFunctions::test_print_section_header PASSED [ 63%]
2026-01-29T19:54:05.6166467Z tests/test_output_formatting.py::TestConfigureSummary::test_print_configure_summary_success PASSED [ 63%]
2026-01-29T19:54:05.6182888Z tests/test_output_formatting.py::TestConfigureSummary::test_print_configure_summary_failure PASSED [ 63%]
2026-01-29T19:54:05.6200136Z tests/test_output_formatting.py::TestConfigureSummary::test_print_configure_summary_minimal_metadata PASSED [ 63%]
2026-01-29T19:54:05.6217497Z tests/test_output_formatting.py::TestBuildSummary::test_print_build_summary_success_no_warnings PASSED [ 63%]
2026-01-29T19:54:05.6235147Z tests/test_output_formatting.py::TestBuildSummary::test_print_build_summary_success_with_warnings PASSED [ 63%]
2026-01-29T19:54:05.6252288Z tests/test_output_formatting.py::TestBuildSummary::test_print_build_summary_failure PASSED [ 64%]
2026-01-29T19:54:05.6269153Z tests/test_output_formatting.py::TestBuildSummary::test_print_build_summary_multiple_targets PASSED [ 64%]
2026-01-29T19:54:05.6285798Z tests/test_output_formatting.py::TestBuildSummary::test_print_build_summary_no_metadata PASSED [ 64%]
2026-01-29T19:54:05.6304725Z tests/test_output_formatting.py::TestVerboseOutput::test_verbose_mode_shows_details PASSED [ 64%]
2026-01-29T19:54:05.6324720Z tests/test_output_formatting.py::TestVerboseOutput::test_verbose_mode_shows_timestamps PASSED [ 64%]
2026-01-29T19:54:05.6341915Z tests/test_output_formatting.py::TestOutputConsistency::test_all_summaries_use_consistent_formatting PASSED [ 64%]
2026-01-29T19:54:05.6359984Z tests/test_output_formatting.py::TestOutputConsistency::test_line_length_is_reasonable PASSED [ 64%]
2026-01-29T19:54:05.6477542Z tests/test_parameter_manager.py::TestConfigureCommandBasic::test_configure_with_minimal_arguments PASSED [ 64%]
2026-01-29T19:54:05.6560912Z tests/test_parameter_manager.py::TestConfigureCommandBasic::test_configure_with_generator PASSED [ 65%]
2026-01-29T19:54:05.6670353Z tests/test_parameter_manager.py::TestConfigureCommandBasic::test_configure_with_build_type PASSED [ 65%]
2026-01-29T19:54:05.6779076Z tests/test_parameter_manager.py::TestConfigureCommandWithCMakeArgs::test_configure_with_single_cmake_arg PASSED [ 65%]
2026-01-29T19:54:05.6887337Z tests/test_parameter_manager.py::TestConfigureCommandWithCMakeArgs::test_configure_with_multiple_cmake_args PASSED [ 65%]
2026-01-29T19:54:05.6926121Z tests/test_parameter_manager.py::TestConfigureCommandWithCMakeArgs::test_configure_with_generator_and_args PASSED [ 65%]
2026-01-29T19:54:05.7033626Z tests/test_parameter_manager.py::TestConfigureCommandWithCMakeArgs::test_configure_preserves_arg_order PASSED [ 65%]
2026-01-29T19:54:05.7068512Z tests/test_parameter_manager.py::TestBuildCommandBasic::test_build_with_minimal_arguments PASSED [ 65%]
2026-01-29T19:54:05.7103911Z tests/test_parameter_manager.py::TestBuildCommandBasic::test_build_with_parallel_jobs PASSED [ 66%]
2026-01-29T19:54:05.7138250Z tests/test_parameter_manager.py::TestBuildCommandBasic::test_build_with_verbose PASSED [ 66%]
2026-01-29T19:54:05.7173258Z tests/test_parameter_manager.py::TestBuildCommandWithTarget::test_build_with_single_target PASSED [ 66%]
2026-01-29T19:54:05.7208023Z tests/test_parameter_manager.py::TestBuildCommandWithTarget::test_build_with_multiple_targets PASSED [ 66%]
2026-01-29T19:54:05.7242671Z tests/test_parameter_manager.py::TestBuildCommandWithTarget::test_build_with_target_and_parallel PASSED [ 66%]
2026-01-29T19:54:05.7356261Z tests/test_parameter_manager.py::TestPathHandling::test_absolute_paths_used PASSED [ 66%]
2026-01-29T19:54:05.7465867Z tests/test_parameter_manager.py::TestPathHandling::test_paths_with_spaces PASSED [ 66%]
2026-01-29T19:54:05.7596817Z tests/test_parameter_manager.py::TestCommandFormat::test_configure_command_is_list PASSED [ 66%]
2026-01-29T19:54:05.7631175Z tests/test_parameter_manager.py::TestCommandFormat::test_build_command_is_list PASSED [ 67%]
2026-01-29T19:54:05.7669687Z tests/test_parameter_manager.py::TestCommandFormat::test_configure_command_structure PASSED [ 67%]
2026-01-29T19:54:05.7704789Z tests/test_parameter_manager.py::TestCommandFormat::test_build_command_structure PASSED [ 67%]
2026-01-29T19:54:05.7816952Z tests/test_parameter_manager.py::TestEnvironmentHandling::test_cmake_args_with_env_var_syntax PASSED [ 67%]
2026-01-29T19:54:05.7852274Z tests/test_parameter_manager.py::TestEnvironmentHandling::test_build_args_unchanged PASSED [ 67%]
2026-01-29T19:54:05.7988116Z tests/test_parameter_manager.py::TestEdgeCases::test_empty_cmake_args PASSED [ 67%]
2026-01-29T19:54:05.8023712Z tests/test_parameter_manager.py::TestEdgeCases::test_empty_build_args PASSED [ 67%]
2026-01-29T19:54:05.8138232Z tests/test_parameter_manager.py::TestEdgeCases::test_cmake_args_with_quotes PASSED [ 68%]
2026-01-29T19:54:05.8251875Z tests/test_parameter_override.py::TestParameterAddition::test_add_new_cmake_parameter PASSED [ 68%]
2026-01-29T19:54:05.8364576Z tests/test_parameter_override.py::TestParameterAddition::test_add_multiple_parameters PASSED [ 68%]
2026-01-29T19:54:05.8477710Z tests/test_parameter_override.py::TestParameterAddition::test_add_parameter_with_d_prefix PASSED [ 68%]
2026-01-29T19:54:05.8518008Z tests/test_parameter_override.py::TestParameterAddition::test_add_parameter_preserves_existing_args PASSED [ 68%]
2026-01-29T19:54:05.8629900Z tests/test_parameter_override.py::TestParameterOverride::test_override_existing_parameter PASSED [ 68%]
2026-01-29T19:54:05.8740892Z tests/test_parameter_override.py::TestParameterOverride::test_override_multiple_times PASSED [ 68%]
2026-01-29T19:54:05.9545114Z tests/test_parameter_override.py::TestParameterOverride::test_programmatic_overrides_cli PASSED [ 69%]
2026-01-29T19:54:05.9584166Z tests/test_parameter_override.py::TestGetParameters::test_get_parameters_returns_dict PASSED [ 69%]
2026-01-29T19:54:05.9623912Z tests/test_parameter_override.py::TestGetParameters::test_get_parameters_includes_added_params PASSED [ 69%]
2026-01-29T19:54:05.9665062Z tests/test_parameter_override.py::TestGetParameters::test_get_parameters_reflects_overrides PASSED [ 69%]
2026-01-29T19:54:05.9703379Z tests/test_parameter_override.py::TestGetParameters::test_get_parameters_handles_generator_args PASSED [ 69%]
2026-01-29T19:54:05.9819696Z tests/test_parameter_override.py::TestSpecialCharacters::test_parameter_with_spaces PASSED [ 69%]
2026-01-29T19:54:05.9857604Z tests/test_parameter_override.py::TestSpecialCharacters::test_parameter_with_quotes PASSED [ 69%]
2026-01-29T19:54:05.9893933Z tests/test_parameter_override.py::TestSpecialCharacters::test_parameter_with_equals_sign PASSED [ 69%]
2026-01-29T19:54:05.9931319Z tests/test_parameter_override.py::TestSpecialCharacters::test_parameter_with_path_separators PASSED [ 70%]
2026-01-29T19:54:05.9969515Z tests/test_parameter_override.py::TestEnvironmentVariables::test_parameter_with_env_var_syntax PASSED [ 70%]
2026-01-29T19:54:06.0009175Z tests/test_parameter_override.py::TestEnvironmentVariables::test_add_parameter_preserves_env_syntax_from_cli PASSED [ 70%]
2026-01-29T19:54:06.0122879Z tests/test_parameter_override.py::TestParameterFormatting::test_parameter_has_d_prefix_in_command PASSED [ 70%]
2026-01-29T19:54:06.0237696Z tests/test_parameter_override.py::TestParameterFormatting::test_empty_value_parameter PASSED [ 70%]
2026-01-29T19:54:06.0276183Z tests/test_parameter_override.py::TestParameterFormatting::test_boolean_style_parameters PASSED [ 70%]
2026-01-29T19:54:06.0312954Z tests/test_parameter_override.py::TestEdgeCases::test_add_parameter_to_empty_args PASSED [ 70%]
2026-01-29T19:54:06.0349804Z tests/test_parameter_override.py::TestEdgeCases::test_get_parameters_when_no_params PASSED [ 71%]
2026-01-29T19:54:06.0388120Z tests/test_parameter_override.py::TestEdgeCases::test_parameter_name_case_sensitivity PASSED [ 71%]
2026-01-29T19:54:28.8743605Z tests/test_performance.py::TestForgeOverhead::test_configure_overhead PASSED [ 71%]
2026-01-29T19:54:28.8760362Z tests/test_performance.py::TestForgeOverhead::test_startup_time PASSED   [ 71%]
2026-01-29T19:54:29.0203471Z tests/test_performance.py::TestMemoryUsage::test_memory_with_large_output PASSED [ 71%]
2026-01-29T19:54:29.0298616Z tests/test_performance.py::TestMemoryUsage::test_memory_with_many_warnings PASSED [ 71%]
2026-01-29T19:54:29.2207419Z tests/test_performance.py::TestDatabasePerformance::test_bulk_insert_warnings PASSED [ 71%]
2026-01-29T19:54:29.3961363Z tests/test_performance.py::TestDatabasePerformance::test_query_performance PASSED [ 71%]
2026-01-29T19:54:29.6019487Z tests/test_performance.py::TestDatabasePerformance::test_statistics_calculation_performance PASSED [ 72%]
2026-01-29T19:54:29.6071185Z tests/test_performance.py::TestOutputCapture::test_output_capture_overhead PASSED [ 72%]
2026-01-29T19:54:29.6104306Z tests/test_performance.py::TestScalability::test_parse_large_cmakelists PASSED [ 72%]
2026-01-29T19:54:29.6122730Z tests/test_performance.py::TestScalability::test_extract_many_packages PASSED [ 72%]
2026-01-29T19:54:29.6711530Z tests/test_persistence_build.py::TestSaveCompleteBuild::test_save_build_returns_id PASSED [ 72%]
2026-01-29T19:54:29.7250575Z tests/test_persistence_build.py::TestSaveCompleteBuild::test_save_build_with_all_fields PASSED [ 72%]
2026-01-29T19:54:29.7907171Z tests/test_persistence_build.py::TestSaveCompleteBuild::test_save_build_persists_metadata_fields PASSED [ 72%]
2026-01-29T19:54:29.8437380Z tests/test_persistence_build.py::TestConfigurationAssociation::test_save_build_with_configuration_id PASSED [ 73%]
2026-01-29T19:54:29.9033307Z tests/test_persistence_build.py::TestConfigurationAssociation::test_save_build_without_configuration PASSED [ 73%]
2026-01-29T19:54:29.9639784Z tests/test_persistence_build.py::TestConfigurationAssociation::test_multiple_builds_per_configuration PASSED [ 73%]
2026-01-29T19:54:30.0306981Z tests/test_persistence_build.py::TestTargetsSerialization::test_targets_list_serialized_as_json PASSED [ 73%]
2026-01-29T19:54:30.1029516Z tests/test_persistence_build.py::TestTargetsSerialization::test_empty_targets_list PASSED [ 73%]
2026-01-29T19:54:30.1589833Z tests/test_persistence_build.py::TestTimestampFormatting::test_build_time_is_iso8601_format PASSED [ 73%]
2026-01-29T19:54:30.2387744Z tests/test_persistence_build.py::TestTimestampFormatting::test_timestamp_roundtrip PASSED [ 73%]
2026-01-29T19:54:30.2936336Z tests/test_persistence_build.py::TestWarningErrorCounts::test_warning_count_stored PASSED [ 74%]
2026-01-29T19:54:30.3568134Z tests/test_persistence_build.py::TestWarningErrorCounts::test_error_count_stored PASSED [ 74%]
2026-01-29T19:54:30.4135264Z tests/test_persistence_build.py::TestWarningErrorCounts::test_zero_warnings_and_errors PASSED [ 74%]
2026-01-29T19:54:30.4778770Z tests/test_persistence_build.py::TestTransactionHandling::test_transaction_rollback_on_error PASSED [ 74%]
2026-01-29T19:54:30.5433587Z tests/test_persistence_build.py::TestTransactionHandling::test_successful_transaction_commit PASSED [ 74%]
2026-01-29T19:54:30.6056585Z tests/test_persistence_build.py::TestDataIntegrityConstraints::test_success_flag_is_boolean PASSED [ 74%]
2026-01-29T19:54:30.6730863Z tests/test_persistence_build.py::TestDataIntegrityConstraints::test_duration_precision PASSED [ 74%]
2026-01-29T19:54:30.7316188Z tests/test_persistence_build.py::TestForeignKeyRelationships::test_foreign_key_constraint_enforced PASSED [ 74%]
2026-01-29T19:54:30.7903476Z tests/test_persistence_build.py::TestForeignKeyRelationships::test_null_configuration_id_allowed PASSED [ 75%]
2026-01-29T19:54:30.8465819Z tests/test_persistence_configure.py::TestSaveCompleteConfiguration::test_save_configuration_returns_id PASSED [ 75%]
2026-01-29T19:54:30.9066168Z tests/test_persistence_configure.py::TestSaveCompleteConfiguration::test_save_configuration_with_all_metadata_fields PASSED [ 75%]
2026-01-29T19:54:30.9960638Z tests/test_persistence_configure.py::TestSaveCompleteConfiguration::test_save_configuration_persists_all_result_fields PASSED [ 75%]
2026-01-29T19:54:31.0560871Z tests/test_persistence_configure.py::TestJSONSerialization::test_found_packages_serialized_as_json PASSED [ 75%]
2026-01-29T19:54:31.1315810Z tests/test_persistence_configure.py::TestJSONSerialization::test_empty_found_packages_list PASSED [ 75%]
2026-01-29T19:54:31.1904456Z tests/test_persistence_configure.py::TestTimestampFormatting::test_configure_time_is_iso8601_format PASSED [ 75%]
2026-01-29T19:54:31.2531409Z tests/test_persistence_configure.py::TestTimestampFormatting::test_timestamp_roundtrip PASSED [ 76%]
2026-01-29T19:54:31.3130057Z tests/test_persistence_configure.py::TestNullHandling::test_optional_metadata_fields_can_be_none PASSED [ 76%]
2026-01-29T19:54:31.3734426Z tests/test_persistence_configure.py::TestNullHandling::test_stderr_can_be_empty_string PASSED [ 76%]
2026-01-29T19:54:31.4485214Z tests/test_persistence_configure.py::TestForeignKeyPreparation::test_configuration_id_can_be_referenced PASSED [ 76%]
2026-01-29T19:54:31.5083631Z tests/test_persistence_configure.py::TestForeignKeyPreparation::test_multiple_builds_can_reference_same_configuration PASSED [ 76%]
2026-01-29T19:54:31.5924694Z tests/test_persistence_configure.py::TestDataIntegrityConstraints::test_success_flag_is_boolean PASSED [ 76%]
2026-01-29T19:54:31.6523499Z tests/test_persistence_configure.py::TestDuplicateConfiguration::test_same_configuration_can_be_saved_multiple_times PASSED [ 76%]
2026-01-29T19:54:31.7156858Z tests/test_persistence_diagnostics.py::TestSaveSingleWarning::test_save_single_warning_returns_count PASSED [ 76%]
2026-01-29T19:54:31.7727550Z tests/test_persistence_diagnostics.py::TestSaveSingleWarning::test_save_warning_with_complete_information PASSED [ 77%]
2026-01-29T19:54:31.8304900Z tests/test_persistence_diagnostics.py::TestSaveSingleWarning::test_save_warning_with_build_id_association PASSED [ 77%]
2026-01-29T19:54:31.8938690Z tests/test_persistence_diagnostics.py::TestSaveMultipleWarnings::test_save_multiple_warnings_bulk_insert PASSED [ 77%]
2026-01-29T19:54:31.9750993Z tests/test_persistence_diagnostics.py::TestSaveMultipleWarnings::test_save_large_warning_list PASSED [ 77%]
2026-01-29T19:54:32.0438691Z tests/test_persistence_diagnostics.py::TestSaveMultipleWarnings::test_save_warnings_preserves_order PASSED [ 77%]
2026-01-29T19:54:32.1127466Z tests/test_persistence_diagnostics.py::TestSaveWarningsWithPartialInformation::test_save_warning_with_missing_warning_type PASSED [ 77%]
2026-01-29T19:54:32.1826930Z tests/test_persistence_diagnostics.py::TestSaveWarningsWithPartialInformation::test_save_warning_with_long_message PASSED [ 77%]
2026-01-29T19:54:32.2429281Z tests/test_persistence_diagnostics.py::TestSaveErrors::test_save_single_error PASSED [ 78%]
2026-01-29T19:54:32.3010181Z tests/test_persistence_diagnostics.py::TestSaveErrors::test_save_error_with_complete_information PASSED [ 78%]
2026-01-29T19:54:32.3630003Z tests/test_persistence_diagnostics.py::TestSaveErrors::test_save_multiple_errors PASSED [ 78%]
2026-01-29T19:54:32.4194264Z tests/test_persistence_diagnostics.py::TestSaveErrors::test_save_error_with_missing_optional_fields PASSED [ 78%]
2026-01-29T19:54:32.4768968Z tests/test_persistence_diagnostics.py::TestForeignKeyRelationships::test_warnings_reference_valid_build PASSED [ 78%]
2026-01-29T19:54:32.5338368Z tests/test_persistence_diagnostics.py::TestForeignKeyRelationships::test_warnings_invalid_build_id_raises_error PASSED [ 78%]
2026-01-29T19:54:32.5960014Z tests/test_persistence_diagnostics.py::TestForeignKeyRelationships::test_errors_reference_valid_build PASSED [ 78%]
2026-01-29T19:54:32.6552673Z tests/test_persistence_diagnostics.py::TestForeignKeyRelationships::test_errors_invalid_build_id_raises_error PASSED [ 79%]
2026-01-29T19:54:32.7257162Z tests/test_persistence_diagnostics.py::TestCascadeDelete::test_warnings_cascade_delete PASSED [ 79%]
2026-01-29T19:54:32.7984813Z tests/test_persistence_diagnostics.py::TestCascadeDelete::test_errors_cascade_delete PASSED [ 79%]
2026-01-29T19:54:32.8563391Z tests/test_persistence_diagnostics.py::TestTransactionHandling::test_warnings_transaction_rollback_on_error PASSED [ 79%]
2026-01-29T19:54:32.9300688Z tests/test_persistence_diagnostics.py::TestTransactionHandling::test_errors_transaction_commit_on_success PASSED [ 79%]
2026-01-29T19:54:32.9995214Z tests/test_persistence_diagnostics.py::TestEmptyDiagnosticLists::test_save_empty_warnings_list PASSED [ 79%]
2026-01-29T19:54:33.1215505Z tests/test_persistence_diagnostics.py::TestEmptyDiagnosticLists::test_save_empty_errors_list PASSED [ 79%]
2026-01-29T19:54:33.1942610Z tests/test_persistence_diagnostics.py::TestMultipleBuildsDiagnostics::test_warnings_for_different_builds PASSED [ 79%]
2026-01-29T19:54:33.2719073Z tests/test_persistence_diagnostics.py::TestMultipleBuildsDiagnostics::test_errors_for_different_builds PASSED [ 80%]
2026-01-29T19:54:33.3435215Z tests/test_persistence_init.py::TestDatabaseCreation::test_database_creation_in_default_location PASSED [ 80%]
2026-01-29T19:54:33.4095769Z tests/test_persistence_init.py::TestDatabaseCreation::test_database_creation_in_custom_location PASSED [ 80%]
2026-01-29T19:54:33.4855426Z tests/test_persistence_init.py::TestDatabaseCreation::test_database_creation_with_nonexistent_parent_directory PASSED [ 80%]
2026-01-29T19:54:33.5503727Z tests/test_persistence_init.py::TestDatabaseCreation::test_database_file_is_valid_sqlite PASSED [ 80%]
2026-01-29T19:54:33.6199873Z tests/test_persistence_init.py::TestSchemaInitialization::test_schema_created_on_first_initialization PASSED [ 80%]
2026-01-29T19:54:33.6951478Z tests/test_persistence_init.py::TestSchemaInitialization::test_idempotent_initialization_multiple_calls PASSED [ 80%]
2026-01-29T19:54:33.7653830Z tests/test_persistence_init.py::TestSchemaInitialization::test_schema_not_recreated_on_subsequent_runs PASSED [ 81%]
2026-01-29T19:54:33.8388174Z tests/test_persistence_init.py::TestSchemaInitialization::test_foreign_keys_enabled_on_initialization PASSED [ 81%]
2026-01-29T19:54:33.9052440Z tests/test_persistence_init.py::TestConnectionManagement::test_connection_established_on_initialization PASSED [ 81%]
2026-01-29T19:54:34.0042581Z tests/test_persistence_init.py::TestConnectionManagement::test_connection_is_reusable PASSED [ 81%]
2026-01-29T19:54:34.0778457Z tests/test_persistence_init.py::TestConnectionManagement::test_close_connection_explicitly PASSED [ 81%]
2026-01-29T19:54:34.1455487Z tests/test_persistence_init.py::TestConnectionManagement::test_context_manager_closes_connection PASSED [ 81%]
2026-01-29T19:54:34.2131012Z tests/test_persistence_init.py::TestConnectionManagement::test_multiple_instances_can_access_same_database PASSED [ 81%]
2026-01-29T19:54:34.2794540Z tests/test_persistence_init.py::TestSchemaVersionTracking::test_schema_version_table_exists PASSED [ 82%]
2026-01-29T19:54:34.3530066Z tests/test_persistence_init.py::TestSchemaVersionTracking::test_initial_schema_version_recorded PASSED [ 82%]
2026-01-29T19:54:34.4443967Z tests/test_persistence_init.py::TestSchemaVersionTracking::test_get_schema_version_method PASSED [ 82%]
2026-01-29T19:54:34.5138108Z tests/test_persistence_init.py::TestSchemaVersionTracking::test_schema_version_persists_across_instances PASSED [ 82%]
2026-01-29T19:54:34.5789516Z tests/test_persistence_init.py::TestSchemaVersionTracking::test_schema_version_has_timestamp PASSED [ 82%]
2026-01-29T19:54:34.5826677Z tests/test_persistence_init.py::TestErrorHandling::test_invalid_database_path_raises_error SKIPPED [ 82%]
2026-01-29T19:54:34.6473352Z tests/test_persistence_init.py::TestErrorHandling::test_database_with_wrong_permissions PASSED [ 82%]
2026-01-29T19:54:34.6517893Z tests/test_persistence_init.py::TestErrorHandling::test_corrupted_database_handling PASSED [ 82%]
2026-01-29T19:54:34.7259277Z tests/test_persistence_init.py::TestConcurrentAccess::test_concurrent_read_access PASSED [ 83%]
2026-01-29T19:54:34.7935652Z tests/test_persistence_init.py::TestConcurrentAccess::test_write_transaction_isolation PASSED [ 83%]
2026-01-29T19:54:34.8575813Z tests/test_persistence_init.py::TestDatabaseProperties::test_wal_mode_enabled PASSED [ 83%]
2026-01-29T19:54:34.9276477Z tests/test_persistence_init.py::TestDatabaseProperties::test_synchronous_mode_configured PASSED [ 83%]
2026-01-29T19:54:34.9936087Z tests/test_persistence_init.py::TestDatabaseProperties::test_database_encoding_is_utf8 PASSED [ 83%]
2026-01-29T19:54:35.0581670Z tests/test_persistence_queries.py::TestGetRecentBuildsBasic::test_get_recent_builds_returns_empty_list_when_no_builds PASSED [ 83%]
2026-01-29T19:54:35.1157877Z tests/test_persistence_queries.py::TestGetRecentBuildsBasic::test_get_recent_builds_returns_single_build PASSED [ 83%]
2026-01-29T19:54:35.1821909Z tests/test_persistence_queries.py::TestGetRecentBuildsBasic::test_get_recent_builds_returns_multiple_builds PASSED [ 84%]
2026-01-29T19:54:35.2357798Z tests/test_persistence_queries.py::TestGetRecentBuildsOrdering::test_get_recent_builds_ordered_by_timestamp_newest_first PASSED [ 84%]
2026-01-29T19:54:35.3143085Z tests/test_persistence_queries.py::TestGetRecentBuildsLimit::test_get_recent_builds_with_default_limit PASSED [ 84%]
2026-01-29T19:54:35.3961881Z tests/test_persistence_queries.py::TestGetRecentBuildsLimit::test_get_recent_builds_with_custom_limit PASSED [ 84%]
2026-01-29T19:54:35.4563726Z tests/test_persistence_queries.py::TestGetRecentBuildsLimit::test_get_recent_builds_limit_larger_than_available PASSED [ 84%]
2026-01-29T19:54:35.5206835Z tests/test_persistence_queries.py::TestGetRecentBuildsFiltering::test_get_recent_builds_filter_by_project_name PASSED [ 84%]
2026-01-29T19:54:35.5795583Z tests/test_persistence_queries.py::TestGetRecentBuildsFiltering::test_get_recent_builds_filter_returns_empty_when_no_match PASSED [ 84%]
2026-01-29T19:54:35.6610297Z tests/test_persistence_queries.py::TestGetRecentBuildsFiltering::test_get_recent_builds_filter_respects_limit PASSED [ 84%]
2026-01-29T19:54:35.7434741Z tests/test_persistence_queries.py::TestGetRecentBuildsReturnedFields::test_get_recent_builds_includes_all_required_fields PASSED [ 85%]
2026-01-29T19:54:35.8390476Z tests/test_persistence_queries.py::TestGetRecentBuildsReturnedFields::test_get_recent_builds_includes_timestamp_as_string PASSED [ 85%]
2026-01-29T19:54:35.8950302Z tests/test_persistence_queries.py::TestGetBuildStatisticsBasic::test_get_build_statistics_returns_empty_stats_when_no_builds PASSED [ 85%]
2026-01-29T19:54:35.9606774Z tests/test_persistence_queries.py::TestGetBuildStatisticsBasic::test_get_build_statistics_single_successful_build PASSED [ 85%]
2026-01-29T19:54:36.0301262Z tests/test_persistence_queries.py::TestGetBuildStatisticsBasic::test_get_build_statistics_single_failed_build PASSED [ 85%]
2026-01-29T19:54:36.0957754Z tests/test_persistence_queries.py::TestGetBuildStatisticsCalculations::test_get_build_statistics_multiple_builds PASSED [ 85%]
2026-01-29T19:54:36.1571039Z tests/test_persistence_queries.py::TestGetBuildStatisticsCalculations::test_get_build_statistics_success_rate_precision PASSED [ 85%]
2026-01-29T19:54:36.2177870Z tests/test_persistence_queries.py::TestGetBuildStatisticsCalculations::test_get_build_statistics_average_duration_precision PASSED [ 86%]
2026-01-29T19:54:36.2943289Z tests/test_persistence_queries.py::TestGetBuildStatisticsFiltering::test_get_build_statistics_filter_by_project_name PASSED [ 86%]
2026-01-29T19:54:36.3610282Z tests/test_persistence_queries.py::TestGetBuildStatisticsFiltering::test_get_build_statistics_filter_returns_empty_when_no_match PASSED [ 86%]
2026-01-29T19:54:36.4223434Z tests/test_persistence_queries.py::TestGetBuildStatisticsEdgeCases::test_get_build_statistics_with_zero_duration_builds PASSED [ 86%]
2026-01-29T19:54:36.4864271Z tests/test_persistence_queries.py::TestGetBuildStatisticsEdgeCases::test_get_build_statistics_with_large_numbers PASSED [ 86%]
2026-01-29T19:54:36.6495538Z tests/test_persistence_queries.py::TestQueryPerformance::test_get_recent_builds_performance_with_many_builds PASSED [ 86%]
2026-01-29T19:54:36.7976486Z tests/test_persistence_queries.py::TestQueryPerformance::test_get_build_statistics_performance_with_many_builds PASSED [ 86%]
2026-01-29T19:54:36.7994540Z tests/test_project_detection.py::TestSimpleProjectDetection::test_simple_project_call PASSED [ 87%]
2026-01-29T19:54:36.8011446Z tests/test_project_detection.py::TestSimpleProjectDetection::test_project_with_language PASSED [ 87%]
2026-01-29T19:54:36.8027692Z tests/test_project_detection.py::TestSimpleProjectDetection::test_project_with_version PASSED [ 87%]
2026-01-29T19:54:36.8044200Z tests/test_project_detection.py::TestSimpleProjectDetection::test_project_with_languages_keyword PASSED [ 87%]
2026-01-29T19:54:36.8059987Z tests/test_project_detection.py::TestSimpleProjectDetection::test_project_with_all_options PASSED [ 87%]
2026-01-29T19:54:36.8076159Z tests/test_project_detection.py::TestMultilineProjectDetection::test_multiline_project_call PASSED [ 87%]
2026-01-29T19:54:36.8092599Z tests/test_project_detection.py::TestProjectWithComments::test_project_with_comments PASSED [ 87%]
2026-01-29T19:54:36.8109039Z tests/test_project_detection.py::TestNestedProjects::test_nested_project_calls_use_outermost PASSED [ 87%]
2026-01-29T19:54:36.8125455Z tests/test_project_detection.py::TestProjectWithSpecialCharacters::test_project_with_spaces_in_quotes PASSED [ 88%]
2026-01-29T19:54:36.8141336Z tests/test_project_detection.py::TestCaseInsensitivity::test_lowercase_project_command PASSED [ 88%]
2026-01-29T19:54:36.8156139Z tests/test_project_detection.py::TestErrorCases::test_file_not_found PASSED [ 88%]
2026-01-29T19:54:36.8176223Z tests/test_project_detection.py::TestErrorCases::test_no_project_call PASSED [ 88%]
2026-01-29T19:54:36.8200489Z tests/test_project_detection.py::TestErrorCases::test_with_actual_cmakelists_filename PASSED [ 88%]
2026-01-29T19:54:36.8215832Z tests/test_project_detection.py::TestPathHandling::test_with_string_path PASSED [ 88%]
2026-01-29T19:54:36.8232453Z tests/test_project_detection.py::TestPathHandling::test_with_path_object PASSED [ 88%]
2026-01-29T19:54:36.8256014Z tests/test_project_detection.py::TestFileEncodingHandling::test_with_invalid_encoding PASSED [ 89%]
2026-01-29T19:54:36.8275166Z tests/test_project_structure.py::test_all_required_directories_exist PASSED [ 89%]
2026-01-29T19:54:36.8295044Z tests/test_project_structure.py::test_all_init_files_present PASSED      [ 89%]
2026-01-29T19:54:36.8308923Z tests/test_project_structure.py::test_all_modules_can_be_imported PASSED [ 89%]
2026-01-29T19:54:36.8323806Z tests/test_project_structure.py::test_pytest_discovers_tests_directory PASSED [ 89%]
2026-01-29T19:54:36.8340338Z tests/test_project_structure.py::test_main_entry_point_exists PASSED     [ 89%]
2026-01-29T19:54:36.8363308Z tests/test_project_structure.py::test_required_placeholder_files_exist PASSED [ 89%]
2026-01-29T19:54:36.8380303Z tests/test_project_structure.py::test_fixtures_directory_exists PASSED   [ 89%]
2026-01-29T19:54:36.8394222Z tests/test_target_extraction.py::TestNinjaTargetExtraction::test_extract_simple_ninja_target PASSED [ 90%]
2026-01-29T19:54:36.8408113Z tests/test_target_extraction.py::TestNinjaTargetExtraction::test_extract_ninja_library_target PASSED [ 90%]
2026-01-29T19:54:36.8422070Z tests/test_target_extraction.py::TestNinjaTargetExtraction::test_extract_ninja_shared_library PASSED [ 90%]
2026-01-29T19:54:36.8435632Z tests/test_target_extraction.py::TestNinjaTargetExtraction::test_extract_multiple_ninja_targets PASSED [ 90%]
2026-01-29T19:54:36.8449750Z tests/test_target_extraction.py::TestNinjaTargetExtraction::test_extract_ninja_with_completion_percentage PASSED [ 90%]
2026-01-29T19:54:36.8464084Z tests/test_target_extraction.py::TestMakeTargetExtraction::test_extract_simple_make_target PASSED [ 90%]
2026-01-29T19:54:36.8479715Z tests/test_target_extraction.py::TestMakeTargetExtraction::test_extract_make_library_target PASSED [ 90%]
2026-01-29T19:54:36.8494445Z tests/test_target_extraction.py::TestMakeTargetExtraction::test_extract_make_shared_library PASSED [ 91%]
2026-01-29T19:54:36.8509287Z tests/test_target_extraction.py::TestMakeTargetExtraction::test_extract_multiple_make_targets PASSED [ 91%]
2026-01-29T19:54:36.8523577Z tests/test_target_extraction.py::TestMSVCTargetExtraction::test_extract_simple_msvc_target PASSED [ 91%]
2026-01-29T19:54:36.8537243Z tests/test_target_extraction.py::TestMSVCTargetExtraction::test_extract_msvc_library_target PASSED [ 91%]
2026-01-29T19:54:36.8551380Z tests/test_target_extraction.py::TestMSVCTargetExtraction::test_extract_msvc_dll_target PASSED [ 91%]
2026-01-29T19:54:36.8566174Z tests/test_target_extraction.py::TestMSVCTargetExtraction::test_extract_multiple_msvc_targets PASSED [ 91%]
2026-01-29T19:54:36.8579940Z tests/test_target_extraction.py::TestTargetTypeDetection::test_detect_executable_from_extension PASSED [ 91%]
2026-01-29T19:54:36.8593610Z tests/test_target_extraction.py::TestTargetTypeDetection::test_detect_executable_exe_extension PASSED [ 92%]
2026-01-29T19:54:36.8607558Z tests/test_target_extraction.py::TestTargetTypeDetection::test_detect_static_library_from_extension PASSED [ 92%]
2026-01-29T19:54:36.8621856Z tests/test_target_extraction.py::TestTargetTypeDetection::test_detect_static_library_lib_extension PASSED [ 92%]
2026-01-29T19:54:36.8637163Z tests/test_target_extraction.py::TestTargetTypeDetection::test_detect_shared_library_so_extension PASSED [ 92%]
2026-01-29T19:54:36.8652203Z tests/test_target_extraction.py::TestTargetTypeDetection::test_detect_shared_library_dll_extension PASSED [ 92%]
2026-01-29T19:54:36.8666258Z tests/test_target_extraction.py::TestTargetTypeDetection::test_detect_shared_library_dylib_extension PASSED [ 92%]
2026-01-29T19:54:36.8680003Z tests/test_target_extraction.py::TestBuildProgressTracking::test_extract_ninja_progress_steps PASSED [ 92%]
2026-01-29T19:54:36.8694252Z tests/test_target_extraction.py::TestBuildProgressTracking::test_extract_make_percentage_progress PASSED [ 92%]
2026-01-29T19:54:36.8708250Z tests/test_target_extraction.py::TestBuildProgressTracking::test_track_compilation_count PASSED [ 93%]
2026-01-29T19:54:36.8722022Z tests/test_target_extraction.py::TestBuildOrderDetection::test_detect_build_order_from_sequence PASSED [ 93%]
2026-01-29T19:54:36.8736812Z tests/test_target_extraction.py::TestBuildOrderDetection::test_detect_dependency_order PASSED [ 93%]
2026-01-29T19:54:36.8750761Z tests/test_target_extraction.py::TestParallelBuildOutput::test_extract_from_parallel_ninja_output PASSED [ 93%]
2026-01-29T19:54:36.8766055Z tests/test_target_extraction.py::TestParallelBuildOutput::test_handle_interleaved_make_output PASSED [ 93%]
2026-01-29T19:54:36.8780774Z tests/test_target_extraction.py::TestParallelBuildOutput::test_handle_scrambled_ninja_output PASSED [ 93%]
2026-01-29T19:54:36.8795911Z tests/test_target_extraction.py::TestEmptyAndInvalidOutput::test_extract_from_empty_output PASSED [ 93%]
2026-01-29T19:54:36.8810465Z tests/test_target_extraction.py::TestEmptyAndInvalidOutput::test_extract_from_output_without_targets PASSED [ 94%]
2026-01-29T19:54:36.8824481Z tests/test_target_extraction.py::TestEmptyAndInvalidOutput::test_extract_from_clean_output PASSED [ 94%]
2026-01-29T19:54:36.8838906Z tests/test_target_extraction.py::TestEdgeCases::test_target_with_spaces_in_path PASSED [ 94%]
2026-01-29T19:54:36.8853025Z tests/test_target_extraction.py::TestEdgeCases::test_target_with_special_characters PASSED [ 94%]
2026-01-29T19:54:36.8955223Z tests/test_target_extraction.py::TestEdgeCases::test_very_long_build_output PASSED [ 94%]
2026-01-29T19:54:36.8969583Z tests/test_target_extraction.py::TestEdgeCases::test_target_with_unicode_characters PASSED [ 94%]
2026-01-29T19:54:36.8983734Z tests/test_warning_error_extraction.py::TestGCCWarningExtraction::test_extract_simple_gcc_warning PASSED [ 94%]
2026-01-29T19:54:36.8997911Z tests/test_warning_error_extraction.py::TestGCCWarningExtraction::test_extract_gcc_warning_with_full_path PASSED [ 94%]
2026-01-29T19:54:36.9011406Z tests/test_warning_error_extraction.py::TestGCCWarningExtraction::test_extract_multiple_gcc_warnings PASSED [ 95%]
2026-01-29T19:54:36.9025293Z tests/test_warning_error_extraction.py::TestGCCWarningExtraction::test_extract_gcc_warning_without_column PASSED [ 95%]
2026-01-29T19:54:36.9039207Z tests/test_warning_error_extraction.py::TestGCCWarningExtraction::test_extract_gcc_multiline_warning PASSED [ 95%]
2026-01-29T19:54:36.9052394Z tests/test_warning_error_extraction.py::TestClangWarningExtraction::test_extract_simple_clang_warning PASSED [ 95%]
2026-01-29T19:54:36.9065919Z tests/test_warning_error_extraction.py::TestClangWarningExtraction::test_extract_clang_warning_with_note PASSED [ 95%]
2026-01-29T19:54:36.9079799Z tests/test_warning_error_extraction.py::TestClangWarningExtraction::test_extract_clang_warning_with_fixit PASSED [ 95%]
2026-01-29T19:54:36.9093237Z tests/test_warning_error_extraction.py::TestMSVCWarningExtraction::test_extract_simple_msvc_warning PASSED [ 95%]
2026-01-29T19:54:36.9106370Z tests/test_warning_error_extraction.py::TestMSVCWarningExtraction::test_extract_msvc_warning_with_column PASSED [ 96%]
2026-01-29T19:54:36.9122654Z tests/test_warning_error_extraction.py::TestMSVCWarningExtraction::test_extract_msvc_warning_with_full_path PASSED [ 96%]
2026-01-29T19:54:36.9137055Z tests/test_warning_error_extraction.py::TestMSVCWarningExtraction::test_extract_multiple_msvc_warnings PASSED [ 96%]
2026-01-29T19:54:36.9150678Z tests/test_warning_error_extraction.py::TestGCCErrorExtraction::test_extract_simple_gcc_error PASSED [ 96%]
2026-01-29T19:54:36.9163960Z tests/test_warning_error_extraction.py::TestGCCErrorExtraction::test_extract_gcc_fatal_error PASSED [ 96%]
2026-01-29T19:54:36.9177779Z tests/test_warning_error_extraction.py::TestGCCErrorExtraction::test_extract_multiple_gcc_errors PASSED [ 96%]
2026-01-29T19:54:36.9191512Z tests/test_warning_error_extraction.py::TestClangErrorExtraction::test_extract_simple_clang_error PASSED [ 96%]
2026-01-29T19:54:36.9204953Z tests/test_warning_error_extraction.py::TestClangErrorExtraction::test_extract_clang_error_with_multiline PASSED [ 97%]
2026-01-29T19:54:36.9222574Z tests/test_warning_error_extraction.py::TestMSVCErrorExtraction::test_extract_simple_msvc_error PASSED [ 97%]
2026-01-29T19:54:36.9237807Z tests/test_warning_error_extraction.py::TestMSVCErrorExtraction::test_extract_msvc_error_with_column PASSED [ 97%]
2026-01-29T19:54:36.9251458Z tests/test_warning_error_extraction.py::TestMSVCErrorExtraction::test_extract_msvc_fatal_error PASSED [ 97%]
2026-01-29T19:54:36.9265316Z tests/test_warning_error_extraction.py::TestWarningWithoutFileInfo::test_extract_warning_without_file_info PASSED [ 97%]
2026-01-29T19:54:36.9282402Z tests/test_warning_error_extraction.py::TestWarningWithoutFileInfo::test_extract_linker_warning PASSED [ 97%]
2026-01-29T19:54:36.9296692Z tests/test_warning_error_extraction.py::TestColoredOutputHandling::test_extract_warning_with_ansi_colors PASSED [ 97%]
2026-01-29T19:54:36.9309894Z tests/test_warning_error_extraction.py::TestColoredOutputHandling::test_extract_error_with_ansi_colors PASSED [ 97%]
2026-01-29T19:54:36.9323507Z tests/test_warning_error_extraction.py::TestWarningCounting::test_count_warnings PASSED [ 98%]
2026-01-29T19:54:36.9337667Z tests/test_warning_error_extraction.py::TestWarningCounting::test_count_by_type PASSED [ 98%]
2026-01-29T19:54:36.9351481Z tests/test_warning_error_extraction.py::TestWarningDeduplication::test_deduplicate_identical_warnings PASSED [ 98%]
2026-01-29T19:54:36.9364890Z tests/test_warning_error_extraction.py::TestWarningDeduplication::test_no_deduplication_when_disabled PASSED [ 98%]
2026-01-29T19:54:36.9378649Z tests/test_warning_error_extraction.py::TestWarningDeduplication::test_deduplicate_by_file_line_message PASSED [ 98%]
2026-01-29T19:54:36.9392735Z tests/test_warning_error_extraction.py::TestMixedWarningsAndErrors::test_extract_warnings_ignores_errors PASSED [ 98%]
2026-01-29T19:54:36.9406293Z tests/test_warning_error_extraction.py::TestMixedWarningsAndErrors::test_extract_errors_ignores_warnings PASSED [ 98%]
2026-01-29T19:54:36.9420099Z tests/test_warning_error_extraction.py::TestEmptyAndInvalidOutput::test_extract_warnings_from_empty_output PASSED [ 99%]
2026-01-29T19:54:36.9440659Z tests/test_warning_error_extraction.py::TestEmptyAndInvalidOutput::test_extract_errors_from_empty_output PASSED [ 99%]
2026-01-29T19:54:36.9454752Z tests/test_warning_error_extraction.py::TestEmptyAndInvalidOutput::test_extract_from_output_without_warnings PASSED [ 99%]
2026-01-29T19:54:36.9468150Z tests/test_warning_error_extraction.py::TestEmptyAndInvalidOutput::test_extract_from_output_without_errors PASSED [ 99%]
2026-01-29T19:54:36.9481907Z tests/test_warning_error_extraction.py::TestEdgeCases::test_warning_with_special_characters_in_filename PASSED [ 99%]
2026-01-29T19:54:36.9495481Z tests/test_warning_error_extraction.py::TestEdgeCases::test_warning_with_spaces_in_windows_path PASSED [ 99%]
2026-01-29T19:54:36.9508826Z tests/test_warning_error_extraction.py::TestEdgeCases::test_very_long_warning_message PASSED [ 99%]
2026-01-29T19:54:37.8736010Z tests/test_warning_error_extraction.py::TestEdgeCases::test_warning_with_unicode_characters PASSED [100%]
2026-01-29T19:54:37.8736889Z 
2026-01-29T19:54:37.8737077Z =============================== tests coverage ================================
2026-01-29T19:54:37.8737673Z _______________ coverage: platform win32, python 3.9.13-final-0 _______________
2026-01-29T19:54:37.8738085Z 
2026-01-29T19:54:37.8738252Z Name                           Stmts   Miss   Cover   Missing
2026-01-29T19:54:37.8738698Z -------------------------------------------------------------
2026-01-29T19:54:37.8739140Z __init__.py                        2      0 100.00%
2026-01-29T19:54:37.8739558Z cli\__init__.py                    0      0 100.00%
2026-01-29T19:54:37.8739989Z cli\argument_errors.py            45      0 100.00%
2026-01-29T19:54:37.8740455Z cli\argument_parser.py            51      2  96.08%   135, 141
2026-01-29T19:54:37.8740978Z cli\argument_validator.py         47      2  95.74%   171-172
2026-01-29T19:54:37.8741433Z cmake\__init__.py                  0      0 100.00%
2026-01-29T19:54:37.8741878Z cmake\executor.py                120      2  98.33%   41, 45
2026-01-29T19:54:37.8742353Z cmake\parameter_manager.py       100      1  99.00%   179
2026-01-29T19:54:37.8742800Z inspector\__init__.py              0      0 100.00%
2026-01-29T19:54:37.8743335Z inspector\build_inspector.py     250     19  92.40%   526, 591, 664-676, 688-697
2026-01-29T19:54:37.8743879Z models\__init__.py                 4      0 100.00%
2026-01-29T19:54:37.8744323Z models\arguments.py               34      2  94.12%   48, 85
2026-01-29T19:54:37.8745429Z models\metadata.py                72      0 100.00%
2026-01-29T19:54:37.8746000Z models\records.py                  0      0 100.00%
2026-01-29T19:54:37.8746399Z models\results.py                 47      0 100.00%
2026-01-29T19:54:37.8746797Z storage\__init__.py                2      0 100.00%
2026-01-29T19:54:37.8747322Z storage\data_persistence.py      134      8  94.03%   147, 223-225, 490-491, 567-568
2026-01-29T19:54:37.8747873Z storage\persistence.py            35      0 100.00%
2026-01-29T19:54:37.8748275Z storage\query.py                   0      0 100.00%
2026-01-29T19:54:37.8748659Z utils\__init__.py                  0      0 100.00%
2026-01-29T19:54:37.8749141Z utils\formatting.py              119      8  93.28%   53, 135, 186-189, 223-224
2026-01-29T19:54:37.8749632Z utils\logging.py                   0      0 100.00%
2026-01-29T19:54:37.8750060Z utils\logging_config.py           51      1  98.04%   45
2026-01-29T19:54:37.8750478Z utils\paths.py                     0      0 100.00%
2026-01-29T19:54:37.8750903Z -------------------------------------------------------------
2026-01-29T19:54:37.8751305Z TOTAL                           1113     45  95.96%
2026-01-29T19:54:37.8751673Z Coverage HTML written to dir htmlcov
2026-01-29T19:54:37.8752031Z Coverage XML written to file coverage.xml
2026-01-29T19:54:37.8752488Z Required test coverage of 90.0% reached. Total coverage: 95.96%
2026-01-29T19:54:37.8753042Z ================= 736 passed, 3 skipped in 100.88s (0:01:40) ==================
2026-01-29T19:54:38.0382688Z Post job cleanup.
2026-01-29T19:54:38.2746822Z Post job cleanup.
2026-01-29T19:54:38.5115007Z [command]"C:\Program Files\Git\bin\git.exe" version
2026-01-29T19:54:38.5457495Z git version 2.52.0.windows.1
2026-01-29T19:54:38.5552875Z Temporarily overriding HOME='D:\a\_temp\bc442091-f2f0-4a9e-b658-a62772a586da' before making global git config changes
2026-01-29T19:54:38.5554097Z Adding repository directory to the temporary git global config as a safe directory
2026-01-29T19:54:38.5566100Z [command]"C:\Program Files\Git\bin\git.exe" config --global --add safe.directory D:\a\argos\argos
2026-01-29T19:54:38.5935776Z [command]"C:\Program Files\Git\bin\git.exe" config --local --name-only --get-regexp core\.sshCommand
2026-01-29T19:54:38.6272385Z [command]"C:\Program Files\Git\bin\git.exe" submodule foreach --recursive "sh -c \"git config --local --name-only --get-regexp 'core\.sshCommand' && git config --local --unset-all 'core.sshCommand' || :\""
2026-01-29T19:54:39.1781238Z [command]"C:\Program Files\Git\bin\git.exe" config --local --name-only --get-regexp http\.https\:\/\/github\.com\/\.extraheader
2026-01-29T19:54:39.2044609Z http.https://github.com/.extraheader
2026-01-29T19:54:39.2090837Z [command]"C:\Program Files\Git\bin\git.exe" config --local --unset-all http.https://github.com/.extraheader
2026-01-29T19:54:39.2385753Z [command]"C:\Program Files\Git\bin\git.exe" submodule foreach --recursive "sh -c \"git config --local --name-only --get-regexp 'http\.https\:\/\/github\.com\/\.extraheader' && git config --local --unset-all 'http.https://github.com/.extraheader' || :\""
2026-01-29T19:54:39.7642682Z [command]"C:\Program Files\Git\bin\git.exe" config --local --name-only --get-regexp ^includeIf\.gitdir:
2026-01-29T19:54:39.7936868Z [command]"C:\Program Files\Git\bin\git.exe" submodule foreach --recursive "git config --local --show-origin --name-only --get-regexp remote.origin.url"
2026-01-29T19:54:40.3072824Z Cleaning up orphan processes
2026-01-29T19:54:40.3322826Z Terminate orphan process: pid (7004) (vctip)
