2026-01-30T14:50:15.2624680Z Current runner version: '2.331.0'
2026-01-30T14:50:15.2658514Z ##[group]Runner Image Provisioner
2026-01-30T14:50:15.2659846Z Hosted Compute Agent
2026-01-30T14:50:15.2660822Z Version: 20260123.484
2026-01-30T14:50:15.2661983Z Commit: 6bd6555ca37d84114959e1c76d2c01448ff61c5d
2026-01-30T14:50:15.2663171Z Build Date: 2026-01-23T19:41:17Z
2026-01-30T14:50:15.2664313Z Worker ID: {224d45df-61c0-4db6-8f44-b891eb09c3d8}
2026-01-30T14:50:15.2665599Z Azure Region: eastus2
2026-01-30T14:50:15.2666517Z ##[endgroup]
2026-01-30T14:50:15.2668865Z ##[group]Operating System
2026-01-30T14:50:15.2669872Z Ubuntu
2026-01-30T14:50:15.2670581Z 24.04.3
2026-01-30T14:50:15.2671320Z LTS
2026-01-30T14:50:15.2672220Z ##[endgroup]
2026-01-30T14:50:15.2672978Z ##[group]Runner Image
2026-01-30T14:50:15.2673825Z Image: ubuntu-24.04
2026-01-30T14:50:15.2674667Z Version: 20260126.10.1
2026-01-30T14:50:15.2676660Z Included Software: https://github.com/actions/runner-images/blob/ubuntu24/20260126.10/images/ubuntu/Ubuntu2404-Readme.md
2026-01-30T14:50:15.2679442Z Image Release: https://github.com/actions/runner-images/releases/tag/ubuntu24%2F20260126.10
2026-01-30T14:50:15.2680961Z ##[endgroup]
2026-01-30T14:50:15.2682804Z ##[group]GITHUB_TOKEN Permissions
2026-01-30T14:50:15.2685522Z Contents: read
2026-01-30T14:50:15.2686409Z Metadata: read
2026-01-30T14:50:15.2687591Z Packages: read
2026-01-30T14:50:15.2688442Z ##[endgroup]
2026-01-30T14:50:15.2691624Z Secret source: Actions
2026-01-30T14:50:15.2692929Z Prepare workflow directory
2026-01-30T14:50:15.3163943Z Prepare all required actions
2026-01-30T14:50:15.3221352Z Getting action download info
2026-01-30T14:50:15.5756942Z Download action repository 'actions/checkout@v4' (SHA:34e114876b0b11c390a56381ad16ebd13914f8d5)
2026-01-30T14:50:15.6672264Z Download action repository 'actions/setup-python@v5' (SHA:a26af69be951a213d495a4c3e4e4022e16d87065)
2026-01-30T14:50:15.7519030Z Download action repository 'codecov/codecov-action@v4' (SHA:b9fd7d16f6d7d1b5d2bec1a2887e65ceed900238)
2026-01-30T14:50:16.1111829Z Complete job name: test (ubuntu-latest, 3.12)
2026-01-30T14:50:16.1713551Z ##[group]Run actions/checkout@v4
2026-01-30T14:50:16.1714370Z with:
2026-01-30T14:50:16.1714761Z   repository: lmvcruz/argos
2026-01-30T14:50:16.1715372Z   token: ***
2026-01-30T14:50:16.1715745Z   ssh-strict: true
2026-01-30T14:50:16.1716120Z   ssh-user: git
2026-01-30T14:50:16.1716513Z   persist-credentials: true
2026-01-30T14:50:16.1716962Z   clean: true
2026-01-30T14:50:16.1717547Z   sparse-checkout-cone-mode: true
2026-01-30T14:50:16.1718035Z   fetch-depth: 1
2026-01-30T14:50:16.1718426Z   fetch-tags: false
2026-01-30T14:50:16.1718821Z   show-progress: true
2026-01-30T14:50:16.1719225Z   lfs: false
2026-01-30T14:50:16.1719591Z   submodules: false
2026-01-30T14:50:16.1719983Z   set-safe-directory: true
2026-01-30T14:50:16.1720714Z ##[endgroup]
2026-01-30T14:50:16.2825821Z Syncing repository: lmvcruz/argos
2026-01-30T14:50:16.2828710Z ##[group]Getting Git version info
2026-01-30T14:50:16.2830179Z Working directory is '/home/runner/work/argos/argos'
2026-01-30T14:50:16.2831877Z [command]/usr/bin/git version
2026-01-30T14:50:16.2881797Z git version 2.52.0
2026-01-30T14:50:16.2908723Z ##[endgroup]
2026-01-30T14:50:16.2925411Z Temporarily overriding HOME='/home/runner/work/_temp/c785b411-0322-41e1-b70c-bf55059c8e73' before making global git config changes
2026-01-30T14:50:16.2928063Z Adding repository directory to the temporary git global config as a safe directory
2026-01-30T14:50:16.2939557Z [command]/usr/bin/git config --global --add safe.directory /home/runner/work/argos/argos
2026-01-30T14:50:16.2979574Z Deleting the contents of '/home/runner/work/argos/argos'
2026-01-30T14:50:16.2983483Z ##[group]Initializing the repository
2026-01-30T14:50:16.2987512Z [command]/usr/bin/git init /home/runner/work/argos/argos
2026-01-30T14:50:16.3111129Z hint: Using 'master' as the name for the initial branch. This default branch name
2026-01-30T14:50:16.3112809Z hint: will change to "main" in Git 3.0. To configure the initial branch name
2026-01-30T14:50:16.3114640Z hint: to use in all of your new repositories, which will suppress this warning,
2026-01-30T14:50:16.3115813Z hint: call:
2026-01-30T14:50:16.3116376Z hint:
2026-01-30T14:50:16.3117101Z hint: 	git config --global init.defaultBranch <name>
2026-01-30T14:50:16.3118144Z hint:
2026-01-30T14:50:16.3118682Z hint: Names commonly chosen instead of 'master' are 'main', 'trunk' and
2026-01-30T14:50:16.3119563Z hint: 'development'. The just-created branch can be renamed via this command:
2026-01-30T14:50:16.3120232Z hint:
2026-01-30T14:50:16.3120600Z hint: 	git branch -m <name>
2026-01-30T14:50:16.3121047Z hint:
2026-01-30T14:50:16.3121756Z hint: Disable this message with "git config set advice.defaultBranchName false"
2026-01-30T14:50:16.3123166Z Initialized empty Git repository in /home/runner/work/argos/argos/.git/
2026-01-30T14:50:16.3127567Z [command]/usr/bin/git remote add origin https://github.com/lmvcruz/argos
2026-01-30T14:50:16.3162294Z ##[endgroup]
2026-01-30T14:50:16.3163531Z ##[group]Disabling automatic garbage collection
2026-01-30T14:50:16.3167047Z [command]/usr/bin/git config --local gc.auto 0
2026-01-30T14:50:16.3200353Z ##[endgroup]
2026-01-30T14:50:16.3201061Z ##[group]Setting up auth
2026-01-30T14:50:16.3210821Z [command]/usr/bin/git config --local --name-only --get-regexp core\.sshCommand
2026-01-30T14:50:16.3249452Z [command]/usr/bin/git submodule foreach --recursive sh -c "git config --local --name-only --get-regexp 'core\.sshCommand' && git config --local --unset-all 'core.sshCommand' || :"
2026-01-30T14:50:16.3599936Z [command]/usr/bin/git config --local --name-only --get-regexp http\.https\:\/\/github\.com\/\.extraheader
2026-01-30T14:50:16.3631594Z [command]/usr/bin/git submodule foreach --recursive sh -c "git config --local --name-only --get-regexp 'http\.https\:\/\/github\.com\/\.extraheader' && git config --local --unset-all 'http.https://github.com/.extraheader' || :"
2026-01-30T14:50:16.3846946Z [command]/usr/bin/git config --local --name-only --get-regexp ^includeIf\.gitdir:
2026-01-30T14:50:16.3885454Z [command]/usr/bin/git submodule foreach --recursive git config --local --show-origin --name-only --get-regexp remote.origin.url
2026-01-30T14:50:16.4114049Z [command]/usr/bin/git config --local http.https://github.com/.extraheader AUTHORIZATION: basic ***
2026-01-30T14:50:16.4147606Z ##[endgroup]
2026-01-30T14:50:16.4148868Z ##[group]Fetching the repository
2026-01-30T14:50:16.4157001Z [command]/usr/bin/git -c protocol.version=2 fetch --no-tags --prune --no-recurse-submodules --depth=1 origin +1aeb0fe9fe004c4fbd357a3622da2c38e20877ea:refs/remotes/origin/main
2026-01-30T14:50:16.6936405Z From https://github.com/lmvcruz/argos
2026-01-30T14:50:16.6938280Z  * [new ref]         1aeb0fe9fe004c4fbd357a3622da2c38e20877ea -> origin/main
2026-01-30T14:50:16.6971317Z ##[endgroup]
2026-01-30T14:50:16.6972540Z ##[group]Determining the checkout info
2026-01-30T14:50:16.6974681Z ##[endgroup]
2026-01-30T14:50:16.6979205Z [command]/usr/bin/git sparse-checkout disable
2026-01-30T14:50:16.7025529Z [command]/usr/bin/git config --local --unset-all extensions.worktreeConfig
2026-01-30T14:50:16.7054427Z ##[group]Checking out the ref
2026-01-30T14:50:16.7058124Z [command]/usr/bin/git checkout --progress --force -B main refs/remotes/origin/main
2026-01-30T14:50:16.7245563Z Switched to a new branch 'main'
2026-01-30T14:50:16.7247412Z branch 'main' set up to track 'origin/main'.
2026-01-30T14:50:16.7255705Z ##[endgroup]
2026-01-30T14:50:16.7291538Z [command]/usr/bin/git log -1 --format=%H
2026-01-30T14:50:16.7313116Z 1aeb0fe9fe004c4fbd357a3622da2c38e20877ea
2026-01-30T14:50:16.7624856Z ##[group]Run actions/setup-python@v5
2026-01-30T14:50:16.7625964Z with:
2026-01-30T14:50:16.7626680Z   python-version: 3.12
2026-01-30T14:50:16.7627762Z   check-latest: false
2026-01-30T14:50:16.7628895Z   token: ***
2026-01-30T14:50:16.7629665Z   update-environment: true
2026-01-30T14:50:16.7630613Z   allow-prereleases: false
2026-01-30T14:50:16.7631520Z   freethreaded: false
2026-01-30T14:50:16.7632342Z ##[endgroup]
2026-01-30T14:50:16.9270547Z ##[group]Installed versions
2026-01-30T14:50:16.9381012Z Successfully set up CPython (3.12.12)
2026-01-30T14:50:16.9383800Z ##[endgroup]
2026-01-30T14:50:16.9526280Z ##[group]Run python -m pip install --upgrade pip
2026-01-30T14:50:16.9527975Z [36;1mpython -m pip install --upgrade pip[0m
2026-01-30T14:50:16.9529220Z [36;1mpip install -r requirements.txt[0m
2026-01-30T14:50:16.9579198Z shell: /usr/bin/bash -e {0}
2026-01-30T14:50:16.9580201Z env:
2026-01-30T14:50:16.9581204Z   pythonLocation: /opt/hostedtoolcache/Python/3.12.12/x64
2026-01-30T14:50:16.9582837Z   PKG_CONFIG_PATH: /opt/hostedtoolcache/Python/3.12.12/x64/lib/pkgconfig
2026-01-30T14:50:16.9584479Z   Python_ROOT_DIR: /opt/hostedtoolcache/Python/3.12.12/x64
2026-01-30T14:50:16.9585952Z   Python2_ROOT_DIR: /opt/hostedtoolcache/Python/3.12.12/x64
2026-01-30T14:50:16.9587649Z   Python3_ROOT_DIR: /opt/hostedtoolcache/Python/3.12.12/x64
2026-01-30T14:50:16.9589172Z   LD_LIBRARY_PATH: /opt/hostedtoolcache/Python/3.12.12/x64/lib
2026-01-30T14:50:16.9590440Z ##[endgroup]
2026-01-30T14:50:19.0100722Z Requirement already satisfied: pip in /opt/hostedtoolcache/Python/3.12.12/x64/lib/python3.12/site-packages (25.3)
2026-01-30T14:50:19.6783059Z Collecting toml>=0.10.2 (from -r requirements.txt (line 2))
2026-01-30T14:50:19.7463521Z   Downloading toml-0.10.2-py2.py3-none-any.whl.metadata (7.1 kB)
2026-01-30T14:50:19.8097644Z Collecting pyyaml>=6.0 (from -r requirements.txt (line 3))
2026-01-30T14:50:19.8171930Z   Downloading pyyaml-6.0.3-cp312-cp312-manylinux2014_x86_64.manylinux_2_17_x86_64.manylinux_2_28_x86_64.whl.metadata (2.4 kB)
2026-01-30T14:50:19.8618803Z Collecting pytest>=7.0.0 (from -r requirements.txt (line 6))
2026-01-30T14:50:19.8688126Z   Downloading pytest-9.0.2-py3-none-any.whl.metadata (7.6 kB)
2026-01-30T14:50:19.8934585Z Collecting pytest-cov>=3.0.0 (from -r requirements.txt (line 7))
2026-01-30T14:50:19.9007021Z   Downloading pytest_cov-7.0.0-py3-none-any.whl.metadata (31 kB)
2026-01-30T14:50:19.9332089Z Collecting pytest-mock>=3.10.0 (from -r requirements.txt (line 8))
2026-01-30T14:50:19.9414229Z   Downloading pytest_mock-3.15.1-py3-none-any.whl.metadata (3.9 kB)
2026-01-30T14:50:20.0108712Z Collecting black>=22.0.0 (from -r requirements.txt (line 9))
2026-01-30T14:50:20.0184453Z   Downloading black-26.1.0-cp312-cp312-manylinux2014_x86_64.manylinux_2_17_x86_64.manylinux_2_28_x86_64.whl.metadata (88 kB)
2026-01-30T14:50:20.0676365Z Collecting flake8>=5.0.0 (from -r requirements.txt (line 10))
2026-01-30T14:50:20.0750310Z   Downloading flake8-7.3.0-py2.py3-none-any.whl.metadata (3.8 kB)
2026-01-30T14:50:20.1131593Z Collecting isort>=5.10.0 (from -r requirements.txt (line 11))
2026-01-30T14:50:20.1205460Z   Downloading isort-7.0.0-py3-none-any.whl.metadata (11 kB)
2026-01-30T14:50:20.1669020Z Collecting pylint>=2.15.0 (from -r requirements.txt (line 12))
2026-01-30T14:50:20.1745156Z   Downloading pylint-4.0.4-py3-none-any.whl.metadata (12 kB)
2026-01-30T14:50:20.1988256Z Collecting radon>=5.1.0 (from -r requirements.txt (line 13))
2026-01-30T14:50:20.2075312Z   Downloading radon-6.0.1-py2.py3-none-any.whl.metadata (8.2 kB)
2026-01-30T14:50:20.2337632Z Collecting vulture>=2.7 (from -r requirements.txt (line 14))
2026-01-30T14:50:20.2424714Z   Downloading vulture-2.14-py2.py3-none-any.whl.metadata (24 kB)
2026-01-30T14:50:20.2657124Z Collecting autoflake>=2.0.0 (from -r requirements.txt (line 15))
2026-01-30T14:50:20.2739750Z   Downloading autoflake-2.3.1-py3-none-any.whl.metadata (7.6 kB)
2026-01-30T14:50:20.2914208Z Collecting iniconfig>=1.0.1 (from pytest>=7.0.0->-r requirements.txt (line 6))
2026-01-30T14:50:20.2987754Z   Downloading iniconfig-2.3.0-py3-none-any.whl.metadata (2.5 kB)
2026-01-30T14:50:20.3210750Z Collecting packaging>=22 (from pytest>=7.0.0->-r requirements.txt (line 6))
2026-01-30T14:50:20.3286944Z   Downloading packaging-26.0-py3-none-any.whl.metadata (3.3 kB)
2026-01-30T14:50:20.3462878Z Collecting pluggy<2,>=1.5 (from pytest>=7.0.0->-r requirements.txt (line 6))
2026-01-30T14:50:20.3540696Z   Downloading pluggy-1.6.0-py3-none-any.whl.metadata (4.8 kB)
2026-01-30T14:50:20.3795955Z Collecting pygments>=2.7.2 (from pytest>=7.0.0->-r requirements.txt (line 6))
2026-01-30T14:50:20.3866667Z   Downloading pygments-2.19.2-py3-none-any.whl.metadata (2.5 kB)
2026-01-30T14:50:20.8005980Z Collecting coverage>=7.10.6 (from coverage[toml]>=7.10.6->pytest-cov>=3.0.0->-r requirements.txt (line 7))
2026-01-30T14:50:20.8082467Z   Downloading coverage-7.13.2-cp312-cp312-manylinux1_x86_64.manylinux_2_28_x86_64.manylinux_2_5_x86_64.whl.metadata (8.5 kB)
2026-01-30T14:50:20.8477453Z Collecting click>=8.0.0 (from black>=22.0.0->-r requirements.txt (line 9))
2026-01-30T14:50:20.8551405Z   Downloading click-8.3.1-py3-none-any.whl.metadata (2.6 kB)
2026-01-30T14:50:20.8706497Z Collecting mypy-extensions>=0.4.3 (from black>=22.0.0->-r requirements.txt (line 9))
2026-01-30T14:50:20.8778210Z   Downloading mypy_extensions-1.1.0-py3-none-any.whl.metadata (1.1 kB)
2026-01-30T14:50:20.8965581Z Collecting pathspec>=1.0.0 (from black>=22.0.0->-r requirements.txt (line 9))
2026-01-30T14:50:20.9037749Z   Downloading pathspec-1.0.4-py3-none-any.whl.metadata (13 kB)
2026-01-30T14:50:20.9297474Z Collecting platformdirs>=2 (from black>=22.0.0->-r requirements.txt (line 9))
2026-01-30T14:50:20.9380212Z   Downloading platformdirs-4.5.1-py3-none-any.whl.metadata (12 kB)
2026-01-30T14:50:20.9605277Z Collecting pytokens>=0.3.0 (from black>=22.0.0->-r requirements.txt (line 9))
2026-01-30T14:50:20.9678283Z   Downloading pytokens-0.4.1-cp312-cp312-manylinux2014_x86_64.manylinux_2_17_x86_64.manylinux_2_28_x86_64.whl.metadata (3.8 kB)
2026-01-30T14:50:20.9845399Z Collecting mccabe<0.8.0,>=0.7.0 (from flake8>=5.0.0->-r requirements.txt (line 10))
2026-01-30T14:50:20.9921150Z   Downloading mccabe-0.7.0-py2.py3-none-any.whl.metadata (5.0 kB)
2026-01-30T14:50:21.0125174Z Collecting pycodestyle<2.15.0,>=2.14.0 (from flake8>=5.0.0->-r requirements.txt (line 10))
2026-01-30T14:50:21.0198248Z   Downloading pycodestyle-2.14.0-py2.py3-none-any.whl.metadata (4.5 kB)
2026-01-30T14:50:21.0381891Z Collecting pyflakes<3.5.0,>=3.4.0 (from flake8>=5.0.0->-r requirements.txt (line 10))
2026-01-30T14:50:21.0454781Z   Downloading pyflakes-3.4.0-py2.py3-none-any.whl.metadata (3.5 kB)
2026-01-30T14:50:21.0905497Z Collecting astroid<=4.1.dev0,>=4.0.2 (from pylint>=2.15.0->-r requirements.txt (line 12))
2026-01-30T14:50:21.0977385Z   Downloading astroid-4.0.3-py3-none-any.whl.metadata (4.4 kB)
2026-01-30T14:50:21.1167944Z Collecting dill>=0.3.6 (from pylint>=2.15.0->-r requirements.txt (line 12))
2026-01-30T14:50:21.1236891Z   Downloading dill-0.4.1-py3-none-any.whl.metadata (10 kB)
2026-01-30T14:50:21.1686467Z Collecting tomlkit>=0.10.1 (from pylint>=2.15.0->-r requirements.txt (line 12))
2026-01-30T14:50:21.1760398Z   Downloading tomlkit-0.14.0-py3-none-any.whl.metadata (2.8 kB)
2026-01-30T14:50:21.1931776Z Collecting mando<0.8,>=0.6 (from radon>=5.1.0->-r requirements.txt (line 13))
2026-01-30T14:50:21.2024606Z   Downloading mando-0.7.1-py2.py3-none-any.whl.metadata (7.4 kB)
2026-01-30T14:50:21.2229352Z Collecting colorama>=0.4.1 (from radon>=5.1.0->-r requirements.txt (line 13))
2026-01-30T14:50:21.2300527Z   Downloading colorama-0.4.6-py2.py3-none-any.whl.metadata (17 kB)
2026-01-30T14:50:21.2488883Z Collecting six (from mando<0.8,>=0.6->radon>=5.1.0->-r requirements.txt (line 13))
2026-01-30T14:50:21.2557823Z   Downloading six-1.17.0-py2.py3-none-any.whl.metadata (1.7 kB)
2026-01-30T14:50:21.2862951Z Downloading toml-0.10.2-py2.py3-none-any.whl (16 kB)
2026-01-30T14:50:21.2956535Z Downloading pyyaml-6.0.3-cp312-cp312-manylinux2014_x86_64.manylinux_2_17_x86_64.manylinux_2_28_x86_64.whl (807 kB)
2026-01-30T14:50:21.3125380Z    ━━━━━━━━━━━━━━━━━━━━━━━━━━━━━━━━━━━━━━━━ 807.9/807.9 kB 57.4 MB/s  0:00:00
2026-01-30T14:50:21.3195135Z Downloading pytest-9.0.2-py3-none-any.whl (374 kB)
2026-01-30T14:50:21.3303314Z Downloading pluggy-1.6.0-py3-none-any.whl (20 kB)
2026-01-30T14:50:21.3392471Z Downloading pytest_cov-7.0.0-py3-none-any.whl (22 kB)
2026-01-30T14:50:21.3483392Z Downloading pytest_mock-3.15.1-py3-none-any.whl (10 kB)
2026-01-30T14:50:21.3576451Z Downloading black-26.1.0-cp312-cp312-manylinux2014_x86_64.manylinux_2_17_x86_64.manylinux_2_28_x86_64.whl (1.8 MB)
2026-01-30T14:50:21.3719862Z    ━━━━━━━━━━━━━━━━━━━━━━━━━━━━━━━━━━━━━━━━ 1.8/1.8 MB 125.1 MB/s  0:00:00
2026-01-30T14:50:21.3789990Z Downloading flake8-7.3.0-py2.py3-none-any.whl (57 kB)
2026-01-30T14:50:21.3885298Z Downloading mccabe-0.7.0-py2.py3-none-any.whl (7.3 kB)
2026-01-30T14:50:21.3981052Z Downloading pycodestyle-2.14.0-py2.py3-none-any.whl (31 kB)
2026-01-30T14:50:21.4072156Z Downloading pyflakes-3.4.0-py2.py3-none-any.whl (63 kB)
2026-01-30T14:50:21.4168587Z Downloading isort-7.0.0-py3-none-any.whl (94 kB)
2026-01-30T14:50:21.4263661Z Downloading pylint-4.0.4-py3-none-any.whl (536 kB)
2026-01-30T14:50:21.4353429Z    ━━━━━━━━━━━━━━━━━━━━━━━━━━━━━━━━━━━━━━━━ 536.4/536.4 kB 55.8 MB/s  0:00:00
2026-01-30T14:50:21.4422296Z Downloading astroid-4.0.3-py3-none-any.whl (276 kB)
2026-01-30T14:50:21.4537939Z Downloading radon-6.0.1-py2.py3-none-any.whl (52 kB)
2026-01-30T14:50:21.4639246Z Downloading mando-0.7.1-py2.py3-none-any.whl (28 kB)
2026-01-30T14:50:21.4728853Z Downloading vulture-2.14-py2.py3-none-any.whl (28 kB)
2026-01-30T14:50:21.4821321Z Downloading autoflake-2.3.1-py3-none-any.whl (32 kB)
2026-01-30T14:50:21.4919298Z Downloading click-8.3.1-py3-none-any.whl (108 kB)
2026-01-30T14:50:21.5026260Z Downloading colorama-0.4.6-py2.py3-none-any.whl (25 kB)
2026-01-30T14:50:21.5119412Z Downloading coverage-7.13.2-cp312-cp312-manylinux1_x86_64.manylinux_2_28_x86_64.manylinux_2_5_x86_64.whl (253 kB)
2026-01-30T14:50:21.5223292Z Downloading dill-0.4.1-py3-none-any.whl (120 kB)
2026-01-30T14:50:21.5318957Z Downloading iniconfig-2.3.0-py3-none-any.whl (7.5 kB)
2026-01-30T14:50:21.5411487Z Downloading mypy_extensions-1.1.0-py3-none-any.whl (5.0 kB)
2026-01-30T14:50:21.5504941Z Downloading packaging-26.0-py3-none-any.whl (74 kB)
2026-01-30T14:50:21.5603298Z Downloading pathspec-1.0.4-py3-none-any.whl (55 kB)
2026-01-30T14:50:21.5696568Z Downloading platformdirs-4.5.1-py3-none-any.whl (18 kB)
2026-01-30T14:50:21.5787873Z Downloading pygments-2.19.2-py3-none-any.whl (1.2 MB)
2026-01-30T14:50:21.5876301Z    ━━━━━━━━━━━━━━━━━━━━━━━━━━━━━━━━━━━━━━━━ 1.2/1.2 MB 147.2 MB/s  0:00:00
2026-01-30T14:50:21.5949747Z Downloading pytokens-0.4.1-cp312-cp312-manylinux2014_x86_64.manylinux_2_17_x86_64.manylinux_2_28_x86_64.whl (269 kB)
2026-01-30T14:50:21.6116387Z Downloading tomlkit-0.14.0-py3-none-any.whl (39 kB)
2026-01-30T14:50:21.6220259Z Downloading six-1.17.0-py2.py3-none-any.whl (11 kB)
2026-01-30T14:50:21.7074376Z Installing collected packages: vulture, tomlkit, toml, six, pyyaml, pytokens, pygments, pyflakes, pycodestyle, pluggy, platformdirs, pathspec, packaging, mypy-extensions, mccabe, isort, iniconfig, dill, coverage, colorama, click, astroid, pytest, pylint, mando, flake8, black, autoflake, radon, pytest-mock, pytest-cov
2026-01-30T14:50:24.2335586Z 
2026-01-30T14:50:24.2372110Z Successfully installed astroid-4.0.3 autoflake-2.3.1 black-26.1.0 click-8.3.1 colorama-0.4.6 coverage-7.13.2 dill-0.4.1 flake8-7.3.0 iniconfig-2.3.0 isort-7.0.0 mando-0.7.1 mccabe-0.7.0 mypy-extensions-1.1.0 packaging-26.0 pathspec-1.0.4 platformdirs-4.5.1 pluggy-1.6.0 pycodestyle-2.14.0 pyflakes-3.4.0 pygments-2.19.2 pylint-4.0.4 pytest-9.0.2 pytest-cov-7.0.0 pytest-mock-3.15.1 pytokens-0.4.1 pyyaml-6.0.3 radon-6.0.1 six-1.17.0 toml-0.10.2 tomlkit-0.14.0 vulture-2.14
2026-01-30T14:50:24.3366759Z ##[group]Run pip install -e .
2026-01-30T14:50:24.3367062Z [36;1mpip install -e .[0m
2026-01-30T14:50:24.3400919Z shell: /usr/bin/bash -e {0}
2026-01-30T14:50:24.3401157Z env:
2026-01-30T14:50:24.3401410Z   pythonLocation: /opt/hostedtoolcache/Python/3.12.12/x64
2026-01-30T14:50:24.3401841Z   PKG_CONFIG_PATH: /opt/hostedtoolcache/Python/3.12.12/x64/lib/pkgconfig
2026-01-30T14:50:24.3402251Z   Python_ROOT_DIR: /opt/hostedtoolcache/Python/3.12.12/x64
2026-01-30T14:50:24.3402600Z   Python2_ROOT_DIR: /opt/hostedtoolcache/Python/3.12.12/x64
2026-01-30T14:50:24.3402957Z   Python3_ROOT_DIR: /opt/hostedtoolcache/Python/3.12.12/x64
2026-01-30T14:50:24.3403497Z   LD_LIBRARY_PATH: /opt/hostedtoolcache/Python/3.12.12/x64/lib
2026-01-30T14:50:24.3403795Z ##[endgroup]
2026-01-30T14:50:24.7073816Z Obtaining file:///home/runner/work/argos/argos/anvil
2026-01-30T14:50:24.7094736Z   Installing build dependencies: started
2026-01-30T14:50:25.7421263Z   Installing build dependencies: finished with status 'done'
2026-01-30T14:50:25.7426890Z   Checking if build backend supports build_editable: started
2026-01-30T14:50:26.0702466Z   Checking if build backend supports build_editable: finished with status 'done'
2026-01-30T14:50:26.0711169Z   Getting requirements to build editable: started
2026-01-30T14:50:26.4807398Z   Getting requirements to build editable: finished with status 'done'
2026-01-30T14:50:26.4815610Z   Preparing editable metadata (pyproject.toml): started
2026-01-30T14:50:26.7112204Z   Preparing editable metadata (pyproject.toml): finished with status 'done'
2026-01-30T14:50:26.7165962Z Requirement already satisfied: toml>=0.10.2 in /opt/hostedtoolcache/Python/3.12.12/x64/lib/python3.12/site-packages (from anvil==0.1.0) (0.10.2)
2026-01-30T14:50:26.7177041Z Building wheels for collected packages: anvil
2026-01-30T14:50:26.7184653Z   Building editable for anvil (pyproject.toml): started
2026-01-30T14:50:26.9991115Z   Building editable for anvil (pyproject.toml): finished with status 'done'
2026-01-30T14:50:26.9996886Z   Created wheel for anvil: filename=anvil-0.1.0-0.editable-py3-none-any.whl size=3716 sha256=e8bd1443e39846838012a1e63fd46908364a20f8a5fcb03b0eabfb596b19557f
2026-01-30T14:50:26.9998588Z   Stored in directory: /tmp/pip-ephem-wheel-cache-19pnr9r_/wheels/30/d2/e8/b3989cc02575aebe54bed95fe3be858ab1ed74f120dcd3490f
2026-01-30T14:50:27.0020747Z Successfully built anvil
2026-01-30T14:50:27.0281984Z Installing collected packages: anvil
2026-01-30T14:50:27.0391354Z Successfully installed anvil-0.1.0
2026-01-30T14:50:27.0996375Z ##[group]Run pytest --cov=anvil --cov-report=xml --cov-report=term-missing --cov-fail-under=90
2026-01-30T14:50:27.0997068Z [36;1mpytest --cov=anvil --cov-report=xml --cov-report=term-missing --cov-fail-under=90[0m
2026-01-30T14:50:27.1029345Z shell: /usr/bin/bash -e {0}
2026-01-30T14:50:27.1029564Z env:
2026-01-30T14:50:27.1029803Z   pythonLocation: /opt/hostedtoolcache/Python/3.12.12/x64
2026-01-30T14:50:27.1030212Z   PKG_CONFIG_PATH: /opt/hostedtoolcache/Python/3.12.12/x64/lib/pkgconfig
2026-01-30T14:50:27.1030620Z   Python_ROOT_DIR: /opt/hostedtoolcache/Python/3.12.12/x64
2026-01-30T14:50:27.1030979Z   Python2_ROOT_DIR: /opt/hostedtoolcache/Python/3.12.12/x64
2026-01-30T14:50:27.1031336Z   Python3_ROOT_DIR: /opt/hostedtoolcache/Python/3.12.12/x64
2026-01-30T14:50:27.1031688Z   LD_LIBRARY_PATH: /opt/hostedtoolcache/Python/3.12.12/x64/lib
2026-01-30T14:50:27.1031977Z ##[endgroup]
2026-01-30T14:50:28.0582161Z ============================= test session starts ==============================
2026-01-30T14:50:28.0584957Z platform linux -- Python 3.12.12, pytest-9.0.2, pluggy-1.6.0 -- /opt/hostedtoolcache/Python/3.12.12/x64/bin/python
2026-01-30T14:50:28.0586552Z cachedir: .pytest_cache
2026-01-30T14:50:28.0586976Z rootdir: /home/runner/work/argos/argos/anvil
2026-01-30T14:50:28.0590860Z configfile: pytest.ini (WARNING: ignoring pytest config in pyproject.toml!)
2026-01-30T14:50:28.0591541Z testpaths: tests
2026-01-30T14:50:28.0591900Z plugins: cov-7.0.0, mock-3.15.1
2026-01-30T14:50:32.3953984Z collecting ... collected 520 items
2026-01-30T14:50:32.3954354Z 
2026-01-30T14:50:32.3986047Z tests/test_autoflake_parser.py::TestAutoflakeTextParsing::test_parse_output_no_unused_code PASSED [  0%]
2026-01-30T14:50:32.3999844Z tests/test_autoflake_parser.py::TestAutoflakeTextParsing::test_parse_output_with_unused_imports PASSED [  0%]
2026-01-30T14:50:32.4012974Z tests/test_autoflake_parser.py::TestAutoflakeTextParsing::test_parse_output_with_unused_variables PASSED [  0%]
2026-01-30T14:50:32.4025653Z tests/test_autoflake_parser.py::TestAutoflakeTextParsing::test_parse_multiple_files_with_issues PASSED [  0%]
2026-01-30T14:50:32.4038329Z tests/test_autoflake_parser.py::TestAutoflakeTextParsing::test_parse_windows_paths PASSED [  0%]
2026-01-30T14:50:32.4050869Z tests/test_autoflake_parser.py::TestAutoflakeCommandBuilding::test_build_command_default_options PASSED [  1%]
2026-01-30T14:50:32.4063238Z tests/test_autoflake_parser.py::TestAutoflakeCommandBuilding::test_build_command_with_remove_unused_variables PASSED [  1%]
2026-01-30T14:50:32.4075334Z tests/test_autoflake_parser.py::TestAutoflakeCommandBuilding::test_build_command_with_remove_all_unused_imports PASSED [  1%]
2026-01-30T14:50:32.4087642Z tests/test_autoflake_parser.py::TestAutoflakeCommandBuilding::test_build_command_with_ignore_init_module_imports PASSED [  1%]
2026-01-30T14:50:32.4099961Z tests/test_autoflake_parser.py::TestAutoflakeCommandBuilding::test_build_command_with_expand_star_imports PASSED [  1%]
2026-01-30T14:50:32.4112312Z tests/test_autoflake_parser.py::TestAutoflakeCommandBuilding::test_build_command_with_remove_duplicate_keys PASSED [  2%]
2026-01-30T14:50:32.4124356Z tests/test_autoflake_parser.py::TestAutoflakeCommandBuilding::test_build_command_with_imports_to_ignore PASSED [  2%]
2026-01-30T14:50:32.4136821Z tests/test_autoflake_parser.py::TestAutoflakeCommandBuilding::test_build_command_with_multiple_files PASSED [  2%]
2026-01-30T14:50:32.4200510Z tests/test_autoflake_parser.py::TestAutoflakeErrorHandling::test_error_when_autoflake_not_installed PASSED [  2%]
2026-01-30T14:50:32.4221964Z tests/test_autoflake_parser.py::TestAutoflakeErrorHandling::test_timeout_handling PASSED [  2%]
2026-01-30T14:50:32.4234669Z tests/test_autoflake_parser.py::TestAutoflakeErrorHandling::test_parse_with_empty_output PASSED [  3%]
2026-01-30T14:50:32.4263038Z tests/test_autoflake_parser.py::TestAutoflakeVersionDetection::test_version_detection PASSED [  3%]
2026-01-30T14:50:32.4281547Z tests/test_autoflake_parser.py::TestAutoflakeVersionDetection::test_version_detection_failure PASSED [  3%]
2026-01-30T14:50:32.5596774Z tests/test_autoflake_parser.py::TestAutoflakeIntegrationWithFixtures::test_autoflake_on_clean_python_code PASSED [  3%]
2026-01-30T14:50:32.6352768Z tests/test_autoflake_parser.py::TestAutoflakeIntegrationWithFixtures::test_autoflake_on_unused_imports_fixture PASSED [  3%]
2026-01-30T14:50:32.6392588Z tests/test_autoflake_parser.py::TestAutoflakeConfigurationHandling::test_detect_pyproject_toml PASSED [  4%]
2026-01-30T14:50:32.6414465Z tests/test_autoflake_parser.py::TestAutoflakeConfigurationHandling::test_detect_setup_cfg PASSED [  4%]
2026-01-30T14:50:32.6432632Z tests/test_autoflake_parser.py::TestAutoflakeConfigurationHandling::test_no_config_file_returns_none PASSED [  4%]
2026-01-30T14:50:32.6444608Z tests/test_autoflake_parser.py::TestAutoflakeSuggestedFixes::test_generate_fix_command PASSED [  4%]
2026-01-30T14:50:32.6458904Z tests/test_autoflake_parser.py::TestAutoflakeSuggestedFixes::test_generate_fix_command_with_options PASSED [  4%]
2026-01-30T14:50:32.6516964Z tests/test_black_parser.py::TestBlackTextParsing::test_parse_output_all_files_formatted PASSED [  5%]
2026-01-30T14:50:32.6529988Z tests/test_black_parser.py::TestBlackTextParsing::test_parse_output_files_need_formatting PASSED [  5%]
2026-01-30T14:50:32.6542285Z tests/test_black_parser.py::TestBlackTextParsing::test_parse_would_reformat_messages PASSED [  5%]
2026-01-30T14:50:32.6561900Z tests/test_black_parser.py::TestBlackTextParsing::test_parse_windows_paths PASSED [  5%]
2026-01-30T14:50:32.6574483Z tests/test_black_parser.py::TestBlackTextParsing::test_parse_left_unchanged_messages PASSED [  5%]
2026-01-30T14:50:32.6587040Z tests/test_black_parser.py::TestBlackTextParsing::test_parse_reformatted_messages PASSED [  5%]
2026-01-30T14:50:32.6599211Z tests/test_black_parser.py::TestBlackCommandBuilding::test_build_command_default_options PASSED [  6%]
2026-01-30T14:50:32.6611242Z tests/test_black_parser.py::TestBlackCommandBuilding::test_build_command_with_line_length PASSED [  6%]
2026-01-30T14:50:32.6623021Z tests/test_black_parser.py::TestBlackCommandBuilding::test_build_command_with_target_version PASSED [  6%]
2026-01-30T14:50:32.6634635Z tests/test_black_parser.py::TestBlackCommandBuilding::test_build_command_with_skip_string_normalization PASSED [  6%]
2026-01-30T14:50:32.6645859Z tests/test_black_parser.py::TestBlackCommandBuilding::test_build_command_with_diff PASSED [  6%]
2026-01-30T14:50:32.6657041Z tests/test_black_parser.py::TestBlackCommandBuilding::test_build_command_with_color PASSED [  7%]
2026-01-30T14:50:32.6668822Z tests/test_black_parser.py::TestBlackCommandBuilding::test_build_command_with_multiple_files PASSED [  7%]
2026-01-30T14:50:32.6695029Z tests/test_black_parser.py::TestBlackErrorHandling::test_error_when_black_not_installed PASSED [  7%]
2026-01-30T14:50:32.6714233Z tests/test_black_parser.py::TestBlackErrorHandling::test_timeout_handling PASSED [  7%]
2026-01-30T14:50:32.6726541Z tests/test_black_parser.py::TestBlackErrorHandling::test_parse_syntax_error_in_file PASSED [  7%]
2026-01-30T14:50:32.6750696Z tests/test_black_parser.py::TestBlackVersionDetection::test_version_detection PASSED [  8%]
2026-01-30T14:50:32.6768477Z tests/test_black_parser.py::TestBlackVersionDetection::test_version_detection_failure PASSED [  8%]
2026-01-30T14:50:32.8440362Z tests/test_black_parser.py::TestBlackIntegrationWithFixtures::test_black_on_formatted_python_code PASSED [  8%]
2026-01-30T14:50:33.0213405Z tests/test_black_parser.py::TestBlackIntegrationWithFixtures::test_black_on_unformatted_python_code PASSED [  8%]
2026-01-30T14:50:33.1493798Z tests/test_black_parser.py::TestBlackIntegrationWithFixtures::test_black_on_syntax_error_fixture PASSED [  8%]
2026-01-30T14:50:33.1514748Z tests/test_black_parser.py::TestBlackConfigurationHandling::test_detect_pyproject_toml PASSED [  9%]
2026-01-30T14:50:33.1532514Z tests/test_black_parser.py::TestBlackConfigurationHandling::test_no_config_file_returns_none PASSED [  9%]
2026-01-30T14:50:33.1544400Z tests/test_black_parser.py::TestBlackSuggestedFixes::test_generate_fix_command PASSED [  9%]
2026-01-30T14:50:33.1560182Z tests/test_black_parser.py::TestBlackSuggestedFixes::test_generate_fix_command_with_options PASSED [  9%]
2026-01-30T14:50:33.1585376Z tests/test_clang_tidy_parser.py::TestClangTidyDiagnosticParsing::test_parse_output_with_no_diagnostics PASSED [  9%]
2026-01-30T14:50:33.1620645Z tests/test_clang_tidy_parser.py::TestClangTidyDiagnosticParsing::test_parse_warning_diagnostic PASSED [ 10%]
2026-01-30T14:50:33.1654190Z tests/test_clang_tidy_parser.py::TestClangTidyDiagnosticParsing::test_parse_error_diagnostic PASSED [ 10%]
2026-01-30T14:50:33.1687575Z tests/test_clang_tidy_parser.py::TestClangTidyDiagnosticParsing::test_parse_note_diagnostic PASSED [ 10%]
2026-01-30T14:50:33.1726134Z tests/test_clang_tidy_parser.py::TestClangTidyDiagnosticParsing::test_parse_diagnostic_with_line_column PASSED [ 10%]
2026-01-30T14:50:33.1787862Z tests/test_clang_tidy_parser.py::TestClangTidyDiagnosticParsing::test_parse_multiple_diagnostics PASSED [ 10%]
2026-01-30T14:50:33.1828068Z tests/test_clang_tidy_parser.py::TestClangTidyReplacements::test_parse_diagnostic_with_replacements PASSED [ 10%]
2026-01-30T14:50:33.1880921Z tests/test_clang_tidy_parser.py::TestClangTidyReplacements::test_count_fixable_diagnostics PASSED [ 11%]
2026-01-30T14:50:33.1893341Z tests/test_clang_tidy_parser.py::TestClangTidyCommandBuilding::test_build_command_default_options PASSED [ 11%]
2026-01-30T14:50:33.1904999Z tests/test_clang_tidy_parser.py::TestClangTidyCommandBuilding::test_build_command_with_checks PASSED [ 11%]
2026-01-30T14:50:33.1916819Z tests/test_clang_tidy_parser.py::TestClangTidyCommandBuilding::test_build_command_with_header_filter PASSED [ 11%]
2026-01-30T14:50:33.1928725Z tests/test_clang_tidy_parser.py::TestClangTidyCommandBuilding::test_build_command_with_warnings_as_errors PASSED [ 11%]
2026-01-30T14:50:33.1940099Z tests/test_clang_tidy_parser.py::TestClangTidyCommandBuilding::test_build_command_with_config_file PASSED [ 12%]
2026-01-30T14:50:33.1957476Z tests/test_clang_tidy_parser.py::TestClangTidyCommandBuilding::test_build_command_with_extra_args PASSED [ 12%]
2026-01-30T14:50:33.1969365Z tests/test_clang_tidy_parser.py::TestClangTidyCommandBuilding::test_build_command_with_compile_commands PASSED [ 12%]
2026-01-30T14:50:33.1982354Z tests/test_clang_tidy_parser.py::TestClangTidyCommandBuilding::test_build_command_with_multiple_files PASSED [ 12%]
2026-01-30T14:50:33.2002804Z tests/test_clang_tidy_parser.py::TestClangTidyErrorHandling::test_error_when_clang_tidy_not_installed PASSED [ 12%]
2026-01-30T14:50:33.2021779Z tests/test_clang_tidy_parser.py::TestClangTidyErrorHandling::test_timeout_handling PASSED [ 13%]
2026-01-30T14:50:33.2041921Z tests/test_clang_tidy_parser.py::TestClangTidyErrorHandling::test_parse_with_invalid_yaml PASSED [ 13%]
2026-01-30T14:50:33.2061959Z tests/test_clang_tidy_parser.py::TestClangTidyVersionDetection::test_version_detection PASSED [ 13%]
2026-01-30T14:50:33.2079385Z tests/test_clang_tidy_parser.py::TestClangTidyVersionDetection::test_version_detection_failure PASSED [ 13%]
2026-01-30T14:50:33.2097643Z tests/test_clang_tidy_parser.py::TestClangTidyIntegrationWithFixtures::test_clang_tidy_on_clean_cpp_code SKIPPED [ 13%]
2026-01-30T14:50:33.2111493Z tests/test_clang_tidy_parser.py::TestClangTidyIntegrationWithFixtures::test_clang_tidy_on_code_with_issues SKIPPED [ 14%]
2026-01-30T14:50:33.2173445Z tests/test_clang_tidy_parser.py::TestClangTidyGroupingAndFiltering::test_group_diagnostics_by_check_name PASSED [ 14%]
2026-01-30T14:50:33.2220503Z tests/test_clang_tidy_parser.py::TestClangTidyGroupingAndFiltering::test_group_diagnostics_by_file PASSED [ 14%]
2026-01-30T14:50:33.2300129Z tests/test_clang_tidy_parser.py::TestClangTidyGroupingAndFiltering::test_filter_diagnostics_by_severity PASSED [ 14%]
2026-01-30T14:50:33.2320669Z tests/test_clang_tidy_parser.py::TestClangTidyConfigurationHandling::test_detect_clang_tidy_config_file PASSED [ 14%]
2026-01-30T14:50:33.2342054Z tests/test_clang_tidy_parser.py::TestClangTidyConfigurationHandling::test_detect_clang_tidy_in_parent_directory PASSED [ 15%]
2026-01-30T14:50:33.2365049Z tests/test_clang_tidy_parser.py::TestClangTidyConfigurationHandling::test_no_config_file_returns_none PASSED [ 15%]
2026-01-30T14:50:33.2459670Z tests/test_configuration.py::TestConfigurationLoading::test_load_complete_config PASSED [ 15%]
2026-01-30T14:50:33.2475892Z tests/test_configuration.py::TestConfigurationLoading::test_load_minimal_config PASSED [ 15%]
2026-01-30T14:50:33.2500086Z tests/test_configuration.py::TestConfigurationLoading::test_load_invalid_toml_syntax PASSED [ 15%]
2026-01-30T14:50:33.2512250Z tests/test_configuration.py::TestConfigurationLoading::test_load_nonexistent_file PASSED [ 15%]
2026-01-30T14:50:33.2602313Z tests/test_configuration.py::TestConfigurationLoading::test_load_from_custom_path PASSED [ 16%]
2026-01-30T14:50:33.2690634Z tests/test_configuration.py::TestValidatorConfiguration::test_get_validator_config_python_flake8 PASSED [ 16%]
2026-01-30T14:50:33.2778080Z tests/test_configuration.py::TestValidatorConfiguration::test_get_validator_config_cpp_clang_tidy PASSED [ 16%]
2026-01-30T14:50:33.2793631Z tests/test_configuration.py::TestValidatorConfiguration::test_get_validator_config_with_defaults PASSED [ 16%]
2026-01-30T14:50:33.2889164Z tests/test_configuration.py::TestValidatorConfiguration::test_get_validator_config_invalid_validator PASSED [ 16%]
2026-01-30T14:50:33.2976332Z tests/test_configuration.py::TestLanguageConfiguration::test_get_language_config_python PASSED [ 17%]
2026-01-30T14:50:33.3063976Z tests/test_configuration.py::TestLanguageConfiguration::test_get_language_config_cpp PASSED [ 17%]
2026-01-30T14:50:33.3079284Z tests/test_configuration.py::TestLanguageConfiguration::test_get_language_config_with_defaults PASSED [ 17%]
2026-01-30T14:50:33.3112991Z tests/test_configuration.py::TestConfigurationValidation::test_validate_negative_max_errors PASSED [ 17%]
2026-01-30T14:50:33.3149167Z tests/test_configuration.py::TestConfigurationValidation::test_validate_zero_complexity PASSED [ 17%]
2026-01-30T14:50:33.3236852Z tests/test_configuration.py::TestConfigurationInheritance::test_validator_inherits_language_defaults PASSED [ 18%]
2026-01-30T14:50:33.3251903Z tests/test_configuration.py::TestConfigurationInheritance::test_configuration_merging PASSED [ 18%]
2026-01-30T14:50:33.3279838Z tests/test_configuration.py::TestEnvironmentVariables::test_expand_environment_variables PASSED [ 18%]
2026-01-30T14:50:33.3305644Z tests/test_configuration.py::TestEnvironmentVariables::test_missing_environment_variable PASSED [ 18%]
2026-01-30T14:50:33.3317832Z tests/test_configuration.py::TestConfigurationDefaults::test_default_values_applied PASSED [ 18%]
2026-01-30T14:50:33.3329867Z tests/test_configuration.py::TestConfigurationDefaults::test_get_with_default_value PASSED [ 19%]
2026-01-30T14:50:33.3419960Z tests/test_configuration.py::TestConfigurationDefaults::test_get_nested_config PASSED [ 19%]
2026-01-30T14:50:33.3435554Z tests/test_cppcheck_parser.py::TestCppcheckXMLParsing::test_parse_xml_with_no_errors PASSED [ 19%]
2026-01-30T14:50:33.3447844Z tests/test_cppcheck_parser.py::TestCppcheckXMLParsing::test_parse_error_severity_issue PASSED [ 19%]
2026-01-30T14:50:33.3459926Z tests/test_cppcheck_parser.py::TestCppcheckXMLParsing::test_parse_warning_severity_issue PASSED [ 19%]
2026-01-30T14:50:33.3471712Z tests/test_cppcheck_parser.py::TestCppcheckXMLParsing::test_parse_style_issue PASSED [ 20%]
2026-01-30T14:50:33.3483550Z tests/test_cppcheck_parser.py::TestCppcheckXMLParsing::test_parse_performance_issue PASSED [ 20%]
2026-01-30T14:50:33.3495278Z tests/test_cppcheck_parser.py::TestCppcheckXMLParsing::test_parse_portability_issue PASSED [ 20%]
2026-01-30T14:50:33.3506971Z tests/test_cppcheck_parser.py::TestCppcheckXMLParsing::test_parse_information_message PASSED [ 20%]
2026-01-30T14:50:33.3518881Z tests/test_cppcheck_parser.py::TestCppcheckXMLParsing::test_extract_cwe_id PASSED [ 20%]
2026-01-30T14:50:33.3530779Z tests/test_cppcheck_parser.py::TestCppcheckXMLParsing::test_parse_inconclusive_results PASSED [ 20%]
2026-01-30T14:50:33.3542320Z tests/test_cppcheck_parser.py::TestCppcheckXMLParsing::test_parse_multiple_locations PASSED [ 21%]
2026-01-30T14:50:33.3554654Z tests/test_cppcheck_parser.py::TestCppcheckCommandBuilding::test_build_command_default_options PASSED [ 21%]
2026-01-30T14:50:33.3566113Z tests/test_cppcheck_parser.py::TestCppcheckCommandBuilding::test_build_command_with_enable_categories PASSED [ 21%]
2026-01-30T14:50:33.3577552Z tests/test_cppcheck_parser.py::TestCppcheckCommandBuilding::test_build_command_with_suppressions PASSED [ 21%]
2026-01-30T14:50:33.3588806Z tests/test_cppcheck_parser.py::TestCppcheckCommandBuilding::test_build_command_with_std_option PASSED [ 21%]
2026-01-30T14:50:33.3600001Z tests/test_cppcheck_parser.py::TestCppcheckCommandBuilding::test_build_command_with_platform PASSED [ 22%]
2026-01-30T14:50:33.3611311Z tests/test_cppcheck_parser.py::TestCppcheckCommandBuilding::test_build_command_with_includes PASSED [ 22%]
2026-01-30T14:50:33.3622657Z tests/test_cppcheck_parser.py::TestCppcheckCommandBuilding::test_build_command_with_defines PASSED [ 22%]
2026-01-30T14:50:33.3634581Z tests/test_cppcheck_parser.py::TestCppcheckCommandBuilding::test_build_command_with_inconclusive PASSED [ 22%]
2026-01-30T14:50:33.3647054Z tests/test_cppcheck_parser.py::TestCppcheckCommandBuilding::test_build_command_with_multiple_files PASSED [ 22%]
2026-01-30T14:50:33.3666915Z tests/test_cppcheck_parser.py::TestCppcheckErrorHandling::test_error_when_cppcheck_not_installed PASSED [ 23%]
2026-01-30T14:50:33.3685578Z tests/test_cppcheck_parser.py::TestCppcheckErrorHandling::test_timeout_handling PASSED [ 23%]
2026-01-30T14:50:33.3697705Z tests/test_cppcheck_parser.py::TestCppcheckErrorHandling::test_parse_with_invalid_xml PASSED [ 23%]
2026-01-30T14:50:33.3729426Z tests/test_cppcheck_parser.py::TestCppcheckVersionDetection::test_version_detection PASSED [ 23%]
2026-01-30T14:50:33.3746689Z tests/test_cppcheck_parser.py::TestCppcheckVersionDetection::test_version_detection_failure PASSED [ 23%]
2026-01-30T14:50:33.3757046Z tests/test_cppcheck_parser.py::TestCppcheckIntegrationWithFixtures::test_cppcheck_on_clean_cpp_code SKIPPED [ 24%]
2026-01-30T14:50:33.3767656Z tests/test_cppcheck_parser.py::TestCppcheckIntegrationWithFixtures::test_cppcheck_on_code_with_bugs SKIPPED [ 24%]
2026-01-30T14:50:33.3779653Z tests/test_cppcheck_parser.py::TestCppcheckGroupingAndFiltering::test_group_errors_by_id PASSED [ 24%]
2026-01-30T14:50:33.3792349Z tests/test_cppcheck_parser.py::TestCppcheckGroupingAndFiltering::test_group_errors_by_file PASSED [ 24%]
2026-01-30T14:50:33.3804530Z tests/test_cppcheck_parser.py::TestCppcheckGroupingAndFiltering::test_filter_by_severity PASSED [ 24%]
2026-01-30T14:50:33.3823823Z tests/test_cppcheck_parser.py::TestCppcheckConfigurationHandling::test_detect_cppcheck_suppressions_file PASSED [ 25%]
2026-01-30T14:50:33.3844495Z tests/test_cppcheck_parser.py::TestCppcheckConfigurationHandling::test_detect_suppressions_in_parent_directory PASSED [ 25%]
2026-01-30T14:50:33.3869845Z tests/test_cppcheck_parser.py::TestCppcheckConfigurationHandling::test_no_suppressions_file_returns_none PASSED [ 25%]
2026-01-30T14:50:33.4036004Z tests/test_file_collector.py::TestFullModeCollection::test_collect_all_python_files PASSED [ 25%]
2026-01-30T14:50:33.4194701Z tests/test_file_collector.py::TestFullModeCollection::test_collect_all_cpp_files PASSED [ 25%]
2026-01-30T14:50:33.4354864Z tests/test_file_collector.py::TestFullModeCollection::test_collect_all_languages PASSED [ 25%]
2026-01-30T14:50:33.4378959Z tests/test_file_collector.py::TestFullModeCollection::test_full_mode_without_git PASSED [ 26%]
2026-01-30T14:50:33.4607643Z tests/test_file_collector.py::TestIncrementalModeCollection::test_collect_modified_files PASSED [ 26%]
2026-01-30T14:50:33.4834320Z tests/test_file_collector.py::TestIncrementalModeCollection::test_collect_new_untracked_files PASSED [ 26%]
2026-01-30T14:50:33.5044872Z tests/test_file_collector.py::TestIncrementalModeCollection::test_collect_staged_files PASSED [ 26%]
2026-01-30T14:50:33.5302152Z tests/test_file_collector.py::TestIncrementalModeCollection::test_collect_both_staged_and_unstaged PASSED [ 26%]
2026-01-30T14:50:33.5521115Z tests/test_file_collector.py::TestIncrementalModeCollection::test_no_modifications_returns_empty PASSED [ 27%]
2026-01-30T14:50:33.5740528Z tests/test_file_collector.py::TestIncrementalModeCollection::test_handles_deleted_files PASSED [ 27%]
2026-01-30T14:50:33.5778731Z tests/test_file_collector.py::TestIncrementalModeCollection::test_incremental_without_git_falls_back_to_full PASSED [ 27%]
2026-01-30T14:50:33.5970757Z tests/test_file_collector.py::TestGitIntegration::test_detects_uncommitted_changes PASSED [ 27%]
2026-01-30T14:50:33.6162513Z tests/test_file_collector.py::TestGitIntegration::test_no_uncommitted_changes_in_clean_repo PASSED [ 27%]
2026-01-30T14:50:33.6331712Z tests/test_file_collector.py::TestGitIntegration::test_detects_git_repository PASSED [ 28%]
2026-01-30T14:50:33.6368380Z tests/test_file_collector.py::TestGitIntegration::test_detects_non_git_directory PASSED [ 28%]
2026-01-30T14:50:33.6627596Z tests/test_file_collector.py::TestGitIntegration::test_get_changed_files_across_commits PASSED [ 28%]
2026-01-30T14:50:33.6710384Z tests/test_file_collector.py::TestGitIntegration::test_empty_repository_returns_no_files PASSED [ 28%]
2026-01-30T14:50:33.6871690Z tests/test_file_collector.py::TestExclusionPatterns::test_respects_exclude_patterns PASSED [ 28%]
2026-01-30T14:50:33.7033908Z tests/test_file_collector.py::TestExclusionPatterns::test_default_exclusions_applied PASSED [ 29%]
2026-01-30T14:50:33.7198199Z tests/test_file_collector.py::TestLanguageFiltering::test_filters_by_language PASSED [ 29%]
2026-01-30T14:50:33.7363188Z tests/test_file_collector.py::TestLanguageFiltering::test_collects_multiple_languages PASSED [ 29%]
2026-01-30T14:50:33.7526415Z tests/test_file_collector.py::TestErrorHandling::test_invalid_language_raises_error PASSED [ 29%]
2026-01-30T14:50:33.7714240Z tests/test_file_collector.py::TestErrorHandling::test_invalid_commit_ref_raises_error PASSED [ 29%]
2026-01-30T14:50:33.7734478Z tests/test_file_collector.py::TestErrorHandling::test_handles_permission_errors_gracefully PASSED [ 30%]
2026-01-30T14:50:33.7760751Z tests/test_file_collector.py::TestErrorHandling::test_git_timeout_handled_in_is_git_repository PASSED [ 30%]
2026-01-30T14:50:33.7785282Z tests/test_file_collector.py::TestErrorHandling::test_git_not_found_handled_in_is_git_repository PASSED [ 30%]
2026-01-30T14:50:33.7955840Z tests/test_file_collector.py::TestErrorHandling::test_has_uncommitted_changes_handles_timeout PASSED [ 30%]
2026-01-30T14:50:33.8130885Z tests/test_file_collector.py::TestErrorHandling::test_has_uncommitted_changes_handles_subprocess_error PASSED [ 30%]
2026-01-30T14:50:33.8301840Z tests/test_file_collector.py::TestErrorHandling::test_get_changed_files_handles_timeout PASSED [ 30%]
2026-01-30T14:50:33.8529809Z tests/test_file_collector.py::TestPerformance::test_incremental_faster_than_full PASSED [ 31%]
2026-01-30T14:50:33.8693798Z tests/test_file_collector.py::TestCaching::test_caches_language_detection PASSED [ 31%]
2026-01-30T14:50:33.8972730Z tests/test_file_collector.py::TestCaching::test_cache_invalidated_on_changes PASSED [ 31%]
2026-01-30T14:50:33.8990364Z tests/test_flake8_parser.py::TestFlake8JSONParsing::test_parse_json_output_with_no_errors PASSED [ 31%]
2026-01-30T14:50:33.9003378Z tests/test_flake8_parser.py::TestFlake8JSONParsing::test_parse_json_output_with_e_series_errors PASSED [ 31%]
2026-01-30T14:50:33.9016284Z tests/test_flake8_parser.py::TestFlake8JSONParsing::test_parse_json_output_with_w_series_warnings PASSED [ 32%]
2026-01-30T14:50:33.9029097Z tests/test_flake8_parser.py::TestFlake8JSONParsing::test_parse_json_output_with_f_series_errors PASSED [ 32%]
2026-01-30T14:50:33.9041970Z tests/test_flake8_parser.py::TestFlake8JSONParsing::test_parse_json_output_with_c_series_complexity_warnings PASSED [ 32%]
2026-01-30T14:50:33.9055833Z tests/test_flake8_parser.py::TestFlake8JSONParsing::test_parse_multiple_files_with_mixed_results PASSED [ 32%]
2026-01-30T14:50:33.9068222Z tests/test_flake8_parser.py::TestFlake8CommandBuilding::test_build_command_with_default_options PASSED [ 32%]
2026-01-30T14:50:33.9080296Z tests/test_flake8_parser.py::TestFlake8CommandBuilding::test_build_command_with_ignore_list PASSED [ 33%]
2026-01-30T14:50:33.9092510Z tests/test_flake8_parser.py::TestFlake8CommandBuilding::test_build_command_with_max_line_length PASSED [ 33%]
2026-01-30T14:50:33.9105002Z tests/test_flake8_parser.py::TestFlake8CommandBuilding::test_build_command_with_select_rules PASSED [ 33%]
2026-01-30T14:50:33.9116874Z tests/test_flake8_parser.py::TestFlake8CommandBuilding::test_build_command_with_exclude_patterns PASSED [ 33%]
2026-01-30T14:50:33.9129137Z tests/test_flake8_parser.py::TestFlake8CommandBuilding::test_build_command_with_max_complexity PASSED [ 33%]
2026-01-30T14:50:33.9159933Z tests/test_flake8_parser.py::TestFlake8TextFormatParsing::test_parse_text_format_with_errors PASSED [ 34%]
2026-01-30T14:50:33.9171967Z tests/test_flake8_parser.py::TestFlake8TextFormatParsing::test_parse_text_format_with_no_output PASSED [ 34%]
2026-01-30T14:50:33.9198775Z tests/test_flake8_parser.py::TestFlake8ErrorHandling::test_error_when_flake8_not_installed PASSED [ 34%]
2026-01-30T14:50:33.9218716Z tests/test_flake8_parser.py::TestFlake8ErrorHandling::test_timeout_handling PASSED [ 34%]
2026-01-30T14:50:33.9230941Z tests/test_flake8_parser.py::TestFlake8ErrorHandling::test_invalid_json_handling PASSED [ 34%]
2026-01-30T14:50:33.9249398Z tests/test_flake8_parser.py::TestFlake8VersionDetection::test_version_detection PASSED [ 35%]
2026-01-30T14:50:33.9267727Z tests/test_flake8_parser.py::TestFlake8VersionDetection::test_version_detection_failure PASSED [ 35%]
2026-01-30T14:50:34.1086738Z tests/test_flake8_parser.py::TestFlake8IntegrationWithFixtures::test_flake8_on_good_python_code PASSED [ 35%]
2026-01-30T14:50:34.2390248Z tests/test_flake8_parser.py::TestFlake8IntegrationWithFixtures::test_flake8_on_style_violations_fixture PASSED [ 35%]
2026-01-30T14:50:34.3613191Z tests/test_flake8_parser.py::TestFlake8IntegrationWithFixtures::test_flake8_on_syntax_error_fixture PASSED [ 35%]
2026-01-30T14:50:34.4914967Z tests/test_flake8_parser.py::TestFlake8IntegrationWithFixtures::test_flake8_on_unused_imports_fixture PASSED [ 35%]
2026-01-30T14:50:34.4926212Z tests/test_flake8_parser.py::TestFlake8SeverityMapping::test_e_series_maps_to_error PASSED [ 36%]
2026-01-30T14:50:34.4937753Z tests/test_flake8_parser.py::TestFlake8SeverityMapping::test_w_series_maps_to_warning PASSED [ 36%]
2026-01-30T14:50:34.4949065Z tests/test_flake8_parser.py::TestFlake8SeverityMapping::test_f_series_maps_to_error PASSED [ 36%]
2026-01-30T14:50:34.4960129Z tests/test_flake8_parser.py::TestFlake8SeverityMapping::test_c_series_maps_to_warning PASSED [ 36%]
2026-01-30T14:50:34.4971179Z tests/test_flake8_parser.py::TestFlake8SeverityMapping::test_n_series_maps_to_warning PASSED [ 36%]
2026-01-30T14:50:34.4992277Z tests/test_flake8_parser.py::TestFlake8ConfigurationHandling::test_detect_flake8_config_file PASSED [ 37%]
2026-01-30T14:50:34.5012403Z tests/test_flake8_parser.py::TestFlake8ConfigurationHandling::test_detect_setup_cfg_flake8_section PASSED [ 37%]
2026-01-30T14:50:34.5035269Z tests/test_flake8_parser.py::TestFlake8ConfigurationHandling::test_detect_tox_ini_flake8_section PASSED [ 37%]
2026-01-30T14:50:34.5066460Z tests/test_isort_parser.py::TestIsortTextParsing::test_parse_output_all_imports_sorted PASSED [ 37%]
2026-01-30T14:50:34.5079361Z tests/test_isort_parser.py::TestIsortTextParsing::test_parse_output_imports_need_sorting PASSED [ 37%]
2026-01-30T14:50:34.5093470Z tests/test_isort_parser.py::TestIsortTextParsing::test_parse_multiple_files_with_errors PASSED [ 38%]
2026-01-30T14:50:34.5105919Z tests/test_isort_parser.py::TestIsortTextParsing::test_parse_windows_paths PASSED [ 38%]
2026-01-30T14:50:34.5118160Z tests/test_isort_parser.py::TestIsortTextParsing::test_parse_output_with_skipped_files PASSED [ 38%]
2026-01-30T14:50:34.5131145Z tests/test_isort_parser.py::TestIsortCommandBuilding::test_build_command_default_options PASSED [ 38%]
2026-01-30T14:50:34.5143145Z tests/test_isort_parser.py::TestIsortCommandBuilding::test_build_command_with_profile PASSED [ 38%]
2026-01-30T14:50:34.5154943Z tests/test_isort_parser.py::TestIsortCommandBuilding::test_build_command_with_line_length PASSED [ 39%]
2026-01-30T14:50:34.5166813Z tests/test_isort_parser.py::TestIsortCommandBuilding::test_build_command_with_multi_line_output PASSED [ 39%]
2026-01-30T14:50:34.5179067Z tests/test_isort_parser.py::TestIsortCommandBuilding::test_build_command_with_skip_patterns PASSED [ 39%]
2026-01-30T14:50:34.5191465Z tests/test_isort_parser.py::TestIsortCommandBuilding::test_build_command_with_force_single_line PASSED [ 39%]
2026-01-30T14:50:34.5203419Z tests/test_isort_parser.py::TestIsortCommandBuilding::test_build_command_with_diff PASSED [ 39%]
2026-01-30T14:50:34.5215768Z tests/test_isort_parser.py::TestIsortCommandBuilding::test_build_command_with_multiple_files PASSED [ 40%]
2026-01-30T14:50:34.5243444Z tests/test_isort_parser.py::TestIsortErrorHandling::test_error_when_isort_not_installed PASSED [ 40%]
2026-01-30T14:50:34.5263229Z tests/test_isort_parser.py::TestIsortErrorHandling::test_timeout_handling PASSED [ 40%]
2026-01-30T14:50:34.5275233Z tests/test_isort_parser.py::TestIsortErrorHandling::test_parse_syntax_error_in_file PASSED [ 40%]
2026-01-30T14:50:34.5303914Z tests/test_isort_parser.py::TestIsortVersionDetection::test_version_detection PASSED [ 40%]
2026-01-30T14:50:34.5323605Z tests/test_isort_parser.py::TestIsortVersionDetection::test_version_detection_failure PASSED [ 40%]
2026-01-30T14:50:34.6768378Z tests/test_isort_parser.py::TestIsortIntegrationWithFixtures::test_isort_on_sorted_python_code PASSED [ 41%]
2026-01-30T14:50:34.7862108Z tests/test_isort_parser.py::TestIsortIntegrationWithFixtures::test_isort_on_unsorted_imports_fixture PASSED [ 41%]
2026-01-30T14:50:34.7883524Z tests/test_isort_parser.py::TestIsortConfigurationHandling::test_detect_pyproject_toml PASSED [ 41%]
2026-01-30T14:50:34.7903836Z tests/test_isort_parser.py::TestIsortConfigurationHandling::test_detect_setup_cfg PASSED [ 41%]
2026-01-30T14:50:34.7924041Z tests/test_isort_parser.py::TestIsortConfigurationHandling::test_detect_isort_cfg PASSED [ 41%]
2026-01-30T14:50:34.7943741Z tests/test_isort_parser.py::TestIsortConfigurationHandling::test_no_config_file_returns_none PASSED [ 42%]
2026-01-30T14:50:34.7955761Z tests/test_isort_parser.py::TestIsortSuggestedFixes::test_generate_fix_command PASSED [ 42%]
2026-01-30T14:50:34.7970471Z tests/test_isort_parser.py::TestIsortSuggestedFixes::test_generate_fix_command_with_options PASSED [ 42%]
2026-01-30T14:50:34.8010420Z tests/test_language_detector.py::TestLanguageDetection::test_detect_python_files PASSED [ 42%]
2026-01-30T14:50:34.8050410Z tests/test_language_detector.py::TestLanguageDetection::test_detect_cpp_files PASSED [ 42%]
2026-01-30T14:50:34.8089311Z tests/test_language_detector.py::TestLanguageDetection::test_detect_mixed_language_project PASSED [ 43%]
2026-01-30T14:50:34.8114273Z tests/test_language_detector.py::TestLanguageDetection::test_detect_python_only_project PASSED [ 43%]
2026-01-30T14:50:34.8138959Z tests/test_language_detector.py::TestLanguageDetection::test_detect_cpp_only_project PASSED [ 43%]
2026-01-30T14:50:34.8161977Z tests/test_language_detector.py::TestLanguageDetection::test_detect_no_matching_files PASSED [ 43%]
2026-01-30T14:50:34.8196607Z tests/test_language_detector.py::TestLanguageDetection::test_get_files_returns_only_python PASSED [ 43%]
2026-01-30T14:50:34.8232760Z tests/test_language_detector.py::TestLanguageDetection::test_get_files_returns_only_cpp PASSED [ 44%]
2026-01-30T14:50:34.8271315Z tests/test_language_detector.py::TestExclusionPatterns::test_ignores_git_directory PASSED [ 44%]
2026-01-30T14:50:34.8310165Z tests/test_language_detector.py::TestExclusionPatterns::test_ignores_pycache_directory PASSED [ 44%]
2026-01-30T14:50:34.8355248Z tests/test_language_detector.py::TestExclusionPatterns::test_ignores_build_directory PASSED [ 44%]
2026-01-30T14:50:34.8398502Z tests/test_language_detector.py::TestExclusionPatterns::test_custom_exclude_patterns PASSED [ 44%]
2026-01-30T14:50:34.8438187Z tests/test_language_detector.py::TestConfigurationIntegration::test_respects_file_patterns_from_config PASSED [ 45%]
2026-01-30T14:50:34.8465634Z tests/test_language_detector.py::TestConfigurationIntegration::test_respects_cpp_patterns_from_config PASSED [ 45%]
2026-01-30T14:50:34.8476514Z tests/test_language_detector.py::TestSymbolicLinks::test_follows_symlinks_when_enabled SKIPPED [ 45%]
2026-01-30T14:50:34.8486854Z tests/test_language_detector.py::TestSymbolicLinks::test_ignores_symlinks_when_disabled SKIPPED [ 45%]
2026-01-30T14:50:34.8654854Z tests/test_language_detector.py::TestPerformance::test_performance_large_directory_tree PASSED [ 45%]
2026-01-30T14:50:34.8667981Z tests/test_language_detector.py::TestEdgeCases::test_nonexistent_directory_raises_error PASSED [ 45%]
2026-01-30T14:50:34.8689020Z tests/test_language_detector.py::TestEdgeCases::test_file_instead_of_directory_raises_error PASSED [ 46%]
2026-01-30T14:50:34.8720864Z tests/test_language_detector.py::TestEdgeCases::test_get_files_for_unknown_language_returns_empty PASSED [ 46%]
2026-01-30T14:50:34.8743742Z tests/test_language_detector.py::TestEdgeCases::test_empty_directory_returns_empty PASSED [ 46%]
2026-01-30T14:50:34.8760083Z tests/test_orchestrator.py::TestSequentialExecution::test_run_all_validators_sequentially PASSED [ 46%]
2026-01-30T14:50:34.8775785Z tests/test_orchestrator.py::TestSequentialExecution::test_validators_run_in_deterministic_order PASSED [ 46%]
2026-01-30T14:50:34.8806006Z tests/test_orchestrator.py::TestParallelExecution::test_run_all_validators_in_parallel PASSED [ 47%]
2026-01-30T14:50:35.2839612Z tests/test_orchestrator.py::TestParallelExecution::test_parallel_execution_faster_than_sequential PASSED [ 47%]
2026-01-30T14:50:35.2854958Z tests/test_orchestrator.py::TestLanguageFiltering::test_run_validators_for_specific_language PASSED [ 47%]
2026-01-30T14:50:35.2869423Z tests/test_orchestrator.py::TestLanguageFiltering::test_run_validators_for_cpp_language PASSED [ 47%]
2026-01-30T14:50:35.2883528Z tests/test_orchestrator.py::TestLanguageFiltering::test_run_validators_for_nonexistent_language PASSED [ 47%]
2026-01-30T14:50:35.2897978Z tests/test_orchestrator.py::TestSpecificValidatorExecution::test_run_specific_validator_by_name PASSED [ 48%]
2026-01-30T14:50:35.2917374Z tests/test_orchestrator.py::TestSpecificValidatorExecution::test_run_nonexistent_validator_raises_error PASSED [ 48%]
2026-01-30T14:50:35.2932700Z tests/test_orchestrator.py::TestResultAggregation::test_aggregate_results_all_passing PASSED [ 48%]
2026-01-30T14:50:35.2945253Z tests/test_orchestrator.py::TestResultAggregation::test_aggregate_results_with_failures PASSED [ 48%]
2026-01-30T14:50:35.2961207Z tests/test_orchestrator.py::TestResultAggregation::test_aggregate_results_counts_files_checked PASSED [ 48%]
2026-01-30T14:50:35.2975973Z tests/test_orchestrator.py::TestOverallPassFail::test_overall_pass_when_all_validators_pass PASSED [ 49%]
2026-01-30T14:50:35.2987914Z tests/test_orchestrator.py::TestOverallPassFail::test_overall_fail_when_any_validator_fails PASSED [ 49%]
2026-01-30T14:50:35.2999893Z tests/test_orchestrator.py::TestFailFastMode::test_fail_fast_stops_on_first_failure PASSED [ 49%]
2026-01-30T14:50:35.3011972Z tests/test_orchestrator.py::TestContinueOnFailureMode::test_continue_on_failure_runs_all_validators PASSED [ 49%]
2026-01-30T14:50:45.3035394Z tests/test_orchestrator.py::TestTimeoutHandling::test_timeout_handling_for_slow_validators PASSED [ 49%]
2026-01-30T14:50:45.3048801Z tests/test_orchestrator.py::TestValidatorCrashHandling::test_error_handling_when_validator_crashes PASSED [ 50%]
2026-01-30T14:50:45.3061331Z tests/test_orchestrator.py::TestToolNotFoundHandling::test_error_handling_when_tool_not_found PASSED [ 50%]
2026-01-30T14:50:45.3073861Z tests/test_orchestrator.py::TestMixedResults::test_result_collection_with_mixed_results PASSED [ 50%]
2026-01-30T14:50:45.6094851Z tests/test_orchestrator.py::TestExecutionTimeTracking::test_execution_time_tracking PASSED [ 50%]
2026-01-30T14:50:45.6110995Z tests/test_orchestrator.py::TestFileCountAggregation::test_file_count_aggregation PASSED [ 50%]
2026-01-30T14:50:45.6125213Z tests/test_orchestrator.py::TestFileCountAggregation::test_unique_files_counted PASSED [ 50%]
2026-01-30T14:50:45.6138782Z tests/test_orchestrator.py::TestEmptyFileList::test_run_with_empty_file_list PASSED [ 51%]
2026-01-30T14:50:45.6153527Z tests/test_orchestrator.py::TestConfigurationPassing::test_configuration_passed_to_validators PASSED [ 51%]
2026-01-30T14:50:45.6165491Z tests/test_parser_framework.py::TestFixtureDirectoryStructure::test_fixtures_directory_exists PASSED [ 51%]
2026-01-30T14:50:45.6177496Z tests/test_parser_framework.py::TestFixtureDirectoryStructure::test_python_fixtures_directory_exists PASSED [ 51%]
2026-01-30T14:50:45.6189201Z tests/test_parser_framework.py::TestFixtureDirectoryStructure::test_cpp_fixtures_directory_exists PASSED [ 51%]
2026-01-30T14:50:45.6201066Z tests/test_parser_framework.py::TestFixtureDirectoryStructure::test_sample_code_fixtures_directory_exists PASSED [ 52%]
2026-01-30T14:50:45.6214710Z tests/test_parser_framework.py::TestFixtureLoading::test_load_fixture_file_returns_content PASSED [ 52%]
2026-01-30T14:50:45.6228400Z tests/test_parser_framework.py::TestFixtureLoading::test_load_fixture_file_with_subdirectory PASSED [ 52%]
2026-01-30T14:50:45.6241684Z tests/test_parser_framework.py::TestFixtureLoading::test_load_fixture_file_preserves_encoding PASSED [ 52%]
2026-01-30T14:50:45.6254861Z tests/test_parser_framework.py::TestFixtureLoading::test_load_fixture_nonexistent_file_raises_error PASSED [ 52%]
2026-01-30T14:50:45.6267842Z tests/test_parser_framework.py::TestFixtureLoading::test_get_fixture_path_returns_absolute_path PASSED [ 53%]
2026-01-30T14:50:45.6290589Z tests/test_parser_framework.py::TestFixtureLoading::test_list_fixtures_in_directory PASSED [ 53%]
2026-01-30T14:50:45.6303244Z tests/test_parser_framework.py::TestParserHelpers::test_create_validation_result_helper PASSED [ 53%]
2026-01-30T14:50:45.6315788Z tests/test_parser_framework.py::TestParserHelpers::test_create_issue_helper PASSED [ 53%]
2026-01-30T14:50:45.6328282Z tests/test_parser_framework.py::TestParserHelpers::test_assert_validation_result_structure PASSED [ 53%]
2026-01-30T14:50:45.6340805Z tests/test_parser_framework.py::TestParserHelpers::test_assert_validation_result_invalid_structure_raises PASSED [ 54%]
2026-01-30T14:50:45.6353302Z tests/test_parser_framework.py::TestParserHelpers::test_assert_issue_structure PASSED [ 54%]
2026-01-30T14:50:45.6365843Z tests/test_parser_framework.py::TestParserHelpers::test_count_issues_by_severity PASSED [ 54%]
2026-01-30T14:50:45.6378390Z tests/test_parser_framework.py::TestParserHelpers::test_filter_issues_by_file PASSED [ 54%]
2026-01-30T14:50:45.6390755Z tests/test_parser_framework.py::TestParserHelpers::test_filter_issues_by_severity PASSED [ 54%]
2026-01-30T14:50:45.6409669Z tests/test_parser_framework.py::TestPythonFixtures::test_good_python_code_fixture_exists PASSED [ 55%]
2026-01-30T14:50:45.6424080Z tests/test_parser_framework.py::TestPythonFixtures::test_bad_python_syntax_error_fixture_exists PASSED [ 55%]
2026-01-30T14:50:45.6439502Z tests/test_parser_framework.py::TestPythonFixtures::test_bad_python_missing_imports_fixture_exists PASSED [ 55%]
2026-01-30T14:50:45.6455168Z tests/test_parser_framework.py::TestPythonFixtures::test_bad_python_unused_code_fixture_exists PASSED [ 55%]
2026-01-30T14:50:45.6471544Z tests/test_parser_framework.py::TestPythonFixtures::test_bad_python_style_violations_fixture_exists PASSED [ 55%]
2026-01-30T14:50:45.6489365Z tests/test_parser_framework.py::TestPythonFixtures::test_bad_python_unformatted_code_fixture_exists PASSED [ 55%]
2026-01-30T14:50:45.6502799Z tests/test_parser_framework.py::TestCppFixtures::test_good_cpp_code_fixture_exists PASSED [ 56%]
2026-01-30T14:50:45.6516415Z tests/test_parser_framework.py::TestCppFixtures::test_good_cpp_header_fixture_exists PASSED [ 56%]
2026-01-30T14:50:45.6529617Z tests/test_parser_framework.py::TestCppFixtures::test_bad_cpp_syntax_error_fixture_exists PASSED [ 56%]
2026-01-30T14:50:45.6542840Z tests/test_parser_framework.py::TestCppFixtures::test_bad_cpp_style_violations_fixture_exists PASSED [ 56%]
2026-01-30T14:50:45.6555942Z tests/test_parser_framework.py::TestCppFixtures::test_bad_cpp_static_analysis_issues_fixture_exists PASSED [ 56%]
2026-01-30T14:50:45.6567834Z tests/test_parser_framework.py::TestFixtureNamingConventions::test_readme_exists_in_fixtures_directory PASSED [ 57%]
2026-01-30T14:50:45.6580410Z tests/test_parser_framework.py::TestFixtureNamingConventions::test_readme_documents_naming_conventions PASSED [ 57%]
2026-01-30T14:50:45.6595339Z tests/test_parser_framework.py::TestFixtureNamingConventions::test_readme_documents_directory_structure PASSED [ 57%]
2026-01-30T14:50:45.6607035Z tests/test_pylint_parser.py::TestPylintJSONParsing::test_parse_json_output_with_no_issues PASSED [ 57%]
2026-01-30T14:50:45.6619080Z tests/test_pylint_parser.py::TestPylintJSONParsing::test_parse_convention_messages PASSED [ 57%]
2026-01-30T14:50:45.6630841Z tests/test_pylint_parser.py::TestPylintJSONParsing::test_parse_refactor_suggestions PASSED [ 58%]
2026-01-30T14:50:45.6642300Z tests/test_pylint_parser.py::TestPylintJSONParsing::test_parse_warnings PASSED [ 58%]
2026-01-30T14:50:45.6653889Z tests/test_pylint_parser.py::TestPylintJSONParsing::test_parse_errors PASSED [ 58%]
2026-01-30T14:50:45.6665469Z tests/test_pylint_parser.py::TestPylintJSONParsing::test_parse_fatal_errors PASSED [ 58%]
2026-01-30T14:50:45.6677723Z tests/test_pylint_parser.py::TestPylintJSONParsing::test_parse_multiple_issues_mixed_types PASSED [ 58%]
2026-01-30T14:50:45.6689172Z tests/test_pylint_parser.py::TestPylintJSONParsing::test_parse_with_score_information PASSED [ 59%]
2026-01-30T14:50:45.6700567Z tests/test_pylint_parser.py::TestPylintCommandBuilding::test_build_command_default_options PASSED [ 59%]
2026-01-30T14:50:45.6711813Z tests/test_pylint_parser.py::TestPylintCommandBuilding::test_build_command_with_disable_options PASSED [ 59%]
2026-01-30T14:50:45.6722938Z tests/test_pylint_parser.py::TestPylintCommandBuilding::test_build_command_with_enable_options PASSED [ 59%]
2026-01-30T14:50:45.6734003Z tests/test_pylint_parser.py::TestPylintCommandBuilding::test_build_command_with_max_line_length PASSED [ 59%]
2026-01-30T14:50:45.6744953Z tests/test_pylint_parser.py::TestPylintCommandBuilding::test_build_command_with_rcfile PASSED [ 60%]
2026-01-30T14:50:45.6756002Z tests/test_pylint_parser.py::TestPylintCommandBuilding::test_build_command_with_score_enabled PASSED [ 60%]
2026-01-30T14:50:45.6767378Z tests/test_pylint_parser.py::TestPylintCommandBuilding::test_build_command_with_score_disabled PASSED [ 60%]
2026-01-30T14:50:45.6778925Z tests/test_pylint_parser.py::TestPylintCommandBuilding::test_build_command_with_multiple_files PASSED [ 60%]
2026-01-30T14:50:45.6802301Z tests/test_pylint_parser.py::TestPylintErrorHandling::test_error_when_pylint_not_installed PASSED [ 60%]
2026-01-30T14:50:45.6819927Z tests/test_pylint_parser.py::TestPylintErrorHandling::test_timeout_handling PASSED [ 60%]
2026-01-30T14:50:45.6831892Z tests/test_pylint_parser.py::TestPylintErrorHandling::test_invalid_json_handling PASSED [ 61%]
2026-01-30T14:50:45.6858796Z tests/test_pylint_parser.py::TestPylintVersionDetection::test_version_detection PASSED [ 61%]
2026-01-30T14:50:45.6877572Z tests/test_pylint_parser.py::TestPylintVersionDetection::test_version_detection_pylint2 PASSED [ 61%]
2026-01-30T14:50:45.6894703Z tests/test_pylint_parser.py::TestPylintVersionDetection::test_version_detection_failure PASSED [ 61%]
2026-01-30T14:50:46.8200794Z tests/test_pylint_parser.py::TestPylintIntegrationWithFixtures::test_pylint_on_clean_python_code PASSED [ 61%]
2026-01-30T14:50:47.3531410Z tests/test_pylint_parser.py::TestPylintIntegrationWithFixtures::test_pylint_on_code_with_violations PASSED [ 62%]
2026-01-30T14:50:47.3552592Z tests/test_pylint_parser.py::TestPylintConfigurationHandling::test_detect_pylintrc PASSED [ 62%]
2026-01-30T14:50:47.3573068Z tests/test_pylint_parser.py::TestPylintConfigurationHandling::test_detect_pyproject_toml PASSED [ 62%]
2026-01-30T14:50:47.3595138Z tests/test_pylint_parser.py::TestPylintConfigurationHandling::test_detect_setup_cfg PASSED [ 62%]
2026-01-30T14:50:47.3615791Z tests/test_pylint_parser.py::TestPylintConfigurationHandling::test_priority_order_pylintrc_over_others PASSED [ 62%]
2026-01-30T14:50:47.3635414Z tests/test_pylint_parser.py::TestPylintConfigurationHandling::test_no_config_file_returns_none PASSED [ 63%]
2026-01-30T14:50:47.3656093Z tests/test_pylint_parser.py::TestPylintScoreExtraction::test_extract_score_from_text_output PASSED [ 63%]
2026-01-30T14:50:47.3667568Z tests/test_pylint_parser.py::TestPylintScoreExtraction::test_extract_score_with_previous_run PASSED [ 63%]
2026-01-30T14:50:47.3678751Z tests/test_pylint_parser.py::TestPylintScoreExtraction::test_extract_score_when_not_present PASSED [ 63%]
2026-01-30T14:50:47.3689977Z tests/test_pylint_parser.py::TestPylintScoreExtraction::test_extract_perfect_score PASSED [ 63%]
2026-01-30T14:50:47.3701944Z tests/test_pylint_parser.py::TestPylintSeverityMapping::test_convention_maps_to_warning PASSED [ 64%]
2026-01-30T14:50:47.3713444Z tests/test_pylint_parser.py::TestPylintSeverityMapping::test_refactor_maps_to_warning PASSED [ 64%]
2026-01-30T14:50:47.3724805Z tests/test_pylint_parser.py::TestPylintSeverityMapping::test_warning_maps_to_warning PASSED [ 64%]
2026-01-30T14:50:47.3736315Z tests/test_pylint_parser.py::TestPylintSeverityMapping::test_error_maps_to_error PASSED [ 64%]
2026-01-30T14:50:47.3750361Z tests/test_pylint_parser.py::TestPylintSeverityMapping::test_fatal_maps_to_error PASSED [ 64%]
2026-01-30T14:50:47.3764170Z tests/test_pytest_parser.py::TestPytestResultParsing::test_parse_output_all_tests_passed PASSED [ 65%]
2026-01-30T14:50:47.3777812Z tests/test_pytest_parser.py::TestPytestResultParsing::test_parse_output_with_test_failures PASSED [ 65%]
2026-01-30T14:50:47.3791202Z tests/test_pytest_parser.py::TestPytestResultParsing::test_parse_output_with_skipped_tests PASSED [ 65%]
2026-01-30T14:50:47.3804464Z tests/test_pytest_parser.py::TestPytestResultParsing::test_parse_parametrized_tests PASSED [ 65%]
2026-01-30T14:50:47.3817711Z tests/test_pytest_parser.py::TestPytestResultParsing::test_parse_test_durations PASSED [ 65%]
2026-01-30T14:50:47.3831068Z tests/test_pytest_parser.py::TestPytestResultParsing::test_identify_slowest_tests PASSED [ 65%]
2026-01-30T14:50:47.3844412Z tests/test_pytest_parser.py::TestPytestCoverageIntegration::test_parse_coverage_percentage PASSED [ 66%]
2026-01-30T14:50:47.3857618Z tests/test_pytest_parser.py::TestPytestCoverageIntegration::test_parse_coverage_per_module PASSED [ 66%]
2026-01-30T14:50:47.3870686Z tests/test_pytest_parser.py::TestPytestCoverageIntegration::test_parse_missing_lines PASSED [ 66%]
2026-01-30T14:50:47.3883864Z tests/test_pytest_parser.py::TestPytestCoverageIntegration::test_identify_modules_below_threshold PASSED [ 66%]
2026-01-30T14:50:47.3896959Z tests/test_pytest_parser.py::TestPytestCoverageIntegration::test_parse_branch_coverage PASSED [ 66%]
2026-01-30T14:50:47.3909530Z tests/test_pytest_parser.py::TestPytestCommandBuilding::test_build_command_default_options PASSED [ 67%]
2026-01-30T14:50:47.3921450Z tests/test_pytest_parser.py::TestPytestCommandBuilding::test_build_command_with_coverage PASSED [ 67%]
2026-01-30T14:50:47.3933249Z tests/test_pytest_parser.py::TestPytestCommandBuilding::test_build_command_with_markers PASSED [ 67%]
2026-01-30T14:50:47.3945075Z tests/test_pytest_parser.py::TestPytestCommandBuilding::test_build_command_with_keywords PASSED [ 67%]
2026-01-30T14:50:47.3957059Z tests/test_pytest_parser.py::TestPytestCommandBuilding::test_build_command_with_parallel_workers PASSED [ 67%]
2026-01-30T14:50:47.3969142Z tests/test_pytest_parser.py::TestPytestCommandBuilding::test_build_command_with_reruns PASSED [ 68%]
2026-01-30T14:50:47.3981107Z tests/test_pytest_parser.py::TestPytestCommandBuilding::test_build_command_with_verbose PASSED [ 68%]
2026-01-30T14:50:47.3993040Z tests/test_pytest_parser.py::TestPytestCommandBuilding::test_build_command_with_multiple_files PASSED [ 68%]
2026-01-30T14:50:47.4013639Z tests/test_pytest_parser.py::TestPytestErrorHandling::test_error_when_pytest_not_installed PASSED [ 68%]
2026-01-30T14:50:47.4031870Z tests/test_pytest_parser.py::TestPytestErrorHandling::test_timeout_handling PASSED [ 68%]
2026-01-30T14:50:47.4045974Z tests/test_pytest_parser.py::TestPytestErrorHandling::test_parse_with_invalid_json PASSED [ 69%]
2026-01-30T14:50:47.4067089Z tests/test_pytest_parser.py::TestPytestErrorHandling::test_error_when_coverage_plugin_missing PASSED [ 69%]
2026-01-30T14:50:47.4095432Z tests/test_pytest_parser.py::TestPytestVersionDetection::test_version_detection PASSED [ 69%]
2026-01-30T14:50:47.4113525Z tests/test_pytest_parser.py::TestPytestVersionDetection::test_version_detection_failure PASSED [ 69%]
2026-01-30T14:50:47.4124433Z tests/test_pytest_parser.py::TestPytestIntegrationWithFixtures::test_pytest_on_passing_test_suite SKIPPED [ 69%]
2026-01-30T14:50:47.4145321Z tests/test_pytest_parser.py::TestPytestIntegrationWithFixtures::test_pytest_on_failing_test_suite SKIPPED [ 70%]
2026-01-30T14:50:47.4155836Z tests/test_pytest_parser.py::TestPytestIntegrationWithFixtures::test_coverage_measurement SKIPPED [ 70%]
2026-01-30T14:50:47.4170669Z tests/test_pytest_parser.py::TestPytestFlakyTestDetection::test_detect_flaky_test PASSED [ 70%]
2026-01-30T14:50:47.4184536Z tests/test_pytest_parser.py::TestPytestFlakyTestDetection::test_no_flaky_tests PASSED [ 70%]
2026-01-30T14:50:47.4198580Z tests/test_pytest_parser.py::TestPytestSummaryStatistics::test_extract_summary_statistics PASSED [ 70%]
2026-01-30T14:50:47.4212287Z tests/test_pytest_parser.py::TestPytestSummaryStatistics::test_calculate_pass_rate PASSED [ 70%]
2026-01-30T14:50:47.4232699Z tests/test_pytest_parser.py::TestPytestConfigurationHandling::test_detect_pytest_ini PASSED [ 71%]
2026-01-30T14:50:47.4253932Z tests/test_pytest_parser.py::TestPytestConfigurationHandling::test_detect_pyproject_toml PASSED [ 71%]
2026-01-30T14:50:47.4275264Z tests/test_pytest_parser.py::TestPytestConfigurationHandling::test_detect_setup_cfg PASSED [ 71%]
2026-01-30T14:50:47.4298000Z tests/test_pytest_parser.py::TestPytestConfigurationHandling::test_no_config_file_returns_none PASSED [ 71%]
2026-01-30T14:50:47.4310714Z tests/test_radon_parser.py::TestRadonCyclomaticComplexity::test_parse_cc_output_with_no_functions PASSED [ 71%]
2026-01-30T14:50:47.4323259Z tests/test_radon_parser.py::TestRadonCyclomaticComplexity::test_parse_cc_output_with_low_complexity_functions PASSED [ 72%]
2026-01-30T14:50:47.4335926Z tests/test_radon_parser.py::TestRadonCyclomaticComplexity::test_parse_cc_output_with_high_complexity_functions PASSED [ 72%]
2026-01-30T14:50:47.4348706Z tests/test_radon_parser.py::TestRadonCyclomaticComplexity::test_parse_cc_output_with_multiple_functions PASSED [ 72%]
2026-01-30T14:50:47.4360772Z tests/test_radon_parser.py::TestRadonCyclomaticComplexity::test_parse_cc_output_with_methods PASSED [ 72%]
2026-01-30T14:50:47.4372852Z tests/test_radon_parser.py::TestRadonCyclomaticComplexity::test_parse_cc_output_with_closures PASSED [ 72%]
2026-01-30T14:50:47.4384987Z tests/test_radon_parser.py::TestRadonCyclomaticComplexity::test_parse_cc_complexity_ranks PASSED [ 73%]
2026-01-30T14:50:47.4397498Z tests/test_radon_parser.py::TestRadonMaintainabilityIndex::test_parse_mi_output_high_maintainability PASSED [ 73%]
2026-01-30T14:50:47.4409753Z tests/test_radon_parser.py::TestRadonMaintainabilityIndex::test_parse_mi_output_low_maintainability PASSED [ 73%]
2026-01-30T14:50:47.4422112Z tests/test_radon_parser.py::TestRadonMaintainabilityIndex::test_parse_mi_output_multiple_files PASSED [ 73%]
2026-01-30T14:50:47.4434152Z tests/test_radon_parser.py::TestRadonMaintainabilityIndex::test_parse_mi_ranks PASSED [ 73%]
2026-01-30T14:50:47.4446013Z tests/test_radon_parser.py::TestRadonRawMetrics::test_parse_raw_metrics PASSED [ 74%]
2026-01-30T14:50:47.4458344Z tests/test_radon_parser.py::TestRadonRawMetrics::test_parse_raw_metrics_multiple_files PASSED [ 74%]
2026-01-30T14:50:47.4470785Z tests/test_radon_parser.py::TestRadonCommandBuilding::test_build_cc_command_default_options PASSED [ 74%]
2026-01-30T14:50:47.4482849Z tests/test_radon_parser.py::TestRadonCommandBuilding::test_build_cc_command_with_min_grade PASSED [ 74%]
2026-01-30T14:50:47.4495127Z tests/test_radon_parser.py::TestRadonCommandBuilding::test_build_cc_command_with_show_closures PASSED [ 74%]
2026-01-30T14:50:47.4507379Z tests/test_radon_parser.py::TestRadonCommandBuilding::test_build_cc_command_with_exclude_patterns PASSED [ 75%]
2026-01-30T14:50:47.4519490Z tests/test_radon_parser.py::TestRadonCommandBuilding::test_build_mi_command_default_options PASSED [ 75%]
2026-01-30T14:50:47.4531201Z tests/test_radon_parser.py::TestRadonCommandBuilding::test_build_mi_command_with_show_details PASSED [ 75%]
2026-01-30T14:50:47.4543373Z tests/test_radon_parser.py::TestRadonCommandBuilding::test_build_raw_command_default_options PASSED [ 75%]
2026-01-30T14:50:47.4555670Z tests/test_radon_parser.py::TestRadonCommandBuilding::test_build_command_with_multiple_files PASSED [ 75%]
2026-01-30T14:50:47.4578304Z tests/test_radon_parser.py::TestRadonErrorHandling::test_error_when_radon_not_installed PASSED [ 75%]
2026-01-30T14:50:47.4596829Z tests/test_radon_parser.py::TestRadonErrorHandling::test_timeout_handling PASSED [ 76%]
2026-01-30T14:50:47.4609362Z tests/test_radon_parser.py::TestRadonErrorHandling::test_invalid_json_handling PASSED [ 76%]
2026-01-30T14:50:47.4636374Z tests/test_radon_parser.py::TestRadonVersionDetection::test_version_detection PASSED [ 76%]
2026-01-30T14:50:47.4654359Z tests/test_radon_parser.py::TestRadonVersionDetection::test_version_detection_failure PASSED [ 76%]
2026-01-30T14:50:47.5507507Z tests/test_radon_parser.py::TestRadonIntegrationWithFixtures::test_radon_cc_on_simple_python_code PASSED [ 76%]
2026-01-30T14:50:47.6278783Z tests/test_radon_parser.py::TestRadonIntegrationWithFixtures::test_radon_mi_on_python_code PASSED [ 77%]
2026-01-30T14:50:47.6291738Z tests/test_radon_parser.py::TestRadonComplexityAggregation::test_calculate_average_complexity PASSED [ 77%]
2026-01-30T14:50:47.6304229Z tests/test_radon_parser.py::TestRadonComplexityAggregation::test_calculate_average_complexity_with_empty_data PASSED [ 77%]
2026-01-30T14:50:47.6316675Z tests/test_radon_parser.py::TestRadonComplexityAggregation::test_identify_high_complexity_functions PASSED [ 77%]
2026-01-30T14:50:47.6338956Z tests/test_radon_parser.py::TestRadonConfigurationHandling::test_detect_radon_config_in_pyproject_toml PASSED [ 77%]
2026-01-30T14:50:47.6360252Z tests/test_radon_parser.py::TestRadonConfigurationHandling::test_detect_radon_config_in_setup_cfg PASSED [ 78%]
2026-01-30T14:50:47.6383038Z tests/test_radon_parser.py::TestRadonConfigurationHandling::test_no_config_file_returns_none PASSED [ 78%]
2026-01-30T14:50:47.6400147Z tests/test_reporting.py::TestReportSummary::test_summary_from_passing_results PASSED [ 78%]
2026-01-30T14:50:47.6413564Z tests/test_reporting.py::TestReportSummary::test_summary_from_failing_results PASSED [ 78%]
2026-01-30T14:50:47.6425485Z tests/test_reporting.py::TestReportSummary::test_summary_with_empty_results PASSED [ 78%]
2026-01-30T14:50:47.6438655Z tests/test_reporting.py::TestReportSummary::test_summary_to_dict PASSED  [ 79%]
2026-01-30T14:50:47.6452808Z tests/test_reporting.py::TestConsoleReporter::test_generate_report_all_passing PASSED [ 79%]
2026-01-30T14:50:47.6467140Z tests/test_reporting.py::TestConsoleReporter::test_generate_report_with_failures PASSED [ 79%]
2026-01-30T14:50:47.6480938Z tests/test_reporting.py::TestConsoleReporter::test_report_includes_execution_times PASSED [ 79%]
2026-01-30T14:50:47.6494950Z tests/test_reporting.py::TestConsoleReporter::test_report_shows_overall_pass_fail PASSED [ 79%]
2026-01-30T14:50:47.6508810Z tests/test_reporting.py::TestConsoleReporter::test_report_groups_issues_by_file PASSED [ 80%]
2026-01-30T14:50:47.6522898Z tests/test_reporting.py::TestConsoleReporter::test_report_groups_issues_by_validator PASSED [ 80%]
2026-01-30T14:50:47.6538228Z tests/test_reporting.py::TestConsoleReporter::test_report_shows_summary_statistics PASSED [ 80%]
2026-01-30T14:50:47.6552180Z tests/test_reporting.py::TestConsoleReporter::test_colored_output_enabled PASSED [ 80%]
2026-01-30T14:50:47.6565456Z tests/test_reporting.py::TestConsoleReporter::test_plain_text_output PASSED [ 80%]
2026-01-30T14:50:47.6579644Z tests/test_reporting.py::TestConsoleReporter::test_verbose_mode_includes_all_details PASSED [ 80%]
2026-01-30T14:50:47.6593387Z tests/test_reporting.py::TestConsoleReporter::test_quiet_mode_shows_only_errors PASSED [ 81%]
2026-01-30T14:50:47.6606869Z tests/test_reporting.py::TestConsoleReporter::test_report_with_box_drawing_characters PASSED [ 81%]
2026-01-30T14:50:47.6620555Z tests/test_reporting.py::TestConsoleReporter::test_report_without_box_drawing PASSED [ 81%]
2026-01-30T14:50:47.6632677Z tests/test_reporting.py::TestConsoleReporter::test_empty_results_report PASSED [ 81%]
2026-01-30T14:50:47.6651105Z tests/test_reporting.py::TestJSONReporter::test_generate_json_report_all_passing PASSED [ 81%]
2026-01-30T14:50:47.6674475Z tests/test_reporting.py::TestJSONReporter::test_generate_json_report_with_failures PASSED [ 82%]
2026-01-30T14:50:47.6697938Z tests/test_reporting.py::TestJSONReporter::test_json_report_includes_all_errors PASSED [ 82%]
2026-01-30T14:50:47.6721493Z tests/test_reporting.py::TestJSONReporter::test_json_report_includes_warnings PASSED [ 82%]
2026-01-30T14:50:47.6739034Z tests/test_reporting.py::TestJSONReporter::test_json_report_includes_execution_times PASSED [ 82%]
2026-01-30T14:50:47.6756259Z tests/test_reporting.py::TestJSONReporter::test_json_report_includes_file_counts PASSED [ 82%]
2026-01-30T14:50:47.6775880Z tests/test_reporting.py::TestJSONReporter::test_json_report_structure PASSED [ 83%]
2026-01-30T14:50:47.6793282Z tests/test_reporting.py::TestJSONReporter::test_json_report_with_indent PASSED [ 83%]
2026-01-30T14:50:47.6810278Z tests/test_reporting.py::TestJSONReporter::test_json_report_without_indent PASSED [ 83%]
2026-01-30T14:50:47.6836606Z tests/test_reporting.py::TestJSONReporter::test_json_report_file_export PASSED [ 83%]
2026-01-30T14:50:47.6850562Z tests/test_reporting.py::TestJSONReporter::test_json_report_empty_results PASSED [ 83%]
2026-01-30T14:50:47.6862834Z tests/test_reporting.py::TestReportFormatting::test_format_duration_seconds PASSED [ 84%]
2026-01-30T14:50:47.6875073Z tests/test_reporting.py::TestReportFormatting::test_format_duration_milliseconds PASSED [ 84%]
2026-01-30T14:50:47.6887575Z tests/test_reporting.py::TestReportFormatting::test_format_file_path_relative PASSED [ 84%]
2026-01-30T14:50:47.6901600Z tests/test_reporting.py::TestReportFormatting::test_format_file_path_absolute PASSED [ 84%]
2026-01-30T14:50:47.6913257Z tests/test_reporting.py::TestReportFormatting::test_format_issue_location PASSED [ 84%]
2026-01-30T14:50:47.6925345Z tests/test_reporting.py::TestReportFormatting::test_format_issue_location_without_column PASSED [ 85%]
2026-01-30T14:50:47.6938616Z tests/test_reporting.py::TestColorSupport::test_detect_color_support_tty PASSED [ 85%]
2026-01-30T14:50:47.6951416Z tests/test_reporting.py::TestColorSupport::test_detect_color_support_no_tty PASSED [ 85%]
2026-01-30T14:50:47.6964363Z tests/test_reporting.py::TestColorSupport::test_detect_color_support_no_color_env PASSED [ 85%]
2026-01-30T14:50:47.6986473Z tests/test_reporting.py::TestReportExport::test_export_console_report_to_file PASSED [ 85%]
2026-01-30T14:50:47.7013464Z tests/test_reporting.py::TestReportExport::test_export_json_report_to_file PASSED [ 85%]
2026-01-30T14:50:47.7044261Z tests/test_reporting.py::TestIssueGrouping::test_group_issues_by_file PASSED [ 86%]
2026-01-30T14:50:47.7045495Z tests/test_reporting.py::TestIssueGrouping::test_group_issues_by_validator PASSED [ 86%]
2026-01-30T14:50:47.7054989Z tests/test_reporting.py::TestIssueGrouping::test_group_issues_by_severity PASSED [ 86%]
2026-01-30T14:50:47.7067025Z tests/test_validator_interface.py::TestValidationResult::test_validation_result_creation PASSED [ 86%]
2026-01-30T14:50:47.7078624Z tests/test_validator_interface.py::TestValidationResult::test_validation_result_with_errors PASSED [ 86%]
2026-01-30T14:50:47.7090058Z tests/test_validator_interface.py::TestValidationResult::test_validation_result_to_dict PASSED [ 87%]
2026-01-30T14:50:47.7101664Z tests/test_validator_interface.py::TestValidationResult::test_validation_result_from_dict PASSED [ 87%]
2026-01-30T14:50:47.7113228Z tests/test_validator_interface.py::TestValidationResult::test_validation_result_equality PASSED [ 87%]
2026-01-30T14:50:47.7124848Z tests/test_validator_interface.py::TestValidationResult::test_validation_result_with_empty_lists PASSED [ 87%]
2026-01-30T14:50:47.7136194Z tests/test_validator_interface.py::TestIssue::test_issue_creation_with_all_fields PASSED [ 87%]
2026-01-30T14:50:47.7147676Z tests/test_validator_interface.py::TestIssue::test_issue_creation_with_optional_fields PASSED [ 88%]
2026-01-30T14:50:47.7170095Z tests/test_validator_interface.py::TestIssue::test_issue_severity_validation_error PASSED [ 88%]
2026-01-30T14:50:47.7181905Z tests/test_validator_interface.py::TestIssue::test_issue_to_dict PASSED  [ 88%]
2026-01-30T14:50:47.7206875Z tests/test_validator_interface.py::TestValidator::test_validator_abstract_methods_raise_not_implemented PASSED [ 88%]
2026-01-30T14:50:47.7218781Z tests/test_validator_interface.py::TestValidator::test_validator_subclass_must_implement_methods PASSED [ 88%]
2026-01-30T14:50:47.7232626Z tests/test_validator_interface.py::TestValidator::test_validator_complete_subclass PASSED [ 89%]
2026-01-30T14:50:47.7245901Z tests/test_validator_registry.py::TestValidatorRegistration::test_register_validator_by_language PASSED [ 89%]
2026-01-30T14:50:47.7259648Z tests/test_validator_registry.py::TestValidatorRegistration::test_register_multiple_validators_same_language PASSED [ 89%]
2026-01-30T14:50:47.7273169Z tests/test_validator_registry.py::TestValidatorRegistration::test_register_validators_different_languages PASSED [ 89%]
2026-01-30T14:50:47.7294429Z tests/test_validator_registry.py::TestValidatorRegistration::test_register_duplicate_validator_raises_error PASSED [ 89%]
2026-01-30T14:50:47.7307987Z tests/test_validator_registry.py::TestValidatorRetrieval::test_get_validators_by_language PASSED [ 90%]
2026-01-30T14:50:47.7320020Z tests/test_validator_registry.py::TestValidatorRetrieval::test_get_validators_by_nonexistent_language PASSED [ 90%]
2026-01-30T14:50:47.7333149Z tests/test_validator_registry.py::TestValidatorRetrieval::test_get_validator_by_name PASSED [ 90%]
2026-01-30T14:50:47.7345670Z tests/test_validator_registry.py::TestValidatorRetrieval::test_get_nonexistent_validator_raises_error PASSED [ 90%]
2026-01-30T14:50:47.7358711Z tests/test_validator_registry.py::TestValidatorRetrieval::test_get_validator_case_sensitive PASSED [ 90%]
2026-01-30T14:50:47.7371447Z tests/test_validator_registry.py::TestValidatorAvailability::test_validator_availability_check_exists PASSED [ 90%]
2026-01-30T14:50:47.7383354Z tests/test_validator_registry.py::TestValidatorAvailability::test_validator_availability_check_not_exists PASSED [ 91%]
2026-01-30T14:50:47.7396553Z tests/test_validator_registry.py::TestValidatorListing::test_list_all_registered_validators PASSED [ 91%]
2026-01-30T14:50:47.7408589Z tests/test_validator_registry.py::TestValidatorListing::test_list_all_empty_registry PASSED [ 91%]
2026-01-30T14:50:47.7422429Z tests/test_validator_registry.py::TestValidatorListing::test_list_validators_for_specific_language PASSED [ 91%]
2026-01-30T14:50:47.7434576Z tests/test_validator_registry.py::TestValidatorOrdering::test_validator_ordering_deterministic PASSED [ 91%]
2026-01-30T14:50:47.7447431Z tests/test_validator_registry.py::TestValidatorMetadata::test_get_validator_metadata PASSED [ 92%]
2026-01-30T14:50:47.7460522Z tests/test_validator_registry.py::TestValidatorMetadata::test_get_metadata_for_nonexistent_validator PASSED [ 92%]
2026-01-30T14:50:47.7474024Z tests/test_validator_registry.py::TestValidatorMetadata::test_list_all_metadata PASSED [ 92%]
2026-01-30T14:50:47.7486481Z tests/test_validator_registry.py::TestValidatorFiltering::test_filter_validators_by_enabled_status PASSED [ 92%]
2026-01-30T14:50:47.7499064Z tests/test_validator_registry.py::TestValidatorFiltering::test_filter_by_language_and_names PASSED [ 92%]
2026-01-30T14:50:47.7510531Z tests/test_validator_registry.py::TestRegistrySingleton::test_multiple_registry_instances_independent PASSED [ 93%]
2026-01-30T14:50:47.7522555Z tests/test_validator_registry.py::TestEdgeCases::test_get_validators_with_empty_language_string PASSED [ 93%]
2026-01-30T14:50:47.7543660Z tests/test_validator_registry.py::TestEdgeCases::test_register_validator_with_empty_name_raises_error PASSED [ 93%]
2026-01-30T14:50:47.7566259Z tests/test_validator_registry.py::TestEdgeCases::test_register_validator_with_empty_language_raises_error PASSED [ 93%]
2026-01-30T14:50:47.7579143Z tests/test_validator_registry.py::TestEdgeCases::test_unregister_validator PASSED [ 93%]
2026-01-30T14:50:47.7591693Z tests/test_validator_registry.py::TestEdgeCases::test_unregister_nonexistent_validator_raises_error PASSED [ 94%]
2026-01-30T14:50:47.7607121Z tests/test_validator_registry.py::TestEdgeCases::test_clear_registry PASSED [ 94%]
2026-01-30T14:50:47.7619131Z tests/test_vulture_parser.py::TestVultureUnusedCodeDetection::test_parse_output_with_no_unused_code PASSED [ 94%]
2026-01-30T14:50:47.7650892Z tests/test_vulture_parser.py::TestVultureUnusedCodeDetection::test_parse_unused_function_detection PASSED [ 94%]
2026-01-30T14:50:47.7662839Z tests/test_vulture_parser.py::TestVultureUnusedCodeDetection::test_parse_unused_method_detection PASSED [ 94%]
2026-01-30T14:50:47.7674540Z tests/test_vulture_parser.py::TestVultureUnusedCodeDetection::test_parse_unused_class_detection PASSED [ 95%]
2026-01-30T14:50:47.7686873Z tests/test_vulture_parser.py::TestVultureUnusedCodeDetection::test_parse_unused_variable_detection PASSED [ 95%]
2026-01-30T14:50:47.7698462Z tests/test_vulture_parser.py::TestVultureUnusedCodeDetection::test_parse_unused_import_detection PASSED [ 95%]
2026-01-30T14:50:47.7709779Z tests/test_vulture_parser.py::TestVultureUnusedCodeDetection::test_parse_unused_property_detection PASSED [ 95%]
2026-01-30T14:50:47.7721346Z tests/test_vulture_parser.py::TestVultureUnusedCodeDetection::test_parse_multiple_unused_items PASSED [ 95%]
2026-01-30T14:50:47.7733510Z tests/test_vulture_parser.py::TestVultureUnusedCodeDetection::test_filter_by_minimum_confidence_threshold PASSED [ 95%]
2026-01-30T14:50:47.7745561Z tests/test_vulture_parser.py::TestVultureCommandBuilding::test_build_command_default_options PASSED [ 96%]
2026-01-30T14:50:47.7757041Z tests/test_vulture_parser.py::TestVultureCommandBuilding::test_build_command_with_min_confidence PASSED [ 96%]
2026-01-30T14:50:47.7768703Z tests/test_vulture_parser.py::TestVultureCommandBuilding::test_build_command_with_exclude_patterns PASSED [ 96%]
2026-01-30T14:50:47.7780258Z tests/test_vulture_parser.py::TestVultureCommandBuilding::test_build_command_with_ignore_decorators PASSED [ 96%]
2026-01-30T14:50:47.7791478Z tests/test_vulture_parser.py::TestVultureCommandBuilding::test_build_command_with_ignore_names PASSED [ 96%]
2026-01-30T14:50:47.7802583Z tests/test_vulture_parser.py::TestVultureCommandBuilding::test_build_command_with_make_whitelist PASSED [ 97%]
2026-01-30T14:50:47.7813993Z tests/test_vulture_parser.py::TestVultureCommandBuilding::test_build_command_with_sort_by_size PASSED [ 97%]
2026-01-30T14:50:47.7832717Z tests/test_vulture_parser.py::TestVultureErrorHandling::test_error_when_vulture_not_installed PASSED [ 97%]
2026-01-30T14:50:47.7851795Z tests/test_vulture_parser.py::TestVultureErrorHandling::test_timeout_handling PASSED [ 97%]
2026-01-30T14:50:47.7863168Z tests/test_vulture_parser.py::TestVultureErrorHandling::test_parse_with_empty_output PASSED [ 97%]
2026-01-30T14:50:47.7889626Z tests/test_vulture_parser.py::TestVultureVersionDetection::test_version_detection PASSED [ 98%]
2026-01-30T14:50:47.7908736Z tests/test_vulture_parser.py::TestVultureVersionDetection::test_version_detection_failure PASSED [ 98%]
2026-01-30T14:50:47.7918952Z tests/test_vulture_parser.py::TestVultureIntegrationWithFixtures::test_vulture_on_code_with_unused_items SKIPPED [ 98%]
2026-01-30T14:50:47.7928627Z tests/test_vulture_parser.py::TestVultureIntegrationWithFixtures::test_vulture_on_clean_code SKIPPED [ 98%]
2026-01-30T14:50:47.7940069Z tests/test_vulture_parser.py::TestVultureStatistics::test_group_unused_items_by_type PASSED [ 98%]
2026-01-30T14:50:47.7951083Z tests/test_vulture_parser.py::TestVultureStatistics::test_calculate_total_unused_count PASSED [ 99%]
2026-01-30T14:50:47.7972673Z tests/test_vulture_parser.py::TestVultureStatistics::test_extract_confidence_scores PASSED [ 99%]
2026-01-30T14:50:47.7984074Z tests/test_vulture_parser.py::TestVultureStatistics::test_calculate_average_confidence PASSED [ 99%]
2026-01-30T14:50:47.8005051Z tests/test_vulture_parser.py::TestVultureConfigurationHandling::test_detect_vulture_config_in_pyproject_toml PASSED [ 99%]
2026-01-30T14:50:47.8026560Z tests/test_vulture_parser.py::TestVultureConfigurationHandling::test_detect_vulture_config_in_setup_cfg PASSED [ 99%]
2026-01-30T14:50:48.7857390Z tests/test_vulture_parser.py::TestVultureConfigurationHandling::test_no_config_file_returns_none PASSED [100%]
2026-01-30T14:50:48.7858250Z 
2026-01-30T14:50:48.7858444Z ================================ tests coverage ================================
2026-01-30T14:50:48.7859062Z _______________ coverage: platform linux, python 3.12.12-final-0 _______________
2026-01-30T14:50:48.7859474Z 
2026-01-30T14:50:48.7859654Z Name                                  Stmts   Miss  Cover   Missing
2026-01-30T14:50:48.7860145Z -------------------------------------------------------------------
2026-01-30T14:50:48.7860677Z anvil/__init__.py                         2      0   100%
2026-01-30T14:50:48.7861153Z anvil/config/__init__.py                  2      0   100%
2026-01-30T14:50:48.7861747Z anvil/config/configuration.py            91      3    97%   265, 280, 302
2026-01-30T14:50:48.7862315Z anvil/core/__init__.py                    5      0   100%
2026-01-30T14:50:48.7863191Z anvil/core/file_collector.py            106      9    92%   92, 157, 211-213, 300-303, 319
2026-01-30T14:50:48.7863920Z anvil/core/language_detector.py          72     13    82%   169-170, 187, 209-224
2026-01-30T14:50:48.7864596Z anvil/core/orchestrator.py               90      8    91%   99, 125, 245-251
2026-01-30T14:50:48.7865180Z anvil/core/validator_registry.py         62      0   100%
2026-01-30T14:50:48.7865710Z anvil/models/__init__.py                  2      0   100%
2026-01-30T14:50:48.7866205Z anvil/models/validator.py                34      0   100%
2026-01-30T14:50:48.7866683Z anvil/parsers/__init__.py                11      0   100%
2026-01-30T14:50:48.7867369Z anvil/parsers/autoflake_parser.py       105      8    92%   95, 162, 214, 264, 276, 279, 287-288
2026-01-30T14:50:48.7868030Z anvil/parsers/black_parser.py           117     17    85%   97-106, 131, 146, 188-192, 258-260, 315, 324-329
2026-01-30T14:50:48.7868760Z anvil/parsers/clang_tidy_parser.py      190     34    82%   50, 113-116, 136-138, 158-175, 195, 214, 225-226, 302, 323, 387, 420, 430-431, 453, 464-465, 488, 494-495, 525
2026-01-30T14:50:48.7869533Z anvil/parsers/cppcheck_parser.py        165     15    91%   128, 156-158, 191, 200, 258, 279, 343, 392-393, 416, 431-432, 471-472
2026-01-30T14:50:48.7870126Z anvil/parsers/flake8_parser.py          122     11    91%   32, 50, 134, 141, 165-169, 194, 303-305, 358
2026-01-30T14:50:48.7870630Z anvil/parsers/isort_parser.py            96      9    91%   199-203, 271, 275-276, 280, 284
2026-01-30T14:50:48.7871064Z anvil/parsers/pylint_parser.py           93      1    99%   211
2026-01-30T14:50:48.7871614Z anvil/parsers/pytest_parser.py          206     26    87%   90-94, 128, 184-186, 207-208, 229-231, 263-265, 289, 365-386, 442-443, 470-471, 490
2026-01-30T14:50:48.7872435Z anvil/parsers/radon_parser.py           182     26    86%   57, 87-97, 337-340, 361-375, 419-420, 444, 497, 505-506, 531, 541-544
2026-01-30T14:50:48.7873022Z anvil/parsers/vulture_parser.py         118      8    93%   44, 102, 169, 186-187, 211, 262, 333
2026-01-30T14:50:48.7873453Z anvil/reporting/__init__.py               4      0   100%
2026-01-30T14:50:48.7873855Z anvil/reporting/console_reporter.py     134      9    93%   96, 142, 177, 201-206, 252
2026-01-30T14:50:48.7874309Z anvil/reporting/formatters.py            21      3    86%   41, 51-53
2026-01-30T14:50:48.7874686Z anvil/reporting/grouping.py              21      0   100%
2026-01-30T14:50:48.7875025Z anvil/reporting/json_reporter.py         19      1    95%   42
2026-01-30T14:50:48.7875367Z anvil/reporting/reporter.py              31      0   100%
2026-01-30T14:50:48.7875694Z -------------------------------------------------------------------
2026-01-30T14:50:48.7876004Z TOTAL                                  2101    201    90%
2026-01-30T14:50:48.7876277Z Coverage HTML written to dir htmlcov
2026-01-30T14:50:48.7876534Z Coverage XML written to file coverage.xml
2026-01-30T14:50:48.7876851Z Required test coverage of 90% reached. Total coverage: 90.43%
2026-01-30T14:50:48.7877338Z ======================= 509 passed, 11 skipped in 20.69s =======================
2026-01-30T14:50:48.8421880Z Post job cleanup.
2026-01-30T14:50:49.0041601Z Post job cleanup.
2026-01-30T14:50:49.0986763Z [command]/usr/bin/git version
2026-01-30T14:50:49.1022589Z git version 2.52.0
2026-01-30T14:50:49.1067525Z Temporarily overriding HOME='/home/runner/work/_temp/2ef55b9b-a1b3-4d3f-9fd2-b6260813bac9' before making global git config changes
2026-01-30T14:50:49.1068909Z Adding repository directory to the temporary git global config as a safe directory
2026-01-30T14:50:49.1074343Z [command]/usr/bin/git config --global --add safe.directory /home/runner/work/argos/argos
2026-01-30T14:50:49.1109975Z [command]/usr/bin/git config --local --name-only --get-regexp core\.sshCommand
2026-01-30T14:50:49.1142375Z [command]/usr/bin/git submodule foreach --recursive sh -c "git config --local --name-only --get-regexp 'core\.sshCommand' && git config --local --unset-all 'core.sshCommand' || :"
2026-01-30T14:50:49.1374276Z [command]/usr/bin/git config --local --name-only --get-regexp http\.https\:\/\/github\.com\/\.extraheader
2026-01-30T14:50:49.1395254Z http.https://github.com/.extraheader
2026-01-30T14:50:49.1407758Z [command]/usr/bin/git config --local --unset-all http.https://github.com/.extraheader
2026-01-30T14:50:49.1437871Z [command]/usr/bin/git submodule foreach --recursive sh -c "git config --local --name-only --get-regexp 'http\.https\:\/\/github\.com\/\.extraheader' && git config --local --unset-all 'http.https://github.com/.extraheader' || :"
2026-01-30T14:50:49.1657327Z [command]/usr/bin/git config --local --name-only --get-regexp ^includeIf\.gitdir:
2026-01-30T14:50:49.1687370Z [command]/usr/bin/git submodule foreach --recursive git config --local --show-origin --name-only --get-regexp remote.origin.url
2026-01-30T14:50:49.2011044Z Cleaning up orphan processes
