2026-01-30T14:50:15.5535453Z Current runner version: '2.331.0'
2026-01-30T14:50:15.5561010Z ##[group]Runner Image Provisioner
2026-01-30T14:50:15.5561912Z Hosted Compute Agent
2026-01-30T14:50:15.5562497Z Version: 20260123.484
2026-01-30T14:50:15.5563100Z Commit: 6bd6555ca37d84114959e1c76d2c01448ff61c5d
2026-01-30T14:50:15.5563742Z Build Date: 2026-01-23T19:41:17Z
2026-01-30T14:50:15.5564730Z Worker ID: {83e0c23e-0c4f-4a9a-922a-3f0f29ba181f}
2026-01-30T14:50:15.5565532Z Azure Region: westus
2026-01-30T14:50:15.5566022Z ##[endgroup]
2026-01-30T14:50:15.5567599Z ##[group]Operating System
2026-01-30T14:50:15.5568185Z Ubuntu
2026-01-30T14:50:15.5568641Z 24.04.3
2026-01-30T14:50:15.5569038Z LTS
2026-01-30T14:50:15.5569599Z ##[endgroup]
2026-01-30T14:50:15.5570055Z ##[group]Runner Image
2026-01-30T14:50:15.5570567Z Image: ubuntu-24.04
2026-01-30T14:50:15.5571147Z Version: 20260126.10.1
2026-01-30T14:50:15.5572298Z Included Software: https://github.com/actions/runner-images/blob/ubuntu24/20260126.10/images/ubuntu/Ubuntu2404-Readme.md
2026-01-30T14:50:15.5573837Z Image Release: https://github.com/actions/runner-images/releases/tag/ubuntu24%2F20260126.10
2026-01-30T14:50:15.5575088Z ##[endgroup]
2026-01-30T14:50:15.5576281Z ##[group]GITHUB_TOKEN Permissions
2026-01-30T14:50:15.5578295Z Contents: read
2026-01-30T14:50:15.5578799Z Metadata: read
2026-01-30T14:50:15.5579418Z Packages: read
2026-01-30T14:50:15.5579867Z ##[endgroup]
2026-01-30T14:50:15.5582209Z Secret source: Actions
2026-01-30T14:50:15.5582957Z Prepare workflow directory
2026-01-30T14:50:15.5968064Z Prepare all required actions
2026-01-30T14:50:15.6027514Z Getting action download info
2026-01-30T14:50:16.0695107Z Download action repository 'actions/checkout@v4' (SHA:34e114876b0b11c390a56381ad16ebd13914f8d5)
2026-01-30T14:50:16.1720544Z Download action repository 'actions/setup-python@v5' (SHA:a26af69be951a213d495a4c3e4e4022e16d87065)
2026-01-30T14:50:16.2524186Z Download action repository 'codecov/codecov-action@v4' (SHA:b9fd7d16f6d7d1b5d2bec1a2887e65ceed900238)
2026-01-30T14:50:16.8851531Z Complete job name: test (ubuntu-latest, 3.8)
2026-01-30T14:50:16.9526966Z ##[group]Run actions/checkout@v4
2026-01-30T14:50:16.9527906Z with:
2026-01-30T14:50:16.9528349Z   repository: lmvcruz/argos
2026-01-30T14:50:16.9529095Z   token: ***
2026-01-30T14:50:16.9529520Z   ssh-strict: true
2026-01-30T14:50:16.9529939Z   ssh-user: git
2026-01-30T14:50:16.9530387Z   persist-credentials: true
2026-01-30T14:50:16.9530874Z   clean: true
2026-01-30T14:50:16.9531322Z   sparse-checkout-cone-mode: true
2026-01-30T14:50:16.9531832Z   fetch-depth: 1
2026-01-30T14:50:16.9532256Z   fetch-tags: false
2026-01-30T14:50:16.9532687Z   show-progress: true
2026-01-30T14:50:16.9533121Z   lfs: false
2026-01-30T14:50:16.9533537Z   submodules: false
2026-01-30T14:50:16.9533985Z   set-safe-directory: true
2026-01-30T14:50:16.9534897Z ##[endgroup]
2026-01-30T14:50:17.0641531Z Syncing repository: lmvcruz/argos
2026-01-30T14:50:17.0643875Z ##[group]Getting Git version info
2026-01-30T14:50:17.0644896Z Working directory is '/home/runner/work/argos/argos'
2026-01-30T14:50:17.0646074Z [command]/usr/bin/git version
2026-01-30T14:50:17.0739231Z git version 2.52.0
2026-01-30T14:50:17.0766375Z ##[endgroup]
2026-01-30T14:50:17.0781064Z Temporarily overriding HOME='/home/runner/work/_temp/f496614c-5535-4459-b695-1b40d79bc44d' before making global git config changes
2026-01-30T14:50:17.0783413Z Adding repository directory to the temporary git global config as a safe directory
2026-01-30T14:50:17.0793875Z [command]/usr/bin/git config --global --add safe.directory /home/runner/work/argos/argos
2026-01-30T14:50:17.0838341Z Deleting the contents of '/home/runner/work/argos/argos'
2026-01-30T14:50:17.0842295Z ##[group]Initializing the repository
2026-01-30T14:50:17.0846696Z [command]/usr/bin/git init /home/runner/work/argos/argos
2026-01-30T14:50:17.1031881Z hint: Using 'master' as the name for the initial branch. This default branch name
2026-01-30T14:50:17.1033266Z hint: will change to "main" in Git 3.0. To configure the initial branch name
2026-01-30T14:50:17.1035475Z hint: to use in all of your new repositories, which will suppress this warning,
2026-01-30T14:50:17.1036798Z hint: call:
2026-01-30T14:50:17.1037427Z hint:
2026-01-30T14:50:17.1038625Z hint: 	git config --global init.defaultBranch <name>
2026-01-30T14:50:17.1039334Z hint:
2026-01-30T14:50:17.1039955Z hint: Names commonly chosen instead of 'master' are 'main', 'trunk' and
2026-01-30T14:50:17.1041088Z hint: 'development'. The just-created branch can be renamed via this command:
2026-01-30T14:50:17.1042413Z hint:
2026-01-30T14:50:17.1042993Z hint: 	git branch -m <name>
2026-01-30T14:50:17.1043476Z hint:
2026-01-30T14:50:17.1044094Z hint: Disable this message with "git config set advice.defaultBranchName false"
2026-01-30T14:50:17.1045356Z Initialized empty Git repository in /home/runner/work/argos/argos/.git/
2026-01-30T14:50:17.1048403Z [command]/usr/bin/git remote add origin https://github.com/lmvcruz/argos
2026-01-30T14:50:17.1089692Z ##[endgroup]
2026-01-30T14:50:17.1091064Z ##[group]Disabling automatic garbage collection
2026-01-30T14:50:17.1095190Z [command]/usr/bin/git config --local gc.auto 0
2026-01-30T14:50:17.1128297Z ##[endgroup]
2026-01-30T14:50:17.1129670Z ##[group]Setting up auth
2026-01-30T14:50:17.1137055Z [command]/usr/bin/git config --local --name-only --get-regexp core\.sshCommand
2026-01-30T14:50:17.1172625Z [command]/usr/bin/git submodule foreach --recursive sh -c "git config --local --name-only --get-regexp 'core\.sshCommand' && git config --local --unset-all 'core.sshCommand' || :"
2026-01-30T14:50:17.1589741Z [command]/usr/bin/git config --local --name-only --get-regexp http\.https\:\/\/github\.com\/\.extraheader
2026-01-30T14:50:17.1624792Z [command]/usr/bin/git submodule foreach --recursive sh -c "git config --local --name-only --get-regexp 'http\.https\:\/\/github\.com\/\.extraheader' && git config --local --unset-all 'http.https://github.com/.extraheader' || :"
2026-01-30T14:50:17.1858387Z [command]/usr/bin/git config --local --name-only --get-regexp ^includeIf\.gitdir:
2026-01-30T14:50:17.1894664Z [command]/usr/bin/git submodule foreach --recursive git config --local --show-origin --name-only --get-regexp remote.origin.url
2026-01-30T14:50:17.2137052Z [command]/usr/bin/git config --local http.https://github.com/.extraheader AUTHORIZATION: basic ***
2026-01-30T14:50:17.2171892Z ##[endgroup]
2026-01-30T14:50:17.2172771Z ##[group]Fetching the repository
2026-01-30T14:50:17.2180351Z [command]/usr/bin/git -c protocol.version=2 fetch --no-tags --prune --no-recurse-submodules --depth=1 origin +1aeb0fe9fe004c4fbd357a3622da2c38e20877ea:refs/remotes/origin/main
2026-01-30T14:50:17.6786037Z From https://github.com/lmvcruz/argos
2026-01-30T14:50:17.6787131Z  * [new ref]         1aeb0fe9fe004c4fbd357a3622da2c38e20877ea -> origin/main
2026-01-30T14:50:17.6820595Z ##[endgroup]
2026-01-30T14:50:17.6821814Z ##[group]Determining the checkout info
2026-01-30T14:50:17.6823279Z ##[endgroup]
2026-01-30T14:50:17.6829125Z [command]/usr/bin/git sparse-checkout disable
2026-01-30T14:50:17.6874927Z [command]/usr/bin/git config --local --unset-all extensions.worktreeConfig
2026-01-30T14:50:17.6903000Z ##[group]Checking out the ref
2026-01-30T14:50:17.6908015Z [command]/usr/bin/git checkout --progress --force -B main refs/remotes/origin/main
2026-01-30T14:50:17.7104512Z Switched to a new branch 'main'
2026-01-30T14:50:17.7106021Z branch 'main' set up to track 'origin/main'.
2026-01-30T14:50:17.7113701Z ##[endgroup]
2026-01-30T14:50:17.7154482Z [command]/usr/bin/git log -1 --format=%H
2026-01-30T14:50:17.7178352Z 1aeb0fe9fe004c4fbd357a3622da2c38e20877ea
2026-01-30T14:50:17.7443427Z ##[group]Run actions/setup-python@v5
2026-01-30T14:50:17.7444032Z with:
2026-01-30T14:50:17.7444657Z   python-version: 3.8
2026-01-30T14:50:17.7445132Z   check-latest: false
2026-01-30T14:50:17.7445765Z   token: ***
2026-01-30T14:50:17.7446198Z   update-environment: true
2026-01-30T14:50:17.7446696Z   allow-prereleases: false
2026-01-30T14:50:17.7447188Z   freethreaded: false
2026-01-30T14:50:17.7447625Z ##[endgroup]
2026-01-30T14:50:17.9195101Z ##[group]Installed versions
2026-01-30T14:50:17.9561375Z Version 3.8 was not found in the local cache
2026-01-30T14:50:18.9943320Z Version 3.8 is available for downloading
2026-01-30T14:50:18.9947221Z Download from "https://github.com/actions/python-versions/releases/download/3.8.18-12303122501/python-3.8.18-linux-24.04-x64.tar.gz"
2026-01-30T14:50:19.7879086Z Extract downloaded archive
2026-01-30T14:50:19.7972016Z [command]/usr/bin/tar xz --warning=no-unknown-keyword --overwrite -C /home/runner/work/_temp/2dceffa6-e3d6-4302-8c81-561d1eab11a3 -f /home/runner/work/_temp/81cad4fc-663d-4e16-9bb8-998ae7724e38
2026-01-30T14:50:21.1140173Z Execute installation script
2026-01-30T14:50:21.1236544Z Check if Python hostedtoolcache folder exist...
2026-01-30T14:50:21.1237335Z Create Python 3.8.18 folder
2026-01-30T14:50:21.1299685Z Copy Python binaries to hostedtoolcache folder
2026-01-30T14:50:21.5866862Z Create additional symlinks (Required for the UsePythonVersion Azure Pipelines task and the setup-python GitHub Action)
2026-01-30T14:50:21.5910157Z Upgrading pip...
2026-01-30T14:50:23.7383961Z Looking in links: /tmp/tmpoc1ywpnr
2026-01-30T14:50:23.7478299Z Requirement already satisfied: setuptools in /opt/hostedtoolcache/Python/3.8.18/x64/lib/python3.8/site-packages (56.0.0)
2026-01-30T14:50:23.7479977Z Requirement already satisfied: pip in /opt/hostedtoolcache/Python/3.8.18/x64/lib/python3.8/site-packages (23.0.1)
2026-01-30T14:50:25.2773140Z Collecting pip
2026-01-30T14:50:25.3104486Z Downloading pip-25.0.1-py3-none-any.whl (1.8 MB)
2026-01-30T14:50:25.3487854Z ━━━━━━━━━━━━━━━━━━━━━━━━━━━━━━━━━━━━━━━━ 1.8/1.8 MB 52.0 MB/s eta 0:00:00
2026-01-30T14:50:25.3489345Z 
2026-01-30T14:50:25.3867497Z Installing collected packages: pip
2026-01-30T14:50:25.3868115Z Attempting uninstall: pip
2026-01-30T14:50:25.3875028Z Found existing installation: pip 23.0.1
2026-01-30T14:50:25.5737019Z Uninstalling pip-23.0.1:
2026-01-30T14:50:25.5814019Z Successfully uninstalled pip-23.0.1
2026-01-30T14:50:26.3270957Z Successfully installed pip-25.0.1
2026-01-30T14:50:26.3978576Z Create complete file
2026-01-30T14:50:26.4034595Z Successfully set up CPython (3.8.18)
2026-01-30T14:50:26.4035358Z ##[endgroup]
2026-01-30T14:50:26.4187708Z ##[group]Run python -m pip install --upgrade pip
2026-01-30T14:50:26.4188180Z [36;1mpython -m pip install --upgrade pip[0m
2026-01-30T14:50:26.4188492Z [36;1mpip install -r requirements.txt[0m
2026-01-30T14:50:26.4228384Z shell: /usr/bin/bash -e {0}
2026-01-30T14:50:26.4228639Z env:
2026-01-30T14:50:26.4228922Z   pythonLocation: /opt/hostedtoolcache/Python/3.8.18/x64
2026-01-30T14:50:26.4229365Z   PKG_CONFIG_PATH: /opt/hostedtoolcache/Python/3.8.18/x64/lib/pkgconfig
2026-01-30T14:50:26.4229828Z   Python_ROOT_DIR: /opt/hostedtoolcache/Python/3.8.18/x64
2026-01-30T14:50:26.4230191Z   Python2_ROOT_DIR: /opt/hostedtoolcache/Python/3.8.18/x64
2026-01-30T14:50:26.4230539Z   Python3_ROOT_DIR: /opt/hostedtoolcache/Python/3.8.18/x64
2026-01-30T14:50:26.4230890Z   LD_LIBRARY_PATH: /opt/hostedtoolcache/Python/3.8.18/x64/lib
2026-01-30T14:50:26.4231208Z ##[endgroup]
2026-01-30T14:50:27.2582146Z Requirement already satisfied: pip in /opt/hostedtoolcache/Python/3.8.18/x64/lib/python3.8/site-packages (25.0.1)
2026-01-30T14:50:27.9298740Z Collecting toml>=0.10.2 (from -r requirements.txt (line 2))
2026-01-30T14:50:27.9391902Z   Downloading toml-0.10.2-py2.py3-none-any.whl.metadata (7.1 kB)
2026-01-30T14:50:27.9833498Z Collecting pyyaml>=6.0 (from -r requirements.txt (line 3))
2026-01-30T14:50:27.9874618Z   Downloading PyYAML-6.0.3-cp38-cp38-manylinux2014_x86_64.manylinux_2_17_x86_64.manylinux_2_28_x86_64.whl.metadata (2.1 kB)
2026-01-30T14:50:28.0428469Z Collecting pytest>=7.0.0 (from -r requirements.txt (line 6))
2026-01-30T14:50:28.0469372Z   Downloading pytest-8.3.5-py3-none-any.whl.metadata (7.6 kB)
2026-01-30T14:50:28.0689020Z Collecting pytest-cov>=3.0.0 (from -r requirements.txt (line 7))
2026-01-30T14:50:28.0763238Z   Downloading pytest_cov-5.0.0-py3-none-any.whl.metadata (27 kB)
2026-01-30T14:50:28.1009988Z Collecting pytest-mock>=3.10.0 (from -r requirements.txt (line 8))
2026-01-30T14:50:28.1055498Z   Downloading pytest_mock-3.14.1-py3-none-any.whl.metadata (3.9 kB)
2026-01-30T14:50:28.1625695Z Collecting black>=22.0.0 (from -r requirements.txt (line 9))
2026-01-30T14:50:28.1668652Z   Downloading black-24.8.0-cp38-cp38-manylinux_2_17_x86_64.manylinux2014_x86_64.manylinux_2_28_x86_64.whl.metadata (78 kB)
2026-01-30T14:50:28.2020152Z Collecting flake8>=5.0.0 (from -r requirements.txt (line 10))
2026-01-30T14:50:28.2077337Z   Downloading flake8-7.1.2-py2.py3-none-any.whl.metadata (3.8 kB)
2026-01-30T14:50:28.2453978Z Collecting isort>=5.10.0 (from -r requirements.txt (line 11))
2026-01-30T14:50:28.2493779Z   Downloading isort-5.13.2-py3-none-any.whl.metadata (12 kB)
2026-01-30T14:50:28.2916905Z Collecting pylint>=2.15.0 (from -r requirements.txt (line 12))
2026-01-30T14:50:28.2964814Z   Downloading pylint-3.2.7-py3-none-any.whl.metadata (12 kB)
2026-01-30T14:50:28.3213795Z Collecting radon>=5.1.0 (from -r requirements.txt (line 13))
2026-01-30T14:50:28.3260624Z   Downloading radon-6.0.1-py2.py3-none-any.whl.metadata (8.2 kB)
2026-01-30T14:50:28.3483560Z Collecting vulture>=2.7 (from -r requirements.txt (line 14))
2026-01-30T14:50:28.3532010Z   Downloading vulture-2.14-py2.py3-none-any.whl.metadata (24 kB)
2026-01-30T14:50:28.3784777Z Collecting autoflake>=2.0.0 (from -r requirements.txt (line 15))
2026-01-30T14:50:28.3824699Z   Downloading autoflake-2.3.1-py3-none-any.whl.metadata (7.6 kB)
2026-01-30T14:50:28.4036190Z Collecting exceptiongroup>=1.0.0rc8 (from pytest>=7.0.0->-r requirements.txt (line 6))
2026-01-30T14:50:28.4089445Z   Downloading exceptiongroup-1.3.1-py3-none-any.whl.metadata (6.7 kB)
2026-01-30T14:50:28.4286174Z Collecting iniconfig (from pytest>=7.0.0->-r requirements.txt (line 6))
2026-01-30T14:50:28.4322172Z   Downloading iniconfig-2.1.0-py3-none-any.whl.metadata (2.7 kB)
2026-01-30T14:50:28.4531522Z Collecting packaging (from pytest>=7.0.0->-r requirements.txt (line 6))
2026-01-30T14:50:28.4573213Z   Downloading packaging-26.0-py3-none-any.whl.metadata (3.3 kB)
2026-01-30T14:50:28.4724918Z Collecting pluggy<2,>=1.5 (from pytest>=7.0.0->-r requirements.txt (line 6))
2026-01-30T14:50:28.4760709Z   Downloading pluggy-1.5.0-py3-none-any.whl.metadata (4.8 kB)
2026-01-30T14:50:28.4998801Z Collecting tomli>=1 (from pytest>=7.0.0->-r requirements.txt (line 6))
2026-01-30T14:50:28.5041882Z   Downloading tomli-2.4.0-py3-none-any.whl.metadata (10 kB)
2026-01-30T14:50:28.9236948Z Collecting coverage>=5.2.1 (from coverage[toml]>=5.2.1->pytest-cov>=3.0.0->-r requirements.txt (line 7))
2026-01-30T14:50:28.9277887Z   Downloading coverage-7.6.1-cp38-cp38-manylinux_2_5_x86_64.manylinux1_x86_64.manylinux_2_17_x86_64.manylinux2014_x86_64.whl.metadata (8.3 kB)
2026-01-30T14:50:28.9687160Z Collecting click>=8.0.0 (from black>=22.0.0->-r requirements.txt (line 9))
2026-01-30T14:50:28.9724485Z   Downloading click-8.1.8-py3-none-any.whl.metadata (2.3 kB)
2026-01-30T14:50:28.9864909Z Collecting mypy-extensions>=0.4.3 (from black>=22.0.0->-r requirements.txt (line 9))
2026-01-30T14:50:28.9901787Z   Downloading mypy_extensions-1.1.0-py3-none-any.whl.metadata (1.1 kB)
2026-01-30T14:50:29.0091677Z Collecting pathspec>=0.9.0 (from black>=22.0.0->-r requirements.txt (line 9))
2026-01-30T14:50:29.0132577Z   Downloading pathspec-0.12.1-py3-none-any.whl.metadata (21 kB)
2026-01-30T14:50:29.0376088Z Collecting platformdirs>=2 (from black>=22.0.0->-r requirements.txt (line 9))
2026-01-30T14:50:29.0417657Z   Downloading platformdirs-4.3.6-py3-none-any.whl.metadata (11 kB)
2026-01-30T14:50:29.0686016Z Collecting typing-extensions>=4.0.1 (from black>=22.0.0->-r requirements.txt (line 9))
2026-01-30T14:50:29.0724906Z   Downloading typing_extensions-4.13.2-py3-none-any.whl.metadata (3.0 kB)
2026-01-30T14:50:29.0888977Z Collecting mccabe<0.8.0,>=0.7.0 (from flake8>=5.0.0->-r requirements.txt (line 10))
2026-01-30T14:50:29.0929264Z   Downloading mccabe-0.7.0-py2.py3-none-any.whl.metadata (5.0 kB)
2026-01-30T14:50:29.1092832Z Collecting pycodestyle<2.13.0,>=2.12.0 (from flake8>=5.0.0->-r requirements.txt (line 10))
2026-01-30T14:50:29.1133838Z   Downloading pycodestyle-2.12.1-py2.py3-none-any.whl.metadata (4.5 kB)
2026-01-30T14:50:29.1334604Z Collecting pyflakes<3.3.0,>=3.2.0 (from flake8>=5.0.0->-r requirements.txt (line 10))
2026-01-30T14:50:29.1373469Z   Downloading pyflakes-3.2.0-py2.py3-none-any.whl.metadata (3.5 kB)
2026-01-30T14:50:29.1876194Z Collecting astroid<=3.3.0-dev0,>=3.2.4 (from pylint>=2.15.0->-r requirements.txt (line 12))
2026-01-30T14:50:29.1913842Z   Downloading astroid-3.2.4-py3-none-any.whl.metadata (4.5 kB)
2026-01-30T14:50:29.2253244Z Collecting tomlkit>=0.10.1 (from pylint>=2.15.0->-r requirements.txt (line 12))
2026-01-30T14:50:29.2291014Z   Downloading tomlkit-0.13.3-py3-none-any.whl.metadata (2.8 kB)
2026-01-30T14:50:29.2496335Z Collecting dill>=0.2 (from pylint>=2.15.0->-r requirements.txt (line 12))
2026-01-30T14:50:29.2530877Z   Downloading dill-0.4.0-py3-none-any.whl.metadata (10 kB)
2026-01-30T14:50:29.2699517Z Collecting mando<0.8,>=0.6 (from radon>=5.1.0->-r requirements.txt (line 13))
2026-01-30T14:50:29.2744147Z   Downloading mando-0.7.1-py2.py3-none-any.whl.metadata (7.4 kB)
2026-01-30T14:50:29.2938587Z Collecting colorama>=0.4.1 (from radon>=5.1.0->-r requirements.txt (line 13))
2026-01-30T14:50:29.2977010Z   Downloading colorama-0.4.6-py2.py3-none-any.whl.metadata (17 kB)
2026-01-30T14:50:29.3436607Z Collecting six (from mando<0.8,>=0.6->radon>=5.1.0->-r requirements.txt (line 13))
2026-01-30T14:50:29.3475431Z   Downloading six-1.17.0-py2.py3-none-any.whl.metadata (1.7 kB)
2026-01-30T14:50:29.3732073Z Downloading toml-0.10.2-py2.py3-none-any.whl (16 kB)
2026-01-30T14:50:29.3808846Z Downloading PyYAML-6.0.3-cp38-cp38-manylinux2014_x86_64.manylinux_2_17_x86_64.manylinux_2_28_x86_64.whl (806 kB)
2026-01-30T14:50:29.3907385Z    ━━━━━━━━━━━━━━━━━━━━━━━━━━━━━━━━━━━━━━━━ 806.0/806.0 kB 87.0 MB/s eta 0:00:00
2026-01-30T14:50:29.3942634Z Downloading pytest-8.3.5-py3-none-any.whl (343 kB)
2026-01-30T14:50:29.4019602Z Downloading pytest_cov-5.0.0-py3-none-any.whl (21 kB)
2026-01-30T14:50:29.4080762Z Downloading pytest_mock-3.14.1-py3-none-any.whl (9.9 kB)
2026-01-30T14:50:29.4152712Z Downloading black-24.8.0-cp38-cp38-manylinux_2_17_x86_64.manylinux2014_x86_64.manylinux_2_28_x86_64.whl (1.7 MB)
2026-01-30T14:50:29.4409188Z    ━━━━━━━━━━━━━━━━━━━━━━━━━━━━━━━━━━━━━━━━ 1.7/1.7 MB 66.1 MB/s eta 0:00:00
2026-01-30T14:50:29.4446692Z Downloading flake8-7.1.2-py2.py3-none-any.whl (57 kB)
2026-01-30T14:50:29.4529574Z Downloading isort-5.13.2-py3-none-any.whl (92 kB)
2026-01-30T14:50:29.4615157Z Downloading pylint-3.2.7-py3-none-any.whl (519 kB)
2026-01-30T14:50:29.4705474Z Downloading radon-6.0.1-py2.py3-none-any.whl (52 kB)
2026-01-30T14:50:29.4772530Z Downloading vulture-2.14-py2.py3-none-any.whl (28 kB)
2026-01-30T14:50:29.4847459Z Downloading autoflake-2.3.1-py3-none-any.whl (32 kB)
2026-01-30T14:50:29.4962994Z Downloading astroid-3.2.4-py3-none-any.whl (276 kB)
2026-01-30T14:50:29.5039174Z Downloading click-8.1.8-py3-none-any.whl (98 kB)
2026-01-30T14:50:29.5104667Z Downloading colorama-0.4.6-py2.py3-none-any.whl (25 kB)
2026-01-30T14:50:29.5196285Z Downloading coverage-7.6.1-cp38-cp38-manylinux_2_5_x86_64.manylinux1_x86_64.manylinux_2_17_x86_64.manylinux2014_x86_64.whl (235 kB)
2026-01-30T14:50:29.5268507Z Downloading dill-0.4.0-py3-none-any.whl (119 kB)
2026-01-30T14:50:29.5350503Z Downloading exceptiongroup-1.3.1-py3-none-any.whl (16 kB)
2026-01-30T14:50:29.5410701Z Downloading mando-0.7.1-py2.py3-none-any.whl (28 kB)
2026-01-30T14:50:29.5472204Z Downloading mccabe-0.7.0-py2.py3-none-any.whl (7.3 kB)
2026-01-30T14:50:29.5531828Z Downloading mypy_extensions-1.1.0-py3-none-any.whl (5.0 kB)
2026-01-30T14:50:29.5601220Z Downloading packaging-26.0-py3-none-any.whl (74 kB)
2026-01-30T14:50:29.5663936Z Downloading pathspec-0.12.1-py3-none-any.whl (31 kB)
2026-01-30T14:50:29.5723089Z Downloading platformdirs-4.3.6-py3-none-any.whl (18 kB)
2026-01-30T14:50:29.5796263Z Downloading pluggy-1.5.0-py3-none-any.whl (20 kB)
2026-01-30T14:50:29.5861084Z Downloading pycodestyle-2.12.1-py2.py3-none-any.whl (31 kB)
2026-01-30T14:50:29.5928879Z Downloading pyflakes-3.2.0-py2.py3-none-any.whl (62 kB)
2026-01-30T14:50:29.5994857Z Downloading tomli-2.4.0-py3-none-any.whl (14 kB)
2026-01-30T14:50:29.6057378Z Downloading tomlkit-0.13.3-py3-none-any.whl (38 kB)
2026-01-30T14:50:29.6118688Z Downloading typing_extensions-4.13.2-py3-none-any.whl (45 kB)
2026-01-30T14:50:29.6191733Z Downloading iniconfig-2.1.0-py3-none-any.whl (6.0 kB)
2026-01-30T14:50:29.6248615Z Downloading six-1.17.0-py2.py3-none-any.whl (11 kB)
2026-01-30T14:50:29.7246475Z Installing collected packages: typing-extensions, tomlkit, tomli, toml, six, pyyaml, pyflakes, pycodestyle, pluggy, platformdirs, pathspec, packaging, mypy-extensions, mccabe, isort, iniconfig, dill, coverage, colorama, click, vulture, mando, flake8, exceptiongroup, black, autoflake, astroid, radon, pytest, pylint, pytest-mock, pytest-cov
2026-01-30T14:50:31.1419667Z Successfully installed astroid-3.2.4 autoflake-2.3.1 black-24.8.0 click-8.1.8 colorama-0.4.6 coverage-7.6.1 dill-0.4.0 exceptiongroup-1.3.1 flake8-7.1.2 iniconfig-2.1.0 isort-5.13.2 mando-0.7.1 mccabe-0.7.0 mypy-extensions-1.1.0 packaging-26.0 pathspec-0.12.1 platformdirs-4.3.6 pluggy-1.5.0 pycodestyle-2.12.1 pyflakes-3.2.0 pylint-3.2.7 pytest-8.3.5 pytest-cov-5.0.0 pytest-mock-3.14.1 pyyaml-6.0.3 radon-6.0.1 six-1.17.0 toml-0.10.2 tomli-2.4.0 tomlkit-0.13.3 typing-extensions-4.13.2 vulture-2.14
2026-01-30T14:50:31.2572029Z ##[group]Run pip install -e .
2026-01-30T14:50:31.2572315Z [36;1mpip install -e .[0m
2026-01-30T14:50:31.2604626Z shell: /usr/bin/bash -e {0}
2026-01-30T14:50:31.2604858Z env:
2026-01-30T14:50:31.2605099Z   pythonLocation: /opt/hostedtoolcache/Python/3.8.18/x64
2026-01-30T14:50:31.2605497Z   PKG_CONFIG_PATH: /opt/hostedtoolcache/Python/3.8.18/x64/lib/pkgconfig
2026-01-30T14:50:31.2605901Z   Python_ROOT_DIR: /opt/hostedtoolcache/Python/3.8.18/x64
2026-01-30T14:50:31.2606245Z   Python2_ROOT_DIR: /opt/hostedtoolcache/Python/3.8.18/x64
2026-01-30T14:50:31.2606613Z   Python3_ROOT_DIR: /opt/hostedtoolcache/Python/3.8.18/x64
2026-01-30T14:50:31.2606958Z   LD_LIBRARY_PATH: /opt/hostedtoolcache/Python/3.8.18/x64/lib
2026-01-30T14:50:31.2607244Z ##[endgroup]
2026-01-30T14:50:31.6392706Z Obtaining file:///home/runner/work/argos/argos/anvil
2026-01-30T14:50:31.6435120Z   Installing build dependencies: started
2026-01-30T14:50:33.2627074Z   Installing build dependencies: finished with status 'done'
2026-01-30T14:50:33.2636594Z   Checking if build backend supports build_editable: started
2026-01-30T14:50:33.4175066Z   Checking if build backend supports build_editable: finished with status 'done'
2026-01-30T14:50:33.4189276Z   Getting requirements to build editable: started
2026-01-30T14:50:33.7090804Z   Getting requirements to build editable: finished with status 'done'
2026-01-30T14:50:33.7105162Z   Preparing editable metadata (pyproject.toml): started
2026-01-30T14:50:33.9975288Z   Preparing editable metadata (pyproject.toml): finished with status 'done'
2026-01-30T14:50:34.0070468Z Requirement already satisfied: toml>=0.10.2 in /opt/hostedtoolcache/Python/3.8.18/x64/lib/python3.8/site-packages (from anvil==0.1.0) (0.10.2)
2026-01-30T14:50:34.0092389Z Building wheels for collected packages: anvil
2026-01-30T14:50:34.0103446Z   Building editable for anvil (pyproject.toml): started
2026-01-30T14:50:34.3558009Z   Building editable for anvil (pyproject.toml): finished with status 'done'
2026-01-30T14:50:34.3567474Z   Created wheel for anvil: filename=anvil-0.1.0-0.editable-py3-none-any.whl size=3703 sha256=a031c50269aa324bcec3266f2690b99016f522ee8431f5532c724e1a78a0f343
2026-01-30T14:50:34.3569550Z   Stored in directory: /tmp/pip-ephem-wheel-cache-cltwzvzd/wheels/5e/30/6e/ec03ca625fc31e92cab983d89c3f01df3d302734980e1474d8
2026-01-30T14:50:34.3595199Z Successfully built anvil
2026-01-30T14:50:34.3952607Z Installing collected packages: anvil
2026-01-30T14:50:34.4107472Z Successfully installed anvil-0.1.0
2026-01-30T14:50:34.4960286Z ##[group]Run pytest --cov=anvil --cov-report=xml --cov-report=term-missing --cov-fail-under=90
2026-01-30T14:50:34.4961129Z [36;1mpytest --cov=anvil --cov-report=xml --cov-report=term-missing --cov-fail-under=90[0m
2026-01-30T14:50:34.4993358Z shell: /usr/bin/bash -e {0}
2026-01-30T14:50:34.4993599Z env:
2026-01-30T14:50:34.4993835Z   pythonLocation: /opt/hostedtoolcache/Python/3.8.18/x64
2026-01-30T14:50:34.4994252Z   PKG_CONFIG_PATH: /opt/hostedtoolcache/Python/3.8.18/x64/lib/pkgconfig
2026-01-30T14:50:34.4994828Z   Python_ROOT_DIR: /opt/hostedtoolcache/Python/3.8.18/x64
2026-01-30T14:50:34.4995167Z   Python2_ROOT_DIR: /opt/hostedtoolcache/Python/3.8.18/x64
2026-01-30T14:50:34.4995512Z   Python3_ROOT_DIR: /opt/hostedtoolcache/Python/3.8.18/x64
2026-01-30T14:50:34.4995855Z   LD_LIBRARY_PATH: /opt/hostedtoolcache/Python/3.8.18/x64/lib
2026-01-30T14:50:34.4996149Z ##[endgroup]
2026-01-30T14:50:34.8675102Z ============================= test session starts ==============================
2026-01-30T14:50:34.8676076Z platform linux -- Python 3.8.18, pytest-8.3.5, pluggy-1.5.0 -- /opt/hostedtoolcache/Python/3.8.18/x64/bin/python
2026-01-30T14:50:34.8676743Z cachedir: .pytest_cache
2026-01-30T14:50:34.8676990Z rootdir: /home/runner/work/argos/argos/anvil
2026-01-30T14:50:34.8677253Z configfile: pytest.ini
2026-01-30T14:50:34.8677451Z testpaths: tests
2026-01-30T14:50:34.8677638Z plugins: cov-5.0.0, mock-3.14.1
2026-01-30T14:50:39.2180797Z collecting ... collected 520 items
2026-01-30T14:50:39.2181170Z 
2026-01-30T14:50:39.2207575Z tests/test_autoflake_parser.py::TestAutoflakeTextParsing::test_parse_output_no_unused_code PASSED [  0%]
2026-01-30T14:50:39.2222243Z tests/test_autoflake_parser.py::TestAutoflakeTextParsing::test_parse_output_with_unused_imports PASSED [  0%]
2026-01-30T14:50:39.2236243Z tests/test_autoflake_parser.py::TestAutoflakeTextParsing::test_parse_output_with_unused_variables PASSED [  0%]
2026-01-30T14:50:39.2250440Z tests/test_autoflake_parser.py::TestAutoflakeTextParsing::test_parse_multiple_files_with_issues PASSED [  0%]
2026-01-30T14:50:39.2263791Z tests/test_autoflake_parser.py::TestAutoflakeTextParsing::test_parse_windows_paths PASSED [  0%]
2026-01-30T14:50:39.2276666Z tests/test_autoflake_parser.py::TestAutoflakeCommandBuilding::test_build_command_default_options PASSED [  1%]
2026-01-30T14:50:39.2290698Z tests/test_autoflake_parser.py::TestAutoflakeCommandBuilding::test_build_command_with_remove_unused_variables PASSED [  1%]
2026-01-30T14:50:39.2303855Z tests/test_autoflake_parser.py::TestAutoflakeCommandBuilding::test_build_command_with_remove_all_unused_imports PASSED [  1%]
2026-01-30T14:50:39.2316705Z tests/test_autoflake_parser.py::TestAutoflakeCommandBuilding::test_build_command_with_ignore_init_module_imports PASSED [  1%]
2026-01-30T14:50:39.2329512Z tests/test_autoflake_parser.py::TestAutoflakeCommandBuilding::test_build_command_with_expand_star_imports PASSED [  1%]
2026-01-30T14:50:39.2342473Z tests/test_autoflake_parser.py::TestAutoflakeCommandBuilding::test_build_command_with_remove_duplicate_keys PASSED [  2%]
2026-01-30T14:50:39.2355855Z tests/test_autoflake_parser.py::TestAutoflakeCommandBuilding::test_build_command_with_imports_to_ignore PASSED [  2%]
2026-01-30T14:50:39.2368655Z tests/test_autoflake_parser.py::TestAutoflakeCommandBuilding::test_build_command_with_multiple_files PASSED [  2%]
2026-01-30T14:50:39.2403150Z tests/test_autoflake_parser.py::TestAutoflakeErrorHandling::test_error_when_autoflake_not_installed PASSED [  2%]
2026-01-30T14:50:39.2425962Z tests/test_autoflake_parser.py::TestAutoflakeErrorHandling::test_timeout_handling PASSED [  2%]
2026-01-30T14:50:39.2438647Z tests/test_autoflake_parser.py::TestAutoflakeErrorHandling::test_parse_with_empty_output PASSED [  3%]
2026-01-30T14:50:39.2466801Z tests/test_autoflake_parser.py::TestAutoflakeVersionDetection::test_version_detection PASSED [  3%]
2026-01-30T14:50:39.2488405Z tests/test_autoflake_parser.py::TestAutoflakeVersionDetection::test_version_detection_failure PASSED [  3%]
2026-01-30T14:50:39.4409867Z tests/test_autoflake_parser.py::TestAutoflakeIntegrationWithFixtures::test_autoflake_on_clean_python_code PASSED [  3%]
2026-01-30T14:50:39.6229205Z tests/test_autoflake_parser.py::TestAutoflakeIntegrationWithFixtures::test_autoflake_on_unused_imports_fixture PASSED [  3%]
2026-01-30T14:50:39.6270038Z tests/test_autoflake_parser.py::TestAutoflakeConfigurationHandling::test_detect_pyproject_toml PASSED [  4%]
2026-01-30T14:50:39.6288111Z tests/test_autoflake_parser.py::TestAutoflakeConfigurationHandling::test_detect_setup_cfg PASSED [  4%]
2026-01-30T14:50:39.6305486Z tests/test_autoflake_parser.py::TestAutoflakeConfigurationHandling::test_no_config_file_returns_none PASSED [  4%]
2026-01-30T14:50:39.6318173Z tests/test_autoflake_parser.py::TestAutoflakeSuggestedFixes::test_generate_fix_command PASSED [  4%]
2026-01-30T14:50:39.6332043Z tests/test_autoflake_parser.py::TestAutoflakeSuggestedFixes::test_generate_fix_command_with_options PASSED [  4%]
2026-01-30T14:50:39.6354028Z tests/test_black_parser.py::TestBlackTextParsing::test_parse_output_all_files_formatted PASSED [  5%]
2026-01-30T14:50:39.6368040Z tests/test_black_parser.py::TestBlackTextParsing::test_parse_output_files_need_formatting PASSED [  5%]
2026-01-30T14:50:39.6381010Z tests/test_black_parser.py::TestBlackTextParsing::test_parse_would_reformat_messages PASSED [  5%]
2026-01-30T14:50:39.6393572Z tests/test_black_parser.py::TestBlackTextParsing::test_parse_windows_paths PASSED [  5%]
2026-01-30T14:50:39.6406543Z tests/test_black_parser.py::TestBlackTextParsing::test_parse_left_unchanged_messages PASSED [  5%]
2026-01-30T14:50:39.6418909Z tests/test_black_parser.py::TestBlackTextParsing::test_parse_reformatted_messages PASSED [  5%]
2026-01-30T14:50:39.6430692Z tests/test_black_parser.py::TestBlackCommandBuilding::test_build_command_default_options PASSED [  6%]
2026-01-30T14:50:39.6442118Z tests/test_black_parser.py::TestBlackCommandBuilding::test_build_command_with_line_length PASSED [  6%]
2026-01-30T14:50:39.6453584Z tests/test_black_parser.py::TestBlackCommandBuilding::test_build_command_with_target_version PASSED [  6%]
2026-01-30T14:50:39.6465347Z tests/test_black_parser.py::TestBlackCommandBuilding::test_build_command_with_skip_string_normalization PASSED [  6%]
2026-01-30T14:50:39.6476653Z tests/test_black_parser.py::TestBlackCommandBuilding::test_build_command_with_diff PASSED [  6%]
2026-01-30T14:50:39.6488083Z tests/test_black_parser.py::TestBlackCommandBuilding::test_build_command_with_color PASSED [  7%]
2026-01-30T14:50:39.6500087Z tests/test_black_parser.py::TestBlackCommandBuilding::test_build_command_with_multiple_files PASSED [  7%]
2026-01-30T14:50:39.6527174Z tests/test_black_parser.py::TestBlackErrorHandling::test_error_when_black_not_installed PASSED [  7%]
2026-01-30T14:50:39.6548365Z tests/test_black_parser.py::TestBlackErrorHandling::test_timeout_handling PASSED [  7%]
2026-01-30T14:50:39.6560677Z tests/test_black_parser.py::TestBlackErrorHandling::test_parse_syntax_error_in_file PASSED [  7%]
2026-01-30T14:50:39.6586072Z tests/test_black_parser.py::TestBlackVersionDetection::test_version_detection PASSED [  8%]
2026-01-30T14:50:39.6606288Z tests/test_black_parser.py::TestBlackVersionDetection::test_version_detection_failure PASSED [  8%]
2026-01-30T14:50:39.9055073Z tests/test_black_parser.py::TestBlackIntegrationWithFixtures::test_black_on_formatted_python_code PASSED [  8%]
2026-01-30T14:50:40.1690825Z tests/test_black_parser.py::TestBlackIntegrationWithFixtures::test_black_on_unformatted_python_code PASSED [  8%]
2026-01-30T14:50:40.3863906Z tests/test_black_parser.py::TestBlackIntegrationWithFixtures::test_black_on_syntax_error_fixture PASSED [  8%]
2026-01-30T14:50:40.3883815Z tests/test_black_parser.py::TestBlackConfigurationHandling::test_detect_pyproject_toml PASSED [  9%]
2026-01-30T14:50:40.3900426Z tests/test_black_parser.py::TestBlackConfigurationHandling::test_no_config_file_returns_none PASSED [  9%]
2026-01-30T14:50:40.3912414Z tests/test_black_parser.py::TestBlackSuggestedFixes::test_generate_fix_command PASSED [  9%]
2026-01-30T14:50:40.3925369Z tests/test_black_parser.py::TestBlackSuggestedFixes::test_generate_fix_command_with_options PASSED [  9%]
2026-01-30T14:50:40.3949728Z tests/test_clang_tidy_parser.py::TestClangTidyDiagnosticParsing::test_parse_output_with_no_diagnostics PASSED [  9%]
2026-01-30T14:50:40.3986151Z tests/test_clang_tidy_parser.py::TestClangTidyDiagnosticParsing::test_parse_warning_diagnostic PASSED [ 10%]
2026-01-30T14:50:40.4021220Z tests/test_clang_tidy_parser.py::TestClangTidyDiagnosticParsing::test_parse_error_diagnostic PASSED [ 10%]
2026-01-30T14:50:40.4056555Z tests/test_clang_tidy_parser.py::TestClangTidyDiagnosticParsing::test_parse_note_diagnostic PASSED [ 10%]
2026-01-30T14:50:40.4100746Z tests/test_clang_tidy_parser.py::TestClangTidyDiagnosticParsing::test_parse_diagnostic_with_line_column PASSED [ 10%]
2026-01-30T14:50:40.4167265Z tests/test_clang_tidy_parser.py::TestClangTidyDiagnosticParsing::test_parse_multiple_diagnostics PASSED [ 10%]
2026-01-30T14:50:40.4209014Z tests/test_clang_tidy_parser.py::TestClangTidyReplacements::test_parse_diagnostic_with_replacements PASSED [ 10%]
2026-01-30T14:50:40.4265712Z tests/test_clang_tidy_parser.py::TestClangTidyReplacements::test_count_fixable_diagnostics PASSED [ 11%]
2026-01-30T14:50:40.4278063Z tests/test_clang_tidy_parser.py::TestClangTidyCommandBuilding::test_build_command_default_options PASSED [ 11%]
2026-01-30T14:50:40.4291001Z tests/test_clang_tidy_parser.py::TestClangTidyCommandBuilding::test_build_command_with_checks PASSED [ 11%]
2026-01-30T14:50:40.4304801Z tests/test_clang_tidy_parser.py::TestClangTidyCommandBuilding::test_build_command_with_header_filter PASSED [ 11%]
2026-01-30T14:50:40.4316466Z tests/test_clang_tidy_parser.py::TestClangTidyCommandBuilding::test_build_command_with_warnings_as_errors PASSED [ 11%]
2026-01-30T14:50:40.4328390Z tests/test_clang_tidy_parser.py::TestClangTidyCommandBuilding::test_build_command_with_config_file PASSED [ 12%]
2026-01-30T14:50:40.4340186Z tests/test_clang_tidy_parser.py::TestClangTidyCommandBuilding::test_build_command_with_extra_args PASSED [ 12%]
2026-01-30T14:50:40.4351800Z tests/test_clang_tidy_parser.py::TestClangTidyCommandBuilding::test_build_command_with_compile_commands PASSED [ 12%]
2026-01-30T14:50:40.4364119Z tests/test_clang_tidy_parser.py::TestClangTidyCommandBuilding::test_build_command_with_multiple_files PASSED [ 12%]
2026-01-30T14:50:40.4387074Z tests/test_clang_tidy_parser.py::TestClangTidyErrorHandling::test_error_when_clang_tidy_not_installed PASSED [ 12%]
2026-01-30T14:50:40.4409768Z tests/test_clang_tidy_parser.py::TestClangTidyErrorHandling::test_timeout_handling PASSED [ 13%]
2026-01-30T14:50:40.4430942Z tests/test_clang_tidy_parser.py::TestClangTidyErrorHandling::test_parse_with_invalid_yaml PASSED [ 13%]
2026-01-30T14:50:40.4455982Z tests/test_clang_tidy_parser.py::TestClangTidyVersionDetection::test_version_detection PASSED [ 13%]
2026-01-30T14:50:40.4476952Z tests/test_clang_tidy_parser.py::TestClangTidyVersionDetection::test_version_detection_failure PASSED [ 13%]
2026-01-30T14:50:40.4495543Z tests/test_clang_tidy_parser.py::TestClangTidyIntegrationWithFixtures::test_clang_tidy_on_clean_cpp_code SKIPPED [ 13%]
2026-01-30T14:50:40.4510277Z tests/test_clang_tidy_parser.py::TestClangTidyIntegrationWithFixtures::test_clang_tidy_on_code_with_issues SKIPPED [ 14%]
2026-01-30T14:50:40.4579081Z tests/test_clang_tidy_parser.py::TestClangTidyGroupingAndFiltering::test_group_diagnostics_by_check_name PASSED [ 14%]
2026-01-30T14:50:40.4630614Z tests/test_clang_tidy_parser.py::TestClangTidyGroupingAndFiltering::test_group_diagnostics_by_file PASSED [ 14%]
2026-01-30T14:50:40.4718566Z tests/test_clang_tidy_parser.py::TestClangTidyGroupingAndFiltering::test_filter_diagnostics_by_severity PASSED [ 14%]
2026-01-30T14:50:40.4739315Z tests/test_clang_tidy_parser.py::TestClangTidyConfigurationHandling::test_detect_clang_tidy_config_file PASSED [ 14%]
2026-01-30T14:50:40.4759928Z tests/test_clang_tidy_parser.py::TestClangTidyConfigurationHandling::test_detect_clang_tidy_in_parent_directory PASSED [ 15%]
2026-01-30T14:50:40.4779781Z tests/test_clang_tidy_parser.py::TestClangTidyConfigurationHandling::test_no_config_file_returns_none PASSED [ 15%]
2026-01-30T14:50:40.4815098Z tests/test_configuration.py::TestConfigurationLoading::test_load_complete_config PASSED [ 15%]
2026-01-30T14:50:40.4830137Z tests/test_configuration.py::TestConfigurationLoading::test_load_minimal_config PASSED [ 15%]
2026-01-30T14:50:40.4847783Z tests/test_configuration.py::TestConfigurationLoading::test_load_invalid_toml_syntax PASSED [ 15%]
2026-01-30T14:50:40.4860566Z tests/test_configuration.py::TestConfigurationLoading::test_load_nonexistent_file PASSED [ 15%]
2026-01-30T14:50:40.4895115Z tests/test_configuration.py::TestConfigurationLoading::test_load_from_custom_path PASSED [ 16%]
2026-01-30T14:50:40.4929647Z tests/test_configuration.py::TestValidatorConfiguration::test_get_validator_config_python_flake8 PASSED [ 16%]
2026-01-30T14:50:40.4963808Z tests/test_configuration.py::TestValidatorConfiguration::test_get_validator_config_cpp_clang_tidy PASSED [ 16%]
2026-01-30T14:50:40.4978898Z tests/test_configuration.py::TestValidatorConfiguration::test_get_validator_config_with_defaults PASSED [ 16%]
2026-01-30T14:50:40.5014981Z tests/test_configuration.py::TestValidatorConfiguration::test_get_validator_config_invalid_validator PASSED [ 16%]
2026-01-30T14:50:40.5049593Z tests/test_configuration.py::TestLanguageConfiguration::test_get_language_config_python PASSED [ 17%]
2026-01-30T14:50:40.5084656Z tests/test_configuration.py::TestLanguageConfiguration::test_get_language_config_cpp PASSED [ 17%]
2026-01-30T14:50:40.5100028Z tests/test_configuration.py::TestLanguageConfiguration::test_get_language_config_with_defaults PASSED [ 17%]
2026-01-30T14:50:40.5120655Z tests/test_configuration.py::TestConfigurationValidation::test_validate_negative_max_errors PASSED [ 17%]
2026-01-30T14:50:40.5141554Z tests/test_configuration.py::TestConfigurationValidation::test_validate_zero_complexity PASSED [ 17%]
2026-01-30T14:50:40.5176438Z tests/test_configuration.py::TestConfigurationInheritance::test_validator_inherits_language_defaults PASSED [ 18%]
2026-01-30T14:50:40.5191881Z tests/test_configuration.py::TestConfigurationInheritance::test_configuration_merging PASSED [ 18%]
2026-01-30T14:50:40.5210817Z tests/test_configuration.py::TestEnvironmentVariables::test_expand_environment_variables PASSED [ 18%]
2026-01-30T14:50:40.5227093Z tests/test_configuration.py::TestEnvironmentVariables::test_missing_environment_variable PASSED [ 18%]
2026-01-30T14:50:40.5239676Z tests/test_configuration.py::TestConfigurationDefaults::test_default_values_applied PASSED [ 18%]
2026-01-30T14:50:40.5251935Z tests/test_configuration.py::TestConfigurationDefaults::test_get_with_default_value PASSED [ 19%]
2026-01-30T14:50:40.5287696Z tests/test_configuration.py::TestConfigurationDefaults::test_get_nested_config PASSED [ 19%]
2026-01-30T14:50:40.5303347Z tests/test_cppcheck_parser.py::TestCppcheckXMLParsing::test_parse_xml_with_no_errors PASSED [ 19%]
2026-01-30T14:50:40.5316298Z tests/test_cppcheck_parser.py::TestCppcheckXMLParsing::test_parse_error_severity_issue PASSED [ 19%]
2026-01-30T14:50:40.5328812Z tests/test_cppcheck_parser.py::TestCppcheckXMLParsing::test_parse_warning_severity_issue PASSED [ 19%]
2026-01-30T14:50:40.5340890Z tests/test_cppcheck_parser.py::TestCppcheckXMLParsing::test_parse_style_issue PASSED [ 20%]
2026-01-30T14:50:40.5352909Z tests/test_cppcheck_parser.py::TestCppcheckXMLParsing::test_parse_performance_issue PASSED [ 20%]
2026-01-30T14:50:40.5364977Z tests/test_cppcheck_parser.py::TestCppcheckXMLParsing::test_parse_portability_issue PASSED [ 20%]
2026-01-30T14:50:40.5377160Z tests/test_cppcheck_parser.py::TestCppcheckXMLParsing::test_parse_information_message PASSED [ 20%]
2026-01-30T14:50:40.5388971Z tests/test_cppcheck_parser.py::TestCppcheckXMLParsing::test_extract_cwe_id PASSED [ 20%]
2026-01-30T14:50:40.5400871Z tests/test_cppcheck_parser.py::TestCppcheckXMLParsing::test_parse_inconclusive_results PASSED [ 20%]
2026-01-30T14:50:40.5413157Z tests/test_cppcheck_parser.py::TestCppcheckXMLParsing::test_parse_multiple_locations PASSED [ 21%]
2026-01-30T14:50:40.5425063Z tests/test_cppcheck_parser.py::TestCppcheckCommandBuilding::test_build_command_default_options PASSED [ 21%]
2026-01-30T14:50:40.5436671Z tests/test_cppcheck_parser.py::TestCppcheckCommandBuilding::test_build_command_with_enable_categories PASSED [ 21%]
2026-01-30T14:50:40.5449271Z tests/test_cppcheck_parser.py::TestCppcheckCommandBuilding::test_build_command_with_suppressions PASSED [ 21%]
2026-01-30T14:50:40.5460566Z tests/test_cppcheck_parser.py::TestCppcheckCommandBuilding::test_build_command_with_std_option PASSED [ 21%]
2026-01-30T14:50:40.5471883Z tests/test_cppcheck_parser.py::TestCppcheckCommandBuilding::test_build_command_with_platform PASSED [ 22%]
2026-01-30T14:50:40.5483257Z tests/test_cppcheck_parser.py::TestCppcheckCommandBuilding::test_build_command_with_includes PASSED [ 22%]
2026-01-30T14:50:40.5494928Z tests/test_cppcheck_parser.py::TestCppcheckCommandBuilding::test_build_command_with_defines PASSED [ 22%]
2026-01-30T14:50:40.5506459Z tests/test_cppcheck_parser.py::TestCppcheckCommandBuilding::test_build_command_with_inconclusive PASSED [ 22%]
2026-01-30T14:50:40.5518752Z tests/test_cppcheck_parser.py::TestCppcheckCommandBuilding::test_build_command_with_multiple_files PASSED [ 22%]
2026-01-30T14:50:40.5541577Z tests/test_cppcheck_parser.py::TestCppcheckErrorHandling::test_error_when_cppcheck_not_installed PASSED [ 23%]
2026-01-30T14:50:40.5564084Z tests/test_cppcheck_parser.py::TestCppcheckErrorHandling::test_timeout_handling PASSED [ 23%]
2026-01-30T14:50:40.5576973Z tests/test_cppcheck_parser.py::TestCppcheckErrorHandling::test_parse_with_invalid_xml PASSED [ 23%]
2026-01-30T14:50:40.5613426Z tests/test_cppcheck_parser.py::TestCppcheckVersionDetection::test_version_detection PASSED [ 23%]
2026-01-30T14:50:40.5634074Z tests/test_cppcheck_parser.py::TestCppcheckVersionDetection::test_version_detection_failure PASSED [ 23%]
2026-01-30T14:50:40.5645527Z tests/test_cppcheck_parser.py::TestCppcheckIntegrationWithFixtures::test_cppcheck_on_clean_cpp_code SKIPPED [ 24%]
2026-01-30T14:50:40.5656933Z tests/test_cppcheck_parser.py::TestCppcheckIntegrationWithFixtures::test_cppcheck_on_code_with_bugs SKIPPED [ 24%]
2026-01-30T14:50:40.5669371Z tests/test_cppcheck_parser.py::TestCppcheckGroupingAndFiltering::test_group_errors_by_id PASSED [ 24%]
2026-01-30T14:50:40.5682422Z tests/test_cppcheck_parser.py::TestCppcheckGroupingAndFiltering::test_group_errors_by_file PASSED [ 24%]
2026-01-30T14:50:40.5696200Z tests/test_cppcheck_parser.py::TestCppcheckGroupingAndFiltering::test_filter_by_severity PASSED [ 24%]
2026-01-30T14:50:40.5715826Z tests/test_cppcheck_parser.py::TestCppcheckConfigurationHandling::test_detect_cppcheck_suppressions_file PASSED [ 25%]
2026-01-30T14:50:40.5736001Z tests/test_cppcheck_parser.py::TestCppcheckConfigurationHandling::test_detect_suppressions_in_parent_directory PASSED [ 25%]
2026-01-30T14:50:40.5757854Z tests/test_cppcheck_parser.py::TestCppcheckConfigurationHandling::test_no_suppressions_file_returns_none PASSED [ 25%]
2026-01-30T14:50:40.6032220Z tests/test_file_collector.py::TestFullModeCollection::test_collect_all_python_files PASSED [ 25%]
2026-01-30T14:50:40.6300105Z tests/test_file_collector.py::TestFullModeCollection::test_collect_all_cpp_files PASSED [ 25%]
2026-01-30T14:50:40.6583746Z tests/test_file_collector.py::TestFullModeCollection::test_collect_all_languages PASSED [ 25%]
2026-01-30T14:50:40.6610502Z tests/test_file_collector.py::TestFullModeCollection::test_full_mode_without_git PASSED [ 26%]
2026-01-30T14:50:40.7048722Z tests/test_file_collector.py::TestIncrementalModeCollection::test_collect_modified_files PASSED [ 26%]
2026-01-30T14:50:40.7482417Z tests/test_file_collector.py::TestIncrementalModeCollection::test_collect_new_untracked_files PASSED [ 26%]
2026-01-30T14:50:40.7879409Z tests/test_file_collector.py::TestIncrementalModeCollection::test_collect_staged_files PASSED [ 26%]
2026-01-30T14:50:40.8341218Z tests/test_file_collector.py::TestIncrementalModeCollection::test_collect_both_staged_and_unstaged PASSED [ 26%]
2026-01-30T14:50:40.8769761Z tests/test_file_collector.py::TestIncrementalModeCollection::test_no_modifications_returns_empty PASSED [ 27%]
2026-01-30T14:50:40.9211850Z tests/test_file_collector.py::TestIncrementalModeCollection::test_handles_deleted_files PASSED [ 27%]
2026-01-30T14:50:40.9285098Z tests/test_file_collector.py::TestIncrementalModeCollection::test_incremental_without_git_falls_back_to_full PASSED [ 27%]
2026-01-30T14:50:40.9657408Z tests/test_file_collector.py::TestGitIntegration::test_detects_uncommitted_changes PASSED [ 27%]
2026-01-30T14:50:41.0013423Z tests/test_file_collector.py::TestGitIntegration::test_no_uncommitted_changes_in_clean_repo PASSED [ 27%]
2026-01-30T14:50:41.0350843Z tests/test_file_collector.py::TestGitIntegration::test_detects_git_repository PASSED [ 28%]
2026-01-30T14:50:41.0425650Z tests/test_file_collector.py::TestGitIntegration::test_detects_non_git_directory PASSED [ 28%]
2026-01-30T14:50:41.0918170Z tests/test_file_collector.py::TestGitIntegration::test_get_changed_files_across_commits PASSED [ 28%]
2026-01-30T14:50:41.1086711Z tests/test_file_collector.py::TestGitIntegration::test_empty_repository_returns_no_files PASSED [ 28%]
2026-01-30T14:50:41.1372961Z tests/test_file_collector.py::TestExclusionPatterns::test_respects_exclude_patterns PASSED [ 28%]
2026-01-30T14:50:41.1650924Z tests/test_file_collector.py::TestExclusionPatterns::test_default_exclusions_applied PASSED [ 29%]
2026-01-30T14:50:41.1948303Z tests/test_file_collector.py::TestLanguageFiltering::test_filters_by_language PASSED [ 29%]
2026-01-30T14:50:41.2236919Z tests/test_file_collector.py::TestLanguageFiltering::test_collects_multiple_languages PASSED [ 29%]
2026-01-30T14:50:41.2544568Z tests/test_file_collector.py::TestErrorHandling::test_invalid_language_raises_error PASSED [ 29%]
2026-01-30T14:50:41.2909165Z tests/test_file_collector.py::TestErrorHandling::test_invalid_commit_ref_raises_error PASSED [ 29%]
2026-01-30T14:50:41.2932622Z tests/test_file_collector.py::TestErrorHandling::test_handles_permission_errors_gracefully PASSED [ 30%]
2026-01-30T14:50:41.2965600Z tests/test_file_collector.py::TestErrorHandling::test_git_timeout_handled_in_is_git_repository PASSED [ 30%]
2026-01-30T14:50:41.2995739Z tests/test_file_collector.py::TestErrorHandling::test_git_not_found_handled_in_is_git_repository PASSED [ 30%]
2026-01-30T14:50:41.3292701Z tests/test_file_collector.py::TestErrorHandling::test_has_uncommitted_changes_handles_timeout PASSED [ 30%]
2026-01-30T14:50:41.3595754Z tests/test_file_collector.py::TestErrorHandling::test_has_uncommitted_changes_handles_subprocess_error PASSED [ 30%]
2026-01-30T14:50:41.3877587Z tests/test_file_collector.py::TestErrorHandling::test_get_changed_files_handles_timeout PASSED [ 30%]
2026-01-30T14:50:41.4307452Z tests/test_file_collector.py::TestPerformance::test_incremental_faster_than_full PASSED [ 31%]
2026-01-30T14:50:41.4580192Z tests/test_file_collector.py::TestCaching::test_caches_language_detection PASSED [ 31%]
2026-01-30T14:50:41.5111658Z tests/test_file_collector.py::TestCaching::test_cache_invalidated_on_changes PASSED [ 31%]
2026-01-30T14:50:41.5131174Z tests/test_flake8_parser.py::TestFlake8JSONParsing::test_parse_json_output_with_no_errors PASSED [ 31%]
2026-01-30T14:50:41.5145376Z tests/test_flake8_parser.py::TestFlake8JSONParsing::test_parse_json_output_with_e_series_errors PASSED [ 31%]
2026-01-30T14:50:41.5159031Z tests/test_flake8_parser.py::TestFlake8JSONParsing::test_parse_json_output_with_w_series_warnings PASSED [ 32%]
2026-01-30T14:50:41.5172579Z tests/test_flake8_parser.py::TestFlake8JSONParsing::test_parse_json_output_with_f_series_errors PASSED [ 32%]
2026-01-30T14:50:41.5185798Z tests/test_flake8_parser.py::TestFlake8JSONParsing::test_parse_json_output_with_c_series_complexity_warnings PASSED [ 32%]
2026-01-30T14:50:41.5199531Z tests/test_flake8_parser.py::TestFlake8JSONParsing::test_parse_multiple_files_with_mixed_results PASSED [ 32%]
2026-01-30T14:50:41.5212817Z tests/test_flake8_parser.py::TestFlake8CommandBuilding::test_build_command_with_default_options PASSED [ 32%]
2026-01-30T14:50:41.5225259Z tests/test_flake8_parser.py::TestFlake8CommandBuilding::test_build_command_with_ignore_list PASSED [ 33%]
2026-01-30T14:50:41.5237997Z tests/test_flake8_parser.py::TestFlake8CommandBuilding::test_build_command_with_max_line_length PASSED [ 33%]
2026-01-30T14:50:41.5250385Z tests/test_flake8_parser.py::TestFlake8CommandBuilding::test_build_command_with_select_rules PASSED [ 33%]
2026-01-30T14:50:41.5262820Z tests/test_flake8_parser.py::TestFlake8CommandBuilding::test_build_command_with_exclude_patterns PASSED [ 33%]
2026-01-30T14:50:41.5276097Z tests/test_flake8_parser.py::TestFlake8CommandBuilding::test_build_command_with_max_complexity PASSED [ 33%]
2026-01-30T14:50:41.5294803Z tests/test_flake8_parser.py::TestFlake8TextFormatParsing::test_parse_text_format_with_errors PASSED [ 34%]
2026-01-30T14:50:41.5307291Z tests/test_flake8_parser.py::TestFlake8TextFormatParsing::test_parse_text_format_with_no_output PASSED [ 34%]
2026-01-30T14:50:41.5336857Z tests/test_flake8_parser.py::TestFlake8ErrorHandling::test_error_when_flake8_not_installed PASSED [ 34%]
2026-01-30T14:50:41.5360017Z tests/test_flake8_parser.py::TestFlake8ErrorHandling::test_timeout_handling PASSED [ 34%]
2026-01-30T14:50:41.5373110Z tests/test_flake8_parser.py::TestFlake8ErrorHandling::test_invalid_json_handling PASSED [ 34%]
2026-01-30T14:50:41.5397223Z tests/test_flake8_parser.py::TestFlake8VersionDetection::test_version_detection PASSED [ 35%]
2026-01-30T14:50:41.5419618Z tests/test_flake8_parser.py::TestFlake8VersionDetection::test_version_detection_failure PASSED [ 35%]
2026-01-30T14:50:41.8051939Z tests/test_flake8_parser.py::TestFlake8IntegrationWithFixtures::test_flake8_on_good_python_code PASSED [ 35%]
2026-01-30T14:50:42.0513840Z tests/test_flake8_parser.py::TestFlake8IntegrationWithFixtures::test_flake8_on_style_violations_fixture PASSED [ 35%]
2026-01-30T14:50:42.2906152Z tests/test_flake8_parser.py::TestFlake8IntegrationWithFixtures::test_flake8_on_syntax_error_fixture PASSED [ 35%]
2026-01-30T14:50:42.5367978Z tests/test_flake8_parser.py::TestFlake8IntegrationWithFixtures::test_flake8_on_unused_imports_fixture PASSED [ 35%]
2026-01-30T14:50:42.5380056Z tests/test_flake8_parser.py::TestFlake8SeverityMapping::test_e_series_maps_to_error PASSED [ 36%]
2026-01-30T14:50:42.5391914Z tests/test_flake8_parser.py::TestFlake8SeverityMapping::test_w_series_maps_to_warning PASSED [ 36%]
2026-01-30T14:50:42.5403318Z tests/test_flake8_parser.py::TestFlake8SeverityMapping::test_f_series_maps_to_error PASSED [ 36%]
2026-01-30T14:50:42.5414758Z tests/test_flake8_parser.py::TestFlake8SeverityMapping::test_c_series_maps_to_warning PASSED [ 36%]
2026-01-30T14:50:42.5426447Z tests/test_flake8_parser.py::TestFlake8SeverityMapping::test_n_series_maps_to_warning PASSED [ 36%]
2026-01-30T14:50:42.5447678Z tests/test_flake8_parser.py::TestFlake8ConfigurationHandling::test_detect_flake8_config_file PASSED [ 37%]
2026-01-30T14:50:42.5466838Z tests/test_flake8_parser.py::TestFlake8ConfigurationHandling::test_detect_setup_cfg_flake8_section PASSED [ 37%]
2026-01-30T14:50:42.5486916Z tests/test_flake8_parser.py::TestFlake8ConfigurationHandling::test_detect_tox_ini_flake8_section PASSED [ 37%]
2026-01-30T14:50:42.5503407Z tests/test_isort_parser.py::TestIsortTextParsing::test_parse_output_all_imports_sorted PASSED [ 37%]
2026-01-30T14:50:42.5516480Z tests/test_isort_parser.py::TestIsortTextParsing::test_parse_output_imports_need_sorting PASSED [ 37%]
2026-01-30T14:50:42.5529453Z tests/test_isort_parser.py::TestIsortTextParsing::test_parse_multiple_files_with_errors PASSED [ 38%]
2026-01-30T14:50:42.5541546Z tests/test_isort_parser.py::TestIsortTextParsing::test_parse_windows_paths PASSED [ 38%]
2026-01-30T14:50:42.5553858Z tests/test_isort_parser.py::TestIsortTextParsing::test_parse_output_with_skipped_files PASSED [ 38%]
2026-01-30T14:50:42.5566526Z tests/test_isort_parser.py::TestIsortCommandBuilding::test_build_command_default_options PASSED [ 38%]
2026-01-30T14:50:42.5578263Z tests/test_isort_parser.py::TestIsortCommandBuilding::test_build_command_with_profile PASSED [ 38%]
2026-01-30T14:50:42.5589962Z tests/test_isort_parser.py::TestIsortCommandBuilding::test_build_command_with_line_length PASSED [ 39%]
2026-01-30T14:50:42.5601596Z tests/test_isort_parser.py::TestIsortCommandBuilding::test_build_command_with_multi_line_output PASSED [ 39%]
2026-01-30T14:50:42.5612994Z tests/test_isort_parser.py::TestIsortCommandBuilding::test_build_command_with_skip_patterns PASSED [ 39%]
2026-01-30T14:50:42.5624714Z tests/test_isort_parser.py::TestIsortCommandBuilding::test_build_command_with_force_single_line PASSED [ 39%]
2026-01-30T14:50:42.5636239Z tests/test_isort_parser.py::TestIsortCommandBuilding::test_build_command_with_diff PASSED [ 39%]
2026-01-30T14:50:42.5648160Z tests/test_isort_parser.py::TestIsortCommandBuilding::test_build_command_with_multiple_files PASSED [ 40%]
2026-01-30T14:50:42.5676024Z tests/test_isort_parser.py::TestIsortErrorHandling::test_error_when_isort_not_installed PASSED [ 40%]
2026-01-30T14:50:42.5697174Z tests/test_isort_parser.py::TestIsortErrorHandling::test_timeout_handling PASSED [ 40%]
2026-01-30T14:50:42.5709556Z tests/test_isort_parser.py::TestIsortErrorHandling::test_parse_syntax_error_in_file PASSED [ 40%]
2026-01-30T14:50:42.5736611Z tests/test_isort_parser.py::TestIsortVersionDetection::test_version_detection PASSED [ 40%]
2026-01-30T14:50:42.5757887Z tests/test_isort_parser.py::TestIsortVersionDetection::test_version_detection_failure PASSED [ 40%]
2026-01-30T14:50:42.7753276Z tests/test_isort_parser.py::TestIsortIntegrationWithFixtures::test_isort_on_sorted_python_code PASSED [ 41%]
2026-01-30T14:50:42.9701968Z tests/test_isort_parser.py::TestIsortIntegrationWithFixtures::test_isort_on_unsorted_imports_fixture PASSED [ 41%]
2026-01-30T14:50:42.9723677Z tests/test_isort_parser.py::TestIsortConfigurationHandling::test_detect_pyproject_toml PASSED [ 41%]
2026-01-30T14:50:42.9742332Z tests/test_isort_parser.py::TestIsortConfigurationHandling::test_detect_setup_cfg PASSED [ 41%]
2026-01-30T14:50:42.9760955Z tests/test_isort_parser.py::TestIsortConfigurationHandling::test_detect_isort_cfg PASSED [ 41%]
2026-01-30T14:50:42.9779929Z tests/test_isort_parser.py::TestIsortConfigurationHandling::test_no_config_file_returns_none PASSED [ 42%]
2026-01-30T14:50:42.9791549Z tests/test_isort_parser.py::TestIsortSuggestedFixes::test_generate_fix_command PASSED [ 42%]
2026-01-30T14:50:42.9804804Z tests/test_isort_parser.py::TestIsortSuggestedFixes::test_generate_fix_command_with_options PASSED [ 42%]
2026-01-30T14:50:42.9839935Z tests/test_language_detector.py::TestLanguageDetection::test_detect_python_files PASSED [ 42%]
2026-01-30T14:50:42.9874822Z tests/test_language_detector.py::TestLanguageDetection::test_detect_cpp_files PASSED [ 42%]
2026-01-30T14:50:42.9908846Z tests/test_language_detector.py::TestLanguageDetection::test_detect_mixed_language_project PASSED [ 43%]
2026-01-30T14:50:42.9931896Z tests/test_language_detector.py::TestLanguageDetection::test_detect_python_only_project PASSED [ 43%]
2026-01-30T14:50:42.9954864Z tests/test_language_detector.py::TestLanguageDetection::test_detect_cpp_only_project PASSED [ 43%]
2026-01-30T14:50:42.9976556Z tests/test_language_detector.py::TestLanguageDetection::test_detect_no_matching_files PASSED [ 43%]
2026-01-30T14:50:43.0007828Z tests/test_language_detector.py::TestLanguageDetection::test_get_files_returns_only_python PASSED [ 43%]
2026-01-30T14:50:43.0039883Z tests/test_language_detector.py::TestLanguageDetection::test_get_files_returns_only_cpp PASSED [ 44%]
2026-01-30T14:50:43.0073947Z tests/test_language_detector.py::TestExclusionPatterns::test_ignores_git_directory PASSED [ 44%]
2026-01-30T14:50:43.0108763Z tests/test_language_detector.py::TestExclusionPatterns::test_ignores_pycache_directory PASSED [ 44%]
2026-01-30T14:50:43.0143289Z tests/test_language_detector.py::TestExclusionPatterns::test_ignores_build_directory PASSED [ 44%]
2026-01-30T14:50:43.0198775Z tests/test_language_detector.py::TestExclusionPatterns::test_custom_exclude_patterns PASSED [ 44%]
2026-01-30T14:50:43.0233372Z tests/test_language_detector.py::TestConfigurationIntegration::test_respects_file_patterns_from_config PASSED [ 45%]
2026-01-30T14:50:43.0258283Z tests/test_language_detector.py::TestConfigurationIntegration::test_respects_cpp_patterns_from_config PASSED [ 45%]
2026-01-30T14:50:43.0270243Z tests/test_language_detector.py::TestSymbolicLinks::test_follows_symlinks_when_enabled SKIPPED [ 45%]
2026-01-30T14:50:43.0280864Z tests/test_language_detector.py::TestSymbolicLinks::test_ignores_symlinks_when_disabled SKIPPED [ 45%]
2026-01-30T14:50:43.0426188Z tests/test_language_detector.py::TestPerformance::test_performance_large_directory_tree PASSED [ 45%]
2026-01-30T14:50:43.0440539Z tests/test_language_detector.py::TestEdgeCases::test_nonexistent_directory_raises_error PASSED [ 45%]
2026-01-30T14:50:43.0461738Z tests/test_language_detector.py::TestEdgeCases::test_file_instead_of_directory_raises_error PASSED [ 46%]
2026-01-30T14:50:43.0494916Z tests/test_language_detector.py::TestEdgeCases::test_get_files_for_unknown_language_returns_empty PASSED [ 46%]
2026-01-30T14:50:43.0516544Z tests/test_language_detector.py::TestEdgeCases::test_empty_directory_returns_empty PASSED [ 46%]
2026-01-30T14:50:43.0533795Z tests/test_orchestrator.py::TestSequentialExecution::test_run_all_validators_sequentially PASSED [ 46%]
2026-01-30T14:50:43.0551433Z tests/test_orchestrator.py::TestSequentialExecution::test_validators_run_in_deterministic_order PASSED [ 46%]
2026-01-30T14:50:43.0582511Z tests/test_orchestrator.py::TestParallelExecution::test_run_all_validators_in_parallel PASSED [ 47%]
2026-01-30T14:50:43.4621931Z tests/test_orchestrator.py::TestParallelExecution::test_parallel_execution_faster_than_sequential PASSED [ 47%]
2026-01-30T14:50:43.4638733Z tests/test_orchestrator.py::TestLanguageFiltering::test_run_validators_for_specific_language PASSED [ 47%]
2026-01-30T14:50:43.4653535Z tests/test_orchestrator.py::TestLanguageFiltering::test_run_validators_for_cpp_language PASSED [ 47%]
2026-01-30T14:50:43.4668512Z tests/test_orchestrator.py::TestLanguageFiltering::test_run_validators_for_nonexistent_language PASSED [ 47%]
2026-01-30T14:50:43.4683156Z tests/test_orchestrator.py::TestSpecificValidatorExecution::test_run_specific_validator_by_name PASSED [ 48%]
2026-01-30T14:50:43.4700196Z tests/test_orchestrator.py::TestSpecificValidatorExecution::test_run_nonexistent_validator_raises_error PASSED [ 48%]
2026-01-30T14:50:43.4715776Z tests/test_orchestrator.py::TestResultAggregation::test_aggregate_results_all_passing PASSED [ 48%]
2026-01-30T14:50:43.4728701Z tests/test_orchestrator.py::TestResultAggregation::test_aggregate_results_with_failures PASSED [ 48%]
2026-01-30T14:50:43.4743930Z tests/test_orchestrator.py::TestResultAggregation::test_aggregate_results_counts_files_checked PASSED [ 48%]
2026-01-30T14:50:43.4759141Z tests/test_orchestrator.py::TestOverallPassFail::test_overall_pass_when_all_validators_pass PASSED [ 49%]
2026-01-30T14:50:43.4771200Z tests/test_orchestrator.py::TestOverallPassFail::test_overall_fail_when_any_validator_fails PASSED [ 49%]
2026-01-30T14:50:43.4783249Z tests/test_orchestrator.py::TestFailFastMode::test_fail_fast_stops_on_first_failure PASSED [ 49%]
2026-01-30T14:50:43.4795985Z tests/test_orchestrator.py::TestContinueOnFailureMode::test_continue_on_failure_runs_all_validators PASSED [ 49%]
2026-01-30T14:50:53.4920427Z tests/test_orchestrator.py::TestTimeoutHandling::test_timeout_handling_for_slow_validators PASSED [ 49%]
2026-01-30T14:50:53.4933636Z tests/test_orchestrator.py::TestValidatorCrashHandling::test_error_handling_when_validator_crashes PASSED [ 50%]
2026-01-30T14:50:53.4947156Z tests/test_orchestrator.py::TestToolNotFoundHandling::test_error_handling_when_tool_not_found PASSED [ 50%]
2026-01-30T14:50:53.4960516Z tests/test_orchestrator.py::TestMixedResults::test_result_collection_with_mixed_results PASSED [ 50%]
2026-01-30T14:50:53.7988782Z tests/test_orchestrator.py::TestExecutionTimeTracking::test_execution_time_tracking PASSED [ 50%]
2026-01-30T14:50:53.8006765Z tests/test_orchestrator.py::TestFileCountAggregation::test_file_count_aggregation PASSED [ 50%]
2026-01-30T14:50:53.8021907Z tests/test_orchestrator.py::TestFileCountAggregation::test_unique_files_counted PASSED [ 50%]
2026-01-30T14:50:53.8036215Z tests/test_orchestrator.py::TestEmptyFileList::test_run_with_empty_file_list PASSED [ 51%]
2026-01-30T14:50:53.8050220Z tests/test_orchestrator.py::TestConfigurationPassing::test_configuration_passed_to_validators PASSED [ 51%]
2026-01-30T14:50:53.8061996Z tests/test_parser_framework.py::TestFixtureDirectoryStructure::test_fixtures_directory_exists PASSED [ 51%]
2026-01-30T14:50:53.8073831Z tests/test_parser_framework.py::TestFixtureDirectoryStructure::test_python_fixtures_directory_exists PASSED [ 51%]
2026-01-30T14:50:53.8086042Z tests/test_parser_framework.py::TestFixtureDirectoryStructure::test_cpp_fixtures_directory_exists PASSED [ 51%]
2026-01-30T14:50:53.8097991Z tests/test_parser_framework.py::TestFixtureDirectoryStructure::test_sample_code_fixtures_directory_exists PASSED [ 52%]
2026-01-30T14:50:53.8111601Z tests/test_parser_framework.py::TestFixtureLoading::test_load_fixture_file_returns_content PASSED [ 52%]
2026-01-30T14:50:53.8124856Z tests/test_parser_framework.py::TestFixtureLoading::test_load_fixture_file_with_subdirectory PASSED [ 52%]
2026-01-30T14:50:53.8138265Z tests/test_parser_framework.py::TestFixtureLoading::test_load_fixture_file_preserves_encoding PASSED [ 52%]
2026-01-30T14:50:53.8151591Z tests/test_parser_framework.py::TestFixtureLoading::test_load_fixture_nonexistent_file_raises_error PASSED [ 52%]
2026-01-30T14:50:53.8164747Z tests/test_parser_framework.py::TestFixtureLoading::test_get_fixture_path_returns_absolute_path PASSED [ 53%]
2026-01-30T14:50:53.8182617Z tests/test_parser_framework.py::TestFixtureLoading::test_list_fixtures_in_directory PASSED [ 53%]
2026-01-30T14:50:53.8195939Z tests/test_parser_framework.py::TestParserHelpers::test_create_validation_result_helper PASSED [ 53%]
2026-01-30T14:50:53.8208929Z tests/test_parser_framework.py::TestParserHelpers::test_create_issue_helper PASSED [ 53%]
2026-01-30T14:50:53.8221704Z tests/test_parser_framework.py::TestParserHelpers::test_assert_validation_result_structure PASSED [ 53%]
2026-01-30T14:50:53.8234783Z tests/test_parser_framework.py::TestParserHelpers::test_assert_validation_result_invalid_structure_raises PASSED [ 54%]
2026-01-30T14:50:53.8247458Z tests/test_parser_framework.py::TestParserHelpers::test_assert_issue_structure PASSED [ 54%]
2026-01-30T14:50:53.8260183Z tests/test_parser_framework.py::TestParserHelpers::test_count_issues_by_severity PASSED [ 54%]
2026-01-30T14:50:53.8272803Z tests/test_parser_framework.py::TestParserHelpers::test_filter_issues_by_file PASSED [ 54%]
2026-01-30T14:50:53.8285718Z tests/test_parser_framework.py::TestParserHelpers::test_filter_issues_by_severity PASSED [ 54%]
2026-01-30T14:50:53.8303864Z tests/test_parser_framework.py::TestPythonFixtures::test_good_python_code_fixture_exists PASSED [ 55%]
2026-01-30T14:50:53.8318189Z tests/test_parser_framework.py::TestPythonFixtures::test_bad_python_syntax_error_fixture_exists PASSED [ 55%]
2026-01-30T14:50:53.8332994Z tests/test_parser_framework.py::TestPythonFixtures::test_bad_python_missing_imports_fixture_exists PASSED [ 55%]
2026-01-30T14:50:53.8348770Z tests/test_parser_framework.py::TestPythonFixtures::test_bad_python_unused_code_fixture_exists PASSED [ 55%]
2026-01-30T14:50:53.8364674Z tests/test_parser_framework.py::TestPythonFixtures::test_bad_python_style_violations_fixture_exists PASSED [ 55%]
2026-01-30T14:50:53.8381928Z tests/test_parser_framework.py::TestPythonFixtures::test_bad_python_unformatted_code_fixture_exists PASSED [ 55%]
2026-01-30T14:50:53.8396589Z tests/test_parser_framework.py::TestCppFixtures::test_good_cpp_code_fixture_exists PASSED [ 56%]
2026-01-30T14:50:53.8410024Z tests/test_parser_framework.py::TestCppFixtures::test_good_cpp_header_fixture_exists PASSED [ 56%]
2026-01-30T14:50:53.8423915Z tests/test_parser_framework.py::TestCppFixtures::test_bad_cpp_syntax_error_fixture_exists PASSED [ 56%]
2026-01-30T14:50:53.8437422Z tests/test_parser_framework.py::TestCppFixtures::test_bad_cpp_style_violations_fixture_exists PASSED [ 56%]
2026-01-30T14:50:53.8450964Z tests/test_parser_framework.py::TestCppFixtures::test_bad_cpp_static_analysis_issues_fixture_exists PASSED [ 56%]
2026-01-30T14:50:53.8463466Z tests/test_parser_framework.py::TestFixtureNamingConventions::test_readme_exists_in_fixtures_directory PASSED [ 57%]
2026-01-30T14:50:53.8476498Z tests/test_parser_framework.py::TestFixtureNamingConventions::test_readme_documents_naming_conventions PASSED [ 57%]
2026-01-30T14:50:53.8490005Z tests/test_parser_framework.py::TestFixtureNamingConventions::test_readme_documents_directory_structure PASSED [ 57%]
2026-01-30T14:50:53.8502755Z tests/test_pylint_parser.py::TestPylintJSONParsing::test_parse_json_output_with_no_issues PASSED [ 57%]
2026-01-30T14:50:53.8515308Z tests/test_pylint_parser.py::TestPylintJSONParsing::test_parse_convention_messages PASSED [ 57%]
2026-01-30T14:50:53.8527366Z tests/test_pylint_parser.py::TestPylintJSONParsing::test_parse_refactor_suggestions PASSED [ 58%]
2026-01-30T14:50:53.8539265Z tests/test_pylint_parser.py::TestPylintJSONParsing::test_parse_warnings PASSED [ 58%]
2026-01-30T14:50:53.8551151Z tests/test_pylint_parser.py::TestPylintJSONParsing::test_parse_errors PASSED [ 58%]
2026-01-30T14:50:53.8563170Z tests/test_pylint_parser.py::TestPylintJSONParsing::test_parse_fatal_errors PASSED [ 58%]
2026-01-30T14:50:53.8575510Z tests/test_pylint_parser.py::TestPylintJSONParsing::test_parse_multiple_issues_mixed_types PASSED [ 58%]
2026-01-30T14:50:53.8587259Z tests/test_pylint_parser.py::TestPylintJSONParsing::test_parse_with_score_information PASSED [ 59%]
2026-01-30T14:50:53.8598856Z tests/test_pylint_parser.py::TestPylintCommandBuilding::test_build_command_default_options PASSED [ 59%]
2026-01-30T14:50:53.8610480Z tests/test_pylint_parser.py::TestPylintCommandBuilding::test_build_command_with_disable_options PASSED [ 59%]
2026-01-30T14:50:53.8622132Z tests/test_pylint_parser.py::TestPylintCommandBuilding::test_build_command_with_enable_options PASSED [ 59%]
2026-01-30T14:50:53.8633673Z tests/test_pylint_parser.py::TestPylintCommandBuilding::test_build_command_with_max_line_length PASSED [ 59%]
2026-01-30T14:50:53.8645441Z tests/test_pylint_parser.py::TestPylintCommandBuilding::test_build_command_with_rcfile PASSED [ 60%]
2026-01-30T14:50:53.8657048Z tests/test_pylint_parser.py::TestPylintCommandBuilding::test_build_command_with_score_enabled PASSED [ 60%]
2026-01-30T14:50:53.8676698Z tests/test_pylint_parser.py::TestPylintCommandBuilding::test_build_command_with_score_disabled PASSED [ 60%]
2026-01-30T14:50:53.8682613Z tests/test_pylint_parser.py::TestPylintCommandBuilding::test_build_command_with_multiple_files PASSED [ 60%]
2026-01-30T14:50:53.8710479Z tests/test_pylint_parser.py::TestPylintErrorHandling::test_error_when_pylint_not_installed PASSED [ 60%]
2026-01-30T14:50:53.8733824Z tests/test_pylint_parser.py::TestPylintErrorHandling::test_timeout_handling PASSED [ 60%]
2026-01-30T14:50:53.8746856Z tests/test_pylint_parser.py::TestPylintErrorHandling::test_invalid_json_handling PASSED [ 61%]
2026-01-30T14:50:53.8774262Z tests/test_pylint_parser.py::TestPylintVersionDetection::test_version_detection PASSED [ 61%]
2026-01-30T14:50:53.8798907Z tests/test_pylint_parser.py::TestPylintVersionDetection::test_version_detection_pylint2 PASSED [ 61%]
2026-01-30T14:50:53.8820514Z tests/test_pylint_parser.py::TestPylintVersionDetection::test_version_detection_failure PASSED [ 61%]
2026-01-30T14:50:55.4250019Z tests/test_pylint_parser.py::TestPylintIntegrationWithFixtures::test_pylint_on_clean_python_code PASSED [ 61%]
2026-01-30T14:50:56.4522569Z tests/test_pylint_parser.py::TestPylintIntegrationWithFixtures::test_pylint_on_code_with_violations PASSED [ 62%]
2026-01-30T14:50:56.4547172Z tests/test_pylint_parser.py::TestPylintConfigurationHandling::test_detect_pylintrc PASSED [ 62%]
2026-01-30T14:50:56.4566994Z tests/test_pylint_parser.py::TestPylintConfigurationHandling::test_detect_pyproject_toml PASSED [ 62%]
2026-01-30T14:50:56.4586664Z tests/test_pylint_parser.py::TestPylintConfigurationHandling::test_detect_setup_cfg PASSED [ 62%]
2026-01-30T14:50:56.4606172Z tests/test_pylint_parser.py::TestPylintConfigurationHandling::test_priority_order_pylintrc_over_others PASSED [ 62%]
2026-01-30T14:50:56.4624866Z tests/test_pylint_parser.py::TestPylintConfigurationHandling::test_no_config_file_returns_none PASSED [ 63%]
2026-01-30T14:50:56.4639793Z tests/test_pylint_parser.py::TestPylintScoreExtraction::test_extract_score_from_text_output PASSED [ 63%]
2026-01-30T14:50:56.4651405Z tests/test_pylint_parser.py::TestPylintScoreExtraction::test_extract_score_with_previous_run PASSED [ 63%]
2026-01-30T14:50:56.4663060Z tests/test_pylint_parser.py::TestPylintScoreExtraction::test_extract_score_when_not_present PASSED [ 63%]
2026-01-30T14:50:56.4674839Z tests/test_pylint_parser.py::TestPylintScoreExtraction::test_extract_perfect_score PASSED [ 63%]
2026-01-30T14:50:56.4687500Z tests/test_pylint_parser.py::TestPylintSeverityMapping::test_convention_maps_to_warning PASSED [ 64%]
2026-01-30T14:50:56.4699635Z tests/test_pylint_parser.py::TestPylintSeverityMapping::test_refactor_maps_to_warning PASSED [ 64%]
2026-01-30T14:50:56.4711578Z tests/test_pylint_parser.py::TestPylintSeverityMapping::test_warning_maps_to_warning PASSED [ 64%]
2026-01-30T14:50:56.4723785Z tests/test_pylint_parser.py::TestPylintSeverityMapping::test_error_maps_to_error PASSED [ 64%]
2026-01-30T14:50:56.4737113Z tests/test_pylint_parser.py::TestPylintSeverityMapping::test_fatal_maps_to_error PASSED [ 64%]
2026-01-30T14:50:56.4751882Z tests/test_pytest_parser.py::TestPytestResultParsing::test_parse_output_all_tests_passed PASSED [ 65%]
2026-01-30T14:50:56.4765773Z tests/test_pytest_parser.py::TestPytestResultParsing::test_parse_output_with_test_failures PASSED [ 65%]
2026-01-30T14:50:56.4779275Z tests/test_pytest_parser.py::TestPytestResultParsing::test_parse_output_with_skipped_tests PASSED [ 65%]
2026-01-30T14:50:56.4793047Z tests/test_pytest_parser.py::TestPytestResultParsing::test_parse_parametrized_tests PASSED [ 65%]
2026-01-30T14:50:56.4806401Z tests/test_pytest_parser.py::TestPytestResultParsing::test_parse_test_durations PASSED [ 65%]
2026-01-30T14:50:56.4819699Z tests/test_pytest_parser.py::TestPytestResultParsing::test_identify_slowest_tests PASSED [ 65%]
2026-01-30T14:50:56.4834664Z tests/test_pytest_parser.py::TestPytestCoverageIntegration::test_parse_coverage_percentage PASSED [ 66%]
2026-01-30T14:50:56.4848170Z tests/test_pytest_parser.py::TestPytestCoverageIntegration::test_parse_coverage_per_module PASSED [ 66%]
2026-01-30T14:50:56.4861109Z tests/test_pytest_parser.py::TestPytestCoverageIntegration::test_parse_missing_lines PASSED [ 66%]
2026-01-30T14:50:56.4874191Z tests/test_pytest_parser.py::TestPytestCoverageIntegration::test_identify_modules_below_threshold PASSED [ 66%]
2026-01-30T14:50:56.4887342Z tests/test_pytest_parser.py::TestPytestCoverageIntegration::test_parse_branch_coverage PASSED [ 66%]
2026-01-30T14:50:56.4899005Z tests/test_pytest_parser.py::TestPytestCommandBuilding::test_build_command_default_options PASSED [ 67%]
2026-01-30T14:50:56.4910489Z tests/test_pytest_parser.py::TestPytestCommandBuilding::test_build_command_with_coverage PASSED [ 67%]
2026-01-30T14:50:56.4922105Z tests/test_pytest_parser.py::TestPytestCommandBuilding::test_build_command_with_markers PASSED [ 67%]
2026-01-30T14:50:56.4933500Z tests/test_pytest_parser.py::TestPytestCommandBuilding::test_build_command_with_keywords PASSED [ 67%]
2026-01-30T14:50:56.4945922Z tests/test_pytest_parser.py::TestPytestCommandBuilding::test_build_command_with_parallel_workers PASSED [ 67%]
2026-01-30T14:50:56.4957375Z tests/test_pytest_parser.py::TestPytestCommandBuilding::test_build_command_with_reruns PASSED [ 68%]
2026-01-30T14:50:56.4968814Z tests/test_pytest_parser.py::TestPytestCommandBuilding::test_build_command_with_verbose PASSED [ 68%]
2026-01-30T14:50:56.4980830Z tests/test_pytest_parser.py::TestPytestCommandBuilding::test_build_command_with_multiple_files PASSED [ 68%]
2026-01-30T14:50:56.5005680Z tests/test_pytest_parser.py::TestPytestErrorHandling::test_error_when_pytest_not_installed PASSED [ 68%]
2026-01-30T14:50:56.5028810Z tests/test_pytest_parser.py::TestPytestErrorHandling::test_timeout_handling PASSED [ 68%]
2026-01-30T14:50:56.5042715Z tests/test_pytest_parser.py::TestPytestErrorHandling::test_parse_with_invalid_json PASSED [ 69%]
2026-01-30T14:50:56.5068295Z tests/test_pytest_parser.py::TestPytestErrorHandling::test_error_when_coverage_plugin_missing PASSED [ 69%]
2026-01-30T14:50:56.5095667Z tests/test_pytest_parser.py::TestPytestVersionDetection::test_version_detection PASSED [ 69%]
2026-01-30T14:50:56.5116487Z tests/test_pytest_parser.py::TestPytestVersionDetection::test_version_detection_failure PASSED [ 69%]
2026-01-30T14:50:56.5128506Z tests/test_pytest_parser.py::TestPytestIntegrationWithFixtures::test_pytest_on_passing_test_suite SKIPPED [ 69%]
2026-01-30T14:50:56.5139250Z tests/test_pytest_parser.py::TestPytestIntegrationWithFixtures::test_pytest_on_failing_test_suite SKIPPED [ 70%]
2026-01-30T14:50:56.5151046Z tests/test_pytest_parser.py::TestPytestIntegrationWithFixtures::test_coverage_measurement SKIPPED [ 70%]
2026-01-30T14:50:56.5164864Z tests/test_pytest_parser.py::TestPytestFlakyTestDetection::test_detect_flaky_test PASSED [ 70%]
2026-01-30T14:50:56.5178511Z tests/test_pytest_parser.py::TestPytestFlakyTestDetection::test_no_flaky_tests PASSED [ 70%]
2026-01-30T14:50:56.5192336Z tests/test_pytest_parser.py::TestPytestSummaryStatistics::test_extract_summary_statistics PASSED [ 70%]
2026-01-30T14:50:56.5205770Z tests/test_pytest_parser.py::TestPytestSummaryStatistics::test_calculate_pass_rate PASSED [ 70%]
2026-01-30T14:50:56.5225688Z tests/test_pytest_parser.py::TestPytestConfigurationHandling::test_detect_pytest_ini PASSED [ 71%]
2026-01-30T14:50:56.5245804Z tests/test_pytest_parser.py::TestPytestConfigurationHandling::test_detect_pyproject_toml PASSED [ 71%]
2026-01-30T14:50:56.5265894Z tests/test_pytest_parser.py::TestPytestConfigurationHandling::test_detect_setup_cfg PASSED [ 71%]
2026-01-30T14:50:56.5286293Z tests/test_pytest_parser.py::TestPytestConfigurationHandling::test_no_config_file_returns_none PASSED [ 71%]
2026-01-30T14:50:56.5299285Z tests/test_radon_parser.py::TestRadonCyclomaticComplexity::test_parse_cc_output_with_no_functions PASSED [ 71%]
2026-01-30T14:50:56.5311563Z tests/test_radon_parser.py::TestRadonCyclomaticComplexity::test_parse_cc_output_with_low_complexity_functions PASSED [ 72%]
2026-01-30T14:50:56.5323979Z tests/test_radon_parser.py::TestRadonCyclomaticComplexity::test_parse_cc_output_with_high_complexity_functions PASSED [ 72%]
2026-01-30T14:50:56.5336697Z tests/test_radon_parser.py::TestRadonCyclomaticComplexity::test_parse_cc_output_with_multiple_functions PASSED [ 72%]
2026-01-30T14:50:56.5348780Z tests/test_radon_parser.py::TestRadonCyclomaticComplexity::test_parse_cc_output_with_methods PASSED [ 72%]
2026-01-30T14:50:56.5360654Z tests/test_radon_parser.py::TestRadonCyclomaticComplexity::test_parse_cc_output_with_closures PASSED [ 72%]
2026-01-30T14:50:56.5372801Z tests/test_radon_parser.py::TestRadonCyclomaticComplexity::test_parse_cc_complexity_ranks PASSED [ 73%]
2026-01-30T14:50:56.5384836Z tests/test_radon_parser.py::TestRadonMaintainabilityIndex::test_parse_mi_output_high_maintainability PASSED [ 73%]
2026-01-30T14:50:56.5397021Z tests/test_radon_parser.py::TestRadonMaintainabilityIndex::test_parse_mi_output_low_maintainability PASSED [ 73%]
2026-01-30T14:50:56.5409521Z tests/test_radon_parser.py::TestRadonMaintainabilityIndex::test_parse_mi_output_multiple_files PASSED [ 73%]
2026-01-30T14:50:56.5421822Z tests/test_radon_parser.py::TestRadonMaintainabilityIndex::test_parse_mi_ranks PASSED [ 73%]
2026-01-30T14:50:56.5433784Z tests/test_radon_parser.py::TestRadonRawMetrics::test_parse_raw_metrics PASSED [ 74%]
2026-01-30T14:50:56.5446530Z tests/test_radon_parser.py::TestRadonRawMetrics::test_parse_raw_metrics_multiple_files PASSED [ 74%]
2026-01-30T14:50:56.5457728Z tests/test_radon_parser.py::TestRadonCommandBuilding::test_build_cc_command_default_options PASSED [ 74%]
2026-01-30T14:50:56.5469133Z tests/test_radon_parser.py::TestRadonCommandBuilding::test_build_cc_command_with_min_grade PASSED [ 74%]
2026-01-30T14:50:56.5480476Z tests/test_radon_parser.py::TestRadonCommandBuilding::test_build_cc_command_with_show_closures PASSED [ 74%]
2026-01-30T14:50:56.5492206Z tests/test_radon_parser.py::TestRadonCommandBuilding::test_build_cc_command_with_exclude_patterns PASSED [ 75%]
2026-01-30T14:50:56.5503578Z tests/test_radon_parser.py::TestRadonCommandBuilding::test_build_mi_command_default_options PASSED [ 75%]
2026-01-30T14:50:56.5515519Z tests/test_radon_parser.py::TestRadonCommandBuilding::test_build_mi_command_with_show_details PASSED [ 75%]
2026-01-30T14:50:56.5527086Z tests/test_radon_parser.py::TestRadonCommandBuilding::test_build_raw_command_default_options PASSED [ 75%]
2026-01-30T14:50:56.5539586Z tests/test_radon_parser.py::TestRadonCommandBuilding::test_build_command_with_multiple_files PASSED [ 75%]
2026-01-30T14:50:56.5566233Z tests/test_radon_parser.py::TestRadonErrorHandling::test_error_when_radon_not_installed PASSED [ 75%]
2026-01-30T14:50:56.5588571Z tests/test_radon_parser.py::TestRadonErrorHandling::test_timeout_handling PASSED [ 76%]
2026-01-30T14:50:56.5601096Z tests/test_radon_parser.py::TestRadonErrorHandling::test_invalid_json_handling PASSED [ 76%]
2026-01-30T14:50:56.5645418Z tests/test_radon_parser.py::TestRadonVersionDetection::test_version_detection PASSED [ 76%]
2026-01-30T14:50:56.5668389Z tests/test_radon_parser.py::TestRadonVersionDetection::test_version_detection_failure PASSED [ 76%]
2026-01-30T14:50:56.7247615Z tests/test_radon_parser.py::TestRadonIntegrationWithFixtures::test_radon_cc_on_simple_python_code PASSED [ 76%]
2026-01-30T14:50:56.8863505Z tests/test_radon_parser.py::TestRadonIntegrationWithFixtures::test_radon_mi_on_python_code PASSED [ 77%]
2026-01-30T14:50:56.8876815Z tests/test_radon_parser.py::TestRadonComplexityAggregation::test_calculate_average_complexity PASSED [ 77%]
2026-01-30T14:50:56.8889066Z tests/test_radon_parser.py::TestRadonComplexityAggregation::test_calculate_average_complexity_with_empty_data PASSED [ 77%]
2026-01-30T14:50:56.8901191Z tests/test_radon_parser.py::TestRadonComplexityAggregation::test_identify_high_complexity_functions PASSED [ 77%]
2026-01-30T14:50:56.8923470Z tests/test_radon_parser.py::TestRadonConfigurationHandling::test_detect_radon_config_in_pyproject_toml PASSED [ 77%]
2026-01-30T14:50:56.8943263Z tests/test_radon_parser.py::TestRadonConfigurationHandling::test_detect_radon_config_in_setup_cfg PASSED [ 78%]
2026-01-30T14:50:56.8963291Z tests/test_radon_parser.py::TestRadonConfigurationHandling::test_no_config_file_returns_none PASSED [ 78%]
2026-01-30T14:50:56.8979606Z tests/test_reporting.py::TestReportSummary::test_summary_from_passing_results PASSED [ 78%]
2026-01-30T14:50:56.8993019Z tests/test_reporting.py::TestReportSummary::test_summary_from_failing_results PASSED [ 78%]
2026-01-30T14:50:56.9004698Z tests/test_reporting.py::TestReportSummary::test_summary_with_empty_results PASSED [ 78%]
2026-01-30T14:50:56.9017840Z tests/test_reporting.py::TestReportSummary::test_summary_to_dict PASSED  [ 79%]
2026-01-30T14:50:56.9031746Z tests/test_reporting.py::TestConsoleReporter::test_generate_report_all_passing PASSED [ 79%]
2026-01-30T14:50:56.9045597Z tests/test_reporting.py::TestConsoleReporter::test_generate_report_with_failures PASSED [ 79%]
2026-01-30T14:50:56.9059001Z tests/test_reporting.py::TestConsoleReporter::test_report_includes_execution_times PASSED [ 79%]
2026-01-30T14:50:56.9072701Z tests/test_reporting.py::TestConsoleReporter::test_report_shows_overall_pass_fail PASSED [ 79%]
2026-01-30T14:50:56.9086194Z tests/test_reporting.py::TestConsoleReporter::test_report_groups_issues_by_file PASSED [ 80%]
2026-01-30T14:50:56.9100889Z tests/test_reporting.py::TestConsoleReporter::test_report_groups_issues_by_validator PASSED [ 80%]
2026-01-30T14:50:56.9114007Z tests/test_reporting.py::TestConsoleReporter::test_report_shows_summary_statistics PASSED [ 80%]
2026-01-30T14:50:56.9127466Z tests/test_reporting.py::TestConsoleReporter::test_colored_output_enabled PASSED [ 80%]
2026-01-30T14:50:56.9140358Z tests/test_reporting.py::TestConsoleReporter::test_plain_text_output PASSED [ 80%]
2026-01-30T14:50:56.9154047Z tests/test_reporting.py::TestConsoleReporter::test_verbose_mode_includes_all_details PASSED [ 80%]
2026-01-30T14:50:56.9167589Z tests/test_reporting.py::TestConsoleReporter::test_quiet_mode_shows_only_errors PASSED [ 81%]
2026-01-30T14:50:56.9180648Z tests/test_reporting.py::TestConsoleReporter::test_report_with_box_drawing_characters PASSED [ 81%]
2026-01-30T14:50:56.9193542Z tests/test_reporting.py::TestConsoleReporter::test_report_without_box_drawing PASSED [ 81%]
2026-01-30T14:50:56.9205652Z tests/test_reporting.py::TestConsoleReporter::test_empty_results_report PASSED [ 81%]
2026-01-30T14:50:56.9221151Z tests/test_reporting.py::TestJSONReporter::test_generate_json_report_all_passing PASSED [ 81%]
2026-01-30T14:50:56.9238478Z tests/test_reporting.py::TestJSONReporter::test_generate_json_report_with_failures PASSED [ 82%]
2026-01-30T14:50:56.9255858Z tests/test_reporting.py::TestJSONReporter::test_json_report_includes_all_errors PASSED [ 82%]
2026-01-30T14:50:56.9272967Z tests/test_reporting.py::TestJSONReporter::test_json_report_includes_warnings PASSED [ 82%]
2026-01-30T14:50:56.9288034Z tests/test_reporting.py::TestJSONReporter::test_json_report_includes_execution_times PASSED [ 82%]
2026-01-30T14:50:56.9303142Z tests/test_reporting.py::TestJSONReporter::test_json_report_includes_file_counts PASSED [ 82%]
2026-01-30T14:50:56.9320768Z tests/test_reporting.py::TestJSONReporter::test_json_report_structure PASSED [ 83%]
2026-01-30T14:50:56.9336075Z tests/test_reporting.py::TestJSONReporter::test_json_report_with_indent PASSED [ 83%]
2026-01-30T14:50:56.9351455Z tests/test_reporting.py::TestJSONReporter::test_json_report_without_indent PASSED [ 83%]
2026-01-30T14:50:56.9375757Z tests/test_reporting.py::TestJSONReporter::test_json_report_file_export PASSED [ 83%]
2026-01-30T14:50:56.9388673Z tests/test_reporting.py::TestJSONReporter::test_json_report_empty_results PASSED [ 83%]
2026-01-30T14:50:56.9400270Z tests/test_reporting.py::TestReportFormatting::test_format_duration_seconds PASSED [ 84%]
2026-01-30T14:50:56.9411733Z tests/test_reporting.py::TestReportFormatting::test_format_duration_milliseconds PASSED [ 84%]
2026-01-30T14:50:56.9423398Z tests/test_reporting.py::TestReportFormatting::test_format_file_path_relative PASSED [ 84%]
2026-01-30T14:50:56.9435507Z tests/test_reporting.py::TestReportFormatting::test_format_file_path_absolute PASSED [ 84%]
2026-01-30T14:50:56.9447222Z tests/test_reporting.py::TestReportFormatting::test_format_issue_location PASSED [ 84%]
2026-01-30T14:50:56.9458965Z tests/test_reporting.py::TestReportFormatting::test_format_issue_location_without_column PASSED [ 85%]
2026-01-30T14:50:56.9472130Z tests/test_reporting.py::TestColorSupport::test_detect_color_support_tty PASSED [ 85%]
2026-01-30T14:50:56.9485150Z tests/test_reporting.py::TestColorSupport::test_detect_color_support_no_tty PASSED [ 85%]
2026-01-30T14:50:56.9499625Z tests/test_reporting.py::TestColorSupport::test_detect_color_support_no_color_env PASSED [ 85%]
2026-01-30T14:50:56.9521882Z tests/test_reporting.py::TestReportExport::test_export_console_report_to_file PASSED [ 85%]
2026-01-30T14:50:56.9545714Z tests/test_reporting.py::TestReportExport::test_export_json_report_to_file PASSED [ 85%]
2026-01-30T14:50:56.9559405Z tests/test_reporting.py::TestIssueGrouping::test_group_issues_by_file PASSED [ 86%]
2026-01-30T14:50:56.9572934Z tests/test_reporting.py::TestIssueGrouping::test_group_issues_by_validator PASSED [ 86%]
2026-01-30T14:50:56.9587724Z tests/test_reporting.py::TestIssueGrouping::test_group_issues_by_severity PASSED [ 86%]
2026-01-30T14:50:56.9600388Z tests/test_validator_interface.py::TestValidationResult::test_validation_result_creation PASSED [ 86%]
2026-01-30T14:50:56.9612499Z tests/test_validator_interface.py::TestValidationResult::test_validation_result_with_errors PASSED [ 86%]
2026-01-30T14:50:56.9624937Z tests/test_validator_interface.py::TestValidationResult::test_validation_result_to_dict PASSED [ 87%]
2026-01-30T14:50:56.9637209Z tests/test_validator_interface.py::TestValidationResult::test_validation_result_from_dict PASSED [ 87%]
2026-01-30T14:50:56.9649224Z tests/test_validator_interface.py::TestValidationResult::test_validation_result_equality PASSED [ 87%]
2026-01-30T14:50:56.9661419Z tests/test_validator_interface.py::TestValidationResult::test_validation_result_with_empty_lists PASSED [ 87%]
2026-01-30T14:50:56.9673379Z tests/test_validator_interface.py::TestIssue::test_issue_creation_with_all_fields PASSED [ 87%]
2026-01-30T14:50:56.9685337Z tests/test_validator_interface.py::TestIssue::test_issue_creation_with_optional_fields PASSED [ 88%]
2026-01-30T14:50:56.9700679Z tests/test_validator_interface.py::TestIssue::test_issue_severity_validation_error PASSED [ 88%]
2026-01-30T14:50:56.9712402Z tests/test_validator_interface.py::TestIssue::test_issue_to_dict PASSED  [ 88%]
2026-01-30T14:50:56.9727293Z tests/test_validator_interface.py::TestValidator::test_validator_abstract_methods_raise_not_implemented PASSED [ 88%]
2026-01-30T14:50:56.9740021Z tests/test_validator_interface.py::TestValidator::test_validator_subclass_must_implement_methods PASSED [ 88%]
2026-01-30T14:50:56.9753076Z tests/test_validator_interface.py::TestValidator::test_validator_complete_subclass PASSED [ 89%]
2026-01-30T14:50:56.9767903Z tests/test_validator_registry.py::TestValidatorRegistration::test_register_validator_by_language PASSED [ 89%]
2026-01-30T14:50:56.9783662Z tests/test_validator_registry.py::TestValidatorRegistration::test_register_multiple_validators_same_language PASSED [ 89%]
2026-01-30T14:50:56.9798362Z tests/test_validator_registry.py::TestValidatorRegistration::test_register_validators_different_languages PASSED [ 89%]
2026-01-30T14:50:56.9814161Z tests/test_validator_registry.py::TestValidatorRegistration::test_register_duplicate_validator_raises_error PASSED [ 89%]
2026-01-30T14:50:56.9828560Z tests/test_validator_registry.py::TestValidatorRetrieval::test_get_validators_by_language PASSED [ 90%]
2026-01-30T14:50:56.9841500Z tests/test_validator_registry.py::TestValidatorRetrieval::test_get_validators_by_nonexistent_language PASSED [ 90%]
2026-01-30T14:50:56.9855428Z tests/test_validator_registry.py::TestValidatorRetrieval::test_get_validator_by_name PASSED [ 90%]
2026-01-30T14:50:56.9869540Z tests/test_validator_registry.py::TestValidatorRetrieval::test_get_nonexistent_validator_raises_error PASSED [ 90%]
2026-01-30T14:50:56.9883913Z tests/test_validator_registry.py::TestValidatorRetrieval::test_get_validator_case_sensitive PASSED [ 90%]
2026-01-30T14:50:56.9899514Z tests/test_validator_registry.py::TestValidatorAvailability::test_validator_availability_check_exists PASSED [ 90%]
2026-01-30T14:50:56.9912128Z tests/test_validator_registry.py::TestValidatorAvailability::test_validator_availability_check_not_exists PASSED [ 91%]
2026-01-30T14:50:56.9926450Z tests/test_validator_registry.py::TestValidatorListing::test_list_all_registered_validators PASSED [ 91%]
2026-01-30T14:50:56.9938975Z tests/test_validator_registry.py::TestValidatorListing::test_list_all_empty_registry PASSED [ 91%]
2026-01-30T14:50:56.9953411Z tests/test_validator_registry.py::TestValidatorListing::test_list_validators_for_specific_language PASSED [ 91%]
2026-01-30T14:50:56.9966548Z tests/test_validator_registry.py::TestValidatorOrdering::test_validator_ordering_deterministic PASSED [ 91%]
2026-01-30T14:50:56.9979599Z tests/test_validator_registry.py::TestValidatorMetadata::test_get_validator_metadata PASSED [ 92%]
2026-01-30T14:50:56.9992412Z tests/test_validator_registry.py::TestValidatorMetadata::test_get_metadata_for_nonexistent_validator PASSED [ 92%]
2026-01-30T14:50:57.0006774Z tests/test_validator_registry.py::TestValidatorMetadata::test_list_all_metadata PASSED [ 92%]
2026-01-30T14:50:57.0019286Z tests/test_validator_registry.py::TestValidatorFiltering::test_filter_validators_by_enabled_status PASSED [ 92%]
2026-01-30T14:50:57.0031702Z tests/test_validator_registry.py::TestValidatorFiltering::test_filter_by_language_and_names PASSED [ 92%]
2026-01-30T14:50:57.0043751Z tests/test_validator_registry.py::TestRegistrySingleton::test_multiple_registry_instances_independent PASSED [ 93%]
2026-01-30T14:50:57.0056568Z tests/test_validator_registry.py::TestEdgeCases::test_get_validators_with_empty_language_string PASSED [ 93%]
2026-01-30T14:50:57.0071321Z tests/test_validator_registry.py::TestEdgeCases::test_register_validator_with_empty_name_raises_error PASSED [ 93%]
2026-01-30T14:50:57.0086493Z tests/test_validator_registry.py::TestEdgeCases::test_register_validator_with_empty_language_raises_error PASSED [ 93%]
2026-01-30T14:50:57.0100828Z tests/test_validator_registry.py::TestEdgeCases::test_unregister_validator PASSED [ 93%]
2026-01-30T14:50:57.0114484Z tests/test_validator_registry.py::TestEdgeCases::test_unregister_nonexistent_validator_raises_error PASSED [ 94%]
2026-01-30T14:50:57.0129253Z tests/test_validator_registry.py::TestEdgeCases::test_clear_registry PASSED [ 94%]
2026-01-30T14:50:57.0141426Z tests/test_vulture_parser.py::TestVultureUnusedCodeDetection::test_parse_output_with_no_unused_code PASSED [ 94%]
2026-01-30T14:50:57.0158362Z tests/test_vulture_parser.py::TestVultureUnusedCodeDetection::test_parse_unused_function_detection PASSED [ 94%]
2026-01-30T14:50:57.0170291Z tests/test_vulture_parser.py::TestVultureUnusedCodeDetection::test_parse_unused_method_detection PASSED [ 94%]
2026-01-30T14:50:57.0182186Z tests/test_vulture_parser.py::TestVultureUnusedCodeDetection::test_parse_unused_class_detection PASSED [ 95%]
2026-01-30T14:50:57.0194249Z tests/test_vulture_parser.py::TestVultureUnusedCodeDetection::test_parse_unused_variable_detection PASSED [ 95%]
2026-01-30T14:50:57.0206257Z tests/test_vulture_parser.py::TestVultureUnusedCodeDetection::test_parse_unused_import_detection PASSED [ 95%]
2026-01-30T14:50:57.0217875Z tests/test_vulture_parser.py::TestVultureUnusedCodeDetection::test_parse_unused_property_detection PASSED [ 95%]
2026-01-30T14:50:57.0229804Z tests/test_vulture_parser.py::TestVultureUnusedCodeDetection::test_parse_multiple_unused_items PASSED [ 95%]
2026-01-30T14:50:57.0241752Z tests/test_vulture_parser.py::TestVultureUnusedCodeDetection::test_filter_by_minimum_confidence_threshold PASSED [ 95%]
2026-01-30T14:50:57.0253756Z tests/test_vulture_parser.py::TestVultureCommandBuilding::test_build_command_default_options PASSED [ 96%]
2026-01-30T14:50:57.0265622Z tests/test_vulture_parser.py::TestVultureCommandBuilding::test_build_command_with_min_confidence PASSED [ 96%]
2026-01-30T14:50:57.0277028Z tests/test_vulture_parser.py::TestVultureCommandBuilding::test_build_command_with_exclude_patterns PASSED [ 96%]
2026-01-30T14:50:57.0288336Z tests/test_vulture_parser.py::TestVultureCommandBuilding::test_build_command_with_ignore_decorators PASSED [ 96%]
2026-01-30T14:50:57.0299838Z tests/test_vulture_parser.py::TestVultureCommandBuilding::test_build_command_with_ignore_names PASSED [ 96%]
2026-01-30T14:50:57.0311109Z tests/test_vulture_parser.py::TestVultureCommandBuilding::test_build_command_with_make_whitelist PASSED [ 97%]
2026-01-30T14:50:57.0322488Z tests/test_vulture_parser.py::TestVultureCommandBuilding::test_build_command_with_sort_by_size PASSED [ 97%]
2026-01-30T14:50:57.0347756Z tests/test_vulture_parser.py::TestVultureErrorHandling::test_error_when_vulture_not_installed PASSED [ 97%]
2026-01-30T14:50:57.0370182Z tests/test_vulture_parser.py::TestVultureErrorHandling::test_timeout_handling PASSED [ 97%]
2026-01-30T14:50:57.0381895Z tests/test_vulture_parser.py::TestVultureErrorHandling::test_parse_with_empty_output PASSED [ 97%]
2026-01-30T14:50:57.0408598Z tests/test_vulture_parser.py::TestVultureVersionDetection::test_version_detection PASSED [ 98%]
2026-01-30T14:50:57.0430199Z tests/test_vulture_parser.py::TestVultureVersionDetection::test_version_detection_failure PASSED [ 98%]
2026-01-30T14:50:57.0441596Z tests/test_vulture_parser.py::TestVultureIntegrationWithFixtures::test_vulture_on_code_with_unused_items SKIPPED [ 98%]
2026-01-30T14:50:57.0451875Z tests/test_vulture_parser.py::TestVultureIntegrationWithFixtures::test_vulture_on_clean_code SKIPPED [ 98%]
2026-01-30T14:50:57.0463465Z tests/test_vulture_parser.py::TestVultureStatistics::test_group_unused_items_by_type PASSED [ 98%]
2026-01-30T14:50:57.0474992Z tests/test_vulture_parser.py::TestVultureStatistics::test_calculate_total_unused_count PASSED [ 99%]
2026-01-30T14:50:57.0489351Z tests/test_vulture_parser.py::TestVultureStatistics::test_extract_confidence_scores PASSED [ 99%]
2026-01-30T14:50:57.0500923Z tests/test_vulture_parser.py::TestVultureStatistics::test_calculate_average_confidence PASSED [ 99%]
2026-01-30T14:50:57.0521409Z tests/test_vulture_parser.py::TestVultureConfigurationHandling::test_detect_vulture_config_in_pyproject_toml PASSED [ 99%]
2026-01-30T14:50:57.0541104Z tests/test_vulture_parser.py::TestVultureConfigurationHandling::test_detect_vulture_config_in_setup_cfg PASSED [ 99%]
2026-01-30T14:50:58.2487244Z tests/test_vulture_parser.py::TestVultureConfigurationHandling::test_no_config_file_returns_none PASSED [100%]
2026-01-30T14:50:58.2488276Z 
2026-01-30T14:50:58.2488661Z ---------- coverage: platform linux, python 3.8.18-final-0 -----------
2026-01-30T14:50:58.2489481Z Name                                  Stmts   Miss  Cover   Missing
2026-01-30T14:50:58.2490196Z -------------------------------------------------------------------
2026-01-30T14:50:58.2490916Z anvil/__init__.py                         2      0   100%
2026-01-30T14:50:58.2491597Z anvil/config/__init__.py                  2      0   100%
2026-01-30T14:50:58.2492407Z anvil/config/configuration.py            91      3    97%   265, 280, 302
2026-01-30T14:50:58.2493149Z anvil/core/__init__.py                    5      0   100%
2026-01-30T14:50:58.2493745Z anvil/core/file_collector.py            106      9    92%   92, 157, 211-213, 300-303, 319
2026-01-30T14:50:58.2494732Z anvil/core/language_detector.py          72     13    82%   169-170, 187, 209-224
2026-01-30T14:50:58.2495307Z anvil/core/orchestrator.py               90      8    91%   99, 125, 245-251
2026-01-30T14:50:58.2495746Z anvil/core/validator_registry.py         62      0   100%
2026-01-30T14:50:58.2496109Z anvil/models/__init__.py                  2      0   100%
2026-01-30T14:50:58.2496472Z anvil/models/validator.py                34      0   100%
2026-01-30T14:50:58.2496826Z anvil/parsers/__init__.py                11      0   100%
2026-01-30T14:50:58.2497296Z anvil/parsers/autoflake_parser.py       105      8    92%   95, 162, 214, 264, 276, 279, 287-288
2026-01-30T14:50:58.2497903Z anvil/parsers/black_parser.py           117     17    85%   97-106, 131, 146, 188-192, 258-260, 315, 324-329
2026-01-30T14:50:58.2498713Z anvil/parsers/clang_tidy_parser.py      190     34    82%   50, 113-116, 136-138, 158-175, 195, 214, 225-226, 302, 323, 387, 420, 430-431, 453, 464-465, 488, 494-495, 525
2026-01-30T14:50:58.2499585Z anvil/parsers/cppcheck_parser.py        165     15    91%   128, 156-158, 191, 200, 258, 279, 343, 392-393, 416, 431-432, 471-472
2026-01-30T14:50:58.2500262Z anvil/parsers/flake8_parser.py          122     11    91%   32, 50, 134, 141, 165-169, 194, 303-305, 358
2026-01-30T14:50:58.2500835Z anvil/parsers/isort_parser.py            96      9    91%   199-203, 271, 275-276, 280, 284
2026-01-30T14:50:58.2501321Z anvil/parsers/pylint_parser.py           93      1    99%   211
2026-01-30T14:50:58.2501939Z anvil/parsers/pytest_parser.py          206     26    87%   90-94, 128, 184-186, 207-208, 229-231, 263-265, 289, 365-386, 442-443, 470-471, 490
2026-01-30T14:50:58.2502713Z anvil/parsers/radon_parser.py           182     26    86%   57, 87-97, 337-340, 361-375, 419-420, 444, 497, 505-506, 531, 541-544
2026-01-30T14:50:58.2503354Z anvil/parsers/vulture_parser.py         118      8    93%   44, 102, 169, 186-187, 211, 262, 333
2026-01-30T14:50:58.2504136Z anvil/reporting/__init__.py               4      0   100%
2026-01-30T14:50:58.2504878Z anvil/reporting/console_reporter.py     134      9    93%   96, 142, 177, 201-206, 252
2026-01-30T14:50:58.2505403Z anvil/reporting/formatters.py            21      3    86%   41, 51-53
2026-01-30T14:50:58.2505824Z anvil/reporting/grouping.py              21      0   100%
2026-01-30T14:50:58.2506197Z anvil/reporting/json_reporter.py         19      1    95%   42
2026-01-30T14:50:58.2506566Z anvil/reporting/reporter.py              31      0   100%
2026-01-30T14:50:58.2506904Z -------------------------------------------------------------------
2026-01-30T14:50:58.2507230Z TOTAL                                  2101    201    90%
2026-01-30T14:50:58.2507514Z Coverage HTML written to dir htmlcov
2026-01-30T14:50:58.2507778Z Coverage XML written to file coverage.xml
2026-01-30T14:50:58.2507962Z 
2026-01-30T14:50:58.2508120Z Required test coverage of 90% reached. Total coverage: 90.43%
2026-01-30T14:50:58.2508369Z 
2026-01-30T14:50:58.2508519Z ======================= 509 passed, 11 skipped in 23.39s =======================
2026-01-30T14:50:58.3357432Z Post job cleanup.
2026-01-30T14:50:58.5062786Z Post job cleanup.
2026-01-30T14:50:58.6028863Z [command]/usr/bin/git version
2026-01-30T14:50:58.6066026Z git version 2.52.0
2026-01-30T14:50:58.6109961Z Temporarily overriding HOME='/home/runner/work/_temp/24384fea-b545-4d23-8263-eb46c85c26ac' before making global git config changes
2026-01-30T14:50:58.6111144Z Adding repository directory to the temporary git global config as a safe directory
2026-01-30T14:50:58.6116173Z [command]/usr/bin/git config --global --add safe.directory /home/runner/work/argos/argos
2026-01-30T14:50:58.6156898Z [command]/usr/bin/git config --local --name-only --get-regexp core\.sshCommand
2026-01-30T14:50:58.6195192Z [command]/usr/bin/git submodule foreach --recursive sh -c "git config --local --name-only --get-regexp 'core\.sshCommand' && git config --local --unset-all 'core.sshCommand' || :"
2026-01-30T14:50:58.6445741Z [command]/usr/bin/git config --local --name-only --get-regexp http\.https\:\/\/github\.com\/\.extraheader
2026-01-30T14:50:58.6472031Z http.https://github.com/.extraheader
2026-01-30T14:50:58.6491044Z [command]/usr/bin/git config --local --unset-all http.https://github.com/.extraheader
2026-01-30T14:50:58.6530621Z [command]/usr/bin/git submodule foreach --recursive sh -c "git config --local --name-only --get-regexp 'http\.https\:\/\/github\.com\/\.extraheader' && git config --local --unset-all 'http.https://github.com/.extraheader' || :"
2026-01-30T14:50:58.6788576Z [command]/usr/bin/git config --local --name-only --get-regexp ^includeIf\.gitdir:
2026-01-30T14:50:58.6827754Z [command]/usr/bin/git submodule foreach --recursive git config --local --show-origin --name-only --get-regexp remote.origin.url
2026-01-30T14:50:58.7196258Z Cleaning up orphan processes
