2026-01-30T14:52:20.5676714Z Current runner version: '2.331.0'
2026-01-30T14:52:20.5702588Z ##[group]Runner Image Provisioner
2026-01-30T14:52:20.5703441Z Hosted Compute Agent
2026-01-30T14:52:20.5703970Z Version: 20260123.484
2026-01-30T14:52:20.5704569Z Commit: 6bd6555ca37d84114959e1c76d2c01448ff61c5d
2026-01-30T14:52:20.5705251Z Build Date: 2026-01-23T19:41:17Z
2026-01-30T14:52:20.5705894Z Worker ID: {de80a697-8d6b-4305-8b7f-66181cae9d4a}
2026-01-30T14:52:20.5706560Z Azure Region: northcentralus
2026-01-30T14:52:20.5707118Z ##[endgroup]
2026-01-30T14:52:20.5708544Z ##[group]Operating System
2026-01-30T14:52:20.5709337Z Microsoft Windows Server 2025
2026-01-30T14:52:20.5709922Z 10.0.26100
2026-01-30T14:52:20.5710339Z Datacenter
2026-01-30T14:52:20.5710816Z ##[endgroup]
2026-01-30T14:52:20.5711267Z ##[group]Runner Image
2026-01-30T14:52:20.5711848Z Image: windows-2025
2026-01-30T14:52:20.5712732Z Version: 20260127.11.2
2026-01-30T14:52:20.5714152Z Included Software: https://github.com/actions/runner-images/blob/win25/20260127.11/images/windows/Windows2025-Readme.md
2026-01-30T14:52:20.5715626Z Image Release: https://github.com/actions/runner-images/releases/tag/win25%2F20260127.11
2026-01-30T14:52:20.5716542Z ##[endgroup]
2026-01-30T14:52:20.5717641Z ##[group]GITHUB_TOKEN Permissions
2026-01-30T14:52:20.5719713Z Contents: read
2026-01-30T14:52:20.5720250Z Metadata: read
2026-01-30T14:52:20.5720744Z Packages: read
2026-01-30T14:52:20.5721230Z ##[endgroup]
2026-01-30T14:52:20.5723410Z Secret source: Actions
2026-01-30T14:52:20.5724093Z Prepare workflow directory
2026-01-30T14:52:20.6055555Z Prepare all required actions
2026-01-30T14:52:20.6094458Z Getting action download info
2026-01-30T14:52:20.9741291Z Download action repository 'actions/checkout@v4' (SHA:34e114876b0b11c390a56381ad16ebd13914f8d5)
2026-01-30T14:52:22.3750096Z Download action repository 'actions/setup-python@v5' (SHA:a26af69be951a213d495a4c3e4e4022e16d87065)
2026-01-30T14:52:23.3525267Z Download action repository 'codecov/codecov-action@v4' (SHA:b9fd7d16f6d7d1b5d2bec1a2887e65ceed900238)
2026-01-30T14:52:30.8493805Z Complete job name: test (windows-latest, 3.8)
2026-01-30T14:52:31.8412392Z ##[group]Run actions/checkout@v4
2026-01-30T14:52:31.8413226Z with:
2026-01-30T14:52:31.8413429Z   repository: lmvcruz/argos
2026-01-30T14:52:31.8413812Z   token: ***
2026-01-30T14:52:31.8413976Z   ssh-strict: true
2026-01-30T14:52:31.8414149Z   ssh-user: git
2026-01-30T14:52:31.8414322Z   persist-credentials: true
2026-01-30T14:52:31.8414537Z   clean: true
2026-01-30T14:52:31.8414719Z   sparse-checkout-cone-mode: true
2026-01-30T14:52:31.8414943Z   fetch-depth: 1
2026-01-30T14:52:31.8415103Z   fetch-tags: false
2026-01-30T14:52:31.8415286Z   show-progress: true
2026-01-30T14:52:31.8415471Z   lfs: false
2026-01-30T14:52:31.8415629Z   submodules: false
2026-01-30T14:52:31.8415810Z   set-safe-directory: true
2026-01-30T14:52:31.8416246Z ##[endgroup]
2026-01-30T14:52:32.3318366Z Syncing repository: lmvcruz/argos
2026-01-30T14:52:32.3319598Z ##[group]Getting Git version info
2026-01-30T14:52:32.3319936Z Working directory is 'D:\a\argos\argos'
2026-01-30T14:52:32.8483410Z [command]"C:\Program Files\Git\bin\git.exe" version
2026-01-30T14:52:40.2280724Z git version 2.52.0.windows.1
2026-01-30T14:52:40.2334764Z ##[endgroup]
2026-01-30T14:52:40.2355739Z Temporarily overriding HOME='D:\a\_temp\b354218e-c691-4328-a500-1bcc06a424e0' before making global git config changes
2026-01-30T14:52:40.2356511Z Adding repository directory to the temporary git global config as a safe directory
2026-01-30T14:52:40.2367461Z [command]"C:\Program Files\Git\bin\git.exe" config --global --add safe.directory D:\a\argos\argos
2026-01-30T14:52:41.3285935Z Deleting the contents of 'D:\a\argos\argos'
2026-01-30T14:52:41.3293512Z ##[group]Initializing the repository
2026-01-30T14:52:41.3306951Z [command]"C:\Program Files\Git\bin\git.exe" init D:\a\argos\argos
2026-01-30T14:52:43.3578729Z Initialized empty Git repository in D:/a/argos/argos/.git/
2026-01-30T14:52:43.3633736Z [command]"C:\Program Files\Git\bin\git.exe" remote add origin https://github.com/lmvcruz/argos
2026-01-30T14:52:43.9617817Z ##[endgroup]
2026-01-30T14:52:43.9618234Z ##[group]Disabling automatic garbage collection
2026-01-30T14:52:43.9634306Z [command]"C:\Program Files\Git\bin\git.exe" config --local gc.auto 0
2026-01-30T14:52:43.9964174Z ##[endgroup]
2026-01-30T14:52:43.9964527Z ##[group]Setting up auth
2026-01-30T14:52:43.9983346Z [command]"C:\Program Files\Git\bin\git.exe" config --local --name-only --get-regexp core\.sshCommand
2026-01-30T14:52:44.0319181Z [command]"C:\Program Files\Git\bin\git.exe" submodule foreach --recursive "sh -c \"git config --local --name-only --get-regexp 'core\.sshCommand' && git config --local --unset-all 'core.sshCommand' || :\""
2026-01-30T14:53:02.5348228Z [command]"C:\Program Files\Git\bin\git.exe" config --local --name-only --get-regexp http\.https\:\/\/github\.com\/\.extraheader
2026-01-30T14:53:02.5651284Z [command]"C:\Program Files\Git\bin\git.exe" submodule foreach --recursive "sh -c \"git config --local --name-only --get-regexp 'http\.https\:\/\/github\.com\/\.extraheader' && git config --local --unset-all 'http.https://github.com/.extraheader' || :\""
2026-01-30T14:53:03.1474259Z [command]"C:\Program Files\Git\bin\git.exe" config --local --name-only --get-regexp ^includeIf\.gitdir:
2026-01-30T14:53:03.1822118Z [command]"C:\Program Files\Git\bin\git.exe" submodule foreach --recursive "git config --local --show-origin --name-only --get-regexp remote.origin.url"
2026-01-30T14:53:03.7131486Z [command]"C:\Program Files\Git\bin\git.exe" config --local http.https://github.com/.extraheader "AUTHORIZATION: basic ***"
2026-01-30T14:53:03.7437906Z ##[endgroup]
2026-01-30T14:53:03.7453564Z ##[group]Fetching the repository
2026-01-30T14:53:03.7455140Z [command]"C:\Program Files\Git\bin\git.exe" -c protocol.version=2 fetch --no-tags --prune --no-recurse-submodules --depth=1 origin +1aeb0fe9fe004c4fbd357a3622da2c38e20877ea:refs/remotes/origin/main
2026-01-30T14:53:15.1747109Z From https://github.com/lmvcruz/argos
2026-01-30T14:53:15.1750828Z  * [new ref]         1aeb0fe9fe004c4fbd357a3622da2c38e20877ea -> origin/main
2026-01-30T14:53:15.3941079Z ##[endgroup]
2026-01-30T14:53:15.3941757Z ##[group]Determining the checkout info
2026-01-30T14:53:15.3944246Z ##[endgroup]
2026-01-30T14:53:15.3956823Z [command]"C:\Program Files\Git\bin\git.exe" sparse-checkout disable
2026-01-30T14:53:15.7179285Z [command]"C:\Program Files\Git\bin\git.exe" config --local --unset-all extensions.worktreeConfig
2026-01-30T14:53:15.7473002Z ##[group]Checking out the ref
2026-01-30T14:53:15.7486128Z [command]"C:\Program Files\Git\bin\git.exe" checkout --progress --force -B main refs/remotes/origin/main
2026-01-30T14:53:16.2095249Z branch 'main' set up to track 'origin/main'.
2026-01-30T14:53:16.2102803Z Switched to a new branch 'main'
2026-01-30T14:53:16.2142478Z ##[endgroup]
2026-01-30T14:53:16.5110816Z [command]"C:\Program Files\Git\bin\git.exe" log -1 --format=%H
2026-01-30T14:53:16.5595156Z 1aeb0fe9fe004c4fbd357a3622da2c38e20877ea
2026-01-30T14:53:16.6242289Z ##[group]Run actions/setup-python@v5
2026-01-30T14:53:16.6242618Z with:
2026-01-30T14:53:16.6242796Z   python-version: 3.8
2026-01-30T14:53:16.6242997Z   check-latest: false
2026-01-30T14:53:16.6243309Z   token: ***
2026-01-30T14:53:16.6243484Z   update-environment: true
2026-01-30T14:53:16.6243700Z   allow-prereleases: false
2026-01-30T14:53:16.6243893Z   freethreaded: false
2026-01-30T14:53:16.6244075Z ##[endgroup]
2026-01-30T14:53:16.8514108Z ##[group]Installed versions
2026-01-30T14:53:16.8584873Z Version 3.8 was not found in the local cache
2026-01-30T14:53:17.4490088Z Version 3.8 is available for downloading
2026-01-30T14:53:17.4492256Z Download from "https://github.com/actions/python-versions/releases/download/3.8.10-8879978422/python-3.8.10-win32-x64.zip"
2026-01-30T14:53:17.8401771Z Extract downloaded archive
2026-01-30T14:53:19.0744900Z [command]"C:\Program Files\PowerShell\7\pwsh.exe" -NoLogo -NoProfile -NonInteractive -ExecutionPolicy Unrestricted -Command "$ErrorActionPreference = 'Stop' ; try { Add-Type -AssemblyName System.IO.Compression.ZipFile } catch { } ; try { [System.IO.Compression.ZipFile]::ExtractToDirectory('D:\a\_temp\python-3.8.10-win32-x64.zip', 'D:\a\_temp\e402050a-a908-4f6a-95e0-fac4b49bbc70', $true) } catch { if (($_.Exception.GetType().FullName -eq 'System.Management.Automation.MethodException') -or ($_.Exception.GetType().FullName -eq 'System.Management.Automation.RuntimeException') ){ Expand-Archive -LiteralPath 'D:\a\_temp\python-3.8.10-win32-x64.zip' -DestinationPath 'D:\a\_temp\e402050a-a908-4f6a-95e0-fac4b49bbc70' -Force } else { throw $_ } } ;"
2026-01-30T14:53:43.5214135Z Execute installation script
2026-01-30T14:53:44.0825371Z Check if Python hostedtoolcache folder exist...
2026-01-30T14:53:44.0826929Z 
2026-01-30T14:53:44.0854976Z Check if current Python version is installed...
2026-01-30T14:53:44.0856591Z 
2026-01-30T14:53:44.0934221Z No Python3.8.* found
2026-01-30T14:53:44.0935678Z 
2026-01-30T14:53:44.0943161Z Remove registry entries for Python 3.8(x64)...
2026-01-30T14:53:44.0944238Z 
2026-01-30T14:53:44.7667029Z Create Python 3.8.10 folder in C:\hostedtoolcache\windows\Python
2026-01-30T14:53:44.7667526Z 
2026-01-30T14:53:44.7717588Z Copy Python binaries to C:\hostedtoolcache\windows\Python\3.8.10\x64
2026-01-30T14:53:44.7718175Z 
2026-01-30T14:53:44.7842702Z Install Python 3.8.10 in C:\hostedtoolcache\windows\Python...
2026-01-30T14:53:44.7899357Z 
2026-01-30T14:54:19.5895243Z Create python3 symlink
2026-01-30T14:54:19.5895760Z 
2026-01-30T14:54:19.6090223Z 
2026-01-30T14:54:19.6092512Z 
2026-01-30T14:54:19.6095549Z Directory: C:\hostedtoolcache\windows\Python\3.8.10\x64
2026-01-30T14:54:19.6096351Z 
2026-01-30T14:54:19.6098043Z 
2026-01-30T14:54:19.6110118Z Mode                 LastWriteTime         Length Name
2026-01-30T14:54:19.6114338Z ----                 -------------         ------ ----
2026-01-30T14:54:19.6125716Z -a---l         1/30/2026   2:54 PM              0 python3.exe
2026-01-30T14:54:19.6133469Z Install and upgrade Pip
2026-01-30T14:54:19.6135510Z 
2026-01-30T14:54:20.7947035Z Looking in links: c:\Users\RUNNER~1\AppData\Local\Temp\tmphl9c3c14
2026-01-30T14:54:20.7953610Z Requirement already satisfied: setuptools in c:\hostedtoolcache\windows\python\3.8.10\x64\lib\site-packages (56.0.0)
2026-01-30T14:54:20.7960198Z Requirement already satisfied: pip in c:\hostedtoolcache\windows\python\3.8.10\x64\lib\site-packages (21.1.1)
2026-01-30T14:54:21.2226324Z Requirement already satisfied: pip in c:\hostedtoolcache\windows\python\3.8.10\x64\lib\site-packages (21.1.1)
2026-01-30T14:54:21.3721461Z Collecting pip
2026-01-30T14:54:21.4349680Z Downloading pip-25.0.1-py3-none-any.whl (1.8 MB)
2026-01-30T14:54:22.1503617Z Installing collected packages: pip
2026-01-30T14:54:22.1504140Z Attempting uninstall: pip
2026-01-30T14:54:22.1504524Z     Found existing installation: pip 21.1.1
2026-01-30T14:54:22.5128004Z Uninstalling pip-21.1.1:
2026-01-30T14:54:22.5356845Z Successfully uninstalled pip-21.1.1
2026-01-30T14:54:24.5858162Z Successfully installed pip-25.0.1
2026-01-30T14:54:24.7456418Z Create complete file
2026-01-30T14:54:24.7456686Z 
2026-01-30T14:54:24.7468932Z 
2026-01-30T14:54:24.7469465Z 
2026-01-30T14:54:24.7807535Z Successfully set up CPython (3.8.10)
2026-01-30T14:54:24.7808272Z ##[endgroup]
2026-01-30T14:54:24.8081352Z ##[group]Run python -m pip install --upgrade pip
2026-01-30T14:54:24.8081818Z [36;1mpython -m pip install --upgrade pip[0m
2026-01-30T14:54:24.8082122Z [36;1mpip install -r requirements.txt[0m
2026-01-30T14:54:24.8167146Z shell: C:\Program Files\PowerShell\7\pwsh.EXE -command ". '{0}'"
2026-01-30T14:54:24.8167490Z env:
2026-01-30T14:54:24.8167744Z   pythonLocation: C:\hostedtoolcache\windows\Python\3.8.10\x64
2026-01-30T14:54:24.8168186Z   PKG_CONFIG_PATH: C:\hostedtoolcache\windows\Python\3.8.10\x64/lib/pkgconfig
2026-01-30T14:54:24.8168618Z   Python_ROOT_DIR: C:\hostedtoolcache\windows\Python\3.8.10\x64
2026-01-30T14:54:24.8169272Z   Python2_ROOT_DIR: C:\hostedtoolcache\windows\Python\3.8.10\x64
2026-01-30T14:54:24.8169656Z   Python3_ROOT_DIR: C:\hostedtoolcache\windows\Python\3.8.10\x64
2026-01-30T14:54:24.8169956Z ##[endgroup]
2026-01-30T14:54:26.2524025Z Requirement already satisfied: pip in c:\hostedtoolcache\windows\python\3.8.10\x64\lib\site-packages (25.0.1)
2026-01-30T14:54:27.4025718Z Collecting toml>=0.10.2 (from -r requirements.txt (line 2))
2026-01-30T14:54:27.4900019Z   Downloading toml-0.10.2-py2.py3-none-any.whl.metadata (7.1 kB)
2026-01-30T14:54:27.5636437Z Collecting pyyaml>=6.0 (from -r requirements.txt (line 3))
2026-01-30T14:54:27.5881671Z   Downloading PyYAML-6.0.3-cp38-cp38-win_amd64.whl.metadata (2.2 kB)
2026-01-30T14:54:27.6576216Z Collecting pytest>=7.0.0 (from -r requirements.txt (line 6))
2026-01-30T14:54:27.6814969Z   Downloading pytest-8.3.5-py3-none-any.whl.metadata (7.6 kB)
2026-01-30T14:54:27.7238173Z Collecting pytest-cov>=3.0.0 (from -r requirements.txt (line 7))
2026-01-30T14:54:27.7472907Z   Downloading pytest_cov-5.0.0-py3-none-any.whl.metadata (27 kB)
2026-01-30T14:54:27.8033825Z Collecting pytest-mock>=3.10.0 (from -r requirements.txt (line 8))
2026-01-30T14:54:27.8707325Z   Downloading pytest_mock-3.14.1-py3-none-any.whl.metadata (3.9 kB)
2026-01-30T14:54:27.9445483Z Collecting black>=22.0.0 (from -r requirements.txt (line 9))
2026-01-30T14:54:27.9692145Z   Downloading black-24.8.0-cp38-cp38-win_amd64.whl.metadata (78 kB)
2026-01-30T14:54:28.0410223Z Collecting flake8>=5.0.0 (from -r requirements.txt (line 10))
2026-01-30T14:54:28.0655938Z   Downloading flake8-7.1.2-py2.py3-none-any.whl.metadata (3.8 kB)
2026-01-30T14:54:28.1220457Z Collecting isort>=5.10.0 (from -r requirements.txt (line 11))
2026-01-30T14:54:28.1454736Z   Downloading isort-5.13.2-py3-none-any.whl.metadata (12 kB)
2026-01-30T14:54:28.2116855Z Collecting pylint>=2.15.0 (from -r requirements.txt (line 12))
2026-01-30T14:54:28.2351618Z   Downloading pylint-3.2.7-py3-none-any.whl.metadata (12 kB)
2026-01-30T14:54:28.2826771Z Collecting radon>=5.1.0 (from -r requirements.txt (line 13))
2026-01-30T14:54:28.3077031Z   Downloading radon-6.0.1-py2.py3-none-any.whl.metadata (8.2 kB)
2026-01-30T14:54:28.3476061Z Collecting vulture>=2.7 (from -r requirements.txt (line 14))
2026-01-30T14:54:28.3712704Z   Downloading vulture-2.14-py2.py3-none-any.whl.metadata (24 kB)
2026-01-30T14:54:28.4170258Z Collecting autoflake>=2.0.0 (from -r requirements.txt (line 15))
2026-01-30T14:54:28.4408705Z   Downloading autoflake-2.3.1-py3-none-any.whl.metadata (7.6 kB)
2026-01-30T14:54:28.4854539Z Collecting colorama (from pytest>=7.0.0->-r requirements.txt (line 6))
2026-01-30T14:54:28.5097577Z   Downloading colorama-0.4.6-py2.py3-none-any.whl.metadata (17 kB)
2026-01-30T14:54:28.5493004Z Collecting exceptiongroup>=1.0.0rc8 (from pytest>=7.0.0->-r requirements.txt (line 6))
2026-01-30T14:54:28.5755872Z   Downloading exceptiongroup-1.3.1-py3-none-any.whl.metadata (6.7 kB)
2026-01-30T14:54:28.6109814Z Collecting iniconfig (from pytest>=7.0.0->-r requirements.txt (line 6))
2026-01-30T14:54:28.6352632Z   Downloading iniconfig-2.1.0-py3-none-any.whl.metadata (2.7 kB)
2026-01-30T14:54:28.6807503Z Collecting packaging (from pytest>=7.0.0->-r requirements.txt (line 6))
2026-01-30T14:54:28.7049136Z   Downloading packaging-26.0-py3-none-any.whl.metadata (3.3 kB)
2026-01-30T14:54:28.7492402Z Collecting pluggy<2,>=1.5 (from pytest>=7.0.0->-r requirements.txt (line 6))
2026-01-30T14:54:28.7998775Z   Downloading pluggy-1.5.0-py3-none-any.whl.metadata (4.8 kB)
2026-01-30T14:54:28.8433945Z Collecting tomli>=1 (from pytest>=7.0.0->-r requirements.txt (line 6))
2026-01-30T14:54:28.8674021Z   Downloading tomli-2.4.0-py3-none-any.whl.metadata (10 kB)
2026-01-30T14:54:29.2662819Z Collecting coverage>=5.2.1 (from coverage[toml]>=5.2.1->pytest-cov>=3.0.0->-r requirements.txt (line 7))
2026-01-30T14:54:29.3254222Z   Downloading coverage-7.6.1-cp38-cp38-win_amd64.whl.metadata (8.5 kB)
2026-01-30T14:54:29.4215930Z Collecting click>=8.0.0 (from black>=22.0.0->-r requirements.txt (line 9))
2026-01-30T14:54:29.4456451Z   Downloading click-8.1.8-py3-none-any.whl.metadata (2.3 kB)
2026-01-30T14:54:29.5013608Z Collecting mypy-extensions>=0.4.3 (from black>=22.0.0->-r requirements.txt (line 9))
2026-01-30T14:54:29.5256411Z   Downloading mypy_extensions-1.1.0-py3-none-any.whl.metadata (1.1 kB)
2026-01-30T14:54:29.5684383Z Collecting pathspec>=0.9.0 (from black>=22.0.0->-r requirements.txt (line 9))
2026-01-30T14:54:29.5921321Z   Downloading pathspec-0.12.1-py3-none-any.whl.metadata (21 kB)
2026-01-30T14:54:29.6345018Z Collecting platformdirs>=2 (from black>=22.0.0->-r requirements.txt (line 9))
2026-01-30T14:54:29.6592502Z   Downloading platformdirs-4.3.6-py3-none-any.whl.metadata (11 kB)
2026-01-30T14:54:29.7071669Z Collecting typing-extensions>=4.0.1 (from black>=22.0.0->-r requirements.txt (line 9))
2026-01-30T14:54:29.7309187Z   Downloading typing_extensions-4.13.2-py3-none-any.whl.metadata (3.0 kB)
2026-01-30T14:54:29.7663249Z Collecting mccabe<0.8.0,>=0.7.0 (from flake8>=5.0.0->-r requirements.txt (line 10))
2026-01-30T14:54:29.7901687Z   Downloading mccabe-0.7.0-py2.py3-none-any.whl.metadata (5.0 kB)
2026-01-30T14:54:29.8266337Z Collecting pycodestyle<2.13.0,>=2.12.0 (from flake8>=5.0.0->-r requirements.txt (line 10))
2026-01-30T14:54:29.8504355Z   Downloading pycodestyle-2.12.1-py2.py3-none-any.whl.metadata (4.5 kB)
2026-01-30T14:54:29.8938773Z Collecting pyflakes<3.3.0,>=3.2.0 (from flake8>=5.0.0->-r requirements.txt (line 10))
2026-01-30T14:54:29.9183243Z   Downloading pyflakes-3.2.0-py2.py3-none-any.whl.metadata (3.5 kB)
2026-01-30T14:54:29.9866018Z Collecting astroid<=3.3.0-dev0,>=3.2.4 (from pylint>=2.15.0->-r requirements.txt (line 12))
2026-01-30T14:54:30.0111325Z   Downloading astroid-3.2.4-py3-none-any.whl.metadata (4.5 kB)
2026-01-30T14:54:30.0747764Z Collecting tomlkit>=0.10.1 (from pylint>=2.15.0->-r requirements.txt (line 12))
2026-01-30T14:54:30.0994388Z   Downloading tomlkit-0.13.3-py3-none-any.whl.metadata (2.8 kB)
2026-01-30T14:54:30.1446279Z Collecting dill>=0.2 (from pylint>=2.15.0->-r requirements.txt (line 12))
2026-01-30T14:54:30.1953875Z   Downloading dill-0.4.0-py3-none-any.whl.metadata (10 kB)
2026-01-30T14:54:30.2438376Z Collecting mando<0.8,>=0.6 (from radon>=5.1.0->-r requirements.txt (line 13))
2026-01-30T14:54:30.2706403Z   Downloading mando-0.7.1-py2.py3-none-any.whl.metadata (7.4 kB)
2026-01-30T14:54:30.3379661Z Collecting six (from mando<0.8,>=0.6->radon>=5.1.0->-r requirements.txt (line 13))
2026-01-30T14:54:30.3621224Z   Downloading six-1.17.0-py2.py3-none-any.whl.metadata (1.7 kB)
2026-01-30T14:54:30.4472212Z Downloading toml-0.10.2-py2.py3-none-any.whl (16 kB)
2026-01-30T14:54:30.4865818Z Downloading PyYAML-6.0.3-cp38-cp38-win_amd64.whl (160 kB)
2026-01-30T14:54:30.6894233Z Downloading pytest-8.3.5-py3-none-any.whl (343 kB)
2026-01-30T14:54:30.7489560Z Downloading pytest_cov-5.0.0-py3-none-any.whl (21 kB)
2026-01-30T14:54:30.7914825Z Downloading pytest_mock-3.14.1-py3-none-any.whl (9.9 kB)
2026-01-30T14:54:30.8293890Z Downloading black-24.8.0-cp38-cp38-win_amd64.whl (1.4 MB)
2026-01-30T14:54:30.9536881Z    ---------------------------------------- 1.4/1.4 MB 9.3 MB/s eta 0:00:00
2026-01-30T14:54:30.9780772Z Downloading flake8-7.1.2-py2.py3-none-any.whl (57 kB)
2026-01-30T14:54:31.0178404Z Downloading isort-5.13.2-py3-none-any.whl (92 kB)
2026-01-30T14:54:31.0608801Z Downloading pylint-3.2.7-py3-none-any.whl (519 kB)
2026-01-30T14:54:31.1111894Z Downloading radon-6.0.1-py2.py3-none-any.whl (52 kB)
2026-01-30T14:54:31.1527333Z Downloading vulture-2.14-py2.py3-none-any.whl (28 kB)
2026-01-30T14:54:31.1953950Z Downloading autoflake-2.3.1-py3-none-any.whl (32 kB)
2026-01-30T14:54:31.2339926Z Downloading astroid-3.2.4-py3-none-any.whl (276 kB)
2026-01-30T14:54:31.2733563Z Downloading click-8.1.8-py3-none-any.whl (98 kB)
2026-01-30T14:54:31.3121001Z Downloading colorama-0.4.6-py2.py3-none-any.whl (25 kB)
2026-01-30T14:54:31.3502603Z Downloading coverage-7.6.1-cp38-cp38-win_amd64.whl (210 kB)
2026-01-30T14:54:31.3911459Z Downloading dill-0.4.0-py3-none-any.whl (119 kB)
2026-01-30T14:54:31.4288842Z Downloading exceptiongroup-1.3.1-py3-none-any.whl (16 kB)
2026-01-30T14:54:31.4694354Z Downloading mando-0.7.1-py2.py3-none-any.whl (28 kB)
2026-01-30T14:54:31.5074229Z Downloading mccabe-0.7.0-py2.py3-none-any.whl (7.3 kB)
2026-01-30T14:54:31.5460957Z Downloading mypy_extensions-1.1.0-py3-none-any.whl (5.0 kB)
2026-01-30T14:54:31.5835268Z Downloading packaging-26.0-py3-none-any.whl (74 kB)
2026-01-30T14:54:31.6219013Z Downloading pathspec-0.12.1-py3-none-any.whl (31 kB)
2026-01-30T14:54:31.6660475Z Downloading platformdirs-4.3.6-py3-none-any.whl (18 kB)
2026-01-30T14:54:31.7186759Z Downloading pluggy-1.5.0-py3-none-any.whl (20 kB)
2026-01-30T14:54:31.8556101Z Downloading pycodestyle-2.12.1-py2.py3-none-any.whl (31 kB)
2026-01-30T14:54:31.9437407Z Downloading pyflakes-3.2.0-py2.py3-none-any.whl (62 kB)
2026-01-30T14:54:32.0227655Z Downloading tomli-2.4.0-py3-none-any.whl (14 kB)
2026-01-30T14:54:32.0841545Z Downloading tomlkit-0.13.3-py3-none-any.whl (38 kB)
2026-01-30T14:54:32.1230744Z Downloading typing_extensions-4.13.2-py3-none-any.whl (45 kB)
2026-01-30T14:54:32.1758661Z Downloading iniconfig-2.1.0-py3-none-any.whl (6.0 kB)
2026-01-30T14:54:32.2320467Z Downloading six-1.17.0-py2.py3-none-any.whl (11 kB)
2026-01-30T14:54:32.5925275Z Installing collected packages: typing-extensions, tomlkit, tomli, toml, six, pyyaml, pyflakes, pycodestyle, pluggy, platformdirs, pathspec, packaging, mypy-extensions, mccabe, isort, iniconfig, dill, coverage, colorama, vulture, mando, flake8, exceptiongroup, click, autoflake, astroid, radon, pytest, pylint, black, pytest-mock, pytest-cov
2026-01-30T14:54:42.6012821Z Successfully installed astroid-3.2.4 autoflake-2.3.1 black-24.8.0 click-8.1.8 colorama-0.4.6 coverage-7.6.1 dill-0.4.0 exceptiongroup-1.3.1 flake8-7.1.2 iniconfig-2.1.0 isort-5.13.2 mando-0.7.1 mccabe-0.7.0 mypy-extensions-1.1.0 packaging-26.0 pathspec-0.12.1 platformdirs-4.3.6 pluggy-1.5.0 pycodestyle-2.12.1 pyflakes-3.2.0 pylint-3.2.7 pytest-8.3.5 pytest-cov-5.0.0 pytest-mock-3.14.1 pyyaml-6.0.3 radon-6.0.1 six-1.17.0 toml-0.10.2 tomli-2.4.0 tomlkit-0.13.3 typing-extensions-4.13.2 vulture-2.14
2026-01-30T14:54:43.1799979Z ##[group]Run pip install -e .
2026-01-30T14:54:43.1800294Z [36;1mpip install -e .[0m
2026-01-30T14:54:43.1868503Z shell: C:\Program Files\PowerShell\7\pwsh.EXE -command ". '{0}'"
2026-01-30T14:54:43.1868834Z env:
2026-01-30T14:54:43.1869079Z   pythonLocation: C:\hostedtoolcache\windows\Python\3.8.10\x64
2026-01-30T14:54:43.1869526Z   PKG_CONFIG_PATH: C:\hostedtoolcache\windows\Python\3.8.10\x64/lib/pkgconfig
2026-01-30T14:54:43.1869956Z   Python_ROOT_DIR: C:\hostedtoolcache\windows\Python\3.8.10\x64
2026-01-30T14:54:43.1870342Z   Python2_ROOT_DIR: C:\hostedtoolcache\windows\Python\3.8.10\x64
2026-01-30T14:54:43.1870717Z   Python3_ROOT_DIR: C:\hostedtoolcache\windows\Python\3.8.10\x64
2026-01-30T14:54:43.1871016Z ##[endgroup]
2026-01-30T14:54:44.3838525Z Obtaining file:///D:/a/argos/argos/anvil
2026-01-30T14:54:44.3893448Z   Installing build dependencies: started
2026-01-30T14:54:48.2651499Z   Installing build dependencies: finished with status 'done'
2026-01-30T14:54:48.2670990Z   Checking if build backend supports build_editable: started
2026-01-30T14:54:48.5231798Z   Checking if build backend supports build_editable: finished with status 'done'
2026-01-30T14:54:48.5259955Z   Getting requirements to build editable: started
2026-01-30T14:54:49.0690584Z   Getting requirements to build editable: finished with status 'done'
2026-01-30T14:54:49.0722257Z   Preparing editable metadata (pyproject.toml): started
2026-01-30T14:54:49.6096828Z   Preparing editable metadata (pyproject.toml): finished with status 'done'
2026-01-30T14:54:49.6257528Z Requirement already satisfied: toml>=0.10.2 in c:\hostedtoolcache\windows\python\3.8.10\x64\lib\site-packages (from anvil==0.1.0) (0.10.2)
2026-01-30T14:54:49.6275120Z Building wheels for collected packages: anvil
2026-01-30T14:54:49.6306272Z   Building editable for anvil (pyproject.toml): started
2026-01-30T14:54:50.3595928Z   Building editable for anvil (pyproject.toml): finished with status 'done'
2026-01-30T14:54:50.3619037Z   Created wheel for anvil: filename=anvil-0.1.0-0.editable-py3-none-any.whl size=3720 sha256=0483cf0e7c9588549288b49c5538b42629206714836c2f160a736829bcee1562
2026-01-30T14:54:50.3621262Z   Stored in directory: C:\Users\runneradmin\AppData\Local\Temp\pip-ephem-wheel-cache-mkdgqovr\wheels\d1\6e\4d\2214eb91dd3ad0c2da97f8fa56580ad60898336cbf82ac7a2a
2026-01-30T14:54:50.3661490Z Successfully built anvil
2026-01-30T14:54:50.4027872Z Installing collected packages: anvil
2026-01-30T14:54:50.4484202Z Successfully installed anvil-0.1.0
2026-01-30T14:54:50.9350958Z ##[group]Run pytest --cov=anvil --cov-report=xml --cov-report=term-missing --cov-fail-under=90
2026-01-30T14:54:50.9351679Z [36;1mpytest --cov=anvil --cov-report=xml --cov-report=term-missing --cov-fail-under=90[0m
2026-01-30T14:54:50.9427832Z shell: C:\Program Files\PowerShell\7\pwsh.EXE -command ". '{0}'"
2026-01-30T14:54:50.9428168Z env:
2026-01-30T14:54:50.9428420Z   pythonLocation: C:\hostedtoolcache\windows\Python\3.8.10\x64
2026-01-30T14:54:50.9428870Z   PKG_CONFIG_PATH: C:\hostedtoolcache\windows\Python\3.8.10\x64/lib/pkgconfig
2026-01-30T14:54:50.9429315Z   Python_ROOT_DIR: C:\hostedtoolcache\windows\Python\3.8.10\x64
2026-01-30T14:54:50.9429704Z   Python2_ROOT_DIR: C:\hostedtoolcache\windows\Python\3.8.10\x64
2026-01-30T14:54:50.9430085Z   Python3_ROOT_DIR: C:\hostedtoolcache\windows\Python\3.8.10\x64
2026-01-30T14:54:50.9430379Z ##[endgroup]
2026-01-30T14:54:51.8828552Z ============================= test session starts =============================
2026-01-30T14:54:51.8830377Z platform win32 -- Python 3.8.10, pytest-8.3.5, pluggy-1.5.0 -- c:\hostedtoolcache\windows\python\3.8.10\x64\python.exe
2026-01-30T14:54:51.8831668Z cachedir: .pytest_cache
2026-01-30T14:54:51.8832842Z rootdir: D:\a\argos\argos\anvil
2026-01-30T14:54:51.8833416Z configfile: pytest.ini
2026-01-30T14:54:51.8833835Z testpaths: tests
2026-01-30T14:54:51.8834238Z plugins: cov-5.0.0, mock-3.14.1
2026-01-30T14:54:57.6978904Z collecting ... collected 520 items
2026-01-30T14:54:57.6979213Z 
2026-01-30T14:54:57.7022583Z tests/test_autoflake_parser.py::TestAutoflakeTextParsing::test_parse_output_no_unused_code PASSED [  0%]
2026-01-30T14:54:57.7041425Z tests/test_autoflake_parser.py::TestAutoflakeTextParsing::test_parse_output_with_unused_imports PASSED [  0%]
2026-01-30T14:54:57.7059811Z tests/test_autoflake_parser.py::TestAutoflakeTextParsing::test_parse_output_with_unused_variables PASSED [  0%]
2026-01-30T14:54:57.7077656Z tests/test_autoflake_parser.py::TestAutoflakeTextParsing::test_parse_multiple_files_with_issues PASSED [  0%]
2026-01-30T14:54:57.7095332Z tests/test_autoflake_parser.py::TestAutoflakeTextParsing::test_parse_windows_paths PASSED [  0%]
2026-01-30T14:54:57.7112039Z tests/test_autoflake_parser.py::TestAutoflakeCommandBuilding::test_build_command_default_options PASSED [  1%]
2026-01-30T14:54:57.7127595Z tests/test_autoflake_parser.py::TestAutoflakeCommandBuilding::test_build_command_with_remove_unused_variables PASSED [  1%]
2026-01-30T14:54:57.7142796Z tests/test_autoflake_parser.py::TestAutoflakeCommandBuilding::test_build_command_with_remove_all_unused_imports PASSED [  1%]
2026-01-30T14:54:57.7157910Z tests/test_autoflake_parser.py::TestAutoflakeCommandBuilding::test_build_command_with_ignore_init_module_imports PASSED [  1%]
2026-01-30T14:54:57.7172779Z tests/test_autoflake_parser.py::TestAutoflakeCommandBuilding::test_build_command_with_expand_star_imports PASSED [  1%]
2026-01-30T14:54:57.7187314Z tests/test_autoflake_parser.py::TestAutoflakeCommandBuilding::test_build_command_with_remove_duplicate_keys PASSED [  2%]
2026-01-30T14:54:57.7202530Z tests/test_autoflake_parser.py::TestAutoflakeCommandBuilding::test_build_command_with_imports_to_ignore PASSED [  2%]
2026-01-30T14:54:57.7217751Z tests/test_autoflake_parser.py::TestAutoflakeCommandBuilding::test_build_command_with_multiple_files PASSED [  2%]
2026-01-30T14:54:57.7257668Z tests/test_autoflake_parser.py::TestAutoflakeErrorHandling::test_error_when_autoflake_not_installed PASSED [  2%]
2026-01-30T14:54:57.7282150Z tests/test_autoflake_parser.py::TestAutoflakeErrorHandling::test_timeout_handling PASSED [  2%]
2026-01-30T14:54:57.7297387Z tests/test_autoflake_parser.py::TestAutoflakeErrorHandling::test_parse_with_empty_output PASSED [  3%]
2026-01-30T14:54:57.7327580Z tests/test_autoflake_parser.py::TestAutoflakeVersionDetection::test_version_detection PASSED [  3%]
2026-01-30T14:54:57.7355859Z tests/test_autoflake_parser.py::TestAutoflakeVersionDetection::test_version_detection_failure PASSED [  3%]
2026-01-30T14:54:58.0575225Z tests/test_autoflake_parser.py::TestAutoflakeIntegrationWithFixtures::test_autoflake_on_clean_python_code PASSED [  3%]
2026-01-30T14:54:58.3616101Z tests/test_autoflake_parser.py::TestAutoflakeIntegrationWithFixtures::test_autoflake_on_unused_imports_fixture PASSED [  3%]
2026-01-30T14:54:58.3698333Z tests/test_autoflake_parser.py::TestAutoflakeConfigurationHandling::test_detect_pyproject_toml PASSED [  4%]
2026-01-30T14:54:58.3732115Z tests/test_autoflake_parser.py::TestAutoflakeConfigurationHandling::test_detect_setup_cfg PASSED [  4%]
2026-01-30T14:54:58.3760048Z tests/test_autoflake_parser.py::TestAutoflakeConfigurationHandling::test_no_config_file_returns_none PASSED [  4%]
2026-01-30T14:54:58.3786505Z tests/test_autoflake_parser.py::TestAutoflakeSuggestedFixes::test_generate_fix_command PASSED [  4%]
2026-01-30T14:54:58.3804391Z tests/test_autoflake_parser.py::TestAutoflakeSuggestedFixes::test_generate_fix_command_with_options PASSED [  4%]
2026-01-30T14:54:58.3831113Z tests/test_black_parser.py::TestBlackTextParsing::test_parse_output_all_files_formatted PASSED [  5%]
2026-01-30T14:54:58.3848567Z tests/test_black_parser.py::TestBlackTextParsing::test_parse_output_files_need_formatting PASSED [  5%]
2026-01-30T14:54:58.3864485Z tests/test_black_parser.py::TestBlackTextParsing::test_parse_would_reformat_messages PASSED [  5%]
2026-01-30T14:54:58.3880620Z tests/test_black_parser.py::TestBlackTextParsing::test_parse_windows_paths PASSED [  5%]
2026-01-30T14:54:58.3896179Z tests/test_black_parser.py::TestBlackTextParsing::test_parse_left_unchanged_messages PASSED [  5%]
2026-01-30T14:54:58.3912050Z tests/test_black_parser.py::TestBlackTextParsing::test_parse_reformatted_messages PASSED [  5%]
2026-01-30T14:54:58.3928033Z tests/test_black_parser.py::TestBlackCommandBuilding::test_build_command_default_options PASSED [  6%]
2026-01-30T14:54:58.3943782Z tests/test_black_parser.py::TestBlackCommandBuilding::test_build_command_with_line_length PASSED [  6%]
2026-01-30T14:54:58.3958699Z tests/test_black_parser.py::TestBlackCommandBuilding::test_build_command_with_target_version PASSED [  6%]
2026-01-30T14:54:58.3973472Z tests/test_black_parser.py::TestBlackCommandBuilding::test_build_command_with_skip_string_normalization PASSED [  6%]
2026-01-30T14:54:58.3988116Z tests/test_black_parser.py::TestBlackCommandBuilding::test_build_command_with_diff PASSED [  6%]
2026-01-30T14:54:58.4005015Z tests/test_black_parser.py::TestBlackCommandBuilding::test_build_command_with_color PASSED [  7%]
2026-01-30T14:54:58.4020459Z tests/test_black_parser.py::TestBlackCommandBuilding::test_build_command_with_multiple_files PASSED [  7%]
2026-01-30T14:54:58.4049453Z tests/test_black_parser.py::TestBlackErrorHandling::test_error_when_black_not_installed PASSED [  7%]
2026-01-30T14:54:58.4074405Z tests/test_black_parser.py::TestBlackErrorHandling::test_timeout_handling PASSED [  7%]
2026-01-30T14:54:58.4090747Z tests/test_black_parser.py::TestBlackErrorHandling::test_parse_syntax_error_in_file PASSED [  7%]
2026-01-30T14:54:58.4119857Z tests/test_black_parser.py::TestBlackVersionDetection::test_version_detection PASSED [  8%]
2026-01-30T14:54:58.4143263Z tests/test_black_parser.py::TestBlackVersionDetection::test_version_detection_failure PASSED [  8%]
2026-01-30T14:54:58.8171525Z tests/test_black_parser.py::TestBlackIntegrationWithFixtures::test_black_on_formatted_python_code PASSED [  8%]
2026-01-30T14:54:59.2106087Z tests/test_black_parser.py::TestBlackIntegrationWithFixtures::test_black_on_unformatted_python_code PASSED [  8%]
2026-01-30T14:54:59.5746458Z tests/test_black_parser.py::TestBlackIntegrationWithFixtures::test_black_on_syntax_error_fixture PASSED [  8%]
2026-01-30T14:54:59.5791553Z tests/test_black_parser.py::TestBlackConfigurationHandling::test_detect_pyproject_toml PASSED [  9%]
2026-01-30T14:54:59.5825673Z tests/test_black_parser.py::TestBlackConfigurationHandling::test_no_config_file_returns_none PASSED [  9%]
2026-01-30T14:54:59.5843139Z tests/test_black_parser.py::TestBlackSuggestedFixes::test_generate_fix_command PASSED [  9%]
2026-01-30T14:54:59.5859219Z tests/test_black_parser.py::TestBlackSuggestedFixes::test_generate_fix_command_with_options PASSED [  9%]
2026-01-30T14:54:59.5886818Z tests/test_clang_tidy_parser.py::TestClangTidyDiagnosticParsing::test_parse_output_with_no_diagnostics PASSED [  9%]
2026-01-30T14:54:59.5926903Z tests/test_clang_tidy_parser.py::TestClangTidyDiagnosticParsing::test_parse_warning_diagnostic PASSED [ 10%]
2026-01-30T14:54:59.5965327Z tests/test_clang_tidy_parser.py::TestClangTidyDiagnosticParsing::test_parse_error_diagnostic PASSED [ 10%]
2026-01-30T14:54:59.6003174Z tests/test_clang_tidy_parser.py::TestClangTidyDiagnosticParsing::test_parse_note_diagnostic PASSED [ 10%]
2026-01-30T14:54:59.6049604Z tests/test_clang_tidy_parser.py::TestClangTidyDiagnosticParsing::test_parse_diagnostic_with_line_column PASSED [ 10%]
2026-01-30T14:54:59.6117401Z tests/test_clang_tidy_parser.py::TestClangTidyDiagnosticParsing::test_parse_multiple_diagnostics PASSED [ 10%]
2026-01-30T14:54:59.6162870Z tests/test_clang_tidy_parser.py::TestClangTidyReplacements::test_parse_diagnostic_with_replacements PASSED [ 10%]
2026-01-30T14:54:59.6220154Z tests/test_clang_tidy_parser.py::TestClangTidyReplacements::test_count_fixable_diagnostics PASSED [ 11%]
2026-01-30T14:54:59.6236398Z tests/test_clang_tidy_parser.py::TestClangTidyCommandBuilding::test_build_command_default_options PASSED [ 11%]
2026-01-30T14:54:59.6252527Z tests/test_clang_tidy_parser.py::TestClangTidyCommandBuilding::test_build_command_with_checks PASSED [ 11%]
2026-01-30T14:54:59.6267723Z tests/test_clang_tidy_parser.py::TestClangTidyCommandBuilding::test_build_command_with_header_filter PASSED [ 11%]
2026-01-30T14:54:59.6283182Z tests/test_clang_tidy_parser.py::TestClangTidyCommandBuilding::test_build_command_with_warnings_as_errors PASSED [ 11%]
2026-01-30T14:54:59.6299064Z tests/test_clang_tidy_parser.py::TestClangTidyCommandBuilding::test_build_command_with_config_file PASSED [ 12%]
2026-01-30T14:54:59.6314000Z tests/test_clang_tidy_parser.py::TestClangTidyCommandBuilding::test_build_command_with_extra_args PASSED [ 12%]
2026-01-30T14:54:59.6329606Z tests/test_clang_tidy_parser.py::TestClangTidyCommandBuilding::test_build_command_with_compile_commands PASSED [ 12%]
2026-01-30T14:54:59.6345968Z tests/test_clang_tidy_parser.py::TestClangTidyCommandBuilding::test_build_command_with_multiple_files PASSED [ 12%]
2026-01-30T14:54:59.6373984Z tests/test_clang_tidy_parser.py::TestClangTidyErrorHandling::test_error_when_clang_tidy_not_installed PASSED [ 12%]
2026-01-30T14:54:59.6403325Z tests/test_clang_tidy_parser.py::TestClangTidyErrorHandling::test_timeout_handling PASSED [ 13%]
2026-01-30T14:54:59.6429355Z tests/test_clang_tidy_parser.py::TestClangTidyErrorHandling::test_parse_with_invalid_yaml PASSED [ 13%]
2026-01-30T14:54:59.6459626Z tests/test_clang_tidy_parser.py::TestClangTidyVersionDetection::test_version_detection PASSED [ 13%]
2026-01-30T14:54:59.6484309Z tests/test_clang_tidy_parser.py::TestClangTidyVersionDetection::test_version_detection_failure PASSED [ 13%]
2026-01-30T14:54:59.6514280Z tests/test_clang_tidy_parser.py::TestClangTidyIntegrationWithFixtures::test_clang_tidy_on_clean_cpp_code SKIPPED [ 13%]
2026-01-30T14:54:59.6534194Z tests/test_clang_tidy_parser.py::TestClangTidyIntegrationWithFixtures::test_clang_tidy_on_code_with_issues SKIPPED [ 14%]
2026-01-30T14:54:59.6604172Z tests/test_clang_tidy_parser.py::TestClangTidyGroupingAndFiltering::test_group_diagnostics_by_check_name PASSED [ 14%]
2026-01-30T14:54:59.6656853Z tests/test_clang_tidy_parser.py::TestClangTidyGroupingAndFiltering::test_group_diagnostics_by_file PASSED [ 14%]
2026-01-30T14:54:59.6745614Z tests/test_clang_tidy_parser.py::TestClangTidyGroupingAndFiltering::test_filter_diagnostics_by_severity PASSED [ 14%]
2026-01-30T14:54:59.6794645Z tests/test_clang_tidy_parser.py::TestClangTidyConfigurationHandling::test_detect_clang_tidy_config_file PASSED [ 14%]
2026-01-30T14:54:59.6837803Z tests/test_clang_tidy_parser.py::TestClangTidyConfigurationHandling::test_detect_clang_tidy_in_parent_directory PASSED [ 15%]
2026-01-30T14:54:59.6876169Z tests/test_clang_tidy_parser.py::TestClangTidyConfigurationHandling::test_no_config_file_returns_none PASSED [ 15%]
2026-01-30T14:54:59.6914805Z tests/test_configuration.py::TestConfigurationLoading::test_load_complete_config PASSED [ 15%]
2026-01-30T14:54:59.6934955Z tests/test_configuration.py::TestConfigurationLoading::test_load_minimal_config PASSED [ 15%]
2026-01-30T14:54:59.6957496Z tests/test_configuration.py::TestConfigurationLoading::test_load_invalid_toml_syntax PASSED [ 15%]
2026-01-30T14:54:59.6973151Z tests/test_configuration.py::TestConfigurationLoading::test_load_nonexistent_file PASSED [ 15%]
2026-01-30T14:54:59.7011400Z tests/test_configuration.py::TestConfigurationLoading::test_load_from_custom_path PASSED [ 16%]
2026-01-30T14:54:59.7049515Z tests/test_configuration.py::TestValidatorConfiguration::test_get_validator_config_python_flake8 PASSED [ 16%]
2026-01-30T14:54:59.7087373Z tests/test_configuration.py::TestValidatorConfiguration::test_get_validator_config_cpp_clang_tidy PASSED [ 16%]
2026-01-30T14:54:59.7107130Z tests/test_configuration.py::TestValidatorConfiguration::test_get_validator_config_with_defaults PASSED [ 16%]
2026-01-30T14:54:59.7147251Z tests/test_configuration.py::TestValidatorConfiguration::test_get_validator_config_invalid_validator PASSED [ 16%]
2026-01-30T14:54:59.7184830Z tests/test_configuration.py::TestLanguageConfiguration::test_get_language_config_python PASSED [ 17%]
2026-01-30T14:54:59.7222418Z tests/test_configuration.py::TestLanguageConfiguration::test_get_language_config_cpp PASSED [ 17%]
2026-01-30T14:54:59.7241309Z tests/test_configuration.py::TestLanguageConfiguration::test_get_language_config_with_defaults PASSED [ 17%]
2026-01-30T14:54:59.7265069Z tests/test_configuration.py::TestConfigurationValidation::test_validate_negative_max_errors PASSED [ 17%]
2026-01-30T14:54:59.7288760Z tests/test_configuration.py::TestConfigurationValidation::test_validate_zero_complexity PASSED [ 17%]
2026-01-30T14:54:59.7326658Z tests/test_configuration.py::TestConfigurationInheritance::test_validator_inherits_language_defaults PASSED [ 18%]
2026-01-30T14:54:59.7345686Z tests/test_configuration.py::TestConfigurationInheritance::test_configuration_merging PASSED [ 18%]
2026-01-30T14:54:59.7368632Z tests/test_configuration.py::TestEnvironmentVariables::test_expand_environment_variables PASSED [ 18%]
2026-01-30T14:54:59.7389778Z tests/test_configuration.py::TestEnvironmentVariables::test_missing_environment_variable PASSED [ 18%]
2026-01-30T14:54:59.7405877Z tests/test_configuration.py::TestConfigurationDefaults::test_default_values_applied PASSED [ 18%]
2026-01-30T14:54:59.7433984Z tests/test_configuration.py::TestConfigurationDefaults::test_get_with_default_value PASSED [ 19%]
2026-01-30T14:54:59.7477187Z tests/test_configuration.py::TestConfigurationDefaults::test_get_nested_config PASSED [ 19%]
2026-01-30T14:54:59.7505194Z tests/test_cppcheck_parser.py::TestCppcheckXMLParsing::test_parse_xml_with_no_errors PASSED [ 19%]
2026-01-30T14:54:59.7522388Z tests/test_cppcheck_parser.py::TestCppcheckXMLParsing::test_parse_error_severity_issue PASSED [ 19%]
2026-01-30T14:54:59.7540316Z tests/test_cppcheck_parser.py::TestCppcheckXMLParsing::test_parse_warning_severity_issue PASSED [ 19%]
2026-01-30T14:54:59.7556719Z tests/test_cppcheck_parser.py::TestCppcheckXMLParsing::test_parse_style_issue PASSED [ 20%]
2026-01-30T14:54:59.7574316Z tests/test_cppcheck_parser.py::TestCppcheckXMLParsing::test_parse_performance_issue PASSED [ 20%]
2026-01-30T14:54:59.7590627Z tests/test_cppcheck_parser.py::TestCppcheckXMLParsing::test_parse_portability_issue PASSED [ 20%]
2026-01-30T14:54:59.7611175Z tests/test_cppcheck_parser.py::TestCppcheckXMLParsing::test_parse_information_message PASSED [ 20%]
2026-01-30T14:54:59.7627258Z tests/test_cppcheck_parser.py::TestCppcheckXMLParsing::test_extract_cwe_id PASSED [ 20%]
2026-01-30T14:54:59.7643118Z tests/test_cppcheck_parser.py::TestCppcheckXMLParsing::test_parse_inconclusive_results PASSED [ 20%]
2026-01-30T14:54:59.7658298Z tests/test_cppcheck_parser.py::TestCppcheckXMLParsing::test_parse_multiple_locations PASSED [ 21%]
2026-01-30T14:54:59.7673502Z tests/test_cppcheck_parser.py::TestCppcheckCommandBuilding::test_build_command_default_options PASSED [ 21%]
2026-01-30T14:54:59.7688338Z tests/test_cppcheck_parser.py::TestCppcheckCommandBuilding::test_build_command_with_enable_categories PASSED [ 21%]
2026-01-30T14:54:59.7703347Z tests/test_cppcheck_parser.py::TestCppcheckCommandBuilding::test_build_command_with_suppressions PASSED [ 21%]
2026-01-30T14:54:59.7718379Z tests/test_cppcheck_parser.py::TestCppcheckCommandBuilding::test_build_command_with_std_option PASSED [ 21%]
2026-01-30T14:54:59.7734700Z tests/test_cppcheck_parser.py::TestCppcheckCommandBuilding::test_build_command_with_platform PASSED [ 22%]
2026-01-30T14:54:59.7749246Z tests/test_cppcheck_parser.py::TestCppcheckCommandBuilding::test_build_command_with_includes PASSED [ 22%]
2026-01-30T14:54:59.7773891Z tests/test_cppcheck_parser.py::TestCppcheckCommandBuilding::test_build_command_with_defines PASSED [ 22%]
2026-01-30T14:54:59.7788271Z tests/test_cppcheck_parser.py::TestCppcheckCommandBuilding::test_build_command_with_inconclusive PASSED [ 22%]
2026-01-30T14:54:59.7804267Z tests/test_cppcheck_parser.py::TestCppcheckCommandBuilding::test_build_command_with_multiple_files PASSED [ 22%]
2026-01-30T14:54:59.7829795Z tests/test_cppcheck_parser.py::TestCppcheckErrorHandling::test_error_when_cppcheck_not_installed PASSED [ 23%]
2026-01-30T14:54:59.7855221Z tests/test_cppcheck_parser.py::TestCppcheckErrorHandling::test_timeout_handling PASSED [ 23%]
2026-01-30T14:54:59.7870903Z tests/test_cppcheck_parser.py::TestCppcheckErrorHandling::test_parse_with_invalid_xml PASSED [ 23%]
2026-01-30T14:54:59.7898214Z tests/test_cppcheck_parser.py::TestCppcheckVersionDetection::test_version_detection PASSED [ 23%]
2026-01-30T14:54:59.7922263Z tests/test_cppcheck_parser.py::TestCppcheckVersionDetection::test_version_detection_failure PASSED [ 23%]
2026-01-30T14:54:59.7940512Z tests/test_cppcheck_parser.py::TestCppcheckIntegrationWithFixtures::test_cppcheck_on_clean_cpp_code SKIPPED [ 24%]
2026-01-30T14:54:59.7957181Z tests/test_cppcheck_parser.py::TestCppcheckIntegrationWithFixtures::test_cppcheck_on_code_with_bugs SKIPPED [ 24%]
2026-01-30T14:54:59.7972632Z tests/test_cppcheck_parser.py::TestCppcheckGroupingAndFiltering::test_group_errors_by_id PASSED [ 24%]
2026-01-30T14:54:59.7988615Z tests/test_cppcheck_parser.py::TestCppcheckGroupingAndFiltering::test_group_errors_by_file PASSED [ 24%]
2026-01-30T14:54:59.8004436Z tests/test_cppcheck_parser.py::TestCppcheckGroupingAndFiltering::test_filter_by_severity PASSED [ 24%]
2026-01-30T14:54:59.8041797Z tests/test_cppcheck_parser.py::TestCppcheckConfigurationHandling::test_detect_cppcheck_suppressions_file PASSED [ 25%]
2026-01-30T14:54:59.8095636Z tests/test_cppcheck_parser.py::TestCppcheckConfigurationHandling::test_detect_suppressions_in_parent_directory PASSED [ 25%]
2026-01-30T14:54:59.8133292Z tests/test_cppcheck_parser.py::TestCppcheckConfigurationHandling::test_no_suppressions_file_returns_none PASSED [ 25%]
2026-01-30T14:55:00.1303311Z tests/test_file_collector.py::TestFullModeCollection::test_collect_all_python_files PASSED [ 25%]
2026-01-30T14:55:00.5237729Z tests/test_file_collector.py::TestFullModeCollection::test_collect_all_cpp_files PASSED [ 25%]
2026-01-30T14:55:00.8087596Z tests/test_file_collector.py::TestFullModeCollection::test_collect_all_languages PASSED [ 25%]
2026-01-30T14:55:00.8132062Z tests/test_file_collector.py::TestFullModeCollection::test_full_mode_without_git PASSED [ 26%]
2026-01-30T14:55:01.2055055Z tests/test_file_collector.py::TestIncrementalModeCollection::test_collect_modified_files PASSED [ 26%]
2026-01-30T14:55:01.5774376Z tests/test_file_collector.py::TestIncrementalModeCollection::test_collect_new_untracked_files PASSED [ 26%]
2026-01-30T14:55:01.9482407Z tests/test_file_collector.py::TestIncrementalModeCollection::test_collect_staged_files PASSED [ 26%]
2026-01-30T14:55:02.3934460Z tests/test_file_collector.py::TestIncrementalModeCollection::test_collect_both_staged_and_unstaged PASSED [ 26%]
2026-01-30T14:55:02.7680130Z tests/test_file_collector.py::TestIncrementalModeCollection::test_no_modifications_returns_empty PASSED [ 27%]
2026-01-30T14:55:03.1636008Z tests/test_file_collector.py::TestIncrementalModeCollection::test_handles_deleted_files PASSED [ 27%]
2026-01-30T14:55:03.2007027Z tests/test_file_collector.py::TestIncrementalModeCollection::test_incremental_without_git_falls_back_to_full PASSED [ 27%]
2026-01-30T14:55:03.5301879Z tests/test_file_collector.py::TestGitIntegration::test_detects_uncommitted_changes PASSED [ 27%]
2026-01-30T14:55:03.8637780Z tests/test_file_collector.py::TestGitIntegration::test_no_uncommitted_changes_in_clean_repo PASSED [ 27%]
2026-01-30T14:55:04.1728495Z tests/test_file_collector.py::TestGitIntegration::test_detects_git_repository PASSED [ 28%]
2026-01-30T14:55:04.2116350Z tests/test_file_collector.py::TestGitIntegration::test_detects_non_git_directory PASSED [ 28%]
2026-01-30T14:55:04.8430674Z tests/test_file_collector.py::TestGitIntegration::test_get_changed_files_across_commits PASSED [ 28%]
2026-01-30T14:55:04.9794291Z tests/test_file_collector.py::TestGitIntegration::test_empty_repository_returns_no_files PASSED [ 28%]
2026-01-30T14:55:05.2512879Z tests/test_file_collector.py::TestExclusionPatterns::test_respects_exclude_patterns PASSED [ 28%]
2026-01-30T14:55:05.5394611Z tests/test_file_collector.py::TestExclusionPatterns::test_default_exclusions_applied PASSED [ 29%]
2026-01-30T14:55:05.7921806Z tests/test_file_collector.py::TestLanguageFiltering::test_filters_by_language PASSED [ 29%]
2026-01-30T14:55:06.0474722Z tests/test_file_collector.py::TestLanguageFiltering::test_collects_multiple_languages PASSED [ 29%]
2026-01-30T14:55:06.3213637Z tests/test_file_collector.py::TestErrorHandling::test_invalid_language_raises_error PASSED [ 29%]
2026-01-30T14:55:06.6719642Z tests/test_file_collector.py::TestErrorHandling::test_invalid_commit_ref_raises_error PASSED [ 29%]
2026-01-30T14:55:06.6768725Z tests/test_file_collector.py::TestErrorHandling::test_handles_permission_errors_gracefully PASSED [ 30%]
2026-01-30T14:55:06.6828276Z tests/test_file_collector.py::TestErrorHandling::test_git_timeout_handled_in_is_git_repository PASSED [ 30%]
2026-01-30T14:55:06.6875724Z tests/test_file_collector.py::TestErrorHandling::test_git_not_found_handled_in_is_git_repository PASSED [ 30%]
2026-01-30T14:55:06.9818103Z tests/test_file_collector.py::TestErrorHandling::test_has_uncommitted_changes_handles_timeout PASSED [ 30%]
2026-01-30T14:55:07.2388940Z tests/test_file_collector.py::TestErrorHandling::test_has_uncommitted_changes_handles_subprocess_error PASSED [ 30%]
2026-01-30T14:55:07.5057301Z tests/test_file_collector.py::TestErrorHandling::test_get_changed_files_handles_timeout PASSED [ 30%]
2026-01-30T14:55:07.9037050Z tests/test_file_collector.py::TestPerformance::test_incremental_faster_than_full PASSED [ 31%]
2026-01-30T14:55:08.1722118Z tests/test_file_collector.py::TestCaching::test_caches_language_detection PASSED [ 31%]
2026-01-30T14:55:08.6842568Z tests/test_file_collector.py::TestCaching::test_cache_invalidated_on_changes PASSED [ 31%]
2026-01-30T14:55:08.6867138Z tests/test_flake8_parser.py::TestFlake8JSONParsing::test_parse_json_output_with_no_errors PASSED [ 31%]
2026-01-30T14:55:08.6882851Z tests/test_flake8_parser.py::TestFlake8JSONParsing::test_parse_json_output_with_e_series_errors PASSED [ 31%]
2026-01-30T14:55:08.6898154Z tests/test_flake8_parser.py::TestFlake8JSONParsing::test_parse_json_output_with_w_series_warnings PASSED [ 32%]
2026-01-30T14:55:08.6913240Z tests/test_flake8_parser.py::TestFlake8JSONParsing::test_parse_json_output_with_f_series_errors PASSED [ 32%]
2026-01-30T14:55:08.6929003Z tests/test_flake8_parser.py::TestFlake8JSONParsing::test_parse_json_output_with_c_series_complexity_warnings PASSED [ 32%]
2026-01-30T14:55:08.6944673Z tests/test_flake8_parser.py::TestFlake8JSONParsing::test_parse_multiple_files_with_mixed_results PASSED [ 32%]
2026-01-30T14:55:08.6959289Z tests/test_flake8_parser.py::TestFlake8CommandBuilding::test_build_command_with_default_options PASSED [ 32%]
2026-01-30T14:55:08.6973797Z tests/test_flake8_parser.py::TestFlake8CommandBuilding::test_build_command_with_ignore_list PASSED [ 33%]
2026-01-30T14:55:08.6988614Z tests/test_flake8_parser.py::TestFlake8CommandBuilding::test_build_command_with_max_line_length PASSED [ 33%]
2026-01-30T14:55:08.7004061Z tests/test_flake8_parser.py::TestFlake8CommandBuilding::test_build_command_with_select_rules PASSED [ 33%]
2026-01-30T14:55:08.7018998Z tests/test_flake8_parser.py::TestFlake8CommandBuilding::test_build_command_with_exclude_patterns PASSED [ 33%]
2026-01-30T14:55:08.7033070Z tests/test_flake8_parser.py::TestFlake8CommandBuilding::test_build_command_with_max_complexity PASSED [ 33%]
2026-01-30T14:55:08.7052881Z tests/test_flake8_parser.py::TestFlake8TextFormatParsing::test_parse_text_format_with_errors PASSED [ 34%]
2026-01-30T14:55:08.7067678Z tests/test_flake8_parser.py::TestFlake8TextFormatParsing::test_parse_text_format_with_no_output PASSED [ 34%]
2026-01-30T14:55:08.7096060Z tests/test_flake8_parser.py::TestFlake8ErrorHandling::test_error_when_flake8_not_installed PASSED [ 34%]
2026-01-30T14:55:08.7119956Z tests/test_flake8_parser.py::TestFlake8ErrorHandling::test_timeout_handling PASSED [ 34%]
2026-01-30T14:55:08.7135184Z tests/test_flake8_parser.py::TestFlake8ErrorHandling::test_invalid_json_handling PASSED [ 34%]
2026-01-30T14:55:08.7162132Z tests/test_flake8_parser.py::TestFlake8VersionDetection::test_version_detection PASSED [ 35%]
2026-01-30T14:55:08.7186394Z tests/test_flake8_parser.py::TestFlake8VersionDetection::test_version_detection_failure PASSED [ 35%]
2026-01-30T14:55:09.1493315Z tests/test_flake8_parser.py::TestFlake8IntegrationWithFixtures::test_flake8_on_good_python_code PASSED [ 35%]
2026-01-30T14:55:09.5752931Z tests/test_flake8_parser.py::TestFlake8IntegrationWithFixtures::test_flake8_on_style_violations_fixture PASSED [ 35%]
2026-01-30T14:55:10.0063740Z tests/test_flake8_parser.py::TestFlake8IntegrationWithFixtures::test_flake8_on_syntax_error_fixture PASSED [ 35%]
2026-01-30T14:55:10.4142943Z tests/test_flake8_parser.py::TestFlake8IntegrationWithFixtures::test_flake8_on_unused_imports_fixture PASSED [ 35%]
2026-01-30T14:55:10.4161801Z tests/test_flake8_parser.py::TestFlake8SeverityMapping::test_e_series_maps_to_error PASSED [ 36%]
2026-01-30T14:55:10.4179040Z tests/test_flake8_parser.py::TestFlake8SeverityMapping::test_w_series_maps_to_warning PASSED [ 36%]
2026-01-30T14:55:10.4195845Z tests/test_flake8_parser.py::TestFlake8SeverityMapping::test_f_series_maps_to_error PASSED [ 36%]
2026-01-30T14:55:10.4211570Z tests/test_flake8_parser.py::TestFlake8SeverityMapping::test_c_series_maps_to_warning PASSED [ 36%]
2026-01-30T14:55:10.4242786Z tests/test_flake8_parser.py::TestFlake8SeverityMapping::test_n_series_maps_to_warning PASSED [ 36%]
2026-01-30T14:55:10.4288271Z tests/test_flake8_parser.py::TestFlake8ConfigurationHandling::test_detect_flake8_config_file PASSED [ 37%]
2026-01-30T14:55:10.4331735Z tests/test_flake8_parser.py::TestFlake8ConfigurationHandling::test_detect_setup_cfg_flake8_section PASSED [ 37%]
2026-01-30T14:55:10.4379361Z tests/test_flake8_parser.py::TestFlake8ConfigurationHandling::test_detect_tox_ini_flake8_section PASSED [ 37%]
2026-01-30T14:55:10.4399164Z tests/test_isort_parser.py::TestIsortTextParsing::test_parse_output_all_imports_sorted PASSED [ 37%]
2026-01-30T14:55:10.4415108Z tests/test_isort_parser.py::TestIsortTextParsing::test_parse_output_imports_need_sorting PASSED [ 37%]
2026-01-30T14:55:10.4431659Z tests/test_isort_parser.py::TestIsortTextParsing::test_parse_multiple_files_with_errors PASSED [ 38%]
2026-01-30T14:55:10.4447811Z tests/test_isort_parser.py::TestIsortTextParsing::test_parse_windows_paths PASSED [ 38%]
2026-01-30T14:55:10.4465115Z tests/test_isort_parser.py::TestIsortTextParsing::test_parse_output_with_skipped_files PASSED [ 38%]
2026-01-30T14:55:10.4480975Z tests/test_isort_parser.py::TestIsortCommandBuilding::test_build_command_default_options PASSED [ 38%]
2026-01-30T14:55:10.4495643Z tests/test_isort_parser.py::TestIsortCommandBuilding::test_build_command_with_profile PASSED [ 38%]
2026-01-30T14:55:10.4510433Z tests/test_isort_parser.py::TestIsortCommandBuilding::test_build_command_with_line_length PASSED [ 39%]
2026-01-30T14:55:10.4525267Z tests/test_isort_parser.py::TestIsortCommandBuilding::test_build_command_with_multi_line_output PASSED [ 39%]
2026-01-30T14:55:10.4540357Z tests/test_isort_parser.py::TestIsortCommandBuilding::test_build_command_with_skip_patterns PASSED [ 39%]
2026-01-30T14:55:10.4573495Z tests/test_isort_parser.py::TestIsortCommandBuilding::test_build_command_with_force_single_line PASSED [ 39%]
2026-01-30T14:55:10.4574810Z tests/test_isort_parser.py::TestIsortCommandBuilding::test_build_command_with_diff PASSED [ 39%]
2026-01-30T14:55:10.4587587Z tests/test_isort_parser.py::TestIsortCommandBuilding::test_build_command_with_multiple_files PASSED [ 40%]
2026-01-30T14:55:10.4614560Z tests/test_isort_parser.py::TestIsortErrorHandling::test_error_when_isort_not_installed PASSED [ 40%]
2026-01-30T14:55:10.4639246Z tests/test_isort_parser.py::TestIsortErrorHandling::test_timeout_handling PASSED [ 40%]
2026-01-30T14:55:10.4654560Z tests/test_isort_parser.py::TestIsortErrorHandling::test_parse_syntax_error_in_file PASSED [ 40%]
2026-01-30T14:55:10.4684534Z tests/test_isort_parser.py::TestIsortVersionDetection::test_version_detection PASSED [ 40%]
2026-01-30T14:55:10.4707396Z tests/test_isort_parser.py::TestIsortVersionDetection::test_version_detection_failure PASSED [ 40%]
2026-01-30T14:55:10.7945477Z tests/test_isort_parser.py::TestIsortIntegrationWithFixtures::test_isort_on_sorted_python_code PASSED [ 41%]
2026-01-30T14:55:11.1098421Z tests/test_isort_parser.py::TestIsortIntegrationWithFixtures::test_isort_on_unsorted_imports_fixture PASSED [ 41%]
2026-01-30T14:55:11.1144693Z tests/test_isort_parser.py::TestIsortConfigurationHandling::test_detect_pyproject_toml PASSED [ 41%]
2026-01-30T14:55:11.1188368Z tests/test_isort_parser.py::TestIsortConfigurationHandling::test_detect_setup_cfg PASSED [ 41%]
2026-01-30T14:55:11.1228947Z tests/test_isort_parser.py::TestIsortConfigurationHandling::test_detect_isort_cfg PASSED [ 41%]
2026-01-30T14:55:11.1268741Z tests/test_isort_parser.py::TestIsortConfigurationHandling::test_no_config_file_returns_none PASSED [ 42%]
2026-01-30T14:55:11.1283625Z tests/test_isort_parser.py::TestIsortSuggestedFixes::test_generate_fix_command PASSED [ 42%]
2026-01-30T14:55:11.1299881Z tests/test_isort_parser.py::TestIsortSuggestedFixes::test_generate_fix_command_with_options PASSED [ 42%]
2026-01-30T14:55:11.1418820Z tests/test_language_detector.py::TestLanguageDetection::test_detect_python_files PASSED [ 42%]
2026-01-30T14:55:11.1533057Z tests/test_language_detector.py::TestLanguageDetection::test_detect_cpp_files PASSED [ 42%]
2026-01-30T14:55:11.1648857Z tests/test_language_detector.py::TestLanguageDetection::test_detect_mixed_language_project PASSED [ 43%]
2026-01-30T14:55:11.1702504Z tests/test_language_detector.py::TestLanguageDetection::test_detect_python_only_project PASSED [ 43%]
2026-01-30T14:55:11.1756645Z tests/test_language_detector.py::TestLanguageDetection::test_detect_cpp_only_project PASSED [ 43%]
2026-01-30T14:55:11.1806524Z tests/test_language_detector.py::TestLanguageDetection::test_detect_no_matching_files PASSED [ 43%]
2026-01-30T14:55:11.1929508Z tests/test_language_detector.py::TestLanguageDetection::test_get_files_returns_only_python PASSED [ 43%]
2026-01-30T14:55:11.2056298Z tests/test_language_detector.py::TestLanguageDetection::test_get_files_returns_only_cpp PASSED [ 44%]
2026-01-30T14:55:11.2173521Z tests/test_language_detector.py::TestExclusionPatterns::test_ignores_git_directory PASSED [ 44%]
2026-01-30T14:55:11.2292651Z tests/test_language_detector.py::TestExclusionPatterns::test_ignores_pycache_directory PASSED [ 44%]
2026-01-30T14:55:11.2416933Z tests/test_language_detector.py::TestExclusionPatterns::test_ignores_build_directory PASSED [ 44%]
2026-01-30T14:55:11.2571403Z tests/test_language_detector.py::TestExclusionPatterns::test_custom_exclude_patterns PASSED [ 44%]
2026-01-30T14:55:11.2697147Z tests/test_language_detector.py::TestConfigurationIntegration::test_respects_file_patterns_from_config PASSED [ 45%]
2026-01-30T14:55:11.2760434Z tests/test_language_detector.py::TestConfigurationIntegration::test_respects_cpp_patterns_from_config PASSED [ 45%]
2026-01-30T14:55:11.2773892Z tests/test_language_detector.py::TestSymbolicLinks::test_follows_symlinks_when_enabled SKIPPED [ 45%]
2026-01-30T14:55:11.2786979Z tests/test_language_detector.py::TestSymbolicLinks::test_ignores_symlinks_when_disabled SKIPPED [ 45%]
2026-01-30T14:55:11.3627469Z tests/test_language_detector.py::TestPerformance::test_performance_large_directory_tree PASSED [ 45%]
2026-01-30T14:55:11.3643976Z tests/test_language_detector.py::TestEdgeCases::test_nonexistent_directory_raises_error PASSED [ 45%]
2026-01-30T14:55:11.3692961Z tests/test_language_detector.py::TestEdgeCases::test_file_instead_of_directory_raises_error PASSED [ 46%]
2026-01-30T14:55:11.3806997Z tests/test_language_detector.py::TestEdgeCases::test_get_files_for_unknown_language_returns_empty PASSED [ 46%]
2026-01-30T14:55:11.3867908Z tests/test_language_detector.py::TestEdgeCases::test_empty_directory_returns_empty PASSED [ 46%]
2026-01-30T14:55:11.3886364Z tests/test_orchestrator.py::TestSequentialExecution::test_run_all_validators_sequentially PASSED [ 46%]
2026-01-30T14:55:11.3904849Z tests/test_orchestrator.py::TestSequentialExecution::test_validators_run_in_deterministic_order PASSED [ 46%]
2026-01-30T14:55:11.3938553Z tests/test_orchestrator.py::TestParallelExecution::test_run_all_validators_in_parallel PASSED [ 47%]
2026-01-30T14:55:11.8081379Z tests/test_orchestrator.py::TestParallelExecution::test_parallel_execution_faster_than_sequential PASSED [ 47%]
2026-01-30T14:55:11.8099710Z tests/test_orchestrator.py::TestLanguageFiltering::test_run_validators_for_specific_language PASSED [ 47%]
2026-01-30T14:55:11.8116743Z tests/test_orchestrator.py::TestLanguageFiltering::test_run_validators_for_cpp_language PASSED [ 47%]
2026-01-30T14:55:11.8134489Z tests/test_orchestrator.py::TestLanguageFiltering::test_run_validators_for_nonexistent_language PASSED [ 47%]
2026-01-30T14:55:11.8152537Z tests/test_orchestrator.py::TestSpecificValidatorExecution::test_run_specific_validator_by_name PASSED [ 48%]
2026-01-30T14:55:11.8172154Z tests/test_orchestrator.py::TestSpecificValidatorExecution::test_run_nonexistent_validator_raises_error PASSED [ 48%]
2026-01-30T14:55:11.8190689Z tests/test_orchestrator.py::TestResultAggregation::test_aggregate_results_all_passing PASSED [ 48%]
2026-01-30T14:55:11.8206558Z tests/test_orchestrator.py::TestResultAggregation::test_aggregate_results_with_failures PASSED [ 48%]
2026-01-30T14:55:11.8225280Z tests/test_orchestrator.py::TestResultAggregation::test_aggregate_results_counts_files_checked PASSED [ 48%]
2026-01-30T14:55:11.8243495Z tests/test_orchestrator.py::TestOverallPassFail::test_overall_pass_when_all_validators_pass PASSED [ 49%]
2026-01-30T14:55:11.8258428Z tests/test_orchestrator.py::TestOverallPassFail::test_overall_fail_when_any_validator_fails PASSED [ 49%]
2026-01-30T14:55:11.8273568Z tests/test_orchestrator.py::TestFailFastMode::test_fail_fast_stops_on_first_failure PASSED [ 49%]
2026-01-30T14:55:11.8289516Z tests/test_orchestrator.py::TestContinueOnFailureMode::test_continue_on_failure_runs_all_validators PASSED [ 49%]
2026-01-30T14:55:21.8459318Z tests/test_orchestrator.py::TestTimeoutHandling::test_timeout_handling_for_slow_validators PASSED [ 49%]
2026-01-30T14:55:21.8482638Z tests/test_orchestrator.py::TestValidatorCrashHandling::test_error_handling_when_validator_crashes PASSED [ 50%]
2026-01-30T14:55:21.8505867Z tests/test_orchestrator.py::TestToolNotFoundHandling::test_error_handling_when_tool_not_found PASSED [ 50%]
2026-01-30T14:55:21.8525828Z tests/test_orchestrator.py::TestMixedResults::test_result_collection_with_mixed_results PASSED [ 50%]
2026-01-30T14:55:22.1708391Z tests/test_orchestrator.py::TestExecutionTimeTracking::test_execution_time_tracking PASSED [ 50%]
2026-01-30T14:55:22.1731256Z tests/test_orchestrator.py::TestFileCountAggregation::test_file_count_aggregation PASSED [ 50%]
2026-01-30T14:55:22.1751191Z tests/test_orchestrator.py::TestFileCountAggregation::test_unique_files_counted PASSED [ 50%]
2026-01-30T14:55:22.1770128Z tests/test_orchestrator.py::TestEmptyFileList::test_run_with_empty_file_list PASSED [ 51%]
2026-01-30T14:55:22.1788647Z tests/test_orchestrator.py::TestConfigurationPassing::test_configuration_passed_to_validators PASSED [ 51%]
2026-01-30T14:55:22.1804817Z tests/test_parser_framework.py::TestFixtureDirectoryStructure::test_fixtures_directory_exists PASSED [ 51%]
2026-01-30T14:55:22.1821855Z tests/test_parser_framework.py::TestFixtureDirectoryStructure::test_python_fixtures_directory_exists PASSED [ 51%]
2026-01-30T14:55:22.1839077Z tests/test_parser_framework.py::TestFixtureDirectoryStructure::test_cpp_fixtures_directory_exists PASSED [ 51%]
2026-01-30T14:55:22.1856200Z tests/test_parser_framework.py::TestFixtureDirectoryStructure::test_sample_code_fixtures_directory_exists PASSED [ 52%]
2026-01-30T14:55:22.1875034Z tests/test_parser_framework.py::TestFixtureLoading::test_load_fixture_file_returns_content PASSED [ 52%]
2026-01-30T14:55:22.1894037Z tests/test_parser_framework.py::TestFixtureLoading::test_load_fixture_file_with_subdirectory PASSED [ 52%]
2026-01-30T14:55:22.1912599Z tests/test_parser_framework.py::TestFixtureLoading::test_load_fixture_file_preserves_encoding PASSED [ 52%]
2026-01-30T14:55:22.1930675Z tests/test_parser_framework.py::TestFixtureLoading::test_load_fixture_nonexistent_file_raises_error PASSED [ 52%]
2026-01-30T14:55:22.1948521Z tests/test_parser_framework.py::TestFixtureLoading::test_get_fixture_path_returns_absolute_path PASSED [ 53%]
2026-01-30T14:55:22.1973385Z tests/test_parser_framework.py::TestFixtureLoading::test_list_fixtures_in_directory PASSED [ 53%]
2026-01-30T14:55:22.1990232Z tests/test_parser_framework.py::TestParserHelpers::test_create_validation_result_helper PASSED [ 53%]
2026-01-30T14:55:22.2006669Z tests/test_parser_framework.py::TestParserHelpers::test_create_issue_helper PASSED [ 53%]
2026-01-30T14:55:22.2024144Z tests/test_parser_framework.py::TestParserHelpers::test_assert_validation_result_structure PASSED [ 53%]
2026-01-30T14:55:22.2047124Z tests/test_parser_framework.py::TestParserHelpers::test_assert_validation_result_invalid_structure_raises PASSED [ 54%]
2026-01-30T14:55:22.2070188Z tests/test_parser_framework.py::TestParserHelpers::test_assert_issue_structure PASSED [ 54%]
2026-01-30T14:55:22.2093730Z tests/test_parser_framework.py::TestParserHelpers::test_count_issues_by_severity PASSED [ 54%]
2026-01-30T14:55:22.2116992Z tests/test_parser_framework.py::TestParserHelpers::test_filter_issues_by_file PASSED [ 54%]
2026-01-30T14:55:22.2140028Z tests/test_parser_framework.py::TestParserHelpers::test_filter_issues_by_severity PASSED [ 54%]
2026-01-30T14:55:22.2172392Z tests/test_parser_framework.py::TestPythonFixtures::test_good_python_code_fixture_exists PASSED [ 55%]
2026-01-30T14:55:22.2197301Z tests/test_parser_framework.py::TestPythonFixtures::test_bad_python_syntax_error_fixture_exists PASSED [ 55%]
2026-01-30T14:55:22.2223740Z tests/test_parser_framework.py::TestPythonFixtures::test_bad_python_missing_imports_fixture_exists PASSED [ 55%]
2026-01-30T14:55:22.2326573Z tests/test_parser_framework.py::TestPythonFixtures::test_bad_python_unused_code_fixture_exists PASSED [ 55%]
2026-01-30T14:55:22.2362206Z tests/test_parser_framework.py::TestPythonFixtures::test_bad_python_style_violations_fixture_exists PASSED [ 55%]
2026-01-30T14:55:22.2397527Z tests/test_parser_framework.py::TestPythonFixtures::test_bad_python_unformatted_code_fixture_exists PASSED [ 55%]
2026-01-30T14:55:22.2399747Z tests/test_parser_framework.py::TestCppFixtures::test_good_cpp_code_fixture_exists PASSED [ 56%]
2026-01-30T14:55:22.2405240Z tests/test_parser_framework.py::TestCppFixtures::test_good_cpp_header_fixture_exists PASSED [ 56%]
2026-01-30T14:55:22.2406730Z tests/test_parser_framework.py::TestCppFixtures::test_bad_cpp_syntax_error_fixture_exists PASSED [ 56%]
2026-01-30T14:55:22.2433844Z tests/test_parser_framework.py::TestCppFixtures::test_bad_cpp_style_violations_fixture_exists PASSED [ 56%]
2026-01-30T14:55:22.2452932Z tests/test_parser_framework.py::TestCppFixtures::test_bad_cpp_static_analysis_issues_fixture_exists PASSED [ 56%]
2026-01-30T14:55:22.2474060Z tests/test_parser_framework.py::TestFixtureNamingConventions::test_readme_exists_in_fixtures_directory PASSED [ 57%]
2026-01-30T14:55:22.2504280Z tests/test_parser_framework.py::TestFixtureNamingConventions::test_readme_documents_naming_conventions PASSED [ 57%]
2026-01-30T14:55:22.2524211Z tests/test_parser_framework.py::TestFixtureNamingConventions::test_readme_documents_directory_structure PASSED [ 57%]
2026-01-30T14:55:22.2545997Z tests/test_pylint_parser.py::TestPylintJSONParsing::test_parse_json_output_with_no_issues PASSED [ 57%]
2026-01-30T14:55:22.2568491Z tests/test_pylint_parser.py::TestPylintJSONParsing::test_parse_convention_messages PASSED [ 57%]
2026-01-30T14:55:22.2589009Z tests/test_pylint_parser.py::TestPylintJSONParsing::test_parse_refactor_suggestions PASSED [ 58%]
2026-01-30T14:55:22.2610888Z tests/test_pylint_parser.py::TestPylintJSONParsing::test_parse_warnings PASSED [ 58%]
2026-01-30T14:55:22.2631298Z tests/test_pylint_parser.py::TestPylintJSONParsing::test_parse_errors PASSED [ 58%]
2026-01-30T14:55:22.2651616Z tests/test_pylint_parser.py::TestPylintJSONParsing::test_parse_fatal_errors PASSED [ 58%]
2026-01-30T14:55:22.2672678Z tests/test_pylint_parser.py::TestPylintJSONParsing::test_parse_multiple_issues_mixed_types PASSED [ 58%]
2026-01-30T14:55:22.2692920Z tests/test_pylint_parser.py::TestPylintJSONParsing::test_parse_with_score_information PASSED [ 59%]
2026-01-30T14:55:22.2713199Z tests/test_pylint_parser.py::TestPylintCommandBuilding::test_build_command_default_options PASSED [ 59%]
2026-01-30T14:55:22.2738365Z tests/test_pylint_parser.py::TestPylintCommandBuilding::test_build_command_with_disable_options PASSED [ 59%]
2026-01-30T14:55:22.2758265Z tests/test_pylint_parser.py::TestPylintCommandBuilding::test_build_command_with_enable_options PASSED [ 59%]
2026-01-30T14:55:22.2779668Z tests/test_pylint_parser.py::TestPylintCommandBuilding::test_build_command_with_max_line_length PASSED [ 59%]
2026-01-30T14:55:22.2800521Z tests/test_pylint_parser.py::TestPylintCommandBuilding::test_build_command_with_rcfile PASSED [ 60%]
2026-01-30T14:55:22.2820462Z tests/test_pylint_parser.py::TestPylintCommandBuilding::test_build_command_with_score_enabled PASSED [ 60%]
2026-01-30T14:55:22.2840637Z tests/test_pylint_parser.py::TestPylintCommandBuilding::test_build_command_with_score_disabled PASSED [ 60%]
2026-01-30T14:55:22.2878085Z tests/test_pylint_parser.py::TestPylintCommandBuilding::test_build_command_with_multiple_files PASSED [ 60%]
2026-01-30T14:55:22.2909055Z tests/test_pylint_parser.py::TestPylintErrorHandling::test_error_when_pylint_not_installed PASSED [ 60%]
2026-01-30T14:55:22.2947168Z tests/test_pylint_parser.py::TestPylintErrorHandling::test_timeout_handling PASSED [ 60%]
2026-01-30T14:55:22.2961799Z tests/test_pylint_parser.py::TestPylintErrorHandling::test_invalid_json_handling PASSED [ 61%]
2026-01-30T14:55:22.3100698Z tests/test_pylint_parser.py::TestPylintVersionDetection::test_version_detection PASSED [ 61%]
2026-01-30T14:55:22.3103738Z tests/test_pylint_parser.py::TestPylintVersionDetection::test_version_detection_pylint2 PASSED [ 61%]
2026-01-30T14:55:22.3105234Z tests/test_pylint_parser.py::TestPylintVersionDetection::test_version_detection_failure PASSED [ 61%]
2026-01-30T14:55:24.2315108Z tests/test_pylint_parser.py::TestPylintIntegrationWithFixtures::test_pylint_on_clean_python_code PASSED [ 61%]
2026-01-30T14:55:25.5522920Z tests/test_pylint_parser.py::TestPylintIntegrationWithFixtures::test_pylint_on_code_with_violations PASSED [ 62%]
2026-01-30T14:55:25.5572809Z tests/test_pylint_parser.py::TestPylintConfigurationHandling::test_detect_pylintrc PASSED [ 62%]
2026-01-30T14:55:25.5624779Z tests/test_pylint_parser.py::TestPylintConfigurationHandling::test_detect_pyproject_toml PASSED [ 62%]
2026-01-30T14:55:25.5675836Z tests/test_pylint_parser.py::TestPylintConfigurationHandling::test_detect_setup_cfg PASSED [ 62%]
2026-01-30T14:55:25.5731428Z tests/test_pylint_parser.py::TestPylintConfigurationHandling::test_priority_order_pylintrc_over_others PASSED [ 62%]
2026-01-30T14:55:25.5781576Z tests/test_pylint_parser.py::TestPylintConfigurationHandling::test_no_config_file_returns_none PASSED [ 63%]
2026-01-30T14:55:25.5800263Z tests/test_pylint_parser.py::TestPylintScoreExtraction::test_extract_score_from_text_output PASSED [ 63%]
2026-01-30T14:55:25.5816248Z tests/test_pylint_parser.py::TestPylintScoreExtraction::test_extract_score_with_previous_run PASSED [ 63%]
2026-01-30T14:55:25.5830794Z tests/test_pylint_parser.py::TestPylintScoreExtraction::test_extract_score_when_not_present PASSED [ 63%]
2026-01-30T14:55:25.5845368Z tests/test_pylint_parser.py::TestPylintScoreExtraction::test_extract_perfect_score PASSED [ 63%]
2026-01-30T14:55:25.5862125Z tests/test_pylint_parser.py::TestPylintSeverityMapping::test_convention_maps_to_warning PASSED [ 64%]
2026-01-30T14:55:25.5877375Z tests/test_pylint_parser.py::TestPylintSeverityMapping::test_refactor_maps_to_warning PASSED [ 64%]
2026-01-30T14:55:25.5892450Z tests/test_pylint_parser.py::TestPylintSeverityMapping::test_warning_maps_to_warning PASSED [ 64%]
2026-01-30T14:55:25.5907742Z tests/test_pylint_parser.py::TestPylintSeverityMapping::test_error_maps_to_error PASSED [ 64%]
2026-01-30T14:55:25.5923910Z tests/test_pylint_parser.py::TestPylintSeverityMapping::test_fatal_maps_to_error PASSED [ 64%]
2026-01-30T14:55:25.5940651Z tests/test_pytest_parser.py::TestPytestResultParsing::test_parse_output_all_tests_passed PASSED [ 65%]
2026-01-30T14:55:25.5956742Z tests/test_pytest_parser.py::TestPytestResultParsing::test_parse_output_with_test_failures PASSED [ 65%]
2026-01-30T14:55:25.5973429Z tests/test_pytest_parser.py::TestPytestResultParsing::test_parse_output_with_skipped_tests PASSED [ 65%]
2026-01-30T14:55:25.5989989Z tests/test_pytest_parser.py::TestPytestResultParsing::test_parse_parametrized_tests PASSED [ 65%]
2026-01-30T14:55:25.6006169Z tests/test_pytest_parser.py::TestPytestResultParsing::test_parse_test_durations PASSED [ 65%]
2026-01-30T14:55:25.6022416Z tests/test_pytest_parser.py::TestPytestResultParsing::test_identify_slowest_tests PASSED [ 65%]
2026-01-30T14:55:25.6039827Z tests/test_pytest_parser.py::TestPytestCoverageIntegration::test_parse_coverage_percentage PASSED [ 66%]
2026-01-30T14:55:25.6055133Z tests/test_pytest_parser.py::TestPytestCoverageIntegration::test_parse_coverage_per_module PASSED [ 66%]
2026-01-30T14:55:25.6070929Z tests/test_pytest_parser.py::TestPytestCoverageIntegration::test_parse_missing_lines PASSED [ 66%]
2026-01-30T14:55:25.6087835Z tests/test_pytest_parser.py::TestPytestCoverageIntegration::test_identify_modules_below_threshold PASSED [ 66%]
2026-01-30T14:55:25.6103951Z tests/test_pytest_parser.py::TestPytestCoverageIntegration::test_parse_branch_coverage PASSED [ 66%]
2026-01-30T14:55:25.6118468Z tests/test_pytest_parser.py::TestPytestCommandBuilding::test_build_command_default_options PASSED [ 67%]
2026-01-30T14:55:25.6132640Z tests/test_pytest_parser.py::TestPytestCommandBuilding::test_build_command_with_coverage PASSED [ 67%]
2026-01-30T14:55:25.6147313Z tests/test_pytest_parser.py::TestPytestCommandBuilding::test_build_command_with_markers PASSED [ 67%]
2026-01-30T14:55:25.6161925Z tests/test_pytest_parser.py::TestPytestCommandBuilding::test_build_command_with_keywords PASSED [ 67%]
2026-01-30T14:55:25.6177019Z tests/test_pytest_parser.py::TestPytestCommandBuilding::test_build_command_with_parallel_workers PASSED [ 67%]
2026-01-30T14:55:25.6190858Z tests/test_pytest_parser.py::TestPytestCommandBuilding::test_build_command_with_reruns PASSED [ 68%]
2026-01-30T14:55:25.6205633Z tests/test_pytest_parser.py::TestPytestCommandBuilding::test_build_command_with_verbose PASSED [ 68%]
2026-01-30T14:55:25.6220162Z tests/test_pytest_parser.py::TestPytestCommandBuilding::test_build_command_with_multiple_files PASSED [ 68%]
2026-01-30T14:55:25.6246092Z tests/test_pytest_parser.py::TestPytestErrorHandling::test_error_when_pytest_not_installed PASSED [ 68%]
2026-01-30T14:55:25.6269512Z tests/test_pytest_parser.py::TestPytestErrorHandling::test_timeout_handling PASSED [ 68%]
2026-01-30T14:55:25.6286198Z tests/test_pytest_parser.py::TestPytestErrorHandling::test_parse_with_invalid_json PASSED [ 69%]
2026-01-30T14:55:25.6311872Z tests/test_pytest_parser.py::TestPytestErrorHandling::test_error_when_coverage_plugin_missing PASSED [ 69%]
2026-01-30T14:55:25.6348683Z tests/test_pytest_parser.py::TestPytestVersionDetection::test_version_detection PASSED [ 69%]
2026-01-30T14:55:25.6373015Z tests/test_pytest_parser.py::TestPytestVersionDetection::test_version_detection_failure PASSED [ 69%]
2026-01-30T14:55:25.6385687Z tests/test_pytest_parser.py::TestPytestIntegrationWithFixtures::test_pytest_on_passing_test_suite SKIPPED [ 69%]
2026-01-30T14:55:25.6398771Z tests/test_pytest_parser.py::TestPytestIntegrationWithFixtures::test_pytest_on_failing_test_suite SKIPPED [ 70%]
2026-01-30T14:55:25.6411386Z tests/test_pytest_parser.py::TestPytestIntegrationWithFixtures::test_coverage_measurement SKIPPED [ 70%]
2026-01-30T14:55:25.6427592Z tests/test_pytest_parser.py::TestPytestFlakyTestDetection::test_detect_flaky_test PASSED [ 70%]
2026-01-30T14:55:25.6443881Z tests/test_pytest_parser.py::TestPytestFlakyTestDetection::test_no_flaky_tests PASSED [ 70%]
2026-01-30T14:55:25.6460975Z tests/test_pytest_parser.py::TestPytestSummaryStatistics::test_extract_summary_statistics PASSED [ 70%]
2026-01-30T14:55:25.6477197Z tests/test_pytest_parser.py::TestPytestSummaryStatistics::test_calculate_pass_rate PASSED [ 70%]
2026-01-30T14:55:25.6525935Z tests/test_pytest_parser.py::TestPytestConfigurationHandling::test_detect_pytest_ini PASSED [ 71%]
2026-01-30T14:55:25.6579370Z tests/test_pytest_parser.py::TestPytestConfigurationHandling::test_detect_pyproject_toml PASSED [ 71%]
2026-01-30T14:55:25.6631896Z tests/test_pytest_parser.py::TestPytestConfigurationHandling::test_detect_setup_cfg PASSED [ 71%]
2026-01-30T14:55:25.6681146Z tests/test_pytest_parser.py::TestPytestConfigurationHandling::test_no_config_file_returns_none PASSED [ 71%]
2026-01-30T14:55:25.6696289Z tests/test_radon_parser.py::TestRadonCyclomaticComplexity::test_parse_cc_output_with_no_functions PASSED [ 71%]
2026-01-30T14:55:25.6710963Z tests/test_radon_parser.py::TestRadonCyclomaticComplexity::test_parse_cc_output_with_low_complexity_functions PASSED [ 72%]
2026-01-30T14:55:25.6726451Z tests/test_radon_parser.py::TestRadonCyclomaticComplexity::test_parse_cc_output_with_high_complexity_functions PASSED [ 72%]
2026-01-30T14:55:25.6742346Z tests/test_radon_parser.py::TestRadonCyclomaticComplexity::test_parse_cc_output_with_multiple_functions PASSED [ 72%]
2026-01-30T14:55:25.6757193Z tests/test_radon_parser.py::TestRadonCyclomaticComplexity::test_parse_cc_output_with_methods PASSED [ 72%]
2026-01-30T14:55:25.6771509Z tests/test_radon_parser.py::TestRadonCyclomaticComplexity::test_parse_cc_output_with_closures PASSED [ 72%]
2026-01-30T14:55:25.6787293Z tests/test_radon_parser.py::TestRadonCyclomaticComplexity::test_parse_cc_complexity_ranks PASSED [ 73%]
2026-01-30T14:55:25.6802160Z tests/test_radon_parser.py::TestRadonMaintainabilityIndex::test_parse_mi_output_high_maintainability PASSED [ 73%]
2026-01-30T14:55:25.6819891Z tests/test_radon_parser.py::TestRadonMaintainabilityIndex::test_parse_mi_output_low_maintainability PASSED [ 73%]
2026-01-30T14:55:25.6836826Z tests/test_radon_parser.py::TestRadonMaintainabilityIndex::test_parse_mi_output_multiple_files PASSED [ 73%]
2026-01-30T14:55:25.6852501Z tests/test_radon_parser.py::TestRadonMaintainabilityIndex::test_parse_mi_ranks PASSED [ 73%]
2026-01-30T14:55:25.6867116Z tests/test_radon_parser.py::TestRadonRawMetrics::test_parse_raw_metrics PASSED [ 74%]
2026-01-30T14:55:25.6882305Z tests/test_radon_parser.py::TestRadonRawMetrics::test_parse_raw_metrics_multiple_files PASSED [ 74%]
2026-01-30T14:55:25.6897102Z tests/test_radon_parser.py::TestRadonCommandBuilding::test_build_cc_command_default_options PASSED [ 74%]
2026-01-30T14:55:25.6911626Z tests/test_radon_parser.py::TestRadonCommandBuilding::test_build_cc_command_with_min_grade PASSED [ 74%]
2026-01-30T14:55:25.6925879Z tests/test_radon_parser.py::TestRadonCommandBuilding::test_build_cc_command_with_show_closures PASSED [ 74%]
2026-01-30T14:55:25.6940612Z tests/test_radon_parser.py::TestRadonCommandBuilding::test_build_cc_command_with_exclude_patterns PASSED [ 75%]
2026-01-30T14:55:25.6955862Z tests/test_radon_parser.py::TestRadonCommandBuilding::test_build_mi_command_default_options PASSED [ 75%]
2026-01-30T14:55:25.6977453Z tests/test_radon_parser.py::TestRadonCommandBuilding::test_build_mi_command_with_show_details PASSED [ 75%]
2026-01-30T14:55:25.6993149Z tests/test_radon_parser.py::TestRadonCommandBuilding::test_build_raw_command_default_options PASSED [ 75%]
2026-01-30T14:55:25.7010168Z tests/test_radon_parser.py::TestRadonCommandBuilding::test_build_command_with_multiple_files PASSED [ 75%]
2026-01-30T14:55:25.7036456Z tests/test_radon_parser.py::TestRadonErrorHandling::test_error_when_radon_not_installed PASSED [ 75%]
2026-01-30T14:55:25.7060657Z tests/test_radon_parser.py::TestRadonErrorHandling::test_timeout_handling PASSED [ 76%]
2026-01-30T14:55:25.7076351Z tests/test_radon_parser.py::TestRadonErrorHandling::test_invalid_json_handling PASSED [ 76%]
2026-01-30T14:55:25.7104654Z tests/test_radon_parser.py::TestRadonVersionDetection::test_version_detection PASSED [ 76%]
2026-01-30T14:55:25.7129535Z tests/test_radon_parser.py::TestRadonVersionDetection::test_version_detection_failure PASSED [ 76%]
2026-01-30T14:55:25.9797845Z tests/test_radon_parser.py::TestRadonIntegrationWithFixtures::test_radon_cc_on_simple_python_code PASSED [ 76%]
2026-01-30T14:55:26.2527044Z tests/test_radon_parser.py::TestRadonIntegrationWithFixtures::test_radon_mi_on_python_code PASSED [ 77%]
2026-01-30T14:55:26.2547562Z tests/test_radon_parser.py::TestRadonComplexityAggregation::test_calculate_average_complexity PASSED [ 77%]
2026-01-30T14:55:26.2562275Z tests/test_radon_parser.py::TestRadonComplexityAggregation::test_calculate_average_complexity_with_empty_data PASSED [ 77%]
2026-01-30T14:55:26.2577424Z tests/test_radon_parser.py::TestRadonComplexityAggregation::test_identify_high_complexity_functions PASSED [ 77%]
2026-01-30T14:55:26.2631532Z tests/test_radon_parser.py::TestRadonConfigurationHandling::test_detect_radon_config_in_pyproject_toml PASSED [ 77%]
2026-01-30T14:55:26.2684404Z tests/test_radon_parser.py::TestRadonConfigurationHandling::test_detect_radon_config_in_setup_cfg PASSED [ 78%]
2026-01-30T14:55:26.2736217Z tests/test_radon_parser.py::TestRadonConfigurationHandling::test_no_config_file_returns_none PASSED [ 78%]
2026-01-30T14:55:26.2753925Z tests/test_reporting.py::TestReportSummary::test_summary_from_passing_results PASSED [ 78%]
2026-01-30T14:55:26.2769986Z tests/test_reporting.py::TestReportSummary::test_summary_from_failing_results PASSED [ 78%]
2026-01-30T14:55:26.2783934Z tests/test_reporting.py::TestReportSummary::test_summary_with_empty_results PASSED [ 78%]
2026-01-30T14:55:26.2800515Z tests/test_reporting.py::TestReportSummary::test_summary_to_dict PASSED  [ 79%]
2026-01-30T14:55:26.2817831Z tests/test_reporting.py::TestConsoleReporter::test_generate_report_all_passing PASSED [ 79%]
2026-01-30T14:55:26.2834616Z tests/test_reporting.py::TestConsoleReporter::test_generate_report_with_failures PASSED [ 79%]
2026-01-30T14:55:26.2851666Z tests/test_reporting.py::TestConsoleReporter::test_report_includes_execution_times PASSED [ 79%]
2026-01-30T14:55:26.2868204Z tests/test_reporting.py::TestConsoleReporter::test_report_shows_overall_pass_fail PASSED [ 79%]
2026-01-30T14:55:26.2884385Z tests/test_reporting.py::TestConsoleReporter::test_report_groups_issues_by_file PASSED [ 80%]
2026-01-30T14:55:26.2900671Z tests/test_reporting.py::TestConsoleReporter::test_report_groups_issues_by_validator PASSED [ 80%]
2026-01-30T14:55:26.2917080Z tests/test_reporting.py::TestConsoleReporter::test_report_shows_summary_statistics PASSED [ 80%]
2026-01-30T14:55:26.2933081Z tests/test_reporting.py::TestConsoleReporter::test_colored_output_enabled PASSED [ 80%]
2026-01-30T14:55:26.2949909Z tests/test_reporting.py::TestConsoleReporter::test_plain_text_output PASSED [ 80%]
2026-01-30T14:55:26.2965885Z tests/test_reporting.py::TestConsoleReporter::test_verbose_mode_includes_all_details PASSED [ 80%]
2026-01-30T14:55:26.2984240Z tests/test_reporting.py::TestConsoleReporter::test_quiet_mode_shows_only_errors PASSED [ 81%]
2026-01-30T14:55:26.3000540Z tests/test_reporting.py::TestConsoleReporter::test_report_with_box_drawing_characters PASSED [ 81%]
2026-01-30T14:55:26.3019339Z tests/test_reporting.py::TestConsoleReporter::test_report_without_box_drawing PASSED [ 81%]
2026-01-30T14:55:26.3035442Z tests/test_reporting.py::TestConsoleReporter::test_empty_results_report PASSED [ 81%]
2026-01-30T14:55:26.3055061Z tests/test_reporting.py::TestJSONReporter::test_generate_json_report_all_passing PASSED [ 81%]
2026-01-30T14:55:26.3076649Z tests/test_reporting.py::TestJSONReporter::test_generate_json_report_with_failures PASSED [ 82%]
2026-01-30T14:55:26.3098423Z tests/test_reporting.py::TestJSONReporter::test_json_report_includes_all_errors PASSED [ 82%]
2026-01-30T14:55:26.3120352Z tests/test_reporting.py::TestJSONReporter::test_json_report_includes_warnings PASSED [ 82%]
2026-01-30T14:55:26.3138948Z tests/test_reporting.py::TestJSONReporter::test_json_report_includes_execution_times PASSED [ 82%]
2026-01-30T14:55:26.3157345Z tests/test_reporting.py::TestJSONReporter::test_json_report_includes_file_counts PASSED [ 82%]
2026-01-30T14:55:26.3177016Z tests/test_reporting.py::TestJSONReporter::test_json_report_structure PASSED [ 83%]
2026-01-30T14:55:26.3194851Z tests/test_reporting.py::TestJSONReporter::test_json_report_with_indent PASSED [ 83%]
2026-01-30T14:55:26.3212389Z tests/test_reporting.py::TestJSONReporter::test_json_report_without_indent PASSED [ 83%]
2026-01-30T14:55:26.3272364Z tests/test_reporting.py::TestJSONReporter::test_json_report_file_export PASSED [ 83%]
2026-01-30T14:55:26.3288363Z tests/test_reporting.py::TestJSONReporter::test_json_report_empty_results PASSED [ 83%]
2026-01-30T14:55:26.3302472Z tests/test_reporting.py::TestReportFormatting::test_format_duration_seconds PASSED [ 84%]
2026-01-30T14:55:26.3317064Z tests/test_reporting.py::TestReportFormatting::test_format_duration_milliseconds PASSED [ 84%]
2026-01-30T14:55:26.3332433Z tests/test_reporting.py::TestReportFormatting::test_format_file_path_relative PASSED [ 84%]
2026-01-30T14:55:26.3347527Z tests/test_reporting.py::TestReportFormatting::test_format_file_path_absolute PASSED [ 84%]
2026-01-30T14:55:26.3361342Z tests/test_reporting.py::TestReportFormatting::test_format_issue_location PASSED [ 84%]
2026-01-30T14:55:26.3375891Z tests/test_reporting.py::TestReportFormatting::test_format_issue_location_without_column PASSED [ 85%]
2026-01-30T14:55:26.3391825Z tests/test_reporting.py::TestColorSupport::test_detect_color_support_tty PASSED [ 85%]
2026-01-30T14:55:26.3408295Z tests/test_reporting.py::TestColorSupport::test_detect_color_support_no_tty PASSED [ 85%]
2026-01-30T14:55:26.3424109Z tests/test_reporting.py::TestColorSupport::test_detect_color_support_no_color_env PASSED [ 85%]
2026-01-30T14:55:26.3480810Z tests/test_reporting.py::TestReportExport::test_export_console_report_to_file PASSED [ 85%]
2026-01-30T14:55:26.3538956Z tests/test_reporting.py::TestReportExport::test_export_json_report_to_file PASSED [ 85%]
2026-01-30T14:55:26.3555456Z tests/test_reporting.py::TestIssueGrouping::test_group_issues_by_file PASSED [ 86%]
2026-01-30T14:55:26.3570880Z tests/test_reporting.py::TestIssueGrouping::test_group_issues_by_validator PASSED [ 86%]
2026-01-30T14:55:26.3587237Z tests/test_reporting.py::TestIssueGrouping::test_group_issues_by_severity PASSED [ 86%]
2026-01-30T14:55:26.3601381Z tests/test_validator_interface.py::TestValidationResult::test_validation_result_creation PASSED [ 86%]
2026-01-30T14:55:26.3616220Z tests/test_validator_interface.py::TestValidationResult::test_validation_result_with_errors PASSED [ 86%]
2026-01-30T14:55:26.3630867Z tests/test_validator_interface.py::TestValidationResult::test_validation_result_to_dict PASSED [ 87%]
2026-01-30T14:55:26.3646014Z tests/test_validator_interface.py::TestValidationResult::test_validation_result_from_dict PASSED [ 87%]
2026-01-30T14:55:26.3659895Z tests/test_validator_interface.py::TestValidationResult::test_validation_result_equality PASSED [ 87%]
2026-01-30T14:55:26.3673932Z tests/test_validator_interface.py::TestValidationResult::test_validation_result_with_empty_lists PASSED [ 87%]
2026-01-30T14:55:26.3688490Z tests/test_validator_interface.py::TestIssue::test_issue_creation_with_all_fields PASSED [ 87%]
2026-01-30T14:55:26.3702832Z tests/test_validator_interface.py::TestIssue::test_issue_creation_with_optional_fields PASSED [ 88%]
2026-01-30T14:55:26.3719762Z tests/test_validator_interface.py::TestIssue::test_issue_severity_validation_error PASSED [ 88%]
2026-01-30T14:55:26.3734023Z tests/test_validator_interface.py::TestIssue::test_issue_to_dict PASSED  [ 88%]
2026-01-30T14:55:26.3751942Z tests/test_validator_interface.py::TestValidator::test_validator_abstract_methods_raise_not_implemented PASSED [ 88%]
2026-01-30T14:55:26.3767200Z tests/test_validator_interface.py::TestValidator::test_validator_subclass_must_implement_methods PASSED [ 88%]
2026-01-30T14:55:26.3783302Z tests/test_validator_interface.py::TestValidator::test_validator_complete_subclass PASSED [ 89%]
2026-01-30T14:55:26.3800722Z tests/test_validator_registry.py::TestValidatorRegistration::test_register_validator_by_language PASSED [ 89%]
2026-01-30T14:55:26.3817125Z tests/test_validator_registry.py::TestValidatorRegistration::test_register_multiple_validators_same_language PASSED [ 89%]
2026-01-30T14:55:26.3833772Z tests/test_validator_registry.py::TestValidatorRegistration::test_register_validators_different_languages PASSED [ 89%]
2026-01-30T14:55:26.3851936Z tests/test_validator_registry.py::TestValidatorRegistration::test_register_duplicate_validator_raises_error PASSED [ 89%]
2026-01-30T14:55:26.3868680Z tests/test_validator_registry.py::TestValidatorRetrieval::test_get_validators_by_language PASSED [ 90%]
2026-01-30T14:55:26.3884060Z tests/test_validator_registry.py::TestValidatorRetrieval::test_get_validators_by_nonexistent_language PASSED [ 90%]
2026-01-30T14:55:26.3899888Z tests/test_validator_registry.py::TestValidatorRetrieval::test_get_validator_by_name PASSED [ 90%]
2026-01-30T14:55:26.3915362Z tests/test_validator_registry.py::TestValidatorRetrieval::test_get_nonexistent_validator_raises_error PASSED [ 90%]
2026-01-30T14:55:26.3932405Z tests/test_validator_registry.py::TestValidatorRetrieval::test_get_validator_case_sensitive PASSED [ 90%]
2026-01-30T14:55:26.3948861Z tests/test_validator_registry.py::TestValidatorAvailability::test_validator_availability_check_exists PASSED [ 90%]
2026-01-30T14:55:26.3964392Z tests/test_validator_registry.py::TestValidatorAvailability::test_validator_availability_check_not_exists PASSED [ 91%]
2026-01-30T14:55:26.3981262Z tests/test_validator_registry.py::TestValidatorListing::test_list_all_registered_validators PASSED [ 91%]
2026-01-30T14:55:26.3996350Z tests/test_validator_registry.py::TestValidatorListing::test_list_all_empty_registry PASSED [ 91%]
2026-01-30T14:55:26.4014012Z tests/test_validator_registry.py::TestValidatorListing::test_list_validators_for_specific_language PASSED [ 91%]
2026-01-30T14:55:26.4029893Z tests/test_validator_registry.py::TestValidatorOrdering::test_validator_ordering_deterministic PASSED [ 91%]
2026-01-30T14:55:26.4045775Z tests/test_validator_registry.py::TestValidatorMetadata::test_get_validator_metadata PASSED [ 92%]
2026-01-30T14:55:26.4061821Z tests/test_validator_registry.py::TestValidatorMetadata::test_get_metadata_for_nonexistent_validator PASSED [ 92%]
2026-01-30T14:55:26.4077769Z tests/test_validator_registry.py::TestValidatorMetadata::test_list_all_metadata PASSED [ 92%]
2026-01-30T14:55:26.4093177Z tests/test_validator_registry.py::TestValidatorFiltering::test_filter_validators_by_enabled_status PASSED [ 92%]
2026-01-30T14:55:26.4108714Z tests/test_validator_registry.py::TestValidatorFiltering::test_filter_by_language_and_names PASSED [ 92%]
2026-01-30T14:55:26.4123845Z tests/test_validator_registry.py::TestRegistrySingleton::test_multiple_registry_instances_independent PASSED [ 93%]
2026-01-30T14:55:26.4139084Z tests/test_validator_registry.py::TestEdgeCases::test_get_validators_with_empty_language_string PASSED [ 93%]
2026-01-30T14:55:26.4157167Z tests/test_validator_registry.py::TestEdgeCases::test_register_validator_with_empty_name_raises_error PASSED [ 93%]
2026-01-30T14:55:26.4174284Z tests/test_validator_registry.py::TestEdgeCases::test_register_validator_with_empty_language_raises_error PASSED [ 93%]
2026-01-30T14:55:26.4191287Z tests/test_validator_registry.py::TestEdgeCases::test_unregister_validator PASSED [ 93%]
2026-01-30T14:55:26.4207037Z tests/test_validator_registry.py::TestEdgeCases::test_unregister_nonexistent_validator_raises_error PASSED [ 94%]
2026-01-30T14:55:26.4224751Z tests/test_validator_registry.py::TestEdgeCases::test_clear_registry PASSED [ 94%]
2026-01-30T14:55:26.4239714Z tests/test_vulture_parser.py::TestVultureUnusedCodeDetection::test_parse_output_with_no_unused_code PASSED [ 94%]
2026-01-30T14:55:26.4259219Z tests/test_vulture_parser.py::TestVultureUnusedCodeDetection::test_parse_unused_function_detection PASSED [ 94%]
2026-01-30T14:55:26.4273948Z tests/test_vulture_parser.py::TestVultureUnusedCodeDetection::test_parse_unused_method_detection PASSED [ 94%]
2026-01-30T14:55:26.4289127Z tests/test_vulture_parser.py::TestVultureUnusedCodeDetection::test_parse_unused_class_detection PASSED [ 95%]
2026-01-30T14:55:26.4304065Z tests/test_vulture_parser.py::TestVultureUnusedCodeDetection::test_parse_unused_variable_detection PASSED [ 95%]
2026-01-30T14:55:26.4318558Z tests/test_vulture_parser.py::TestVultureUnusedCodeDetection::test_parse_unused_import_detection PASSED [ 95%]
2026-01-30T14:55:26.4333614Z tests/test_vulture_parser.py::TestVultureUnusedCodeDetection::test_parse_unused_property_detection PASSED [ 95%]
2026-01-30T14:55:26.4348822Z tests/test_vulture_parser.py::TestVultureUnusedCodeDetection::test_parse_multiple_unused_items PASSED [ 95%]
2026-01-30T14:55:26.4364049Z tests/test_vulture_parser.py::TestVultureUnusedCodeDetection::test_filter_by_minimum_confidence_threshold PASSED [ 95%]
2026-01-30T14:55:26.4378568Z tests/test_vulture_parser.py::TestVultureCommandBuilding::test_build_command_default_options PASSED [ 96%]
2026-01-30T14:55:26.4393324Z tests/test_vulture_parser.py::TestVultureCommandBuilding::test_build_command_with_min_confidence PASSED [ 96%]
2026-01-30T14:55:26.4407938Z tests/test_vulture_parser.py::TestVultureCommandBuilding::test_build_command_with_exclude_patterns PASSED [ 96%]
2026-01-30T14:55:26.4422463Z tests/test_vulture_parser.py::TestVultureCommandBuilding::test_build_command_with_ignore_decorators PASSED [ 96%]
2026-01-30T14:55:26.4438060Z tests/test_vulture_parser.py::TestVultureCommandBuilding::test_build_command_with_ignore_names PASSED [ 96%]
2026-01-30T14:55:26.4452488Z tests/test_vulture_parser.py::TestVultureCommandBuilding::test_build_command_with_make_whitelist PASSED [ 97%]
2026-01-30T14:55:26.4467398Z tests/test_vulture_parser.py::TestVultureCommandBuilding::test_build_command_with_sort_by_size PASSED [ 97%]
2026-01-30T14:55:26.4493896Z tests/test_vulture_parser.py::TestVultureErrorHandling::test_error_when_vulture_not_installed PASSED [ 97%]
2026-01-30T14:55:26.4517062Z tests/test_vulture_parser.py::TestVultureErrorHandling::test_timeout_handling PASSED [ 97%]
2026-01-30T14:55:26.4531418Z tests/test_vulture_parser.py::TestVultureErrorHandling::test_parse_with_empty_output PASSED [ 97%]
2026-01-30T14:55:26.4561165Z tests/test_vulture_parser.py::TestVultureVersionDetection::test_version_detection PASSED [ 98%]
2026-01-30T14:55:26.4583826Z tests/test_vulture_parser.py::TestVultureVersionDetection::test_version_detection_failure PASSED [ 98%]
2026-01-30T14:55:26.4598289Z tests/test_vulture_parser.py::TestVultureIntegrationWithFixtures::test_vulture_on_code_with_unused_items SKIPPED [ 98%]
2026-01-30T14:55:26.4610905Z tests/test_vulture_parser.py::TestVultureIntegrationWithFixtures::test_vulture_on_clean_code SKIPPED [ 98%]
2026-01-30T14:55:26.4627681Z tests/test_vulture_parser.py::TestVultureStatistics::test_group_unused_items_by_type PASSED [ 98%]
2026-01-30T14:55:26.4642314Z tests/test_vulture_parser.py::TestVultureStatistics::test_calculate_total_unused_count PASSED [ 99%]
2026-01-30T14:55:26.4659479Z tests/test_vulture_parser.py::TestVultureStatistics::test_extract_confidence_scores PASSED [ 99%]
2026-01-30T14:55:26.4673591Z tests/test_vulture_parser.py::TestVultureStatistics::test_calculate_average_confidence PASSED [ 99%]
2026-01-30T14:55:26.4729485Z tests/test_vulture_parser.py::TestVultureConfigurationHandling::test_detect_vulture_config_in_pyproject_toml PASSED [ 99%]
2026-01-30T14:55:26.4787616Z tests/test_vulture_parser.py::TestVultureConfigurationHandling::test_detect_vulture_config_in_setup_cfg PASSED [ 99%]
2026-01-30T14:55:27.7357059Z tests/test_vulture_parser.py::TestVultureConfigurationHandling::test_no_config_file_returns_none PASSED [100%]
2026-01-30T14:55:27.7357937Z 
2026-01-30T14:55:27.7358283Z ---------- coverage: platform win32, python 3.8.10-final-0 -----------
2026-01-30T14:55:27.7358959Z Name                                  Stmts   Miss  Cover   Missing
2026-01-30T14:55:27.7359536Z -------------------------------------------------------------------
2026-01-30T14:55:27.7360137Z anvil\__init__.py                         2      0   100%
2026-01-30T14:55:27.7360702Z anvil\config\__init__.py                  2      0   100%
2026-01-30T14:55:27.7361375Z anvil\config\configuration.py            91      3    97%   265, 280, 302
2026-01-30T14:55:27.7362069Z anvil\core\__init__.py                    5      0   100%
2026-01-30T14:55:27.7362798Z anvil\core\file_collector.py            106      9    92%   92, 157, 211-213, 300-303, 319
2026-01-30T14:55:27.7363679Z anvil\core\language_detector.py          72     13    82%   169-170, 187, 209-224
2026-01-30T14:55:27.7364918Z anvil\core\orchestrator.py               90      8    91%   99, 125, 245-251
2026-01-30T14:55:27.7365655Z anvil\core\validator_registry.py         62      0   100%
2026-01-30T14:55:27.7366255Z anvil\models\__init__.py                  2      0   100%
2026-01-30T14:55:27.7366904Z anvil\models\validator.py                34      0   100%
2026-01-30T14:55:27.7367504Z anvil\parsers\__init__.py                11      0   100%
2026-01-30T14:55:27.7368240Z anvil\parsers\autoflake_parser.py       105      8    92%   95, 162, 214, 264, 276, 279, 287-288
2026-01-30T14:55:27.7369221Z anvil\parsers\black_parser.py           117     17    85%   97-106, 131, 146, 188-192, 258-260, 315, 324-329
2026-01-30T14:55:27.7370903Z anvil\parsers\clang_tidy_parser.py      190     34    82%   50, 113-116, 136-138, 158-175, 195, 214, 225-226, 302, 323, 387, 420, 430-431, 453, 464-465, 488, 494-495, 525
2026-01-30T14:55:27.7372214Z anvil\parsers\cppcheck_parser.py        165     15    91%   128, 156-158, 191, 200, 258, 279, 343, 392-393, 416, 431-432, 471-472
2026-01-30T14:55:27.7373175Z anvil\parsers\flake8_parser.py          122     11    91%   32, 50, 134, 141, 165-169, 194, 303-305, 358
2026-01-30T14:55:27.7374001Z anvil\parsers\isort_parser.py            96      9    91%   199-203, 271, 275-276, 280, 284
2026-01-30T14:55:27.7374916Z anvil\parsers\pylint_parser.py           93      1    99%   211
2026-01-30T14:55:27.7375808Z anvil\parsers\pytest_parser.py          206     26    87%   90-94, 128, 184-186, 207-208, 229-231, 263-265, 289, 365-386, 442-443, 470-471, 490
2026-01-30T14:55:27.7376908Z anvil\parsers\radon_parser.py           182     26    86%   57, 87-97, 337-340, 361-375, 419-420, 444, 497, 505-506, 531, 541-544
2026-01-30T14:55:27.7377814Z anvil\parsers\vulture_parser.py         118      8    93%   44, 102, 169, 186-187, 211, 262, 333
2026-01-30T14:55:27.7378467Z anvil\reporting\__init__.py               4      0   100%
2026-01-30T14:55:27.7379084Z anvil\reporting\console_reporter.py     134      9    93%   96, 142, 177, 201-206, 252
2026-01-30T14:55:27.7379830Z anvil\reporting\formatters.py            21      3    86%   41, 51-53
2026-01-30T14:55:27.7380412Z anvil\reporting\grouping.py              21      0   100%
2026-01-30T14:55:27.7380940Z anvil\reporting\json_reporter.py         19      1    95%   42
2026-01-30T14:55:27.7381504Z anvil\reporting\reporter.py              31      0   100%
2026-01-30T14:55:27.7381996Z -------------------------------------------------------------------
2026-01-30T14:55:27.7382489Z TOTAL                                  2101    201    90%
2026-01-30T14:55:27.7382920Z Coverage HTML written to dir htmlcov
2026-01-30T14:55:27.7383305Z Coverage XML written to file coverage.xml
2026-01-30T14:55:27.7383571Z 
2026-01-30T14:55:27.7383793Z Required test coverage of 90% reached. Total coverage: 90.43%
2026-01-30T14:55:27.7384161Z 
2026-01-30T14:55:27.7384364Z ====================== 509 passed, 11 skipped in 35.88s =======================
2026-01-30T14:55:27.9418913Z Post job cleanup.
2026-01-30T14:55:28.1795192Z Post job cleanup.
2026-01-30T14:55:28.4301867Z [command]"C:\Program Files\Git\bin\git.exe" version
2026-01-30T14:55:28.4607889Z git version 2.52.0.windows.1
2026-01-30T14:55:28.4687339Z Temporarily overriding HOME='D:\a\_temp\32b5bbbe-9e68-4d22-819e-6bd6980ebe52' before making global git config changes
2026-01-30T14:55:28.4688520Z Adding repository directory to the temporary git global config as a safe directory
2026-01-30T14:55:28.4704854Z [command]"C:\Program Files\Git\bin\git.exe" config --global --add safe.directory D:\a\argos\argos
2026-01-30T14:55:28.5037744Z [command]"C:\Program Files\Git\bin\git.exe" config --local --name-only --get-regexp core\.sshCommand
2026-01-30T14:55:28.5343773Z [command]"C:\Program Files\Git\bin\git.exe" submodule foreach --recursive "sh -c \"git config --local --name-only --get-regexp 'core\.sshCommand' && git config --local --unset-all 'core.sshCommand' || :\""
2026-01-30T14:55:29.7886883Z [command]"C:\Program Files\Git\bin\git.exe" config --local --name-only --get-regexp http\.https\:\/\/github\.com\/\.extraheader
2026-01-30T14:55:29.8163009Z http.https://github.com/.extraheader
2026-01-30T14:55:29.8213451Z [command]"C:\Program Files\Git\bin\git.exe" config --local --unset-all http.https://github.com/.extraheader
2026-01-30T14:55:29.8542099Z [command]"C:\Program Files\Git\bin\git.exe" submodule foreach --recursive "sh -c \"git config --local --name-only --get-regexp 'http\.https\:\/\/github\.com\/\.extraheader' && git config --local --unset-all 'http.https://github.com/.extraheader' || :\""
2026-01-30T14:55:30.4287886Z [command]"C:\Program Files\Git\bin\git.exe" config --local --name-only --get-regexp ^includeIf\.gitdir:
2026-01-30T14:55:30.4625195Z [command]"C:\Program Files\Git\bin\git.exe" submodule foreach --recursive "git config --local --show-origin --name-only --get-regexp remote.origin.url"
2026-01-30T14:55:31.0227329Z Cleaning up orphan processes
