2026-01-30T14:50:15.3484381Z Current runner version: '2.331.0'
2026-01-30T14:50:15.3520002Z ##[group]Runner Image Provisioner
2026-01-30T14:50:15.3521247Z Hosted Compute Agent
2026-01-30T14:50:15.3522037Z Version: 20260123.484
2026-01-30T14:50:15.3522962Z Commit: 6bd6555ca37d84114959e1c76d2c01448ff61c5d
2026-01-30T14:50:15.3524035Z Build Date: 2026-01-23T19:41:17Z
2026-01-30T14:50:15.3525086Z Worker ID: {2ba4b647-f70c-4831-888c-9cafb9cbf2b8}
2026-01-30T14:50:15.3526222Z Azure Region: eastus2
2026-01-30T14:50:15.3527115Z ##[endgroup]
2026-01-30T14:50:15.3529698Z ##[group]Operating System
2026-01-30T14:50:15.3530614Z Microsoft Windows Server 2025
2026-01-30T14:50:15.3531613Z 10.0.26100
2026-01-30T14:50:15.3532294Z Datacenter
2026-01-30T14:50:15.3533011Z ##[endgroup]
2026-01-30T14:50:15.3533736Z ##[group]Runner Image
2026-01-30T14:50:15.3534620Z Image: windows-2025
2026-01-30T14:50:15.3535369Z Version: 20260127.11.2
2026-01-30T14:50:15.3537902Z Included Software: https://github.com/actions/runner-images/blob/win25/20260127.11/images/windows/Windows2025-Readme.md
2026-01-30T14:50:15.3540470Z Image Release: https://github.com/actions/runner-images/releases/tag/win25%2F20260127.11
2026-01-30T14:50:15.3542011Z ##[endgroup]
2026-01-30T14:50:15.3543698Z ##[group]GITHUB_TOKEN Permissions
2026-01-30T14:50:15.3546424Z Contents: read
2026-01-30T14:50:15.3547167Z Metadata: read
2026-01-30T14:50:15.3547973Z Packages: read
2026-01-30T14:50:15.3549071Z ##[endgroup]
2026-01-30T14:50:15.3552074Z Secret source: Actions
2026-01-30T14:50:15.3553039Z Prepare workflow directory
2026-01-30T14:50:15.3918377Z Prepare all required actions
2026-01-30T14:50:15.3956714Z Getting action download info
2026-01-30T14:50:15.6575148Z Download action repository 'actions/checkout@v4' (SHA:34e114876b0b11c390a56381ad16ebd13914f8d5)
2026-01-30T14:50:15.7808109Z Download action repository 'actions/setup-python@v5' (SHA:a26af69be951a213d495a4c3e4e4022e16d87065)
2026-01-30T14:50:15.9233089Z Download action repository 'codecov/codecov-action@v4' (SHA:b9fd7d16f6d7d1b5d2bec1a2887e65ceed900238)
2026-01-30T14:50:16.3278088Z Complete job name: test (windows-latest, 3.10)
2026-01-30T14:50:16.4578693Z ##[group]Run actions/checkout@v4
2026-01-30T14:50:16.4579614Z with:
2026-01-30T14:50:16.4579975Z   repository: lmvcruz/argos
2026-01-30T14:50:16.4580533Z   token: ***
2026-01-30T14:50:16.4580886Z   ssh-strict: true
2026-01-30T14:50:16.4581245Z   ssh-user: git
2026-01-30T14:50:16.4581621Z   persist-credentials: true
2026-01-30T14:50:16.4582041Z   clean: true
2026-01-30T14:50:16.4582399Z   sparse-checkout-cone-mode: true
2026-01-30T14:50:16.4582840Z   fetch-depth: 1
2026-01-30T14:50:16.4583178Z   fetch-tags: false
2026-01-30T14:50:16.4583538Z   show-progress: true
2026-01-30T14:50:16.4583894Z   lfs: false
2026-01-30T14:50:16.4584223Z   submodules: false
2026-01-30T14:50:16.4584582Z   set-safe-directory: true
2026-01-30T14:50:16.4585167Z ##[endgroup]
2026-01-30T14:50:16.6220323Z Syncing repository: lmvcruz/argos
2026-01-30T14:50:16.6222314Z ##[group]Getting Git version info
2026-01-30T14:50:16.6223297Z Working directory is 'D:\a\argos\argos'
2026-01-30T14:50:16.7250075Z [command]"C:\Program Files\Git\bin\git.exe" version
2026-01-30T14:50:17.0740982Z git version 2.52.0.windows.1
2026-01-30T14:50:17.0798036Z ##[endgroup]
2026-01-30T14:50:17.0819071Z Temporarily overriding HOME='D:\a\_temp\a754d24a-e44c-4d07-b459-a9e546ff3830' before making global git config changes
2026-01-30T14:50:17.0821143Z Adding repository directory to the temporary git global config as a safe directory
2026-01-30T14:50:17.0830338Z [command]"C:\Program Files\Git\bin\git.exe" config --global --add safe.directory D:\a\argos\argos
2026-01-30T14:50:17.1551497Z Deleting the contents of 'D:\a\argos\argos'
2026-01-30T14:50:17.1558256Z ##[group]Initializing the repository
2026-01-30T14:50:17.1567561Z [command]"C:\Program Files\Git\bin\git.exe" init D:\a\argos\argos
2026-01-30T14:50:17.2411473Z Initialized empty Git repository in D:/a/argos/argos/.git/
2026-01-30T14:50:17.2455862Z [command]"C:\Program Files\Git\bin\git.exe" remote add origin https://github.com/lmvcruz/argos
2026-01-30T14:50:17.2942979Z ##[endgroup]
2026-01-30T14:50:17.2944472Z ##[group]Disabling automatic garbage collection
2026-01-30T14:50:17.2951974Z [command]"C:\Program Files\Git\bin\git.exe" config --local gc.auto 0
2026-01-30T14:50:17.3289149Z ##[endgroup]
2026-01-30T14:50:17.3290516Z ##[group]Setting up auth
2026-01-30T14:50:17.3305062Z [command]"C:\Program Files\Git\bin\git.exe" config --local --name-only --get-regexp core\.sshCommand
2026-01-30T14:50:17.3637548Z [command]"C:\Program Files\Git\bin\git.exe" submodule foreach --recursive "sh -c \"git config --local --name-only --get-regexp 'core\.sshCommand' && git config --local --unset-all 'core.sshCommand' || :\""
2026-01-30T14:50:18.7983599Z [command]"C:\Program Files\Git\bin\git.exe" config --local --name-only --get-regexp http\.https\:\/\/github\.com\/\.extraheader
2026-01-30T14:50:18.8273184Z [command]"C:\Program Files\Git\bin\git.exe" submodule foreach --recursive "sh -c \"git config --local --name-only --get-regexp 'http\.https\:\/\/github\.com\/\.extraheader' && git config --local --unset-all 'http.https://github.com/.extraheader' || :\""
2026-01-30T14:50:19.3930917Z [command]"C:\Program Files\Git\bin\git.exe" config --local --name-only --get-regexp ^includeIf\.gitdir:
2026-01-30T14:50:19.4227050Z [command]"C:\Program Files\Git\bin\git.exe" submodule foreach --recursive "git config --local --show-origin --name-only --get-regexp remote.origin.url"
2026-01-30T14:50:19.9352857Z [command]"C:\Program Files\Git\bin\git.exe" config --local http.https://github.com/.extraheader "AUTHORIZATION: basic ***"
2026-01-30T14:50:19.9665308Z ##[endgroup]
2026-01-30T14:50:19.9666026Z ##[group]Fetching the repository
2026-01-30T14:50:19.9679510Z [command]"C:\Program Files\Git\bin\git.exe" -c protocol.version=2 fetch --no-tags --prune --no-recurse-submodules --depth=1 origin +1aeb0fe9fe004c4fbd357a3622da2c38e20877ea:refs/remotes/origin/main
2026-01-30T14:50:20.9360531Z From https://github.com/lmvcruz/argos
2026-01-30T14:50:20.9364175Z  * [new ref]         1aeb0fe9fe004c4fbd357a3622da2c38e20877ea -> origin/main
2026-01-30T14:50:20.9627781Z ##[endgroup]
2026-01-30T14:50:20.9628169Z ##[group]Determining the checkout info
2026-01-30T14:50:20.9630792Z ##[endgroup]
2026-01-30T14:50:20.9640661Z [command]"C:\Program Files\Git\bin\git.exe" sparse-checkout disable
2026-01-30T14:50:21.0082631Z [command]"C:\Program Files\Git\bin\git.exe" config --local --unset-all extensions.worktreeConfig
2026-01-30T14:50:21.0390487Z ##[group]Checking out the ref
2026-01-30T14:50:21.0391102Z [command]"C:\Program Files\Git\bin\git.exe" checkout --progress --force -B main refs/remotes/origin/main
2026-01-30T14:50:21.1468808Z branch 'main' set up to track 'origin/main'.
2026-01-30T14:50:21.1475491Z Switched to a new branch 'main'
2026-01-30T14:50:21.1516727Z ##[endgroup]
2026-01-30T14:50:21.1910215Z [command]"C:\Program Files\Git\bin\git.exe" log -1 --format=%H
2026-01-30T14:50:21.2176334Z 1aeb0fe9fe004c4fbd357a3622da2c38e20877ea
2026-01-30T14:50:21.2601762Z ##[group]Run actions/setup-python@v5
2026-01-30T14:50:21.2602191Z with:
2026-01-30T14:50:21.2602427Z   python-version: 3.10
2026-01-30T14:50:21.2602673Z   check-latest: false
2026-01-30T14:50:21.2603052Z   token: ***
2026-01-30T14:50:21.2603263Z   update-environment: true
2026-01-30T14:50:21.2603529Z   allow-prereleases: false
2026-01-30T14:50:21.2603828Z   freethreaded: false
2026-01-30T14:50:21.2604039Z ##[endgroup]
2026-01-30T14:50:21.4816753Z ##[group]Installed versions
2026-01-30T14:50:21.5024698Z Successfully set up CPython (3.10.11)
2026-01-30T14:50:21.5025750Z ##[endgroup]
2026-01-30T14:50:21.5276862Z ##[group]Run python -m pip install --upgrade pip
2026-01-30T14:50:21.5277345Z [36;1mpython -m pip install --upgrade pip[0m
2026-01-30T14:50:21.5277642Z [36;1mpip install -r requirements.txt[0m
2026-01-30T14:50:21.6012017Z shell: C:\Program Files\PowerShell\7\pwsh.EXE -command ". '{0}'"
2026-01-30T14:50:21.6013420Z env:
2026-01-30T14:50:21.6013722Z   pythonLocation: C:\hostedtoolcache\windows\Python\3.10.11\x64
2026-01-30T14:50:21.6014274Z   PKG_CONFIG_PATH: C:\hostedtoolcache\windows\Python\3.10.11\x64/lib/pkgconfig
2026-01-30T14:50:21.6014820Z   Python_ROOT_DIR: C:\hostedtoolcache\windows\Python\3.10.11\x64
2026-01-30T14:50:21.6015303Z   Python2_ROOT_DIR: C:\hostedtoolcache\windows\Python\3.10.11\x64
2026-01-30T14:50:21.6015790Z   Python3_ROOT_DIR: C:\hostedtoolcache\windows\Python\3.10.11\x64
2026-01-30T14:50:21.6016152Z ##[endgroup]
2026-01-30T14:50:30.2244419Z Requirement already satisfied: pip in c:\hostedtoolcache\windows\python\3.10.11\x64\lib\site-packages (25.3)
2026-01-30T14:50:31.6200852Z Collecting toml>=0.10.2 (from -r requirements.txt (line 2))
2026-01-30T14:50:31.6770832Z   Downloading toml-0.10.2-py2.py3-none-any.whl.metadata (7.1 kB)
2026-01-30T14:50:31.7591510Z Collecting pyyaml>=6.0 (from -r requirements.txt (line 3))
2026-01-30T14:50:31.7695575Z   Downloading pyyaml-6.0.3-cp310-cp310-win_amd64.whl.metadata (2.4 kB)
2026-01-30T14:50:31.8452109Z Collecting pytest>=7.0.0 (from -r requirements.txt (line 6))
2026-01-30T14:50:31.8545242Z   Downloading pytest-9.0.2-py3-none-any.whl.metadata (7.6 kB)
2026-01-30T14:50:31.9096262Z Collecting pytest-cov>=3.0.0 (from -r requirements.txt (line 7))
2026-01-30T14:50:31.9180654Z   Downloading pytest_cov-7.0.0-py3-none-any.whl.metadata (31 kB)
2026-01-30T14:50:31.9736131Z Collecting pytest-mock>=3.10.0 (from -r requirements.txt (line 8))
2026-01-30T14:50:31.9834575Z   Downloading pytest_mock-3.15.1-py3-none-any.whl.metadata (3.9 kB)
2026-01-30T14:50:32.0791193Z Collecting black>=22.0.0 (from -r requirements.txt (line 9))
2026-01-30T14:50:32.0895926Z   Downloading black-26.1.0-cp310-cp310-win_amd64.whl.metadata (88 kB)
2026-01-30T14:50:32.1487249Z Collecting flake8>=5.0.0 (from -r requirements.txt (line 10))
2026-01-30T14:50:32.1569814Z   Downloading flake8-7.3.0-py2.py3-none-any.whl.metadata (3.8 kB)
2026-01-30T14:50:32.2155817Z Collecting isort>=5.10.0 (from -r requirements.txt (line 11))
2026-01-30T14:50:32.2241289Z   Downloading isort-7.0.0-py3-none-any.whl.metadata (11 kB)
2026-01-30T14:50:32.2923395Z Collecting pylint>=2.15.0 (from -r requirements.txt (line 12))
2026-01-30T14:50:32.3013112Z   Downloading pylint-4.0.4-py3-none-any.whl.metadata (12 kB)
2026-01-30T14:50:32.3516427Z Collecting radon>=5.1.0 (from -r requirements.txt (line 13))
2026-01-30T14:50:32.3600565Z   Downloading radon-6.0.1-py2.py3-none-any.whl.metadata (8.2 kB)
2026-01-30T14:50:32.4005303Z Collecting vulture>=2.7 (from -r requirements.txt (line 14))
2026-01-30T14:50:32.4092937Z   Downloading vulture-2.14-py2.py3-none-any.whl.metadata (24 kB)
2026-01-30T14:50:32.4498409Z Collecting autoflake>=2.0.0 (from -r requirements.txt (line 15))
2026-01-30T14:50:32.4582339Z   Downloading autoflake-2.3.1-py3-none-any.whl.metadata (7.6 kB)
2026-01-30T14:50:32.5056361Z Collecting colorama>=0.4 (from pytest>=7.0.0->-r requirements.txt (line 6))
2026-01-30T14:50:32.5151466Z   Downloading colorama-0.4.6-py2.py3-none-any.whl.metadata (17 kB)
2026-01-30T14:50:32.5612058Z Collecting exceptiongroup>=1 (from pytest>=7.0.0->-r requirements.txt (line 6))
2026-01-30T14:50:32.5698204Z   Downloading exceptiongroup-1.3.1-py3-none-any.whl.metadata (6.7 kB)
2026-01-30T14:50:32.6069733Z Collecting iniconfig>=1.0.1 (from pytest>=7.0.0->-r requirements.txt (line 6))
2026-01-30T14:50:32.6173928Z   Downloading iniconfig-2.3.0-py3-none-any.whl.metadata (2.5 kB)
2026-01-30T14:50:32.6616416Z Collecting packaging>=22 (from pytest>=7.0.0->-r requirements.txt (line 6))
2026-01-30T14:50:32.6705914Z   Downloading packaging-26.0-py3-none-any.whl.metadata (3.3 kB)
2026-01-30T14:50:32.7107582Z Collecting pluggy<2,>=1.5 (from pytest>=7.0.0->-r requirements.txt (line 6))
2026-01-30T14:50:32.7191477Z   Downloading pluggy-1.6.0-py3-none-any.whl.metadata (4.8 kB)
2026-01-30T14:50:32.7674213Z Collecting pygments>=2.7.2 (from pytest>=7.0.0->-r requirements.txt (line 6))
2026-01-30T14:50:32.7792698Z   Downloading pygments-2.19.2-py3-none-any.whl.metadata (2.5 kB)
2026-01-30T14:50:32.8297463Z Collecting tomli>=1 (from pytest>=7.0.0->-r requirements.txt (line 6))
2026-01-30T14:50:32.8393260Z   Downloading tomli-2.4.0-py3-none-any.whl.metadata (10 kB)
2026-01-30T14:50:33.3479520Z Collecting coverage>=7.10.6 (from coverage[toml]>=7.10.6->pytest-cov>=3.0.0->-r requirements.txt (line 7))
2026-01-30T14:50:33.3579752Z   Downloading coverage-7.13.2-cp310-cp310-win_amd64.whl.metadata (8.7 kB)
2026-01-30T14:50:33.4212579Z Collecting click>=8.0.0 (from black>=22.0.0->-r requirements.txt (line 9))
2026-01-30T14:50:33.4303716Z   Downloading click-8.3.1-py3-none-any.whl.metadata (2.6 kB)
2026-01-30T14:50:33.4867890Z Collecting mypy-extensions>=0.4.3 (from black>=22.0.0->-r requirements.txt (line 9))
2026-01-30T14:50:33.4981486Z   Downloading mypy_extensions-1.1.0-py3-none-any.whl.metadata (1.1 kB)
2026-01-30T14:50:33.5417246Z Collecting pathspec>=1.0.0 (from black>=22.0.0->-r requirements.txt (line 9))
2026-01-30T14:50:33.5507025Z   Downloading pathspec-1.0.4-py3-none-any.whl.metadata (13 kB)
2026-01-30T14:50:33.5989353Z Collecting platformdirs>=2 (from black>=22.0.0->-r requirements.txt (line 9))
2026-01-30T14:50:33.6084683Z   Downloading platformdirs-4.5.1-py3-none-any.whl.metadata (12 kB)
2026-01-30T14:50:33.6623758Z Collecting pytokens>=0.3.0 (from black>=22.0.0->-r requirements.txt (line 9))
2026-01-30T14:50:33.6723444Z   Downloading pytokens-0.4.1-cp310-cp310-win_amd64.whl.metadata (3.9 kB)
2026-01-30T14:50:33.7222322Z Collecting typing-extensions>=4.0.1 (from black>=22.0.0->-r requirements.txt (line 9))
2026-01-30T14:50:33.7316125Z   Downloading typing_extensions-4.15.0-py3-none-any.whl.metadata (3.3 kB)
2026-01-30T14:50:33.8065726Z Collecting mccabe<0.8.0,>=0.7.0 (from flake8>=5.0.0->-r requirements.txt (line 10))
2026-01-30T14:50:33.8156178Z   Downloading mccabe-0.7.0-py2.py3-none-any.whl.metadata (5.0 kB)
2026-01-30T14:50:33.8612855Z Collecting pycodestyle<2.15.0,>=2.14.0 (from flake8>=5.0.0->-r requirements.txt (line 10))
2026-01-30T14:50:33.8698376Z   Downloading pycodestyle-2.14.0-py2.py3-none-any.whl.metadata (4.5 kB)
2026-01-30T14:50:33.9111111Z Collecting pyflakes<3.5.0,>=3.4.0 (from flake8>=5.0.0->-r requirements.txt (line 10))
2026-01-30T14:50:33.9195769Z   Downloading pyflakes-3.4.0-py2.py3-none-any.whl.metadata (3.5 kB)
2026-01-30T14:50:33.9961684Z Collecting astroid<=4.1.dev0,>=4.0.2 (from pylint>=2.15.0->-r requirements.txt (line 12))
2026-01-30T14:50:34.0052111Z   Downloading astroid-4.0.3-py3-none-any.whl.metadata (4.4 kB)
2026-01-30T14:50:34.0495488Z Collecting dill>=0.2 (from pylint>=2.15.0->-r requirements.txt (line 12))
2026-01-30T14:50:34.0583188Z   Downloading dill-0.4.1-py3-none-any.whl.metadata (10 kB)
2026-01-30T14:50:34.1354870Z Collecting tomlkit>=0.10.1 (from pylint>=2.15.0->-r requirements.txt (line 12))
2026-01-30T14:50:34.1468364Z   Downloading tomlkit-0.14.0-py3-none-any.whl.metadata (2.8 kB)
2026-01-30T14:50:34.1904465Z Collecting mando<0.8,>=0.6 (from radon>=5.1.0->-r requirements.txt (line 13))
2026-01-30T14:50:34.1998425Z   Downloading mando-0.7.1-py2.py3-none-any.whl.metadata (7.4 kB)
2026-01-30T14:50:34.2434411Z Collecting six (from mando<0.8,>=0.6->radon>=5.1.0->-r requirements.txt (line 13))
2026-01-30T14:50:34.2530868Z   Downloading six-1.17.0-py2.py3-none-any.whl.metadata (1.7 kB)
2026-01-30T14:50:34.3175841Z Downloading toml-0.10.2-py2.py3-none-any.whl (16 kB)
2026-01-30T14:50:34.3411271Z Downloading pyyaml-6.0.3-cp310-cp310-win_amd64.whl (158 kB)
2026-01-30T14:50:34.3749636Z Downloading pytest-9.0.2-py3-none-any.whl (374 kB)
2026-01-30T14:50:34.4025813Z Downloading pluggy-1.6.0-py3-none-any.whl (20 kB)
2026-01-30T14:50:34.4255560Z Downloading pytest_cov-7.0.0-py3-none-any.whl (22 kB)
2026-01-30T14:50:34.4468148Z Downloading pytest_mock-3.15.1-py3-none-any.whl (10 kB)
2026-01-30T14:50:34.4675504Z Downloading black-26.1.0-cp310-cp310-win_amd64.whl (1.4 MB)
2026-01-30T14:50:34.5084700Z    ---------------------------------------- 1.4/1.4 MB 36.7 MB/s  0:00:00
2026-01-30T14:50:34.5167115Z Downloading flake8-7.3.0-py2.py3-none-any.whl (57 kB)
2026-01-30T14:50:34.5379337Z Downloading mccabe-0.7.0-py2.py3-none-any.whl (7.3 kB)
2026-01-30T14:50:34.5590456Z Downloading pycodestyle-2.14.0-py2.py3-none-any.whl (31 kB)
2026-01-30T14:50:34.5797465Z Downloading pyflakes-3.4.0-py2.py3-none-any.whl (63 kB)
2026-01-30T14:50:34.6039581Z Downloading isort-7.0.0-py3-none-any.whl (94 kB)
2026-01-30T14:50:34.6265426Z Downloading pylint-4.0.4-py3-none-any.whl (536 kB)
2026-01-30T14:50:34.6519834Z    ---------------------------------------- 536.4/536.4 kB 18.3 MB/s  0:00:00
2026-01-30T14:50:34.6599894Z Downloading astroid-4.0.3-py3-none-any.whl (276 kB)
2026-01-30T14:50:34.6836676Z Downloading radon-6.0.1-py2.py3-none-any.whl (52 kB)
2026-01-30T14:50:34.7060054Z Downloading mando-0.7.1-py2.py3-none-any.whl (28 kB)
2026-01-30T14:50:34.7291310Z Downloading vulture-2.14-py2.py3-none-any.whl (28 kB)
2026-01-30T14:50:34.7507212Z Downloading autoflake-2.3.1-py3-none-any.whl (32 kB)
2026-01-30T14:50:34.7694740Z Downloading click-8.3.1-py3-none-any.whl (108 kB)
2026-01-30T14:50:34.7922187Z Downloading colorama-0.4.6-py2.py3-none-any.whl (25 kB)
2026-01-30T14:50:34.8145764Z Downloading coverage-7.13.2-cp310-cp310-win_amd64.whl (222 kB)
2026-01-30T14:50:34.8420251Z Downloading dill-0.4.1-py3-none-any.whl (120 kB)
2026-01-30T14:50:34.8665202Z Downloading exceptiongroup-1.3.1-py3-none-any.whl (16 kB)
2026-01-30T14:50:34.8901756Z Downloading iniconfig-2.3.0-py3-none-any.whl (7.5 kB)
2026-01-30T14:50:34.9094673Z Downloading mypy_extensions-1.1.0-py3-none-any.whl (5.0 kB)
2026-01-30T14:50:34.9307282Z Downloading packaging-26.0-py3-none-any.whl (74 kB)
2026-01-30T14:50:34.9530933Z Downloading pathspec-1.0.4-py3-none-any.whl (55 kB)
2026-01-30T14:50:34.9744947Z Downloading platformdirs-4.5.1-py3-none-any.whl (18 kB)
2026-01-30T14:50:34.9991961Z Downloading pygments-2.19.2-py3-none-any.whl (1.2 MB)
2026-01-30T14:50:35.0267391Z    ---------------------------------------- 1.2/1.2 MB 64.2 MB/s  0:00:00
2026-01-30T14:50:35.0362956Z Downloading pytokens-0.4.1-cp310-cp310-win_amd64.whl (103 kB)
2026-01-30T14:50:35.0584018Z Downloading tomli-2.4.0-py3-none-any.whl (14 kB)
2026-01-30T14:50:35.0800905Z Downloading tomlkit-0.14.0-py3-none-any.whl (39 kB)
2026-01-30T14:50:35.1021054Z Downloading typing_extensions-4.15.0-py3-none-any.whl (44 kB)
2026-01-30T14:50:35.1310210Z Downloading six-1.17.0-py2.py3-none-any.whl (11 kB)
2026-01-30T14:50:35.2899236Z Installing collected packages: typing-extensions, tomlkit, tomli, toml, six, pyyaml, pytokens, pygments, pyflakes, pycodestyle, pluggy, platformdirs, pathspec, packaging, mypy-extensions, mccabe, isort, iniconfig, dill, coverage, colorama, vulture, mando, flake8, exceptiongroup, click, autoflake, astroid, radon, pytest, pylint, black, pytest-mock, pytest-cov
2026-01-30T14:50:41.1147346Z 
2026-01-30T14:50:41.1310219Z Successfully installed astroid-4.0.3 autoflake-2.3.1 black-26.1.0 click-8.3.1 colorama-0.4.6 coverage-7.13.2 dill-0.4.1 exceptiongroup-1.3.1 flake8-7.3.0 iniconfig-2.3.0 isort-7.0.0 mando-0.7.1 mccabe-0.7.0 mypy-extensions-1.1.0 packaging-26.0 pathspec-1.0.4 platformdirs-4.5.1 pluggy-1.6.0 pycodestyle-2.14.0 pyflakes-3.4.0 pygments-2.19.2 pylint-4.0.4 pytest-9.0.2 pytest-cov-7.0.0 pytest-mock-3.15.1 pytokens-0.4.1 pyyaml-6.0.3 radon-6.0.1 six-1.17.0 toml-0.10.2 tomli-2.4.0 tomlkit-0.14.0 typing-extensions-4.15.0 vulture-2.14
2026-01-30T14:50:41.9369498Z ##[group]Run pip install -e .
2026-01-30T14:50:41.9369809Z [36;1mpip install -e .[0m
2026-01-30T14:50:41.9443275Z shell: C:\Program Files\PowerShell\7\pwsh.EXE -command ". '{0}'"
2026-01-30T14:50:41.9443598Z env:
2026-01-30T14:50:41.9443840Z   pythonLocation: C:\hostedtoolcache\windows\Python\3.10.11\x64
2026-01-30T14:50:41.9444275Z   PKG_CONFIG_PATH: C:\hostedtoolcache\windows\Python\3.10.11\x64/lib/pkgconfig
2026-01-30T14:50:41.9444768Z   Python_ROOT_DIR: C:\hostedtoolcache\windows\Python\3.10.11\x64
2026-01-30T14:50:41.9445300Z   Python2_ROOT_DIR: C:\hostedtoolcache\windows\Python\3.10.11\x64
2026-01-30T14:50:41.9446447Z   Python3_ROOT_DIR: C:\hostedtoolcache\windows\Python\3.10.11\x64
2026-01-30T14:50:41.9446761Z ##[endgroup]
2026-01-30T14:50:43.1860901Z Obtaining file:///D:/a/argos/argos/anvil
2026-01-30T14:50:43.1897432Z   Installing build dependencies: started
2026-01-30T14:50:46.0494531Z   Installing build dependencies: finished with status 'done'
2026-01-30T14:50:46.0512652Z   Checking if build backend supports build_editable: started
2026-01-30T14:50:46.8434568Z   Checking if build backend supports build_editable: finished with status 'done'
2026-01-30T14:50:46.8460088Z   Getting requirements to build editable: started
2026-01-30T14:50:47.8414558Z   Getting requirements to build editable: finished with status 'done'
2026-01-30T14:50:47.8444921Z   Preparing editable metadata (pyproject.toml): started
2026-01-30T14:50:48.3630292Z   Preparing editable metadata (pyproject.toml): finished with status 'done'
2026-01-30T14:50:48.3823554Z Requirement already satisfied: toml>=0.10.2 in c:\hostedtoolcache\windows\python\3.10.11\x64\lib\site-packages (from anvil==0.1.0) (0.10.2)
2026-01-30T14:50:48.3839519Z Building wheels for collected packages: anvil
2026-01-30T14:50:48.3866944Z   Building editable for anvil (pyproject.toml): started
2026-01-30T14:50:49.0773336Z   Building editable for anvil (pyproject.toml): finished with status 'done'
2026-01-30T14:50:49.0794088Z   Created wheel for anvil: filename=anvil-0.1.0-0.editable-py3-none-any.whl size=3734 sha256=17c8880592de6e1cd7cd437485e3737dc53ba7b95bf2f5ba981859cde4083c38
2026-01-30T14:50:49.0796269Z   Stored in directory: C:\Users\runneradmin\AppData\Local\Temp\pip-ephem-wheel-cache-pml02mo2\wheels\ea\1e\1b\da8099a5e7e29755f731a70a7594d907a256ca21dd4fe16391
2026-01-30T14:50:49.0834392Z Successfully built anvil
2026-01-30T14:50:49.1236269Z Installing collected packages: anvil
2026-01-30T14:50:49.1689571Z Successfully installed anvil-0.1.0
2026-01-30T14:50:49.5090898Z ##[group]Run pytest --cov=anvil --cov-report=xml --cov-report=term-missing --cov-fail-under=90
2026-01-30T14:50:49.5091616Z [36;1mpytest --cov=anvil --cov-report=xml --cov-report=term-missing --cov-fail-under=90[0m
2026-01-30T14:50:49.5160477Z shell: C:\Program Files\PowerShell\7\pwsh.EXE -command ". '{0}'"
2026-01-30T14:50:49.5160794Z env:
2026-01-30T14:50:49.5161041Z   pythonLocation: C:\hostedtoolcache\windows\Python\3.10.11\x64
2026-01-30T14:50:49.5161481Z   PKG_CONFIG_PATH: C:\hostedtoolcache\windows\Python\3.10.11\x64/lib/pkgconfig
2026-01-30T14:50:49.5161889Z   Python_ROOT_DIR: C:\hostedtoolcache\windows\Python\3.10.11\x64
2026-01-30T14:50:49.5162271Z   Python2_ROOT_DIR: C:\hostedtoolcache\windows\Python\3.10.11\x64
2026-01-30T14:50:49.5162655Z   Python3_ROOT_DIR: C:\hostedtoolcache\windows\Python\3.10.11\x64
2026-01-30T14:50:49.5162941Z ##[endgroup]
2026-01-30T14:50:51.0864253Z ============================= test session starts =============================
2026-01-30T14:50:51.0865443Z platform win32 -- Python 3.10.11, pytest-9.0.2, pluggy-1.6.0 -- C:\hostedtoolcache\windows\Python\3.10.11\x64\python.exe
2026-01-30T14:50:51.0866363Z cachedir: .pytest_cache
2026-01-30T14:50:51.0866710Z rootdir: D:\a\argos\argos\anvil
2026-01-30T14:50:51.0867326Z configfile: pytest.ini (WARNING: ignoring pytest config in pyproject.toml!)
2026-01-30T14:50:51.0868315Z testpaths: tests
2026-01-30T14:50:51.0868618Z plugins: cov-7.0.0, mock-3.15.1
2026-01-30T14:50:54.9531466Z collecting ... collected 520 items
2026-01-30T14:50:54.9531729Z 
2026-01-30T14:50:54.9563330Z tests/test_autoflake_parser.py::TestAutoflakeTextParsing::test_parse_output_no_unused_code PASSED [  0%]
2026-01-30T14:50:54.9579957Z tests/test_autoflake_parser.py::TestAutoflakeTextParsing::test_parse_output_with_unused_imports PASSED [  0%]
2026-01-30T14:50:54.9596698Z tests/test_autoflake_parser.py::TestAutoflakeTextParsing::test_parse_output_with_unused_variables PASSED [  0%]
2026-01-30T14:50:54.9614460Z tests/test_autoflake_parser.py::TestAutoflakeTextParsing::test_parse_multiple_files_with_issues PASSED [  0%]
2026-01-30T14:50:54.9630660Z tests/test_autoflake_parser.py::TestAutoflakeTextParsing::test_parse_windows_paths PASSED [  0%]
2026-01-30T14:50:54.9646514Z tests/test_autoflake_parser.py::TestAutoflakeCommandBuilding::test_build_command_default_options PASSED [  1%]
2026-01-30T14:50:54.9662786Z tests/test_autoflake_parser.py::TestAutoflakeCommandBuilding::test_build_command_with_remove_unused_variables PASSED [  1%]
2026-01-30T14:50:54.9681364Z tests/test_autoflake_parser.py::TestAutoflakeCommandBuilding::test_build_command_with_remove_all_unused_imports PASSED [  1%]
2026-01-30T14:50:54.9697960Z tests/test_autoflake_parser.py::TestAutoflakeCommandBuilding::test_build_command_with_ignore_init_module_imports PASSED [  1%]
2026-01-30T14:50:54.9714324Z tests/test_autoflake_parser.py::TestAutoflakeCommandBuilding::test_build_command_with_expand_star_imports PASSED [  1%]
2026-01-30T14:50:54.9731187Z tests/test_autoflake_parser.py::TestAutoflakeCommandBuilding::test_build_command_with_remove_duplicate_keys PASSED [  2%]
2026-01-30T14:50:54.9747705Z tests/test_autoflake_parser.py::TestAutoflakeCommandBuilding::test_build_command_with_imports_to_ignore PASSED [  2%]
2026-01-30T14:50:54.9764108Z tests/test_autoflake_parser.py::TestAutoflakeCommandBuilding::test_build_command_with_multiple_files PASSED [  2%]
2026-01-30T14:50:54.9808226Z tests/test_autoflake_parser.py::TestAutoflakeErrorHandling::test_error_when_autoflake_not_installed PASSED [  2%]
2026-01-30T14:50:54.9833844Z tests/test_autoflake_parser.py::TestAutoflakeErrorHandling::test_timeout_handling PASSED [  2%]
2026-01-30T14:50:54.9850106Z tests/test_autoflake_parser.py::TestAutoflakeErrorHandling::test_parse_with_empty_output PASSED [  3%]
2026-01-30T14:50:54.9882342Z tests/test_autoflake_parser.py::TestAutoflakeVersionDetection::test_version_detection PASSED [  3%]
2026-01-30T14:50:54.9912835Z tests/test_autoflake_parser.py::TestAutoflakeVersionDetection::test_version_detection_failure PASSED [  3%]
2026-01-30T14:50:55.1333315Z tests/test_autoflake_parser.py::TestAutoflakeIntegrationWithFixtures::test_autoflake_on_clean_python_code PASSED [  3%]
2026-01-30T14:50:55.2572953Z tests/test_autoflake_parser.py::TestAutoflakeIntegrationWithFixtures::test_autoflake_on_unused_imports_fixture PASSED [  3%]
2026-01-30T14:50:55.2999674Z tests/test_autoflake_parser.py::TestAutoflakeConfigurationHandling::test_detect_pyproject_toml PASSED [  4%]
2026-01-30T14:50:55.3038475Z tests/test_autoflake_parser.py::TestAutoflakeConfigurationHandling::test_detect_setup_cfg PASSED [  4%]
2026-01-30T14:50:55.3071018Z tests/test_autoflake_parser.py::TestAutoflakeConfigurationHandling::test_no_config_file_returns_none PASSED [  4%]
2026-01-30T14:50:55.3087079Z tests/test_autoflake_parser.py::TestAutoflakeSuggestedFixes::test_generate_fix_command PASSED [  4%]
2026-01-30T14:50:55.3104582Z tests/test_autoflake_parser.py::TestAutoflakeSuggestedFixes::test_generate_fix_command_with_options PASSED [  4%]
2026-01-30T14:50:55.3131668Z tests/test_black_parser.py::TestBlackTextParsing::test_parse_output_all_files_formatted PASSED [  5%]
2026-01-30T14:50:55.3150672Z tests/test_black_parser.py::TestBlackTextParsing::test_parse_output_files_need_formatting PASSED [  5%]
2026-01-30T14:50:55.3172437Z tests/test_black_parser.py::TestBlackTextParsing::test_parse_would_reformat_messages PASSED [  5%]
2026-01-30T14:50:55.3189956Z tests/test_black_parser.py::TestBlackTextParsing::test_parse_windows_paths PASSED [  5%]
2026-01-30T14:50:55.3209107Z tests/test_black_parser.py::TestBlackTextParsing::test_parse_left_unchanged_messages PASSED [  5%]
2026-01-30T14:50:55.3227729Z tests/test_black_parser.py::TestBlackTextParsing::test_parse_reformatted_messages PASSED [  5%]
2026-01-30T14:50:55.3243946Z tests/test_black_parser.py::TestBlackCommandBuilding::test_build_command_default_options PASSED [  6%]
2026-01-30T14:50:55.3260640Z tests/test_black_parser.py::TestBlackCommandBuilding::test_build_command_with_line_length PASSED [  6%]
2026-01-30T14:50:55.3276643Z tests/test_black_parser.py::TestBlackCommandBuilding::test_build_command_with_target_version PASSED [  6%]
2026-01-30T14:50:55.3292814Z tests/test_black_parser.py::TestBlackCommandBuilding::test_build_command_with_skip_string_normalization PASSED [  6%]
2026-01-30T14:50:55.3308801Z tests/test_black_parser.py::TestBlackCommandBuilding::test_build_command_with_diff PASSED [  6%]
2026-01-30T14:50:55.3325283Z tests/test_black_parser.py::TestBlackCommandBuilding::test_build_command_with_color PASSED [  7%]
2026-01-30T14:50:55.3341982Z tests/test_black_parser.py::TestBlackCommandBuilding::test_build_command_with_multiple_files PASSED [  7%]
2026-01-30T14:50:55.3372809Z tests/test_black_parser.py::TestBlackErrorHandling::test_error_when_black_not_installed PASSED [  7%]
2026-01-30T14:50:55.3401412Z tests/test_black_parser.py::TestBlackErrorHandling::test_timeout_handling PASSED [  7%]
2026-01-30T14:50:55.3419929Z tests/test_black_parser.py::TestBlackErrorHandling::test_parse_syntax_error_in_file PASSED [  7%]
2026-01-30T14:50:55.3450608Z tests/test_black_parser.py::TestBlackVersionDetection::test_version_detection PASSED [  8%]
2026-01-30T14:50:55.3477733Z tests/test_black_parser.py::TestBlackVersionDetection::test_version_detection_failure PASSED [  8%]
2026-01-30T14:50:55.6411456Z tests/test_black_parser.py::TestBlackIntegrationWithFixtures::test_black_on_formatted_python_code PASSED [  8%]
2026-01-30T14:50:56.0427504Z tests/test_black_parser.py::TestBlackIntegrationWithFixtures::test_black_on_unformatted_python_code PASSED [  8%]
2026-01-30T14:50:56.3027116Z tests/test_black_parser.py::TestBlackIntegrationWithFixtures::test_black_on_syntax_error_fixture PASSED [  8%]
2026-01-30T14:50:56.3072429Z tests/test_black_parser.py::TestBlackConfigurationHandling::test_detect_pyproject_toml PASSED [  9%]
2026-01-30T14:50:56.3111450Z tests/test_black_parser.py::TestBlackConfigurationHandling::test_no_config_file_returns_none PASSED [  9%]
2026-01-30T14:50:56.3128135Z tests/test_black_parser.py::TestBlackSuggestedFixes::test_generate_fix_command PASSED [  9%]
2026-01-30T14:50:56.3146230Z tests/test_black_parser.py::TestBlackSuggestedFixes::test_generate_fix_command_with_options PASSED [  9%]
2026-01-30T14:50:56.3174854Z tests/test_clang_tidy_parser.py::TestClangTidyDiagnosticParsing::test_parse_output_with_no_diagnostics PASSED [  9%]
2026-01-30T14:50:56.3219589Z tests/test_clang_tidy_parser.py::TestClangTidyDiagnosticParsing::test_parse_warning_diagnostic PASSED [ 10%]
2026-01-30T14:50:56.3265382Z tests/test_clang_tidy_parser.py::TestClangTidyDiagnosticParsing::test_parse_error_diagnostic PASSED [ 10%]
2026-01-30T14:50:56.3310549Z tests/test_clang_tidy_parser.py::TestClangTidyDiagnosticParsing::test_parse_note_diagnostic PASSED [ 10%]
2026-01-30T14:50:56.3362621Z tests/test_clang_tidy_parser.py::TestClangTidyDiagnosticParsing::test_parse_diagnostic_with_line_column PASSED [ 10%]
2026-01-30T14:50:56.3444028Z tests/test_clang_tidy_parser.py::TestClangTidyDiagnosticParsing::test_parse_multiple_diagnostics PASSED [ 10%]
2026-01-30T14:50:56.3497605Z tests/test_clang_tidy_parser.py::TestClangTidyReplacements::test_parse_diagnostic_with_replacements PASSED [ 10%]
2026-01-30T14:50:56.3568252Z tests/test_clang_tidy_parser.py::TestClangTidyReplacements::test_count_fixable_diagnostics PASSED [ 11%]
2026-01-30T14:50:56.3586390Z tests/test_clang_tidy_parser.py::TestClangTidyCommandBuilding::test_build_command_default_options PASSED [ 11%]
2026-01-30T14:50:56.3602883Z tests/test_clang_tidy_parser.py::TestClangTidyCommandBuilding::test_build_command_with_checks PASSED [ 11%]
2026-01-30T14:50:56.3626192Z tests/test_clang_tidy_parser.py::TestClangTidyCommandBuilding::test_build_command_with_header_filter PASSED [ 11%]
2026-01-30T14:50:56.3643618Z tests/test_clang_tidy_parser.py::TestClangTidyCommandBuilding::test_build_command_with_warnings_as_errors PASSED [ 11%]
2026-01-30T14:50:56.3658611Z tests/test_clang_tidy_parser.py::TestClangTidyCommandBuilding::test_build_command_with_config_file PASSED [ 12%]
2026-01-30T14:50:56.3676035Z tests/test_clang_tidy_parser.py::TestClangTidyCommandBuilding::test_build_command_with_extra_args PASSED [ 12%]
2026-01-30T14:50:56.3692329Z tests/test_clang_tidy_parser.py::TestClangTidyCommandBuilding::test_build_command_with_compile_commands PASSED [ 12%]
2026-01-30T14:50:56.3710651Z tests/test_clang_tidy_parser.py::TestClangTidyCommandBuilding::test_build_command_with_multiple_files PASSED [ 12%]
2026-01-30T14:50:56.3738877Z tests/test_clang_tidy_parser.py::TestClangTidyErrorHandling::test_error_when_clang_tidy_not_installed PASSED [ 12%]
2026-01-30T14:50:56.3770298Z tests/test_clang_tidy_parser.py::TestClangTidyErrorHandling::test_timeout_handling PASSED [ 13%]
2026-01-30T14:50:56.3798464Z tests/test_clang_tidy_parser.py::TestClangTidyErrorHandling::test_parse_with_invalid_yaml PASSED [ 13%]
2026-01-30T14:50:56.3828107Z tests/test_clang_tidy_parser.py::TestClangTidyVersionDetection::test_version_detection PASSED [ 13%]
2026-01-30T14:50:56.3853497Z tests/test_clang_tidy_parser.py::TestClangTidyVersionDetection::test_version_detection_failure PASSED [ 13%]
2026-01-30T14:50:56.3886695Z tests/test_clang_tidy_parser.py::TestClangTidyIntegrationWithFixtures::test_clang_tidy_on_clean_cpp_code SKIPPED [ 13%]
2026-01-30T14:50:56.3906332Z tests/test_clang_tidy_parser.py::TestClangTidyIntegrationWithFixtures::test_clang_tidy_on_code_with_issues SKIPPED [ 14%]
2026-01-30T14:50:56.3988250Z tests/test_clang_tidy_parser.py::TestClangTidyGroupingAndFiltering::test_group_diagnostics_by_check_name PASSED [ 14%]
2026-01-30T14:50:56.4048602Z tests/test_clang_tidy_parser.py::TestClangTidyGroupingAndFiltering::test_group_diagnostics_by_file PASSED [ 14%]
2026-01-30T14:50:56.4155070Z tests/test_clang_tidy_parser.py::TestClangTidyGroupingAndFiltering::test_filter_diagnostics_by_severity PASSED [ 14%]
2026-01-30T14:50:56.4212088Z tests/test_clang_tidy_parser.py::TestClangTidyConfigurationHandling::test_detect_clang_tidy_config_file PASSED [ 14%]
2026-01-30T14:50:56.4254706Z tests/test_clang_tidy_parser.py::TestClangTidyConfigurationHandling::test_detect_clang_tidy_in_parent_directory PASSED [ 15%]
2026-01-30T14:50:56.4296195Z tests/test_clang_tidy_parser.py::TestClangTidyConfigurationHandling::test_no_config_file_returns_none PASSED [ 15%]
2026-01-30T14:50:56.4334558Z tests/test_configuration.py::TestConfigurationLoading::test_load_complete_config PASSED [ 15%]
2026-01-30T14:50:56.4354722Z tests/test_configuration.py::TestConfigurationLoading::test_load_minimal_config PASSED [ 15%]
2026-01-30T14:50:56.4379702Z tests/test_configuration.py::TestConfigurationLoading::test_load_invalid_toml_syntax PASSED [ 15%]
2026-01-30T14:50:56.4397753Z tests/test_configuration.py::TestConfigurationLoading::test_load_nonexistent_file PASSED [ 15%]
2026-01-30T14:50:56.4449197Z tests/test_configuration.py::TestConfigurationLoading::test_load_from_custom_path PASSED [ 16%]
2026-01-30T14:50:56.4494838Z tests/test_configuration.py::TestValidatorConfiguration::test_get_validator_config_python_flake8 PASSED [ 16%]
2026-01-30T14:50:56.4535493Z tests/test_configuration.py::TestValidatorConfiguration::test_get_validator_config_cpp_clang_tidy PASSED [ 16%]
2026-01-30T14:50:56.4556947Z tests/test_configuration.py::TestValidatorConfiguration::test_get_validator_config_with_defaults PASSED [ 16%]
2026-01-30T14:50:56.4598050Z tests/test_configuration.py::TestValidatorConfiguration::test_get_validator_config_invalid_validator PASSED [ 16%]
2026-01-30T14:50:56.4639674Z tests/test_configuration.py::TestLanguageConfiguration::test_get_language_config_python PASSED [ 17%]
2026-01-30T14:50:56.4690368Z tests/test_configuration.py::TestLanguageConfiguration::test_get_language_config_cpp PASSED [ 17%]
2026-01-30T14:50:56.4720454Z tests/test_configuration.py::TestLanguageConfiguration::test_get_language_config_with_defaults PASSED [ 17%]
2026-01-30T14:50:56.4745587Z tests/test_configuration.py::TestConfigurationValidation::test_validate_negative_max_errors PASSED [ 17%]
2026-01-30T14:50:56.4770912Z tests/test_configuration.py::TestConfigurationValidation::test_validate_zero_complexity PASSED [ 17%]
2026-01-30T14:50:56.4807287Z tests/test_configuration.py::TestConfigurationInheritance::test_validator_inherits_language_defaults PASSED [ 18%]
2026-01-30T14:50:56.4826562Z tests/test_configuration.py::TestConfigurationInheritance::test_configuration_merging PASSED [ 18%]
2026-01-30T14:50:56.4850365Z tests/test_configuration.py::TestEnvironmentVariables::test_expand_environment_variables PASSED [ 18%]
2026-01-30T14:50:56.4880726Z tests/test_configuration.py::TestEnvironmentVariables::test_missing_environment_variable PASSED [ 18%]
2026-01-30T14:50:56.4898498Z tests/test_configuration.py::TestConfigurationDefaults::test_default_values_applied PASSED [ 18%]
2026-01-30T14:50:56.4915312Z tests/test_configuration.py::TestConfigurationDefaults::test_get_with_default_value PASSED [ 19%]
2026-01-30T14:50:56.4953717Z tests/test_configuration.py::TestConfigurationDefaults::test_get_nested_config PASSED [ 19%]
2026-01-30T14:50:56.4983756Z tests/test_cppcheck_parser.py::TestCppcheckXMLParsing::test_parse_xml_with_no_errors PASSED [ 19%]
2026-01-30T14:50:56.5001389Z tests/test_cppcheck_parser.py::TestCppcheckXMLParsing::test_parse_error_severity_issue PASSED [ 19%]
2026-01-30T14:50:56.5023992Z tests/test_cppcheck_parser.py::TestCppcheckXMLParsing::test_parse_warning_severity_issue PASSED [ 19%]
2026-01-30T14:50:56.5042351Z tests/test_cppcheck_parser.py::TestCppcheckXMLParsing::test_parse_style_issue PASSED [ 20%]
2026-01-30T14:50:56.5059554Z tests/test_cppcheck_parser.py::TestCppcheckXMLParsing::test_parse_performance_issue PASSED [ 20%]
2026-01-30T14:50:56.5076121Z tests/test_cppcheck_parser.py::TestCppcheckXMLParsing::test_parse_portability_issue PASSED [ 20%]
2026-01-30T14:50:56.5091886Z tests/test_cppcheck_parser.py::TestCppcheckXMLParsing::test_parse_information_message PASSED [ 20%]
2026-01-30T14:50:56.5108514Z tests/test_cppcheck_parser.py::TestCppcheckXMLParsing::test_extract_cwe_id PASSED [ 20%]
2026-01-30T14:50:56.5124940Z tests/test_cppcheck_parser.py::TestCppcheckXMLParsing::test_parse_inconclusive_results PASSED [ 20%]
2026-01-30T14:50:56.5141108Z tests/test_cppcheck_parser.py::TestCppcheckXMLParsing::test_parse_multiple_locations PASSED [ 21%]
2026-01-30T14:50:56.5157788Z tests/test_cppcheck_parser.py::TestCppcheckCommandBuilding::test_build_command_default_options PASSED [ 21%]
2026-01-30T14:50:56.5173438Z tests/test_cppcheck_parser.py::TestCppcheckCommandBuilding::test_build_command_with_enable_categories PASSED [ 21%]
2026-01-30T14:50:56.5190522Z tests/test_cppcheck_parser.py::TestCppcheckCommandBuilding::test_build_command_with_suppressions PASSED [ 21%]
2026-01-30T14:50:56.5205886Z tests/test_cppcheck_parser.py::TestCppcheckCommandBuilding::test_build_command_with_std_option PASSED [ 21%]
2026-01-30T14:50:56.5221111Z tests/test_cppcheck_parser.py::TestCppcheckCommandBuilding::test_build_command_with_platform PASSED [ 22%]
2026-01-30T14:50:56.5236447Z tests/test_cppcheck_parser.py::TestCppcheckCommandBuilding::test_build_command_with_includes PASSED [ 22%]
2026-01-30T14:50:56.5252765Z tests/test_cppcheck_parser.py::TestCppcheckCommandBuilding::test_build_command_with_defines PASSED [ 22%]
2026-01-30T14:50:56.5267557Z tests/test_cppcheck_parser.py::TestCppcheckCommandBuilding::test_build_command_with_inconclusive PASSED [ 22%]
2026-01-30T14:50:56.5284174Z tests/test_cppcheck_parser.py::TestCppcheckCommandBuilding::test_build_command_with_multiple_files PASSED [ 22%]
2026-01-30T14:50:56.5311837Z tests/test_cppcheck_parser.py::TestCppcheckErrorHandling::test_error_when_cppcheck_not_installed PASSED [ 23%]
2026-01-30T14:50:56.5339748Z tests/test_cppcheck_parser.py::TestCppcheckErrorHandling::test_timeout_handling PASSED [ 23%]
2026-01-30T14:50:56.5359107Z tests/test_cppcheck_parser.py::TestCppcheckErrorHandling::test_parse_with_invalid_xml PASSED [ 23%]
2026-01-30T14:50:56.5399259Z tests/test_cppcheck_parser.py::TestCppcheckVersionDetection::test_version_detection PASSED [ 23%]
2026-01-30T14:50:56.5425460Z tests/test_cppcheck_parser.py::TestCppcheckVersionDetection::test_version_detection_failure PASSED [ 23%]
2026-01-30T14:50:56.5445518Z tests/test_cppcheck_parser.py::TestCppcheckIntegrationWithFixtures::test_cppcheck_on_clean_cpp_code SKIPPED [ 24%]
2026-01-30T14:50:56.5463787Z tests/test_cppcheck_parser.py::TestCppcheckIntegrationWithFixtures::test_cppcheck_on_code_with_bugs SKIPPED [ 24%]
2026-01-30T14:50:56.5482394Z tests/test_cppcheck_parser.py::TestCppcheckGroupingAndFiltering::test_group_errors_by_id PASSED [ 24%]
2026-01-30T14:50:56.5499901Z tests/test_cppcheck_parser.py::TestCppcheckGroupingAndFiltering::test_group_errors_by_file PASSED [ 24%]
2026-01-30T14:50:56.5516642Z tests/test_cppcheck_parser.py::TestCppcheckGroupingAndFiltering::test_filter_by_severity PASSED [ 24%]
2026-01-30T14:50:56.5563587Z tests/test_cppcheck_parser.py::TestCppcheckConfigurationHandling::test_detect_cppcheck_suppressions_file PASSED [ 25%]
2026-01-30T14:50:56.6027387Z tests/test_cppcheck_parser.py::TestCppcheckConfigurationHandling::test_detect_suppressions_in_parent_directory PASSED [ 25%]
2026-01-30T14:50:56.6075098Z tests/test_cppcheck_parser.py::TestCppcheckConfigurationHandling::test_no_suppressions_file_returns_none PASSED [ 25%]
2026-01-30T14:50:56.8717337Z tests/test_file_collector.py::TestFullModeCollection::test_collect_all_python_files PASSED [ 25%]
2026-01-30T14:50:57.1193910Z tests/test_file_collector.py::TestFullModeCollection::test_collect_all_cpp_files PASSED [ 25%]
2026-01-30T14:50:57.3645642Z tests/test_file_collector.py::TestFullModeCollection::test_collect_all_languages PASSED [ 25%]
2026-01-30T14:50:57.3696273Z tests/test_file_collector.py::TestFullModeCollection::test_full_mode_without_git PASSED [ 26%]
2026-01-30T14:50:57.7784572Z tests/test_file_collector.py::TestIncrementalModeCollection::test_collect_modified_files PASSED [ 26%]
2026-01-30T14:50:58.1436937Z tests/test_file_collector.py::TestIncrementalModeCollection::test_collect_new_untracked_files PASSED [ 26%]
2026-01-30T14:50:58.4890766Z tests/test_file_collector.py::TestIncrementalModeCollection::test_collect_staged_files PASSED [ 26%]
2026-01-30T14:50:58.8898894Z tests/test_file_collector.py::TestIncrementalModeCollection::test_collect_both_staged_and_unstaged PASSED [ 26%]
2026-01-30T14:50:59.2434700Z tests/test_file_collector.py::TestIncrementalModeCollection::test_no_modifications_returns_empty PASSED [ 27%]
2026-01-30T14:50:59.5994932Z tests/test_file_collector.py::TestIncrementalModeCollection::test_handles_deleted_files PASSED [ 27%]
2026-01-30T14:50:59.6324676Z tests/test_file_collector.py::TestIncrementalModeCollection::test_incremental_without_git_falls_back_to_full PASSED [ 27%]
2026-01-30T14:50:59.9254426Z tests/test_file_collector.py::TestGitIntegration::test_detects_uncommitted_changes PASSED [ 27%]
2026-01-30T14:51:00.2289904Z tests/test_file_collector.py::TestGitIntegration::test_no_uncommitted_changes_in_clean_repo PASSED [ 27%]
2026-01-30T14:51:00.4906693Z tests/test_file_collector.py::TestGitIntegration::test_detects_git_repository PASSED [ 28%]
2026-01-30T14:51:00.5222262Z tests/test_file_collector.py::TestGitIntegration::test_detects_non_git_directory PASSED [ 28%]
2026-01-30T14:51:00.9202551Z tests/test_file_collector.py::TestGitIntegration::test_get_changed_files_across_commits PASSED [ 28%]
2026-01-30T14:51:01.0285039Z tests/test_file_collector.py::TestGitIntegration::test_empty_repository_returns_no_files PASSED [ 28%]
2026-01-30T14:51:01.3061865Z tests/test_file_collector.py::TestExclusionPatterns::test_respects_exclude_patterns PASSED [ 28%]
2026-01-30T14:51:01.5816669Z tests/test_file_collector.py::TestExclusionPatterns::test_default_exclusions_applied PASSED [ 29%]
2026-01-30T14:51:01.8548900Z tests/test_file_collector.py::TestLanguageFiltering::test_filters_by_language PASSED [ 29%]
2026-01-30T14:51:02.1533301Z tests/test_file_collector.py::TestLanguageFiltering::test_collects_multiple_languages PASSED [ 29%]
2026-01-30T14:51:02.4097790Z tests/test_file_collector.py::TestErrorHandling::test_invalid_language_raises_error PASSED [ 29%]
2026-01-30T14:51:03.5590036Z tests/test_file_collector.py::TestErrorHandling::test_invalid_commit_ref_raises_error PASSED [ 29%]
2026-01-30T14:51:03.5642986Z tests/test_file_collector.py::TestErrorHandling::test_handles_permission_errors_gracefully PASSED [ 30%]
2026-01-30T14:51:03.5774230Z tests/test_file_collector.py::TestErrorHandling::test_git_timeout_handled_in_is_git_repository PASSED [ 30%]
2026-01-30T14:51:03.5820847Z tests/test_file_collector.py::TestErrorHandling::test_git_not_found_handled_in_is_git_repository PASSED [ 30%]
2026-01-30T14:51:03.8625504Z tests/test_file_collector.py::TestErrorHandling::test_has_uncommitted_changes_handles_timeout PASSED [ 30%]
2026-01-30T14:51:04.1162007Z tests/test_file_collector.py::TestErrorHandling::test_has_uncommitted_changes_handles_subprocess_error PASSED [ 30%]
2026-01-30T14:51:04.4298520Z tests/test_file_collector.py::TestErrorHandling::test_get_changed_files_handles_timeout PASSED [ 30%]
2026-01-30T14:51:04.8796974Z tests/test_file_collector.py::TestPerformance::test_incremental_faster_than_full PASSED [ 31%]
2026-01-30T14:51:05.2178132Z tests/test_file_collector.py::TestCaching::test_caches_language_detection PASSED [ 31%]
2026-01-30T14:51:05.9169279Z tests/test_file_collector.py::TestCaching::test_cache_invalidated_on_changes PASSED [ 31%]
2026-01-30T14:51:05.9202842Z tests/test_flake8_parser.py::TestFlake8JSONParsing::test_parse_json_output_with_no_errors PASSED [ 31%]
2026-01-30T14:51:05.9221193Z tests/test_flake8_parser.py::TestFlake8JSONParsing::test_parse_json_output_with_e_series_errors PASSED [ 31%]
2026-01-30T14:51:05.9236715Z tests/test_flake8_parser.py::TestFlake8JSONParsing::test_parse_json_output_with_w_series_warnings PASSED [ 32%]
2026-01-30T14:51:05.9254578Z tests/test_flake8_parser.py::TestFlake8JSONParsing::test_parse_json_output_with_f_series_errors PASSED [ 32%]
2026-01-30T14:51:05.9271224Z tests/test_flake8_parser.py::TestFlake8JSONParsing::test_parse_json_output_with_c_series_complexity_warnings PASSED [ 32%]
2026-01-30T14:51:05.9288254Z tests/test_flake8_parser.py::TestFlake8JSONParsing::test_parse_multiple_files_with_mixed_results PASSED [ 32%]
2026-01-30T14:51:05.9304570Z tests/test_flake8_parser.py::TestFlake8CommandBuilding::test_build_command_with_default_options PASSED [ 32%]
2026-01-30T14:51:05.9319489Z tests/test_flake8_parser.py::TestFlake8CommandBuilding::test_build_command_with_ignore_list PASSED [ 33%]
2026-01-30T14:51:05.9335752Z tests/test_flake8_parser.py::TestFlake8CommandBuilding::test_build_command_with_max_line_length PASSED [ 33%]
2026-01-30T14:51:05.9351892Z tests/test_flake8_parser.py::TestFlake8CommandBuilding::test_build_command_with_select_rules PASSED [ 33%]
2026-01-30T14:51:05.9368287Z tests/test_flake8_parser.py::TestFlake8CommandBuilding::test_build_command_with_exclude_patterns PASSED [ 33%]
2026-01-30T14:51:05.9384391Z tests/test_flake8_parser.py::TestFlake8CommandBuilding::test_build_command_with_max_complexity PASSED [ 33%]
2026-01-30T14:51:05.9406053Z tests/test_flake8_parser.py::TestFlake8TextFormatParsing::test_parse_text_format_with_errors PASSED [ 34%]
2026-01-30T14:51:05.9422675Z tests/test_flake8_parser.py::TestFlake8TextFormatParsing::test_parse_text_format_with_no_output PASSED [ 34%]
2026-01-30T14:51:05.9454076Z tests/test_flake8_parser.py::TestFlake8ErrorHandling::test_error_when_flake8_not_installed PASSED [ 34%]
2026-01-30T14:51:05.9479611Z tests/test_flake8_parser.py::TestFlake8ErrorHandling::test_timeout_handling PASSED [ 34%]
2026-01-30T14:51:05.9496682Z tests/test_flake8_parser.py::TestFlake8ErrorHandling::test_invalid_json_handling PASSED [ 34%]
2026-01-30T14:51:05.9525907Z tests/test_flake8_parser.py::TestFlake8VersionDetection::test_version_detection PASSED [ 35%]
2026-01-30T14:51:05.9551845Z tests/test_flake8_parser.py::TestFlake8VersionDetection::test_version_detection_failure PASSED [ 35%]
2026-01-30T14:51:06.2115168Z tests/test_flake8_parser.py::TestFlake8IntegrationWithFixtures::test_flake8_on_good_python_code PASSED [ 35%]
2026-01-30T14:51:06.4072757Z tests/test_flake8_parser.py::TestFlake8IntegrationWithFixtures::test_flake8_on_style_violations_fixture PASSED [ 35%]
2026-01-30T14:51:06.6020330Z tests/test_flake8_parser.py::TestFlake8IntegrationWithFixtures::test_flake8_on_syntax_error_fixture PASSED [ 35%]
2026-01-30T14:51:06.7949745Z tests/test_flake8_parser.py::TestFlake8IntegrationWithFixtures::test_flake8_on_unused_imports_fixture PASSED [ 35%]
2026-01-30T14:51:06.7964416Z tests/test_flake8_parser.py::TestFlake8SeverityMapping::test_e_series_maps_to_error PASSED [ 36%]
2026-01-30T14:51:06.7979919Z tests/test_flake8_parser.py::TestFlake8SeverityMapping::test_w_series_maps_to_warning PASSED [ 36%]
2026-01-30T14:51:06.7995139Z tests/test_flake8_parser.py::TestFlake8SeverityMapping::test_f_series_maps_to_error PASSED [ 36%]
2026-01-30T14:51:06.8010289Z tests/test_flake8_parser.py::TestFlake8SeverityMapping::test_c_series_maps_to_warning PASSED [ 36%]
2026-01-30T14:51:06.8024891Z tests/test_flake8_parser.py::TestFlake8SeverityMapping::test_n_series_maps_to_warning PASSED [ 36%]
2026-01-30T14:51:06.8077092Z tests/test_flake8_parser.py::TestFlake8ConfigurationHandling::test_detect_flake8_config_file PASSED [ 37%]
2026-01-30T14:51:06.8174197Z tests/test_flake8_parser.py::TestFlake8ConfigurationHandling::test_detect_setup_cfg_flake8_section PASSED [ 37%]
2026-01-30T14:51:06.8224878Z tests/test_flake8_parser.py::TestFlake8ConfigurationHandling::test_detect_tox_ini_flake8_section PASSED [ 37%]
2026-01-30T14:51:06.8245102Z tests/test_isort_parser.py::TestIsortTextParsing::test_parse_output_all_imports_sorted PASSED [ 37%]
2026-01-30T14:51:06.8260775Z tests/test_isort_parser.py::TestIsortTextParsing::test_parse_output_imports_need_sorting PASSED [ 37%]
2026-01-30T14:51:06.8277363Z tests/test_isort_parser.py::TestIsortTextParsing::test_parse_multiple_files_with_errors PASSED [ 38%]
2026-01-30T14:51:06.8294017Z tests/test_isort_parser.py::TestIsortTextParsing::test_parse_windows_paths PASSED [ 38%]
2026-01-30T14:51:06.8309581Z tests/test_isort_parser.py::TestIsortTextParsing::test_parse_output_with_skipped_files PASSED [ 38%]
2026-01-30T14:51:06.8325037Z tests/test_isort_parser.py::TestIsortCommandBuilding::test_build_command_default_options PASSED [ 38%]
2026-01-30T14:51:06.8339963Z tests/test_isort_parser.py::TestIsortCommandBuilding::test_build_command_with_profile PASSED [ 38%]
2026-01-30T14:51:06.8355352Z tests/test_isort_parser.py::TestIsortCommandBuilding::test_build_command_with_line_length PASSED [ 39%]
2026-01-30T14:51:06.8370815Z tests/test_isort_parser.py::TestIsortCommandBuilding::test_build_command_with_multi_line_output PASSED [ 39%]
2026-01-30T14:51:06.8386562Z tests/test_isort_parser.py::TestIsortCommandBuilding::test_build_command_with_skip_patterns PASSED [ 39%]
2026-01-30T14:51:06.8401255Z tests/test_isort_parser.py::TestIsortCommandBuilding::test_build_command_with_force_single_line PASSED [ 39%]
2026-01-30T14:51:06.8416284Z tests/test_isort_parser.py::TestIsortCommandBuilding::test_build_command_with_diff PASSED [ 39%]
2026-01-30T14:51:06.8432237Z tests/test_isort_parser.py::TestIsortCommandBuilding::test_build_command_with_multiple_files PASSED [ 40%]
2026-01-30T14:51:06.8462277Z tests/test_isort_parser.py::TestIsortErrorHandling::test_error_when_isort_not_installed PASSED [ 40%]
2026-01-30T14:51:06.8486974Z tests/test_isort_parser.py::TestIsortErrorHandling::test_timeout_handling PASSED [ 40%]
2026-01-30T14:51:06.8503009Z tests/test_isort_parser.py::TestIsortErrorHandling::test_parse_syntax_error_in_file PASSED [ 40%]
2026-01-30T14:51:06.8543180Z tests/test_isort_parser.py::TestIsortVersionDetection::test_version_detection PASSED [ 40%]
2026-01-30T14:51:06.8567002Z tests/test_isort_parser.py::TestIsortVersionDetection::test_version_detection_failure PASSED [ 40%]
2026-01-30T14:51:07.0130065Z tests/test_isort_parser.py::TestIsortIntegrationWithFixtures::test_isort_on_sorted_python_code PASSED [ 41%]
2026-01-30T14:51:07.1665395Z tests/test_isort_parser.py::TestIsortIntegrationWithFixtures::test_isort_on_unsorted_imports_fixture PASSED [ 41%]
2026-01-30T14:51:07.1752065Z tests/test_isort_parser.py::TestIsortConfigurationHandling::test_detect_pyproject_toml PASSED [ 41%]
2026-01-30T14:51:07.1801126Z tests/test_isort_parser.py::TestIsortConfigurationHandling::test_detect_setup_cfg PASSED [ 41%]
2026-01-30T14:51:07.1848513Z tests/test_isort_parser.py::TestIsortConfigurationHandling::test_detect_isort_cfg PASSED [ 41%]
2026-01-30T14:51:07.1891614Z tests/test_isort_parser.py::TestIsortConfigurationHandling::test_no_config_file_returns_none PASSED [ 42%]
2026-01-30T14:51:07.1906366Z tests/test_isort_parser.py::TestIsortSuggestedFixes::test_generate_fix_command PASSED [ 42%]
2026-01-30T14:51:07.1922659Z tests/test_isort_parser.py::TestIsortSuggestedFixes::test_generate_fix_command_with_options PASSED [ 42%]
2026-01-30T14:51:07.2149687Z tests/test_language_detector.py::TestLanguageDetection::test_detect_python_files PASSED [ 42%]
2026-01-30T14:51:07.2412395Z tests/test_language_detector.py::TestLanguageDetection::test_detect_cpp_files PASSED [ 42%]
2026-01-30T14:51:07.2538757Z tests/test_language_detector.py::TestLanguageDetection::test_detect_mixed_language_project PASSED [ 43%]
2026-01-30T14:51:07.2599473Z tests/test_language_detector.py::TestLanguageDetection::test_detect_python_only_project PASSED [ 43%]
2026-01-30T14:51:07.2689145Z tests/test_language_detector.py::TestLanguageDetection::test_detect_cpp_only_project PASSED [ 43%]
2026-01-30T14:51:07.2744269Z tests/test_language_detector.py::TestLanguageDetection::test_detect_no_matching_files PASSED [ 43%]
2026-01-30T14:51:07.2889019Z tests/test_language_detector.py::TestLanguageDetection::test_get_files_returns_only_python PASSED [ 43%]
2026-01-30T14:51:07.3008563Z tests/test_language_detector.py::TestLanguageDetection::test_get_files_returns_only_cpp PASSED [ 44%]
2026-01-30T14:51:07.3137406Z tests/test_language_detector.py::TestExclusionPatterns::test_ignores_git_directory PASSED [ 44%]
2026-01-30T14:51:07.3296630Z tests/test_language_detector.py::TestExclusionPatterns::test_ignores_pycache_directory PASSED [ 44%]
2026-01-30T14:51:07.3431336Z tests/test_language_detector.py::TestExclusionPatterns::test_ignores_build_directory PASSED [ 44%]
2026-01-30T14:51:07.3581277Z tests/test_language_detector.py::TestExclusionPatterns::test_custom_exclude_patterns PASSED [ 44%]
2026-01-30T14:51:07.3756754Z tests/test_language_detector.py::TestConfigurationIntegration::test_respects_file_patterns_from_config PASSED [ 45%]
2026-01-30T14:51:07.4018462Z tests/test_language_detector.py::TestConfigurationIntegration::test_respects_cpp_patterns_from_config PASSED [ 45%]
2026-01-30T14:51:07.4032433Z tests/test_language_detector.py::TestSymbolicLinks::test_follows_symlinks_when_enabled SKIPPED [ 45%]
2026-01-30T14:51:07.4045327Z tests/test_language_detector.py::TestSymbolicLinks::test_ignores_symlinks_when_disabled SKIPPED [ 45%]
2026-01-30T14:51:07.4860134Z tests/test_language_detector.py::TestPerformance::test_performance_large_directory_tree PASSED [ 45%]
2026-01-30T14:51:07.4877647Z tests/test_language_detector.py::TestEdgeCases::test_nonexistent_directory_raises_error PASSED [ 45%]
2026-01-30T14:51:07.4926450Z tests/test_language_detector.py::TestEdgeCases::test_file_instead_of_directory_raises_error PASSED [ 46%]
2026-01-30T14:51:07.5050921Z tests/test_language_detector.py::TestEdgeCases::test_get_files_for_unknown_language_returns_empty PASSED [ 46%]
2026-01-30T14:51:07.5113260Z tests/test_language_detector.py::TestEdgeCases::test_empty_directory_returns_empty PASSED [ 46%]
2026-01-30T14:51:07.5132672Z tests/test_orchestrator.py::TestSequentialExecution::test_run_all_validators_sequentially PASSED [ 46%]
2026-01-30T14:51:07.5152135Z tests/test_orchestrator.py::TestSequentialExecution::test_validators_run_in_deterministic_order PASSED [ 46%]
2026-01-30T14:51:07.5188292Z tests/test_orchestrator.py::TestParallelExecution::test_run_all_validators_in_parallel PASSED [ 47%]
2026-01-30T14:51:07.9331228Z tests/test_orchestrator.py::TestParallelExecution::test_parallel_execution_faster_than_sequential PASSED [ 47%]
2026-01-30T14:51:07.9350823Z tests/test_orchestrator.py::TestLanguageFiltering::test_run_validators_for_specific_language PASSED [ 47%]
2026-01-30T14:51:07.9368402Z tests/test_orchestrator.py::TestLanguageFiltering::test_run_validators_for_cpp_language PASSED [ 47%]
2026-01-30T14:51:07.9386511Z tests/test_orchestrator.py::TestLanguageFiltering::test_run_validators_for_nonexistent_language PASSED [ 47%]
2026-01-30T14:51:07.9405547Z tests/test_orchestrator.py::TestSpecificValidatorExecution::test_run_specific_validator_by_name PASSED [ 48%]
2026-01-30T14:51:07.9426115Z tests/test_orchestrator.py::TestSpecificValidatorExecution::test_run_nonexistent_validator_raises_error PASSED [ 48%]
2026-01-30T14:51:07.9445106Z tests/test_orchestrator.py::TestResultAggregation::test_aggregate_results_all_passing PASSED [ 48%]
2026-01-30T14:51:07.9461128Z tests/test_orchestrator.py::TestResultAggregation::test_aggregate_results_with_failures PASSED [ 48%]
2026-01-30T14:51:07.9480941Z tests/test_orchestrator.py::TestResultAggregation::test_aggregate_results_counts_files_checked PASSED [ 48%]
2026-01-30T14:51:07.9499586Z tests/test_orchestrator.py::TestOverallPassFail::test_overall_pass_when_all_validators_pass PASSED [ 49%]
2026-01-30T14:51:07.9515193Z tests/test_orchestrator.py::TestOverallPassFail::test_overall_fail_when_any_validator_fails PASSED [ 49%]
2026-01-30T14:51:07.9531267Z tests/test_orchestrator.py::TestFailFastMode::test_fail_fast_stops_on_first_failure PASSED [ 49%]
2026-01-30T14:51:07.9546372Z tests/test_orchestrator.py::TestContinueOnFailureMode::test_continue_on_failure_runs_all_validators PASSED [ 49%]
2026-01-30T14:51:17.9577845Z tests/test_orchestrator.py::TestTimeoutHandling::test_timeout_handling_for_slow_validators PASSED [ 49%]
2026-01-30T14:51:17.9594138Z tests/test_orchestrator.py::TestValidatorCrashHandling::test_error_handling_when_validator_crashes PASSED [ 50%]
2026-01-30T14:51:17.9611193Z tests/test_orchestrator.py::TestToolNotFoundHandling::test_error_handling_when_tool_not_found PASSED [ 50%]
2026-01-30T14:51:17.9626093Z tests/test_orchestrator.py::TestMixedResults::test_result_collection_with_mixed_results PASSED [ 50%]
2026-01-30T14:51:18.2683941Z tests/test_orchestrator.py::TestExecutionTimeTracking::test_execution_time_tracking PASSED [ 50%]
2026-01-30T14:51:18.2703722Z tests/test_orchestrator.py::TestFileCountAggregation::test_file_count_aggregation PASSED [ 50%]
2026-01-30T14:51:18.2721482Z tests/test_orchestrator.py::TestFileCountAggregation::test_unique_files_counted PASSED [ 50%]
2026-01-30T14:51:18.2739137Z tests/test_orchestrator.py::TestEmptyFileList::test_run_with_empty_file_list PASSED [ 51%]
2026-01-30T14:51:18.2757372Z tests/test_orchestrator.py::TestConfigurationPassing::test_configuration_passed_to_validators PASSED [ 51%]
2026-01-30T14:51:18.2773787Z tests/test_parser_framework.py::TestFixtureDirectoryStructure::test_fixtures_directory_exists PASSED [ 51%]
2026-01-30T14:51:18.2790031Z tests/test_parser_framework.py::TestFixtureDirectoryStructure::test_python_fixtures_directory_exists PASSED [ 51%]
2026-01-30T14:51:18.2807379Z tests/test_parser_framework.py::TestFixtureDirectoryStructure::test_cpp_fixtures_directory_exists PASSED [ 51%]
2026-01-30T14:51:18.2826123Z tests/test_parser_framework.py::TestFixtureDirectoryStructure::test_sample_code_fixtures_directory_exists PASSED [ 52%]
2026-01-30T14:51:18.2845068Z tests/test_parser_framework.py::TestFixtureLoading::test_load_fixture_file_returns_content PASSED [ 52%]
2026-01-30T14:51:18.2863105Z tests/test_parser_framework.py::TestFixtureLoading::test_load_fixture_file_with_subdirectory PASSED [ 52%]
2026-01-30T14:51:18.2880913Z tests/test_parser_framework.py::TestFixtureLoading::test_load_fixture_file_preserves_encoding PASSED [ 52%]
2026-01-30T14:51:18.2898197Z tests/test_parser_framework.py::TestFixtureLoading::test_load_fixture_nonexistent_file_raises_error PASSED [ 52%]
2026-01-30T14:51:18.2915572Z tests/test_parser_framework.py::TestFixtureLoading::test_get_fixture_path_returns_absolute_path PASSED [ 53%]
2026-01-30T14:51:18.2940852Z tests/test_parser_framework.py::TestFixtureLoading::test_list_fixtures_in_directory PASSED [ 53%]
2026-01-30T14:51:18.2957338Z tests/test_parser_framework.py::TestParserHelpers::test_create_validation_result_helper PASSED [ 53%]
2026-01-30T14:51:18.2973903Z tests/test_parser_framework.py::TestParserHelpers::test_create_issue_helper PASSED [ 53%]
2026-01-30T14:51:18.2990301Z tests/test_parser_framework.py::TestParserHelpers::test_assert_validation_result_structure PASSED [ 53%]
2026-01-30T14:51:18.3011677Z tests/test_parser_framework.py::TestParserHelpers::test_assert_validation_result_invalid_structure_raises PASSED [ 54%]
2026-01-30T14:51:18.3029334Z tests/test_parser_framework.py::TestParserHelpers::test_assert_issue_structure PASSED [ 54%]
2026-01-30T14:51:18.3050458Z tests/test_parser_framework.py::TestParserHelpers::test_count_issues_by_severity PASSED [ 54%]
2026-01-30T14:51:18.3068818Z tests/test_parser_framework.py::TestParserHelpers::test_filter_issues_by_file PASSED [ 54%]
2026-01-30T14:51:18.3090073Z tests/test_parser_framework.py::TestParserHelpers::test_filter_issues_by_severity PASSED [ 54%]
2026-01-30T14:51:18.3115747Z tests/test_parser_framework.py::TestPythonFixtures::test_good_python_code_fixture_exists PASSED [ 55%]
2026-01-30T14:51:18.3136323Z tests/test_parser_framework.py::TestPythonFixtures::test_bad_python_syntax_error_fixture_exists PASSED [ 55%]
2026-01-30T14:51:18.3155753Z tests/test_parser_framework.py::TestPythonFixtures::test_bad_python_missing_imports_fixture_exists PASSED [ 55%]
2026-01-30T14:51:18.3177583Z tests/test_parser_framework.py::TestPythonFixtures::test_bad_python_unused_code_fixture_exists PASSED [ 55%]
2026-01-30T14:51:18.3198052Z tests/test_parser_framework.py::TestPythonFixtures::test_bad_python_style_violations_fixture_exists PASSED [ 55%]
2026-01-30T14:51:18.3219883Z tests/test_parser_framework.py::TestPythonFixtures::test_bad_python_unformatted_code_fixture_exists PASSED [ 55%]
2026-01-30T14:51:18.3237789Z tests/test_parser_framework.py::TestCppFixtures::test_good_cpp_code_fixture_exists PASSED [ 56%]
2026-01-30T14:51:18.3256033Z tests/test_parser_framework.py::TestCppFixtures::test_good_cpp_header_fixture_exists PASSED [ 56%]
2026-01-30T14:51:18.3274061Z tests/test_parser_framework.py::TestCppFixtures::test_bad_cpp_syntax_error_fixture_exists PASSED [ 56%]
2026-01-30T14:51:18.3292085Z tests/test_parser_framework.py::TestCppFixtures::test_bad_cpp_style_violations_fixture_exists PASSED [ 56%]
2026-01-30T14:51:18.3310138Z tests/test_parser_framework.py::TestCppFixtures::test_bad_cpp_static_analysis_issues_fixture_exists PASSED [ 56%]
2026-01-30T14:51:18.3327528Z tests/test_parser_framework.py::TestFixtureNamingConventions::test_readme_exists_in_fixtures_directory PASSED [ 57%]
2026-01-30T14:51:18.3344318Z tests/test_parser_framework.py::TestFixtureNamingConventions::test_readme_documents_naming_conventions PASSED [ 57%]
2026-01-30T14:51:18.3362315Z tests/test_parser_framework.py::TestFixtureNamingConventions::test_readme_documents_directory_structure PASSED [ 57%]
2026-01-30T14:51:18.3377778Z tests/test_pylint_parser.py::TestPylintJSONParsing::test_parse_json_output_with_no_issues PASSED [ 57%]
2026-01-30T14:51:18.3393295Z tests/test_pylint_parser.py::TestPylintJSONParsing::test_parse_convention_messages PASSED [ 57%]
2026-01-30T14:51:18.3408786Z tests/test_pylint_parser.py::TestPylintJSONParsing::test_parse_refactor_suggestions PASSED [ 58%]
2026-01-30T14:51:18.3424200Z tests/test_pylint_parser.py::TestPylintJSONParsing::test_parse_warnings PASSED [ 58%]
2026-01-30T14:51:18.3439408Z tests/test_pylint_parser.py::TestPylintJSONParsing::test_parse_errors PASSED [ 58%]
2026-01-30T14:51:18.3454952Z tests/test_pylint_parser.py::TestPylintJSONParsing::test_parse_fatal_errors PASSED [ 58%]
2026-01-30T14:51:18.3470835Z tests/test_pylint_parser.py::TestPylintJSONParsing::test_parse_multiple_issues_mixed_types PASSED [ 58%]
2026-01-30T14:51:18.3486160Z tests/test_pylint_parser.py::TestPylintJSONParsing::test_parse_with_score_information PASSED [ 59%]
2026-01-30T14:51:18.3501356Z tests/test_pylint_parser.py::TestPylintCommandBuilding::test_build_command_default_options PASSED [ 59%]
2026-01-30T14:51:18.3516336Z tests/test_pylint_parser.py::TestPylintCommandBuilding::test_build_command_with_disable_options PASSED [ 59%]
2026-01-30T14:51:18.3531833Z tests/test_pylint_parser.py::TestPylintCommandBuilding::test_build_command_with_enable_options PASSED [ 59%]
2026-01-30T14:51:18.3546886Z tests/test_pylint_parser.py::TestPylintCommandBuilding::test_build_command_with_max_line_length PASSED [ 59%]
2026-01-30T14:51:18.3561902Z tests/test_pylint_parser.py::TestPylintCommandBuilding::test_build_command_with_rcfile PASSED [ 60%]
2026-01-30T14:51:18.3576714Z tests/test_pylint_parser.py::TestPylintCommandBuilding::test_build_command_with_score_enabled PASSED [ 60%]
2026-01-30T14:51:18.3591785Z tests/test_pylint_parser.py::TestPylintCommandBuilding::test_build_command_with_score_disabled PASSED [ 60%]
2026-01-30T14:51:18.3607195Z tests/test_pylint_parser.py::TestPylintCommandBuilding::test_build_command_with_multiple_files PASSED [ 60%]
2026-01-30T14:51:18.3634930Z tests/test_pylint_parser.py::TestPylintErrorHandling::test_error_when_pylint_not_installed PASSED [ 60%]
2026-01-30T14:51:18.3659818Z tests/test_pylint_parser.py::TestPylintErrorHandling::test_timeout_handling PASSED [ 60%]
2026-01-30T14:51:18.3674845Z tests/test_pylint_parser.py::TestPylintErrorHandling::test_invalid_json_handling PASSED [ 61%]
2026-01-30T14:51:18.3704731Z tests/test_pylint_parser.py::TestPylintVersionDetection::test_version_detection PASSED [ 61%]
2026-01-30T14:51:18.3732111Z tests/test_pylint_parser.py::TestPylintVersionDetection::test_version_detection_pylint2 PASSED [ 61%]
2026-01-30T14:51:18.3756056Z tests/test_pylint_parser.py::TestPylintVersionDetection::test_version_detection_failure PASSED [ 61%]
2026-01-30T14:51:19.4104969Z tests/test_pylint_parser.py::TestPylintIntegrationWithFixtures::test_pylint_on_clean_python_code PASSED [ 61%]
2026-01-30T14:51:20.1090242Z tests/test_pylint_parser.py::TestPylintIntegrationWithFixtures::test_pylint_on_code_with_violations PASSED [ 62%]
2026-01-30T14:51:20.1144045Z tests/test_pylint_parser.py::TestPylintConfigurationHandling::test_detect_pylintrc PASSED [ 62%]
2026-01-30T14:51:20.1228555Z tests/test_pylint_parser.py::TestPylintConfigurationHandling::test_detect_pyproject_toml PASSED [ 62%]
2026-01-30T14:51:20.1283265Z tests/test_pylint_parser.py::TestPylintConfigurationHandling::test_detect_setup_cfg PASSED [ 62%]
2026-01-30T14:51:20.1371804Z tests/test_pylint_parser.py::TestPylintConfigurationHandling::test_priority_order_pylintrc_over_others PASSED [ 62%]
2026-01-30T14:51:20.1449623Z tests/test_pylint_parser.py::TestPylintConfigurationHandling::test_no_config_file_returns_none PASSED [ 63%]
2026-01-30T14:51:20.1467779Z tests/test_pylint_parser.py::TestPylintScoreExtraction::test_extract_score_from_text_output PASSED [ 63%]
2026-01-30T14:51:20.1482351Z tests/test_pylint_parser.py::TestPylintScoreExtraction::test_extract_score_with_previous_run PASSED [ 63%]
2026-01-30T14:51:20.1497140Z tests/test_pylint_parser.py::TestPylintScoreExtraction::test_extract_score_when_not_present PASSED [ 63%]
2026-01-30T14:51:20.1511944Z tests/test_pylint_parser.py::TestPylintScoreExtraction::test_extract_perfect_score PASSED [ 63%]
2026-01-30T14:51:20.1528168Z tests/test_pylint_parser.py::TestPylintSeverityMapping::test_convention_maps_to_warning PASSED [ 64%]
2026-01-30T14:51:20.1544287Z tests/test_pylint_parser.py::TestPylintSeverityMapping::test_refactor_maps_to_warning PASSED [ 64%]
2026-01-30T14:51:20.1559757Z tests/test_pylint_parser.py::TestPylintSeverityMapping::test_warning_maps_to_warning PASSED [ 64%]
2026-01-30T14:51:20.1575428Z tests/test_pylint_parser.py::TestPylintSeverityMapping::test_error_maps_to_error PASSED [ 64%]
2026-01-30T14:51:20.1592833Z tests/test_pylint_parser.py::TestPylintSeverityMapping::test_fatal_maps_to_error PASSED [ 64%]
2026-01-30T14:51:20.1610728Z tests/test_pytest_parser.py::TestPytestResultParsing::test_parse_output_all_tests_passed PASSED [ 65%]
2026-01-30T14:51:20.1628197Z tests/test_pytest_parser.py::TestPytestResultParsing::test_parse_output_with_test_failures PASSED [ 65%]
2026-01-30T14:51:20.1646338Z tests/test_pytest_parser.py::TestPytestResultParsing::test_parse_output_with_skipped_tests PASSED [ 65%]
2026-01-30T14:51:20.1663804Z tests/test_pytest_parser.py::TestPytestResultParsing::test_parse_parametrized_tests PASSED [ 65%]
2026-01-30T14:51:20.1681067Z tests/test_pytest_parser.py::TestPytestResultParsing::test_parse_test_durations PASSED [ 65%]
2026-01-30T14:51:20.1698910Z tests/test_pytest_parser.py::TestPytestResultParsing::test_identify_slowest_tests PASSED [ 65%]
2026-01-30T14:51:20.1716609Z tests/test_pytest_parser.py::TestPytestCoverageIntegration::test_parse_coverage_percentage PASSED [ 66%]
2026-01-30T14:51:20.1733993Z tests/test_pytest_parser.py::TestPytestCoverageIntegration::test_parse_coverage_per_module PASSED [ 66%]
2026-01-30T14:51:20.1752178Z tests/test_pytest_parser.py::TestPytestCoverageIntegration::test_parse_missing_lines PASSED [ 66%]
2026-01-30T14:51:20.1769428Z tests/test_pytest_parser.py::TestPytestCoverageIntegration::test_identify_modules_below_threshold PASSED [ 66%]
2026-01-30T14:51:20.1786744Z tests/test_pytest_parser.py::TestPytestCoverageIntegration::test_parse_branch_coverage PASSED [ 66%]
2026-01-30T14:51:20.1803254Z tests/test_pytest_parser.py::TestPytestCommandBuilding::test_build_command_default_options PASSED [ 67%]
2026-01-30T14:51:20.1820250Z tests/test_pytest_parser.py::TestPytestCommandBuilding::test_build_command_with_coverage PASSED [ 67%]
2026-01-30T14:51:20.1840429Z tests/test_pytest_parser.py::TestPytestCommandBuilding::test_build_command_with_markers PASSED [ 67%]
2026-01-30T14:51:20.1861088Z tests/test_pytest_parser.py::TestPytestCommandBuilding::test_build_command_with_keywords PASSED [ 67%]
2026-01-30T14:51:20.1878540Z tests/test_pytest_parser.py::TestPytestCommandBuilding::test_build_command_with_parallel_workers PASSED [ 67%]
2026-01-30T14:51:20.1894128Z tests/test_pytest_parser.py::TestPytestCommandBuilding::test_build_command_with_reruns PASSED [ 68%]
2026-01-30T14:51:20.1909269Z tests/test_pytest_parser.py::TestPytestCommandBuilding::test_build_command_with_verbose PASSED [ 68%]
2026-01-30T14:51:20.1924800Z tests/test_pytest_parser.py::TestPytestCommandBuilding::test_build_command_with_multiple_files PASSED [ 68%]
2026-01-30T14:51:20.1968508Z tests/test_pytest_parser.py::TestPytestErrorHandling::test_error_when_pytest_not_installed PASSED [ 68%]
2026-01-30T14:51:20.2003331Z tests/test_pytest_parser.py::TestPytestErrorHandling::test_timeout_handling PASSED [ 68%]
2026-01-30T14:51:20.2021542Z tests/test_pytest_parser.py::TestPytestErrorHandling::test_parse_with_invalid_json PASSED [ 69%]
2026-01-30T14:51:20.2048950Z tests/test_pytest_parser.py::TestPytestErrorHandling::test_error_when_coverage_plugin_missing PASSED [ 69%]
2026-01-30T14:51:20.2080570Z tests/test_pytest_parser.py::TestPytestVersionDetection::test_version_detection PASSED [ 69%]
2026-01-30T14:51:20.2105797Z tests/test_pytest_parser.py::TestPytestVersionDetection::test_version_detection_failure PASSED [ 69%]
2026-01-30T14:51:20.2119447Z tests/test_pytest_parser.py::TestPytestIntegrationWithFixtures::test_pytest_on_passing_test_suite SKIPPED [ 69%]
2026-01-30T14:51:20.2133148Z tests/test_pytest_parser.py::TestPytestIntegrationWithFixtures::test_pytest_on_failing_test_suite SKIPPED [ 70%]
2026-01-30T14:51:20.2146147Z tests/test_pytest_parser.py::TestPytestIntegrationWithFixtures::test_coverage_measurement SKIPPED [ 70%]
2026-01-30T14:51:20.2163748Z tests/test_pytest_parser.py::TestPytestFlakyTestDetection::test_detect_flaky_test PASSED [ 70%]
2026-01-30T14:51:20.2181900Z tests/test_pytest_parser.py::TestPytestFlakyTestDetection::test_no_flaky_tests PASSED [ 70%]
2026-01-30T14:51:20.2199534Z tests/test_pytest_parser.py::TestPytestSummaryStatistics::test_extract_summary_statistics PASSED [ 70%]
2026-01-30T14:51:20.2217056Z tests/test_pytest_parser.py::TestPytestSummaryStatistics::test_calculate_pass_rate PASSED [ 70%]
2026-01-30T14:51:20.2269001Z tests/test_pytest_parser.py::TestPytestConfigurationHandling::test_detect_pytest_ini PASSED [ 71%]
2026-01-30T14:51:20.2328568Z tests/test_pytest_parser.py::TestPytestConfigurationHandling::test_detect_pyproject_toml PASSED [ 71%]
2026-01-30T14:51:20.2385159Z tests/test_pytest_parser.py::TestPytestConfigurationHandling::test_detect_setup_cfg PASSED [ 71%]
2026-01-30T14:51:20.2441780Z tests/test_pytest_parser.py::TestPytestConfigurationHandling::test_no_config_file_returns_none PASSED [ 71%]
2026-01-30T14:51:20.2457845Z tests/test_radon_parser.py::TestRadonCyclomaticComplexity::test_parse_cc_output_with_no_functions PASSED [ 71%]
2026-01-30T14:51:20.2473682Z tests/test_radon_parser.py::TestRadonCyclomaticComplexity::test_parse_cc_output_with_low_complexity_functions PASSED [ 72%]
2026-01-30T14:51:20.2489525Z tests/test_radon_parser.py::TestRadonCyclomaticComplexity::test_parse_cc_output_with_high_complexity_functions PASSED [ 72%]
2026-01-30T14:51:20.2506145Z tests/test_radon_parser.py::TestRadonCyclomaticComplexity::test_parse_cc_output_with_multiple_functions PASSED [ 72%]
2026-01-30T14:51:20.2521789Z tests/test_radon_parser.py::TestRadonCyclomaticComplexity::test_parse_cc_output_with_methods PASSED [ 72%]
2026-01-30T14:51:20.2536920Z tests/test_radon_parser.py::TestRadonCyclomaticComplexity::test_parse_cc_output_with_closures PASSED [ 72%]
2026-01-30T14:51:20.2552826Z tests/test_radon_parser.py::TestRadonCyclomaticComplexity::test_parse_cc_complexity_ranks PASSED [ 73%]
2026-01-30T14:51:20.2568527Z tests/test_radon_parser.py::TestRadonMaintainabilityIndex::test_parse_mi_output_high_maintainability PASSED [ 73%]
2026-01-30T14:51:20.2584418Z tests/test_radon_parser.py::TestRadonMaintainabilityIndex::test_parse_mi_output_low_maintainability PASSED [ 73%]
2026-01-30T14:51:20.2600009Z tests/test_radon_parser.py::TestRadonMaintainabilityIndex::test_parse_mi_output_multiple_files PASSED [ 73%]
2026-01-30T14:51:20.2615398Z tests/test_radon_parser.py::TestRadonMaintainabilityIndex::test_parse_mi_ranks PASSED [ 73%]
2026-01-30T14:51:20.2631430Z tests/test_radon_parser.py::TestRadonRawMetrics::test_parse_raw_metrics PASSED [ 74%]
2026-01-30T14:51:20.2646933Z tests/test_radon_parser.py::TestRadonRawMetrics::test_parse_raw_metrics_multiple_files PASSED [ 74%]
2026-01-30T14:51:20.2664828Z tests/test_radon_parser.py::TestRadonCommandBuilding::test_build_cc_command_default_options PASSED [ 74%]
2026-01-30T14:51:20.2691025Z tests/test_radon_parser.py::TestRadonCommandBuilding::test_build_cc_command_with_min_grade PASSED [ 74%]
2026-01-30T14:51:20.2705926Z tests/test_radon_parser.py::TestRadonCommandBuilding::test_build_cc_command_with_show_closures PASSED [ 74%]
2026-01-30T14:51:20.2721505Z tests/test_radon_parser.py::TestRadonCommandBuilding::test_build_cc_command_with_exclude_patterns PASSED [ 75%]
2026-01-30T14:51:20.2737074Z tests/test_radon_parser.py::TestRadonCommandBuilding::test_build_mi_command_default_options PASSED [ 75%]
2026-01-30T14:51:20.2752118Z tests/test_radon_parser.py::TestRadonCommandBuilding::test_build_mi_command_with_show_details PASSED [ 75%]
2026-01-30T14:51:20.2766967Z tests/test_radon_parser.py::TestRadonCommandBuilding::test_build_raw_command_default_options PASSED [ 75%]
2026-01-30T14:51:20.2782679Z tests/test_radon_parser.py::TestRadonCommandBuilding::test_build_command_with_multiple_files PASSED [ 75%]
2026-01-30T14:51:20.2810372Z tests/test_radon_parser.py::TestRadonErrorHandling::test_error_when_radon_not_installed PASSED [ 75%]
2026-01-30T14:51:20.2836012Z tests/test_radon_parser.py::TestRadonErrorHandling::test_timeout_handling PASSED [ 76%]
2026-01-30T14:51:20.2851746Z tests/test_radon_parser.py::TestRadonErrorHandling::test_invalid_json_handling PASSED [ 76%]
2026-01-30T14:51:20.2880260Z tests/test_radon_parser.py::TestRadonVersionDetection::test_version_detection PASSED [ 76%]
2026-01-30T14:51:20.2905529Z tests/test_radon_parser.py::TestRadonVersionDetection::test_version_detection_failure PASSED [ 76%]
2026-01-30T14:51:20.4196953Z tests/test_radon_parser.py::TestRadonIntegrationWithFixtures::test_radon_cc_on_simple_python_code PASSED [ 76%]
2026-01-30T14:51:20.5477000Z tests/test_radon_parser.py::TestRadonIntegrationWithFixtures::test_radon_mi_on_python_code PASSED [ 77%]
2026-01-30T14:51:20.5493094Z tests/test_radon_parser.py::TestRadonComplexityAggregation::test_calculate_average_complexity PASSED [ 77%]
2026-01-30T14:51:20.5509905Z tests/test_radon_parser.py::TestRadonComplexityAggregation::test_calculate_average_complexity_with_empty_data PASSED [ 77%]
2026-01-30T14:51:20.5526087Z tests/test_radon_parser.py::TestRadonComplexityAggregation::test_identify_high_complexity_functions PASSED [ 77%]
2026-01-30T14:51:20.5586552Z tests/test_radon_parser.py::TestRadonConfigurationHandling::test_detect_radon_config_in_pyproject_toml PASSED [ 77%]
2026-01-30T14:51:20.5643311Z tests/test_radon_parser.py::TestRadonConfigurationHandling::test_detect_radon_config_in_setup_cfg PASSED [ 78%]
2026-01-30T14:51:20.5702262Z tests/test_radon_parser.py::TestRadonConfigurationHandling::test_no_config_file_returns_none PASSED [ 78%]
2026-01-30T14:51:20.5724951Z tests/test_reporting.py::TestReportSummary::test_summary_from_passing_results PASSED [ 78%]
2026-01-30T14:51:20.5741880Z tests/test_reporting.py::TestReportSummary::test_summary_from_failing_results PASSED [ 78%]
2026-01-30T14:51:20.5757169Z tests/test_reporting.py::TestReportSummary::test_summary_with_empty_results PASSED [ 78%]
2026-01-30T14:51:20.5773027Z tests/test_reporting.py::TestReportSummary::test_summary_to_dict PASSED  [ 79%]
2026-01-30T14:51:20.5790648Z tests/test_reporting.py::TestConsoleReporter::test_generate_report_all_passing PASSED [ 79%]
2026-01-30T14:51:20.5808374Z tests/test_reporting.py::TestConsoleReporter::test_generate_report_with_failures PASSED [ 79%]
2026-01-30T14:51:20.5825762Z tests/test_reporting.py::TestConsoleReporter::test_report_includes_execution_times PASSED [ 79%]
2026-01-30T14:51:20.5842423Z tests/test_reporting.py::TestConsoleReporter::test_report_shows_overall_pass_fail PASSED [ 79%]
2026-01-30T14:51:20.5859820Z tests/test_reporting.py::TestConsoleReporter::test_report_groups_issues_by_file PASSED [ 80%]
2026-01-30T14:51:20.5877051Z tests/test_reporting.py::TestConsoleReporter::test_report_groups_issues_by_validator PASSED [ 80%]
2026-01-30T14:51:20.5894281Z tests/test_reporting.py::TestConsoleReporter::test_report_shows_summary_statistics PASSED [ 80%]
2026-01-30T14:51:20.5911056Z tests/test_reporting.py::TestConsoleReporter::test_colored_output_enabled PASSED [ 80%]
2026-01-30T14:51:20.5927118Z tests/test_reporting.py::TestConsoleReporter::test_plain_text_output PASSED [ 80%]
2026-01-30T14:51:20.5946187Z tests/test_reporting.py::TestConsoleReporter::test_verbose_mode_includes_all_details PASSED [ 80%]
2026-01-30T14:51:20.5963158Z tests/test_reporting.py::TestConsoleReporter::test_quiet_mode_shows_only_errors PASSED [ 81%]
2026-01-30T14:51:20.5980318Z tests/test_reporting.py::TestConsoleReporter::test_report_with_box_drawing_characters PASSED [ 81%]
2026-01-30T14:51:20.5998244Z tests/test_reporting.py::TestConsoleReporter::test_report_without_box_drawing PASSED [ 81%]
2026-01-30T14:51:20.6013686Z tests/test_reporting.py::TestConsoleReporter::test_empty_results_report PASSED [ 81%]
2026-01-30T14:51:20.6033034Z tests/test_reporting.py::TestJSONReporter::test_generate_json_report_all_passing PASSED [ 81%]
2026-01-30T14:51:20.6056100Z tests/test_reporting.py::TestJSONReporter::test_generate_json_report_with_failures PASSED [ 82%]
2026-01-30T14:51:20.6078968Z tests/test_reporting.py::TestJSONReporter::test_json_report_includes_all_errors PASSED [ 82%]
2026-01-30T14:51:20.6101681Z tests/test_reporting.py::TestJSONReporter::test_json_report_includes_warnings PASSED [ 82%]
2026-01-30T14:51:20.6121172Z tests/test_reporting.py::TestJSONReporter::test_json_report_includes_execution_times PASSED [ 82%]
2026-01-30T14:51:20.6140802Z tests/test_reporting.py::TestJSONReporter::test_json_report_includes_file_counts PASSED [ 82%]
2026-01-30T14:51:20.6163920Z tests/test_reporting.py::TestJSONReporter::test_json_report_structure PASSED [ 83%]
2026-01-30T14:51:20.6183456Z tests/test_reporting.py::TestJSONReporter::test_json_report_with_indent PASSED [ 83%]
2026-01-30T14:51:20.6202578Z tests/test_reporting.py::TestJSONReporter::test_json_report_without_indent PASSED [ 83%]
2026-01-30T14:51:20.6269106Z tests/test_reporting.py::TestJSONReporter::test_json_report_file_export PASSED [ 83%]
2026-01-30T14:51:20.6286179Z tests/test_reporting.py::TestJSONReporter::test_json_report_empty_results PASSED [ 83%]
2026-01-30T14:51:20.6302228Z tests/test_reporting.py::TestReportFormatting::test_format_duration_seconds PASSED [ 84%]
2026-01-30T14:51:20.6317733Z tests/test_reporting.py::TestReportFormatting::test_format_duration_milliseconds PASSED [ 84%]
2026-01-30T14:51:20.6333194Z tests/test_reporting.py::TestReportFormatting::test_format_file_path_relative PASSED [ 84%]
2026-01-30T14:51:20.6348678Z tests/test_reporting.py::TestReportFormatting::test_format_file_path_absolute PASSED [ 84%]
2026-01-30T14:51:20.6363475Z tests/test_reporting.py::TestReportFormatting::test_format_issue_location PASSED [ 84%]
2026-01-30T14:51:20.6378350Z tests/test_reporting.py::TestReportFormatting::test_format_issue_location_without_column PASSED [ 85%]
2026-01-30T14:51:20.6397333Z tests/test_reporting.py::TestColorSupport::test_detect_color_support_tty PASSED [ 85%]
2026-01-30T14:51:20.6415088Z tests/test_reporting.py::TestColorSupport::test_detect_color_support_no_tty PASSED [ 85%]
2026-01-30T14:51:20.6432061Z tests/test_reporting.py::TestColorSupport::test_detect_color_support_no_color_env PASSED [ 85%]
2026-01-30T14:51:20.6551327Z tests/test_reporting.py::TestReportExport::test_export_console_report_to_file PASSED [ 85%]
2026-01-30T14:51:20.6615334Z tests/test_reporting.py::TestReportExport::test_export_json_report_to_file PASSED [ 85%]
2026-01-30T14:51:20.6632194Z tests/test_reporting.py::TestIssueGrouping::test_group_issues_by_file PASSED [ 86%]
2026-01-30T14:51:20.6648657Z tests/test_reporting.py::TestIssueGrouping::test_group_issues_by_validator PASSED [ 86%]
2026-01-30T14:51:20.6666389Z tests/test_reporting.py::TestIssueGrouping::test_group_issues_by_severity PASSED [ 86%]
2026-01-30T14:51:20.6681628Z tests/test_validator_interface.py::TestValidationResult::test_validation_result_creation PASSED [ 86%]
2026-01-30T14:51:20.6696351Z tests/test_validator_interface.py::TestValidationResult::test_validation_result_with_errors PASSED [ 86%]
2026-01-30T14:51:20.6711628Z tests/test_validator_interface.py::TestValidationResult::test_validation_result_to_dict PASSED [ 87%]
2026-01-30T14:51:20.6726504Z tests/test_validator_interface.py::TestValidationResult::test_validation_result_from_dict PASSED [ 87%]
2026-01-30T14:51:20.6741515Z tests/test_validator_interface.py::TestValidationResult::test_validation_result_equality PASSED [ 87%]
2026-01-30T14:51:20.6756845Z tests/test_validator_interface.py::TestValidationResult::test_validation_result_with_empty_lists PASSED [ 87%]
2026-01-30T14:51:20.6772090Z tests/test_validator_interface.py::TestIssue::test_issue_creation_with_all_fields PASSED [ 87%]
2026-01-30T14:51:20.6787703Z tests/test_validator_interface.py::TestIssue::test_issue_creation_with_optional_fields PASSED [ 88%]
2026-01-30T14:51:20.6806104Z tests/test_validator_interface.py::TestIssue::test_issue_severity_validation_error PASSED [ 88%]
2026-01-30T14:51:20.6821219Z tests/test_validator_interface.py::TestIssue::test_issue_to_dict PASSED  [ 88%]
2026-01-30T14:51:20.6839912Z tests/test_validator_interface.py::TestValidator::test_validator_abstract_methods_raise_not_implemented PASSED [ 88%]
2026-01-30T14:51:20.6855352Z tests/test_validator_interface.py::TestValidator::test_validator_subclass_must_implement_methods PASSED [ 88%]
2026-01-30T14:51:20.6872139Z tests/test_validator_interface.py::TestValidator::test_validator_complete_subclass PASSED [ 89%]
2026-01-30T14:51:20.6889637Z tests/test_validator_registry.py::TestValidatorRegistration::test_register_validator_by_language PASSED [ 89%]
2026-01-30T14:51:20.6907480Z tests/test_validator_registry.py::TestValidatorRegistration::test_register_multiple_validators_same_language PASSED [ 89%]
2026-01-30T14:51:20.6925190Z tests/test_validator_registry.py::TestValidatorRegistration::test_register_validators_different_languages PASSED [ 89%]
2026-01-30T14:51:20.6944571Z tests/test_validator_registry.py::TestValidatorRegistration::test_register_duplicate_validator_raises_error PASSED [ 89%]
2026-01-30T14:51:20.6962219Z tests/test_validator_registry.py::TestValidatorRetrieval::test_get_validators_by_language PASSED [ 90%]
2026-01-30T14:51:20.6978507Z tests/test_validator_registry.py::TestValidatorRetrieval::test_get_validators_by_nonexistent_language PASSED [ 90%]
2026-01-30T14:51:20.6995205Z tests/test_validator_registry.py::TestValidatorRetrieval::test_get_validator_by_name PASSED [ 90%]
2026-01-30T14:51:20.7011592Z tests/test_validator_registry.py::TestValidatorRetrieval::test_get_nonexistent_validator_raises_error PASSED [ 90%]
2026-01-30T14:51:20.7028949Z tests/test_validator_registry.py::TestValidatorRetrieval::test_get_validator_case_sensitive PASSED [ 90%]
2026-01-30T14:51:20.7046071Z tests/test_validator_registry.py::TestValidatorAvailability::test_validator_availability_check_exists PASSED [ 90%]
2026-01-30T14:51:20.7062177Z tests/test_validator_registry.py::TestValidatorAvailability::test_validator_availability_check_not_exists PASSED [ 91%]
2026-01-30T14:51:20.7079656Z tests/test_validator_registry.py::TestValidatorListing::test_list_all_registered_validators PASSED [ 91%]
2026-01-30T14:51:20.7095355Z tests/test_validator_registry.py::TestValidatorListing::test_list_all_empty_registry PASSED [ 91%]
2026-01-30T14:51:20.7113763Z tests/test_validator_registry.py::TestValidatorListing::test_list_validators_for_specific_language PASSED [ 91%]
2026-01-30T14:51:20.7130338Z tests/test_validator_registry.py::TestValidatorOrdering::test_validator_ordering_deterministic PASSED [ 91%]
2026-01-30T14:51:20.7147177Z tests/test_validator_registry.py::TestValidatorMetadata::test_get_validator_metadata PASSED [ 92%]
2026-01-30T14:51:20.7163629Z tests/test_validator_registry.py::TestValidatorMetadata::test_get_metadata_for_nonexistent_validator PASSED [ 92%]
2026-01-30T14:51:20.7181060Z tests/test_validator_registry.py::TestValidatorMetadata::test_list_all_metadata PASSED [ 92%]
2026-01-30T14:51:20.7197378Z tests/test_validator_registry.py::TestValidatorFiltering::test_filter_validators_by_enabled_status PASSED [ 92%]
2026-01-30T14:51:20.7214248Z tests/test_validator_registry.py::TestValidatorFiltering::test_filter_by_language_and_names PASSED [ 92%]
2026-01-30T14:51:20.7229258Z tests/test_validator_registry.py::TestRegistrySingleton::test_multiple_registry_instances_independent PASSED [ 93%]
2026-01-30T14:51:20.7245512Z tests/test_validator_registry.py::TestEdgeCases::test_get_validators_with_empty_language_string PASSED [ 93%]
2026-01-30T14:51:20.7265291Z tests/test_validator_registry.py::TestEdgeCases::test_register_validator_with_empty_name_raises_error PASSED [ 93%]
2026-01-30T14:51:20.7284088Z tests/test_validator_registry.py::TestEdgeCases::test_register_validator_with_empty_language_raises_error PASSED [ 93%]
2026-01-30T14:51:20.7300957Z tests/test_validator_registry.py::TestEdgeCases::test_unregister_validator PASSED [ 93%]
2026-01-30T14:51:20.7317703Z tests/test_validator_registry.py::TestEdgeCases::test_unregister_nonexistent_validator_raises_error PASSED [ 94%]
2026-01-30T14:51:20.7336224Z tests/test_validator_registry.py::TestEdgeCases::test_clear_registry PASSED [ 94%]
2026-01-30T14:51:20.7351569Z tests/test_vulture_parser.py::TestVultureUnusedCodeDetection::test_parse_output_with_no_unused_code PASSED [ 94%]
2026-01-30T14:51:20.7372965Z tests/test_vulture_parser.py::TestVultureUnusedCodeDetection::test_parse_unused_function_detection PASSED [ 94%]
2026-01-30T14:51:20.7388016Z tests/test_vulture_parser.py::TestVultureUnusedCodeDetection::test_parse_unused_method_detection PASSED [ 94%]
2026-01-30T14:51:20.7403800Z tests/test_vulture_parser.py::TestVultureUnusedCodeDetection::test_parse_unused_class_detection PASSED [ 95%]
2026-01-30T14:51:20.7419297Z tests/test_vulture_parser.py::TestVultureUnusedCodeDetection::test_parse_unused_variable_detection PASSED [ 95%]
2026-01-30T14:51:20.7434675Z tests/test_vulture_parser.py::TestVultureUnusedCodeDetection::test_parse_unused_import_detection PASSED [ 95%]
2026-01-30T14:51:20.7449757Z tests/test_vulture_parser.py::TestVultureUnusedCodeDetection::test_parse_unused_property_detection PASSED [ 95%]
2026-01-30T14:51:20.7465759Z tests/test_vulture_parser.py::TestVultureUnusedCodeDetection::test_parse_multiple_unused_items PASSED [ 95%]
2026-01-30T14:51:20.7481647Z tests/test_vulture_parser.py::TestVultureUnusedCodeDetection::test_filter_by_minimum_confidence_threshold PASSED [ 95%]
2026-01-30T14:51:20.7497457Z tests/test_vulture_parser.py::TestVultureCommandBuilding::test_build_command_default_options PASSED [ 96%]
2026-01-30T14:51:20.7512351Z tests/test_vulture_parser.py::TestVultureCommandBuilding::test_build_command_with_min_confidence PASSED [ 96%]
2026-01-30T14:51:20.7527432Z tests/test_vulture_parser.py::TestVultureCommandBuilding::test_build_command_with_exclude_patterns PASSED [ 96%]
2026-01-30T14:51:20.7542910Z tests/test_vulture_parser.py::TestVultureCommandBuilding::test_build_command_with_ignore_decorators PASSED [ 96%]
2026-01-30T14:51:20.7558244Z tests/test_vulture_parser.py::TestVultureCommandBuilding::test_build_command_with_ignore_names PASSED [ 96%]
2026-01-30T14:51:20.7573613Z tests/test_vulture_parser.py::TestVultureCommandBuilding::test_build_command_with_make_whitelist PASSED [ 97%]
2026-01-30T14:51:20.7588737Z tests/test_vulture_parser.py::TestVultureCommandBuilding::test_build_command_with_sort_by_size PASSED [ 97%]
2026-01-30T14:51:20.7617601Z tests/test_vulture_parser.py::TestVultureErrorHandling::test_error_when_vulture_not_installed PASSED [ 97%]
2026-01-30T14:51:20.7641678Z tests/test_vulture_parser.py::TestVultureErrorHandling::test_timeout_handling PASSED [ 97%]
2026-01-30T14:51:20.7656753Z tests/test_vulture_parser.py::TestVultureErrorHandling::test_parse_with_empty_output PASSED [ 97%]
2026-01-30T14:51:20.7687212Z tests/test_vulture_parser.py::TestVultureVersionDetection::test_version_detection PASSED [ 98%]
2026-01-30T14:51:20.7711610Z tests/test_vulture_parser.py::TestVultureVersionDetection::test_version_detection_failure PASSED [ 98%]
2026-01-30T14:51:20.7727534Z tests/test_vulture_parser.py::TestVultureIntegrationWithFixtures::test_vulture_on_code_with_unused_items SKIPPED [ 98%]
2026-01-30T14:51:20.7740656Z tests/test_vulture_parser.py::TestVultureIntegrationWithFixtures::test_vulture_on_clean_code SKIPPED [ 98%]
2026-01-30T14:51:20.7756331Z tests/test_vulture_parser.py::TestVultureStatistics::test_group_unused_items_by_type PASSED [ 98%]
2026-01-30T14:51:20.7771391Z tests/test_vulture_parser.py::TestVultureStatistics::test_calculate_total_unused_count PASSED [ 99%]
2026-01-30T14:51:20.7788578Z tests/test_vulture_parser.py::TestVultureStatistics::test_extract_confidence_scores PASSED [ 99%]
2026-01-30T14:51:20.7803267Z tests/test_vulture_parser.py::TestVultureStatistics::test_calculate_average_confidence PASSED [ 99%]
2026-01-30T14:51:20.7864810Z tests/test_vulture_parser.py::TestVultureConfigurationHandling::test_detect_vulture_config_in_pyproject_toml PASSED [ 99%]
2026-01-30T14:51:20.7925311Z tests/test_vulture_parser.py::TestVultureConfigurationHandling::test_detect_vulture_config_in_setup_cfg PASSED [ 99%]
2026-01-30T14:51:22.2797983Z tests/test_vulture_parser.py::TestVultureConfigurationHandling::test_no_config_file_returns_none PASSED [100%]
2026-01-30T14:51:22.2798701Z 
2026-01-30T14:51:22.2798892Z =============================== tests coverage ================================
2026-01-30T14:51:22.2799526Z ______________ coverage: platform win32, python 3.10.11-final-0 _______________
2026-01-30T14:51:22.2800304Z 
2026-01-30T14:51:22.2800474Z Name                                  Stmts   Miss  Cover   Missing
2026-01-30T14:51:22.2800951Z -------------------------------------------------------------------
2026-01-30T14:51:22.2801458Z anvil\__init__.py                         2      0   100%
2026-01-30T14:51:22.2801919Z anvil\config\__init__.py                  2      0   100%
2026-01-30T14:51:22.2802459Z anvil\config\configuration.py            91      3    97%   265, 280, 302
2026-01-30T14:51:22.2803023Z anvil\core\__init__.py                    5      0   100%
2026-01-30T14:51:22.2803580Z anvil\core\file_collector.py            106      9    92%   92, 157, 211-213, 300-303, 319
2026-01-30T14:51:22.2804278Z anvil\core\language_detector.py          72     13    82%   169-170, 187, 209-224
2026-01-30T14:51:22.2804923Z anvil\core\orchestrator.py               90      8    91%   99, 125, 245-251
2026-01-30T14:51:22.2805490Z anvil\core\validator_registry.py         62      0   100%
2026-01-30T14:51:22.2805964Z anvil\models\__init__.py                  2      0   100%
2026-01-30T14:51:22.2806416Z anvil\models\validator.py                34      0   100%
2026-01-30T14:51:22.2806879Z anvil\parsers\__init__.py                11      0   100%
2026-01-30T14:51:22.2807477Z anvil\parsers\autoflake_parser.py       105      8    92%   95, 162, 214, 264, 276, 279, 287-288
2026-01-30T14:51:22.2808271Z anvil\parsers\black_parser.py           117     17    85%   97-106, 131, 146, 188-192, 258-260, 315, 324-329
2026-01-30T14:51:22.2809336Z anvil\parsers\clang_tidy_parser.py      190     34    82%   50, 113-116, 136-138, 158-175, 195, 214, 225-226, 302, 323, 387, 420, 430-431, 453, 464-465, 488, 494-495, 525
2026-01-30T14:51:22.2810484Z anvil\parsers\cppcheck_parser.py        165     15    91%   128, 156-158, 191, 200, 258, 279, 343, 392-393, 416, 431-432, 471-472
2026-01-30T14:51:22.2811550Z anvil\parsers\flake8_parser.py          122     11    91%   32, 50, 134, 141, 165-169, 194, 303-305, 358
2026-01-30T14:51:22.2812304Z anvil\parsers\isort_parser.py            96      9    91%   199-203, 271, 275-276, 280, 284
2026-01-30T14:51:22.2812908Z anvil\parsers\pylint_parser.py           93      1    99%   211
2026-01-30T14:51:22.2813685Z anvil\parsers\pytest_parser.py          206     26    87%   90-94, 128, 184-186, 207-208, 229-231, 263-265, 289, 365-386, 442-443, 470-471, 490
2026-01-30T14:51:22.2814661Z anvil\parsers\radon_parser.py           182     26    86%   57, 87-97, 337-340, 361-375, 419-420, 444, 497, 505-506, 531, 541-544
2026-01-30T14:51:22.2815479Z anvil\parsers\vulture_parser.py         118      8    93%   44, 102, 169, 186-187, 211, 262, 333
2026-01-30T14:51:22.2816070Z anvil\reporting\__init__.py               4      0   100%
2026-01-30T14:51:22.2816631Z anvil\reporting\console_reporter.py     134      9    93%   96, 142, 177, 201-206, 252
2026-01-30T14:51:22.2817587Z anvil\reporting\formatters.py            21      3    86%   41, 51-53
2026-01-30T14:51:22.2817981Z anvil\reporting\grouping.py              21      0   100%
2026-01-30T14:51:22.2818343Z anvil\reporting\json_reporter.py         19      1    95%   42
2026-01-30T14:51:22.2818706Z anvil\reporting\reporter.py              31      0   100%
2026-01-30T14:51:22.2819044Z -------------------------------------------------------------------
2026-01-30T14:51:22.2819373Z TOTAL                                  2101    201    90%
2026-01-30T14:51:22.2819639Z Coverage HTML written to dir htmlcov
2026-01-30T14:51:22.2819900Z Coverage XML written to file coverage.xml
2026-01-30T14:51:22.2820221Z Required test coverage of 90% reached. Total coverage: 90.43%
2026-01-30T14:51:22.2820640Z ====================== 509 passed, 11 skipped in 31.16s =======================
2026-01-30T14:51:22.4490446Z Post job cleanup.
2026-01-30T14:51:22.6889267Z Post job cleanup.
2026-01-30T14:51:22.9306121Z [command]"C:\Program Files\Git\bin\git.exe" version
2026-01-30T14:51:22.9668775Z git version 2.52.0.windows.1
2026-01-30T14:51:22.9761275Z Temporarily overriding HOME='D:\a\_temp\963c317b-a53c-4d51-90e3-5c237efa4308' before making global git config changes
2026-01-30T14:51:22.9766137Z Adding repository directory to the temporary git global config as a safe directory
2026-01-30T14:51:22.9775412Z [command]"C:\Program Files\Git\bin\git.exe" config --global --add safe.directory D:\a\argos\argos
2026-01-30T14:51:23.0131394Z [command]"C:\Program Files\Git\bin\git.exe" config --local --name-only --get-regexp core\.sshCommand
2026-01-30T14:51:23.0515195Z [command]"C:\Program Files\Git\bin\git.exe" submodule foreach --recursive "sh -c \"git config --local --name-only --get-regexp 'core\.sshCommand' && git config --local --unset-all 'core.sshCommand' || :\""
2026-01-30T14:51:23.6137390Z [command]"C:\Program Files\Git\bin\git.exe" config --local --name-only --get-regexp http\.https\:\/\/github\.com\/\.extraheader
2026-01-30T14:51:23.6423851Z http.https://github.com/.extraheader
2026-01-30T14:51:23.6474011Z [command]"C:\Program Files\Git\bin\git.exe" config --local --unset-all http.https://github.com/.extraheader
2026-01-30T14:51:23.6798698Z [command]"C:\Program Files\Git\bin\git.exe" submodule foreach --recursive "sh -c \"git config --local --name-only --get-regexp 'http\.https\:\/\/github\.com\/\.extraheader' && git config --local --unset-all 'http.https://github.com/.extraheader' || :\""
2026-01-30T14:51:24.2315964Z [command]"C:\Program Files\Git\bin\git.exe" config --local --name-only --get-regexp ^includeIf\.gitdir:
2026-01-30T14:51:24.2632333Z [command]"C:\Program Files\Git\bin\git.exe" submodule foreach --recursive "git config --local --show-origin --name-only --get-regexp remote.origin.url"
2026-01-30T14:51:24.8237315Z Cleaning up orphan processes
