2026-01-30T14:50:16.1592850Z Current runner version: '2.331.0'
2026-01-30T14:50:16.1615201Z ##[group]Runner Image Provisioner
2026-01-30T14:50:16.1616042Z Hosted Compute Agent
2026-01-30T14:50:16.1616807Z Version: 20260123.484
2026-01-30T14:50:16.1617369Z Commit: 6bd6555ca37d84114959e1c76d2c01448ff61c5d
2026-01-30T14:50:16.1618043Z Build Date: 2026-01-23T19:41:17Z
2026-01-30T14:50:16.1618686Z Worker ID: {d5e63ceb-1649-4b68-83bc-4759da6af494}
2026-01-30T14:50:16.1619399Z Azure Region: westus3
2026-01-30T14:50:16.1619891Z ##[endgroup]
2026-01-30T14:50:16.1621387Z ##[group]Operating System
2026-01-30T14:50:16.1621983Z Ubuntu
2026-01-30T14:50:16.1622406Z 24.04.3
2026-01-30T14:50:16.1622902Z LTS
2026-01-30T14:50:16.1623360Z ##[endgroup]
2026-01-30T14:50:16.1623842Z ##[group]Runner Image
2026-01-30T14:50:16.1624312Z Image: ubuntu-24.04
2026-01-30T14:50:16.1624867Z Version: 20260126.10.1
2026-01-30T14:50:16.1625960Z Included Software: https://github.com/actions/runner-images/blob/ubuntu24/20260126.10/images/ubuntu/Ubuntu2404-Readme.md
2026-01-30T14:50:16.1627764Z Image Release: https://github.com/actions/runner-images/releases/tag/ubuntu24%2F20260126.10
2026-01-30T14:50:16.1628665Z ##[endgroup]
2026-01-30T14:50:16.1629755Z ##[group]GITHUB_TOKEN Permissions
2026-01-30T14:50:16.1631534Z Contents: read
2026-01-30T14:50:16.1632027Z Metadata: read
2026-01-30T14:50:16.1632648Z Packages: read
2026-01-30T14:50:16.1633135Z ##[endgroup]
2026-01-30T14:50:16.1635177Z Secret source: Actions
2026-01-30T14:50:16.1636106Z Prepare workflow directory
2026-01-30T14:50:16.2018272Z Prepare all required actions
2026-01-30T14:50:16.2075506Z Getting action download info
2026-01-30T14:50:16.6468296Z Download action repository 'actions/checkout@v4' (SHA:34e114876b0b11c390a56381ad16ebd13914f8d5)
2026-01-30T14:50:16.7534731Z Download action repository 'actions/setup-python@v5' (SHA:a26af69be951a213d495a4c3e4e4022e16d87065)
2026-01-30T14:50:16.8604706Z Download action repository 'codecov/codecov-action@v4' (SHA:b9fd7d16f6d7d1b5d2bec1a2887e65ceed900238)
2026-01-30T14:50:17.6988025Z Complete job name: test (ubuntu-latest, 3.10)
2026-01-30T14:50:17.7644427Z ##[group]Run actions/checkout@v4
2026-01-30T14:50:17.7645372Z with:
2026-01-30T14:50:17.7645817Z   repository: lmvcruz/argos
2026-01-30T14:50:17.7646546Z   token: ***
2026-01-30T14:50:17.7647234Z   ssh-strict: true
2026-01-30T14:50:17.7647699Z   ssh-user: git
2026-01-30T14:50:17.7648172Z   persist-credentials: true
2026-01-30T14:50:17.7648706Z   clean: true
2026-01-30T14:50:17.7649190Z   sparse-checkout-cone-mode: true
2026-01-30T14:50:17.7649773Z   fetch-depth: 1
2026-01-30T14:50:17.7650237Z   fetch-tags: false
2026-01-30T14:50:17.7650715Z   show-progress: true
2026-01-30T14:50:17.7651197Z   lfs: false
2026-01-30T14:50:17.7651623Z   submodules: false
2026-01-30T14:50:17.7652101Z   set-safe-directory: true
2026-01-30T14:50:17.7652889Z ##[endgroup]
2026-01-30T14:50:17.8692735Z Syncing repository: lmvcruz/argos
2026-01-30T14:50:17.8694869Z ##[group]Getting Git version info
2026-01-30T14:50:17.8695647Z Working directory is '/home/runner/work/argos/argos'
2026-01-30T14:50:17.8696966Z [command]/usr/bin/git version
2026-01-30T14:50:17.8766824Z git version 2.52.0
2026-01-30T14:50:17.8792126Z ##[endgroup]
2026-01-30T14:50:17.8812611Z Temporarily overriding HOME='/home/runner/work/_temp/bb3bdac9-2422-414b-876c-977a562b5d34' before making global git config changes
2026-01-30T14:50:17.8814382Z Adding repository directory to the temporary git global config as a safe directory
2026-01-30T14:50:17.8817445Z [command]/usr/bin/git config --global --add safe.directory /home/runner/work/argos/argos
2026-01-30T14:50:17.8854971Z Deleting the contents of '/home/runner/work/argos/argos'
2026-01-30T14:50:17.8858630Z ##[group]Initializing the repository
2026-01-30T14:50:17.8862143Z [command]/usr/bin/git init /home/runner/work/argos/argos
2026-01-30T14:50:17.8961576Z hint: Using 'master' as the name for the initial branch. This default branch name
2026-01-30T14:50:17.8962867Z hint: will change to "main" in Git 3.0. To configure the initial branch name
2026-01-30T14:50:17.8964309Z hint: to use in all of your new repositories, which will suppress this warning,
2026-01-30T14:50:17.8965436Z hint: call:
2026-01-30T14:50:17.8966257Z hint:
2026-01-30T14:50:17.8967156Z hint: 	git config --global init.defaultBranch <name>
2026-01-30T14:50:17.8967916Z hint:
2026-01-30T14:50:17.8968551Z hint: Names commonly chosen instead of 'master' are 'main', 'trunk' and
2026-01-30T14:50:17.8969696Z hint: 'development'. The just-created branch can be renamed via this command:
2026-01-30T14:50:17.8970720Z hint:
2026-01-30T14:50:17.8971406Z hint: 	git branch -m <name>
2026-01-30T14:50:17.8972205Z hint:
2026-01-30T14:50:17.8973315Z hint: Disable this message with "git config set advice.defaultBranchName false"
2026-01-30T14:50:17.8974857Z Initialized empty Git repository in /home/runner/work/argos/argos/.git/
2026-01-30T14:50:17.8977468Z [command]/usr/bin/git remote add origin https://github.com/lmvcruz/argos
2026-01-30T14:50:17.9008567Z ##[endgroup]
2026-01-30T14:50:17.9009393Z ##[group]Disabling automatic garbage collection
2026-01-30T14:50:17.9012192Z [command]/usr/bin/git config --local gc.auto 0
2026-01-30T14:50:17.9039245Z ##[endgroup]
2026-01-30T14:50:17.9040013Z ##[group]Setting up auth
2026-01-30T14:50:17.9045900Z [command]/usr/bin/git config --local --name-only --get-regexp core\.sshCommand
2026-01-30T14:50:17.9074515Z [command]/usr/bin/git submodule foreach --recursive sh -c "git config --local --name-only --get-regexp 'core\.sshCommand' && git config --local --unset-all 'core.sshCommand' || :"
2026-01-30T14:50:17.9410012Z [command]/usr/bin/git config --local --name-only --get-regexp http\.https\:\/\/github\.com\/\.extraheader
2026-01-30T14:50:17.9441402Z [command]/usr/bin/git submodule foreach --recursive sh -c "git config --local --name-only --get-regexp 'http\.https\:\/\/github\.com\/\.extraheader' && git config --local --unset-all 'http.https://github.com/.extraheader' || :"
2026-01-30T14:50:17.9657059Z [command]/usr/bin/git config --local --name-only --get-regexp ^includeIf\.gitdir:
2026-01-30T14:50:17.9688671Z [command]/usr/bin/git submodule foreach --recursive git config --local --show-origin --name-only --get-regexp remote.origin.url
2026-01-30T14:50:17.9911073Z [command]/usr/bin/git config --local http.https://github.com/.extraheader AUTHORIZATION: basic ***
2026-01-30T14:50:17.9943794Z ##[endgroup]
2026-01-30T14:50:17.9945254Z ##[group]Fetching the repository
2026-01-30T14:50:17.9954335Z [command]/usr/bin/git -c protocol.version=2 fetch --no-tags --prune --no-recurse-submodules --depth=1 origin +1aeb0fe9fe004c4fbd357a3622da2c38e20877ea:refs/remotes/origin/main
2026-01-30T14:50:18.6431287Z From https://github.com/lmvcruz/argos
2026-01-30T14:50:18.6433085Z  * [new ref]         1aeb0fe9fe004c4fbd357a3622da2c38e20877ea -> origin/main
2026-01-30T14:50:18.6443713Z ##[endgroup]
2026-01-30T14:50:18.6445083Z ##[group]Determining the checkout info
2026-01-30T14:50:18.6446891Z ##[endgroup]
2026-01-30T14:50:18.6451779Z [command]/usr/bin/git sparse-checkout disable
2026-01-30T14:50:18.6494096Z [command]/usr/bin/git config --local --unset-all extensions.worktreeConfig
2026-01-30T14:50:18.6522426Z ##[group]Checking out the ref
2026-01-30T14:50:18.6526411Z [command]/usr/bin/git checkout --progress --force -B main refs/remotes/origin/main
2026-01-30T14:50:18.6715119Z Switched to a new branch 'main'
2026-01-30T14:50:18.6717325Z branch 'main' set up to track 'origin/main'.
2026-01-30T14:50:18.6724644Z ##[endgroup]
2026-01-30T14:50:18.6760505Z [command]/usr/bin/git log -1 --format=%H
2026-01-30T14:50:18.6782701Z 1aeb0fe9fe004c4fbd357a3622da2c38e20877ea
2026-01-30T14:50:18.7061523Z ##[group]Run actions/setup-python@v5
2026-01-30T14:50:18.7062275Z with:
2026-01-30T14:50:18.7062717Z   python-version: 3.10
2026-01-30T14:50:18.7063283Z   check-latest: false
2026-01-30T14:50:18.7064066Z   token: ***
2026-01-30T14:50:18.7064558Z   update-environment: true
2026-01-30T14:50:18.7065209Z   allow-prereleases: false
2026-01-30T14:50:18.7065822Z   freethreaded: false
2026-01-30T14:50:18.7066350Z ##[endgroup]
2026-01-30T14:50:18.8785303Z ##[group]Installed versions
2026-01-30T14:50:18.8882721Z Successfully set up CPython (3.10.19)
2026-01-30T14:50:18.8884907Z ##[endgroup]
2026-01-30T14:50:18.9031972Z ##[group]Run python -m pip install --upgrade pip
2026-01-30T14:50:18.9033569Z [36;1mpython -m pip install --upgrade pip[0m
2026-01-30T14:50:18.9034970Z [36;1mpip install -r requirements.txt[0m
2026-01-30T14:50:18.9157544Z shell: /usr/bin/bash -e {0}
2026-01-30T14:50:18.9158649Z env:
2026-01-30T14:50:18.9159754Z   pythonLocation: /opt/hostedtoolcache/Python/3.10.19/x64
2026-01-30T14:50:18.9161656Z   PKG_CONFIG_PATH: /opt/hostedtoolcache/Python/3.10.19/x64/lib/pkgconfig
2026-01-30T14:50:18.9163535Z   Python_ROOT_DIR: /opt/hostedtoolcache/Python/3.10.19/x64
2026-01-30T14:50:18.9165188Z   Python2_ROOT_DIR: /opt/hostedtoolcache/Python/3.10.19/x64
2026-01-30T14:50:18.9167068Z   Python3_ROOT_DIR: /opt/hostedtoolcache/Python/3.10.19/x64
2026-01-30T14:50:18.9168762Z   LD_LIBRARY_PATH: /opt/hostedtoolcache/Python/3.10.19/x64/lib
2026-01-30T14:50:18.9170213Z ##[endgroup]
2026-01-30T14:50:21.0630863Z Requirement already satisfied: pip in /opt/hostedtoolcache/Python/3.10.19/x64/lib/python3.10/site-packages (25.3)
2026-01-30T14:50:22.1849327Z Collecting toml>=0.10.2 (from -r requirements.txt (line 2))
2026-01-30T14:50:22.2602085Z   Downloading toml-0.10.2-py2.py3-none-any.whl.metadata (7.1 kB)
2026-01-30T14:50:22.3280487Z Collecting pyyaml>=6.0 (from -r requirements.txt (line 3))
2026-01-30T14:50:22.3384630Z   Downloading pyyaml-6.0.3-cp310-cp310-manylinux2014_x86_64.manylinux_2_17_x86_64.manylinux_2_28_x86_64.whl.metadata (2.4 kB)
2026-01-30T14:50:22.3985123Z Collecting pytest>=7.0.0 (from -r requirements.txt (line 6))
2026-01-30T14:50:22.4085714Z   Downloading pytest-9.0.2-py3-none-any.whl.metadata (7.6 kB)
2026-01-30T14:50:22.4359771Z Collecting pytest-cov>=3.0.0 (from -r requirements.txt (line 7))
2026-01-30T14:50:22.4460572Z   Downloading pytest_cov-7.0.0-py3-none-any.whl.metadata (31 kB)
2026-01-30T14:50:22.4824916Z Collecting pytest-mock>=3.10.0 (from -r requirements.txt (line 8))
2026-01-30T14:50:22.4926183Z   Downloading pytest_mock-3.15.1-py3-none-any.whl.metadata (3.9 kB)
2026-01-30T14:50:22.5698596Z Collecting black>=22.0.0 (from -r requirements.txt (line 9))
2026-01-30T14:50:22.5801918Z   Downloading black-26.1.0-cp310-cp310-manylinux2014_x86_64.manylinux_2_17_x86_64.manylinux_2_28_x86_64.whl.metadata (88 kB)
2026-01-30T14:50:22.6259645Z Collecting flake8>=5.0.0 (from -r requirements.txt (line 10))
2026-01-30T14:50:22.6363607Z   Downloading flake8-7.3.0-py2.py3-none-any.whl.metadata (3.8 kB)
2026-01-30T14:50:22.6805149Z Collecting isort>=5.10.0 (from -r requirements.txt (line 11))
2026-01-30T14:50:22.6907693Z   Downloading isort-7.0.0-py3-none-any.whl.metadata (11 kB)
2026-01-30T14:50:22.7478711Z Collecting pylint>=2.15.0 (from -r requirements.txt (line 12))
2026-01-30T14:50:22.7584293Z   Downloading pylint-4.0.4-py3-none-any.whl.metadata (12 kB)
2026-01-30T14:50:22.7868942Z Collecting radon>=5.1.0 (from -r requirements.txt (line 13))
2026-01-30T14:50:22.7982793Z   Downloading radon-6.0.1-py2.py3-none-any.whl.metadata (8.2 kB)
2026-01-30T14:50:22.8229049Z Collecting vulture>=2.7 (from -r requirements.txt (line 14))
2026-01-30T14:50:22.8354628Z   Downloading vulture-2.14-py2.py3-none-any.whl.metadata (24 kB)
2026-01-30T14:50:22.8597099Z Collecting autoflake>=2.0.0 (from -r requirements.txt (line 15))
2026-01-30T14:50:22.8697650Z   Downloading autoflake-2.3.1-py3-none-any.whl.metadata (7.6 kB)
2026-01-30T14:50:22.8931953Z Collecting exceptiongroup>=1 (from pytest>=7.0.0->-r requirements.txt (line 6))
2026-01-30T14:50:22.9032531Z   Downloading exceptiongroup-1.3.1-py3-none-any.whl.metadata (6.7 kB)
2026-01-30T14:50:22.9209857Z Collecting iniconfig>=1.0.1 (from pytest>=7.0.0->-r requirements.txt (line 6))
2026-01-30T14:50:22.9310598Z   Downloading iniconfig-2.3.0-py3-none-any.whl.metadata (2.5 kB)
2026-01-30T14:50:22.9564975Z Collecting packaging>=22 (from pytest>=7.0.0->-r requirements.txt (line 6))
2026-01-30T14:50:22.9665985Z   Downloading packaging-26.0-py3-none-any.whl.metadata (3.3 kB)
2026-01-30T14:50:22.9878069Z Collecting pluggy<2,>=1.5 (from pytest>=7.0.0->-r requirements.txt (line 6))
2026-01-30T14:50:22.9977000Z   Downloading pluggy-1.6.0-py3-none-any.whl.metadata (4.8 kB)
2026-01-30T14:50:23.0290038Z Collecting pygments>=2.7.2 (from pytest>=7.0.0->-r requirements.txt (line 6))
2026-01-30T14:50:23.0394523Z   Downloading pygments-2.19.2-py3-none-any.whl.metadata (2.5 kB)
2026-01-30T14:50:23.0694600Z Collecting tomli>=1 (from pytest>=7.0.0->-r requirements.txt (line 6))
2026-01-30T14:50:23.0797755Z   Downloading tomli-2.4.0-py3-none-any.whl.metadata (10 kB)
2026-01-30T14:50:23.6039490Z Collecting coverage>=7.10.6 (from coverage[toml]>=7.10.6->pytest-cov>=3.0.0->-r requirements.txt (line 7))
2026-01-30T14:50:23.6145786Z   Downloading coverage-7.13.2-cp310-cp310-manylinux1_x86_64.manylinux_2_28_x86_64.manylinux_2_5_x86_64.whl.metadata (8.5 kB)
2026-01-30T14:50:23.6596264Z Collecting click>=8.0.0 (from black>=22.0.0->-r requirements.txt (line 9))
2026-01-30T14:50:23.6697588Z   Downloading click-8.3.1-py3-none-any.whl.metadata (2.6 kB)
2026-01-30T14:50:23.6867560Z Collecting mypy-extensions>=0.4.3 (from black>=22.0.0->-r requirements.txt (line 9))
2026-01-30T14:50:23.6965708Z   Downloading mypy_extensions-1.1.0-py3-none-any.whl.metadata (1.1 kB)
2026-01-30T14:50:23.7162774Z Collecting pathspec>=1.0.0 (from black>=22.0.0->-r requirements.txt (line 9))
2026-01-30T14:50:23.7264621Z   Downloading pathspec-1.0.4-py3-none-any.whl.metadata (13 kB)
2026-01-30T14:50:23.7550603Z Collecting platformdirs>=2 (from black>=22.0.0->-r requirements.txt (line 9))
2026-01-30T14:50:23.7650805Z   Downloading platformdirs-4.5.1-py3-none-any.whl.metadata (12 kB)
2026-01-30T14:50:23.7909686Z Collecting pytokens>=0.3.0 (from black>=22.0.0->-r requirements.txt (line 9))
2026-01-30T14:50:23.8011824Z   Downloading pytokens-0.4.1-cp310-cp310-manylinux2014_x86_64.manylinux_2_17_x86_64.manylinux_2_28_x86_64.whl.metadata (3.8 kB)
2026-01-30T14:50:23.8319997Z Collecting typing-extensions>=4.0.1 (from black>=22.0.0->-r requirements.txt (line 9))
2026-01-30T14:50:23.8420863Z   Downloading typing_extensions-4.15.0-py3-none-any.whl.metadata (3.3 kB)
2026-01-30T14:50:23.8600148Z Collecting mccabe<0.8.0,>=0.7.0 (from flake8>=5.0.0->-r requirements.txt (line 10))
2026-01-30T14:50:23.8698633Z   Downloading mccabe-0.7.0-py2.py3-none-any.whl.metadata (5.0 kB)
2026-01-30T14:50:23.8895741Z Collecting pycodestyle<2.15.0,>=2.14.0 (from flake8>=5.0.0->-r requirements.txt (line 10))
2026-01-30T14:50:23.8995107Z   Downloading pycodestyle-2.14.0-py2.py3-none-any.whl.metadata (4.5 kB)
2026-01-30T14:50:23.9220026Z Collecting pyflakes<3.5.0,>=3.4.0 (from flake8>=5.0.0->-r requirements.txt (line 10))
2026-01-30T14:50:23.9319396Z   Downloading pyflakes-3.4.0-py2.py3-none-any.whl.metadata (3.5 kB)
2026-01-30T14:50:23.9827593Z Collecting astroid<=4.1.dev0,>=4.0.2 (from pylint>=2.15.0->-r requirements.txt (line 12))
2026-01-30T14:50:23.9926940Z   Downloading astroid-4.0.3-py3-none-any.whl.metadata (4.4 kB)
2026-01-30T14:50:24.0139054Z Collecting dill>=0.2 (from pylint>=2.15.0->-r requirements.txt (line 12))
2026-01-30T14:50:24.0237888Z   Downloading dill-0.4.1-py3-none-any.whl.metadata (10 kB)
2026-01-30T14:50:24.0735051Z Collecting tomlkit>=0.10.1 (from pylint>=2.15.0->-r requirements.txt (line 12))
2026-01-30T14:50:24.0834102Z   Downloading tomlkit-0.14.0-py3-none-any.whl.metadata (2.8 kB)
2026-01-30T14:50:24.1098782Z Collecting mando<0.8,>=0.6 (from radon>=5.1.0->-r requirements.txt (line 13))
2026-01-30T14:50:24.1266474Z   Downloading mando-0.7.1-py2.py3-none-any.whl.metadata (7.4 kB)
2026-01-30T14:50:24.1506090Z Collecting colorama>=0.4.1 (from radon>=5.1.0->-r requirements.txt (line 13))
2026-01-30T14:50:24.1605081Z   Downloading colorama-0.4.6-py2.py3-none-any.whl.metadata (17 kB)
2026-01-30T14:50:24.1820372Z Collecting six (from mando<0.8,>=0.6->radon>=5.1.0->-r requirements.txt (line 13))
2026-01-30T14:50:24.1921101Z   Downloading six-1.17.0-py2.py3-none-any.whl.metadata (1.7 kB)
2026-01-30T14:50:24.2435044Z Downloading toml-0.10.2-py2.py3-none-any.whl (16 kB)
2026-01-30T14:50:24.2556601Z Downloading pyyaml-6.0.3-cp310-cp310-manylinux2014_x86_64.manylinux_2_17_x86_64.manylinux_2_28_x86_64.whl (770 kB)
2026-01-30T14:50:24.2784762Z    ━━━━━━━━━━━━━━━━━━━━━━━━━━━━━━━━━━━━━━━━ 770.3/770.3 kB 43.4 MB/s  0:00:00
2026-01-30T14:50:24.2883832Z Downloading pytest-9.0.2-py3-none-any.whl (374 kB)
2026-01-30T14:50:24.3017322Z Downloading pluggy-1.6.0-py3-none-any.whl (20 kB)
2026-01-30T14:50:24.3136093Z Downloading pytest_cov-7.0.0-py3-none-any.whl (22 kB)
2026-01-30T14:50:24.3258201Z Downloading pytest_mock-3.15.1-py3-none-any.whl (10 kB)
2026-01-30T14:50:24.3415554Z Downloading black-26.1.0-cp310-cp310-manylinux2014_x86_64.manylinux_2_17_x86_64.manylinux_2_28_x86_64.whl (1.8 MB)
2026-01-30T14:50:24.3575418Z    ━━━━━━━━━━━━━━━━━━━━━━━━━━━━━━━━━━━━━━━━ 1.8/1.8 MB 110.9 MB/s  0:00:00
2026-01-30T14:50:24.3674798Z Downloading flake8-7.3.0-py2.py3-none-any.whl (57 kB)
2026-01-30T14:50:24.3799613Z Downloading mccabe-0.7.0-py2.py3-none-any.whl (7.3 kB)
2026-01-30T14:50:24.3922012Z Downloading pycodestyle-2.14.0-py2.py3-none-any.whl (31 kB)
2026-01-30T14:50:24.4042392Z Downloading pyflakes-3.4.0-py2.py3-none-any.whl (63 kB)
2026-01-30T14:50:24.4168955Z Downloading isort-7.0.0-py3-none-any.whl (94 kB)
2026-01-30T14:50:24.4290821Z Downloading pylint-4.0.4-py3-none-any.whl (536 kB)
2026-01-30T14:50:24.4359922Z    ━━━━━━━━━━━━━━━━━━━━━━━━━━━━━━━━━━━━━━━━ 536.4/536.4 kB 71.6 MB/s  0:00:00
2026-01-30T14:50:24.4457281Z Downloading astroid-4.0.3-py3-none-any.whl (276 kB)
2026-01-30T14:50:24.4596533Z Downloading radon-6.0.1-py2.py3-none-any.whl (52 kB)
2026-01-30T14:50:24.4716422Z Downloading mando-0.7.1-py2.py3-none-any.whl (28 kB)
2026-01-30T14:50:24.4833475Z Downloading vulture-2.14-py2.py3-none-any.whl (28 kB)
2026-01-30T14:50:24.4950795Z Downloading autoflake-2.3.1-py3-none-any.whl (32 kB)
2026-01-30T14:50:24.5068411Z Downloading click-8.3.1-py3-none-any.whl (108 kB)
2026-01-30T14:50:24.5189627Z Downloading colorama-0.4.6-py2.py3-none-any.whl (25 kB)
2026-01-30T14:50:24.5340443Z Downloading coverage-7.13.2-cp310-cp310-manylinux1_x86_64.manylinux_2_28_x86_64.manylinux_2_5_x86_64.whl (247 kB)
2026-01-30T14:50:24.5466379Z Downloading dill-0.4.1-py3-none-any.whl (120 kB)
2026-01-30T14:50:24.5588682Z Downloading exceptiongroup-1.3.1-py3-none-any.whl (16 kB)
2026-01-30T14:50:24.5711060Z Downloading iniconfig-2.3.0-py3-none-any.whl (7.5 kB)
2026-01-30T14:50:24.5831464Z Downloading mypy_extensions-1.1.0-py3-none-any.whl (5.0 kB)
2026-01-30T14:50:24.5949862Z Downloading packaging-26.0-py3-none-any.whl (74 kB)
2026-01-30T14:50:24.6074755Z Downloading pathspec-1.0.4-py3-none-any.whl (55 kB)
2026-01-30T14:50:24.6197461Z Downloading platformdirs-4.5.1-py3-none-any.whl (18 kB)
2026-01-30T14:50:24.6320934Z Downloading pygments-2.19.2-py3-none-any.whl (1.2 MB)
2026-01-30T14:50:24.6413473Z    ━━━━━━━━━━━━━━━━━━━━━━━━━━━━━━━━━━━━━━━━ 1.2/1.2 MB 158.3 MB/s  0:00:00
2026-01-30T14:50:24.6526070Z Downloading pytokens-0.4.1-cp310-cp310-manylinux2014_x86_64.manylinux_2_17_x86_64.manylinux_2_28_x86_64.whl (259 kB)
2026-01-30T14:50:24.6655904Z Downloading tomli-2.4.0-py3-none-any.whl (14 kB)
2026-01-30T14:50:24.6775172Z Downloading tomlkit-0.14.0-py3-none-any.whl (39 kB)
2026-01-30T14:50:24.6895904Z Downloading typing_extensions-4.15.0-py3-none-any.whl (44 kB)
2026-01-30T14:50:24.7017600Z Downloading six-1.17.0-py2.py3-none-any.whl (11 kB)
2026-01-30T14:50:24.8017264Z Installing collected packages: typing-extensions, tomlkit, tomli, toml, six, pyyaml, pytokens, pygments, pyflakes, pycodestyle, pluggy, platformdirs, pathspec, packaging, mypy-extensions, mccabe, isort, iniconfig, dill, coverage, colorama, click, vulture, mando, flake8, exceptiongroup, black, autoflake, astroid, radon, pytest, pylint, pytest-mock, pytest-cov
2026-01-30T14:50:27.0617375Z 
2026-01-30T14:50:27.0677946Z Successfully installed astroid-4.0.3 autoflake-2.3.1 black-26.1.0 click-8.3.1 colorama-0.4.6 coverage-7.13.2 dill-0.4.1 exceptiongroup-1.3.1 flake8-7.3.0 iniconfig-2.3.0 isort-7.0.0 mando-0.7.1 mccabe-0.7.0 mypy-extensions-1.1.0 packaging-26.0 pathspec-1.0.4 platformdirs-4.5.1 pluggy-1.6.0 pycodestyle-2.14.0 pyflakes-3.4.0 pygments-2.19.2 pylint-4.0.4 pytest-9.0.2 pytest-cov-7.0.0 pytest-mock-3.15.1 pytokens-0.4.1 pyyaml-6.0.3 radon-6.0.1 six-1.17.0 toml-0.10.2 tomli-2.4.0 tomlkit-0.14.0 typing-extensions-4.15.0 vulture-2.14
2026-01-30T14:50:27.1737537Z ##[group]Run pip install -e .
2026-01-30T14:50:27.1737839Z [36;1mpip install -e .[0m
2026-01-30T14:50:27.1771583Z shell: /usr/bin/bash -e {0}
2026-01-30T14:50:27.1771849Z env:
2026-01-30T14:50:27.1772089Z   pythonLocation: /opt/hostedtoolcache/Python/3.10.19/x64
2026-01-30T14:50:27.1772510Z   PKG_CONFIG_PATH: /opt/hostedtoolcache/Python/3.10.19/x64/lib/pkgconfig
2026-01-30T14:50:27.1772918Z   Python_ROOT_DIR: /opt/hostedtoolcache/Python/3.10.19/x64
2026-01-30T14:50:27.1773270Z   Python2_ROOT_DIR: /opt/hostedtoolcache/Python/3.10.19/x64
2026-01-30T14:50:27.1773624Z   Python3_ROOT_DIR: /opt/hostedtoolcache/Python/3.10.19/x64
2026-01-30T14:50:27.1773988Z   LD_LIBRARY_PATH: /opt/hostedtoolcache/Python/3.10.19/x64/lib
2026-01-30T14:50:27.1774287Z ##[endgroup]
2026-01-30T14:50:27.5237399Z Obtaining file:///home/runner/work/argos/argos/anvil
2026-01-30T14:50:27.5259778Z   Installing build dependencies: started
2026-01-30T14:50:28.7582628Z   Installing build dependencies: finished with status 'done'
2026-01-30T14:50:28.7590089Z   Checking if build backend supports build_editable: started
2026-01-30T14:50:29.0525059Z   Checking if build backend supports build_editable: finished with status 'done'
2026-01-30T14:50:29.0533210Z   Getting requirements to build editable: started
2026-01-30T14:50:29.4289371Z   Getting requirements to build editable: finished with status 'done'
2026-01-30T14:50:29.4298753Z   Preparing editable metadata (pyproject.toml): started
2026-01-30T14:50:29.6540624Z   Preparing editable metadata (pyproject.toml): finished with status 'done'
2026-01-30T14:50:29.6622812Z Requirement already satisfied: toml>=0.10.2 in /opt/hostedtoolcache/Python/3.10.19/x64/lib/python3.10/site-packages (from anvil==0.1.0) (0.10.2)
2026-01-30T14:50:29.6632338Z Building wheels for collected packages: anvil
2026-01-30T14:50:29.6641071Z   Building editable for anvil (pyproject.toml): started
2026-01-30T14:50:29.9379203Z   Building editable for anvil (pyproject.toml): finished with status 'done'
2026-01-30T14:50:29.9385146Z   Created wheel for anvil: filename=anvil-0.1.0-0.editable-py3-none-any.whl size=3716 sha256=43395c573ee590d5fc36ca5273083f9c4b6bc198d5ad92b4046ab82d24002b62
2026-01-30T14:50:29.9386797Z   Stored in directory: /tmp/pip-ephem-wheel-cache-myxl27u2/wheels/7d/f2/76/fa17141ac9a0349feb1db43f571307a8f8189e902444f7e92e
2026-01-30T14:50:29.9406285Z Successfully built anvil
2026-01-30T14:50:29.9840924Z Installing collected packages: anvil
2026-01-30T14:50:29.9963018Z Successfully installed anvil-0.1.0
2026-01-30T14:50:30.0565335Z ##[group]Run pytest --cov=anvil --cov-report=xml --cov-report=term-missing --cov-fail-under=90
2026-01-30T14:50:30.0566017Z [36;1mpytest --cov=anvil --cov-report=xml --cov-report=term-missing --cov-fail-under=90[0m
2026-01-30T14:50:30.0598267Z shell: /usr/bin/bash -e {0}
2026-01-30T14:50:30.0598490Z env:
2026-01-30T14:50:30.0598733Z   pythonLocation: /opt/hostedtoolcache/Python/3.10.19/x64
2026-01-30T14:50:30.0599152Z   PKG_CONFIG_PATH: /opt/hostedtoolcache/Python/3.10.19/x64/lib/pkgconfig
2026-01-30T14:50:30.0599561Z   Python_ROOT_DIR: /opt/hostedtoolcache/Python/3.10.19/x64
2026-01-30T14:50:30.0599914Z   Python2_ROOT_DIR: /opt/hostedtoolcache/Python/3.10.19/x64
2026-01-30T14:50:30.0600266Z   Python3_ROOT_DIR: /opt/hostedtoolcache/Python/3.10.19/x64
2026-01-30T14:50:30.0600621Z   LD_LIBRARY_PATH: /opt/hostedtoolcache/Python/3.10.19/x64/lib
2026-01-30T14:50:30.0600919Z ##[endgroup]
2026-01-30T14:50:30.7884446Z ============================= test session starts ==============================
2026-01-30T14:50:30.7885799Z platform linux -- Python 3.10.19, pytest-9.0.2, pluggy-1.6.0 -- /opt/hostedtoolcache/Python/3.10.19/x64/bin/python
2026-01-30T14:50:30.7887405Z cachedir: .pytest_cache
2026-01-30T14:50:30.7887881Z rootdir: /home/runner/work/argos/argos/anvil
2026-01-30T14:50:30.7888670Z configfile: pytest.ini (WARNING: ignoring pytest config in pyproject.toml!)
2026-01-30T14:50:30.7889375Z testpaths: tests
2026-01-30T14:50:30.7889619Z plugins: cov-7.0.0, mock-3.15.1
2026-01-30T14:50:34.7370241Z collecting ... collected 520 items
2026-01-30T14:50:34.7370520Z 
2026-01-30T14:50:34.7391126Z tests/test_autoflake_parser.py::TestAutoflakeTextParsing::test_parse_output_no_unused_code PASSED [  0%]
2026-01-30T14:50:34.7403776Z tests/test_autoflake_parser.py::TestAutoflakeTextParsing::test_parse_output_with_unused_imports PASSED [  0%]
2026-01-30T14:50:34.7416244Z tests/test_autoflake_parser.py::TestAutoflakeTextParsing::test_parse_output_with_unused_variables PASSED [  0%]
2026-01-30T14:50:34.7428760Z tests/test_autoflake_parser.py::TestAutoflakeTextParsing::test_parse_multiple_files_with_issues PASSED [  0%]
2026-01-30T14:50:34.7441025Z tests/test_autoflake_parser.py::TestAutoflakeTextParsing::test_parse_windows_paths PASSED [  0%]
2026-01-30T14:50:34.7453059Z tests/test_autoflake_parser.py::TestAutoflakeCommandBuilding::test_build_command_default_options PASSED [  1%]
2026-01-30T14:50:34.7465084Z tests/test_autoflake_parser.py::TestAutoflakeCommandBuilding::test_build_command_with_remove_unused_variables PASSED [  1%]
2026-01-30T14:50:34.7477178Z tests/test_autoflake_parser.py::TestAutoflakeCommandBuilding::test_build_command_with_remove_all_unused_imports PASSED [  1%]
2026-01-30T14:50:34.7489364Z tests/test_autoflake_parser.py::TestAutoflakeCommandBuilding::test_build_command_with_ignore_init_module_imports PASSED [  1%]
2026-01-30T14:50:34.7501466Z tests/test_autoflake_parser.py::TestAutoflakeCommandBuilding::test_build_command_with_expand_star_imports PASSED [  1%]
2026-01-30T14:50:34.7513321Z tests/test_autoflake_parser.py::TestAutoflakeCommandBuilding::test_build_command_with_remove_duplicate_keys PASSED [  2%]
2026-01-30T14:50:34.7525257Z tests/test_autoflake_parser.py::TestAutoflakeCommandBuilding::test_build_command_with_imports_to_ignore PASSED [  2%]
2026-01-30T14:50:34.7537725Z tests/test_autoflake_parser.py::TestAutoflakeCommandBuilding::test_build_command_with_multiple_files PASSED [  2%]
2026-01-30T14:50:34.7567530Z tests/test_autoflake_parser.py::TestAutoflakeErrorHandling::test_error_when_autoflake_not_installed PASSED [  2%]
2026-01-30T14:50:34.7589132Z tests/test_autoflake_parser.py::TestAutoflakeErrorHandling::test_timeout_handling PASSED [  2%]
2026-01-30T14:50:34.7601449Z tests/test_autoflake_parser.py::TestAutoflakeErrorHandling::test_parse_with_empty_output PASSED [  3%]
2026-01-30T14:50:34.7628401Z tests/test_autoflake_parser.py::TestAutoflakeVersionDetection::test_version_detection PASSED [  3%]
2026-01-30T14:50:34.7650782Z tests/test_autoflake_parser.py::TestAutoflakeVersionDetection::test_version_detection_failure PASSED [  3%]
2026-01-30T14:50:34.8822393Z tests/test_autoflake_parser.py::TestAutoflakeIntegrationWithFixtures::test_autoflake_on_clean_python_code PASSED [  3%]
2026-01-30T14:50:34.9563274Z tests/test_autoflake_parser.py::TestAutoflakeIntegrationWithFixtures::test_autoflake_on_unused_imports_fixture PASSED [  3%]
2026-01-30T14:50:34.9600305Z tests/test_autoflake_parser.py::TestAutoflakeConfigurationHandling::test_detect_pyproject_toml PASSED [  4%]
2026-01-30T14:50:34.9619853Z tests/test_autoflake_parser.py::TestAutoflakeConfigurationHandling::test_detect_setup_cfg PASSED [  4%]
2026-01-30T14:50:34.9638303Z tests/test_autoflake_parser.py::TestAutoflakeConfigurationHandling::test_no_config_file_returns_none PASSED [  4%]
2026-01-30T14:50:34.9650676Z tests/test_autoflake_parser.py::TestAutoflakeSuggestedFixes::test_generate_fix_command PASSED [  4%]
2026-01-30T14:50:34.9663929Z tests/test_autoflake_parser.py::TestAutoflakeSuggestedFixes::test_generate_fix_command_with_options PASSED [  4%]
2026-01-30T14:50:34.9685982Z tests/test_black_parser.py::TestBlackTextParsing::test_parse_output_all_files_formatted PASSED [  5%]
2026-01-30T14:50:34.9699513Z tests/test_black_parser.py::TestBlackTextParsing::test_parse_output_files_need_formatting PASSED [  5%]
2026-01-30T14:50:34.9712275Z tests/test_black_parser.py::TestBlackTextParsing::test_parse_would_reformat_messages PASSED [  5%]
2026-01-30T14:50:34.9732544Z tests/test_black_parser.py::TestBlackTextParsing::test_parse_windows_paths PASSED [  5%]
2026-01-30T14:50:34.9745829Z tests/test_black_parser.py::TestBlackTextParsing::test_parse_left_unchanged_messages PASSED [  5%]
2026-01-30T14:50:34.9759387Z tests/test_black_parser.py::TestBlackTextParsing::test_parse_reformatted_messages PASSED [  5%]
2026-01-30T14:50:34.9772263Z tests/test_black_parser.py::TestBlackCommandBuilding::test_build_command_default_options PASSED [  6%]
2026-01-30T14:50:34.9784830Z tests/test_black_parser.py::TestBlackCommandBuilding::test_build_command_with_line_length PASSED [  6%]
2026-01-30T14:50:34.9797816Z tests/test_black_parser.py::TestBlackCommandBuilding::test_build_command_with_target_version PASSED [  6%]
2026-01-30T14:50:34.9809674Z tests/test_black_parser.py::TestBlackCommandBuilding::test_build_command_with_skip_string_normalization PASSED [  6%]
2026-01-30T14:50:34.9821411Z tests/test_black_parser.py::TestBlackCommandBuilding::test_build_command_with_diff PASSED [  6%]
2026-01-30T14:50:34.9833348Z tests/test_black_parser.py::TestBlackCommandBuilding::test_build_command_with_color PASSED [  7%]
2026-01-30T14:50:34.9845468Z tests/test_black_parser.py::TestBlackCommandBuilding::test_build_command_with_multiple_files PASSED [  7%]
2026-01-30T14:50:34.9870943Z tests/test_black_parser.py::TestBlackErrorHandling::test_error_when_black_not_installed PASSED [  7%]
2026-01-30T14:50:34.9892622Z tests/test_black_parser.py::TestBlackErrorHandling::test_timeout_handling PASSED [  7%]
2026-01-30T14:50:34.9905287Z tests/test_black_parser.py::TestBlackErrorHandling::test_parse_syntax_error_in_file PASSED [  7%]
2026-01-30T14:50:34.9931250Z tests/test_black_parser.py::TestBlackVersionDetection::test_version_detection PASSED [  8%]
2026-01-30T14:50:34.9952096Z tests/test_black_parser.py::TestBlackVersionDetection::test_version_detection_failure PASSED [  8%]
2026-01-30T14:50:35.1755047Z tests/test_black_parser.py::TestBlackIntegrationWithFixtures::test_black_on_formatted_python_code PASSED [  8%]
2026-01-30T14:50:35.3592691Z tests/test_black_parser.py::TestBlackIntegrationWithFixtures::test_black_on_unformatted_python_code PASSED [  8%]
2026-01-30T14:50:35.4991952Z tests/test_black_parser.py::TestBlackIntegrationWithFixtures::test_black_on_syntax_error_fixture PASSED [  8%]
2026-01-30T14:50:35.5012834Z tests/test_black_parser.py::TestBlackConfigurationHandling::test_detect_pyproject_toml PASSED [  9%]
2026-01-30T14:50:35.5031644Z tests/test_black_parser.py::TestBlackConfigurationHandling::test_no_config_file_returns_none PASSED [  9%]
2026-01-30T14:50:35.5046429Z tests/test_black_parser.py::TestBlackSuggestedFixes::test_generate_fix_command PASSED [  9%]
2026-01-30T14:50:35.5060536Z tests/test_black_parser.py::TestBlackSuggestedFixes::test_generate_fix_command_with_options PASSED [  9%]
2026-01-30T14:50:35.5083896Z tests/test_clang_tidy_parser.py::TestClangTidyDiagnosticParsing::test_parse_output_with_no_diagnostics PASSED [  9%]
2026-01-30T14:50:35.5123907Z tests/test_clang_tidy_parser.py::TestClangTidyDiagnosticParsing::test_parse_warning_diagnostic PASSED [ 10%]
2026-01-30T14:50:35.5163330Z tests/test_clang_tidy_parser.py::TestClangTidyDiagnosticParsing::test_parse_error_diagnostic PASSED [ 10%]
2026-01-30T14:50:35.5202312Z tests/test_clang_tidy_parser.py::TestClangTidyDiagnosticParsing::test_parse_note_diagnostic PASSED [ 10%]
2026-01-30T14:50:35.5249333Z tests/test_clang_tidy_parser.py::TestClangTidyDiagnosticParsing::test_parse_diagnostic_with_line_column PASSED [ 10%]
2026-01-30T14:50:35.5322118Z tests/test_clang_tidy_parser.py::TestClangTidyDiagnosticParsing::test_parse_multiple_diagnostics PASSED [ 10%]
2026-01-30T14:50:35.5369814Z tests/test_clang_tidy_parser.py::TestClangTidyReplacements::test_parse_diagnostic_with_replacements PASSED [ 10%]
2026-01-30T14:50:35.5434031Z tests/test_clang_tidy_parser.py::TestClangTidyReplacements::test_count_fixable_diagnostics PASSED [ 11%]
2026-01-30T14:50:35.5447487Z tests/test_clang_tidy_parser.py::TestClangTidyCommandBuilding::test_build_command_default_options PASSED [ 11%]
2026-01-30T14:50:35.5460432Z tests/test_clang_tidy_parser.py::TestClangTidyCommandBuilding::test_build_command_with_checks PASSED [ 11%]
2026-01-30T14:50:35.5472994Z tests/test_clang_tidy_parser.py::TestClangTidyCommandBuilding::test_build_command_with_header_filter PASSED [ 11%]
2026-01-30T14:50:35.5485683Z tests/test_clang_tidy_parser.py::TestClangTidyCommandBuilding::test_build_command_with_warnings_as_errors PASSED [ 11%]
2026-01-30T14:50:35.5498640Z tests/test_clang_tidy_parser.py::TestClangTidyCommandBuilding::test_build_command_with_config_file PASSED [ 12%]
2026-01-30T14:50:35.5511090Z tests/test_clang_tidy_parser.py::TestClangTidyCommandBuilding::test_build_command_with_extra_args PASSED [ 12%]
2026-01-30T14:50:35.5523108Z tests/test_clang_tidy_parser.py::TestClangTidyCommandBuilding::test_build_command_with_compile_commands PASSED [ 12%]
2026-01-30T14:50:35.5536045Z tests/test_clang_tidy_parser.py::TestClangTidyCommandBuilding::test_build_command_with_multiple_files PASSED [ 12%]
2026-01-30T14:50:35.5558546Z tests/test_clang_tidy_parser.py::TestClangTidyErrorHandling::test_error_when_clang_tidy_not_installed PASSED [ 12%]
2026-01-30T14:50:35.5580737Z tests/test_clang_tidy_parser.py::TestClangTidyErrorHandling::test_timeout_handling PASSED [ 13%]
2026-01-30T14:50:35.5602106Z tests/test_clang_tidy_parser.py::TestClangTidyErrorHandling::test_parse_with_invalid_yaml PASSED [ 13%]
2026-01-30T14:50:35.5628187Z tests/test_clang_tidy_parser.py::TestClangTidyVersionDetection::test_version_detection PASSED [ 13%]
2026-01-30T14:50:35.5650144Z tests/test_clang_tidy_parser.py::TestClangTidyVersionDetection::test_version_detection_failure PASSED [ 13%]
2026-01-30T14:50:35.5668919Z tests/test_clang_tidy_parser.py::TestClangTidyIntegrationWithFixtures::test_clang_tidy_on_clean_cpp_code SKIPPED [ 13%]
2026-01-30T14:50:35.5684260Z tests/test_clang_tidy_parser.py::TestClangTidyIntegrationWithFixtures::test_clang_tidy_on_code_with_issues SKIPPED [ 14%]
2026-01-30T14:50:35.5755936Z tests/test_clang_tidy_parser.py::TestClangTidyGroupingAndFiltering::test_group_diagnostics_by_check_name PASSED [ 14%]
2026-01-30T14:50:35.5810122Z tests/test_clang_tidy_parser.py::TestClangTidyGroupingAndFiltering::test_group_diagnostics_by_file PASSED [ 14%]
2026-01-30T14:50:35.5902756Z tests/test_clang_tidy_parser.py::TestClangTidyGroupingAndFiltering::test_filter_diagnostics_by_severity PASSED [ 14%]
2026-01-30T14:50:35.5923097Z tests/test_clang_tidy_parser.py::TestClangTidyConfigurationHandling::test_detect_clang_tidy_config_file PASSED [ 14%]
2026-01-30T14:50:35.5944294Z tests/test_clang_tidy_parser.py::TestClangTidyConfigurationHandling::test_detect_clang_tidy_in_parent_directory PASSED [ 15%]
2026-01-30T14:50:35.5964863Z tests/test_clang_tidy_parser.py::TestClangTidyConfigurationHandling::test_no_config_file_returns_none PASSED [ 15%]
2026-01-30T14:50:35.5995827Z tests/test_configuration.py::TestConfigurationLoading::test_load_complete_config PASSED [ 15%]
2026-01-30T14:50:35.6011017Z tests/test_configuration.py::TestConfigurationLoading::test_load_minimal_config PASSED [ 15%]
2026-01-30T14:50:35.6028278Z tests/test_configuration.py::TestConfigurationLoading::test_load_invalid_toml_syntax PASSED [ 15%]
2026-01-30T14:50:35.6041432Z tests/test_configuration.py::TestConfigurationLoading::test_load_nonexistent_file PASSED [ 15%]
2026-01-30T14:50:35.6071743Z tests/test_configuration.py::TestConfigurationLoading::test_load_from_custom_path PASSED [ 16%]
2026-01-30T14:50:35.6102402Z tests/test_configuration.py::TestValidatorConfiguration::test_get_validator_config_python_flake8 PASSED [ 16%]
2026-01-30T14:50:35.6132685Z tests/test_configuration.py::TestValidatorConfiguration::test_get_validator_config_cpp_clang_tidy PASSED [ 16%]
2026-01-30T14:50:35.6147379Z tests/test_configuration.py::TestValidatorConfiguration::test_get_validator_config_with_defaults PASSED [ 16%]
2026-01-30T14:50:35.6179654Z tests/test_configuration.py::TestValidatorConfiguration::test_get_validator_config_invalid_validator PASSED [ 16%]
2026-01-30T14:50:35.6209720Z tests/test_configuration.py::TestLanguageConfiguration::test_get_language_config_python PASSED [ 17%]
2026-01-30T14:50:35.6239604Z tests/test_configuration.py::TestLanguageConfiguration::test_get_language_config_cpp PASSED [ 17%]
2026-01-30T14:50:35.6254313Z tests/test_configuration.py::TestLanguageConfiguration::test_get_language_config_with_defaults PASSED [ 17%]
2026-01-30T14:50:35.6273177Z tests/test_configuration.py::TestConfigurationValidation::test_validate_negative_max_errors PASSED [ 17%]
2026-01-30T14:50:35.6292235Z tests/test_configuration.py::TestConfigurationValidation::test_validate_zero_complexity PASSED [ 17%]
2026-01-30T14:50:35.6322654Z tests/test_configuration.py::TestConfigurationInheritance::test_validator_inherits_language_defaults PASSED [ 18%]
2026-01-30T14:50:35.6337276Z tests/test_configuration.py::TestConfigurationInheritance::test_configuration_merging PASSED [ 18%]
2026-01-30T14:50:35.6354812Z tests/test_configuration.py::TestEnvironmentVariables::test_expand_environment_variables PASSED [ 18%]
2026-01-30T14:50:35.6371777Z tests/test_configuration.py::TestEnvironmentVariables::test_missing_environment_variable PASSED [ 18%]
2026-01-30T14:50:35.6384561Z tests/test_configuration.py::TestConfigurationDefaults::test_default_values_applied PASSED [ 18%]
2026-01-30T14:50:35.6397165Z tests/test_configuration.py::TestConfigurationDefaults::test_get_with_default_value PASSED [ 19%]
2026-01-30T14:50:35.6428537Z tests/test_configuration.py::TestConfigurationDefaults::test_get_nested_config PASSED [ 19%]
2026-01-30T14:50:35.6444286Z tests/test_cppcheck_parser.py::TestCppcheckXMLParsing::test_parse_xml_with_no_errors PASSED [ 19%]
2026-01-30T14:50:35.6457145Z tests/test_cppcheck_parser.py::TestCppcheckXMLParsing::test_parse_error_severity_issue PASSED [ 19%]
2026-01-30T14:50:35.6469804Z tests/test_cppcheck_parser.py::TestCppcheckXMLParsing::test_parse_warning_severity_issue PASSED [ 19%]
2026-01-30T14:50:35.6482282Z tests/test_cppcheck_parser.py::TestCppcheckXMLParsing::test_parse_style_issue PASSED [ 20%]
2026-01-30T14:50:35.6494819Z tests/test_cppcheck_parser.py::TestCppcheckXMLParsing::test_parse_performance_issue PASSED [ 20%]
2026-01-30T14:50:35.6507222Z tests/test_cppcheck_parser.py::TestCppcheckXMLParsing::test_parse_portability_issue PASSED [ 20%]
2026-01-30T14:50:35.6519647Z tests/test_cppcheck_parser.py::TestCppcheckXMLParsing::test_parse_information_message PASSED [ 20%]
2026-01-30T14:50:35.6531891Z tests/test_cppcheck_parser.py::TestCppcheckXMLParsing::test_extract_cwe_id PASSED [ 20%]
2026-01-30T14:50:35.6544497Z tests/test_cppcheck_parser.py::TestCppcheckXMLParsing::test_parse_inconclusive_results PASSED [ 20%]
2026-01-30T14:50:35.6556856Z tests/test_cppcheck_parser.py::TestCppcheckXMLParsing::test_parse_multiple_locations PASSED [ 21%]
2026-01-30T14:50:35.6569368Z tests/test_cppcheck_parser.py::TestCppcheckCommandBuilding::test_build_command_default_options PASSED [ 21%]
2026-01-30T14:50:35.6581255Z tests/test_cppcheck_parser.py::TestCppcheckCommandBuilding::test_build_command_with_enable_categories PASSED [ 21%]
2026-01-30T14:50:35.6593009Z tests/test_cppcheck_parser.py::TestCppcheckCommandBuilding::test_build_command_with_suppressions PASSED [ 21%]
2026-01-30T14:50:35.6605652Z tests/test_cppcheck_parser.py::TestCppcheckCommandBuilding::test_build_command_with_std_option PASSED [ 21%]
2026-01-30T14:50:35.6617848Z tests/test_cppcheck_parser.py::TestCppcheckCommandBuilding::test_build_command_with_platform PASSED [ 22%]
2026-01-30T14:50:35.6629657Z tests/test_cppcheck_parser.py::TestCppcheckCommandBuilding::test_build_command_with_includes PASSED [ 22%]
2026-01-30T14:50:35.6641569Z tests/test_cppcheck_parser.py::TestCppcheckCommandBuilding::test_build_command_with_defines PASSED [ 22%]
2026-01-30T14:50:35.6653348Z tests/test_cppcheck_parser.py::TestCppcheckCommandBuilding::test_build_command_with_inconclusive PASSED [ 22%]
2026-01-30T14:50:35.6666146Z tests/test_cppcheck_parser.py::TestCppcheckCommandBuilding::test_build_command_with_multiple_files PASSED [ 22%]
2026-01-30T14:50:35.6688895Z tests/test_cppcheck_parser.py::TestCppcheckErrorHandling::test_error_when_cppcheck_not_installed PASSED [ 23%]
2026-01-30T14:50:35.6711389Z tests/test_cppcheck_parser.py::TestCppcheckErrorHandling::test_timeout_handling PASSED [ 23%]
2026-01-30T14:50:35.6723802Z tests/test_cppcheck_parser.py::TestCppcheckErrorHandling::test_parse_with_invalid_xml PASSED [ 23%]
2026-01-30T14:50:35.6763389Z tests/test_cppcheck_parser.py::TestCppcheckVersionDetection::test_version_detection PASSED [ 23%]
2026-01-30T14:50:35.6784630Z tests/test_cppcheck_parser.py::TestCppcheckVersionDetection::test_version_detection_failure PASSED [ 23%]
2026-01-30T14:50:35.6796157Z tests/test_cppcheck_parser.py::TestCppcheckIntegrationWithFixtures::test_cppcheck_on_clean_cpp_code SKIPPED [ 24%]
2026-01-30T14:50:35.6807696Z tests/test_cppcheck_parser.py::TestCppcheckIntegrationWithFixtures::test_cppcheck_on_code_with_bugs SKIPPED [ 24%]
2026-01-30T14:50:35.6821020Z tests/test_cppcheck_parser.py::TestCppcheckGroupingAndFiltering::test_group_errors_by_id PASSED [ 24%]
2026-01-30T14:50:35.6835105Z tests/test_cppcheck_parser.py::TestCppcheckGroupingAndFiltering::test_group_errors_by_file PASSED [ 24%]
2026-01-30T14:50:35.6848742Z tests/test_cppcheck_parser.py::TestCppcheckGroupingAndFiltering::test_filter_by_severity PASSED [ 24%]
2026-01-30T14:50:35.6869640Z tests/test_cppcheck_parser.py::TestCppcheckConfigurationHandling::test_detect_cppcheck_suppressions_file PASSED [ 25%]
2026-01-30T14:50:35.6891119Z tests/test_cppcheck_parser.py::TestCppcheckConfigurationHandling::test_detect_suppressions_in_parent_directory PASSED [ 25%]
2026-01-30T14:50:35.6913344Z tests/test_cppcheck_parser.py::TestCppcheckConfigurationHandling::test_no_suppressions_file_returns_none PASSED [ 25%]
2026-01-30T14:50:35.7080114Z tests/test_file_collector.py::TestFullModeCollection::test_collect_all_python_files PASSED [ 25%]
2026-01-30T14:50:35.7239887Z tests/test_file_collector.py::TestFullModeCollection::test_collect_all_cpp_files PASSED [ 25%]
2026-01-30T14:50:35.7408130Z tests/test_file_collector.py::TestFullModeCollection::test_collect_all_languages PASSED [ 25%]
2026-01-30T14:50:35.7432191Z tests/test_file_collector.py::TestFullModeCollection::test_full_mode_without_git PASSED [ 26%]
2026-01-30T14:50:35.7669668Z tests/test_file_collector.py::TestIncrementalModeCollection::test_collect_modified_files PASSED [ 26%]
2026-01-30T14:50:35.7903554Z tests/test_file_collector.py::TestIncrementalModeCollection::test_collect_new_untracked_files PASSED [ 26%]
2026-01-30T14:50:35.8117366Z tests/test_file_collector.py::TestIncrementalModeCollection::test_collect_staged_files PASSED [ 26%]
2026-01-30T14:50:35.8366540Z tests/test_file_collector.py::TestIncrementalModeCollection::test_collect_both_staged_and_unstaged PASSED [ 26%]
2026-01-30T14:50:35.8588823Z tests/test_file_collector.py::TestIncrementalModeCollection::test_no_modifications_returns_empty PASSED [ 27%]
2026-01-30T14:50:35.8808700Z tests/test_file_collector.py::TestIncrementalModeCollection::test_handles_deleted_files PASSED [ 27%]
2026-01-30T14:50:35.8847942Z tests/test_file_collector.py::TestIncrementalModeCollection::test_incremental_without_git_falls_back_to_full PASSED [ 27%]
2026-01-30T14:50:35.9043574Z tests/test_file_collector.py::TestGitIntegration::test_detects_uncommitted_changes PASSED [ 27%]
2026-01-30T14:50:35.9242350Z tests/test_file_collector.py::TestGitIntegration::test_no_uncommitted_changes_in_clean_repo PASSED [ 27%]
2026-01-30T14:50:35.9421641Z tests/test_file_collector.py::TestGitIntegration::test_detects_git_repository PASSED [ 28%]
2026-01-30T14:50:35.9460108Z tests/test_file_collector.py::TestGitIntegration::test_detects_non_git_directory PASSED [ 28%]
2026-01-30T14:50:35.9719309Z tests/test_file_collector.py::TestGitIntegration::test_get_changed_files_across_commits PASSED [ 28%]
2026-01-30T14:50:35.9804882Z tests/test_file_collector.py::TestGitIntegration::test_empty_repository_returns_no_files PASSED [ 28%]
2026-01-30T14:50:35.9966584Z tests/test_file_collector.py::TestExclusionPatterns::test_respects_exclude_patterns PASSED [ 28%]
2026-01-30T14:50:36.0125497Z tests/test_file_collector.py::TestExclusionPatterns::test_default_exclusions_applied PASSED [ 29%]
2026-01-30T14:50:36.0285664Z tests/test_file_collector.py::TestLanguageFiltering::test_filters_by_language PASSED [ 29%]
2026-01-30T14:50:36.0448587Z tests/test_file_collector.py::TestLanguageFiltering::test_collects_multiple_languages PASSED [ 29%]
2026-01-30T14:50:36.0606547Z tests/test_file_collector.py::TestErrorHandling::test_invalid_language_raises_error PASSED [ 29%]
2026-01-30T14:50:36.0793179Z tests/test_file_collector.py::TestErrorHandling::test_invalid_commit_ref_raises_error PASSED [ 29%]
2026-01-30T14:50:36.0813058Z tests/test_file_collector.py::TestErrorHandling::test_handles_permission_errors_gracefully PASSED [ 30%]
2026-01-30T14:50:36.0844758Z tests/test_file_collector.py::TestErrorHandling::test_git_timeout_handled_in_is_git_repository PASSED [ 30%]
2026-01-30T14:50:36.0874091Z tests/test_file_collector.py::TestErrorHandling::test_git_not_found_handled_in_is_git_repository PASSED [ 30%]
2026-01-30T14:50:36.1050734Z tests/test_file_collector.py::TestErrorHandling::test_has_uncommitted_changes_handles_timeout PASSED [ 30%]
2026-01-30T14:50:36.1225338Z tests/test_file_collector.py::TestErrorHandling::test_has_uncommitted_changes_handles_subprocess_error PASSED [ 30%]
2026-01-30T14:50:36.1400887Z tests/test_file_collector.py::TestErrorHandling::test_get_changed_files_handles_timeout PASSED [ 30%]
2026-01-30T14:50:36.1632234Z tests/test_file_collector.py::TestPerformance::test_incremental_faster_than_full PASSED [ 31%]
2026-01-30T14:50:36.1796608Z tests/test_file_collector.py::TestCaching::test_caches_language_detection PASSED [ 31%]
2026-01-30T14:50:36.2075047Z tests/test_file_collector.py::TestCaching::test_cache_invalidated_on_changes PASSED [ 31%]
2026-01-30T14:50:36.2092570Z tests/test_flake8_parser.py::TestFlake8JSONParsing::test_parse_json_output_with_no_errors PASSED [ 31%]
2026-01-30T14:50:36.2105658Z tests/test_flake8_parser.py::TestFlake8JSONParsing::test_parse_json_output_with_e_series_errors PASSED [ 31%]
2026-01-30T14:50:36.2119122Z tests/test_flake8_parser.py::TestFlake8JSONParsing::test_parse_json_output_with_w_series_warnings PASSED [ 32%]
2026-01-30T14:50:36.2131890Z tests/test_flake8_parser.py::TestFlake8JSONParsing::test_parse_json_output_with_f_series_errors PASSED [ 32%]
2026-01-30T14:50:36.2144808Z tests/test_flake8_parser.py::TestFlake8JSONParsing::test_parse_json_output_with_c_series_complexity_warnings PASSED [ 32%]
2026-01-30T14:50:36.2160529Z tests/test_flake8_parser.py::TestFlake8JSONParsing::test_parse_multiple_files_with_mixed_results PASSED [ 32%]
2026-01-30T14:50:36.2172516Z tests/test_flake8_parser.py::TestFlake8CommandBuilding::test_build_command_with_default_options PASSED [ 32%]
2026-01-30T14:50:36.2184932Z tests/test_flake8_parser.py::TestFlake8CommandBuilding::test_build_command_with_ignore_list PASSED [ 33%]
2026-01-30T14:50:36.2197195Z tests/test_flake8_parser.py::TestFlake8CommandBuilding::test_build_command_with_max_line_length PASSED [ 33%]
2026-01-30T14:50:36.2209211Z tests/test_flake8_parser.py::TestFlake8CommandBuilding::test_build_command_with_select_rules PASSED [ 33%]
2026-01-30T14:50:36.2221826Z tests/test_flake8_parser.py::TestFlake8CommandBuilding::test_build_command_with_exclude_patterns PASSED [ 33%]
2026-01-30T14:50:36.2234284Z tests/test_flake8_parser.py::TestFlake8CommandBuilding::test_build_command_with_max_complexity PASSED [ 33%]
2026-01-30T14:50:36.2251981Z tests/test_flake8_parser.py::TestFlake8TextFormatParsing::test_parse_text_format_with_errors PASSED [ 34%]
2026-01-30T14:50:36.2264049Z tests/test_flake8_parser.py::TestFlake8TextFormatParsing::test_parse_text_format_with_no_output PASSED [ 34%]
2026-01-30T14:50:36.2288638Z tests/test_flake8_parser.py::TestFlake8ErrorHandling::test_error_when_flake8_not_installed PASSED [ 34%]
2026-01-30T14:50:36.2312704Z tests/test_flake8_parser.py::TestFlake8ErrorHandling::test_timeout_handling PASSED [ 34%]
2026-01-30T14:50:36.2325190Z tests/test_flake8_parser.py::TestFlake8ErrorHandling::test_invalid_json_handling PASSED [ 34%]
2026-01-30T14:50:36.2348621Z tests/test_flake8_parser.py::TestFlake8VersionDetection::test_version_detection PASSED [ 35%]
2026-01-30T14:50:36.2369418Z tests/test_flake8_parser.py::TestFlake8VersionDetection::test_version_detection_failure PASSED [ 35%]
2026-01-30T14:50:36.4102714Z tests/test_flake8_parser.py::TestFlake8IntegrationWithFixtures::test_flake8_on_good_python_code PASSED [ 35%]
2026-01-30T14:50:36.5321468Z tests/test_flake8_parser.py::TestFlake8IntegrationWithFixtures::test_flake8_on_style_violations_fixture PASSED [ 35%]
2026-01-30T14:50:36.6484951Z tests/test_flake8_parser.py::TestFlake8IntegrationWithFixtures::test_flake8_on_syntax_error_fixture PASSED [ 35%]
2026-01-30T14:50:36.7713755Z tests/test_flake8_parser.py::TestFlake8IntegrationWithFixtures::test_flake8_on_unused_imports_fixture PASSED [ 35%]
2026-01-30T14:50:36.7725769Z tests/test_flake8_parser.py::TestFlake8SeverityMapping::test_e_series_maps_to_error PASSED [ 36%]
2026-01-30T14:50:36.7738801Z tests/test_flake8_parser.py::TestFlake8SeverityMapping::test_w_series_maps_to_warning PASSED [ 36%]
2026-01-30T14:50:36.7750820Z tests/test_flake8_parser.py::TestFlake8SeverityMapping::test_f_series_maps_to_error PASSED [ 36%]
2026-01-30T14:50:36.7763120Z tests/test_flake8_parser.py::TestFlake8SeverityMapping::test_c_series_maps_to_warning PASSED [ 36%]
2026-01-30T14:50:36.7775108Z tests/test_flake8_parser.py::TestFlake8SeverityMapping::test_n_series_maps_to_warning PASSED [ 36%]
2026-01-30T14:50:36.7797331Z tests/test_flake8_parser.py::TestFlake8ConfigurationHandling::test_detect_flake8_config_file PASSED [ 37%]
2026-01-30T14:50:36.7818845Z tests/test_flake8_parser.py::TestFlake8ConfigurationHandling::test_detect_setup_cfg_flake8_section PASSED [ 37%]
2026-01-30T14:50:36.7841029Z tests/test_flake8_parser.py::TestFlake8ConfigurationHandling::test_detect_tox_ini_flake8_section PASSED [ 37%]
2026-01-30T14:50:36.7860133Z tests/test_isort_parser.py::TestIsortTextParsing::test_parse_output_all_imports_sorted PASSED [ 37%]
2026-01-30T14:50:36.7873231Z tests/test_isort_parser.py::TestIsortTextParsing::test_parse_output_imports_need_sorting PASSED [ 37%]
2026-01-30T14:50:36.7886551Z tests/test_isort_parser.py::TestIsortTextParsing::test_parse_multiple_files_with_errors PASSED [ 38%]
2026-01-30T14:50:36.7899502Z tests/test_isort_parser.py::TestIsortTextParsing::test_parse_windows_paths PASSED [ 38%]
2026-01-30T14:50:36.7912255Z tests/test_isort_parser.py::TestIsortTextParsing::test_parse_output_with_skipped_files PASSED [ 38%]
2026-01-30T14:50:36.7925411Z tests/test_isort_parser.py::TestIsortCommandBuilding::test_build_command_default_options PASSED [ 38%]
2026-01-30T14:50:36.7938005Z tests/test_isort_parser.py::TestIsortCommandBuilding::test_build_command_with_profile PASSED [ 38%]
2026-01-30T14:50:36.7950449Z tests/test_isort_parser.py::TestIsortCommandBuilding::test_build_command_with_line_length PASSED [ 39%]
2026-01-30T14:50:36.7962882Z tests/test_isort_parser.py::TestIsortCommandBuilding::test_build_command_with_multi_line_output PASSED [ 39%]
2026-01-30T14:50:36.7975231Z tests/test_isort_parser.py::TestIsortCommandBuilding::test_build_command_with_skip_patterns PASSED [ 39%]
2026-01-30T14:50:36.7987585Z tests/test_isort_parser.py::TestIsortCommandBuilding::test_build_command_with_force_single_line PASSED [ 39%]
2026-01-30T14:50:36.8000078Z tests/test_isort_parser.py::TestIsortCommandBuilding::test_build_command_with_diff PASSED [ 39%]
2026-01-30T14:50:36.8012674Z tests/test_isort_parser.py::TestIsortCommandBuilding::test_build_command_with_multiple_files PASSED [ 40%]
2026-01-30T14:50:36.8036918Z tests/test_isort_parser.py::TestIsortErrorHandling::test_error_when_isort_not_installed PASSED [ 40%]
2026-01-30T14:50:36.8059943Z tests/test_isort_parser.py::TestIsortErrorHandling::test_timeout_handling PASSED [ 40%]
2026-01-30T14:50:36.8072836Z tests/test_isort_parser.py::TestIsortErrorHandling::test_parse_syntax_error_in_file PASSED [ 40%]
2026-01-30T14:50:36.8100273Z tests/test_isort_parser.py::TestIsortVersionDetection::test_version_detection PASSED [ 40%]
2026-01-30T14:50:36.8121642Z tests/test_isort_parser.py::TestIsortVersionDetection::test_version_detection_failure PASSED [ 40%]
2026-01-30T14:50:36.9555142Z tests/test_isort_parser.py::TestIsortIntegrationWithFixtures::test_isort_on_sorted_python_code PASSED [ 41%]
2026-01-30T14:50:37.0575367Z tests/test_isort_parser.py::TestIsortIntegrationWithFixtures::test_isort_on_unsorted_imports_fixture PASSED [ 41%]
2026-01-30T14:50:37.0597318Z tests/test_isort_parser.py::TestIsortConfigurationHandling::test_detect_pyproject_toml PASSED [ 41%]
2026-01-30T14:50:37.0617821Z tests/test_isort_parser.py::TestIsortConfigurationHandling::test_detect_setup_cfg PASSED [ 41%]
2026-01-30T14:50:37.0638288Z tests/test_isort_parser.py::TestIsortConfigurationHandling::test_detect_isort_cfg PASSED [ 41%]
2026-01-30T14:50:37.0659184Z tests/test_isort_parser.py::TestIsortConfigurationHandling::test_no_config_file_returns_none PASSED [ 42%]
2026-01-30T14:50:37.0671670Z tests/test_isort_parser.py::TestIsortSuggestedFixes::test_generate_fix_command PASSED [ 42%]
2026-01-30T14:50:37.0684976Z tests/test_isort_parser.py::TestIsortSuggestedFixes::test_generate_fix_command_with_options PASSED [ 42%]
2026-01-30T14:50:37.0722335Z tests/test_language_detector.py::TestLanguageDetection::test_detect_python_files PASSED [ 42%]
2026-01-30T14:50:37.0760825Z tests/test_language_detector.py::TestLanguageDetection::test_detect_cpp_files PASSED [ 42%]
2026-01-30T14:50:37.0797163Z tests/test_language_detector.py::TestLanguageDetection::test_detect_mixed_language_project PASSED [ 43%]
2026-01-30T14:50:37.0822360Z tests/test_language_detector.py::TestLanguageDetection::test_detect_python_only_project PASSED [ 43%]
2026-01-30T14:50:37.0847162Z tests/test_language_detector.py::TestLanguageDetection::test_detect_cpp_only_project PASSED [ 43%]
2026-01-30T14:50:37.0870922Z tests/test_language_detector.py::TestLanguageDetection::test_detect_no_matching_files PASSED [ 43%]
2026-01-30T14:50:37.0903570Z tests/test_language_detector.py::TestLanguageDetection::test_get_files_returns_only_python PASSED [ 43%]
2026-01-30T14:50:37.0937613Z tests/test_language_detector.py::TestLanguageDetection::test_get_files_returns_only_cpp PASSED [ 44%]
2026-01-30T14:50:37.0973652Z tests/test_language_detector.py::TestExclusionPatterns::test_ignores_git_directory PASSED [ 44%]
2026-01-30T14:50:37.1009968Z tests/test_language_detector.py::TestExclusionPatterns::test_ignores_pycache_directory PASSED [ 44%]
2026-01-30T14:50:37.1047517Z tests/test_language_detector.py::TestExclusionPatterns::test_ignores_build_directory PASSED [ 44%]
2026-01-30T14:50:37.1088048Z tests/test_language_detector.py::TestExclusionPatterns::test_custom_exclude_patterns PASSED [ 44%]
2026-01-30T14:50:37.1125846Z tests/test_language_detector.py::TestConfigurationIntegration::test_respects_file_patterns_from_config PASSED [ 45%]
2026-01-30T14:50:37.1153137Z tests/test_language_detector.py::TestConfigurationIntegration::test_respects_cpp_patterns_from_config PASSED [ 45%]
2026-01-30T14:50:37.1164800Z tests/test_language_detector.py::TestSymbolicLinks::test_follows_symlinks_when_enabled SKIPPED [ 45%]
2026-01-30T14:50:37.1175768Z tests/test_language_detector.py::TestSymbolicLinks::test_ignores_symlinks_when_disabled SKIPPED [ 45%]
2026-01-30T14:50:37.1317266Z tests/test_language_detector.py::TestPerformance::test_performance_large_directory_tree PASSED [ 45%]
2026-01-30T14:50:37.1330896Z tests/test_language_detector.py::TestEdgeCases::test_nonexistent_directory_raises_error PASSED [ 45%]
2026-01-30T14:50:37.1352368Z tests/test_language_detector.py::TestEdgeCases::test_file_instead_of_directory_raises_error PASSED [ 46%]
2026-01-30T14:50:37.1383162Z tests/test_language_detector.py::TestEdgeCases::test_get_files_for_unknown_language_returns_empty PASSED [ 46%]
2026-01-30T14:50:37.1405688Z tests/test_language_detector.py::TestEdgeCases::test_empty_directory_returns_empty PASSED [ 46%]
2026-01-30T14:50:37.1422530Z tests/test_orchestrator.py::TestSequentialExecution::test_run_all_validators_sequentially PASSED [ 46%]
2026-01-30T14:50:37.1439373Z tests/test_orchestrator.py::TestSequentialExecution::test_validators_run_in_deterministic_order PASSED [ 46%]
2026-01-30T14:50:37.1478113Z tests/test_orchestrator.py::TestParallelExecution::test_run_all_validators_in_parallel PASSED [ 47%]
2026-01-30T14:50:37.5516461Z tests/test_orchestrator.py::TestParallelExecution::test_parallel_execution_faster_than_sequential PASSED [ 47%]
2026-01-30T14:50:37.5532767Z tests/test_orchestrator.py::TestLanguageFiltering::test_run_validators_for_specific_language PASSED [ 47%]
2026-01-30T14:50:37.5547460Z tests/test_orchestrator.py::TestLanguageFiltering::test_run_validators_for_cpp_language PASSED [ 47%]
2026-01-30T14:50:37.5562557Z tests/test_orchestrator.py::TestLanguageFiltering::test_run_validators_for_nonexistent_language PASSED [ 47%]
2026-01-30T14:50:37.5577963Z tests/test_orchestrator.py::TestSpecificValidatorExecution::test_run_specific_validator_by_name PASSED [ 48%]
2026-01-30T14:50:37.5594994Z tests/test_orchestrator.py::TestSpecificValidatorExecution::test_run_nonexistent_validator_raises_error PASSED [ 48%]
2026-01-30T14:50:37.5610783Z tests/test_orchestrator.py::TestResultAggregation::test_aggregate_results_all_passing PASSED [ 48%]
2026-01-30T14:50:37.5623678Z tests/test_orchestrator.py::TestResultAggregation::test_aggregate_results_with_failures PASSED [ 48%]
2026-01-30T14:50:37.5639643Z tests/test_orchestrator.py::TestResultAggregation::test_aggregate_results_counts_files_checked PASSED [ 48%]
2026-01-30T14:50:37.5654931Z tests/test_orchestrator.py::TestOverallPassFail::test_overall_pass_when_all_validators_pass PASSED [ 49%]
2026-01-30T14:50:37.5667585Z tests/test_orchestrator.py::TestOverallPassFail::test_overall_fail_when_any_validator_fails PASSED [ 49%]
2026-01-30T14:50:37.5679801Z tests/test_orchestrator.py::TestFailFastMode::test_fail_fast_stops_on_first_failure PASSED [ 49%]
2026-01-30T14:50:37.5692298Z tests/test_orchestrator.py::TestContinueOnFailureMode::test_continue_on_failure_runs_all_validators PASSED [ 49%]
2026-01-30T14:50:47.5814612Z tests/test_orchestrator.py::TestTimeoutHandling::test_timeout_handling_for_slow_validators PASSED [ 49%]
2026-01-30T14:50:47.5827955Z tests/test_orchestrator.py::TestValidatorCrashHandling::test_error_handling_when_validator_crashes PASSED [ 50%]
2026-01-30T14:50:47.5840856Z tests/test_orchestrator.py::TestToolNotFoundHandling::test_error_handling_when_tool_not_found PASSED [ 50%]
2026-01-30T14:50:47.5854160Z tests/test_orchestrator.py::TestMixedResults::test_result_collection_with_mixed_results PASSED [ 50%]
2026-01-30T14:50:47.8880152Z tests/test_orchestrator.py::TestExecutionTimeTracking::test_execution_time_tracking PASSED [ 50%]
2026-01-30T14:50:47.8897983Z tests/test_orchestrator.py::TestFileCountAggregation::test_file_count_aggregation PASSED [ 50%]
2026-01-30T14:50:47.8912875Z tests/test_orchestrator.py::TestFileCountAggregation::test_unique_files_counted PASSED [ 50%]
2026-01-30T14:50:47.8927247Z tests/test_orchestrator.py::TestEmptyFileList::test_run_with_empty_file_list PASSED [ 51%]
2026-01-30T14:50:47.8941708Z tests/test_orchestrator.py::TestConfigurationPassing::test_configuration_passed_to_validators PASSED [ 51%]
2026-01-30T14:50:47.8954002Z tests/test_parser_framework.py::TestFixtureDirectoryStructure::test_fixtures_directory_exists PASSED [ 51%]
2026-01-30T14:50:47.8966055Z tests/test_parser_framework.py::TestFixtureDirectoryStructure::test_python_fixtures_directory_exists PASSED [ 51%]
2026-01-30T14:50:47.8978265Z tests/test_parser_framework.py::TestFixtureDirectoryStructure::test_cpp_fixtures_directory_exists PASSED [ 51%]
2026-01-30T14:50:47.8990630Z tests/test_parser_framework.py::TestFixtureDirectoryStructure::test_sample_code_fixtures_directory_exists PASSED [ 52%]
2026-01-30T14:50:47.9004512Z tests/test_parser_framework.py::TestFixtureLoading::test_load_fixture_file_returns_content PASSED [ 52%]
2026-01-30T14:50:47.9018261Z tests/test_parser_framework.py::TestFixtureLoading::test_load_fixture_file_with_subdirectory PASSED [ 52%]
2026-01-30T14:50:47.9031968Z tests/test_parser_framework.py::TestFixtureLoading::test_load_fixture_file_preserves_encoding PASSED [ 52%]
2026-01-30T14:50:47.9045781Z tests/test_parser_framework.py::TestFixtureLoading::test_load_fixture_nonexistent_file_raises_error PASSED [ 52%]
2026-01-30T14:50:47.9059317Z tests/test_parser_framework.py::TestFixtureLoading::test_get_fixture_path_returns_absolute_path PASSED [ 53%]
2026-01-30T14:50:47.9077188Z tests/test_parser_framework.py::TestFixtureLoading::test_list_fixtures_in_directory PASSED [ 53%]
2026-01-30T14:50:47.9090336Z tests/test_parser_framework.py::TestParserHelpers::test_create_validation_result_helper PASSED [ 53%]
2026-01-30T14:50:47.9103251Z tests/test_parser_framework.py::TestParserHelpers::test_create_issue_helper PASSED [ 53%]
2026-01-30T14:50:47.9116203Z tests/test_parser_framework.py::TestParserHelpers::test_assert_validation_result_structure PASSED [ 53%]
2026-01-30T14:50:47.9129509Z tests/test_parser_framework.py::TestParserHelpers::test_assert_validation_result_invalid_structure_raises PASSED [ 54%]
2026-01-30T14:50:47.9142193Z tests/test_parser_framework.py::TestParserHelpers::test_assert_issue_structure PASSED [ 54%]
2026-01-30T14:50:47.9155250Z tests/test_parser_framework.py::TestParserHelpers::test_count_issues_by_severity PASSED [ 54%]
2026-01-30T14:50:47.9168323Z tests/test_parser_framework.py::TestParserHelpers::test_filter_issues_by_file PASSED [ 54%]
2026-01-30T14:50:47.9181249Z tests/test_parser_framework.py::TestParserHelpers::test_filter_issues_by_severity PASSED [ 54%]
2026-01-30T14:50:47.9199673Z tests/test_parser_framework.py::TestPythonFixtures::test_good_python_code_fixture_exists PASSED [ 55%]
2026-01-30T14:50:47.9214481Z tests/test_parser_framework.py::TestPythonFixtures::test_bad_python_syntax_error_fixture_exists PASSED [ 55%]
2026-01-30T14:50:47.9230093Z tests/test_parser_framework.py::TestPythonFixtures::test_bad_python_missing_imports_fixture_exists PASSED [ 55%]
2026-01-30T14:50:47.9245874Z tests/test_parser_framework.py::TestPythonFixtures::test_bad_python_unused_code_fixture_exists PASSED [ 55%]
2026-01-30T14:50:47.9262270Z tests/test_parser_framework.py::TestPythonFixtures::test_bad_python_style_violations_fixture_exists PASSED [ 55%]
2026-01-30T14:50:47.9279809Z tests/test_parser_framework.py::TestPythonFixtures::test_bad_python_unformatted_code_fixture_exists PASSED [ 55%]
2026-01-30T14:50:47.9293653Z tests/test_parser_framework.py::TestCppFixtures::test_good_cpp_code_fixture_exists PASSED [ 56%]
2026-01-30T14:50:47.9307930Z tests/test_parser_framework.py::TestCppFixtures::test_good_cpp_header_fixture_exists PASSED [ 56%]
2026-01-30T14:50:47.9321518Z tests/test_parser_framework.py::TestCppFixtures::test_bad_cpp_syntax_error_fixture_exists PASSED [ 56%]
2026-01-30T14:50:47.9335139Z tests/test_parser_framework.py::TestCppFixtures::test_bad_cpp_style_violations_fixture_exists PASSED [ 56%]
2026-01-30T14:50:47.9348963Z tests/test_parser_framework.py::TestCppFixtures::test_bad_cpp_static_analysis_issues_fixture_exists PASSED [ 56%]
2026-01-30T14:50:47.9361396Z tests/test_parser_framework.py::TestFixtureNamingConventions::test_readme_exists_in_fixtures_directory PASSED [ 57%]
2026-01-30T14:50:47.9374226Z tests/test_parser_framework.py::TestFixtureNamingConventions::test_readme_documents_naming_conventions PASSED [ 57%]
2026-01-30T14:50:47.9388591Z tests/test_parser_framework.py::TestFixtureNamingConventions::test_readme_documents_directory_structure PASSED [ 57%]
2026-01-30T14:50:47.9401027Z tests/test_pylint_parser.py::TestPylintJSONParsing::test_parse_json_output_with_no_issues PASSED [ 57%]
2026-01-30T14:50:47.9414480Z tests/test_pylint_parser.py::TestPylintJSONParsing::test_parse_convention_messages PASSED [ 57%]
2026-01-30T14:50:47.9427030Z tests/test_pylint_parser.py::TestPylintJSONParsing::test_parse_refactor_suggestions PASSED [ 58%]
2026-01-30T14:50:47.9439239Z tests/test_pylint_parser.py::TestPylintJSONParsing::test_parse_warnings PASSED [ 58%]
2026-01-30T14:50:47.9451526Z tests/test_pylint_parser.py::TestPylintJSONParsing::test_parse_errors PASSED [ 58%]
2026-01-30T14:50:47.9463787Z tests/test_pylint_parser.py::TestPylintJSONParsing::test_parse_fatal_errors PASSED [ 58%]
2026-01-30T14:50:47.9476379Z tests/test_pylint_parser.py::TestPylintJSONParsing::test_parse_multiple_issues_mixed_types PASSED [ 58%]
2026-01-30T14:50:47.9488583Z tests/test_pylint_parser.py::TestPylintJSONParsing::test_parse_with_score_information PASSED [ 59%]
2026-01-30T14:50:47.9500430Z tests/test_pylint_parser.py::TestPylintCommandBuilding::test_build_command_default_options PASSED [ 59%]
2026-01-30T14:50:47.9512355Z tests/test_pylint_parser.py::TestPylintCommandBuilding::test_build_command_with_disable_options PASSED [ 59%]
2026-01-30T14:50:47.9524215Z tests/test_pylint_parser.py::TestPylintCommandBuilding::test_build_command_with_enable_options PASSED [ 59%]
2026-01-30T14:50:47.9536142Z tests/test_pylint_parser.py::TestPylintCommandBuilding::test_build_command_with_max_line_length PASSED [ 59%]
2026-01-30T14:50:47.9548140Z tests/test_pylint_parser.py::TestPylintCommandBuilding::test_build_command_with_rcfile PASSED [ 60%]
2026-01-30T14:50:47.9559931Z tests/test_pylint_parser.py::TestPylintCommandBuilding::test_build_command_with_score_enabled PASSED [ 60%]
2026-01-30T14:50:47.9571722Z tests/test_pylint_parser.py::TestPylintCommandBuilding::test_build_command_with_score_disabled PASSED [ 60%]
2026-01-30T14:50:47.9583686Z tests/test_pylint_parser.py::TestPylintCommandBuilding::test_build_command_with_multiple_files PASSED [ 60%]
2026-01-30T14:50:47.9607403Z tests/test_pylint_parser.py::TestPylintErrorHandling::test_error_when_pylint_not_installed PASSED [ 60%]
2026-01-30T14:50:47.9629633Z tests/test_pylint_parser.py::TestPylintErrorHandling::test_timeout_handling PASSED [ 60%]
2026-01-30T14:50:47.9642211Z tests/test_pylint_parser.py::TestPylintErrorHandling::test_invalid_json_handling PASSED [ 61%]
2026-01-30T14:50:47.9668896Z tests/test_pylint_parser.py::TestPylintVersionDetection::test_version_detection PASSED [ 61%]
2026-01-30T14:50:47.9693322Z tests/test_pylint_parser.py::TestPylintVersionDetection::test_version_detection_pylint2 PASSED [ 61%]
2026-01-30T14:50:47.9713954Z tests/test_pylint_parser.py::TestPylintVersionDetection::test_version_detection_failure PASSED [ 61%]
2026-01-30T14:50:49.1397798Z tests/test_pylint_parser.py::TestPylintIntegrationWithFixtures::test_pylint_on_clean_python_code PASSED [ 61%]
2026-01-30T14:50:49.7707052Z tests/test_pylint_parser.py::TestPylintIntegrationWithFixtures::test_pylint_on_code_with_violations PASSED [ 62%]
2026-01-30T14:50:49.7728644Z tests/test_pylint_parser.py::TestPylintConfigurationHandling::test_detect_pylintrc PASSED [ 62%]
2026-01-30T14:50:49.7749142Z tests/test_pylint_parser.py::TestPylintConfigurationHandling::test_detect_pyproject_toml PASSED [ 62%]
2026-01-30T14:50:49.7769968Z tests/test_pylint_parser.py::TestPylintConfigurationHandling::test_detect_setup_cfg PASSED [ 62%]
2026-01-30T14:50:49.7790915Z tests/test_pylint_parser.py::TestPylintConfigurationHandling::test_priority_order_pylintrc_over_others PASSED [ 62%]
2026-01-30T14:50:49.7811732Z tests/test_pylint_parser.py::TestPylintConfigurationHandling::test_no_config_file_returns_none PASSED [ 63%]
2026-01-30T14:50:49.7826345Z tests/test_pylint_parser.py::TestPylintScoreExtraction::test_extract_score_from_text_output PASSED [ 63%]
2026-01-30T14:50:49.7839151Z tests/test_pylint_parser.py::TestPylintScoreExtraction::test_extract_score_with_previous_run PASSED [ 63%]
2026-01-30T14:50:49.7851248Z tests/test_pylint_parser.py::TestPylintScoreExtraction::test_extract_score_when_not_present PASSED [ 63%]
2026-01-30T14:50:49.7863109Z tests/test_pylint_parser.py::TestPylintScoreExtraction::test_extract_perfect_score PASSED [ 63%]
2026-01-30T14:50:49.7875935Z tests/test_pylint_parser.py::TestPylintSeverityMapping::test_convention_maps_to_warning PASSED [ 64%]
2026-01-30T14:50:49.7890461Z tests/test_pylint_parser.py::TestPylintSeverityMapping::test_refactor_maps_to_warning PASSED [ 64%]
2026-01-30T14:50:49.7903277Z tests/test_pylint_parser.py::TestPylintSeverityMapping::test_warning_maps_to_warning PASSED [ 64%]
2026-01-30T14:50:49.7915751Z tests/test_pylint_parser.py::TestPylintSeverityMapping::test_error_maps_to_error PASSED [ 64%]
2026-01-30T14:50:49.7929557Z tests/test_pylint_parser.py::TestPylintSeverityMapping::test_fatal_maps_to_error PASSED [ 64%]
2026-01-30T14:50:49.7944373Z tests/test_pytest_parser.py::TestPytestResultParsing::test_parse_output_all_tests_passed PASSED [ 65%]
2026-01-30T14:50:49.7959101Z tests/test_pytest_parser.py::TestPytestResultParsing::test_parse_output_with_test_failures PASSED [ 65%]
2026-01-30T14:50:49.7973547Z tests/test_pytest_parser.py::TestPytestResultParsing::test_parse_output_with_skipped_tests PASSED [ 65%]
2026-01-30T14:50:49.7988091Z tests/test_pytest_parser.py::TestPytestResultParsing::test_parse_parametrized_tests PASSED [ 65%]
2026-01-30T14:50:49.8001998Z tests/test_pytest_parser.py::TestPytestResultParsing::test_parse_test_durations PASSED [ 65%]
2026-01-30T14:50:49.8016258Z tests/test_pytest_parser.py::TestPytestResultParsing::test_identify_slowest_tests PASSED [ 65%]
2026-01-30T14:50:49.8030640Z tests/test_pytest_parser.py::TestPytestCoverageIntegration::test_parse_coverage_percentage PASSED [ 66%]
2026-01-30T14:50:49.8044548Z tests/test_pytest_parser.py::TestPytestCoverageIntegration::test_parse_coverage_per_module PASSED [ 66%]
2026-01-30T14:50:49.8058771Z tests/test_pytest_parser.py::TestPytestCoverageIntegration::test_parse_missing_lines PASSED [ 66%]
2026-01-30T14:50:49.8073068Z tests/test_pytest_parser.py::TestPytestCoverageIntegration::test_identify_modules_below_threshold PASSED [ 66%]
2026-01-30T14:50:49.8087130Z tests/test_pytest_parser.py::TestPytestCoverageIntegration::test_parse_branch_coverage PASSED [ 66%]
2026-01-30T14:50:49.8099296Z tests/test_pytest_parser.py::TestPytestCommandBuilding::test_build_command_default_options PASSED [ 67%]
2026-01-30T14:50:49.8111486Z tests/test_pytest_parser.py::TestPytestCommandBuilding::test_build_command_with_coverage PASSED [ 67%]
2026-01-30T14:50:49.8123463Z tests/test_pytest_parser.py::TestPytestCommandBuilding::test_build_command_with_markers PASSED [ 67%]
2026-01-30T14:50:49.8135279Z tests/test_pytest_parser.py::TestPytestCommandBuilding::test_build_command_with_keywords PASSED [ 67%]
2026-01-30T14:50:49.8147433Z tests/test_pytest_parser.py::TestPytestCommandBuilding::test_build_command_with_parallel_workers PASSED [ 67%]
2026-01-30T14:50:49.8159273Z tests/test_pytest_parser.py::TestPytestCommandBuilding::test_build_command_with_reruns PASSED [ 68%]
2026-01-30T14:50:49.8171354Z tests/test_pytest_parser.py::TestPytestCommandBuilding::test_build_command_with_verbose PASSED [ 68%]
2026-01-30T14:50:49.8183117Z tests/test_pytest_parser.py::TestPytestCommandBuilding::test_build_command_with_multiple_files PASSED [ 68%]
2026-01-30T14:50:49.8206316Z tests/test_pytest_parser.py::TestPytestErrorHandling::test_error_when_pytest_not_installed PASSED [ 68%]
2026-01-30T14:50:49.8227963Z tests/test_pytest_parser.py::TestPytestErrorHandling::test_timeout_handling PASSED [ 68%]
2026-01-30T14:50:49.8243075Z tests/test_pytest_parser.py::TestPytestErrorHandling::test_parse_with_invalid_json PASSED [ 69%]
2026-01-30T14:50:49.8268372Z tests/test_pytest_parser.py::TestPytestErrorHandling::test_error_when_coverage_plugin_missing PASSED [ 69%]
2026-01-30T14:50:49.8295697Z tests/test_pytest_parser.py::TestPytestVersionDetection::test_version_detection PASSED [ 69%]
2026-01-30T14:50:49.8316881Z tests/test_pytest_parser.py::TestPytestVersionDetection::test_version_detection_failure PASSED [ 69%]
2026-01-30T14:50:49.8327969Z tests/test_pytest_parser.py::TestPytestIntegrationWithFixtures::test_pytest_on_passing_test_suite SKIPPED [ 69%]
2026-01-30T14:50:49.8338504Z tests/test_pytest_parser.py::TestPytestIntegrationWithFixtures::test_pytest_on_failing_test_suite SKIPPED [ 70%]
2026-01-30T14:50:49.8350340Z tests/test_pytest_parser.py::TestPytestIntegrationWithFixtures::test_coverage_measurement SKIPPED [ 70%]
2026-01-30T14:50:49.8364477Z tests/test_pytest_parser.py::TestPytestFlakyTestDetection::test_detect_flaky_test PASSED [ 70%]
2026-01-30T14:50:49.8378580Z tests/test_pytest_parser.py::TestPytestFlakyTestDetection::test_no_flaky_tests PASSED [ 70%]
2026-01-30T14:50:49.8392693Z tests/test_pytest_parser.py::TestPytestSummaryStatistics::test_extract_summary_statistics PASSED [ 70%]
2026-01-30T14:50:49.8406515Z tests/test_pytest_parser.py::TestPytestSummaryStatistics::test_calculate_pass_rate PASSED [ 70%]
2026-01-30T14:50:49.8427738Z tests/test_pytest_parser.py::TestPytestConfigurationHandling::test_detect_pytest_ini PASSED [ 71%]
2026-01-30T14:50:49.8448850Z tests/test_pytest_parser.py::TestPytestConfigurationHandling::test_detect_pyproject_toml PASSED [ 71%]
2026-01-30T14:50:49.8469675Z tests/test_pytest_parser.py::TestPytestConfigurationHandling::test_detect_setup_cfg PASSED [ 71%]
2026-01-30T14:50:49.8490739Z tests/test_pytest_parser.py::TestPytestConfigurationHandling::test_no_config_file_returns_none PASSED [ 71%]
2026-01-30T14:50:49.8503292Z tests/test_radon_parser.py::TestRadonCyclomaticComplexity::test_parse_cc_output_with_no_functions PASSED [ 71%]
2026-01-30T14:50:49.8515354Z tests/test_radon_parser.py::TestRadonCyclomaticComplexity::test_parse_cc_output_with_low_complexity_functions PASSED [ 72%]
2026-01-30T14:50:49.8528246Z tests/test_radon_parser.py::TestRadonCyclomaticComplexity::test_parse_cc_output_with_high_complexity_functions PASSED [ 72%]
2026-01-30T14:50:49.8540841Z tests/test_radon_parser.py::TestRadonCyclomaticComplexity::test_parse_cc_output_with_multiple_functions PASSED [ 72%]
2026-01-30T14:50:49.8552794Z tests/test_radon_parser.py::TestRadonCyclomaticComplexity::test_parse_cc_output_with_methods PASSED [ 72%]
2026-01-30T14:50:49.8565136Z tests/test_radon_parser.py::TestRadonCyclomaticComplexity::test_parse_cc_output_with_closures PASSED [ 72%]
2026-01-30T14:50:49.8577590Z tests/test_radon_parser.py::TestRadonCyclomaticComplexity::test_parse_cc_complexity_ranks PASSED [ 73%]
2026-01-30T14:50:49.8589945Z tests/test_radon_parser.py::TestRadonMaintainabilityIndex::test_parse_mi_output_high_maintainability PASSED [ 73%]
2026-01-30T14:50:49.8602373Z tests/test_radon_parser.py::TestRadonMaintainabilityIndex::test_parse_mi_output_low_maintainability PASSED [ 73%]
2026-01-30T14:50:49.8614608Z tests/test_radon_parser.py::TestRadonMaintainabilityIndex::test_parse_mi_output_multiple_files PASSED [ 73%]
2026-01-30T14:50:49.8627298Z tests/test_radon_parser.py::TestRadonMaintainabilityIndex::test_parse_mi_ranks PASSED [ 73%]
2026-01-30T14:50:49.8639335Z tests/test_radon_parser.py::TestRadonRawMetrics::test_parse_raw_metrics PASSED [ 74%]
2026-01-30T14:50:49.8651861Z tests/test_radon_parser.py::TestRadonRawMetrics::test_parse_raw_metrics_multiple_files PASSED [ 74%]
2026-01-30T14:50:49.8665654Z tests/test_radon_parser.py::TestRadonCommandBuilding::test_build_cc_command_default_options PASSED [ 74%]
2026-01-30T14:50:49.8677770Z tests/test_radon_parser.py::TestRadonCommandBuilding::test_build_cc_command_with_min_grade PASSED [ 74%]
2026-01-30T14:50:49.8689914Z tests/test_radon_parser.py::TestRadonCommandBuilding::test_build_cc_command_with_show_closures PASSED [ 74%]
2026-01-30T14:50:49.8701769Z tests/test_radon_parser.py::TestRadonCommandBuilding::test_build_cc_command_with_exclude_patterns PASSED [ 75%]
2026-01-30T14:50:49.8713763Z tests/test_radon_parser.py::TestRadonCommandBuilding::test_build_mi_command_default_options PASSED [ 75%]
2026-01-30T14:50:49.8725401Z tests/test_radon_parser.py::TestRadonCommandBuilding::test_build_mi_command_with_show_details PASSED [ 75%]
2026-01-30T14:50:49.8737345Z tests/test_radon_parser.py::TestRadonCommandBuilding::test_build_raw_command_default_options PASSED [ 75%]
2026-01-30T14:50:49.8749589Z tests/test_radon_parser.py::TestRadonCommandBuilding::test_build_command_with_multiple_files PASSED [ 75%]
2026-01-30T14:50:49.8773219Z tests/test_radon_parser.py::TestRadonErrorHandling::test_error_when_radon_not_installed PASSED [ 75%]
2026-01-30T14:50:49.8795294Z tests/test_radon_parser.py::TestRadonErrorHandling::test_timeout_handling PASSED [ 76%]
2026-01-30T14:50:49.8808039Z tests/test_radon_parser.py::TestRadonErrorHandling::test_invalid_json_handling PASSED [ 76%]
2026-01-30T14:50:49.8835038Z tests/test_radon_parser.py::TestRadonVersionDetection::test_version_detection PASSED [ 76%]
2026-01-30T14:50:49.8866394Z tests/test_radon_parser.py::TestRadonVersionDetection::test_version_detection_failure PASSED [ 76%]
2026-01-30T14:50:49.9654612Z tests/test_radon_parser.py::TestRadonIntegrationWithFixtures::test_radon_cc_on_simple_python_code PASSED [ 76%]
2026-01-30T14:50:50.0443831Z tests/test_radon_parser.py::TestRadonIntegrationWithFixtures::test_radon_mi_on_python_code PASSED [ 77%]
2026-01-30T14:50:50.0456872Z tests/test_radon_parser.py::TestRadonComplexityAggregation::test_calculate_average_complexity PASSED [ 77%]
2026-01-30T14:50:50.0469440Z tests/test_radon_parser.py::TestRadonComplexityAggregation::test_calculate_average_complexity_with_empty_data PASSED [ 77%]
2026-01-30T14:50:50.0481838Z tests/test_radon_parser.py::TestRadonComplexityAggregation::test_identify_high_complexity_functions PASSED [ 77%]
2026-01-30T14:50:50.0504057Z tests/test_radon_parser.py::TestRadonConfigurationHandling::test_detect_radon_config_in_pyproject_toml PASSED [ 77%]
2026-01-30T14:50:50.0525709Z tests/test_radon_parser.py::TestRadonConfigurationHandling::test_detect_radon_config_in_setup_cfg PASSED [ 78%]
2026-01-30T14:50:50.0547180Z tests/test_radon_parser.py::TestRadonConfigurationHandling::test_no_config_file_returns_none PASSED [ 78%]
2026-01-30T14:50:50.0563561Z tests/test_reporting.py::TestReportSummary::test_summary_from_passing_results PASSED [ 78%]
2026-01-30T14:50:50.0576908Z tests/test_reporting.py::TestReportSummary::test_summary_from_failing_results PASSED [ 78%]
2026-01-30T14:50:50.0589206Z tests/test_reporting.py::TestReportSummary::test_summary_with_empty_results PASSED [ 78%]
2026-01-30T14:50:50.0602333Z tests/test_reporting.py::TestReportSummary::test_summary_to_dict PASSED  [ 79%]
2026-01-30T14:50:50.0616231Z tests/test_reporting.py::TestConsoleReporter::test_generate_report_all_passing PASSED [ 79%]
2026-01-30T14:50:50.0630665Z tests/test_reporting.py::TestConsoleReporter::test_generate_report_with_failures PASSED [ 79%]
2026-01-30T14:50:50.0644258Z tests/test_reporting.py::TestConsoleReporter::test_report_includes_execution_times PASSED [ 79%]
2026-01-30T14:50:50.0658380Z tests/test_reporting.py::TestConsoleReporter::test_report_shows_overall_pass_fail PASSED [ 79%]
2026-01-30T14:50:50.0672051Z tests/test_reporting.py::TestConsoleReporter::test_report_groups_issues_by_file PASSED [ 80%]
2026-01-30T14:50:50.0686069Z tests/test_reporting.py::TestConsoleReporter::test_report_groups_issues_by_validator PASSED [ 80%]
2026-01-30T14:50:50.0699867Z tests/test_reporting.py::TestConsoleReporter::test_report_shows_summary_statistics PASSED [ 80%]
2026-01-30T14:50:50.0713065Z tests/test_reporting.py::TestConsoleReporter::test_colored_output_enabled PASSED [ 80%]
2026-01-30T14:50:50.0726305Z tests/test_reporting.py::TestConsoleReporter::test_plain_text_output PASSED [ 80%]
2026-01-30T14:50:50.0740715Z tests/test_reporting.py::TestConsoleReporter::test_verbose_mode_includes_all_details PASSED [ 80%]
2026-01-30T14:50:50.0754897Z tests/test_reporting.py::TestConsoleReporter::test_quiet_mode_shows_only_errors PASSED [ 81%]
2026-01-30T14:50:50.0768467Z tests/test_reporting.py::TestConsoleReporter::test_report_with_box_drawing_characters PASSED [ 81%]
2026-01-30T14:50:50.0781807Z tests/test_reporting.py::TestConsoleReporter::test_report_without_box_drawing PASSED [ 81%]
2026-01-30T14:50:50.0793730Z tests/test_reporting.py::TestConsoleReporter::test_empty_results_report PASSED [ 81%]
2026-01-30T14:50:50.0809608Z tests/test_reporting.py::TestJSONReporter::test_generate_json_report_all_passing PASSED [ 81%]
2026-01-30T14:50:50.0828221Z tests/test_reporting.py::TestJSONReporter::test_generate_json_report_with_failures PASSED [ 82%]
2026-01-30T14:50:50.0846175Z tests/test_reporting.py::TestJSONReporter::test_json_report_includes_all_errors PASSED [ 82%]
2026-01-30T14:50:50.0864581Z tests/test_reporting.py::TestJSONReporter::test_json_report_includes_warnings PASSED [ 82%]
2026-01-30T14:50:50.0880227Z tests/test_reporting.py::TestJSONReporter::test_json_report_includes_execution_times PASSED [ 82%]
2026-01-30T14:50:50.0896613Z tests/test_reporting.py::TestJSONReporter::test_json_report_includes_file_counts PASSED [ 82%]
2026-01-30T14:50:50.0913161Z tests/test_reporting.py::TestJSONReporter::test_json_report_structure PASSED [ 83%]
2026-01-30T14:50:50.0928677Z tests/test_reporting.py::TestJSONReporter::test_json_report_with_indent PASSED [ 83%]
2026-01-30T14:50:50.0946250Z tests/test_reporting.py::TestJSONReporter::test_json_report_without_indent PASSED [ 83%]
2026-01-30T14:50:50.0969276Z tests/test_reporting.py::TestJSONReporter::test_json_report_file_export PASSED [ 83%]
2026-01-30T14:50:50.0982353Z tests/test_reporting.py::TestJSONReporter::test_json_report_empty_results PASSED [ 83%]
2026-01-30T14:50:50.0994019Z tests/test_reporting.py::TestReportFormatting::test_format_duration_seconds PASSED [ 84%]
2026-01-30T14:50:50.1005944Z tests/test_reporting.py::TestReportFormatting::test_format_duration_milliseconds PASSED [ 84%]
2026-01-30T14:50:50.1018263Z tests/test_reporting.py::TestReportFormatting::test_format_file_path_relative PASSED [ 84%]
2026-01-30T14:50:50.1030304Z tests/test_reporting.py::TestReportFormatting::test_format_file_path_absolute PASSED [ 84%]
2026-01-30T14:50:50.1042004Z tests/test_reporting.py::TestReportFormatting::test_format_issue_location PASSED [ 84%]
2026-01-30T14:50:50.1053808Z tests/test_reporting.py::TestReportFormatting::test_format_issue_location_without_column PASSED [ 85%]
2026-01-30T14:50:50.1067057Z tests/test_reporting.py::TestColorSupport::test_detect_color_support_tty PASSED [ 85%]
2026-01-30T14:50:50.1080129Z tests/test_reporting.py::TestColorSupport::test_detect_color_support_no_tty PASSED [ 85%]
2026-01-30T14:50:50.1093070Z tests/test_reporting.py::TestColorSupport::test_detect_color_support_no_color_env PASSED [ 85%]
2026-01-30T14:50:50.1115580Z tests/test_reporting.py::TestReportExport::test_export_console_report_to_file PASSED [ 85%]
2026-01-30T14:50:50.1140024Z tests/test_reporting.py::TestReportExport::test_export_json_report_to_file PASSED [ 85%]
2026-01-30T14:50:50.1153158Z tests/test_reporting.py::TestIssueGrouping::test_group_issues_by_file PASSED [ 86%]
2026-01-30T14:50:50.1166026Z tests/test_reporting.py::TestIssueGrouping::test_group_issues_by_validator PASSED [ 86%]
2026-01-30T14:50:50.1180082Z tests/test_reporting.py::TestIssueGrouping::test_group_issues_by_severity PASSED [ 86%]
2026-01-30T14:50:50.1192514Z tests/test_validator_interface.py::TestValidationResult::test_validation_result_creation PASSED [ 86%]
2026-01-30T14:50:50.1204024Z tests/test_validator_interface.py::TestValidationResult::test_validation_result_with_errors PASSED [ 86%]
2026-01-30T14:50:50.1215648Z tests/test_validator_interface.py::TestValidationResult::test_validation_result_to_dict PASSED [ 87%]
2026-01-30T14:50:50.1227664Z tests/test_validator_interface.py::TestValidationResult::test_validation_result_from_dict PASSED [ 87%]
2026-01-30T14:50:50.1239690Z tests/test_validator_interface.py::TestValidationResult::test_validation_result_equality PASSED [ 87%]
2026-01-30T14:50:50.1251404Z tests/test_validator_interface.py::TestValidationResult::test_validation_result_with_empty_lists PASSED [ 87%]
2026-01-30T14:50:50.1262930Z tests/test_validator_interface.py::TestIssue::test_issue_creation_with_all_fields PASSED [ 87%]
2026-01-30T14:50:50.1274583Z tests/test_validator_interface.py::TestIssue::test_issue_creation_with_optional_fields PASSED [ 88%]
2026-01-30T14:50:50.1289876Z tests/test_validator_interface.py::TestIssue::test_issue_severity_validation_error PASSED [ 88%]
2026-01-30T14:50:50.1301902Z tests/test_validator_interface.py::TestIssue::test_issue_to_dict PASSED  [ 88%]
2026-01-30T14:50:50.1316980Z tests/test_validator_interface.py::TestValidator::test_validator_abstract_methods_raise_not_implemented PASSED [ 88%]
2026-01-30T14:50:50.1329492Z tests/test_validator_interface.py::TestValidator::test_validator_subclass_must_implement_methods PASSED [ 88%]
2026-01-30T14:50:50.1343037Z tests/test_validator_interface.py::TestValidator::test_validator_complete_subclass PASSED [ 89%]
2026-01-30T14:50:50.1357053Z tests/test_validator_registry.py::TestValidatorRegistration::test_register_validator_by_language PASSED [ 89%]
2026-01-30T14:50:50.1371745Z tests/test_validator_registry.py::TestValidatorRegistration::test_register_multiple_validators_same_language PASSED [ 89%]
2026-01-30T14:50:50.1386003Z tests/test_validator_registry.py::TestValidatorRegistration::test_register_validators_different_languages PASSED [ 89%]
2026-01-30T14:50:50.1402253Z tests/test_validator_registry.py::TestValidatorRegistration::test_register_duplicate_validator_raises_error PASSED [ 89%]
2026-01-30T14:50:50.1417234Z tests/test_validator_registry.py::TestValidatorRetrieval::test_get_validators_by_language PASSED [ 90%]
2026-01-30T14:50:50.1430729Z tests/test_validator_registry.py::TestValidatorRetrieval::test_get_validators_by_nonexistent_language PASSED [ 90%]
2026-01-30T14:50:50.1444756Z tests/test_validator_registry.py::TestValidatorRetrieval::test_get_validator_by_name PASSED [ 90%]
2026-01-30T14:50:50.1458755Z tests/test_validator_registry.py::TestValidatorRetrieval::test_get_nonexistent_validator_raises_error PASSED [ 90%]
2026-01-30T14:50:50.1473407Z tests/test_validator_registry.py::TestValidatorRetrieval::test_get_validator_case_sensitive PASSED [ 90%]
2026-01-30T14:50:50.1487766Z tests/test_validator_registry.py::TestValidatorAvailability::test_validator_availability_check_exists PASSED [ 90%]
2026-01-30T14:50:50.1501187Z tests/test_validator_registry.py::TestValidatorAvailability::test_validator_availability_check_not_exists PASSED [ 91%]
2026-01-30T14:50:50.1515970Z tests/test_validator_registry.py::TestValidatorListing::test_list_all_registered_validators PASSED [ 91%]
2026-01-30T14:50:50.1529362Z tests/test_validator_registry.py::TestValidatorListing::test_list_all_empty_registry PASSED [ 91%]
2026-01-30T14:50:50.1544866Z tests/test_validator_registry.py::TestValidatorListing::test_list_validators_for_specific_language PASSED [ 91%]
2026-01-30T14:50:50.1558564Z tests/test_validator_registry.py::TestValidatorOrdering::test_validator_ordering_deterministic PASSED [ 91%]
2026-01-30T14:50:50.1572610Z tests/test_validator_registry.py::TestValidatorMetadata::test_get_validator_metadata PASSED [ 92%]
2026-01-30T14:50:50.1586292Z tests/test_validator_registry.py::TestValidatorMetadata::test_get_metadata_for_nonexistent_validator PASSED [ 92%]
2026-01-30T14:50:50.1601810Z tests/test_validator_registry.py::TestValidatorMetadata::test_list_all_metadata PASSED [ 92%]
2026-01-30T14:50:50.1615271Z tests/test_validator_registry.py::TestValidatorFiltering::test_filter_validators_by_enabled_status PASSED [ 92%]
2026-01-30T14:50:50.1629058Z tests/test_validator_registry.py::TestValidatorFiltering::test_filter_by_language_and_names PASSED [ 92%]
2026-01-30T14:50:50.1641655Z tests/test_validator_registry.py::TestRegistrySingleton::test_multiple_registry_instances_independent PASSED [ 93%]
2026-01-30T14:50:50.1654808Z tests/test_validator_registry.py::TestEdgeCases::test_get_validators_with_empty_language_string PASSED [ 93%]
2026-01-30T14:50:50.1670679Z tests/test_validator_registry.py::TestEdgeCases::test_register_validator_with_empty_name_raises_error PASSED [ 93%]
2026-01-30T14:50:50.1686364Z tests/test_validator_registry.py::TestEdgeCases::test_register_validator_with_empty_language_raises_error PASSED [ 93%]
2026-01-30T14:50:50.1700581Z tests/test_validator_registry.py::TestEdgeCases::test_unregister_validator PASSED [ 93%]
2026-01-30T14:50:50.1714432Z tests/test_validator_registry.py::TestEdgeCases::test_unregister_nonexistent_validator_raises_error PASSED [ 94%]
2026-01-30T14:50:50.1730405Z tests/test_validator_registry.py::TestEdgeCases::test_clear_registry PASSED [ 94%]
2026-01-30T14:50:50.1743369Z tests/test_vulture_parser.py::TestVultureUnusedCodeDetection::test_parse_output_with_no_unused_code PASSED [ 94%]
2026-01-30T14:50:50.1761646Z tests/test_vulture_parser.py::TestVultureUnusedCodeDetection::test_parse_unused_function_detection PASSED [ 94%]
2026-01-30T14:50:50.1774876Z tests/test_vulture_parser.py::TestVultureUnusedCodeDetection::test_parse_unused_method_detection PASSED [ 94%]
2026-01-30T14:50:50.1787597Z tests/test_vulture_parser.py::TestVultureUnusedCodeDetection::test_parse_unused_class_detection PASSED [ 95%]
2026-01-30T14:50:50.1800592Z tests/test_vulture_parser.py::TestVultureUnusedCodeDetection::test_parse_unused_variable_detection PASSED [ 95%]
2026-01-30T14:50:50.1813383Z tests/test_vulture_parser.py::TestVultureUnusedCodeDetection::test_parse_unused_import_detection PASSED [ 95%]
2026-01-30T14:50:50.1826431Z tests/test_vulture_parser.py::TestVultureUnusedCodeDetection::test_parse_unused_property_detection PASSED [ 95%]
2026-01-30T14:50:50.1839938Z tests/test_vulture_parser.py::TestVultureUnusedCodeDetection::test_parse_multiple_unused_items PASSED [ 95%]
2026-01-30T14:50:50.1853038Z tests/test_vulture_parser.py::TestVultureUnusedCodeDetection::test_filter_by_minimum_confidence_threshold PASSED [ 95%]
2026-01-30T14:50:50.1866016Z tests/test_vulture_parser.py::TestVultureCommandBuilding::test_build_command_default_options PASSED [ 96%]
2026-01-30T14:50:50.1878885Z tests/test_vulture_parser.py::TestVultureCommandBuilding::test_build_command_with_min_confidence PASSED [ 96%]
2026-01-30T14:50:50.1891443Z tests/test_vulture_parser.py::TestVultureCommandBuilding::test_build_command_with_exclude_patterns PASSED [ 96%]
2026-01-30T14:50:50.1903974Z tests/test_vulture_parser.py::TestVultureCommandBuilding::test_build_command_with_ignore_decorators PASSED [ 96%]
2026-01-30T14:50:50.1916453Z tests/test_vulture_parser.py::TestVultureCommandBuilding::test_build_command_with_ignore_names PASSED [ 96%]
2026-01-30T14:50:50.1929207Z tests/test_vulture_parser.py::TestVultureCommandBuilding::test_build_command_with_make_whitelist PASSED [ 97%]
2026-01-30T14:50:50.1941668Z tests/test_vulture_parser.py::TestVultureCommandBuilding::test_build_command_with_sort_by_size PASSED [ 97%]
2026-01-30T14:50:50.1965250Z tests/test_vulture_parser.py::TestVultureErrorHandling::test_error_when_vulture_not_installed PASSED [ 97%]
2026-01-30T14:50:50.1988323Z tests/test_vulture_parser.py::TestVultureErrorHandling::test_timeout_handling PASSED [ 97%]
2026-01-30T14:50:50.2001099Z tests/test_vulture_parser.py::TestVultureErrorHandling::test_parse_with_empty_output PASSED [ 97%]
2026-01-30T14:50:50.2030147Z tests/test_vulture_parser.py::TestVultureVersionDetection::test_version_detection PASSED [ 98%]
2026-01-30T14:50:50.2052224Z tests/test_vulture_parser.py::TestVultureVersionDetection::test_version_detection_failure PASSED [ 98%]
2026-01-30T14:50:50.2064090Z tests/test_vulture_parser.py::TestVultureIntegrationWithFixtures::test_vulture_on_code_with_unused_items SKIPPED [ 98%]
2026-01-30T14:50:50.2075594Z tests/test_vulture_parser.py::TestVultureIntegrationWithFixtures::test_vulture_on_clean_code SKIPPED [ 98%]
2026-01-30T14:50:50.2088512Z tests/test_vulture_parser.py::TestVultureStatistics::test_group_unused_items_by_type PASSED [ 98%]
2026-01-30T14:50:50.2100747Z tests/test_vulture_parser.py::TestVultureStatistics::test_calculate_total_unused_count PASSED [ 99%]
2026-01-30T14:50:50.2115891Z tests/test_vulture_parser.py::TestVultureStatistics::test_extract_confidence_scores PASSED [ 99%]
2026-01-30T14:50:50.2128878Z tests/test_vulture_parser.py::TestVultureStatistics::test_calculate_average_confidence PASSED [ 99%]
2026-01-30T14:50:50.2152675Z tests/test_vulture_parser.py::TestVultureConfigurationHandling::test_detect_vulture_config_in_pyproject_toml PASSED [ 99%]
2026-01-30T14:50:50.2174907Z tests/test_vulture_parser.py::TestVultureConfigurationHandling::test_detect_vulture_config_in_setup_cfg PASSED [ 99%]
2026-01-30T14:50:51.4993067Z tests/test_vulture_parser.py::TestVultureConfigurationHandling::test_no_config_file_returns_none PASSED [100%]
2026-01-30T14:50:51.4993907Z 
2026-01-30T14:50:51.4994152Z ================================ tests coverage ================================
2026-01-30T14:50:51.4994879Z _______________ coverage: platform linux, python 3.10.19-final-0 _______________
2026-01-30T14:50:51.4995378Z 
2026-01-30T14:50:51.4995595Z Name                                  Stmts   Miss  Cover   Missing
2026-01-30T14:50:51.4996194Z -------------------------------------------------------------------
2026-01-30T14:50:51.4997212Z anvil/__init__.py                         2      0   100%
2026-01-30T14:50:51.4997776Z anvil/config/__init__.py                  2      0   100%
2026-01-30T14:50:51.4998476Z anvil/config/configuration.py            91      3    97%   265, 280, 302
2026-01-30T14:50:51.4999120Z anvil/core/__init__.py                    5      0   100%
2026-01-30T14:50:51.4999773Z anvil/core/file_collector.py            106      9    92%   92, 157, 211-213, 300-303, 319
2026-01-30T14:50:51.5000608Z anvil/core/language_detector.py          72     13    82%   169-170, 187, 209-224
2026-01-30T14:50:51.5001331Z anvil/core/orchestrator.py               90      8    91%   99, 125, 245-251
2026-01-30T14:50:51.5001935Z anvil/core/validator_registry.py         62      0   100%
2026-01-30T14:50:51.5002464Z anvil/models/__init__.py                  2      0   100%
2026-01-30T14:50:51.5002971Z anvil/models/validator.py                34      0   100%
2026-01-30T14:50:51.5003501Z anvil/parsers/__init__.py                11      0   100%
2026-01-30T14:50:51.5004173Z anvil/parsers/autoflake_parser.py       105      8    92%   95, 162, 214, 264, 276, 279, 287-288
2026-01-30T14:50:51.5005043Z anvil/parsers/black_parser.py           117     17    85%   97-106, 131, 146, 188-192, 258-260, 315, 324-329
2026-01-30T14:50:51.5006125Z anvil/parsers/clang_tidy_parser.py      190     34    82%   50, 113-116, 136-138, 158-175, 195, 214, 225-226, 302, 323, 387, 420, 430-431, 453, 464-465, 488, 494-495, 525
2026-01-30T14:50:51.5007478Z anvil/parsers/cppcheck_parser.py        165     15    91%   128, 156-158, 191, 200, 258, 279, 343, 392-393, 416, 431-432, 471-472
2026-01-30T14:50:51.5008385Z anvil/parsers/flake8_parser.py          122     11    91%   32, 50, 134, 141, 165-169, 194, 303-305, 358
2026-01-30T14:50:51.5009171Z anvil/parsers/isort_parser.py            96      9    91%   199-203, 271, 275-276, 280, 284
2026-01-30T14:50:51.5009857Z anvil/parsers/pylint_parser.py           93      1    99%   211
2026-01-30T14:50:51.5010694Z anvil/parsers/pytest_parser.py          206     26    87%   90-94, 128, 184-186, 207-208, 229-231, 263-265, 289, 365-386, 442-443, 470-471, 490
2026-01-30T14:50:51.5012028Z anvil/parsers/radon_parser.py           182     26    86%   57, 87-97, 337-340, 361-375, 419-420, 444, 497, 505-506, 531, 541-544
2026-01-30T14:50:51.5012944Z anvil/parsers/vulture_parser.py         118      8    93%   44, 102, 169, 186-187, 211, 262, 333
2026-01-30T14:50:51.5013636Z anvil/reporting/__init__.py               4      0   100%
2026-01-30T14:50:51.5014294Z anvil/reporting/console_reporter.py     134      9    93%   96, 142, 177, 201-206, 252
2026-01-30T14:50:51.5015019Z anvil/reporting/formatters.py            21      3    86%   41, 51-53
2026-01-30T14:50:51.5015620Z anvil/reporting/grouping.py              21      0   100%
2026-01-30T14:50:51.5016174Z anvil/reporting/json_reporter.py         19      1    95%   42
2026-01-30T14:50:51.5016870Z anvil/reporting/reporter.py              31      0   100%
2026-01-30T14:50:51.5017406Z -------------------------------------------------------------------
2026-01-30T14:50:51.5017955Z TOTAL                                  2101    201    90%
2026-01-30T14:50:51.5018380Z Coverage HTML written to dir htmlcov
2026-01-30T14:50:51.5018786Z Coverage XML written to file coverage.xml
2026-01-30T14:50:51.5019280Z Required test coverage of 90% reached. Total coverage: 90.43%
2026-01-30T14:50:51.5020050Z ======================= 509 passed, 11 skipped in 20.66s =======================
2026-01-30T14:50:51.5566388Z Post job cleanup.
2026-01-30T14:50:51.7182513Z Post job cleanup.
2026-01-30T14:50:51.8104743Z [command]/usr/bin/git version
2026-01-30T14:50:51.8140277Z git version 2.52.0
2026-01-30T14:50:51.8182028Z Temporarily overriding HOME='/home/runner/work/_temp/3d8b7d78-adb0-4d98-bffc-8b7462f05ad5' before making global git config changes
2026-01-30T14:50:51.8182913Z Adding repository directory to the temporary git global config as a safe directory
2026-01-30T14:50:51.8189138Z [command]/usr/bin/git config --global --add safe.directory /home/runner/work/argos/argos
2026-01-30T14:50:51.8223850Z [command]/usr/bin/git config --local --name-only --get-regexp core\.sshCommand
2026-01-30T14:50:51.8255806Z [command]/usr/bin/git submodule foreach --recursive sh -c "git config --local --name-only --get-regexp 'core\.sshCommand' && git config --local --unset-all 'core.sshCommand' || :"
2026-01-30T14:50:51.8483396Z [command]/usr/bin/git config --local --name-only --get-regexp http\.https\:\/\/github\.com\/\.extraheader
2026-01-30T14:50:51.8504620Z http.https://github.com/.extraheader
2026-01-30T14:50:51.8517654Z [command]/usr/bin/git config --local --unset-all http.https://github.com/.extraheader
2026-01-30T14:50:51.8552961Z [command]/usr/bin/git submodule foreach --recursive sh -c "git config --local --name-only --get-regexp 'http\.https\:\/\/github\.com\/\.extraheader' && git config --local --unset-all 'http.https://github.com/.extraheader' || :"
2026-01-30T14:50:51.8794285Z [command]/usr/bin/git config --local --name-only --get-regexp ^includeIf\.gitdir:
2026-01-30T14:50:51.8827199Z [command]/usr/bin/git submodule foreach --recursive git config --local --show-origin --name-only --get-regexp remote.origin.url
2026-01-30T14:50:51.9182850Z Cleaning up orphan processes
