2026-01-30T14:50:16.6482590Z Current runner version: '2.331.0'
2026-01-30T14:50:16.6499860Z ##[group]Runner Image Provisioner
2026-01-30T14:50:16.6500430Z Hosted Compute Agent
2026-01-30T14:50:16.6500770Z Version: 20260123.484
2026-01-30T14:50:16.6501140Z Commit: 6bd6555ca37d84114959e1c76d2c01448ff61c5d
2026-01-30T14:50:16.6501570Z Build Date: 2026-01-23T19:41:17Z
2026-01-30T14:50:16.6501970Z Worker ID: {fc2aa54d-6e90-40b0-b2ca-3a148ab3e4ac}
2026-01-30T14:50:16.6502520Z Azure Region: westus
2026-01-30T14:50:16.6502840Z ##[endgroup]
2026-01-30T14:50:16.6503760Z ##[group]Operating System
2026-01-30T14:50:16.6504360Z macOS
2026-01-30T14:50:16.6504640Z 15.7.3
2026-01-30T14:50:16.6504910Z 24G419
2026-01-30T14:50:16.6505180Z ##[endgroup]
2026-01-30T14:50:16.6505470Z ##[group]Runner Image
2026-01-30T14:50:16.6505790Z Image: macos-15-arm64
2026-01-30T14:50:16.6506100Z Version: 20260127.0129.1
2026-01-30T14:50:16.6506910Z Included Software: https://github.com/actions/runner-images/blob/macos-15-arm64/20260127.0129/images/macos/macos-15-arm64-Readme.md
2026-01-30T14:50:16.6507930Z Image Release: https://github.com/actions/runner-images/releases/tag/macos-15-arm64%2F20260127.0129
2026-01-30T14:50:16.6508510Z ##[endgroup]
2026-01-30T14:50:16.6509190Z ##[group]GITHUB_TOKEN Permissions
2026-01-30T14:50:16.6510320Z Contents: read
2026-01-30T14:50:16.6510670Z Metadata: read
2026-01-30T14:50:16.6510960Z Packages: read
2026-01-30T14:50:16.6511250Z ##[endgroup]
2026-01-30T14:50:16.6512700Z Secret source: Actions
2026-01-30T14:50:16.6513130Z Prepare workflow directory
2026-01-30T14:50:16.6810950Z Prepare all required actions
2026-01-30T14:50:16.6895440Z Getting action download info
2026-01-30T14:50:17.1176240Z Download action repository 'actions/checkout@v4' (SHA:34e114876b0b11c390a56381ad16ebd13914f8d5)
2026-01-30T14:50:17.3832260Z Download action repository 'actions/setup-python@v5' (SHA:a26af69be951a213d495a4c3e4e4022e16d87065)
2026-01-30T14:50:17.5189410Z Download action repository 'codecov/codecov-action@v4' (SHA:b9fd7d16f6d7d1b5d2bec1a2887e65ceed900238)
2026-01-30T14:50:18.7460470Z Complete job name: test (macos-latest, 3.12)
2026-01-30T14:50:18.7955750Z ##[group]Run actions/checkout@v4
2026-01-30T14:50:18.7956540Z with:
2026-01-30T14:50:18.7957030Z   repository: lmvcruz/argos
2026-01-30T14:50:18.7957890Z   token: ***
2026-01-30T14:50:18.7958380Z   ssh-strict: true
2026-01-30T14:50:18.7958890Z   ssh-user: git
2026-01-30T14:50:18.7959400Z   persist-credentials: true
2026-01-30T14:50:18.7959980Z   clean: true
2026-01-30T14:50:18.7960500Z   sparse-checkout-cone-mode: true
2026-01-30T14:50:18.7961110Z   fetch-depth: 1
2026-01-30T14:50:18.7961610Z   fetch-tags: false
2026-01-30T14:50:18.7962120Z   show-progress: true
2026-01-30T14:50:18.7962630Z   lfs: false
2026-01-30T14:50:18.7963120Z   submodules: false
2026-01-30T14:50:18.7963650Z   set-safe-directory: true
2026-01-30T14:50:18.7964420Z ##[endgroup]
2026-01-30T14:50:19.0618960Z Syncing repository: lmvcruz/argos
2026-01-30T14:50:19.0620950Z ##[group]Getting Git version info
2026-01-30T14:50:19.0621730Z Working directory is '/Users/runner/work/argos/argos'
2026-01-30T14:50:19.0623330Z [command]/opt/homebrew/bin/git version
2026-01-30T14:50:19.1169040Z git version 2.52.0
2026-01-30T14:50:19.1202230Z ##[endgroup]
2026-01-30T14:50:19.1209390Z Copying '/Users/runner/.gitconfig' to '/Users/runner/work/_temp/b0b1224e-b2f5-4466-aa50-1668f01b0c42/.gitconfig'
2026-01-30T14:50:19.1213030Z Temporarily overriding HOME='/Users/runner/work/_temp/b0b1224e-b2f5-4466-aa50-1668f01b0c42' before making global git config changes
2026-01-30T14:50:19.1214790Z Adding repository directory to the temporary git global config as a safe directory
2026-01-30T14:50:19.1220940Z [command]/opt/homebrew/bin/git config --global --add safe.directory /Users/runner/work/argos/argos
2026-01-30T14:50:19.1326200Z Deleting the contents of '/Users/runner/work/argos/argos'
2026-01-30T14:50:19.1328760Z ##[group]Initializing the repository
2026-01-30T14:50:19.1332850Z [command]/opt/homebrew/bin/git init /Users/runner/work/argos/argos
2026-01-30T14:50:19.1493660Z hint: Using 'master' as the name for the initial branch. This default branch name
2026-01-30T14:50:19.1495800Z hint: will change to "main" in Git 3.0. To configure the initial branch name
2026-01-30T14:50:19.1497140Z hint: to use in all of your new repositories, which will suppress this warning,
2026-01-30T14:50:19.1498180Z hint: call:
2026-01-30T14:50:19.1498650Z hint:
2026-01-30T14:50:19.1499350Z hint: 	git config --global init.defaultBranch <name>
2026-01-30T14:50:19.1500100Z hint:
2026-01-30T14:50:19.1500920Z hint: Names commonly chosen instead of 'master' are 'main', 'trunk' and
2026-01-30T14:50:19.1502150Z hint: 'development'. The just-created branch can be renamed via this command:
2026-01-30T14:50:19.1503140Z hint:
2026-01-30T14:50:19.1503670Z hint: 	git branch -m <name>
2026-01-30T14:50:19.1504250Z hint:
2026-01-30T14:50:19.1505040Z hint: Disable this message with "git config set advice.defaultBranchName false"
2026-01-30T14:50:19.1506600Z Initialized empty Git repository in /Users/runner/work/argos/argos/.git/
2026-01-30T14:50:19.1511080Z [command]/opt/homebrew/bin/git remote add origin https://github.com/lmvcruz/argos
2026-01-30T14:50:19.1582950Z ##[endgroup]
2026-01-30T14:50:19.1583960Z ##[group]Disabling automatic garbage collection
2026-01-30T14:50:19.1584870Z [command]/opt/homebrew/bin/git config --local gc.auto 0
2026-01-30T14:50:19.1642460Z ##[endgroup]
2026-01-30T14:50:19.1643340Z ##[group]Setting up auth
2026-01-30T14:50:19.1646040Z [command]/opt/homebrew/bin/git config --local --name-only --get-regexp core\.sshCommand
2026-01-30T14:50:19.1702410Z [command]/opt/homebrew/bin/git submodule foreach --recursive sh -c "git config --local --name-only --get-regexp 'core\.sshCommand' && git config --local --unset-all 'core.sshCommand' || :"
2026-01-30T14:50:19.2655100Z [command]/opt/homebrew/bin/git config --local --name-only --get-regexp http\.https\:\/\/github\.com\/\.extraheader
2026-01-30T14:50:19.2718570Z [command]/opt/homebrew/bin/git submodule foreach --recursive sh -c "git config --local --name-only --get-regexp 'http\.https\:\/\/github\.com\/\.extraheader' && git config --local --unset-all 'http.https://github.com/.extraheader' || :"
2026-01-30T14:50:19.3682570Z [command]/opt/homebrew/bin/git config --local --name-only --get-regexp ^includeIf\.gitdir:
2026-01-30T14:50:19.3810670Z [command]/opt/homebrew/bin/git submodule foreach --recursive git config --local --show-origin --name-only --get-regexp remote.origin.url
2026-01-30T14:50:19.4486580Z [command]/opt/homebrew/bin/git config --local http.https://github.com/.extraheader AUTHORIZATION: basic ***
2026-01-30T14:50:19.4545720Z ##[endgroup]
2026-01-30T14:50:19.4546650Z ##[group]Fetching the repository
2026-01-30T14:50:19.4550970Z [command]/opt/homebrew/bin/git -c protocol.version=2 fetch --no-tags --prune --no-recurse-submodules --depth=1 origin +1aeb0fe9fe004c4fbd357a3622da2c38e20877ea:refs/remotes/origin/main
2026-01-30T14:50:20.1634470Z From https://github.com/lmvcruz/argos
2026-01-30T14:50:20.1635360Z  * [new ref]         1aeb0fe9fe004c4fbd357a3622da2c38e20877ea -> origin/main
2026-01-30T14:50:20.1786130Z ##[endgroup]
2026-01-30T14:50:20.1787660Z ##[group]Determining the checkout info
2026-01-30T14:50:20.1789120Z ##[endgroup]
2026-01-30T14:50:20.1790210Z [command]/opt/homebrew/bin/git sparse-checkout disable
2026-01-30T14:50:20.1909590Z [command]/opt/homebrew/bin/git config --local --unset-all extensions.worktreeConfig
2026-01-30T14:50:20.1983140Z ##[group]Checking out the ref
2026-01-30T14:50:20.1987480Z [command]/opt/homebrew/bin/git checkout --progress --force -B main refs/remotes/origin/main
2026-01-30T14:50:20.2641490Z Switched to a new branch 'main'
2026-01-30T14:50:20.2652970Z branch 'main' set up to track 'origin/main'.
2026-01-30T14:50:20.2659710Z ##[endgroup]
2026-01-30T14:50:20.2886730Z [command]/opt/homebrew/bin/git log -1 --format=%H
2026-01-30T14:50:20.2965540Z 1aeb0fe9fe004c4fbd357a3622da2c38e20877ea
2026-01-30T14:50:20.3231170Z ##[group]Run actions/setup-python@v5
2026-01-30T14:50:20.3231480Z with:
2026-01-30T14:50:20.3231700Z   python-version: 3.12
2026-01-30T14:50:20.3232180Z   check-latest: false
2026-01-30T14:50:20.3232520Z   token: ***
2026-01-30T14:50:20.3232700Z   update-environment: true
2026-01-30T14:50:20.3232950Z   allow-prereleases: false
2026-01-30T14:50:20.3233170Z   freethreaded: false
2026-01-30T14:50:20.3233370Z ##[endgroup]
2026-01-30T14:50:20.5016290Z ##[group]Installed versions
2026-01-30T14:50:20.5108060Z Successfully set up CPython (3.12.10)
2026-01-30T14:50:20.5108860Z ##[endgroup]
2026-01-30T14:50:20.5209650Z ##[group]Run python -m pip install --upgrade pip
2026-01-30T14:50:20.5210110Z [36;1mpython -m pip install --upgrade pip[0m
2026-01-30T14:50:20.5210410Z [36;1mpip install -r requirements.txt[0m
2026-01-30T14:50:20.5274860Z shell: /bin/bash -e {0}
2026-01-30T14:50:20.5275530Z env:
2026-01-30T14:50:20.5276270Z   pythonLocation: /Users/runner/hostedtoolcache/Python/3.12.10/arm64
2026-01-30T14:50:20.5277590Z   PKG_CONFIG_PATH: /Users/runner/hostedtoolcache/Python/3.12.10/arm64/lib/pkgconfig
2026-01-30T14:50:20.5278900Z   Python_ROOT_DIR: /Users/runner/hostedtoolcache/Python/3.12.10/arm64
2026-01-30T14:50:20.5280030Z   Python2_ROOT_DIR: /Users/runner/hostedtoolcache/Python/3.12.10/arm64
2026-01-30T14:50:20.5281150Z   Python3_ROOT_DIR: /Users/runner/hostedtoolcache/Python/3.12.10/arm64
2026-01-30T14:50:20.5282140Z ##[endgroup]
2026-01-30T14:50:22.2921070Z Requirement already satisfied: pip in /Library/Frameworks/Python.framework/Versions/3.12/lib/python3.12/site-packages (25.3)
2026-01-30T14:50:22.9202860Z Collecting toml>=0.10.2 (from -r requirements.txt (line 2))
2026-01-30T14:50:22.9928050Z   Downloading toml-0.10.2-py2.py3-none-any.whl.metadata (7.1 kB)
2026-01-30T14:50:23.0528970Z Collecting pyyaml>=6.0 (from -r requirements.txt (line 3))
2026-01-30T14:50:23.0640390Z   Downloading pyyaml-6.0.3-cp312-cp312-macosx_11_0_arm64.whl.metadata (2.4 kB)
2026-01-30T14:50:23.1012280Z Collecting pytest>=7.0.0 (from -r requirements.txt (line 6))
2026-01-30T14:50:23.1119900Z   Downloading pytest-9.0.2-py3-none-any.whl.metadata (7.6 kB)
2026-01-30T14:50:23.1431660Z Collecting pytest-cov>=3.0.0 (from -r requirements.txt (line 7))
2026-01-30T14:50:23.1555090Z   Downloading pytest_cov-7.0.0-py3-none-any.whl.metadata (31 kB)
2026-01-30T14:50:23.1858960Z Collecting pytest-mock>=3.10.0 (from -r requirements.txt (line 8))
2026-01-30T14:50:23.1979580Z   Downloading pytest_mock-3.15.1-py3-none-any.whl.metadata (3.9 kB)
2026-01-30T14:50:23.2488370Z Collecting black>=22.0.0 (from -r requirements.txt (line 9))
2026-01-30T14:50:23.2606430Z   Downloading black-26.1.0-cp312-cp312-macosx_11_0_arm64.whl.metadata (88 kB)
2026-01-30T14:50:23.3043900Z Collecting flake8>=5.0.0 (from -r requirements.txt (line 10))
2026-01-30T14:50:23.3160960Z   Downloading flake8-7.3.0-py2.py3-none-any.whl.metadata (3.8 kB)
2026-01-30T14:50:23.3695070Z Collecting isort>=5.10.0 (from -r requirements.txt (line 11))
2026-01-30T14:50:23.3809910Z   Downloading isort-7.0.0-py3-none-any.whl.metadata (11 kB)
2026-01-30T14:50:23.4168880Z Collecting pylint>=2.15.0 (from -r requirements.txt (line 12))
2026-01-30T14:50:23.4277250Z   Downloading pylint-4.0.4-py3-none-any.whl.metadata (12 kB)
2026-01-30T14:50:23.4525770Z Collecting radon>=5.1.0 (from -r requirements.txt (line 13))
2026-01-30T14:50:23.4671660Z   Downloading radon-6.0.1-py2.py3-none-any.whl.metadata (8.2 kB)
2026-01-30T14:50:23.4907410Z Collecting vulture>=2.7 (from -r requirements.txt (line 14))
2026-01-30T14:50:23.5024090Z   Downloading vulture-2.14-py2.py3-none-any.whl.metadata (24 kB)
2026-01-30T14:50:23.5320870Z Collecting autoflake>=2.0.0 (from -r requirements.txt (line 15))
2026-01-30T14:50:23.5451020Z   Downloading autoflake-2.3.1-py3-none-any.whl.metadata (7.6 kB)
2026-01-30T14:50:23.5740700Z Collecting iniconfig>=1.0.1 (from pytest>=7.0.0->-r requirements.txt (line 6))
2026-01-30T14:50:23.5850860Z   Downloading iniconfig-2.3.0-py3-none-any.whl.metadata (2.5 kB)
2026-01-30T14:50:23.6104170Z Collecting packaging>=22 (from pytest>=7.0.0->-r requirements.txt (line 6))
2026-01-30T14:50:23.6218860Z   Downloading packaging-26.0-py3-none-any.whl.metadata (3.3 kB)
2026-01-30T14:50:23.6458060Z Collecting pluggy<2,>=1.5 (from pytest>=7.0.0->-r requirements.txt (line 6))
2026-01-30T14:50:23.6580110Z   Downloading pluggy-1.6.0-py3-none-any.whl.metadata (4.8 kB)
2026-01-30T14:50:23.6865770Z Collecting pygments>=2.7.2 (from pytest>=7.0.0->-r requirements.txt (line 6))
2026-01-30T14:50:23.6981470Z   Downloading pygments-2.19.2-py3-none-any.whl.metadata (2.5 kB)
2026-01-30T14:50:24.0191400Z Collecting coverage>=7.10.6 (from coverage[toml]>=7.10.6->pytest-cov>=3.0.0->-r requirements.txt (line 7))
2026-01-30T14:50:24.0328500Z   Downloading coverage-7.13.2-cp312-cp312-macosx_11_0_arm64.whl.metadata (8.5 kB)
2026-01-30T14:50:24.0723600Z Collecting click>=8.0.0 (from black>=22.0.0->-r requirements.txt (line 9))
2026-01-30T14:50:24.0841840Z   Downloading click-8.3.1-py3-none-any.whl.metadata (2.6 kB)
2026-01-30T14:50:24.1082730Z Collecting mypy-extensions>=0.4.3 (from black>=22.0.0->-r requirements.txt (line 9))
2026-01-30T14:50:24.1198880Z   Downloading mypy_extensions-1.1.0-py3-none-any.whl.metadata (1.1 kB)
2026-01-30T14:50:24.1520600Z Collecting pathspec>=1.0.0 (from black>=22.0.0->-r requirements.txt (line 9))
2026-01-30T14:50:24.1664300Z   Downloading pathspec-1.0.4-py3-none-any.whl.metadata (13 kB)
2026-01-30T14:50:24.2389030Z Collecting platformdirs>=2 (from black>=22.0.0->-r requirements.txt (line 9))
2026-01-30T14:50:24.2517640Z   Downloading platformdirs-4.5.1-py3-none-any.whl.metadata (12 kB)
2026-01-30T14:50:24.2993840Z Collecting pytokens>=0.3.0 (from black>=22.0.0->-r requirements.txt (line 9))
2026-01-30T14:50:24.3117090Z   Downloading pytokens-0.4.1-cp312-cp312-macosx_11_0_arm64.whl.metadata (3.8 kB)
2026-01-30T14:50:24.3645650Z Collecting mccabe<0.8.0,>=0.7.0 (from flake8>=5.0.0->-r requirements.txt (line 10))
2026-01-30T14:50:24.3766510Z   Downloading mccabe-0.7.0-py2.py3-none-any.whl.metadata (5.0 kB)
2026-01-30T14:50:24.4106520Z Collecting pycodestyle<2.15.0,>=2.14.0 (from flake8>=5.0.0->-r requirements.txt (line 10))
2026-01-30T14:50:24.4231730Z   Downloading pycodestyle-2.14.0-py2.py3-none-any.whl.metadata (4.5 kB)
2026-01-30T14:50:24.4565460Z Collecting pyflakes<3.5.0,>=3.4.0 (from flake8>=5.0.0->-r requirements.txt (line 10))
2026-01-30T14:50:24.4685220Z   Downloading pyflakes-3.4.0-py2.py3-none-any.whl.metadata (3.5 kB)
2026-01-30T14:50:24.5065700Z Collecting astroid<=4.1.dev0,>=4.0.2 (from pylint>=2.15.0->-r requirements.txt (line 12))
2026-01-30T14:50:24.5181070Z   Downloading astroid-4.0.3-py3-none-any.whl.metadata (4.4 kB)
2026-01-30T14:50:24.5660310Z Collecting dill>=0.3.6 (from pylint>=2.15.0->-r requirements.txt (line 12))
2026-01-30T14:50:24.5865920Z   Downloading dill-0.4.1-py3-none-any.whl.metadata (10 kB)
2026-01-30T14:50:24.6302020Z Collecting tomlkit>=0.10.1 (from pylint>=2.15.0->-r requirements.txt (line 12))
2026-01-30T14:50:24.6506290Z   Downloading tomlkit-0.14.0-py3-none-any.whl.metadata (2.8 kB)
2026-01-30T14:50:24.6759290Z Collecting mando<0.8,>=0.6 (from radon>=5.1.0->-r requirements.txt (line 13))
2026-01-30T14:50:24.6867310Z   Downloading mando-0.7.1-py2.py3-none-any.whl.metadata (7.4 kB)
2026-01-30T14:50:24.7172220Z Collecting colorama>=0.4.1 (from radon>=5.1.0->-r requirements.txt (line 13))
2026-01-30T14:50:24.7264780Z   Downloading colorama-0.4.6-py2.py3-none-any.whl.metadata (17 kB)
2026-01-30T14:50:24.7467320Z Collecting six (from mando<0.8,>=0.6->radon>=5.1.0->-r requirements.txt (line 13))
2026-01-30T14:50:24.7571880Z   Downloading six-1.17.0-py2.py3-none-any.whl.metadata (1.7 kB)
2026-01-30T14:50:24.8053380Z Downloading toml-0.10.2-py2.py3-none-any.whl (16 kB)
2026-01-30T14:50:24.8255210Z Downloading pyyaml-6.0.3-cp312-cp312-macosx_11_0_arm64.whl (173 kB)
2026-01-30T14:50:24.8669070Z Downloading pytest-9.0.2-py3-none-any.whl (374 kB)
2026-01-30T14:50:24.8926810Z Downloading pluggy-1.6.0-py3-none-any.whl (20 kB)
2026-01-30T14:50:24.9066070Z Downloading pytest_cov-7.0.0-py3-none-any.whl (22 kB)
2026-01-30T14:50:24.9266660Z Downloading pytest_mock-3.15.1-py3-none-any.whl (10 kB)
2026-01-30T14:50:24.9421680Z Downloading black-26.1.0-cp312-cp312-macosx_11_0_arm64.whl (1.7 MB)
2026-01-30T14:50:24.9648450Z    ━━━━━━━━━━━━━━━━━━━━━━━━━━━━━━━━━━━━━━━━ 1.7/1.7 MB 85.5 MB/s  0:00:00
2026-01-30T14:50:24.9756470Z Downloading flake8-7.3.0-py2.py3-none-any.whl (57 kB)
2026-01-30T14:50:24.9909330Z Downloading mccabe-0.7.0-py2.py3-none-any.whl (7.3 kB)
2026-01-30T14:50:25.0088470Z Downloading pycodestyle-2.14.0-py2.py3-none-any.whl (31 kB)
2026-01-30T14:50:25.0239540Z Downloading pyflakes-3.4.0-py2.py3-none-any.whl (63 kB)
2026-01-30T14:50:25.0370070Z Downloading isort-7.0.0-py3-none-any.whl (94 kB)
2026-01-30T14:50:25.0519420Z Downloading pylint-4.0.4-py3-none-any.whl (536 kB)
2026-01-30T14:50:25.0588140Z    ━━━━━━━━━━━━━━━━━━━━━━━━━━━━━━━━━━━━━━━━ 536.4/536.4 kB 66.3 MB/s  0:00:00
2026-01-30T14:50:25.0722920Z Downloading astroid-4.0.3-py3-none-any.whl (276 kB)
2026-01-30T14:50:25.0903190Z Downloading radon-6.0.1-py2.py3-none-any.whl (52 kB)
2026-01-30T14:50:25.1046180Z Downloading mando-0.7.1-py2.py3-none-any.whl (28 kB)
2026-01-30T14:50:25.1185660Z Downloading vulture-2.14-py2.py3-none-any.whl (28 kB)
2026-01-30T14:50:25.1345880Z Downloading autoflake-2.3.1-py3-none-any.whl (32 kB)
2026-01-30T14:50:25.1474530Z Downloading click-8.3.1-py3-none-any.whl (108 kB)
2026-01-30T14:50:25.1607010Z Downloading colorama-0.4.6-py2.py3-none-any.whl (25 kB)
2026-01-30T14:50:25.1756940Z Downloading coverage-7.13.2-cp312-cp312-macosx_11_0_arm64.whl (219 kB)
2026-01-30T14:50:25.1910770Z Downloading dill-0.4.1-py3-none-any.whl (120 kB)
2026-01-30T14:50:25.2053930Z Downloading iniconfig-2.3.0-py3-none-any.whl (7.5 kB)
2026-01-30T14:50:25.2210320Z Downloading mypy_extensions-1.1.0-py3-none-any.whl (5.0 kB)
2026-01-30T14:50:25.2368690Z Downloading packaging-26.0-py3-none-any.whl (74 kB)
2026-01-30T14:50:25.2728220Z Downloading pathspec-1.0.4-py3-none-any.whl (55 kB)
2026-01-30T14:50:25.3113580Z Downloading platformdirs-4.5.1-py3-none-any.whl (18 kB)
2026-01-30T14:50:25.3352210Z Downloading pygments-2.19.2-py3-none-any.whl (1.2 MB)
2026-01-30T14:50:25.3434680Z    ━━━━━━━━━━━━━━━━━━━━━━━━━━━━━━━━━━━━━━━━ 1.2/1.2 MB 158.0 MB/s  0:00:00
2026-01-30T14:50:25.3560250Z Downloading pytokens-0.4.1-cp312-cp312-macosx_11_0_arm64.whl (160 kB)
2026-01-30T14:50:25.3704060Z Downloading tomlkit-0.14.0-py3-none-any.whl (39 kB)
2026-01-30T14:50:25.3840990Z Downloading six-1.17.0-py2.py3-none-any.whl (11 kB)
2026-01-30T14:50:25.4500020Z Installing collected packages: vulture, tomlkit, toml, six, pyyaml, pytokens, pygments, pyflakes, pycodestyle, pluggy, platformdirs, pathspec, packaging, mypy-extensions, mccabe, isort, iniconfig, dill, coverage, colorama, click, astroid, pytest, pylint, mando, flake8, black, autoflake, radon, pytest-mock, pytest-cov
2026-01-30T14:50:27.6019940Z 
2026-01-30T14:50:27.6049280Z Successfully installed astroid-4.0.3 autoflake-2.3.1 black-26.1.0 click-8.3.1 colorama-0.4.6 coverage-7.13.2 dill-0.4.1 flake8-7.3.0 iniconfig-2.3.0 isort-7.0.0 mando-0.7.1 mccabe-0.7.0 mypy-extensions-1.1.0 packaging-26.0 pathspec-1.0.4 platformdirs-4.5.1 pluggy-1.6.0 pycodestyle-2.14.0 pyflakes-3.4.0 pygments-2.19.2 pylint-4.0.4 pytest-9.0.2 pytest-cov-7.0.0 pytest-mock-3.15.1 pytokens-0.4.1 pyyaml-6.0.3 radon-6.0.1 six-1.17.0 toml-0.10.2 tomlkit-0.14.0 vulture-2.14
2026-01-30T14:50:27.7096430Z ##[group]Run pip install -e .
2026-01-30T14:50:27.7096720Z [36;1mpip install -e .[0m
2026-01-30T14:50:27.7132940Z shell: /bin/bash -e {0}
2026-01-30T14:50:27.7133280Z env:
2026-01-30T14:50:27.7133590Z   pythonLocation: /Users/runner/hostedtoolcache/Python/3.12.10/arm64
2026-01-30T14:50:27.7134100Z   PKG_CONFIG_PATH: /Users/runner/hostedtoolcache/Python/3.12.10/arm64/lib/pkgconfig
2026-01-30T14:50:27.7134510Z   Python_ROOT_DIR: /Users/runner/hostedtoolcache/Python/3.12.10/arm64
2026-01-30T14:50:27.7134880Z   Python2_ROOT_DIR: /Users/runner/hostedtoolcache/Python/3.12.10/arm64
2026-01-30T14:50:27.7135340Z   Python3_ROOT_DIR: /Users/runner/hostedtoolcache/Python/3.12.10/arm64
2026-01-30T14:50:27.7135610Z ##[endgroup]
2026-01-30T14:50:28.0590870Z Obtaining file:///Users/runner/work/argos/argos/anvil
2026-01-30T14:50:28.0611260Z   Installing build dependencies: started
2026-01-30T14:50:29.5200560Z   Installing build dependencies: finished with status 'done'
2026-01-30T14:50:29.5269650Z   Checking if build backend supports build_editable: started
2026-01-30T14:50:29.7765650Z   Checking if build backend supports build_editable: finished with status 'done'
2026-01-30T14:50:29.7778530Z   Getting requirements to build editable: started
2026-01-30T14:50:30.1389700Z   Getting requirements to build editable: finished with status 'done'
2026-01-30T14:50:30.1401810Z   Preparing editable metadata (pyproject.toml): started
2026-01-30T14:50:30.3756790Z   Preparing editable metadata (pyproject.toml): finished with status 'done'
2026-01-30T14:50:30.3811210Z Requirement already satisfied: toml>=0.10.2 in /Library/Frameworks/Python.framework/Versions/3.12/lib/python3.12/site-packages (from anvil==0.1.0) (0.10.2)
2026-01-30T14:50:30.3812110Z Building wheels for collected packages: anvil
2026-01-30T14:50:30.3818850Z   Building editable for anvil (pyproject.toml): started
2026-01-30T14:50:30.7063640Z   Building editable for anvil (pyproject.toml): finished with status 'done'
2026-01-30T14:50:30.7071180Z   Created wheel for anvil: filename=anvil-0.1.0-0.editable-py3-none-any.whl size=3717 sha256=e94bdf5d242d50e01e917b3c51852969be2f8ba1e307da72e7f6c950918c959c
2026-01-30T14:50:30.7072410Z   Stored in directory: /private/var/folders/yz/zr09txvs5dn18vt4cn21kzl40000gn/T/pip-ephem-wheel-cache-s4swyyci/wheels/cd/01/1d/b31015b6e1a997a87e7b1f8a9c57190aff28028c6b4b22c616
2026-01-30T14:50:30.7098530Z Successfully built anvil
2026-01-30T14:50:30.7242880Z Installing collected packages: anvil
2026-01-30T14:50:30.7322130Z Successfully installed anvil-0.1.0
2026-01-30T14:50:30.8523360Z ##[group]Run pytest --cov=anvil --cov-report=xml --cov-report=term-missing --cov-fail-under=90
2026-01-30T14:50:30.8523950Z [36;1mpytest --cov=anvil --cov-report=xml --cov-report=term-missing --cov-fail-under=90[0m
2026-01-30T14:50:30.8561560Z shell: /bin/bash -e {0}
2026-01-30T14:50:30.8561870Z env:
2026-01-30T14:50:30.8562270Z   pythonLocation: /Users/runner/hostedtoolcache/Python/3.12.10/arm64
2026-01-30T14:50:30.8562730Z   PKG_CONFIG_PATH: /Users/runner/hostedtoolcache/Python/3.12.10/arm64/lib/pkgconfig
2026-01-30T14:50:30.8563180Z   Python_ROOT_DIR: /Users/runner/hostedtoolcache/Python/3.12.10/arm64
2026-01-30T14:50:30.8563670Z   Python2_ROOT_DIR: /Users/runner/hostedtoolcache/Python/3.12.10/arm64
2026-01-30T14:50:30.8564140Z   Python3_ROOT_DIR: /Users/runner/hostedtoolcache/Python/3.12.10/arm64
2026-01-30T14:50:30.8564460Z ##[endgroup]
2026-01-30T14:50:31.5366890Z ============================= test session starts ==============================
2026-01-30T14:50:31.5367890Z platform darwin -- Python 3.12.10, pytest-9.0.2, pluggy-1.6.0 -- /Library/Frameworks/Python.framework/Versions/3.12/bin/python
2026-01-30T14:50:31.5368520Z cachedir: .pytest_cache
2026-01-30T14:50:31.5368890Z rootdir: /Users/runner/work/argos/argos/anvil
2026-01-30T14:50:31.5369480Z configfile: pytest.ini (WARNING: ignoring pytest config in pyproject.toml!)
2026-01-30T14:50:31.5370040Z testpaths: tests
2026-01-30T14:50:31.5370320Z plugins: mock-3.15.1, cov-7.0.0
2026-01-30T14:50:32.8236020Z collecting ... collected 520 items
2026-01-30T14:50:32.8238000Z 
2026-01-30T14:50:32.8248140Z tests/test_autoflake_parser.py::TestAutoflakeTextParsing::test_parse_output_no_unused_code PASSED [  0%]
2026-01-30T14:50:32.8263920Z tests/test_autoflake_parser.py::TestAutoflakeTextParsing::test_parse_output_with_unused_imports PASSED [  0%]
2026-01-30T14:50:32.8264860Z tests/test_autoflake_parser.py::TestAutoflakeTextParsing::test_parse_output_with_unused_variables PASSED [  0%]
2026-01-30T14:50:32.8283690Z tests/test_autoflake_parser.py::TestAutoflakeTextParsing::test_parse_multiple_files_with_issues PASSED [  0%]
2026-01-30T14:50:32.8284980Z tests/test_autoflake_parser.py::TestAutoflakeTextParsing::test_parse_windows_paths PASSED [  0%]
2026-01-30T14:50:32.8292050Z tests/test_autoflake_parser.py::TestAutoflakeCommandBuilding::test_build_command_default_options PASSED [  1%]
2026-01-30T14:50:32.8297980Z tests/test_autoflake_parser.py::TestAutoflakeCommandBuilding::test_build_command_with_remove_unused_variables PASSED [  1%]
2026-01-30T14:50:32.8303020Z tests/test_autoflake_parser.py::TestAutoflakeCommandBuilding::test_build_command_with_remove_all_unused_imports PASSED [  1%]
2026-01-30T14:50:32.8308850Z tests/test_autoflake_parser.py::TestAutoflakeCommandBuilding::test_build_command_with_ignore_init_module_imports PASSED [  1%]
2026-01-30T14:50:32.8313310Z tests/test_autoflake_parser.py::TestAutoflakeCommandBuilding::test_build_command_with_expand_star_imports PASSED [  1%]
2026-01-30T14:50:32.8318420Z tests/test_autoflake_parser.py::TestAutoflakeCommandBuilding::test_build_command_with_remove_duplicate_keys PASSED [  2%]
2026-01-30T14:50:32.8326680Z tests/test_autoflake_parser.py::TestAutoflakeCommandBuilding::test_build_command_with_imports_to_ignore PASSED [  2%]
2026-01-30T14:50:32.8332050Z tests/test_autoflake_parser.py::TestAutoflakeCommandBuilding::test_build_command_with_multiple_files PASSED [  2%]
2026-01-30T14:50:32.8383430Z tests/test_autoflake_parser.py::TestAutoflakeErrorHandling::test_error_when_autoflake_not_installed PASSED [  2%]
2026-01-30T14:50:32.8397580Z tests/test_autoflake_parser.py::TestAutoflakeErrorHandling::test_timeout_handling PASSED [  2%]
2026-01-30T14:50:32.8399240Z tests/test_autoflake_parser.py::TestAutoflakeErrorHandling::test_parse_with_empty_output PASSED [  3%]
2026-01-30T14:50:32.8419870Z tests/test_autoflake_parser.py::TestAutoflakeVersionDetection::test_version_detection PASSED [  3%]
2026-01-30T14:50:32.8445120Z tests/test_autoflake_parser.py::TestAutoflakeVersionDetection::test_version_detection_failure PASSED [  3%]
2026-01-30T14:50:32.9290210Z tests/test_autoflake_parser.py::TestAutoflakeIntegrationWithFixtures::test_autoflake_on_clean_python_code PASSED [  3%]
2026-01-30T14:50:33.0161530Z tests/test_autoflake_parser.py::TestAutoflakeIntegrationWithFixtures::test_autoflake_on_unused_imports_fixture PASSED [  3%]
2026-01-30T14:50:33.0222050Z tests/test_autoflake_parser.py::TestAutoflakeConfigurationHandling::test_detect_pyproject_toml PASSED [  4%]
2026-01-30T14:50:33.0277340Z tests/test_autoflake_parser.py::TestAutoflakeConfigurationHandling::test_detect_setup_cfg PASSED [  4%]
2026-01-30T14:50:33.0292320Z tests/test_autoflake_parser.py::TestAutoflakeConfigurationHandling::test_no_config_file_returns_none PASSED [  4%]
2026-01-30T14:50:33.0298480Z tests/test_autoflake_parser.py::TestAutoflakeSuggestedFixes::test_generate_fix_command PASSED [  4%]
2026-01-30T14:50:33.0305270Z tests/test_autoflake_parser.py::TestAutoflakeSuggestedFixes::test_generate_fix_command_with_options PASSED [  4%]
2026-01-30T14:50:33.0356940Z tests/test_black_parser.py::TestBlackTextParsing::test_parse_output_all_files_formatted PASSED [  5%]
2026-01-30T14:50:33.0366390Z tests/test_black_parser.py::TestBlackTextParsing::test_parse_output_files_need_formatting PASSED [  5%]
2026-01-30T14:50:33.0386260Z tests/test_black_parser.py::TestBlackTextParsing::test_parse_would_reformat_messages PASSED [  5%]
2026-01-30T14:50:33.0399700Z tests/test_black_parser.py::TestBlackTextParsing::test_parse_windows_paths PASSED [  5%]
2026-01-30T14:50:33.0402730Z tests/test_black_parser.py::TestBlackTextParsing::test_parse_left_unchanged_messages PASSED [  5%]
2026-01-30T14:50:33.0439540Z tests/test_black_parser.py::TestBlackTextParsing::test_parse_reformatted_messages PASSED [  5%]
2026-01-30T14:50:33.0455480Z tests/test_black_parser.py::TestBlackCommandBuilding::test_build_command_default_options PASSED [  6%]
2026-01-30T14:50:33.0456500Z tests/test_black_parser.py::TestBlackCommandBuilding::test_build_command_with_line_length PASSED [  6%]
2026-01-30T14:50:33.0457290Z tests/test_black_parser.py::TestBlackCommandBuilding::test_build_command_with_target_version PASSED [  6%]
2026-01-30T14:50:33.0458170Z tests/test_black_parser.py::TestBlackCommandBuilding::test_build_command_with_skip_string_normalization PASSED [  6%]
2026-01-30T14:50:33.0459590Z tests/test_black_parser.py::TestBlackCommandBuilding::test_build_command_with_diff PASSED [  6%]
2026-01-30T14:50:33.0460340Z tests/test_black_parser.py::TestBlackCommandBuilding::test_build_command_with_color PASSED [  7%]
2026-01-30T14:50:33.0461120Z tests/test_black_parser.py::TestBlackCommandBuilding::test_build_command_with_multiple_files PASSED [  7%]
2026-01-30T14:50:33.0512170Z tests/test_black_parser.py::TestBlackErrorHandling::test_error_when_black_not_installed PASSED [  7%]
2026-01-30T14:50:33.0528630Z tests/test_black_parser.py::TestBlackErrorHandling::test_timeout_handling PASSED [  7%]
2026-01-30T14:50:33.0532870Z tests/test_black_parser.py::TestBlackErrorHandling::test_parse_syntax_error_in_file PASSED [  7%]
2026-01-30T14:50:33.0552670Z tests/test_black_parser.py::TestBlackVersionDetection::test_version_detection PASSED [  8%]
2026-01-30T14:50:33.0560370Z tests/test_black_parser.py::TestBlackVersionDetection::test_version_detection_failure PASSED [  8%]
2026-01-30T14:50:33.5073990Z tests/test_black_parser.py::TestBlackIntegrationWithFixtures::test_black_on_formatted_python_code PASSED [  8%]
2026-01-30T14:50:33.7222220Z tests/test_black_parser.py::TestBlackIntegrationWithFixtures::test_black_on_unformatted_python_code PASSED [  8%]
2026-01-30T14:50:33.9164630Z tests/test_black_parser.py::TestBlackIntegrationWithFixtures::test_black_on_syntax_error_fixture PASSED [  8%]
2026-01-30T14:50:33.9193850Z tests/test_black_parser.py::TestBlackConfigurationHandling::test_detect_pyproject_toml PASSED [  9%]
2026-01-30T14:50:33.9202490Z tests/test_black_parser.py::TestBlackConfigurationHandling::test_no_config_file_returns_none PASSED [  9%]
2026-01-30T14:50:33.9205780Z tests/test_black_parser.py::TestBlackSuggestedFixes::test_generate_fix_command PASSED [  9%]
2026-01-30T14:50:33.9232190Z tests/test_black_parser.py::TestBlackSuggestedFixes::test_generate_fix_command_with_options PASSED [  9%]
2026-01-30T14:50:33.9232980Z tests/test_clang_tidy_parser.py::TestClangTidyDiagnosticParsing::test_parse_output_with_no_diagnostics PASSED [  9%]
2026-01-30T14:50:33.9253980Z tests/test_clang_tidy_parser.py::TestClangTidyDiagnosticParsing::test_parse_warning_diagnostic PASSED [ 10%]
2026-01-30T14:50:33.9281880Z tests/test_clang_tidy_parser.py::TestClangTidyDiagnosticParsing::test_parse_error_diagnostic PASSED [ 10%]
2026-01-30T14:50:33.9300270Z tests/test_clang_tidy_parser.py::TestClangTidyDiagnosticParsing::test_parse_note_diagnostic PASSED [ 10%]
2026-01-30T14:50:33.9340060Z tests/test_clang_tidy_parser.py::TestClangTidyDiagnosticParsing::test_parse_diagnostic_with_line_column PASSED [ 10%]
2026-01-30T14:50:33.9391590Z tests/test_clang_tidy_parser.py::TestClangTidyDiagnosticParsing::test_parse_multiple_diagnostics PASSED [ 10%]
2026-01-30T14:50:33.9420520Z tests/test_clang_tidy_parser.py::TestClangTidyReplacements::test_parse_diagnostic_with_replacements PASSED [ 10%]
2026-01-30T14:50:33.9462410Z tests/test_clang_tidy_parser.py::TestClangTidyReplacements::test_count_fixable_diagnostics PASSED [ 11%]
2026-01-30T14:50:33.9464260Z tests/test_clang_tidy_parser.py::TestClangTidyCommandBuilding::test_build_command_default_options PASSED [ 11%]
2026-01-30T14:50:33.9479680Z tests/test_clang_tidy_parser.py::TestClangTidyCommandBuilding::test_build_command_with_checks PASSED [ 11%]
2026-01-30T14:50:33.9537710Z tests/test_clang_tidy_parser.py::TestClangTidyCommandBuilding::test_build_command_with_header_filter PASSED [ 11%]
2026-01-30T14:50:33.9561160Z tests/test_clang_tidy_parser.py::TestClangTidyCommandBuilding::test_build_command_with_warnings_as_errors PASSED [ 11%]
2026-01-30T14:50:33.9563510Z tests/test_clang_tidy_parser.py::TestClangTidyCommandBuilding::test_build_command_with_config_file PASSED [ 12%]
2026-01-30T14:50:33.9571180Z tests/test_clang_tidy_parser.py::TestClangTidyCommandBuilding::test_build_command_with_extra_args PASSED [ 12%]
2026-01-30T14:50:33.9576700Z tests/test_clang_tidy_parser.py::TestClangTidyCommandBuilding::test_build_command_with_compile_commands PASSED [ 12%]
2026-01-30T14:50:33.9597500Z tests/test_clang_tidy_parser.py::TestClangTidyCommandBuilding::test_build_command_with_multiple_files PASSED [ 12%]
2026-01-30T14:50:33.9618060Z tests/test_clang_tidy_parser.py::TestClangTidyErrorHandling::test_error_when_clang_tidy_not_installed PASSED [ 12%]
2026-01-30T14:50:33.9629160Z tests/test_clang_tidy_parser.py::TestClangTidyErrorHandling::test_timeout_handling PASSED [ 13%]
2026-01-30T14:50:33.9641180Z tests/test_clang_tidy_parser.py::TestClangTidyErrorHandling::test_parse_with_invalid_yaml PASSED [ 13%]
2026-01-30T14:50:33.9666860Z tests/test_clang_tidy_parser.py::TestClangTidyVersionDetection::test_version_detection PASSED [ 13%]
2026-01-30T14:50:33.9677760Z tests/test_clang_tidy_parser.py::TestClangTidyVersionDetection::test_version_detection_failure PASSED [ 13%]
2026-01-30T14:50:33.9689040Z tests/test_clang_tidy_parser.py::TestClangTidyIntegrationWithFixtures::test_clang_tidy_on_clean_cpp_code SKIPPED [ 13%]
2026-01-30T14:50:33.9697830Z tests/test_clang_tidy_parser.py::TestClangTidyIntegrationWithFixtures::test_clang_tidy_on_code_with_issues SKIPPED [ 14%]
2026-01-30T14:50:33.9746870Z tests/test_clang_tidy_parser.py::TestClangTidyGroupingAndFiltering::test_group_diagnostics_by_check_name PASSED [ 14%]
2026-01-30T14:50:33.9801470Z tests/test_clang_tidy_parser.py::TestClangTidyGroupingAndFiltering::test_group_diagnostics_by_file PASSED [ 14%]
2026-01-30T14:50:33.9874340Z tests/test_clang_tidy_parser.py::TestClangTidyGroupingAndFiltering::test_filter_diagnostics_by_severity PASSED [ 14%]
2026-01-30T14:50:33.9900810Z tests/test_clang_tidy_parser.py::TestClangTidyConfigurationHandling::test_detect_clang_tidy_config_file PASSED [ 14%]
2026-01-30T14:50:33.9913050Z tests/test_clang_tidy_parser.py::TestClangTidyConfigurationHandling::test_detect_clang_tidy_in_parent_directory PASSED [ 15%]
2026-01-30T14:50:33.9943070Z tests/test_clang_tidy_parser.py::TestClangTidyConfigurationHandling::test_no_config_file_returns_none PASSED [ 15%]
2026-01-30T14:50:34.0100660Z tests/test_configuration.py::TestConfigurationLoading::test_load_complete_config PASSED [ 15%]
2026-01-30T14:50:34.0156530Z tests/test_configuration.py::TestConfigurationLoading::test_load_minimal_config PASSED [ 15%]
2026-01-30T14:50:34.0182780Z tests/test_configuration.py::TestConfigurationLoading::test_load_invalid_toml_syntax PASSED [ 15%]
2026-01-30T14:50:34.0191740Z tests/test_configuration.py::TestConfigurationLoading::test_load_nonexistent_file PASSED [ 15%]
2026-01-30T14:50:34.0276090Z tests/test_configuration.py::TestConfigurationLoading::test_load_from_custom_path PASSED [ 16%]
2026-01-30T14:50:34.0353960Z tests/test_configuration.py::TestValidatorConfiguration::test_get_validator_config_python_flake8 PASSED [ 16%]
2026-01-30T14:50:34.0423840Z tests/test_configuration.py::TestValidatorConfiguration::test_get_validator_config_cpp_clang_tidy PASSED [ 16%]
2026-01-30T14:50:34.0435810Z tests/test_configuration.py::TestValidatorConfiguration::test_get_validator_config_with_defaults PASSED [ 16%]
2026-01-30T14:50:34.0507270Z tests/test_configuration.py::TestValidatorConfiguration::test_get_validator_config_invalid_validator PASSED [ 16%]
2026-01-30T14:50:34.0624630Z tests/test_configuration.py::TestLanguageConfiguration::test_get_language_config_python PASSED [ 17%]
2026-01-30T14:50:34.0717230Z tests/test_configuration.py::TestLanguageConfiguration::test_get_language_config_cpp PASSED [ 17%]
2026-01-30T14:50:34.0746360Z tests/test_configuration.py::TestLanguageConfiguration::test_get_language_config_with_defaults PASSED [ 17%]
2026-01-30T14:50:34.0789510Z tests/test_configuration.py::TestConfigurationValidation::test_validate_negative_max_errors PASSED [ 17%]
2026-01-30T14:50:34.0861350Z tests/test_configuration.py::TestConfigurationValidation::test_validate_zero_complexity PASSED [ 17%]
2026-01-30T14:50:34.1021250Z tests/test_configuration.py::TestConfigurationInheritance::test_validator_inherits_language_defaults PASSED [ 18%]
2026-01-30T14:50:34.1044170Z tests/test_configuration.py::TestConfigurationInheritance::test_configuration_merging PASSED [ 18%]
2026-01-30T14:50:34.1090870Z tests/test_configuration.py::TestEnvironmentVariables::test_expand_environment_variables PASSED [ 18%]
2026-01-30T14:50:34.1131700Z tests/test_configuration.py::TestEnvironmentVariables::test_missing_environment_variable PASSED [ 18%]
2026-01-30T14:50:34.1151010Z tests/test_configuration.py::TestConfigurationDefaults::test_default_values_applied PASSED [ 18%]
2026-01-30T14:50:34.1249380Z tests/test_configuration.py::TestConfigurationDefaults::test_get_with_default_value PASSED [ 19%]
2026-01-30T14:50:34.1338560Z tests/test_configuration.py::TestConfigurationDefaults::test_get_nested_config PASSED [ 19%]
2026-01-30T14:50:34.1368320Z tests/test_cppcheck_parser.py::TestCppcheckXMLParsing::test_parse_xml_with_no_errors PASSED [ 19%]
2026-01-30T14:50:34.1374920Z tests/test_cppcheck_parser.py::TestCppcheckXMLParsing::test_parse_error_severity_issue PASSED [ 19%]
2026-01-30T14:50:34.1387380Z tests/test_cppcheck_parser.py::TestCppcheckXMLParsing::test_parse_warning_severity_issue PASSED [ 19%]
2026-01-30T14:50:34.1399900Z tests/test_cppcheck_parser.py::TestCppcheckXMLParsing::test_parse_style_issue PASSED [ 20%]
2026-01-30T14:50:34.1411200Z tests/test_cppcheck_parser.py::TestCppcheckXMLParsing::test_parse_performance_issue PASSED [ 20%]
2026-01-30T14:50:34.1422370Z tests/test_cppcheck_parser.py::TestCppcheckXMLParsing::test_parse_portability_issue PASSED [ 20%]
2026-01-30T14:50:34.1427070Z tests/test_cppcheck_parser.py::TestCppcheckXMLParsing::test_parse_information_message PASSED [ 20%]
2026-01-30T14:50:34.1441740Z tests/test_cppcheck_parser.py::TestCppcheckXMLParsing::test_extract_cwe_id PASSED [ 20%]
2026-01-30T14:50:34.1451810Z tests/test_cppcheck_parser.py::TestCppcheckXMLParsing::test_parse_inconclusive_results PASSED [ 20%]
2026-01-30T14:50:34.1457730Z tests/test_cppcheck_parser.py::TestCppcheckXMLParsing::test_parse_multiple_locations PASSED [ 21%]
2026-01-30T14:50:34.1465630Z tests/test_cppcheck_parser.py::TestCppcheckCommandBuilding::test_build_command_default_options PASSED [ 21%]
2026-01-30T14:50:34.1476380Z tests/test_cppcheck_parser.py::TestCppcheckCommandBuilding::test_build_command_with_enable_categories PASSED [ 21%]
2026-01-30T14:50:34.1484650Z tests/test_cppcheck_parser.py::TestCppcheckCommandBuilding::test_build_command_with_suppressions PASSED [ 21%]
2026-01-30T14:50:34.1492950Z tests/test_cppcheck_parser.py::TestCppcheckCommandBuilding::test_build_command_with_std_option PASSED [ 21%]
2026-01-30T14:50:34.1503150Z tests/test_cppcheck_parser.py::TestCppcheckCommandBuilding::test_build_command_with_platform PASSED [ 22%]
2026-01-30T14:50:34.1522800Z tests/test_cppcheck_parser.py::TestCppcheckCommandBuilding::test_build_command_with_includes PASSED [ 22%]
2026-01-30T14:50:34.1532000Z tests/test_cppcheck_parser.py::TestCppcheckCommandBuilding::test_build_command_with_defines PASSED [ 22%]
2026-01-30T14:50:34.1541650Z tests/test_cppcheck_parser.py::TestCppcheckCommandBuilding::test_build_command_with_inconclusive PASSED [ 22%]
2026-01-30T14:50:34.1555480Z tests/test_cppcheck_parser.py::TestCppcheckCommandBuilding::test_build_command_with_multiple_files PASSED [ 22%]
2026-01-30T14:50:34.1576010Z tests/test_cppcheck_parser.py::TestCppcheckErrorHandling::test_error_when_cppcheck_not_installed PASSED [ 23%]
2026-01-30T14:50:34.1597610Z tests/test_cppcheck_parser.py::TestCppcheckErrorHandling::test_timeout_handling PASSED [ 23%]
2026-01-30T14:50:34.1602610Z tests/test_cppcheck_parser.py::TestCppcheckErrorHandling::test_parse_with_invalid_xml PASSED [ 23%]
2026-01-30T14:50:34.1633210Z tests/test_cppcheck_parser.py::TestCppcheckVersionDetection::test_version_detection PASSED [ 23%]
2026-01-30T14:50:34.1670790Z tests/test_cppcheck_parser.py::TestCppcheckVersionDetection::test_version_detection_failure PASSED [ 23%]
2026-01-30T14:50:34.1702540Z tests/test_cppcheck_parser.py::TestCppcheckIntegrationWithFixtures::test_cppcheck_on_clean_cpp_code SKIPPED [ 24%]
2026-01-30T14:50:34.1721670Z tests/test_cppcheck_parser.py::TestCppcheckIntegrationWithFixtures::test_cppcheck_on_code_with_bugs SKIPPED [ 24%]
2026-01-30T14:50:34.1730390Z tests/test_cppcheck_parser.py::TestCppcheckGroupingAndFiltering::test_group_errors_by_id PASSED [ 24%]
2026-01-30T14:50:34.1747980Z tests/test_cppcheck_parser.py::TestCppcheckGroupingAndFiltering::test_group_errors_by_file PASSED [ 24%]
2026-01-30T14:50:34.1767950Z tests/test_cppcheck_parser.py::TestCppcheckGroupingAndFiltering::test_filter_by_severity PASSED [ 24%]
2026-01-30T14:50:34.1793530Z tests/test_cppcheck_parser.py::TestCppcheckConfigurationHandling::test_detect_cppcheck_suppressions_file PASSED [ 25%]
2026-01-30T14:50:34.1825210Z tests/test_cppcheck_parser.py::TestCppcheckConfigurationHandling::test_detect_suppressions_in_parent_directory PASSED [ 25%]
2026-01-30T14:50:34.1869500Z tests/test_cppcheck_parser.py::TestCppcheckConfigurationHandling::test_no_suppressions_file_returns_none PASSED [ 25%]
2026-01-30T14:50:34.3290850Z tests/test_file_collector.py::TestFullModeCollection::test_collect_all_python_files PASSED [ 25%]
2026-01-30T14:50:34.4572880Z tests/test_file_collector.py::TestFullModeCollection::test_collect_all_cpp_files PASSED [ 25%]
2026-01-30T14:50:34.5595570Z tests/test_file_collector.py::TestFullModeCollection::test_collect_all_languages PASSED [ 25%]
2026-01-30T14:50:34.5675660Z tests/test_file_collector.py::TestFullModeCollection::test_full_mode_without_git PASSED [ 26%]
2026-01-30T14:50:34.7352240Z tests/test_file_collector.py::TestIncrementalModeCollection::test_collect_modified_files PASSED [ 26%]
2026-01-30T14:50:34.9000250Z tests/test_file_collector.py::TestIncrementalModeCollection::test_collect_new_untracked_files PASSED [ 26%]
2026-01-30T14:50:35.0368440Z tests/test_file_collector.py::TestIncrementalModeCollection::test_collect_staged_files PASSED [ 26%]
2026-01-30T14:50:35.1915960Z tests/test_file_collector.py::TestIncrementalModeCollection::test_collect_both_staged_and_unstaged PASSED [ 26%]
2026-01-30T14:50:35.3223970Z tests/test_file_collector.py::TestIncrementalModeCollection::test_no_modifications_returns_empty PASSED [ 27%]
2026-01-30T14:50:35.4731980Z tests/test_file_collector.py::TestIncrementalModeCollection::test_handles_deleted_files PASSED [ 27%]
2026-01-30T14:50:35.4876020Z tests/test_file_collector.py::TestIncrementalModeCollection::test_incremental_without_git_falls_back_to_full PASSED [ 27%]
2026-01-30T14:50:35.6101200Z tests/test_file_collector.py::TestGitIntegration::test_detects_uncommitted_changes PASSED [ 27%]
2026-01-30T14:50:35.8025830Z tests/test_file_collector.py::TestGitIntegration::test_no_uncommitted_changes_in_clean_repo PASSED [ 27%]
2026-01-30T14:50:35.9641210Z tests/test_file_collector.py::TestGitIntegration::test_detects_git_repository PASSED [ 28%]
2026-01-30T14:50:35.9753220Z tests/test_file_collector.py::TestGitIntegration::test_detects_non_git_directory PASSED [ 28%]
2026-01-30T14:50:36.1318490Z tests/test_file_collector.py::TestGitIntegration::test_get_changed_files_across_commits PASSED [ 28%]
2026-01-30T14:50:36.1763480Z tests/test_file_collector.py::TestGitIntegration::test_empty_repository_returns_no_files PASSED [ 28%]
2026-01-30T14:50:36.2460540Z tests/test_file_collector.py::TestExclusionPatterns::test_respects_exclude_patterns PASSED [ 28%]
2026-01-30T14:50:36.3455710Z tests/test_file_collector.py::TestExclusionPatterns::test_default_exclusions_applied PASSED [ 29%]
2026-01-30T14:50:36.4156200Z tests/test_file_collector.py::TestLanguageFiltering::test_filters_by_language PASSED [ 29%]
2026-01-30T14:50:36.4952610Z tests/test_file_collector.py::TestLanguageFiltering::test_collects_multiple_languages PASSED [ 29%]
2026-01-30T14:50:36.5654430Z tests/test_file_collector.py::TestErrorHandling::test_invalid_language_raises_error PASSED [ 29%]
2026-01-30T14:50:36.6390960Z tests/test_file_collector.py::TestErrorHandling::test_invalid_commit_ref_raises_error PASSED [ 29%]
2026-01-30T14:50:36.6405120Z tests/test_file_collector.py::TestErrorHandling::test_handles_permission_errors_gracefully PASSED [ 30%]
2026-01-30T14:50:36.6423330Z tests/test_file_collector.py::TestErrorHandling::test_git_timeout_handled_in_is_git_repository PASSED [ 30%]
2026-01-30T14:50:36.6439990Z tests/test_file_collector.py::TestErrorHandling::test_git_not_found_handled_in_is_git_repository PASSED [ 30%]
2026-01-30T14:50:36.7108240Z tests/test_file_collector.py::TestErrorHandling::test_has_uncommitted_changes_handles_timeout PASSED [ 30%]
2026-01-30T14:50:36.8243480Z tests/test_file_collector.py::TestErrorHandling::test_has_uncommitted_changes_handles_subprocess_error PASSED [ 30%]
2026-01-30T14:50:36.9331620Z tests/test_file_collector.py::TestErrorHandling::test_get_changed_files_handles_timeout PASSED [ 30%]
2026-01-30T14:50:37.1623080Z tests/test_file_collector.py::TestPerformance::test_incremental_faster_than_full PASSED [ 31%]
2026-01-30T14:50:37.2407770Z tests/test_file_collector.py::TestCaching::test_caches_language_detection PASSED [ 31%]
2026-01-30T14:50:37.3965420Z tests/test_file_collector.py::TestCaching::test_cache_invalidated_on_changes PASSED [ 31%]
2026-01-30T14:50:37.3981900Z tests/test_flake8_parser.py::TestFlake8JSONParsing::test_parse_json_output_with_no_errors PASSED [ 31%]
2026-01-30T14:50:37.3986970Z tests/test_flake8_parser.py::TestFlake8JSONParsing::test_parse_json_output_with_e_series_errors PASSED [ 31%]
2026-01-30T14:50:37.3995970Z tests/test_flake8_parser.py::TestFlake8JSONParsing::test_parse_json_output_with_w_series_warnings PASSED [ 32%]
2026-01-30T14:50:37.4014670Z tests/test_flake8_parser.py::TestFlake8JSONParsing::test_parse_json_output_with_f_series_errors PASSED [ 32%]
2026-01-30T14:50:37.4022130Z tests/test_flake8_parser.py::TestFlake8JSONParsing::test_parse_json_output_with_c_series_complexity_warnings PASSED [ 32%]
2026-01-30T14:50:37.4034640Z tests/test_flake8_parser.py::TestFlake8JSONParsing::test_parse_multiple_files_with_mixed_results PASSED [ 32%]
2026-01-30T14:50:37.4037620Z tests/test_flake8_parser.py::TestFlake8CommandBuilding::test_build_command_with_default_options PASSED [ 32%]
2026-01-30T14:50:37.4043290Z tests/test_flake8_parser.py::TestFlake8CommandBuilding::test_build_command_with_ignore_list PASSED [ 33%]
2026-01-30T14:50:37.4050680Z tests/test_flake8_parser.py::TestFlake8CommandBuilding::test_build_command_with_max_line_length PASSED [ 33%]
2026-01-30T14:50:37.4056250Z tests/test_flake8_parser.py::TestFlake8CommandBuilding::test_build_command_with_select_rules PASSED [ 33%]
2026-01-30T14:50:37.4061180Z tests/test_flake8_parser.py::TestFlake8CommandBuilding::test_build_command_with_exclude_patterns PASSED [ 33%]
2026-01-30T14:50:37.4066310Z tests/test_flake8_parser.py::TestFlake8CommandBuilding::test_build_command_with_max_complexity PASSED [ 33%]
2026-01-30T14:50:37.4086800Z tests/test_flake8_parser.py::TestFlake8TextFormatParsing::test_parse_text_format_with_errors PASSED [ 34%]
2026-01-30T14:50:37.4092700Z tests/test_flake8_parser.py::TestFlake8TextFormatParsing::test_parse_text_format_with_no_output PASSED [ 34%]
2026-01-30T14:50:37.4111510Z tests/test_flake8_parser.py::TestFlake8ErrorHandling::test_error_when_flake8_not_installed PASSED [ 34%]
2026-01-30T14:50:37.4122850Z tests/test_flake8_parser.py::TestFlake8ErrorHandling::test_timeout_handling PASSED [ 34%]
2026-01-30T14:50:37.4126390Z tests/test_flake8_parser.py::TestFlake8ErrorHandling::test_invalid_json_handling PASSED [ 34%]
2026-01-30T14:50:37.4160490Z tests/test_flake8_parser.py::TestFlake8VersionDetection::test_version_detection PASSED [ 35%]
2026-01-30T14:50:37.4162500Z tests/test_flake8_parser.py::TestFlake8VersionDetection::test_version_detection_failure PASSED [ 35%]
2026-01-30T14:50:37.6268010Z tests/test_flake8_parser.py::TestFlake8IntegrationWithFixtures::test_flake8_on_good_python_code PASSED [ 35%]
2026-01-30T14:50:37.7964210Z tests/test_flake8_parser.py::TestFlake8IntegrationWithFixtures::test_flake8_on_style_violations_fixture PASSED [ 35%]
2026-01-30T14:50:37.9464910Z tests/test_flake8_parser.py::TestFlake8IntegrationWithFixtures::test_flake8_on_syntax_error_fixture PASSED [ 35%]
2026-01-30T14:50:38.1077240Z tests/test_flake8_parser.py::TestFlake8IntegrationWithFixtures::test_flake8_on_unused_imports_fixture PASSED [ 35%]
2026-01-30T14:50:38.1080350Z tests/test_flake8_parser.py::TestFlake8SeverityMapping::test_e_series_maps_to_error PASSED [ 36%]
2026-01-30T14:50:38.1086450Z tests/test_flake8_parser.py::TestFlake8SeverityMapping::test_w_series_maps_to_warning PASSED [ 36%]
2026-01-30T14:50:38.1092680Z tests/test_flake8_parser.py::TestFlake8SeverityMapping::test_f_series_maps_to_error PASSED [ 36%]
2026-01-30T14:50:38.1097570Z tests/test_flake8_parser.py::TestFlake8SeverityMapping::test_c_series_maps_to_warning PASSED [ 36%]
2026-01-30T14:50:38.1104080Z tests/test_flake8_parser.py::TestFlake8SeverityMapping::test_n_series_maps_to_warning PASSED [ 36%]
2026-01-30T14:50:38.1124630Z tests/test_flake8_parser.py::TestFlake8ConfigurationHandling::test_detect_flake8_config_file PASSED [ 37%]
2026-01-30T14:50:38.1148270Z tests/test_flake8_parser.py::TestFlake8ConfigurationHandling::test_detect_setup_cfg_flake8_section PASSED [ 37%]
2026-01-30T14:50:38.1188200Z tests/test_flake8_parser.py::TestFlake8ConfigurationHandling::test_detect_tox_ini_flake8_section PASSED [ 37%]
2026-01-30T14:50:38.1235980Z tests/test_isort_parser.py::TestIsortTextParsing::test_parse_output_all_imports_sorted PASSED [ 37%]
2026-01-30T14:50:38.1258040Z tests/test_isort_parser.py::TestIsortTextParsing::test_parse_output_imports_need_sorting PASSED [ 37%]
2026-01-30T14:50:38.1266290Z tests/test_isort_parser.py::TestIsortTextParsing::test_parse_multiple_files_with_errors PASSED [ 38%]
2026-01-30T14:50:38.1283120Z tests/test_isort_parser.py::TestIsortTextParsing::test_parse_windows_paths PASSED [ 38%]
2026-01-30T14:50:38.1296200Z tests/test_isort_parser.py::TestIsortTextParsing::test_parse_output_with_skipped_files PASSED [ 38%]
2026-01-30T14:50:38.1307940Z tests/test_isort_parser.py::TestIsortCommandBuilding::test_build_command_default_options PASSED [ 38%]
2026-01-30T14:50:38.1320680Z tests/test_isort_parser.py::TestIsortCommandBuilding::test_build_command_with_profile PASSED [ 38%]
2026-01-30T14:50:38.1339490Z tests/test_isort_parser.py::TestIsortCommandBuilding::test_build_command_with_line_length PASSED [ 39%]
2026-01-30T14:50:38.1341970Z tests/test_isort_parser.py::TestIsortCommandBuilding::test_build_command_with_multi_line_output PASSED [ 39%]
2026-01-30T14:50:38.1343620Z tests/test_isort_parser.py::TestIsortCommandBuilding::test_build_command_with_skip_patterns PASSED [ 39%]
2026-01-30T14:50:38.1345330Z tests/test_isort_parser.py::TestIsortCommandBuilding::test_build_command_with_force_single_line PASSED [ 39%]
2026-01-30T14:50:38.1347340Z tests/test_isort_parser.py::TestIsortCommandBuilding::test_build_command_with_diff PASSED [ 39%]
2026-01-30T14:50:38.1349190Z tests/test_isort_parser.py::TestIsortCommandBuilding::test_build_command_with_multiple_files PASSED [ 40%]
2026-01-30T14:50:38.1371110Z tests/test_isort_parser.py::TestIsortErrorHandling::test_error_when_isort_not_installed PASSED [ 40%]
2026-01-30T14:50:38.1381140Z tests/test_isort_parser.py::TestIsortErrorHandling::test_timeout_handling PASSED [ 40%]
2026-01-30T14:50:38.1386320Z tests/test_isort_parser.py::TestIsortErrorHandling::test_parse_syntax_error_in_file PASSED [ 40%]
2026-01-30T14:50:38.1405450Z tests/test_isort_parser.py::TestIsortVersionDetection::test_version_detection PASSED [ 40%]
2026-01-30T14:50:38.1417030Z tests/test_isort_parser.py::TestIsortVersionDetection::test_version_detection_failure PASSED [ 40%]
2026-01-30T14:50:38.2561700Z tests/test_isort_parser.py::TestIsortIntegrationWithFixtures::test_isort_on_sorted_python_code PASSED [ 41%]
2026-01-30T14:50:38.3739230Z tests/test_isort_parser.py::TestIsortIntegrationWithFixtures::test_isort_on_unsorted_imports_fixture PASSED [ 41%]
2026-01-30T14:50:38.3793890Z tests/test_isort_parser.py::TestIsortConfigurationHandling::test_detect_pyproject_toml PASSED [ 41%]
2026-01-30T14:50:38.3860690Z tests/test_isort_parser.py::TestIsortConfigurationHandling::test_detect_setup_cfg PASSED [ 41%]
2026-01-30T14:50:38.3898100Z tests/test_isort_parser.py::TestIsortConfigurationHandling::test_detect_isort_cfg PASSED [ 41%]
2026-01-30T14:50:38.3919160Z tests/test_isort_parser.py::TestIsortConfigurationHandling::test_no_config_file_returns_none PASSED [ 42%]
2026-01-30T14:50:38.3949570Z tests/test_isort_parser.py::TestIsortSuggestedFixes::test_generate_fix_command PASSED [ 42%]
2026-01-30T14:50:38.3972520Z tests/test_isort_parser.py::TestIsortSuggestedFixes::test_generate_fix_command_with_options PASSED [ 42%]
2026-01-30T14:50:38.3995510Z tests/test_language_detector.py::TestLanguageDetection::test_detect_python_files PASSED [ 42%]
2026-01-30T14:50:38.4027580Z tests/test_language_detector.py::TestLanguageDetection::test_detect_cpp_files PASSED [ 42%]
2026-01-30T14:50:38.4058730Z tests/test_language_detector.py::TestLanguageDetection::test_detect_mixed_language_project PASSED [ 43%]
2026-01-30T14:50:38.4109900Z tests/test_language_detector.py::TestLanguageDetection::test_detect_python_only_project PASSED [ 43%]
2026-01-30T14:50:38.4129740Z tests/test_language_detector.py::TestLanguageDetection::test_detect_cpp_only_project PASSED [ 43%]
2026-01-30T14:50:38.4148260Z tests/test_language_detector.py::TestLanguageDetection::test_detect_no_matching_files PASSED [ 43%]
2026-01-30T14:50:38.4197180Z tests/test_language_detector.py::TestLanguageDetection::test_get_files_returns_only_python PASSED [ 43%]
2026-01-30T14:50:38.4226430Z tests/test_language_detector.py::TestLanguageDetection::test_get_files_returns_only_cpp PASSED [ 44%]
2026-01-30T14:50:38.4268090Z tests/test_language_detector.py::TestExclusionPatterns::test_ignores_git_directory PASSED [ 44%]
2026-01-30T14:50:38.4322680Z tests/test_language_detector.py::TestExclusionPatterns::test_ignores_pycache_directory PASSED [ 44%]
2026-01-30T14:50:38.4383420Z tests/test_language_detector.py::TestExclusionPatterns::test_ignores_build_directory PASSED [ 44%]
2026-01-30T14:50:38.4427530Z tests/test_language_detector.py::TestExclusionPatterns::test_custom_exclude_patterns PASSED [ 44%]
2026-01-30T14:50:38.4458830Z tests/test_language_detector.py::TestConfigurationIntegration::test_respects_file_patterns_from_config PASSED [ 45%]
2026-01-30T14:50:38.4476160Z tests/test_language_detector.py::TestConfigurationIntegration::test_respects_cpp_patterns_from_config PASSED [ 45%]
2026-01-30T14:50:38.4485310Z tests/test_language_detector.py::TestSymbolicLinks::test_follows_symlinks_when_enabled SKIPPED [ 45%]
2026-01-30T14:50:38.4490360Z tests/test_language_detector.py::TestSymbolicLinks::test_ignores_symlinks_when_disabled SKIPPED [ 45%]
2026-01-30T14:50:38.4703300Z tests/test_language_detector.py::TestPerformance::test_performance_large_directory_tree PASSED [ 45%]
2026-01-30T14:50:38.4780070Z tests/test_language_detector.py::TestEdgeCases::test_nonexistent_directory_raises_error PASSED [ 45%]
2026-01-30T14:50:38.4782970Z tests/test_language_detector.py::TestEdgeCases::test_file_instead_of_directory_raises_error PASSED [ 46%]
2026-01-30T14:50:38.4796610Z tests/test_language_detector.py::TestEdgeCases::test_get_files_for_unknown_language_returns_empty PASSED [ 46%]
2026-01-30T14:50:38.4817760Z tests/test_language_detector.py::TestEdgeCases::test_empty_directory_returns_empty PASSED [ 46%]
2026-01-30T14:50:38.4840100Z tests/test_orchestrator.py::TestSequentialExecution::test_run_all_validators_sequentially PASSED [ 46%]
2026-01-30T14:50:38.4854290Z tests/test_orchestrator.py::TestSequentialExecution::test_validators_run_in_deterministic_order PASSED [ 46%]
2026-01-30T14:50:38.4893570Z tests/test_orchestrator.py::TestParallelExecution::test_run_all_validators_in_parallel PASSED [ 47%]
2026-01-30T14:50:39.0697390Z tests/test_orchestrator.py::TestParallelExecution::test_parallel_execution_faster_than_sequential PASSED [ 47%]
2026-01-30T14:50:39.0722970Z tests/test_orchestrator.py::TestLanguageFiltering::test_run_validators_for_specific_language PASSED [ 47%]
2026-01-30T14:50:39.0741160Z tests/test_orchestrator.py::TestLanguageFiltering::test_run_validators_for_cpp_language PASSED [ 47%]
2026-01-30T14:50:39.0761210Z tests/test_orchestrator.py::TestLanguageFiltering::test_run_validators_for_nonexistent_language PASSED [ 47%]
2026-01-30T14:50:39.0768950Z tests/test_orchestrator.py::TestSpecificValidatorExecution::test_run_specific_validator_by_name PASSED [ 48%]
2026-01-30T14:50:39.0786800Z tests/test_orchestrator.py::TestSpecificValidatorExecution::test_run_nonexistent_validator_raises_error PASSED [ 48%]
2026-01-30T14:50:39.0826750Z tests/test_orchestrator.py::TestResultAggregation::test_aggregate_results_all_passing PASSED [ 48%]
2026-01-30T14:50:39.0848690Z tests/test_orchestrator.py::TestResultAggregation::test_aggregate_results_with_failures PASSED [ 48%]
2026-01-30T14:50:39.0891160Z tests/test_orchestrator.py::TestResultAggregation::test_aggregate_results_counts_files_checked PASSED [ 48%]
2026-01-30T14:50:39.0939280Z tests/test_orchestrator.py::TestOverallPassFail::test_overall_pass_when_all_validators_pass PASSED [ 49%]
2026-01-30T14:50:39.0950610Z tests/test_orchestrator.py::TestOverallPassFail::test_overall_fail_when_any_validator_fails PASSED [ 49%]
2026-01-30T14:50:39.0956960Z tests/test_orchestrator.py::TestFailFastMode::test_fail_fast_stops_on_first_failure PASSED [ 49%]
2026-01-30T14:50:39.0973450Z tests/test_orchestrator.py::TestContinueOnFailureMode::test_continue_on_failure_runs_all_validators PASSED [ 49%]
2026-01-30T14:50:49.1894420Z tests/test_orchestrator.py::TestTimeoutHandling::test_timeout_handling_for_slow_validators PASSED [ 49%]
2026-01-30T14:50:49.1920460Z tests/test_orchestrator.py::TestValidatorCrashHandling::test_error_handling_when_validator_crashes PASSED [ 50%]
2026-01-30T14:50:49.1921330Z tests/test_orchestrator.py::TestToolNotFoundHandling::test_error_handling_when_tool_not_found PASSED [ 50%]
2026-01-30T14:50:49.1922050Z tests/test_orchestrator.py::TestMixedResults::test_result_collection_with_mixed_results PASSED [ 50%]
2026-01-30T14:50:49.6667840Z tests/test_orchestrator.py::TestExecutionTimeTracking::test_execution_time_tracking PASSED [ 50%]
2026-01-30T14:50:49.6680250Z tests/test_orchestrator.py::TestFileCountAggregation::test_file_count_aggregation PASSED [ 50%]
2026-01-30T14:50:49.6690550Z tests/test_orchestrator.py::TestFileCountAggregation::test_unique_files_counted PASSED [ 50%]
2026-01-30T14:50:49.6694410Z tests/test_orchestrator.py::TestEmptyFileList::test_run_with_empty_file_list PASSED [ 51%]
2026-01-30T14:50:49.6704250Z tests/test_orchestrator.py::TestConfigurationPassing::test_configuration_passed_to_validators PASSED [ 51%]
2026-01-30T14:50:49.6712830Z tests/test_parser_framework.py::TestFixtureDirectoryStructure::test_fixtures_directory_exists PASSED [ 51%]
2026-01-30T14:50:49.6721300Z tests/test_parser_framework.py::TestFixtureDirectoryStructure::test_python_fixtures_directory_exists PASSED [ 51%]
2026-01-30T14:50:49.6726550Z tests/test_parser_framework.py::TestFixtureDirectoryStructure::test_cpp_fixtures_directory_exists PASSED [ 51%]
2026-01-30T14:50:49.6732180Z tests/test_parser_framework.py::TestFixtureDirectoryStructure::test_sample_code_fixtures_directory_exists PASSED [ 52%]
2026-01-30T14:50:49.6748300Z tests/test_parser_framework.py::TestFixtureLoading::test_load_fixture_file_returns_content PASSED [ 52%]
2026-01-30T14:50:49.6755740Z tests/test_parser_framework.py::TestFixtureLoading::test_load_fixture_file_with_subdirectory PASSED [ 52%]
2026-01-30T14:50:49.6767070Z tests/test_parser_framework.py::TestFixtureLoading::test_load_fixture_file_preserves_encoding PASSED [ 52%]
2026-01-30T14:50:49.6775550Z tests/test_parser_framework.py::TestFixtureLoading::test_load_fixture_nonexistent_file_raises_error PASSED [ 52%]
2026-01-30T14:50:49.6783500Z tests/test_parser_framework.py::TestFixtureLoading::test_get_fixture_path_returns_absolute_path PASSED [ 53%]
2026-01-30T14:50:49.6799480Z tests/test_parser_framework.py::TestFixtureLoading::test_list_fixtures_in_directory PASSED [ 53%]
2026-01-30T14:50:49.6807460Z tests/test_parser_framework.py::TestParserHelpers::test_create_validation_result_helper PASSED [ 53%]
2026-01-30T14:50:49.6814140Z tests/test_parser_framework.py::TestParserHelpers::test_create_issue_helper PASSED [ 53%]
2026-01-30T14:50:49.6821060Z tests/test_parser_framework.py::TestParserHelpers::test_assert_validation_result_structure PASSED [ 53%]
2026-01-30T14:50:49.6827120Z tests/test_parser_framework.py::TestParserHelpers::test_assert_validation_result_invalid_structure_raises PASSED [ 54%]
2026-01-30T14:50:49.6833010Z tests/test_parser_framework.py::TestParserHelpers::test_assert_issue_structure PASSED [ 54%]
2026-01-30T14:50:49.6841180Z tests/test_parser_framework.py::TestParserHelpers::test_count_issues_by_severity PASSED [ 54%]
2026-01-30T14:50:49.6846860Z tests/test_parser_framework.py::TestParserHelpers::test_filter_issues_by_file PASSED [ 54%]
2026-01-30T14:50:49.6852480Z tests/test_parser_framework.py::TestParserHelpers::test_filter_issues_by_severity PASSED [ 54%]
2026-01-30T14:50:49.6866530Z tests/test_parser_framework.py::TestPythonFixtures::test_good_python_code_fixture_exists PASSED [ 55%]
2026-01-30T14:50:49.6873760Z tests/test_parser_framework.py::TestPythonFixtures::test_bad_python_syntax_error_fixture_exists PASSED [ 55%]
2026-01-30T14:50:49.6882080Z tests/test_parser_framework.py::TestPythonFixtures::test_bad_python_missing_imports_fixture_exists PASSED [ 55%]
2026-01-30T14:50:49.6903860Z tests/test_parser_framework.py::TestPythonFixtures::test_bad_python_unused_code_fixture_exists PASSED [ 55%]
2026-01-30T14:50:49.6924940Z tests/test_parser_framework.py::TestPythonFixtures::test_bad_python_style_violations_fixture_exists PASSED [ 55%]
2026-01-30T14:50:49.6962070Z tests/test_parser_framework.py::TestPythonFixtures::test_bad_python_unformatted_code_fixture_exists PASSED [ 55%]
2026-01-30T14:50:49.6980230Z tests/test_parser_framework.py::TestCppFixtures::test_good_cpp_code_fixture_exists PASSED [ 56%]
2026-01-30T14:50:49.6999070Z tests/test_parser_framework.py::TestCppFixtures::test_good_cpp_header_fixture_exists PASSED [ 56%]
2026-01-30T14:50:49.7012150Z tests/test_parser_framework.py::TestCppFixtures::test_bad_cpp_syntax_error_fixture_exists PASSED [ 56%]
2026-01-30T14:50:49.7022310Z tests/test_parser_framework.py::TestCppFixtures::test_bad_cpp_style_violations_fixture_exists PASSED [ 56%]
2026-01-30T14:50:49.7031460Z tests/test_parser_framework.py::TestCppFixtures::test_bad_cpp_static_analysis_issues_fixture_exists PASSED [ 56%]
2026-01-30T14:50:49.7035790Z tests/test_parser_framework.py::TestFixtureNamingConventions::test_readme_exists_in_fixtures_directory PASSED [ 57%]
2026-01-30T14:50:49.7048710Z tests/test_parser_framework.py::TestFixtureNamingConventions::test_readme_documents_naming_conventions PASSED [ 57%]
2026-01-30T14:50:49.7055040Z tests/test_parser_framework.py::TestFixtureNamingConventions::test_readme_documents_directory_structure PASSED [ 57%]
2026-01-30T14:50:49.7063730Z tests/test_pylint_parser.py::TestPylintJSONParsing::test_parse_json_output_with_no_issues PASSED [ 57%]
2026-01-30T14:50:49.7074080Z tests/test_pylint_parser.py::TestPylintJSONParsing::test_parse_convention_messages PASSED [ 57%]
2026-01-30T14:50:49.7076430Z tests/test_pylint_parser.py::TestPylintJSONParsing::test_parse_refactor_suggestions PASSED [ 58%]
2026-01-30T14:50:49.7093690Z tests/test_pylint_parser.py::TestPylintJSONParsing::test_parse_warnings PASSED [ 58%]
2026-01-30T14:50:49.7100300Z tests/test_pylint_parser.py::TestPylintJSONParsing::test_parse_errors PASSED [ 58%]
2026-01-30T14:50:49.7105620Z tests/test_pylint_parser.py::TestPylintJSONParsing::test_parse_fatal_errors PASSED [ 58%]
2026-01-30T14:50:49.7116490Z tests/test_pylint_parser.py::TestPylintJSONParsing::test_parse_multiple_issues_mixed_types PASSED [ 58%]
2026-01-30T14:50:49.7122510Z tests/test_pylint_parser.py::TestPylintJSONParsing::test_parse_with_score_information PASSED [ 59%]
2026-01-30T14:50:49.7128160Z tests/test_pylint_parser.py::TestPylintCommandBuilding::test_build_command_default_options PASSED [ 59%]
2026-01-30T14:50:49.7134260Z tests/test_pylint_parser.py::TestPylintCommandBuilding::test_build_command_with_disable_options PASSED [ 59%]
2026-01-30T14:50:49.7141200Z tests/test_pylint_parser.py::TestPylintCommandBuilding::test_build_command_with_enable_options PASSED [ 59%]
2026-01-30T14:50:49.7146450Z tests/test_pylint_parser.py::TestPylintCommandBuilding::test_build_command_with_max_line_length PASSED [ 59%]
2026-01-30T14:50:49.7152830Z tests/test_pylint_parser.py::TestPylintCommandBuilding::test_build_command_with_rcfile PASSED [ 60%]
2026-01-30T14:50:49.7162280Z tests/test_pylint_parser.py::TestPylintCommandBuilding::test_build_command_with_score_enabled PASSED [ 60%]
2026-01-30T14:50:49.7171500Z tests/test_pylint_parser.py::TestPylintCommandBuilding::test_build_command_with_score_disabled PASSED [ 60%]
2026-01-30T14:50:49.7184550Z tests/test_pylint_parser.py::TestPylintCommandBuilding::test_build_command_with_multiple_files PASSED [ 60%]
2026-01-30T14:50:49.7221230Z tests/test_pylint_parser.py::TestPylintErrorHandling::test_error_when_pylint_not_installed PASSED [ 60%]
2026-01-30T14:50:49.7231580Z tests/test_pylint_parser.py::TestPylintErrorHandling::test_timeout_handling PASSED [ 60%]
2026-01-30T14:50:49.7236620Z tests/test_pylint_parser.py::TestPylintErrorHandling::test_invalid_json_handling PASSED [ 61%]
2026-01-30T14:50:49.7255040Z tests/test_pylint_parser.py::TestPylintVersionDetection::test_version_detection PASSED [ 61%]
2026-01-30T14:50:49.7268410Z tests/test_pylint_parser.py::TestPylintVersionDetection::test_version_detection_pylint2 PASSED [ 61%]
2026-01-30T14:50:49.7276800Z tests/test_pylint_parser.py::TestPylintVersionDetection::test_version_detection_failure PASSED [ 61%]
2026-01-30T14:50:50.6166480Z tests/test_pylint_parser.py::TestPylintIntegrationWithFixtures::test_pylint_on_clean_python_code PASSED [ 61%]
2026-01-30T14:50:51.0917270Z tests/test_pylint_parser.py::TestPylintIntegrationWithFixtures::test_pylint_on_code_with_violations PASSED [ 62%]
2026-01-30T14:50:51.0936130Z tests/test_pylint_parser.py::TestPylintConfigurationHandling::test_detect_pylintrc PASSED [ 62%]
2026-01-30T14:50:51.0951560Z tests/test_pylint_parser.py::TestPylintConfigurationHandling::test_detect_pyproject_toml PASSED [ 62%]
2026-01-30T14:50:51.0984400Z tests/test_pylint_parser.py::TestPylintConfigurationHandling::test_detect_setup_cfg PASSED [ 62%]
2026-01-30T14:50:51.1001990Z tests/test_pylint_parser.py::TestPylintConfigurationHandling::test_priority_order_pylintrc_over_others PASSED [ 62%]
2026-01-30T14:50:51.1016720Z tests/test_pylint_parser.py::TestPylintConfigurationHandling::test_no_config_file_returns_none PASSED [ 63%]
2026-01-30T14:50:51.1033600Z tests/test_pylint_parser.py::TestPylintScoreExtraction::test_extract_score_from_text_output PASSED [ 63%]
2026-01-30T14:50:51.1036850Z tests/test_pylint_parser.py::TestPylintScoreExtraction::test_extract_score_with_previous_run PASSED [ 63%]
2026-01-30T14:50:51.1044510Z tests/test_pylint_parser.py::TestPylintScoreExtraction::test_extract_score_when_not_present PASSED [ 63%]
2026-01-30T14:50:51.1054210Z tests/test_pylint_parser.py::TestPylintScoreExtraction::test_extract_perfect_score PASSED [ 63%]
2026-01-30T14:50:51.1057460Z tests/test_pylint_parser.py::TestPylintSeverityMapping::test_convention_maps_to_warning PASSED [ 64%]
2026-01-30T14:50:51.1065440Z tests/test_pylint_parser.py::TestPylintSeverityMapping::test_refactor_maps_to_warning PASSED [ 64%]
2026-01-30T14:50:51.1087370Z tests/test_pylint_parser.py::TestPylintSeverityMapping::test_warning_maps_to_warning PASSED [ 64%]
2026-01-30T14:50:51.1092470Z tests/test_pylint_parser.py::TestPylintSeverityMapping::test_error_maps_to_error PASSED [ 64%]
2026-01-30T14:50:51.1100800Z tests/test_pylint_parser.py::TestPylintSeverityMapping::test_fatal_maps_to_error PASSED [ 64%]
2026-01-30T14:50:51.1109190Z tests/test_pytest_parser.py::TestPytestResultParsing::test_parse_output_all_tests_passed PASSED [ 65%]
2026-01-30T14:50:51.1114990Z tests/test_pytest_parser.py::TestPytestResultParsing::test_parse_output_with_test_failures PASSED [ 65%]
2026-01-30T14:50:51.1122730Z tests/test_pytest_parser.py::TestPytestResultParsing::test_parse_output_with_skipped_tests PASSED [ 65%]
2026-01-30T14:50:51.1139460Z tests/test_pytest_parser.py::TestPytestResultParsing::test_parse_parametrized_tests PASSED [ 65%]
2026-01-30T14:50:51.1143730Z tests/test_pytest_parser.py::TestPytestResultParsing::test_parse_test_durations PASSED [ 65%]
2026-01-30T14:50:51.1150310Z tests/test_pytest_parser.py::TestPytestResultParsing::test_identify_slowest_tests PASSED [ 65%]
2026-01-30T14:50:51.1156360Z tests/test_pytest_parser.py::TestPytestCoverageIntegration::test_parse_coverage_percentage PASSED [ 66%]
2026-01-30T14:50:51.1163490Z tests/test_pytest_parser.py::TestPytestCoverageIntegration::test_parse_coverage_per_module PASSED [ 66%]
2026-01-30T14:50:51.1169850Z tests/test_pytest_parser.py::TestPytestCoverageIntegration::test_parse_missing_lines PASSED [ 66%]
2026-01-30T14:50:51.1175430Z tests/test_pytest_parser.py::TestPytestCoverageIntegration::test_identify_modules_below_threshold PASSED [ 66%]
2026-01-30T14:50:51.1182150Z tests/test_pytest_parser.py::TestPytestCoverageIntegration::test_parse_branch_coverage PASSED [ 66%]
2026-01-30T14:50:51.1187390Z tests/test_pytest_parser.py::TestPytestCommandBuilding::test_build_command_default_options PASSED [ 67%]
2026-01-30T14:50:51.1192440Z tests/test_pytest_parser.py::TestPytestCommandBuilding::test_build_command_with_coverage PASSED [ 67%]
2026-01-30T14:50:51.1200460Z tests/test_pytest_parser.py::TestPytestCommandBuilding::test_build_command_with_markers PASSED [ 67%]
2026-01-30T14:50:51.1204240Z tests/test_pytest_parser.py::TestPytestCommandBuilding::test_build_command_with_keywords PASSED [ 67%]
2026-01-30T14:50:51.1209410Z tests/test_pytest_parser.py::TestPytestCommandBuilding::test_build_command_with_parallel_workers PASSED [ 67%]
2026-01-30T14:50:51.1225270Z tests/test_pytest_parser.py::TestPytestCommandBuilding::test_build_command_with_reruns PASSED [ 68%]
2026-01-30T14:50:51.1240230Z tests/test_pytest_parser.py::TestPytestCommandBuilding::test_build_command_with_verbose PASSED [ 68%]
2026-01-30T14:50:51.1248490Z tests/test_pytest_parser.py::TestPytestCommandBuilding::test_build_command_with_multiple_files PASSED [ 68%]
2026-01-30T14:50:51.1266430Z tests/test_pytest_parser.py::TestPytestErrorHandling::test_error_when_pytest_not_installed PASSED [ 68%]
2026-01-30T14:50:51.1278070Z tests/test_pytest_parser.py::TestPytestErrorHandling::test_timeout_handling PASSED [ 68%]
2026-01-30T14:50:51.1285420Z tests/test_pytest_parser.py::TestPytestErrorHandling::test_parse_with_invalid_json PASSED [ 69%]
2026-01-30T14:50:51.1312900Z tests/test_pytest_parser.py::TestPytestErrorHandling::test_error_when_coverage_plugin_missing PASSED [ 69%]
2026-01-30T14:50:51.1349880Z tests/test_pytest_parser.py::TestPytestVersionDetection::test_version_detection PASSED [ 69%]
2026-01-30T14:50:51.1370830Z tests/test_pytest_parser.py::TestPytestVersionDetection::test_version_detection_failure PASSED [ 69%]
2026-01-30T14:50:51.1379970Z tests/test_pytest_parser.py::TestPytestIntegrationWithFixtures::test_pytest_on_passing_test_suite SKIPPED [ 69%]
2026-01-30T14:50:51.1383880Z tests/test_pytest_parser.py::TestPytestIntegrationWithFixtures::test_pytest_on_failing_test_suite SKIPPED [ 70%]
2026-01-30T14:50:51.1388630Z tests/test_pytest_parser.py::TestPytestIntegrationWithFixtures::test_coverage_measurement SKIPPED [ 70%]
2026-01-30T14:50:51.1402380Z tests/test_pytest_parser.py::TestPytestFlakyTestDetection::test_detect_flaky_test PASSED [ 70%]
2026-01-30T14:50:51.1418540Z tests/test_pytest_parser.py::TestPytestFlakyTestDetection::test_no_flaky_tests PASSED [ 70%]
2026-01-30T14:50:51.1420250Z tests/test_pytest_parser.py::TestPytestSummaryStatistics::test_extract_summary_statistics PASSED [ 70%]
2026-01-30T14:50:51.1428580Z tests/test_pytest_parser.py::TestPytestSummaryStatistics::test_calculate_pass_rate PASSED [ 70%]
2026-01-30T14:50:51.1442640Z tests/test_pytest_parser.py::TestPytestConfigurationHandling::test_detect_pytest_ini PASSED [ 71%]
2026-01-30T14:50:51.1459950Z tests/test_pytest_parser.py::TestPytestConfigurationHandling::test_detect_pyproject_toml PASSED [ 71%]
2026-01-30T14:50:51.1476370Z tests/test_pytest_parser.py::TestPytestConfigurationHandling::test_detect_setup_cfg PASSED [ 71%]
2026-01-30T14:50:51.1489740Z tests/test_pytest_parser.py::TestPytestConfigurationHandling::test_no_config_file_returns_none PASSED [ 71%]
2026-01-30T14:50:51.1498620Z tests/test_radon_parser.py::TestRadonCyclomaticComplexity::test_parse_cc_output_with_no_functions PASSED [ 71%]
2026-01-30T14:50:51.1504120Z tests/test_radon_parser.py::TestRadonCyclomaticComplexity::test_parse_cc_output_with_low_complexity_functions PASSED [ 72%]
2026-01-30T14:50:51.1510190Z tests/test_radon_parser.py::TestRadonCyclomaticComplexity::test_parse_cc_output_with_high_complexity_functions PASSED [ 72%]
2026-01-30T14:50:51.1516870Z tests/test_radon_parser.py::TestRadonCyclomaticComplexity::test_parse_cc_output_with_multiple_functions PASSED [ 72%]
2026-01-30T14:50:51.1522290Z tests/test_radon_parser.py::TestRadonCyclomaticComplexity::test_parse_cc_output_with_methods PASSED [ 72%]
2026-01-30T14:50:51.1527840Z tests/test_radon_parser.py::TestRadonCyclomaticComplexity::test_parse_cc_output_with_closures PASSED [ 72%]
2026-01-30T14:50:51.1534130Z tests/test_radon_parser.py::TestRadonCyclomaticComplexity::test_parse_cc_complexity_ranks PASSED [ 73%]
2026-01-30T14:50:51.1542320Z tests/test_radon_parser.py::TestRadonMaintainabilityIndex::test_parse_mi_output_high_maintainability PASSED [ 73%]
2026-01-30T14:50:51.1551190Z tests/test_radon_parser.py::TestRadonMaintainabilityIndex::test_parse_mi_output_low_maintainability PASSED [ 73%]
2026-01-30T14:50:51.1561000Z tests/test_radon_parser.py::TestRadonMaintainabilityIndex::test_parse_mi_output_multiple_files PASSED [ 73%]
2026-01-30T14:50:51.1574240Z tests/test_radon_parser.py::TestRadonMaintainabilityIndex::test_parse_mi_ranks PASSED [ 73%]
2026-01-30T14:50:51.1594990Z tests/test_radon_parser.py::TestRadonRawMetrics::test_parse_raw_metrics PASSED [ 74%]
2026-01-30T14:50:51.1605080Z tests/test_radon_parser.py::TestRadonRawMetrics::test_parse_raw_metrics_multiple_files PASSED [ 74%]
2026-01-30T14:50:51.1612320Z tests/test_radon_parser.py::TestRadonCommandBuilding::test_build_cc_command_default_options PASSED [ 74%]
2026-01-30T14:50:51.1622420Z tests/test_radon_parser.py::TestRadonCommandBuilding::test_build_cc_command_with_min_grade PASSED [ 74%]
2026-01-30T14:50:51.1627130Z tests/test_radon_parser.py::TestRadonCommandBuilding::test_build_cc_command_with_show_closures PASSED [ 74%]
2026-01-30T14:50:51.1634760Z tests/test_radon_parser.py::TestRadonCommandBuilding::test_build_cc_command_with_exclude_patterns PASSED [ 75%]
2026-01-30T14:50:51.1640450Z tests/test_radon_parser.py::TestRadonCommandBuilding::test_build_mi_command_default_options PASSED [ 75%]
2026-01-30T14:50:51.1647690Z tests/test_radon_parser.py::TestRadonCommandBuilding::test_build_mi_command_with_show_details PASSED [ 75%]
2026-01-30T14:50:51.1653110Z tests/test_radon_parser.py::TestRadonCommandBuilding::test_build_raw_command_default_options PASSED [ 75%]
2026-01-30T14:50:51.1658400Z tests/test_radon_parser.py::TestRadonCommandBuilding::test_build_command_with_multiple_files PASSED [ 75%]
2026-01-30T14:50:51.1673020Z tests/test_radon_parser.py::TestRadonErrorHandling::test_error_when_radon_not_installed PASSED [ 75%]
2026-01-30T14:50:51.1683410Z tests/test_radon_parser.py::TestRadonErrorHandling::test_timeout_handling PASSED [ 76%]
2026-01-30T14:50:51.1689120Z tests/test_radon_parser.py::TestRadonErrorHandling::test_invalid_json_handling PASSED [ 76%]
2026-01-30T14:50:51.1704110Z tests/test_radon_parser.py::TestRadonVersionDetection::test_version_detection PASSED [ 76%]
2026-01-30T14:50:51.1713060Z tests/test_radon_parser.py::TestRadonVersionDetection::test_version_detection_failure PASSED [ 76%]
2026-01-30T14:50:51.2501370Z tests/test_radon_parser.py::TestRadonIntegrationWithFixtures::test_radon_cc_on_simple_python_code PASSED [ 76%]
2026-01-30T14:50:51.3316960Z tests/test_radon_parser.py::TestRadonIntegrationWithFixtures::test_radon_mi_on_python_code PASSED [ 77%]
2026-01-30T14:50:51.3328570Z tests/test_radon_parser.py::TestRadonComplexityAggregation::test_calculate_average_complexity PASSED [ 77%]
2026-01-30T14:50:51.3336060Z tests/test_radon_parser.py::TestRadonComplexityAggregation::test_calculate_average_complexity_with_empty_data PASSED [ 77%]
2026-01-30T14:50:51.3339860Z tests/test_radon_parser.py::TestRadonComplexityAggregation::test_identify_high_complexity_functions PASSED [ 77%]
2026-01-30T14:50:51.3360440Z tests/test_radon_parser.py::TestRadonConfigurationHandling::test_detect_radon_config_in_pyproject_toml PASSED [ 77%]
2026-01-30T14:50:51.3376780Z tests/test_radon_parser.py::TestRadonConfigurationHandling::test_detect_radon_config_in_setup_cfg PASSED [ 78%]
2026-01-30T14:50:51.3413570Z tests/test_radon_parser.py::TestRadonConfigurationHandling::test_no_config_file_returns_none PASSED [ 78%]
2026-01-30T14:50:51.3430150Z tests/test_reporting.py::TestReportSummary::test_summary_from_passing_results PASSED [ 78%]
2026-01-30T14:50:51.3438870Z tests/test_reporting.py::TestReportSummary::test_summary_from_failing_results PASSED [ 78%]
2026-01-30T14:50:51.3450380Z tests/test_reporting.py::TestReportSummary::test_summary_with_empty_results PASSED [ 78%]
2026-01-30T14:50:51.3457330Z tests/test_reporting.py::TestReportSummary::test_summary_to_dict PASSED  [ 79%]
2026-01-30T14:50:51.3461910Z tests/test_reporting.py::TestConsoleReporter::test_generate_report_all_passing PASSED [ 79%]
2026-01-30T14:50:51.3472280Z tests/test_reporting.py::TestConsoleReporter::test_generate_report_with_failures PASSED [ 79%]
2026-01-30T14:50:51.3483720Z tests/test_reporting.py::TestConsoleReporter::test_report_includes_execution_times PASSED [ 79%]
2026-01-30T14:50:51.3492410Z tests/test_reporting.py::TestConsoleReporter::test_report_shows_overall_pass_fail PASSED [ 79%]
2026-01-30T14:50:51.3499430Z tests/test_reporting.py::TestConsoleReporter::test_report_groups_issues_by_file PASSED [ 80%]
2026-01-30T14:50:51.3504710Z tests/test_reporting.py::TestConsoleReporter::test_report_groups_issues_by_validator PASSED [ 80%]
2026-01-30T14:50:51.3512770Z tests/test_reporting.py::TestConsoleReporter::test_report_shows_summary_statistics PASSED [ 80%]
2026-01-30T14:50:51.3519510Z tests/test_reporting.py::TestConsoleReporter::test_colored_output_enabled PASSED [ 80%]
2026-01-30T14:50:51.3530010Z tests/test_reporting.py::TestConsoleReporter::test_plain_text_output PASSED [ 80%]
2026-01-30T14:50:51.3533730Z tests/test_reporting.py::TestConsoleReporter::test_verbose_mode_includes_all_details PASSED [ 80%]
2026-01-30T14:50:51.3540900Z tests/test_reporting.py::TestConsoleReporter::test_quiet_mode_shows_only_errors PASSED [ 81%]
2026-01-30T14:50:51.3567030Z tests/test_reporting.py::TestConsoleReporter::test_report_with_box_drawing_characters PASSED [ 81%]
2026-01-30T14:50:51.3578220Z tests/test_reporting.py::TestConsoleReporter::test_report_without_box_drawing PASSED [ 81%]
2026-01-30T14:50:51.3588780Z tests/test_reporting.py::TestConsoleReporter::test_empty_results_report PASSED [ 81%]
2026-01-30T14:50:51.3600440Z tests/test_reporting.py::TestJSONReporter::test_generate_json_report_all_passing PASSED [ 81%]
2026-01-30T14:50:51.3614210Z tests/test_reporting.py::TestJSONReporter::test_generate_json_report_with_failures PASSED [ 82%]
2026-01-30T14:50:51.3628400Z tests/test_reporting.py::TestJSONReporter::test_json_report_includes_all_errors PASSED [ 82%]
2026-01-30T14:50:51.3642960Z tests/test_reporting.py::TestJSONReporter::test_json_report_includes_warnings PASSED [ 82%]
2026-01-30T14:50:51.3653120Z tests/test_reporting.py::TestJSONReporter::test_json_report_includes_execution_times PASSED [ 82%]
2026-01-30T14:50:51.3667260Z tests/test_reporting.py::TestJSONReporter::test_json_report_includes_file_counts PASSED [ 82%]
2026-01-30T14:50:51.3674370Z tests/test_reporting.py::TestJSONReporter::test_json_report_structure PASSED [ 83%]
2026-01-30T14:50:51.3688920Z tests/test_reporting.py::TestJSONReporter::test_json_report_with_indent PASSED [ 83%]
2026-01-30T14:50:51.3697520Z tests/test_reporting.py::TestJSONReporter::test_json_report_without_indent PASSED [ 83%]
2026-01-30T14:50:51.3723110Z tests/test_reporting.py::TestJSONReporter::test_json_report_file_export PASSED [ 83%]
2026-01-30T14:50:51.3735880Z tests/test_reporting.py::TestJSONReporter::test_json_report_empty_results PASSED [ 83%]
2026-01-30T14:50:51.3741520Z tests/test_reporting.py::TestReportFormatting::test_format_duration_seconds PASSED [ 84%]
2026-01-30T14:50:51.3754740Z tests/test_reporting.py::TestReportFormatting::test_format_duration_milliseconds PASSED [ 84%]
2026-01-30T14:50:51.3758800Z tests/test_reporting.py::TestReportFormatting::test_format_file_path_relative PASSED [ 84%]
2026-01-30T14:50:51.3765950Z tests/test_reporting.py::TestReportFormatting::test_format_file_path_absolute PASSED [ 84%]
2026-01-30T14:50:51.3770470Z tests/test_reporting.py::TestReportFormatting::test_format_issue_location PASSED [ 84%]
2026-01-30T14:50:51.3777090Z tests/test_reporting.py::TestReportFormatting::test_format_issue_location_without_column PASSED [ 85%]
2026-01-30T14:50:51.3796360Z tests/test_reporting.py::TestColorSupport::test_detect_color_support_tty PASSED [ 85%]
2026-01-30T14:50:51.3809260Z tests/test_reporting.py::TestColorSupport::test_detect_color_support_no_tty PASSED [ 85%]
2026-01-30T14:50:51.3819280Z tests/test_reporting.py::TestColorSupport::test_detect_color_support_no_color_env PASSED [ 85%]
2026-01-30T14:50:51.3855200Z tests/test_reporting.py::TestReportExport::test_export_console_report_to_file PASSED [ 85%]
2026-01-30T14:50:51.3903800Z tests/test_reporting.py::TestReportExport::test_export_json_report_to_file PASSED [ 85%]
2026-01-30T14:50:51.3905680Z tests/test_reporting.py::TestIssueGrouping::test_group_issues_by_file PASSED [ 86%]
2026-01-30T14:50:51.3926780Z tests/test_reporting.py::TestIssueGrouping::test_group_issues_by_validator PASSED [ 86%]
2026-01-30T14:50:51.3928340Z tests/test_reporting.py::TestIssueGrouping::test_group_issues_by_severity PASSED [ 86%]
2026-01-30T14:50:51.3938270Z tests/test_validator_interface.py::TestValidationResult::test_validation_result_creation PASSED [ 86%]
2026-01-30T14:50:51.3940280Z tests/test_validator_interface.py::TestValidationResult::test_validation_result_with_errors PASSED [ 86%]
2026-01-30T14:50:51.3952830Z tests/test_validator_interface.py::TestValidationResult::test_validation_result_to_dict PASSED [ 87%]
2026-01-30T14:50:51.3956190Z tests/test_validator_interface.py::TestValidationResult::test_validation_result_from_dict PASSED [ 87%]
2026-01-30T14:50:51.3957610Z tests/test_validator_interface.py::TestValidationResult::test_validation_result_equality PASSED [ 87%]
2026-01-30T14:50:51.3969260Z tests/test_validator_interface.py::TestValidationResult::test_validation_result_with_empty_lists PASSED [ 87%]
2026-01-30T14:50:51.3984030Z tests/test_validator_interface.py::TestIssue::test_issue_creation_with_all_fields PASSED [ 87%]
2026-01-30T14:50:51.3984580Z tests/test_validator_interface.py::TestIssue::test_issue_creation_with_optional_fields PASSED [ 88%]
2026-01-30T14:50:51.3992190Z tests/test_validator_interface.py::TestIssue::test_issue_severity_validation_error PASSED [ 88%]
2026-01-30T14:50:51.4000860Z tests/test_validator_interface.py::TestIssue::test_issue_to_dict PASSED  [ 88%]
2026-01-30T14:50:51.4027830Z tests/test_validator_interface.py::TestValidator::test_validator_abstract_methods_raise_not_implemented PASSED [ 88%]
2026-01-30T14:50:51.4029650Z tests/test_validator_interface.py::TestValidator::test_validator_subclass_must_implement_methods PASSED [ 88%]
2026-01-30T14:50:51.4036640Z tests/test_validator_interface.py::TestValidator::test_validator_complete_subclass PASSED [ 89%]
2026-01-30T14:50:51.4044540Z tests/test_validator_registry.py::TestValidatorRegistration::test_register_validator_by_language PASSED [ 89%]
2026-01-30T14:50:51.4051630Z tests/test_validator_registry.py::TestValidatorRegistration::test_register_multiple_validators_same_language PASSED [ 89%]
2026-01-30T14:50:51.4064320Z tests/test_validator_registry.py::TestValidatorRegistration::test_register_validators_different_languages PASSED [ 89%]
2026-01-30T14:50:51.4089300Z tests/test_validator_registry.py::TestValidatorRegistration::test_register_duplicate_validator_raises_error PASSED [ 89%]
2026-01-30T14:50:51.4094760Z tests/test_validator_registry.py::TestValidatorRetrieval::test_get_validators_by_language PASSED [ 90%]
2026-01-30T14:50:51.4102500Z tests/test_validator_registry.py::TestValidatorRetrieval::test_get_validators_by_nonexistent_language PASSED [ 90%]
2026-01-30T14:50:51.4109980Z tests/test_validator_registry.py::TestValidatorRetrieval::test_get_validator_by_name PASSED [ 90%]
2026-01-30T14:50:51.4116310Z tests/test_validator_registry.py::TestValidatorRetrieval::test_get_nonexistent_validator_raises_error PASSED [ 90%]
2026-01-30T14:50:51.4127120Z tests/test_validator_registry.py::TestValidatorRetrieval::test_get_validator_case_sensitive PASSED [ 90%]
2026-01-30T14:50:51.4135090Z tests/test_validator_registry.py::TestValidatorAvailability::test_validator_availability_check_exists PASSED [ 90%]
2026-01-30T14:50:51.4140300Z tests/test_validator_registry.py::TestValidatorAvailability::test_validator_availability_check_not_exists PASSED [ 91%]
2026-01-30T14:50:51.4147290Z tests/test_validator_registry.py::TestValidatorListing::test_list_all_registered_validators PASSED [ 91%]
2026-01-30T14:50:51.4152150Z tests/test_validator_registry.py::TestValidatorListing::test_list_all_empty_registry PASSED [ 91%]
2026-01-30T14:50:51.4159110Z tests/test_validator_registry.py::TestValidatorListing::test_list_validators_for_specific_language PASSED [ 91%]
2026-01-30T14:50:51.4166000Z tests/test_validator_registry.py::TestValidatorOrdering::test_validator_ordering_deterministic PASSED [ 91%]
2026-01-30T14:50:51.4172190Z tests/test_validator_registry.py::TestValidatorMetadata::test_get_validator_metadata PASSED [ 92%]
2026-01-30T14:50:51.4177490Z tests/test_validator_registry.py::TestValidatorMetadata::test_get_metadata_for_nonexistent_validator PASSED [ 92%]
2026-01-30T14:50:51.4186950Z tests/test_validator_registry.py::TestValidatorMetadata::test_list_all_metadata PASSED [ 92%]
2026-01-30T14:50:51.4191850Z tests/test_validator_registry.py::TestValidatorFiltering::test_filter_validators_by_enabled_status PASSED [ 92%]
2026-01-30T14:50:51.4198650Z tests/test_validator_registry.py::TestValidatorFiltering::test_filter_by_language_and_names PASSED [ 92%]
2026-01-30T14:50:51.4205730Z tests/test_validator_registry.py::TestRegistrySingleton::test_multiple_registry_instances_independent PASSED [ 93%]
2026-01-30T14:50:51.4210090Z tests/test_validator_registry.py::TestEdgeCases::test_get_validators_with_empty_language_string PASSED [ 93%]
2026-01-30T14:50:51.4225960Z tests/test_validator_registry.py::TestEdgeCases::test_register_validator_with_empty_name_raises_error PASSED [ 93%]
2026-01-30T14:50:51.4240340Z tests/test_validator_registry.py::TestEdgeCases::test_register_validator_with_empty_language_raises_error PASSED [ 93%]
2026-01-30T14:50:51.4249330Z tests/test_validator_registry.py::TestEdgeCases::test_unregister_validator PASSED [ 93%]
2026-01-30T14:50:51.4255100Z tests/test_validator_registry.py::TestEdgeCases::test_unregister_nonexistent_validator_raises_error PASSED [ 94%]
2026-01-30T14:50:51.4264200Z tests/test_validator_registry.py::TestEdgeCases::test_clear_registry PASSED [ 94%]
2026-01-30T14:50:51.4269870Z tests/test_vulture_parser.py::TestVultureUnusedCodeDetection::test_parse_output_with_no_unused_code PASSED [ 94%]
2026-01-30T14:50:51.4290870Z tests/test_vulture_parser.py::TestVultureUnusedCodeDetection::test_parse_unused_function_detection PASSED [ 94%]
2026-01-30T14:50:51.4296070Z tests/test_vulture_parser.py::TestVultureUnusedCodeDetection::test_parse_unused_method_detection PASSED [ 94%]
2026-01-30T14:50:51.4299990Z tests/test_vulture_parser.py::TestVultureUnusedCodeDetection::test_parse_unused_class_detection PASSED [ 95%]
2026-01-30T14:50:51.4312310Z tests/test_vulture_parser.py::TestVultureUnusedCodeDetection::test_parse_unused_variable_detection PASSED [ 95%]
2026-01-30T14:50:51.4316770Z tests/test_vulture_parser.py::TestVultureUnusedCodeDetection::test_parse_unused_import_detection PASSED [ 95%]
2026-01-30T14:50:51.4322060Z tests/test_vulture_parser.py::TestVultureUnusedCodeDetection::test_parse_unused_property_detection PASSED [ 95%]
2026-01-30T14:50:51.4326830Z tests/test_vulture_parser.py::TestVultureUnusedCodeDetection::test_parse_multiple_unused_items PASSED [ 95%]
2026-01-30T14:50:51.4335800Z tests/test_vulture_parser.py::TestVultureUnusedCodeDetection::test_filter_by_minimum_confidence_threshold PASSED [ 95%]
2026-01-30T14:50:51.4347840Z tests/test_vulture_parser.py::TestVultureCommandBuilding::test_build_command_default_options PASSED [ 96%]
2026-01-30T14:50:51.4356180Z tests/test_vulture_parser.py::TestVultureCommandBuilding::test_build_command_with_min_confidence PASSED [ 96%]
2026-01-30T14:50:51.4363230Z tests/test_vulture_parser.py::TestVultureCommandBuilding::test_build_command_with_exclude_patterns PASSED [ 96%]
2026-01-30T14:50:51.4370830Z tests/test_vulture_parser.py::TestVultureCommandBuilding::test_build_command_with_ignore_decorators PASSED [ 96%]
2026-01-30T14:50:51.4374960Z tests/test_vulture_parser.py::TestVultureCommandBuilding::test_build_command_with_ignore_names PASSED [ 96%]
2026-01-30T14:50:51.4381940Z tests/test_vulture_parser.py::TestVultureCommandBuilding::test_build_command_with_make_whitelist PASSED [ 97%]
2026-01-30T14:50:51.4387290Z tests/test_vulture_parser.py::TestVultureCommandBuilding::test_build_command_with_sort_by_size PASSED [ 97%]
2026-01-30T14:50:51.4406960Z tests/test_vulture_parser.py::TestVultureErrorHandling::test_error_when_vulture_not_installed PASSED [ 97%]
2026-01-30T14:50:51.4446360Z tests/test_vulture_parser.py::TestVultureErrorHandling::test_timeout_handling PASSED [ 97%]
2026-01-30T14:50:51.4447580Z tests/test_vulture_parser.py::TestVultureErrorHandling::test_parse_with_empty_output PASSED [ 97%]
2026-01-30T14:50:51.4456940Z tests/test_vulture_parser.py::TestVultureVersionDetection::test_version_detection PASSED [ 98%]
2026-01-30T14:50:51.4469000Z tests/test_vulture_parser.py::TestVultureVersionDetection::test_version_detection_failure PASSED [ 98%]
2026-01-30T14:50:51.4476630Z tests/test_vulture_parser.py::TestVultureIntegrationWithFixtures::test_vulture_on_code_with_unused_items SKIPPED [ 98%]
2026-01-30T14:50:51.4481770Z tests/test_vulture_parser.py::TestVultureIntegrationWithFixtures::test_vulture_on_clean_code SKIPPED [ 98%]
2026-01-30T14:50:51.4490790Z tests/test_vulture_parser.py::TestVultureStatistics::test_group_unused_items_by_type PASSED [ 98%]
2026-01-30T14:50:51.4497910Z tests/test_vulture_parser.py::TestVultureStatistics::test_calculate_total_unused_count PASSED [ 99%]
2026-01-30T14:50:51.4511380Z tests/test_vulture_parser.py::TestVultureStatistics::test_extract_confidence_scores PASSED [ 99%]
2026-01-30T14:50:51.4517510Z tests/test_vulture_parser.py::TestVultureStatistics::test_calculate_average_confidence PASSED [ 99%]
2026-01-30T14:50:51.4533720Z tests/test_vulture_parser.py::TestVultureConfigurationHandling::test_detect_vulture_config_in_pyproject_toml PASSED [ 99%]
2026-01-30T14:50:51.4551790Z tests/test_vulture_parser.py::TestVultureConfigurationHandling::test_detect_vulture_config_in_setup_cfg PASSED [ 99%]
2026-01-30T14:50:52.3321810Z tests/test_vulture_parser.py::TestVultureConfigurationHandling::test_no_config_file_returns_none PASSED [100%]
2026-01-30T14:50:52.3329820Z 
2026-01-30T14:50:52.3330380Z ================================ tests coverage ================================
2026-01-30T14:50:52.3331020Z ______________ coverage: platform darwin, python 3.12.10-final-0 _______________
2026-01-30T14:50:52.3331420Z 
2026-01-30T14:50:52.3331680Z Name                                  Stmts   Miss  Cover   Missing
2026-01-30T14:50:52.3332150Z -------------------------------------------------------------------
2026-01-30T14:50:52.3333310Z anvil/__init__.py                         2      0   100%
2026-01-30T14:50:52.3333710Z anvil/config/__init__.py                  2      0   100%
2026-01-30T14:50:52.3334150Z anvil/config/configuration.py            91      3    97%   265, 280, 302
2026-01-30T14:50:52.3334670Z anvil/core/__init__.py                    5      0   100%
2026-01-30T14:50:52.3335100Z anvil/core/file_collector.py            106      9    92%   92, 157, 211-213, 300-303, 319
2026-01-30T14:50:52.3335560Z anvil/core/language_detector.py          72     13    82%   169-170, 187, 209-224
2026-01-30T14:50:52.3337420Z anvil/core/orchestrator.py               90      8    91%   99, 125, 245-251
2026-01-30T14:50:52.3337880Z anvil/core/validator_registry.py         62      0   100%
2026-01-30T14:50:52.3338270Z anvil/models/__init__.py                  2      0   100%
2026-01-30T14:50:52.3338660Z anvil/models/validator.py                34      0   100%
2026-01-30T14:50:52.3346500Z anvil/parsers/__init__.py                11      0   100%
2026-01-30T14:50:52.3348190Z anvil/parsers/autoflake_parser.py       105      8    92%   95, 162, 214, 264, 276, 279, 287-288
2026-01-30T14:50:52.3348770Z anvil/parsers/black_parser.py           117     17    85%   97-106, 131, 146, 188-192, 258-260, 315, 324-329
2026-01-30T14:50:52.3350920Z anvil/parsers/clang_tidy_parser.py      190     34    82%   50, 113-116, 136-138, 158-175, 195, 214, 225-226, 302, 323, 387, 420, 430-431, 453, 464-465, 488, 494-495, 525
2026-01-30T14:50:52.3351760Z anvil/parsers/cppcheck_parser.py        165     15    91%   128, 156-158, 191, 200, 258, 279, 343, 392-393, 416, 431-432, 471-472
2026-01-30T14:50:52.3352570Z anvil/parsers/flake8_parser.py          122     11    91%   32, 50, 134, 141, 165-169, 194, 303-305, 358
2026-01-30T14:50:52.3353100Z anvil/parsers/isort_parser.py            96      9    91%   199-203, 271, 275-276, 280, 284
2026-01-30T14:50:52.3353590Z anvil/parsers/pylint_parser.py           93      1    99%   211
2026-01-30T14:50:52.3354120Z anvil/parsers/pytest_parser.py          206     26    87%   90-94, 128, 184-186, 207-208, 229-231, 263-265, 289, 365-386, 442-443, 470-471, 490
2026-01-30T14:50:52.3355100Z anvil/parsers/radon_parser.py           182     26    86%   57, 87-97, 337-340, 361-375, 419-420, 444, 497, 505-506, 531, 541-544
2026-01-30T14:50:52.3355700Z anvil/parsers/vulture_parser.py         118      8    93%   44, 102, 169, 186-187, 211, 262, 333
2026-01-30T14:50:52.3356130Z anvil/reporting/__init__.py               4      0   100%
2026-01-30T14:50:52.3356560Z anvil/reporting/console_reporter.py     134      9    93%   96, 142, 177, 201-206, 252
2026-01-30T14:50:52.3357010Z anvil/reporting/formatters.py            21      3    86%   41, 51-53
2026-01-30T14:50:52.3359530Z anvil/reporting/grouping.py              21      0   100%
2026-01-30T14:50:52.3359930Z anvil/reporting/json_reporter.py         19      1    95%   42
2026-01-30T14:50:52.3360350Z anvil/reporting/reporter.py              31      0   100%
2026-01-30T14:50:52.3360800Z -------------------------------------------------------------------
2026-01-30T14:50:52.3361190Z TOTAL                                  2101    201    90%
2026-01-30T14:50:52.3361520Z Coverage HTML written to dir htmlcov
2026-01-30T14:50:52.3361840Z Coverage XML written to file coverage.xml
2026-01-30T14:50:52.3362210Z Required test coverage of 90% reached. Total coverage: 90.43%
2026-01-30T14:50:52.3362640Z ======================= 509 passed, 11 skipped in 20.71s =======================
2026-01-30T14:50:52.4709180Z Post job cleanup.
2026-01-30T14:50:52.8647690Z Post job cleanup.
2026-01-30T14:50:52.9722510Z [command]/opt/homebrew/bin/git version
2026-01-30T14:50:52.9824050Z git version 2.52.0
2026-01-30T14:50:52.9852540Z Copying '/Users/runner/.gitconfig' to '/Users/runner/work/_temp/fb60e595-a906-4534-8b10-948b580d5ab5/.gitconfig'
2026-01-30T14:50:52.9858030Z Temporarily overriding HOME='/Users/runner/work/_temp/fb60e595-a906-4534-8b10-948b580d5ab5' before making global git config changes
2026-01-30T14:50:52.9858680Z Adding repository directory to the temporary git global config as a safe directory
2026-01-30T14:50:52.9875100Z [command]/opt/homebrew/bin/git config --global --add safe.directory /Users/runner/work/argos/argos
2026-01-30T14:50:52.9963470Z [command]/opt/homebrew/bin/git config --local --name-only --get-regexp core\.sshCommand
2026-01-30T14:50:53.0037940Z [command]/opt/homebrew/bin/git submodule foreach --recursive sh -c "git config --local --name-only --get-regexp 'core\.sshCommand' && git config --local --unset-all 'core.sshCommand' || :"
2026-01-30T14:50:53.1048960Z [command]/opt/homebrew/bin/git config --local --name-only --get-regexp http\.https\:\/\/github\.com\/\.extraheader
2026-01-30T14:50:53.1101860Z http.https://github.com/.extraheader
2026-01-30T14:50:53.1111920Z [command]/opt/homebrew/bin/git config --local --unset-all http.https://github.com/.extraheader
2026-01-30T14:50:53.1178360Z [command]/opt/homebrew/bin/git submodule foreach --recursive sh -c "git config --local --name-only --get-regexp 'http\.https\:\/\/github\.com\/\.extraheader' && git config --local --unset-all 'http.https://github.com/.extraheader' || :"
2026-01-30T14:50:53.1992700Z [command]/opt/homebrew/bin/git config --local --name-only --get-regexp ^includeIf\.gitdir:
2026-01-30T14:50:53.2064050Z [command]/opt/homebrew/bin/git submodule foreach --recursive git config --local --show-origin --name-only --get-regexp remote.origin.url
2026-01-30T14:50:53.3312120Z Cleaning up orphan processes
