2026-01-29T12:03:01.9561890Z Current runner version: '2.331.0'
2026-01-29T12:03:01.9575460Z ##[group]Runner Image Provisioner
2026-01-29T12:03:01.9575910Z Hosted Compute Agent
2026-01-29T12:03:01.9576240Z Version: 20260123.484
2026-01-29T12:03:01.9576590Z Commit: 6bd6555ca37d84114959e1c76d2c01448ff61c5d
2026-01-29T12:03:01.9577010Z Build Date: 2026-01-23T19:41:17Z
2026-01-29T12:03:01.9577410Z Worker ID: {bceed18f-5722-44d2-8d0b-e365806536e0}
2026-01-29T12:03:01.9577840Z Azure Region: westus
2026-01-29T12:03:01.9578360Z ##[endgroup]
2026-01-29T12:03:01.9579260Z ##[group]Operating System
2026-01-29T12:03:01.9581340Z macOS
2026-01-29T12:03:01.9581610Z 15.7.3
2026-01-29T12:03:01.9581870Z 24G419
2026-01-29T12:03:01.9582140Z ##[endgroup]
2026-01-29T12:03:01.9582520Z ##[group]Runner Image
2026-01-29T12:03:01.9582840Z Image: macos-15-arm64
2026-01-29T12:03:01.9583160Z Version: 20260127.0129.1
2026-01-29T12:03:01.9583910Z Included Software: https://github.com/actions/runner-images/blob/macos-15-arm64/20260127.0129/images/macos/macos-15-arm64-Readme.md
2026-01-29T12:03:01.9584850Z Image Release: https://github.com/actions/runner-images/releases/tag/macos-15-arm64%2F20260127.0129
2026-01-29T12:03:01.9585430Z ##[endgroup]
2026-01-29T12:03:01.9586090Z ##[group]GITHUB_TOKEN Permissions
2026-01-29T12:03:01.9587040Z Contents: read
2026-01-29T12:03:01.9587340Z Metadata: read
2026-01-29T12:03:01.9587620Z Packages: read
2026-01-29T12:03:01.9587920Z ##[endgroup]
2026-01-29T12:03:01.9589090Z Secret source: Actions
2026-01-29T12:03:01.9589440Z Prepare workflow directory
2026-01-29T12:03:01.9795670Z Prepare all required actions
2026-01-29T12:03:01.9821240Z Getting action download info
2026-01-29T12:03:02.2165280Z Download action repository 'actions/checkout@v4' (SHA:34e114876b0b11c390a56381ad16ebd13914f8d5)
2026-01-29T12:03:02.8235210Z Download action repository 'actions/setup-python@v5' (SHA:a26af69be951a213d495a4c3e4e4022e16d87065)
2026-01-29T12:03:02.8994290Z Download action repository 'codecov/codecov-action@v4' (SHA:b9fd7d16f6d7d1b5d2bec1a2887e65ceed900238)
2026-01-29T12:03:04.2246560Z Complete job name: test (macos-latest, 3.9)
2026-01-29T12:03:04.2673340Z ##[group]Run actions/checkout@v4
2026-01-29T12:03:04.2674250Z with:
2026-01-29T12:03:04.2674820Z   repository: lmvcruz/argos
2026-01-29T12:03:04.2675820Z   token: ***
2026-01-29T12:03:04.2676310Z   ssh-strict: true
2026-01-29T12:03:04.2676830Z   ssh-user: git
2026-01-29T12:03:04.2677360Z   persist-credentials: true
2026-01-29T12:03:04.2677970Z   clean: true
2026-01-29T12:03:04.2678500Z   sparse-checkout-cone-mode: true
2026-01-29T12:03:04.2679150Z   fetch-depth: 1
2026-01-29T12:03:04.2679650Z   fetch-tags: false
2026-01-29T12:03:04.2680180Z   show-progress: true
2026-01-29T12:03:04.2680720Z   lfs: false
2026-01-29T12:03:04.2681210Z   submodules: false
2026-01-29T12:03:04.2681750Z   set-safe-directory: true
2026-01-29T12:03:04.2682470Z ##[endgroup]
2026-01-29T12:03:04.4139240Z Syncing repository: lmvcruz/argos
2026-01-29T12:03:04.4141030Z ##[group]Getting Git version info
2026-01-29T12:03:04.4141850Z Working directory is '/Users/runner/work/argos/argos'
2026-01-29T12:03:04.4143660Z [command]/opt/homebrew/bin/git version
2026-01-29T12:03:04.4637420Z git version 2.52.0
2026-01-29T12:03:04.4654040Z ##[endgroup]
2026-01-29T12:03:04.4660060Z Copying '/Users/runner/.gitconfig' to '/Users/runner/work/_temp/6f56142d-3d2d-4e76-b4e0-9c84127ab0a2/.gitconfig'
2026-01-29T12:03:04.4666910Z Temporarily overriding HOME='/Users/runner/work/_temp/6f56142d-3d2d-4e76-b4e0-9c84127ab0a2' before making global git config changes
2026-01-29T12:03:04.4668770Z Adding repository directory to the temporary git global config as a safe directory
2026-01-29T12:03:04.4675890Z [command]/opt/homebrew/bin/git config --global --add safe.directory /Users/runner/work/argos/argos
2026-01-29T12:03:04.4776620Z Deleting the contents of '/Users/runner/work/argos/argos'
2026-01-29T12:03:04.4778690Z ##[group]Initializing the repository
2026-01-29T12:03:04.4779670Z [command]/opt/homebrew/bin/git init /Users/runner/work/argos/argos
2026-01-29T12:03:04.4926800Z hint: Using 'master' as the name for the initial branch. This default branch name
2026-01-29T12:03:04.4929120Z hint: will change to "main" in Git 3.0. To configure the initial branch name
2026-01-29T12:03:04.4930390Z hint: to use in all of your new repositories, which will suppress this warning,
2026-01-29T12:03:04.4931400Z hint: call:
2026-01-29T12:03:04.4932010Z hint:
2026-01-29T12:03:04.4932720Z hint: 	git config --global init.defaultBranch <name>
2026-01-29T12:03:04.4933560Z hint:
2026-01-29T12:03:04.4934340Z hint: Names commonly chosen instead of 'master' are 'main', 'trunk' and
2026-01-29T12:03:04.4935560Z hint: 'development'. The just-created branch can be renamed via this command:
2026-01-29T12:03:04.4936530Z hint:
2026-01-29T12:03:04.4940090Z hint: 	git branch -m <name>
2026-01-29T12:03:04.4940920Z hint:
2026-01-29T12:03:04.4941830Z hint: Disable this message with "git config set advice.defaultBranchName false"
2026-01-29T12:03:04.4943280Z Initialized empty Git repository in /Users/runner/work/argos/argos/.git/
2026-01-29T12:03:04.4945670Z [command]/opt/homebrew/bin/git remote add origin https://github.com/lmvcruz/argos
2026-01-29T12:03:04.5004820Z ##[endgroup]
2026-01-29T12:03:04.5005930Z ##[group]Disabling automatic garbage collection
2026-01-29T12:03:04.5010010Z [command]/opt/homebrew/bin/git config --local gc.auto 0
2026-01-29T12:03:04.5059050Z ##[endgroup]
2026-01-29T12:03:04.5060040Z ##[group]Setting up auth
2026-01-29T12:03:04.5063760Z [command]/opt/homebrew/bin/git config --local --name-only --get-regexp core\.sshCommand
2026-01-29T12:03:04.5119520Z [command]/opt/homebrew/bin/git submodule foreach --recursive sh -c "git config --local --name-only --get-regexp 'core\.sshCommand' && git config --local --unset-all 'core.sshCommand' || :"
2026-01-29T12:03:04.5837660Z [command]/opt/homebrew/bin/git config --local --name-only --get-regexp http\.https\:\/\/github\.com\/\.extraheader
2026-01-29T12:03:04.5937060Z [command]/opt/homebrew/bin/git submodule foreach --recursive sh -c "git config --local --name-only --get-regexp 'http\.https\:\/\/github\.com\/\.extraheader' && git config --local --unset-all 'http.https://github.com/.extraheader' || :"
2026-01-29T12:03:04.6778310Z [command]/opt/homebrew/bin/git config --local --name-only --get-regexp ^includeIf\.gitdir:
2026-01-29T12:03:04.6832400Z [command]/opt/homebrew/bin/git submodule foreach --recursive git config --local --show-origin --name-only --get-regexp remote.origin.url
2026-01-29T12:03:04.8114780Z [command]/opt/homebrew/bin/git config --local http.https://github.com/.extraheader AUTHORIZATION: basic ***
2026-01-29T12:03:04.8167650Z ##[endgroup]
2026-01-29T12:03:04.8186010Z ##[group]Fetching the repository
2026-01-29T12:03:04.8188750Z [command]/opt/homebrew/bin/git -c protocol.version=2 fetch --no-tags --prune --no-recurse-submodules --depth=1 origin +7f7ddd0266788b52ce4c638daa5f9c530ac86029:refs/remotes/origin/main
2026-01-29T12:03:05.6856750Z From https://github.com/lmvcruz/argos
2026-01-29T12:03:05.6872190Z  * [new ref]         7f7ddd0266788b52ce4c638daa5f9c530ac86029 -> origin/main
2026-01-29T12:03:05.7060250Z ##[endgroup]
2026-01-29T12:03:05.7060950Z ##[group]Determining the checkout info
2026-01-29T12:03:05.7061430Z ##[endgroup]
2026-01-29T12:03:05.7061980Z [command]/opt/homebrew/bin/git sparse-checkout disable
2026-01-29T12:03:05.7066500Z [command]/opt/homebrew/bin/git config --local --unset-all extensions.worktreeConfig
2026-01-29T12:03:05.7071930Z ##[group]Checking out the ref
2026-01-29T12:03:05.7075330Z [command]/opt/homebrew/bin/git checkout --progress --force -B main refs/remotes/origin/main
2026-01-29T12:03:05.7296030Z Switched to a new branch 'main'
2026-01-29T12:03:05.7298690Z branch 'main' set up to track 'origin/main'.
2026-01-29T12:03:05.7303580Z ##[endgroup]
2026-01-29T12:03:05.7365830Z [command]/opt/homebrew/bin/git log -1 --format=%H
2026-01-29T12:03:05.7412080Z 7f7ddd0266788b52ce4c638daa5f9c530ac86029
2026-01-29T12:03:05.7632360Z ##[group]Run actions/setup-python@v5
2026-01-29T12:03:05.7632670Z with:
2026-01-29T12:03:05.7633270Z   python-version: 3.9
2026-01-29T12:03:05.7633700Z   check-latest: false
2026-01-29T12:03:05.7634020Z   token: ***
2026-01-29T12:03:05.7634180Z   update-environment: true
2026-01-29T12:03:05.7634390Z   allow-prereleases: false
2026-01-29T12:03:05.7634570Z   freethreaded: false
2026-01-29T12:03:05.7634740Z ##[endgroup]
2026-01-29T12:03:05.9427020Z ##[group]Installed versions
2026-01-29T12:03:05.9583050Z Version 3.9 was not found in the local cache
2026-01-29T12:03:07.2317060Z Version 3.9 is available for downloading
2026-01-29T12:03:07.2317900Z Download from "https://github.com/actions/python-versions/releases/download/3.9.13-11183687820/python-3.9.13-darwin-arm64.tar.gz"
2026-01-29T12:03:07.7850830Z Extract downloaded archive
2026-01-29T12:03:07.7940950Z [command]/usr/bin/tar xz -C /Users/runner/work/_temp/63fed3b7-9a0e-4b81-9700-559b44de19c8 -f /Users/runner/work/_temp/350fa623-076e-4419-a267-2a9646ccd9b2
2026-01-29T12:03:07.8405490Z Execute installation script
2026-01-29T12:03:07.8511030Z Check if Python hostedtoolcache folder exist...
2026-01-29T12:03:07.8546450Z Install Python binaries from prebuilt package
2026-01-29T12:03:19.5173510Z installer: Package name is Python
2026-01-29T12:03:19.5173820Z installer: Upgrading at base path /
2026-01-29T12:03:19.5174020Z installer: The upgrade was successful.
2026-01-29T12:03:19.5184590Z Create hostedtoolcach symlinks (Required for the backward compatibility)
2026-01-29T12:03:19.5185050Z Create Python 3.9.13 folder
2026-01-29T12:03:19.5278960Z Create additional symlinks (Required for the UsePythonVersion Azure Pipelines task and the setup-python GitHub Action)
2026-01-29T12:03:19.5342930Z Upgrading pip...
2026-01-29T12:03:20.7832620Z Looking in links: /var/folders/yz/zr09txvs5dn18vt4cn21kzl40000gn/T/tmpj0ooqc3x
2026-01-29T12:03:20.7834800Z Requirement already satisfied: setuptools in /Library/Frameworks/Python.framework/Versions/3.9/lib/python3.9/site-packages (58.1.0)
2026-01-29T12:03:20.7840490Z Requirement already satisfied: pip in /Library/Frameworks/Python.framework/Versions/3.9/lib/python3.9/site-packages (22.0.4)
2026-01-29T12:03:21.1721270Z Collecting pip
2026-01-29T12:03:21.1963510Z Downloading pip-25.3-py3-none-any.whl (1.8 MB)
2026-01-29T12:03:21.2230890Z ━━━━━━━━━━━━━━━━━━━━━━━━━━━━━━━━━━━━━━━━ 1.8/1.8 MB 70.5 MB/s eta 0:00:00
2026-01-29T12:03:21.2231330Z 
2026-01-29T12:03:21.2419240Z Installing collected packages: pip
2026-01-29T12:03:21.2419490Z Attempting uninstall: pip
2026-01-29T12:03:21.2420650Z Found existing installation: pip 22.0.4
2026-01-29T12:03:21.3469860Z Uninstalling pip-22.0.4:
2026-01-29T12:03:21.5305060Z Successfully uninstalled pip-22.0.4
2026-01-29T12:03:22.1005050Z Successfully installed pip-25.3
2026-01-29T12:03:22.1344420Z Install OpenSSL certificates
2026-01-29T12:03:22.4007960Z Collecting certifi
2026-01-29T12:03:22.4028990Z Using cached certifi-2026.1.4-py3-none-any.whl.metadata (2.5 kB)
2026-01-29T12:03:22.4064440Z Using cached certifi-2026.1.4-py3-none-any.whl (152 kB)
2026-01-29T12:03:22.4132730Z Installing collected packages: certifi
2026-01-29T12:03:22.4195070Z Successfully installed certifi-2026.1.4
2026-01-29T12:03:22.4795420Z -- pip install --upgrade certifi
2026-01-29T12:03:22.4795820Z  -- removing any existing file or link
2026-01-29T12:03:22.4796090Z  -- creating symlink to certifi certificate bundle
2026-01-29T12:03:22.4796310Z  -- setting permissions
2026-01-29T12:03:22.4796460Z  -- update complete
2026-01-29T12:03:22.4827020Z Create complete file
2026-01-29T12:03:22.4876540Z Successfully set up CPython (3.9.13)
2026-01-29T12:03:22.4877160Z ##[endgroup]
2026-01-29T12:03:22.4963920Z ##[group]Run python -m pip install --upgrade pip
2026-01-29T12:03:22.4964290Z [36;1mpython -m pip install --upgrade pip[0m
2026-01-29T12:03:22.4964540Z [36;1mpip install -r requirements.txt[0m
2026-01-29T12:03:22.5001690Z shell: /bin/bash -e {0}
2026-01-29T12:03:22.5001880Z env:
2026-01-29T12:03:22.5002110Z   pythonLocation: /Users/runner/hostedtoolcache/Python/3.9.13/arm64
2026-01-29T12:03:22.5002680Z   PKG_CONFIG_PATH: /Users/runner/hostedtoolcache/Python/3.9.13/arm64/lib/pkgconfig
2026-01-29T12:03:22.5004520Z   Python_ROOT_DIR: /Users/runner/hostedtoolcache/Python/3.9.13/arm64
2026-01-29T12:03:22.5004860Z   Python2_ROOT_DIR: /Users/runner/hostedtoolcache/Python/3.9.13/arm64
2026-01-29T12:03:22.5005200Z   Python3_ROOT_DIR: /Users/runner/hostedtoolcache/Python/3.9.13/arm64
2026-01-29T12:03:22.5005450Z ##[endgroup]
2026-01-29T12:03:22.7552500Z Requirement already satisfied: pip in /Library/Frameworks/Python.framework/Versions/3.9/lib/python3.9/site-packages (25.3)
2026-01-29T12:03:23.2009160Z Collecting pytest>=7.4.0 (from -r requirements.txt (line 5))
2026-01-29T12:03:23.2152280Z   Downloading pytest-8.4.2-py3-none-any.whl.metadata (7.7 kB)
2026-01-29T12:03:23.2350700Z Collecting pytest-cov>=4.1.0 (from -r requirements.txt (line 6))
2026-01-29T12:03:23.2395280Z   Downloading pytest_cov-7.0.0-py3-none-any.whl.metadata (31 kB)
2026-01-29T12:03:23.2578580Z Collecting pytest-mock>=3.11.1 (from -r requirements.txt (line 7))
2026-01-29T12:03:23.2630310Z   Downloading pytest_mock-3.15.1-py3-none-any.whl.metadata (3.9 kB)
2026-01-29T12:03:23.3425250Z Collecting psutil>=5.9.0 (from -r requirements.txt (line 8))
2026-01-29T12:03:23.3480970Z   Downloading psutil-7.2.2-cp36-abi3-macosx_11_0_arm64.whl.metadata (22 kB)
2026-01-29T12:03:23.3899290Z Collecting black>=23.7.0 (from -r requirements.txt (line 11))
2026-01-29T12:03:23.3951460Z   Downloading black-25.11.0-cp39-cp39-macosx_11_0_arm64.whl.metadata (85 kB)
2026-01-29T12:03:23.4179320Z Collecting flake8>=6.1.0 (from -r requirements.txt (line 12))
2026-01-29T12:03:23.4220850Z   Downloading flake8-7.3.0-py2.py3-none-any.whl.metadata (3.8 kB)
2026-01-29T12:03:23.5014840Z Collecting mypy>=1.5.0 (from -r requirements.txt (line 13))
2026-01-29T12:03:23.5054180Z   Downloading mypy-1.19.1-cp39-cp39-macosx_11_0_arm64.whl.metadata (2.2 kB)
2026-01-29T12:03:23.5275250Z Collecting radon>=6.0.1 (from -r requirements.txt (line 16))
2026-01-29T12:03:23.5388300Z   Downloading radon-6.0.1-py2.py3-none-any.whl.metadata (8.2 kB)
2026-01-29T12:03:23.5610050Z Collecting pylint>=3.0.0 (from -r requirements.txt (line 17))
2026-01-29T12:03:23.5687840Z   Downloading pylint-3.3.9-py3-none-any.whl.metadata (12 kB)
2026-01-29T12:03:23.5882460Z Collecting isort>=5.12.0 (from -r requirements.txt (line 20))
2026-01-29T12:03:23.5925730Z   Downloading isort-6.1.0-py3-none-any.whl.metadata (12 kB)
2026-01-29T12:03:23.6109380Z Collecting autoflake>=2.2.1 (from -r requirements.txt (line 21))
2026-01-29T12:03:23.6147630Z   Downloading autoflake-2.3.1-py3-none-any.whl.metadata (7.6 kB)
2026-01-29T12:03:23.6286550Z Collecting vulture>=2.10 (from -r requirements.txt (line 24))
2026-01-29T12:03:23.6335120Z   Downloading vulture-2.14-py2.py3-none-any.whl.metadata (24 kB)
2026-01-29T12:03:23.6479790Z Collecting exceptiongroup>=1 (from pytest>=7.4.0->-r requirements.txt (line 5))
2026-01-29T12:03:23.6518640Z   Downloading exceptiongroup-1.3.1-py3-none-any.whl.metadata (6.7 kB)
2026-01-29T12:03:23.6640290Z Collecting iniconfig>=1 (from pytest>=7.4.0->-r requirements.txt (line 5))
2026-01-29T12:03:23.6679770Z   Downloading iniconfig-2.1.0-py3-none-any.whl.metadata (2.7 kB)
2026-01-29T12:03:23.6836250Z Collecting packaging>=20 (from pytest>=7.4.0->-r requirements.txt (line 5))
2026-01-29T12:03:23.6879980Z   Downloading packaging-26.0-py3-none-any.whl.metadata (3.3 kB)
2026-01-29T12:03:23.7000090Z Collecting pluggy<2,>=1.5 (from pytest>=7.4.0->-r requirements.txt (line 5))
2026-01-29T12:03:23.7041770Z   Downloading pluggy-1.6.0-py3-none-any.whl.metadata (4.8 kB)
2026-01-29T12:03:23.7228610Z Collecting pygments>=2.7.2 (from pytest>=7.4.0->-r requirements.txt (line 5))
2026-01-29T12:03:23.7264510Z   Downloading pygments-2.19.2-py3-none-any.whl.metadata (2.5 kB)
2026-01-29T12:03:23.7453190Z Collecting tomli>=1 (from pytest>=7.4.0->-r requirements.txt (line 5))
2026-01-29T12:03:23.7547340Z   Downloading tomli-2.4.0-py3-none-any.whl.metadata (10 kB)
2026-01-29T12:03:24.0260690Z Collecting coverage>=7.10.6 (from coverage[toml]>=7.10.6->pytest-cov>=4.1.0->-r requirements.txt (line 6))
2026-01-29T12:03:24.0314620Z   Downloading coverage-7.10.7-cp39-cp39-macosx_11_0_arm64.whl.metadata (8.9 kB)
2026-01-29T12:03:24.0654790Z Collecting click>=8.0.0 (from black>=23.7.0->-r requirements.txt (line 11))
2026-01-29T12:03:24.0691880Z   Downloading click-8.1.8-py3-none-any.whl.metadata (2.3 kB)
2026-01-29T12:03:24.0805510Z Collecting mypy-extensions>=0.4.3 (from black>=23.7.0->-r requirements.txt (line 11))
2026-01-29T12:03:24.0846280Z   Downloading mypy_extensions-1.1.0-py3-none-any.whl.metadata (1.1 kB)
2026-01-29T12:03:24.0995000Z Collecting pathspec>=0.9.0 (from black>=23.7.0->-r requirements.txt (line 11))
2026-01-29T12:03:24.1040720Z   Downloading pathspec-1.0.4-py3-none-any.whl.metadata (13 kB)
2026-01-29T12:03:24.1219260Z Collecting platformdirs>=2 (from black>=23.7.0->-r requirements.txt (line 11))
2026-01-29T12:03:24.1258300Z   Downloading platformdirs-4.4.0-py3-none-any.whl.metadata (12 kB)
2026-01-29T12:03:24.1400390Z Collecting pytokens>=0.3.0 (from black>=23.7.0->-r requirements.txt (line 11))
2026-01-29T12:03:24.1449280Z   Downloading pytokens-0.4.0-cp39-cp39-macosx_11_0_arm64.whl.metadata (3.8 kB)
2026-01-29T12:03:24.1633490Z Collecting typing-extensions>=4.0.1 (from black>=23.7.0->-r requirements.txt (line 11))
2026-01-29T12:03:24.1682580Z   Downloading typing_extensions-4.15.0-py3-none-any.whl.metadata (3.3 kB)
2026-01-29T12:03:24.1783740Z Collecting mccabe<0.8.0,>=0.7.0 (from flake8>=6.1.0->-r requirements.txt (line 12))
2026-01-29T12:03:24.1823250Z   Downloading mccabe-0.7.0-py2.py3-none-any.whl.metadata (5.0 kB)
2026-01-29T12:03:24.1949610Z Collecting pycodestyle<2.15.0,>=2.14.0 (from flake8>=6.1.0->-r requirements.txt (line 12))
2026-01-29T12:03:24.1991170Z   Downloading pycodestyle-2.14.0-py2.py3-none-any.whl.metadata (4.5 kB)
2026-01-29T12:03:24.2120710Z Collecting pyflakes<3.5.0,>=3.4.0 (from flake8>=6.1.0->-r requirements.txt (line 12))
2026-01-29T12:03:24.2158990Z   Downloading pyflakes-3.4.0-py2.py3-none-any.whl.metadata (3.5 kB)
2026-01-29T12:03:24.3115730Z Collecting librt>=0.6.2 (from mypy>=1.5.0->-r requirements.txt (line 13))
2026-01-29T12:03:24.3166880Z   Downloading librt-0.7.8-cp39-cp39-macosx_11_0_arm64.whl.metadata (1.3 kB)
2026-01-29T12:03:24.3279710Z Collecting mando<0.8,>=0.6 (from radon>=6.0.1->-r requirements.txt (line 16))
2026-01-29T12:03:24.3329940Z   Downloading mando-0.7.1-py2.py3-none-any.whl.metadata (7.4 kB)
2026-01-29T12:03:24.3483220Z Collecting colorama>=0.4.1 (from radon>=6.0.1->-r requirements.txt (line 16))
2026-01-29T12:03:24.3521360Z   Downloading colorama-0.4.6-py2.py3-none-any.whl.metadata (17 kB)
2026-01-29T12:03:24.3662400Z Collecting six (from mando<0.8,>=0.6->radon>=6.0.1->-r requirements.txt (line 16))
2026-01-29T12:03:24.3703810Z   Downloading six-1.17.0-py2.py3-none-any.whl.metadata (1.7 kB)
2026-01-29T12:03:24.3967910Z Collecting astroid<=3.4.0.dev0,>=3.3.8 (from pylint>=3.0.0->-r requirements.txt (line 17))
2026-01-29T12:03:24.4014380Z   Downloading astroid-3.3.11-py3-none-any.whl.metadata (4.4 kB)
2026-01-29T12:03:24.4157760Z Collecting dill>=0.2 (from pylint>=3.0.0->-r requirements.txt (line 17))
2026-01-29T12:03:24.4199600Z   Downloading dill-0.4.1-py3-none-any.whl.metadata (10 kB)
2026-01-29T12:03:24.4471240Z Collecting tomlkit>=0.10.1 (from pylint>=3.0.0->-r requirements.txt (line 17))
2026-01-29T12:03:24.4512830Z   Downloading tomlkit-0.14.0-py3-none-any.whl.metadata (2.8 kB)
2026-01-29T12:03:24.4801800Z Collecting importlib-metadata>=4.6.0 (from isort>=5.12.0->-r requirements.txt (line 20))
2026-01-29T12:03:24.4842880Z   Downloading importlib_metadata-8.7.1-py3-none-any.whl.metadata (4.7 kB)
2026-01-29T12:03:24.5180580Z Collecting zipp>=3.20 (from importlib-metadata>=4.6.0->isort>=5.12.0->-r requirements.txt (line 20))
2026-01-29T12:03:24.5221960Z   Downloading zipp-3.23.0-py3-none-any.whl.metadata (3.6 kB)
2026-01-29T12:03:24.5416440Z Downloading pytest-8.4.2-py3-none-any.whl (365 kB)
2026-01-29T12:03:24.5501980Z Downloading pluggy-1.6.0-py3-none-any.whl (20 kB)
2026-01-29T12:03:24.5565530Z Downloading pytest_cov-7.0.0-py3-none-any.whl (22 kB)
2026-01-29T12:03:24.5624500Z Downloading pytest_mock-3.15.1-py3-none-any.whl (10 kB)
2026-01-29T12:03:24.5695520Z Downloading psutil-7.2.2-cp36-abi3-macosx_11_0_arm64.whl (129 kB)
2026-01-29T12:03:24.5822710Z Downloading black-25.11.0-cp39-cp39-macosx_11_0_arm64.whl (1.6 MB)
2026-01-29T12:03:24.5982800Z    ━━━━━━━━━━━━━━━━━━━━━━━━━━━━━━━━━━━━━━━━ 1.6/1.6 MB 122.5 MB/s  0:00:00
2026-01-29T12:03:24.5986730Z Downloading flake8-7.3.0-py2.py3-none-any.whl (57 kB)
2026-01-29T12:03:24.6050310Z Downloading mccabe-0.7.0-py2.py3-none-any.whl (7.3 kB)
2026-01-29T12:03:24.6118530Z Downloading pycodestyle-2.14.0-py2.py3-none-any.whl (31 kB)
2026-01-29T12:03:24.6181390Z Downloading pyflakes-3.4.0-py2.py3-none-any.whl (63 kB)
2026-01-29T12:03:24.6255420Z Downloading mypy-1.19.1-cp39-cp39-macosx_11_0_arm64.whl (12.2 MB)
2026-01-29T12:03:24.6786100Z    ━━━━━━━━━━━━━━━━━━━━━━━━━━━━━━━━━━━━━━━━ 12.2/12.2 MB 236.9 MB/s  0:00:00
2026-01-29T12:03:24.6837140Z Downloading radon-6.0.1-py2.py3-none-any.whl (52 kB)
2026-01-29T12:03:24.6904620Z Downloading mando-0.7.1-py2.py3-none-any.whl (28 kB)
2026-01-29T12:03:24.6962290Z Downloading pylint-3.3.9-py3-none-any.whl (523 kB)
2026-01-29T12:03:24.7112550Z Downloading isort-6.1.0-py3-none-any.whl (94 kB)
2026-01-29T12:03:24.7175770Z Downloading astroid-3.3.11-py3-none-any.whl (275 kB)
2026-01-29T12:03:24.7255940Z Downloading autoflake-2.3.1-py3-none-any.whl (32 kB)
2026-01-29T12:03:24.7317820Z Downloading vulture-2.14-py2.py3-none-any.whl (28 kB)
2026-01-29T12:03:24.7376370Z Downloading click-8.1.8-py3-none-any.whl (98 kB)
2026-01-29T12:03:24.7437130Z Downloading colorama-0.4.6-py2.py3-none-any.whl (25 kB)
2026-01-29T12:03:24.7536300Z Downloading coverage-7.10.7-cp39-cp39-macosx_11_0_arm64.whl (218 kB)
2026-01-29T12:03:24.7600110Z Downloading dill-0.4.1-py3-none-any.whl (120 kB)
2026-01-29T12:03:24.7666680Z Downloading exceptiongroup-1.3.1-py3-none-any.whl (16 kB)
2026-01-29T12:03:24.7725230Z Downloading importlib_metadata-8.7.1-py3-none-any.whl (27 kB)
2026-01-29T12:03:24.7784480Z Downloading iniconfig-2.1.0-py3-none-any.whl (6.0 kB)
2026-01-29T12:03:24.7851010Z Downloading librt-0.7.8-cp39-cp39-macosx_11_0_arm64.whl (58 kB)
2026-01-29T12:03:24.7919460Z Downloading mypy_extensions-1.1.0-py3-none-any.whl (5.0 kB)
2026-01-29T12:03:24.7985500Z Downloading packaging-26.0-py3-none-any.whl (74 kB)
2026-01-29T12:03:24.8053930Z Downloading pathspec-1.0.4-py3-none-any.whl (55 kB)
2026-01-29T12:03:24.8116260Z Downloading platformdirs-4.4.0-py3-none-any.whl (18 kB)
2026-01-29T12:03:24.8187270Z Downloading pygments-2.19.2-py3-none-any.whl (1.2 MB)
2026-01-29T12:03:24.8261060Z    ━━━━━━━━━━━━━━━━━━━━━━━━━━━━━━━━━━━━━━━━ 1.2/1.2 MB 170.4 MB/s  0:00:00
2026-01-29T12:03:24.8318910Z Downloading pytokens-0.4.0-cp39-cp39-macosx_11_0_arm64.whl (160 kB)
2026-01-29T12:03:24.8387100Z Downloading tomli-2.4.0-py3-none-any.whl (14 kB)
2026-01-29T12:03:24.8444980Z Downloading tomlkit-0.14.0-py3-none-any.whl (39 kB)
2026-01-29T12:03:24.8507820Z Downloading typing_extensions-4.15.0-py3-none-any.whl (44 kB)
2026-01-29T12:03:24.8636910Z Downloading zipp-3.23.0-py3-none-any.whl (10 kB)
2026-01-29T12:03:24.8662490Z Downloading six-1.17.0-py2.py3-none-any.whl (11 kB)
2026-01-29T12:03:24.9469670Z Installing collected packages: zipp, typing-extensions, tomlkit, tomli, six, pytokens, pygments, pyflakes, pycodestyle, psutil, pluggy, platformdirs, pathspec, packaging, mypy-extensions, mccabe, librt, iniconfig, dill, coverage, colorama, click, vulture, mypy, mando, importlib-metadata, flake8, exceptiongroup, black, autoflake, astroid, radon, pytest, isort, pytest-mock, pytest-cov, pylint
2026-01-29T12:03:27.5122290Z 
2026-01-29T12:03:27.5164810Z Successfully installed astroid-3.3.11 autoflake-2.3.1 black-25.11.0 click-8.1.8 colorama-0.4.6 coverage-7.10.7 dill-0.4.1 exceptiongroup-1.3.1 flake8-7.3.0 importlib-metadata-8.7.1 iniconfig-2.1.0 isort-6.1.0 librt-0.7.8 mando-0.7.1 mccabe-0.7.0 mypy-1.19.1 mypy-extensions-1.1.0 packaging-26.0 pathspec-1.0.4 platformdirs-4.4.0 pluggy-1.6.0 psutil-7.2.2 pycodestyle-2.14.0 pyflakes-3.4.0 pygments-2.19.2 pylint-3.3.9 pytest-8.4.2 pytest-cov-7.0.0 pytest-mock-3.15.1 pytokens-0.4.0 radon-6.0.1 six-1.17.0 tomli-2.4.0 tomlkit-0.14.0 typing-extensions-4.15.0 vulture-2.14 zipp-3.23.0
2026-01-29T12:03:27.6286060Z ##[group]Run pytest --cov=forge --cov-report=xml --cov-report=term-missing
2026-01-29T12:03:27.6286460Z [36;1mpytest --cov=forge --cov-report=xml --cov-report=term-missing[0m
2026-01-29T12:03:27.6384760Z shell: /bin/bash -e {0}
2026-01-29T12:03:27.6384930Z env:
2026-01-29T12:03:27.6385140Z   pythonLocation: /Users/runner/hostedtoolcache/Python/3.9.13/arm64
2026-01-29T12:03:27.6385500Z   PKG_CONFIG_PATH: /Users/runner/hostedtoolcache/Python/3.9.13/arm64/lib/pkgconfig
2026-01-29T12:03:27.6385850Z   Python_ROOT_DIR: /Users/runner/hostedtoolcache/Python/3.9.13/arm64
2026-01-29T12:03:27.6386170Z   Python2_ROOT_DIR: /Users/runner/hostedtoolcache/Python/3.9.13/arm64
2026-01-29T12:03:27.6386510Z   Python3_ROOT_DIR: /Users/runner/hostedtoolcache/Python/3.9.13/arm64
2026-01-29T12:03:27.6386740Z ##[endgroup]
2026-01-29T12:03:27.8949070Z ============================= test session starts ==============================
2026-01-29T12:03:27.8949800Z platform darwin -- Python 3.9.13, pytest-8.4.2, pluggy-1.6.0 -- /Library/Frameworks/Python.framework/Versions/3.9/bin/python
2026-01-29T12:03:27.8950220Z cachedir: .pytest_cache
2026-01-29T12:03:27.8950400Z rootdir: /Users/runner/work/argos/argos/forge
2026-01-29T12:03:27.8950600Z configfile: pytest.ini
2026-01-29T12:03:27.8950750Z testpaths: tests
2026-01-29T12:03:27.8950880Z plugins: mock-3.15.1, cov-7.0.0
2026-01-29T12:03:29.0148240Z collecting ... collected 738 items
2026-01-29T12:03:29.0148680Z 
2026-01-29T12:03:29.0158540Z tests/test_argument_errors.py::TestArgumentErrorCreation::test_argument_error_with_single_message PASSED [  0%]
2026-01-29T12:03:29.0163520Z tests/test_argument_errors.py::TestArgumentErrorCreation::test_argument_error_with_validation_error PASSED [  0%]
2026-01-29T12:03:29.0169160Z tests/test_argument_errors.py::TestArgumentErrorCreation::test_argument_error_has_exit_code PASSED [  0%]
2026-01-29T12:03:29.0174530Z tests/test_argument_errors.py::TestArgumentErrorCreation::test_argument_error_preserves_original_exception PASSED [  0%]
2026-01-29T12:03:29.0179870Z tests/test_argument_errors.py::TestErrorMessageFormatting::test_formatted_error_includes_error_prefix PASSED [  0%]
2026-01-29T12:03:29.0185380Z tests/test_argument_errors.py::TestErrorMessageFormatting::test_formatted_error_includes_message PASSED [  0%]
2026-01-29T12:03:29.0190620Z tests/test_argument_errors.py::TestErrorMessageFormatting::test_formatted_error_includes_help_reference PASSED [  0%]
2026-01-29T12:03:29.0195720Z tests/test_argument_errors.py::TestErrorMessageFormatting::test_formatted_error_suggests_fixes PASSED [  1%]
2026-01-29T12:03:29.0201300Z tests/test_argument_errors.py::TestColoredOutput::test_plain_output_no_ansi_codes PASSED [  1%]
2026-01-29T12:03:29.0206670Z tests/test_argument_errors.py::TestColoredOutput::test_colored_output_has_ansi_codes PASSED [  1%]
2026-01-29T12:03:29.0211860Z tests/test_argument_errors.py::TestColoredOutput::test_colored_output_resets_at_end PASSED [  1%]
2026-01-29T12:03:29.0218680Z tests/test_argument_errors.py::TestColoredOutput::test_color_auto_detection PASSED [  1%]
2026-01-29T12:03:29.0231310Z tests/test_argument_errors.py::TestColoredOutput::test_color_detection_on_unix PASSED [  1%]
2026-01-29T12:03:29.0243500Z tests/test_argument_errors.py::TestColoredOutput::test_color_detection_on_windows_with_wt PASSED [  1%]
2026-01-29T12:03:29.0252110Z tests/test_argument_errors.py::TestColoredOutput::test_color_detection_no_tty PASSED [  2%]
2026-01-29T12:03:29.0257320Z tests/test_argument_errors.py::TestMultiLineErrors::test_multiline_error_preserves_structure PASSED [  2%]
2026-01-29T12:03:29.0263300Z tests/test_argument_errors.py::TestMultiLineErrors::test_error_with_suggestion_on_new_line PASSED [  2%]
2026-01-29T12:03:29.0268660Z tests/test_argument_errors.py::TestErrorContextInformation::test_error_includes_command_example PASSED [  2%]
2026-01-29T12:03:29.0273950Z tests/test_argument_errors.py::TestErrorContextInformation::test_error_shows_problematic_path PASSED [  2%]
2026-01-29T12:03:29.0280390Z tests/test_argument_errors.py::TestErrorContextInformation::test_error_references_documentation PASSED [  2%]
2026-01-29T12:03:29.0289150Z tests/test_argument_errors.py::TestValidationErrorConversion::test_convert_simple_validation_error PASSED [  2%]
2026-01-29T12:03:29.0294870Z tests/test_argument_errors.py::TestValidationErrorConversion::test_convert_validation_error_extracts_suggestion PASSED [  2%]
2026-01-29T12:03:29.0300620Z tests/test_argument_errors.py::TestValidationErrorConversion::test_convert_validation_error_adds_help_reference PASSED [  3%]
2026-01-29T12:03:29.0305990Z tests/test_argument_errors.py::TestErrorExitCodes::test_validation_error_has_exit_code_2 PASSED [  3%]
2026-01-29T12:03:29.0310890Z tests/test_argument_errors.py::TestErrorExitCodes::test_can_override_exit_code PASSED [  3%]
2026-01-29T12:03:29.0317730Z tests/test_argument_errors.py::TestErrorStringRepresentation::test_str_representation_is_user_friendly PASSED [  3%]
2026-01-29T12:03:29.0323570Z tests/test_argument_errors.py::TestErrorStringRepresentation::test_repr_includes_class_info PASSED [  3%]
2026-01-29T12:03:29.0358580Z tests/test_argument_parser.py::TestBasicParsing::test_parse_with_only_required_build_dir PASSED [  3%]
2026-01-29T12:03:29.0372470Z tests/test_argument_parser.py::TestBasicParsing::test_parse_with_source_dir_and_build_dir PASSED [  3%]
2026-01-29T12:03:29.0388530Z tests/test_argument_parser.py::TestBasicParsing::test_parse_with_all_optional_arguments PASSED [  4%]
2026-01-29T12:03:29.0402450Z tests/test_argument_parser.py::TestCMakeArguments::test_parse_cmake_args_single_value PASSED [  4%]
2026-01-29T12:03:29.0416060Z tests/test_argument_parser.py::TestCMakeArguments::test_parse_cmake_args_multiple_values PASSED [  4%]
2026-01-29T12:03:29.0430250Z tests/test_argument_parser.py::TestCMakeArguments::test_parse_build_args_single_value PASSED [  4%]
2026-01-29T12:03:29.0443980Z tests/test_argument_parser.py::TestCMakeArguments::test_parse_build_args_multiple_values PASSED [  4%]
2026-01-29T12:03:29.0457820Z tests/test_argument_parser.py::TestFlags::test_parse_verbose_flag PASSED [  4%]
2026-01-29T12:03:29.0471810Z tests/test_argument_parser.py::TestFlags::test_parse_without_verbose_flag PASSED [  4%]
2026-01-29T12:03:29.0485460Z tests/test_argument_parser.py::TestFlags::test_parse_project_name_override PASSED [  5%]
2026-01-29T12:03:29.0500110Z tests/test_argument_parser.py::TestFlags::test_parse_no_configure_flag PASSED [  5%]
2026-01-29T12:03:29.0513610Z tests/test_argument_parser.py::TestFlags::test_parse_clean_build_flag PASSED [  5%]
2026-01-29T12:03:29.0535750Z tests/test_argument_parser.py::TestHelpAndVersion::test_help_message_generation PASSED [  5%]
2026-01-29T12:03:29.0546540Z tests/test_argument_parser.py::TestHelpAndVersion::test_version_output PASSED [  5%]
2026-01-29T12:03:29.0561810Z tests/test_argument_parser.py::TestPathHandling::test_relative_paths_converted_to_absolute PASSED [  5%]
2026-01-29T12:03:29.0574890Z tests/test_argument_parser.py::TestPathHandling::test_tilde_expansion_in_paths PASSED [  5%]
2026-01-29T12:03:29.0589560Z tests/test_argument_parser.py::TestSysArgvSimulation::test_parse_from_sys_argv PASSED [  5%]
2026-01-29T12:03:29.0603550Z tests/test_argument_parser.py::TestSysArgvSimulation::test_parse_with_equals_syntax PASSED [  6%]
2026-01-29T12:03:29.0616520Z tests/test_argument_parser.py::TestDefaultValues::test_default_values_set_correctly PASSED [  6%]
2026-01-29T12:03:29.0629500Z tests/test_argument_parser.py::TestErrorCases::test_parse_without_required_argument PASSED [  6%]
2026-01-29T12:03:29.0644890Z tests/test_argument_parser.py::TestErrorCases::test_parse_with_unknown_argument PASSED [  6%]
2026-01-29T12:03:29.0658170Z tests/test_argument_validation.py::TestValidArgumentCombinations::test_validate_with_existing_source_and_build_dirs PASSED [  6%]
2026-01-29T12:03:29.0668910Z tests/test_argument_validation.py::TestValidArgumentCombinations::test_validate_with_source_dir_only PASSED [  6%]
2026-01-29T12:03:29.0678420Z tests/test_argument_validation.py::TestValidArgumentCombinations::test_validate_with_build_dir_only PASSED [  6%]
2026-01-29T12:03:29.0688680Z tests/test_argument_validation.py::TestValidArgumentCombinations::test_validate_with_valid_database_path PASSED [  7%]
2026-01-29T12:03:29.0697220Z tests/test_argument_validation.py::TestBuildDirectoryValidation::test_error_when_build_dir_missing_and_no_source_dir PASSED [  7%]
2026-01-29T12:03:29.0708010Z tests/test_argument_validation.py::TestBuildDirectoryValidation::test_error_when_build_dir_missing_no_cmake_cache PASSED [  7%]
2026-01-29T12:03:29.0717870Z tests/test_argument_validation.py::TestSourceDirectoryValidation::test_error_when_source_dir_does_not_exist PASSED [  7%]
2026-01-29T12:03:29.0729140Z tests/test_argument_validation.py::TestSourceDirectoryValidation::test_error_when_source_dir_missing_cmakelists PASSED [  7%]
2026-01-29T12:03:29.0739570Z tests/test_argument_validation.py::TestSourceDirectoryValidation::test_error_when_source_dir_is_file PASSED [  7%]
2026-01-29T12:03:29.0750810Z tests/test_argument_validation.py::TestDatabaseValidation::test_error_when_database_path_is_directory PASSED [  7%]
2026-01-29T12:03:29.0760930Z tests/test_argument_validation.py::TestDatabaseValidation::test_error_when_database_parent_does_not_exist PASSED [  7%]
2026-01-29T12:03:29.0770930Z tests/test_argument_validation.py::TestPathNormalization::test_paths_are_absolute PASSED [  8%]
2026-01-29T12:03:29.0783090Z tests/test_argument_validation.py::TestPathNormalization::test_symlinks_are_resolved PASSED [  8%]
2026-01-29T12:03:29.0792560Z tests/test_argument_validation.py::TestMutuallyExclusiveOptions::test_no_configure_requires_existing_build PASSED [  8%]
2026-01-29T12:03:29.0801190Z tests/test_argument_validation.py::TestMutuallyExclusiveOptions::test_no_configure_with_nonexistent_build_dir PASSED [  8%]
2026-01-29T12:03:29.0811100Z tests/test_argument_validation.py::TestMutuallyExclusiveOptions::test_clean_build_with_no_configure_is_invalid PASSED [  8%]
2026-01-29T12:03:29.0821800Z tests/test_argument_validation.py::TestValidationErrorMessages::test_error_message_includes_path PASSED [  8%]
2026-01-29T12:03:29.0833340Z tests/test_argument_validation.py::TestValidationErrorMessages::test_error_message_suggests_fix PASSED [  8%]
2026-01-29T12:03:29.0844120Z tests/test_argument_validation.py::TestValidationErrorMessages::test_validation_error_has_context PASSED [  9%]
2026-01-29T12:03:29.0853500Z tests/test_argument_validation.py::TestMultipleValidationErrors::test_reports_first_error_encountered PASSED [  9%]
2026-01-29T12:03:29.0894410Z tests/test_build_inspection_integration.py::TestCompleteSuccessfulBuild::test_complete_ninja_build_inspection PASSED [  9%]
2026-01-29T12:03:29.0906650Z tests/test_build_inspection_integration.py::TestCompleteSuccessfulBuild::test_complete_make_build_inspection PASSED [  9%]
2026-01-29T12:03:29.0918420Z tests/test_build_inspection_integration.py::TestBuildWithWarnings::test_build_with_gcc_warnings PASSED [  9%]
2026-01-29T12:03:29.0929390Z tests/test_build_inspection_integration.py::TestBuildWithWarnings::test_build_with_msvc_warnings PASSED [  9%]
2026-01-29T12:03:29.0943300Z tests/test_build_inspection_integration.py::TestFailedBuild::test_build_with_compilation_errors PASSED [  9%]
2026-01-29T12:03:29.0954530Z tests/test_build_inspection_integration.py::TestFailedBuild::test_build_with_link_errors PASSED [ 10%]
2026-01-29T12:03:29.0965900Z tests/test_build_inspection_integration.py::TestPartialOutput::test_build_with_minimal_output PASSED [ 10%]
2026-01-29T12:03:29.0977450Z tests/test_build_inspection_integration.py::TestPartialOutput::test_build_with_empty_output PASSED [ 10%]
2026-01-29T12:03:29.0983260Z tests/test_build_inspection_integration.py::TestPartialOutput::test_build_without_source_dir PASSED [ 10%]
2026-01-29T12:03:29.0995170Z tests/test_build_inspection_integration.py::TestMetadataCompleteness::test_metadata_has_all_required_fields PASSED [ 10%]
2026-01-29T12:03:29.1006090Z tests/test_build_inspection_integration.py::TestMetadataCompleteness::test_targets_list_is_correct_type PASSED [ 10%]
2026-01-29T12:03:29.1017540Z tests/test_build_inspection_integration.py::TestMetadataCompleteness::test_warnings_list_is_correct_type PASSED [ 10%]
2026-01-29T12:03:29.1034150Z tests/test_build_inspection_integration.py::TestIntegrationWithRealFixtures::test_with_ninja_fixture PASSED [ 10%]
2026-01-29T12:03:29.1045840Z tests/test_build_inspection_integration.py::TestEdgeCases::test_multiple_projects_use_first PASSED [ 11%]
2026-01-29T12:03:29.1056590Z tests/test_build_inspection_integration.py::TestEdgeCases::test_ansi_color_codes_handled PASSED [ 11%]
2026-01-29T12:03:29.1178200Z tests/test_build_inspection_integration.py::TestEdgeCases::test_very_large_output PASSED [ 11%]
2026-01-29T12:03:29.1189800Z tests/test_cmake_detection.py::TestCMakeDetection::test_cmake_detected_when_available PASSED [ 11%]
2026-01-29T12:03:29.1196860Z tests/test_cmake_detection.py::TestCMakeDetection::test_cmake_not_found_returns_false PASSED [ 11%]
2026-01-29T12:03:29.1204650Z tests/test_cmake_detection.py::TestCMakeDetection::test_cmake_check_handles_other_exceptions PASSED [ 11%]
2026-01-29T12:03:29.1214500Z tests/test_cmake_detection.py::TestCMakeDetection::test_cmake_check_handles_nonzero_exit_code PASSED [ 11%]
2026-01-29T12:03:29.1229530Z tests/test_cmake_detection.py::TestCMakeDetection::test_cmake_check_uses_timeout PASSED [ 12%]
2026-01-29T12:03:29.1243180Z tests/test_cmake_detection.py::TestCMakeVersionExtraction::test_get_version_standard_format PASSED [ 12%]
2026-01-29T12:03:29.1252770Z tests/test_cmake_detection.py::TestCMakeVersionExtraction::test_get_version_two_part_version PASSED [ 12%]
2026-01-29T12:03:29.1264280Z tests/test_cmake_detection.py::TestCMakeVersionExtraction::test_get_version_with_patch_and_suffix PASSED [ 12%]
2026-01-29T12:03:29.1277150Z tests/test_cmake_detection.py::TestCMakeVersionExtraction::test_get_version_multiline_output PASSED [ 12%]
2026-01-29T12:03:29.1284920Z tests/test_cmake_detection.py::TestCMakeVersionExtraction::test_get_version_cmake_not_found PASSED [ 12%]
2026-01-29T12:03:29.1292540Z tests/test_cmake_detection.py::TestCMakeVersionExtraction::test_get_version_handles_exceptions PASSED [ 12%]
2026-01-29T12:03:29.1302110Z tests/test_cmake_detection.py::TestCMakeVersionExtraction::test_get_version_invalid_output_format PASSED [ 13%]
2026-01-29T12:03:29.1312170Z tests/test_cmake_detection.py::TestCMakeVersionExtraction::test_get_version_empty_output PASSED [ 13%]
2026-01-29T12:03:29.1321810Z tests/test_cmake_detection.py::TestCMakeVersionExtraction::test_get_version_with_rc_suffix PASSED [ 13%]
2026-01-29T12:03:29.1327610Z tests/test_cmake_detection.py::TestVersionComparison::test_compare_version_greater PASSED [ 13%]
2026-01-29T12:03:29.1332810Z tests/test_cmake_detection.py::TestVersionComparison::test_compare_version_less PASSED [ 13%]
2026-01-29T12:03:29.1338070Z tests/test_cmake_detection.py::TestVersionComparison::test_compare_version_equal PASSED [ 13%]
2026-01-29T12:03:29.1343080Z tests/test_cmake_detection.py::TestVersionComparison::test_compare_version_different_lengths PASSED [ 13%]
2026-01-29T12:03:29.1348310Z tests/test_cmake_detection.py::TestVersionComparison::test_compare_version_major_difference PASSED [ 13%]
2026-01-29T12:03:29.1353600Z tests/test_cmake_detection.py::TestVersionComparison::test_compare_version_with_suffix_ignored PASSED [ 14%]
2026-01-29T12:03:29.1360900Z tests/test_cmake_detection.py::TestVersionComparison::test_check_minimum_version_success PASSED [ 14%]
2026-01-29T12:03:29.1368430Z tests/test_cmake_detection.py::TestVersionComparison::test_check_minimum_version_fail PASSED [ 14%]
2026-01-29T12:03:29.1376750Z tests/test_cmake_detection.py::TestVersionComparison::test_check_minimum_version_equal PASSED [ 14%]
2026-01-29T12:03:29.1383800Z tests/test_cmake_detection.py::TestVersionComparison::test_check_minimum_version_cmake_not_found PASSED [ 14%]
2026-01-29T12:03:29.1394410Z tests/test_cmake_detection.py::TestCMakePathResolution::test_cmake_found_in_path PASSED [ 14%]
2026-01-29T12:03:29.1404770Z tests/test_cmake_detection.py::TestCMakePathResolution::test_cmake_custom_path PASSED [ 14%]
2026-01-29T12:03:29.1414510Z tests/test_cmake_detection.py::TestCMakePathResolution::test_cmake_path_with_spaces PASSED [ 15%]
2026-01-29T12:03:29.1424400Z tests/test_cmake_detection.py::TestCMakeDetectionIntegration::test_detection_before_execution PASSED [ 15%]
2026-01-29T12:03:29.1434220Z tests/test_cmake_detection.py::TestCMakeDetectionIntegration::test_version_info_caching PASSED [ 15%]
2026-01-29T12:03:29.1441270Z tests/test_cmake_detection.py::TestCMakeDetectionIntegration::test_helpful_error_message_when_cmake_missing PASSED [ 15%]
2026-01-29T12:03:29.1876480Z tests/test_cmake_detection.py::TestRealCMakeDetection::test_real_cmake_detection PASSED [ 15%]
2026-01-29T12:03:29.1900610Z tests/test_configure_inspection.py::TestCMakeVersionExtraction::test_extract_cmake_version_from_linux_output PASSED [ 15%]
2026-01-29T12:03:29.1910770Z tests/test_configure_inspection.py::TestCMakeVersionExtraction::test_extract_cmake_version_from_windows_output PASSED [ 15%]
2026-01-29T12:03:29.1919000Z tests/test_configure_inspection.py::TestCMakeVersionExtraction::test_extract_cmake_version_from_macos_output PASSED [ 15%]
2026-01-29T12:03:29.1929530Z tests/test_configure_inspection.py::TestCMakeVersionExtraction::test_cmake_version_none_when_missing PASSED [ 16%]
2026-01-29T12:03:29.1937010Z tests/test_configure_inspection.py::TestGeneratorDetection::test_detect_visual_studio_generator PASSED [ 16%]
2026-01-29T12:03:29.1944370Z tests/test_configure_inspection.py::TestGeneratorDetection::test_generator_none_when_not_specified PASSED [ 16%]
2026-01-29T12:03:29.1951500Z tests/test_configure_inspection.py::TestCompilerDetection::test_detect_gccompiler_c PASSED [ 16%]
2026-01-29T12:03:29.1958740Z tests/test_configure_inspection.py::TestCompilerDetection::test_detect_msvcompiler_c PASSED [ 16%]
2026-01-29T12:03:29.1965770Z tests/test_configure_inspection.py::TestCompilerDetection::test_detect_clang_compiler PASSED [ 16%]
2026-01-29T12:03:29.1971670Z tests/test_configure_inspection.py::TestCompilerDetection::test_compiler_none_when_missing PASSED [ 16%]
2026-01-29T12:03:29.1978920Z tests/test_configure_inspection.py::TestSystemInfoExtraction::test_extract_linux_system_info PASSED [ 17%]
2026-01-29T12:03:29.1985800Z tests/test_configure_inspection.py::TestSystemInfoExtraction::test_extract_windows_system_info PASSED [ 17%]
2026-01-29T12:03:29.1992620Z tests/test_configure_inspection.py::TestSystemInfoExtraction::test_extract_macos_system_info PASSED [ 17%]
2026-01-29T12:03:29.1998130Z tests/test_configure_inspection.py::TestSystemInfoExtraction::test_system_info_none_when_missing PASSED [ 17%]
2026-01-29T12:03:29.2005020Z tests/test_configure_inspection.py::TestFoundPackagesDetection::test_detect_single_package PASSED [ 17%]
2026-01-29T12:03:29.2012620Z tests/test_configure_inspection.py::TestFoundPackagesDetection::test_detect_multiple_packages PASSED [ 17%]
2026-01-29T12:03:29.2020190Z tests/test_configure_inspection.py::TestFoundPackagesDetection::test_package_order_preserved PASSED [ 17%]
2026-01-29T12:03:29.2027140Z tests/test_configure_inspection.py::TestFoundPackagesDetection::test_no_packages_when_none_found PASSED [ 18%]
2026-01-29T12:03:29.2033960Z tests/test_configure_inspection.py::TestFoundPackagesDetection::test_python_package_detected PASSED [ 18%]
2026-01-29T12:03:29.2041190Z tests/test_configure_inspection.py::TestBuildTypeDetection::test_detect_release_build_type PASSED [ 18%]
2026-01-29T12:03:29.2048110Z tests/test_configure_inspection.py::TestBuildTypeDetection::test_detect_debug_build_type PASSED [ 18%]
2026-01-29T12:03:29.2055410Z tests/test_configure_inspection.py::TestBuildTypeDetection::test_detect_relwithdebinfo_build_type PASSED [ 18%]
2026-01-29T12:03:29.2060960Z tests/test_configure_inspection.py::TestBuildTypeDetection::test_build_type_none_when_missing PASSED [ 18%]
2026-01-29T12:03:29.2066630Z tests/test_configure_inspection.py::TestBuildTypeDetection::test_detect_build_type_from_cache_variable PASSED [ 18%]
2026-01-29T12:03:29.2072170Z tests/test_configure_inspection.py::TestBuildTypeDetection::test_detect_build_type_from_cache_variable_release PASSED [ 18%]
2026-01-29T12:03:29.2077290Z tests/test_configure_inspection.py::TestBuildTypeDetection::test_detect_build_type_from_simple_assignment PASSED [ 19%]
2026-01-29T12:03:29.2084360Z tests/test_configure_inspection.py::TestPartialInformation::test_handle_minimal_output PASSED [ 19%]
2026-01-29T12:03:29.2089690Z tests/test_configure_inspection.py::TestPartialInformation::test_handle_empty_output PASSED [ 19%]
2026-01-29T12:03:29.2106050Z tests/test_configure_inspection.py::TestPartialInformation::test_handle_partial_compiler_info PASSED [ 19%]
2026-01-29T12:03:29.2115210Z tests/test_configure_inspection.py::TestCrossPlatformOutput::test_all_platforms_return_valid_metadata PASSED [ 19%]
2026-01-29T12:03:29.2124110Z tests/test_configure_inspection.py::TestCrossPlatformOutput::test_platform_specificompiler_cs_detected PASSED [ 19%]
2026-01-29T12:03:29.2130910Z tests/test_configure_inspection.py::TestMetadataIntegrity::test_metadata_has_all_fields PASSED [ 19%]
2026-01-29T12:03:29.2138080Z tests/test_configure_inspection.py::TestMetadataIntegrity::test_found_packages_is_list PASSED [ 20%]
2026-01-29T12:03:29.2145530Z tests/test_configure_inspection.py::TestMetadataIntegrity::test_string_fields_are_strings_or_none PASSED [ 20%]
2026-01-29T12:03:29.2157360Z tests/test_database_schema.py::TestDatabaseCreation::test_database_creation_with_none_path_uses_default PASSED [ 20%]
2026-01-29T12:03:29.2257730Z tests/test_database_schema.py::TestDatabaseCreation::test_context_manager_closes_connection PASSED [ 20%]
2026-01-29T12:03:29.2335930Z tests/test_database_schema.py::TestDatabaseCreation::test_database_creation_in_temporary_location PASSED [ 20%]
2026-01-29T12:03:29.2411300Z tests/test_database_schema.py::TestDatabaseCreation::test_database_creation_in_default_location PASSED [ 20%]
2026-01-29T12:03:29.2486430Z tests/test_database_schema.py::TestDatabaseCreation::test_database_connection_established PASSED [ 20%]
2026-01-29T12:03:29.2570830Z tests/test_database_schema.py::TestDatabaseCreation::test_idempotent_initialization PASSED [ 21%]
2026-01-29T12:03:29.2642390Z tests/test_database_schema.py::TestTableStructure::test_all_tables_created PASSED [ 21%]
2026-01-29T12:03:29.2718290Z tests/test_database_schema.py::TestTableStructure::test_configurations_table_columns PASSED [ 21%]
2026-01-29T12:03:29.2793640Z tests/test_database_schema.py::TestTableStructure::test_builds_table_columns PASSED [ 21%]
2026-01-29T12:03:29.2869250Z tests/test_database_schema.py::TestTableStructure::test_warnings_table_columns PASSED [ 21%]
2026-01-29T12:03:29.2945530Z tests/test_database_schema.py::TestTableStructure::test_errors_table_columns PASSED [ 21%]
2026-01-29T12:03:29.3019190Z tests/test_database_schema.py::TestTableStructure::test_build_targets_table_columns PASSED [ 21%]
2026-01-29T12:03:29.3100980Z tests/test_database_schema.py::TestIndexes::test_all_indexes_created PASSED [ 21%]
2026-01-29T12:03:29.3190910Z tests/test_database_schema.py::TestConstraints::test_foreign_key_constraints_enabled PASSED [ 22%]
2026-01-29T12:03:29.3269750Z tests/test_database_schema.py::TestConstraints::test_builds_foreign_key_to_configurations PASSED [ 22%]
2026-01-29T12:03:29.3345000Z tests/test_database_schema.py::TestConstraints::test_builds_foreign_key_constraint_enforced PASSED [ 22%]
2026-01-29T12:03:29.3429810Z tests/test_database_schema.py::TestConstraints::test_warnings_foreign_key_cascade_delete PASSED [ 22%]
2026-01-29T12:03:29.3517120Z tests/test_database_schema.py::TestConstraints::test_errors_foreign_key_cascade_delete PASSED [ 22%]
2026-01-29T12:03:29.3598000Z tests/test_database_schema.py::TestConstraints::test_default_values_set_correctly PASSED [ 22%]
2026-01-29T12:03:29.3679150Z tests/test_database_schema.py::TestConstraints::test_builds_default_warning_error_counts PASSED [ 22%]
2026-01-29T12:03:29.3753770Z tests/test_database_schema.py::TestConnectionManagement::test_connection_reuse PASSED [ 23%]
2026-01-29T12:03:29.3834430Z tests/test_database_schema.py::TestConnectionManagement::test_close_connection PASSED [ 23%]
2026-01-29T12:03:29.3839500Z tests/test_documentation.py::TestModuleDocstrings::test_main_package_docstring PASSED [ 23%]
2026-01-29T12:03:29.3844770Z tests/test_documentation.py::TestModuleDocstrings::test_models_package_docstring PASSED [ 23%]
2026-01-29T12:03:29.3849810Z tests/test_documentation.py::TestModuleDocstrings::test_utils_package_docstring PASSED [ 23%]
2026-01-29T12:03:29.3855100Z tests/test_documentation.py::TestClassDocstrings::test_data_model_classes_have_docstrings PASSED [ 23%]
2026-01-29T12:03:29.3860760Z tests/test_documentation.py::TestClassDocstrings::test_cli_classes_have_docstrings PASSED [ 23%]
2026-01-29T12:03:29.3870850Z tests/test_documentation.py::TestClassDocstrings::test_cmake_classes_have_docstrings PASSED [ 23%]
2026-01-29T12:03:29.3871380Z tests/test_documentation.py::TestClassDocstrings::test_inspector_classes_have_docstrings PASSED [ 24%]
2026-01-29T12:03:29.3876260Z tests/test_documentation.py::TestClassDocstrings::test_storage_classes_have_docstrings PASSED [ 24%]
2026-01-29T12:03:29.3882170Z tests/test_documentation.py::TestMethodDocstrings::test_cmake_executor_methods_have_docstrings PASSED [ 24%]
2026-01-29T12:03:29.3887540Z tests/test_documentation.py::TestMethodDocstrings::test_parameter_manager_methods_have_docstrings PASSED [ 24%]
2026-01-29T12:03:29.3893420Z tests/test_documentation.py::TestMethodDocstrings::test_build_inspector_methods_have_docstrings PASSED [ 24%]
2026-01-29T12:03:29.3898830Z tests/test_documentation.py::TestMethodDocstrings::test_persistence_methods_have_docstrings PASSED [ 24%]
2026-01-29T12:03:29.3904400Z tests/test_documentation.py::TestFunctionDocstrings::test_formatting_functions_have_docstrings PASSED [ 24%]
2026-01-29T12:03:29.3911100Z tests/test_documentation.py::TestFunctionDocstrings::test_logging_config_functions_have_docstrings PASSED [ 25%]
2026-01-29T12:03:29.3916450Z tests/test_documentation.py::TestDocstringFormat::test_forge_arguments_docstring_format PASSED [ 25%]
2026-01-29T12:03:29.3921670Z tests/test_documentation.py::TestDocstringFormat::test_executor_execute_configure_docstring_format PASSED [ 25%]
2026-01-29T12:03:29.3927330Z tests/test_documentation.py::TestDocstringFormat::test_format_duration_docstring_format PASSED [ 25%]
2026-01-29T12:03:29.3933380Z tests/test_documentation.py::TestDocstringCompleteness::test_parameter_docstrings_match_signatures PASSED [ 25%]
2026-01-29T12:03:29.3938430Z tests/test_documentation.py::TestDocstringCompleteness::test_return_types_documented PASSED [ 25%]
2026-01-29T12:03:29.3944450Z tests/test_documentation.py::TestDocstringExamples::test_format_duration_examples PASSED [ 25%]
2026-01-29T12:03:29.3950340Z tests/test_documentation.py::TestDocstringExamples::test_format_timestamp_examples PASSED [ 26%]
2026-01-29T12:03:29.3956120Z tests/test_documentation.py::TestAPIExportCompleteness::test_models_all_export PASSED [ 26%]
2026-01-29T12:03:32.7856060Z tests/test_e2e_samples.py::TestSimpleExecutable::test_configure_and_build_simple_executable PASSED [ 26%]
2026-01-29T12:03:33.6495820Z tests/test_e2e_samples.py::TestSimpleExecutable::test_build_only_simple_executable PASSED [ 26%]
2026-01-29T12:03:35.0267960Z tests/test_e2e_samples.py::TestMultipleTargets::test_multiple_targets_project PASSED [ 26%]
2026-01-29T12:03:35.8863560Z tests/test_e2e_samples.py::TestHeaderOnlyLibrary::test_header_only_library PASSED [ 26%]
2026-01-29T12:03:36.7500060Z tests/test_e2e_samples.py::TestSubdirectories::test_project_with_subdirectories PASSED [ 26%]
2026-01-29T12:03:37.6310830Z tests/test_e2e_samples.py::TestBuildTypes::test_debug_build PASSED       [ 26%]
2026-01-29T12:03:38.5869470Z tests/test_e2e_samples.py::TestBuildTypes::test_release_build PASSED     [ 27%]
2026-01-29T12:03:39.5753000Z tests/test_e2e_samples.py::TestEndToEndWorkflow::test_complete_workflow_with_metadata PASSED [ 27%]
2026-01-29T12:03:40.3978960Z tests/test_e2e_samples.py::TestEndToEndWorkflow::test_verbose_output PASSED [ 27%]
2026-01-29T12:03:42.0185940Z tests/test_e2e_samples.py::TestDataPersistence::test_multiple_builds_same_project PASSED [ 27%]
2026-01-29T12:03:43.5991630Z tests/test_e2e_samples.py::TestDataPersistence::test_multiple_different_projects PASSED [ 27%]
2026-01-29T12:03:43.7546670Z tests/test_edge_cases.py::TestVeryLongOutput::test_very_long_configure_output PASSED [ 27%]
2026-01-29T12:03:43.9484790Z tests/test_edge_cases.py::TestUnicodeOutput::test_unicode_in_configure_output PASSED [ 27%]
2026-01-29T12:03:44.1220790Z tests/test_edge_cases.py::TestPathsWithSpecialCharacters::test_path_with_spaces PASSED [ 28%]
2026-01-29T12:03:44.2703820Z tests/test_edge_cases.py::TestBuildDuration::test_very_quick_build PASSED [ 28%]
2026-01-29T12:03:44.2748230Z tests/test_edge_cases.py::TestDatabaseEdgeCases::test_database_directory_not_exists PASSED [ 28%]
2026-01-29T12:03:44.2777890Z tests/test_executor_basic.py::TestSuccessfulExecution::test_execute_configure_success PASSED [ 28%]
2026-01-29T12:03:44.2802220Z tests/test_executor_basic.py::TestSuccessfulExecution::test_execute_build_success PASSED [ 28%]
2026-01-29T12:03:44.2877540Z tests/test_executor_basic.py::TestSuccessfulExecution::test_execute_with_echo_command PASSED [ 28%]
2026-01-29T12:03:44.2900160Z tests/test_executor_basic.py::TestFailedExecution::test_execute_configure_failure PASSED [ 28%]
2026-01-29T12:03:44.2920700Z tests/test_executor_basic.py::TestFailedExecution::test_execute_build_failure PASSED [ 28%]
2026-01-29T12:03:44.2985080Z tests/test_executor_basic.py::TestFailedExecution::test_execute_with_failing_command PASSED [ 29%]
2026-01-29T12:03:44.3016200Z tests/test_executor_basic.py::TestCommandNotFound::test_command_not_found_configure PASSED [ 29%]
2026-01-29T12:03:44.3063390Z tests/test_executor_basic.py::TestCommandNotFound::test_command_not_found_build PASSED [ 29%]
2026-01-29T12:03:44.3074000Z tests/test_executor_basic.py::TestCommandNotFound::test_general_exception_configure PASSED [ 29%]
2026-01-29T12:03:44.3090170Z tests/test_executor_basic.py::TestCommandNotFound::test_general_exception_build PASSED [ 29%]
2026-01-29T12:03:44.3106690Z tests/test_executor_basic.py::TestTimeoutHandling::test_execution_timeout PASSED [ 29%]
2026-01-29T12:03:44.3122210Z tests/test_executor_basic.py::TestTimeoutHandling::test_timeout_with_existing_stderr PASSED [ 29%]
2026-01-29T12:03:44.3137370Z tests/test_executor_basic.py::TestTimeoutHandling::test_timeout_build_command PASSED [ 30%]
2026-01-29T12:03:44.3208000Z tests/test_executor_basic.py::TestWorkingDirectory::test_working_directory_is_set PASSED [ 30%]
2026-01-29T12:03:44.3220080Z tests/test_executor_basic.py::TestWorkingDirectory::test_default_working_directory PASSED [ 30%]
2026-01-29T12:03:44.3260290Z tests/test_executor_basic.py::TestResultObjectPopulation::test_configure_result_has_all_fields PASSED [ 30%]
2026-01-29T12:03:44.3295620Z tests/test_executor_basic.py::TestResultObjectPopulation::test_build_result_has_all_fields PASSED [ 30%]
2026-01-29T12:03:44.3330340Z tests/test_executor_basic.py::TestResultObjectPopulation::test_stdout_is_captured PASSED [ 30%]
2026-01-29T12:03:44.3396560Z tests/test_executor_basic.py::TestResultObjectPopulation::test_stderr_is_captured PASSED [ 30%]
2026-01-29T12:03:44.3435490Z tests/test_executor_basic.py::TestExitCodeCapture::test_exit_code_zero PASSED [ 31%]
2026-01-29T12:03:44.3487290Z tests/test_executor_basic.py::TestExitCodeCapture::test_exit_code_nonzero PASSED [ 31%]
2026-01-29T12:03:44.3500170Z tests/test_executor_basic.py::TestExitCodeCapture::test_exit_code_in_result_object PASSED [ 31%]
2026-01-29T12:03:44.3716870Z tests/test_executor_integration.py::TestRealProcessExecution::test_real_stdout_capture PASSED [ 31%]
2026-01-29T12:03:44.3879840Z tests/test_executor_integration.py::TestRealProcessExecution::test_real_stderr_capture PASSED [ 31%]
2026-01-29T12:03:44.4044750Z tests/test_executor_integration.py::TestRealProcessExecution::test_real_exit_code_success PASSED [ 31%]
2026-01-29T12:03:44.4220160Z tests/test_executor_integration.py::TestRealProcessExecution::test_real_exit_code_failure PASSED [ 31%]
2026-01-29T12:03:44.4249680Z tests/test_executor_integration.py::TestRealProcessExecution::test_real_command_not_found PASSED [ 31%]
2026-01-29T12:03:44.4415830Z tests/test_executor_integration.py::TestRealProcessExecution::test_real_unicode_output PASSED [ 32%]
2026-01-29T12:03:44.4579680Z tests/test_executor_integration.py::TestRealProcessExecution::test_real_large_output PASSED [ 32%]
2026-01-29T12:03:44.4740870Z tests/test_executor_integration.py::TestRealProcessExecution::test_real_multiline_output PASSED [ 32%]
2026-01-29T12:03:44.4909950Z tests/test_executor_integration.py::TestRealProcessExecution::test_real_mixed_output PASSED [ 32%]
2026-01-29T12:03:44.5070800Z tests/test_executor_integration.py::TestRealProcessExecution::test_real_empty_output PASSED [ 32%]
2026-01-29T12:03:44.5235630Z tests/test_executor_integration.py::TestRealProcessExecution::test_real_working_directory PASSED [ 32%]
2026-01-29T12:03:44.7134460Z tests/test_executor_integration.py::TestRealProcessExecution::test_real_timing_accuracy PASSED [ 32%]
2026-01-29T12:03:44.7547460Z tests/test_executor_integration.py::TestRealProcessExecution::test_real_multiple_executions_independent PASSED [ 33%]
2026-01-29T12:03:44.7723200Z tests/test_executor_integration.py::TestRealBuildExecution::test_real_build_stdout_capture PASSED [ 33%]
2026-01-29T12:03:44.7891880Z tests/test_executor_integration.py::TestRealBuildExecution::test_real_build_exit_code PASSED [ 33%]
2026-01-29T12:03:44.9281110Z tests/test_executor_integration.py::TestRealBuildExecution::test_real_build_timing PASSED [ 33%]
2026-01-29T12:03:44.9475970Z tests/test_executor_integration.py::TestRealStreamingBehavior::test_real_streaming_enabled PASSED [ 33%]
2026-01-29T12:03:44.9646060Z tests/test_executor_integration.py::TestRealStreamingBehavior::test_real_streaming_disabled PASSED [ 33%]
2026-01-29T12:03:45.4688680Z tests/test_executor_integration.py::TestRealTimeoutBehavior::test_real_timeout_kills_process PASSED [ 33%]
2026-01-29T12:03:45.4870940Z tests/test_executor_integration.py::TestRealTimeoutBehavior::test_real_timeout_not_triggered PASSED [ 34%]
2026-01-29T12:03:45.5044330Z tests/test_executor_integration.py::TestRealEdgeCases::test_real_output_with_no_newline PASSED [ 34%]
2026-01-29T12:03:45.5217370Z tests/test_executor_integration.py::TestRealEdgeCases::test_real_output_with_multiple_newlines PASSED [ 34%]
2026-01-29T12:03:45.5390800Z tests/test_executor_integration.py::TestRealEdgeCases::test_real_binary_output_handling PASSED [ 34%]
2026-01-29T12:03:45.5557190Z tests/test_executor_integration.py::TestRealEdgeCases::test_real_very_long_line PASSED [ 34%]
2026-01-29T12:03:45.5722480Z tests/test_executor_integration.py::TestRealEdgeCases::test_real_rapid_output PASSED [ 34%]
2026-01-29T12:03:45.5901110Z tests/test_executor_integration.py::TestRealEdgeCases::test_real_stderr_without_stdout PASSED [ 34%]
2026-01-29T12:03:45.6080880Z tests/test_executor_integration.py::TestRealEdgeCases::test_real_exit_with_output PASSED [ 34%]
2026-01-29T12:03:45.6193330Z tests/test_executor_integration.py::TestRealCrossCompatibility::test_real_python_executable PASSED [ 35%]
2026-01-29T12:03:45.6395110Z tests/test_executor_integration.py::TestRealCrossCompatibility::test_real_path_handling PASSED [ 35%]
2026-01-29T12:03:45.6594750Z tests/test_executor_integration.py::TestRealCrossCompatibility::test_real_environment_inheritance PASSED [ 35%]
2026-01-29T12:03:45.6613510Z tests/test_executor_output.py::TestStdoutCapture::test_stdout_captured_completely PASSED [ 35%]
2026-01-29T12:03:45.6643150Z tests/test_executor_output.py::TestStdoutCapture::test_large_stdout_handling PASSED [ 35%]
2026-01-29T12:03:45.6658110Z tests/test_executor_output.py::TestStdoutCapture::test_stdout_with_unicode_characters PASSED [ 35%]
2026-01-29T12:03:45.6682130Z tests/test_executor_output.py::TestStderrCapture::test_stderr_captured_completely PASSED [ 35%]
2026-01-29T12:03:45.6683130Z tests/test_executor_output.py::TestStderrCapture::test_stderr_with_warnings PASSED [ 36%]
2026-01-29T12:03:45.6694120Z tests/test_executor_output.py::TestMixedOutput::test_mixed_stdout_stderr PASSED [ 36%]
2026-01-29T12:03:45.6705060Z tests/test_executor_output.py::TestMixedOutput::test_empty_stdout_with_stderr PASSED [ 36%]
2026-01-29T12:03:45.6715680Z tests/test_executor_output.py::TestMixedOutput::test_empty_stderr_with_stdout PASSED [ 36%]
2026-01-29T12:03:45.6738020Z tests/test_executor_output.py::TestSpecialCharacters::test_ansi_color_codes_in_output PASSED [ 36%]
2026-01-29T12:03:45.6751680Z tests/test_executor_output.py::TestSpecialCharacters::test_carriage_return_handling PASSED [ 36%]
2026-01-29T12:03:45.6761710Z tests/test_executor_output.py::TestSpecialCharacters::test_null_bytes_in_output PASSED [ 36%]
2026-01-29T12:03:45.6772500Z tests/test_executor_output.py::TestSpecialCharacters::test_invalid_utf8_sequences PASSED [ 36%]
2026-01-29T12:03:45.6782620Z tests/test_executor_output.py::TestOutputBuffering::test_output_with_no_trailing_newline PASSED [ 37%]
2026-01-29T12:03:45.6793060Z tests/test_executor_output.py::TestOutputBuffering::test_output_with_multiple_newlines PASSED [ 37%]
2026-01-29T12:03:45.6804240Z tests/test_executor_output.py::TestOutputBuffering::test_very_long_lines PASSED [ 37%]
2026-01-29T12:03:45.6815450Z tests/test_executor_output.py::TestBuildOutput::test_build_stdout_capture PASSED [ 37%]
2026-01-29T12:03:45.6825560Z tests/test_executor_output.py::TestBuildOutput::test_build_with_compilation_errors PASSED [ 37%]
2026-01-29T12:03:45.6836210Z tests/test_executor_output.py::TestEmptyOutput::test_no_output_success PASSED [ 37%]
2026-01-29T12:03:45.6846400Z tests/test_executor_output.py::TestEmptyOutput::test_no_output_failure PASSED [ 37%]
2026-01-29T12:03:45.6856950Z tests/test_executor_output.py::TestRealTimeStreaming::test_stdout_streams_to_console PASSED [ 38%]
2026-01-29T12:03:45.6866860Z tests/test_executor_output.py::TestRealTimeStreaming::test_stderr_streams_to_console PASSED [ 38%]
2026-01-29T12:03:45.6877630Z tests/test_executor_output.py::TestRealTimeStreaming::test_streaming_can_be_disabled PASSED [ 38%]
2026-01-29T12:03:45.6888240Z tests/test_executor_output.py::TestRealTimeStreaming::test_interleaved_output_streaming PASSED [ 38%]
2026-01-29T12:03:45.6912040Z tests/test_executor_output.py::TestStreamingPerformance::test_streaming_with_large_output PASSED [ 38%]
2026-01-29T12:03:45.6923830Z tests/test_executor_output.py::TestStreamingPerformance::test_streaming_performance_mode PASSED [ 38%]
2026-01-29T12:03:45.6940250Z tests/test_executor_output.py::TestStreamingPerformance::test_streaming_with_stderr_only PASSED [ 38%]
2026-01-29T12:03:45.6953960Z tests/test_executor_output.py::TestStreamingPerformance::test_streaming_disabled_with_timeout PASSED [ 39%]
2026-01-29T12:03:45.6965950Z tests/test_executor_results.py::TestTimingAccuracy::test_start_time_recorded_before_execution PASSED [ 39%]
2026-01-29T12:03:45.6976410Z tests/test_executor_results.py::TestTimingAccuracy::test_end_time_recorded_after_execution PASSED [ 39%]
2026-01-29T12:03:45.6986780Z tests/test_executor_results.py::TestTimingAccuracy::test_duration_calculated_correctly PASSED [ 39%]
2026-01-29T12:03:45.6996880Z tests/test_executor_results.py::TestTimingAccuracy::test_timing_with_sub_millisecond_precision PASSED [ 39%]
2026-01-29T12:03:45.7007190Z tests/test_executor_results.py::TestTimingAccuracy::test_timing_for_quick_commands PASSED [ 39%]
2026-01-29T12:03:45.8710660Z tests/test_executor_results.py::TestTimingAccuracy::test_timing_for_longer_commands PASSED [ 39%]
2026-01-29T12:03:45.8723070Z tests/test_executor_results.py::TestTimingAccuracy::test_timing_consistency_across_multiple_calls PASSED [ 39%]
2026-01-29T12:03:45.8734560Z tests/test_executor_results.py::TestConfigureResultPopulation::test_configure_result_has_all_required_fields PASSED [ 40%]
2026-01-29T12:03:45.8745490Z tests/test_executor_results.py::TestConfigureResultPopulation::test_configure_result_success_field_correct PASSED [ 40%]
2026-01-29T12:03:45.8755810Z tests/test_executor_results.py::TestConfigureResultPopulation::test_configure_result_failure_field_correct PASSED [ 40%]
2026-01-29T12:03:45.8766650Z tests/test_executor_results.py::TestConfigureResultPopulation::test_configure_result_stdout_populated PASSED [ 40%]
2026-01-29T12:03:45.8776800Z tests/test_executor_results.py::TestConfigureResultPopulation::test_configure_result_stderr_populated PASSED [ 40%]
2026-01-29T12:03:45.8787550Z tests/test_executor_results.py::TestConfigureResultPopulation::test_configure_result_datetime_types PASSED [ 40%]
2026-01-29T12:03:45.8806290Z tests/test_executor_results.py::TestConfigureResultPopulation::test_configure_result_optional_fields_none PASSED [ 40%]
2026-01-29T12:03:45.8816200Z tests/test_executor_results.py::TestBuildResultPopulation::test_build_result_has_all_required_fields PASSED [ 41%]
2026-01-29T12:03:45.8826380Z tests/test_executor_results.py::TestBuildResultPopulation::test_build_result_success_with_exit_code_zero PASSED [ 41%]
2026-01-29T12:03:45.8836890Z tests/test_executor_results.py::TestBuildResultPopulation::test_build_result_failure_with_nonzero_exit_code PASSED [ 41%]
2026-01-29T12:03:45.8846540Z tests/test_executor_results.py::TestBuildResultPopulation::test_build_result_stdout_populated PASSED [ 41%]
2026-01-29T12:03:45.8856630Z tests/test_executor_results.py::TestBuildResultPopulation::test_build_result_stderr_populated PASSED [ 41%]
2026-01-29T12:03:45.8867120Z tests/test_executor_results.py::TestBuildResultPopulation::test_build_result_timing_fields PASSED [ 41%]
2026-01-29T12:03:45.8877400Z tests/test_executor_results.py::TestBuildResultPopulation::test_build_result_optional_fields_defaults PASSED [ 41%]
2026-01-29T12:03:45.8884610Z tests/test_executor_results.py::TestErrorCaseResultPopulation::test_command_not_found_result PASSED [ 42%]
2026-01-29T12:03:45.8897700Z tests/test_executor_results.py::TestErrorCaseResultPopulation::test_timeout_result_population PASSED [ 42%]
2026-01-29T12:03:45.8905250Z tests/test_executor_results.py::TestErrorCaseResultPopulation::test_general_exception_result PASSED [ 42%]
2026-01-29T12:03:45.8915820Z tests/test_executor_results.py::TestResultObjectConsistency::test_configure_and_build_results_structure_similar PASSED [ 42%]
2026-01-29T12:03:45.8926510Z tests/test_executor_results.py::TestResultObjectConsistency::test_results_are_independent_objects PASSED [ 42%]
2026-01-29T12:03:45.8939880Z tests/test_executor_results.py::TestResultObjectConsistency::test_empty_output_still_creates_valid_result PASSED [ 42%]
2026-01-29T12:03:45.8950980Z tests/test_executor_results.py::TestDurationCalculation::test_duration_is_positive PASSED [ 42%]
2026-01-29T12:03:45.8961300Z tests/test_executor_results.py::TestDurationCalculation::test_duration_matches_time_difference PASSED [ 42%]
2026-01-29T12:03:45.8971440Z tests/test_executor_results.py::TestDurationCalculation::test_duration_precision PASSED [ 43%]
2026-01-29T12:03:45.8988290Z tests/test_executor_results.py::TestDurationCalculation::test_start_time_before_end_time PASSED [ 43%]
2026-01-29T12:03:46.0245600Z tests/test_executor_results.py::TestDurationCalculation::test_duration_with_simulated_delay PASSED [ 43%]
2026-01-29T12:03:46.0254130Z tests/test_generator_detection.py::TestNinjaDetection::test_ninja_selected_when_available PASSED [ 43%]
2026-01-29T12:03:46.0264970Z tests/test_generator_detection.py::TestNinjaDetection::test_ninja_not_selected_when_unavailable PASSED [ 43%]
2026-01-29T12:03:46.0272180Z tests/test_generator_detection.py::TestNinjaDetection::test_ninja_detection_case_insensitive PASSED [ 43%]
2026-01-29T12:03:46.0282100Z tests/test_generator_detection.py::TestUnixMakefilesFallback::test_unix_makefiles_on_linux_without_ninja PASSED [ 43%]
2026-01-29T12:03:46.0290900Z tests/test_generator_detection.py::TestUnixMakefilesFallback::test_unix_makefiles_on_macos_without_ninja PASSED [ 44%]
2026-01-29T12:03:46.0300680Z tests/test_generator_detection.py::TestUnixMakefilesFallback::test_unix_makefiles_not_used_on_windows PASSED [ 44%]
2026-01-29T12:03:46.0309520Z tests/test_generator_detection.py::TestVisualStudioDetection::test_visual_studio_on_windows_without_ninja PASSED [ 44%]
2026-01-29T12:03:46.0321750Z tests/test_generator_detection.py::TestVisualStudioDetection::test_visual_studio_version_detection PASSED [ 44%]
2026-01-29T12:03:46.0330940Z tests/test_generator_detection.py::TestVisualStudioDetection::test_visual_studio_not_used_on_unix PASSED [ 44%]
2026-01-29T12:03:46.0341730Z tests/test_generator_detection.py::TestVisualStudioDetection::test_nmake_fallback_when_vs_not_found PASSED [ 44%]
2026-01-29T12:03:46.0347780Z tests/test_generator_detection.py::TestExplicitGeneratorSpecification::test_explicit_generator_overrides_detection PASSED [ 44%]
2026-01-29T12:03:46.0353990Z tests/test_generator_detection.py::TestExplicitGeneratorSpecification::test_explicit_generator_with_spaces PASSED [ 44%]
2026-01-29T12:03:46.0359640Z tests/test_generator_detection.py::TestExplicitGeneratorSpecification::test_explicit_generator_separate_arg PASSED [ 45%]
2026-01-29T12:03:46.0367680Z tests/test_generator_detection.py::TestExplicitGeneratorSpecification::test_explicit_generator_not_overridden_by_detection PASSED [ 45%]
2026-01-29T12:03:46.0375780Z tests/test_generator_detection.py::TestGeneratorValidation::test_invalid_generator_raises_error PASSED [ 45%]
2026-01-29T12:03:46.0381180Z tests/test_generator_detection.py::TestGeneratorValidation::test_valid_generator_passes_validation PASSED [ 45%]
2026-01-29T12:03:46.0387730Z tests/test_generator_detection.py::TestGeneratorValidation::test_empty_generator_name_raises_error PASSED [ 45%]
2026-01-29T12:03:46.0395010Z tests/test_generator_detection.py::TestGeneratorValidation::test_empty_generator_after_g_flag PASSED [ 45%]
2026-01-29T12:03:46.0401480Z tests/test_generator_detection.py::TestGeneratorValidation::test_empty_generator_string_after_g PASSED [ 45%]
2026-01-29T12:03:46.0409690Z tests/test_generator_detection.py::TestGeneratorAvailability::test_check_generator_available_with_ninja PASSED [ 46%]
2026-01-29T12:03:46.0416710Z tests/test_generator_detection.py::TestGeneratorAvailability::test_check_generator_unavailable PASSED [ 46%]
2026-01-29T12:03:46.0423870Z tests/test_generator_detection.py::TestGeneratorAvailability::test_unix_makefiles_always_available_on_unix PASSED [ 46%]
2026-01-29T12:03:46.0433290Z tests/test_generator_detection.py::TestGeneratorAvailability::test_visual_studio_availability_on_windows PASSED [ 46%]
2026-01-29T12:03:46.0440360Z tests/test_generator_detection.py::TestGeneratorAvailability::test_visual_studio_not_available_on_unix PASSED [ 46%]
2026-01-29T12:03:46.0447550Z tests/test_generator_detection.py::TestGeneratorAvailability::test_nmake_available_on_windows PASSED [ 46%]
2026-01-29T12:03:46.0454490Z tests/test_generator_detection.py::TestGeneratorAvailability::test_nmake_not_available_on_unix PASSED [ 46%]
2026-01-29T12:03:46.0459580Z tests/test_generator_detection.py::TestGeneratorAvailability::test_unknown_generator_unavailable PASSED [ 47%]
2026-01-29T12:03:46.0470680Z tests/test_generator_detection.py::TestPlatformSpecificBehavior::test_generator_priority_on_linux PASSED [ 47%]
2026-01-29T12:03:46.0482080Z tests/test_generator_detection.py::TestPlatformSpecificBehavior::test_generator_priority_on_windows PASSED [ 47%]
2026-01-29T12:03:46.0490720Z tests/test_generator_detection.py::TestPlatformSpecificBehavior::test_unsupported_platform_fallback PASSED [ 47%]
2026-01-29T12:03:46.0499360Z tests/test_generator_detection.py::TestGeneratorInCommandGeneration::test_detected_generator_in_configure_command PASSED [ 47%]
2026-01-29T12:03:46.0505130Z tests/test_generator_detection.py::TestGeneratorInCommandGeneration::test_explicit_generator_preserved_in_command PASSED [ 47%]
2026-01-29T12:03:46.0511870Z tests/test_generator_detection.py::TestGeneratorInCommandGeneration::test_generator_not_duplicated_in_command PASSED [ 47%]
2026-01-29T12:03:46.0524120Z tests/test_logging.py::TestLoggingConfiguration::test_configure_logging_default_level PASSED [ 47%]
2026-01-29T12:03:46.0531720Z tests/test_logging.py::TestLoggingConfiguration::test_configure_logging_verbose_level PASSED [ 48%]
2026-01-29T12:03:46.0539580Z tests/test_logging.py::TestLoggingConfiguration::test_configure_logging_info_level_explicit PASSED [ 48%]
2026-01-29T12:03:46.0547010Z tests/test_logging.py::TestLoggingConfiguration::test_configure_logging_warning_level PASSED [ 48%]
2026-01-29T12:03:46.0554040Z tests/test_logging.py::TestLoggingConfiguration::test_configure_logging_error_level PASSED [ 48%]
2026-01-29T12:03:46.0559590Z tests/test_logging.py::TestLoggerRetrieval::test_get_logger_returns_logger PASSED [ 48%]
2026-01-29T12:03:46.0564710Z tests/test_logging.py::TestLoggerRetrieval::test_get_logger_with_name PASSED [ 48%]
2026-01-29T12:03:46.0569600Z tests/test_logging.py::TestLoggerRetrieval::test_get_logger_default_name PASSED [ 48%]
2026-01-29T12:03:46.0576520Z tests/test_logging.py::TestLoggerRetrieval::test_get_logger_same_name_returns_same_instance PASSED [ 49%]
2026-01-29T12:03:46.0584130Z tests/test_logging.py::TestConsoleOutput::test_log_output_to_console_default PASSED [ 49%]
2026-01-29T12:03:46.0589770Z tests/test_logging.py::TestConsoleOutput::test_console_handler_configured PASSED [ 49%]
2026-01-29T12:03:46.0604110Z tests/test_logging.py::TestFileOutput::test_log_output_to_file PASSED    [ 49%]
2026-01-29T12:03:46.0618450Z tests/test_logging.py::TestFileOutput::test_log_file_created_in_directory PASSED [ 49%]
2026-01-29T12:03:46.0632150Z tests/test_logging.py::TestFileOutput::test_both_console_and_file_output PASSED [ 49%]
2026-01-29T12:03:46.0641480Z tests/test_logging.py::TestLogFormatting::test_log_format_includes_level PASSED [ 49%]
2026-01-29T12:03:46.0649080Z tests/test_logging.py::TestLogFormatting::test_log_format_includes_message PASSED [ 50%]
2026-01-29T12:03:46.0657700Z tests/test_logging.py::TestLogFormatting::test_log_format_includes_logger_name PASSED [ 50%]
2026-01-29T12:03:46.0672360Z tests/test_logging.py::TestLogFormatting::test_log_format_different_levels PASSED [ 50%]
2026-01-29T12:03:46.0695130Z tests/test_logging.py::TestExceptionLogging::test_exception_logged_with_traceback PASSED [ 50%]
2026-01-29T12:03:46.0695750Z tests/test_logging.py::TestExceptionLogging::test_exception_traceback_includes_file_info PASSED [ 50%]
2026-01-29T12:03:46.0696300Z tests/test_logging.py::TestExceptionLogging::test_error_without_exception_context PASSED [ 50%]
2026-01-29T12:03:46.0704480Z tests/test_logging.py::TestPerformanceLogging::test_timing_info_logged PASSED [ 50%]
2026-01-29T12:03:46.0712830Z tests/test_logging.py::TestPerformanceLogging::test_multiple_timing_logs PASSED [ 50%]
2026-01-29T12:03:46.0719890Z tests/test_logging.py::TestLoggingReset::test_reset_logging_clears_handlers PASSED [ 51%]
2026-01-29T12:03:46.0727750Z tests/test_logging.py::TestLoggingReset::test_reconfigure_after_reset PASSED [ 51%]
2026-01-29T12:03:46.0734970Z tests/test_logging.py::TestContextualLogging::test_log_with_extra_context PASSED [ 51%]
2026-01-29T12:03:46.0742930Z tests/test_logging.py::TestContextualLogging::test_log_structured_data PASSED [ 51%]
2026-01-29T12:03:46.0750900Z tests/test_logging.py::TestMultipleLoggers::test_different_modules_same_config PASSED [ 51%]
2026-01-29T12:03:46.0760930Z tests/test_logging.py::TestMultipleLoggers::test_logger_hierarchy PASSED [ 51%]
2026-01-29T12:03:46.0766410Z tests/test_logging.py::TestEdgeCases::test_configure_logging_multiple_times PASSED [ 51%]
2026-01-29T12:03:46.0774350Z tests/test_logging.py::TestEdgeCases::test_log_with_none_message PASSED  [ 52%]
2026-01-29T12:03:46.0781020Z tests/test_logging.py::TestEdgeCases::test_log_with_empty_string PASSED  [ 52%]
2026-01-29T12:03:46.0788410Z tests/test_logging.py::TestEdgeCases::test_log_with_unicode PASSED       [ 52%]
2026-01-29T12:03:46.0802850Z tests/test_logging.py::TestEdgeCases::test_log_file_path_with_spaces PASSED [ 52%]
2026-01-29T12:03:46.0829420Z tests/test_main_errors.py::TestCMakeNotFoundError::test_cmake_not_found_returns_127 PASSED [ 52%]
2026-01-29T12:03:46.0857510Z tests/test_main_errors.py::TestCMakeNotFoundError::test_cmake_not_found_error_message PASSED [ 52%]
2026-01-29T12:03:46.0923450Z tests/test_main_errors.py::TestConfigurationFailure::test_configure_failure_returns_exit_code PASSED [ 52%]
2026-01-29T12:03:46.0960040Z tests/test_main_errors.py::TestConfigurationFailure::test_configure_failure_error_message PASSED [ 52%]
2026-01-29T12:03:46.0999380Z tests/test_main_errors.py::TestConfigurationFailure::test_configure_failure_no_build_attempted PASSED [ 53%]
2026-01-29T12:03:46.1040460Z tests/test_main_errors.py::TestBuildFailure::test_build_failure_returns_exit_code PASSED [ 53%]
2026-01-29T12:03:46.1080810Z tests/test_main_errors.py::TestBuildFailure::test_build_failure_error_message PASSED [ 53%]
2026-01-29T12:03:46.1175080Z tests/test_main_errors.py::TestBuildFailure::test_build_failure_data_still_saved PASSED [ 53%]
2026-01-29T12:03:46.1269680Z tests/test_main_errors.py::TestDatabaseErrors::test_database_connection_error_continues PASSED [ 53%]
2026-01-29T12:03:46.1469700Z tests/test_main_errors.py::TestDatabaseErrors::test_database_init_error_continues PASSED [ 53%]
2026-01-29T12:03:46.1513890Z tests/test_main_errors.py::TestKeyboardInterrupt::test_keyboard_interrupt_returns_130 PASSED [ 53%]
2026-01-29T12:03:46.1545100Z tests/test_main_errors.py::TestKeyboardInterrupt::test_keyboard_interrupt_during_build PASSED [ 54%]
2026-01-29T12:03:46.1717880Z tests/test_main_errors.py::TestPartialDataHandling::test_config_success_build_fail_saves_config PASSED [ 54%]
2026-01-29T12:03:46.1730900Z tests/test_main_errors.py::TestInvalidArguments::test_missing_required_args_returns_error PASSED [ 54%]
2026-01-29T12:03:46.1741610Z tests/test_main_errors.py::TestInvalidArguments::test_invalid_path_error_message PASSED [ 54%]
2026-01-29T12:03:46.1831790Z tests/test_main_errors.py::TestResourceCleanup::test_database_connection_closed_on_error PASSED [ 54%]
2026-01-29T12:03:46.1866140Z tests/test_main_errors.py::TestResourceCleanup::test_error_during_inspection_continues PASSED [ 54%]
2026-01-29T12:03:46.1886250Z tests/test_main_errors.py::TestErrorMessageClarity::test_validation_error_message_helpful PASSED [ 54%]
2026-01-29T12:03:46.1975890Z tests/test_main_errors.py::TestErrorMessageClarity::test_exception_message_logged PASSED [ 55%]
2026-01-29T12:03:46.2130590Z tests/test_main_integration.py::TestBasicWorkflow::test_build_only_workflow PASSED [ 55%]
2026-01-29T12:03:46.2141880Z tests/test_main_integration.py::TestBasicWorkflow::test_invalid_arguments_returns_error PASSED [ 55%]
2026-01-29T12:03:46.2164180Z tests/test_main_integration.py::TestBasicWorkflow::test_cmake_not_found_returns_error PASSED [ 55%]
2026-01-29T12:03:46.2203140Z tests/test_main_integration.py::TestExitCodes::test_successful_build_returns_zero PASSED [ 55%]
2026-01-29T12:03:46.2516080Z tests/test_main_integration.py::TestExitCodes::test_failed_build_returns_nonzero PASSED [ 55%]
2026-01-29T12:03:46.2785310Z tests/test_main_integration.py::TestVerboseMode::test_verbose_mode_works PASSED [ 55%]
2026-01-29T12:03:46.2792320Z tests/test_models.py::TestForgeArguments::test_create_with_valid_data PASSED [ 55%]
2026-01-29T12:03:46.2800470Z tests/test_models.py::TestForgeArguments::test_create_with_minimal_data PASSED [ 56%]
2026-01-29T12:03:46.2805980Z tests/test_models.py::TestForgeArguments::test_missing_required_field PASSED [ 56%]
2026-01-29T12:03:46.2812540Z tests/test_models.py::TestForgeArguments::test_path_handling_string_conversion PASSED [ 56%]
2026-01-29T12:03:46.2818630Z tests/test_models.py::TestForgeArguments::test_to_dict PASSED            [ 56%]
2026-01-29T12:03:46.2824310Z tests/test_models.py::TestForgeArguments::test_from_dict PASSED          [ 56%]
2026-01-29T12:03:46.2831960Z tests/test_models.py::TestForgeArguments::test_json_serialization PASSED [ 56%]
2026-01-29T12:03:46.2837520Z tests/test_models.py::TestConfigureResult::test_create_with_all_fields PASSED [ 56%]
2026-01-29T12:03:46.2843620Z tests/test_models.py::TestConfigureResult::test_create_with_optional_fields_none PASSED [ 57%]
2026-01-29T12:03:46.2849330Z tests/test_models.py::TestConfigureResult::test_json_serialization PASSED [ 57%]
2026-01-29T12:03:46.2855250Z tests/test_models.py::TestBuildResult::test_create_with_all_fields PASSED [ 57%]
2026-01-29T12:03:46.2860830Z tests/test_models.py::TestBuildResult::test_create_with_minimal_fields PASSED [ 57%]
2026-01-29T12:03:46.2865920Z tests/test_models.py::TestBuildResult::test_to_dict PASSED               [ 57%]
2026-01-29T12:03:46.2872330Z tests/test_models.py::TestBuildResult::test_from_dict PASSED             [ 57%]
2026-01-29T12:03:46.2878140Z tests/test_models.py::TestConfigureMetadata::test_create_with_all_fields PASSED [ 57%]
2026-01-29T12:03:46.2883720Z tests/test_models.py::TestConfigureMetadata::test_create_with_optional_fields_none PASSED [ 57%]
2026-01-29T12:03:46.2889740Z tests/test_models.py::TestConfigureMetadata::test_json_serialization PASSED [ 58%]
2026-01-29T12:03:46.2895460Z tests/test_models.py::TestBuildMetadata::test_create_with_all_fields PASSED [ 58%]
2026-01-29T12:03:46.2900670Z tests/test_models.py::TestBuildMetadata::test_create_with_empty_diagnostics PASSED [ 58%]
2026-01-29T12:03:46.2906790Z tests/test_models.py::TestBuildMetadata::test_to_dict PASSED             [ 58%]
2026-01-29T12:03:46.2912360Z tests/test_models.py::TestBuildMetadata::test_from_dict PASSED           [ 58%]
2026-01-29T12:03:46.2917530Z tests/test_models.py::TestBuildTarget::test_create_simple_target PASSED  [ 58%]
2026-01-29T12:03:46.2922740Z tests/test_models.py::TestBuildTarget::test_create_target_with_progress PASSED [ 58%]
2026-01-29T12:03:46.2936210Z tests/test_models.py::TestBuildTarget::test_to_dict PASSED               [ 59%]
2026-01-29T12:03:46.2936730Z tests/test_models.py::TestBuildTarget::test_from_dict PASSED             [ 59%]
2026-01-29T12:03:46.2939700Z tests/test_models.py::TestBuildTarget::test_serialization_roundtrip PASSED [ 59%]
2026-01-29T12:03:46.2945320Z tests/test_models.py::TestBuildWarning::test_create_with_complete_info PASSED [ 59%]
2026-01-29T12:03:46.2951020Z tests/test_models.py::TestBuildWarning::test_create_with_partial_info PASSED [ 59%]
2026-01-29T12:03:46.2956440Z tests/test_models.py::TestBuildWarning::test_json_serialization PASSED   [ 59%]
2026-01-29T12:03:46.2961440Z tests/test_models.py::TestError::test_create_with_complete_info PASSED   [ 59%]
2026-01-29T12:03:46.2966630Z tests/test_models.py::TestError::test_create_with_minimal_info PASSED    [ 60%]
2026-01-29T12:03:46.2972440Z tests/test_models.py::TestError::test_json_serialization PASSED          [ 60%]
2026-01-29T12:03:46.2977870Z tests/test_output_formatting.py::TestDurationFormatting::test_format_duration_milliseconds PASSED [ 60%]
2026-01-29T12:03:46.2983000Z tests/test_output_formatting.py::TestDurationFormatting::test_format_duration_seconds PASSED [ 60%]
2026-01-29T12:03:46.2988110Z tests/test_output_formatting.py::TestDurationFormatting::test_format_duration_minutes PASSED [ 60%]
2026-01-29T12:03:46.2993140Z tests/test_output_formatting.py::TestDurationFormatting::test_format_duration_hours PASSED [ 60%]
2026-01-29T12:03:46.2998320Z tests/test_output_formatting.py::TestDurationFormatting::test_format_duration_zero PASSED [ 60%]
2026-01-29T12:03:46.3003280Z tests/test_output_formatting.py::TestDurationFormatting::test_format_duration_very_small PASSED [ 60%]
2026-01-29T12:03:46.3008630Z tests/test_output_formatting.py::TestTimestampFormatting::test_format_timestamp_datetime PASSED [ 61%]
2026-01-29T12:03:46.3014080Z tests/test_output_formatting.py::TestTimestampFormatting::test_format_timestamp_iso_string PASSED [ 61%]
2026-01-29T12:03:46.3019340Z tests/test_output_formatting.py::TestTimestampFormatting::test_format_timestamp_none PASSED [ 61%]
2026-01-29T12:03:46.3024590Z tests/test_output_formatting.py::TestTimestampFormatting::test_format_timestamp_invalid PASSED [ 61%]
2026-01-29T12:03:46.3034470Z tests/test_output_formatting.py::TestColorSupport::test_supports_color_with_tty PASSED [ 61%]
2026-01-29T12:03:46.3041850Z tests/test_output_formatting.py::TestColorSupport::test_supports_color_no_tty PASSED [ 61%]
2026-01-29T12:03:46.3057050Z tests/test_output_formatting.py::TestColorSupport::test_supports_color_windows_with_wt PASSED [ 61%]
2026-01-29T12:03:46.3072820Z tests/test_output_formatting.py::TestColorSupport::test_supports_color_windows_without_wt PASSED [ 62%]
2026-01-29T12:03:46.3085370Z tests/test_output_formatting.py::TestColorSupport::test_supports_color_no_color_env PASSED [ 62%]
2026-01-29T12:03:46.3094810Z tests/test_output_formatting.py::TestPrintFunctions::test_print_success_with_color PASSED [ 62%]
2026-01-29T12:03:46.3103550Z tests/test_output_formatting.py::TestPrintFunctions::test_print_success_without_color PASSED [ 62%]
2026-01-29T12:03:46.3112710Z tests/test_output_formatting.py::TestPrintFunctions::test_print_error_with_color PASSED [ 62%]
2026-01-29T12:03:46.3120710Z tests/test_output_formatting.py::TestPrintFunctions::test_print_error_without_color PASSED [ 62%]
2026-01-29T12:03:46.3131220Z tests/test_output_formatting.py::TestPrintFunctions::test_print_warning_with_color PASSED [ 62%]
2026-01-29T12:03:46.3137400Z tests/test_output_formatting.py::TestPrintFunctions::test_print_warning_without_color PASSED [ 63%]
2026-01-29T12:03:46.3143820Z tests/test_output_formatting.py::TestPrintFunctions::test_print_section_header PASSED [ 63%]
2026-01-29T12:03:46.3150570Z tests/test_output_formatting.py::TestConfigureSummary::test_print_configure_summary_success PASSED [ 63%]
2026-01-29T12:03:46.3157100Z tests/test_output_formatting.py::TestConfigureSummary::test_print_configure_summary_failure PASSED [ 63%]
2026-01-29T12:03:46.3163600Z tests/test_output_formatting.py::TestConfigureSummary::test_print_configure_summary_minimal_metadata PASSED [ 63%]
2026-01-29T12:03:46.3170230Z tests/test_output_formatting.py::TestBuildSummary::test_print_build_summary_success_no_warnings PASSED [ 63%]
2026-01-29T12:03:46.3177500Z tests/test_output_formatting.py::TestBuildSummary::test_print_build_summary_success_with_warnings PASSED [ 63%]
2026-01-29T12:03:46.3184280Z tests/test_output_formatting.py::TestBuildSummary::test_print_build_summary_failure PASSED [ 63%]
2026-01-29T12:03:46.3190500Z tests/test_output_formatting.py::TestBuildSummary::test_print_build_summary_multiple_targets PASSED [ 64%]
2026-01-29T12:03:46.3199170Z tests/test_output_formatting.py::TestBuildSummary::test_print_build_summary_no_metadata PASSED [ 64%]
2026-01-29T12:03:46.3207110Z tests/test_output_formatting.py::TestVerboseOutput::test_verbose_mode_shows_details PASSED [ 64%]
2026-01-29T12:03:46.3214260Z tests/test_output_formatting.py::TestVerboseOutput::test_verbose_mode_shows_timestamps PASSED [ 64%]
2026-01-29T12:03:46.3221270Z tests/test_output_formatting.py::TestOutputConsistency::test_all_summaries_use_consistent_formatting PASSED [ 64%]
2026-01-29T12:03:46.3228450Z tests/test_output_formatting.py::TestOutputConsistency::test_line_length_is_reasonable PASSED [ 64%]
2026-01-29T12:03:46.3242520Z tests/test_parameter_manager.py::TestConfigureCommandBasic::test_configure_with_minimal_arguments PASSED [ 64%]
2026-01-29T12:03:46.3253710Z tests/test_parameter_manager.py::TestConfigureCommandBasic::test_configure_with_generator PASSED [ 65%]
2026-01-29T12:03:46.3265660Z tests/test_parameter_manager.py::TestConfigureCommandBasic::test_configure_with_build_type PASSED [ 65%]
2026-01-29T12:03:46.3277160Z tests/test_parameter_manager.py::TestConfigureCommandWithCMakeArgs::test_configure_with_single_cmake_arg PASSED [ 65%]
2026-01-29T12:03:46.3289000Z tests/test_parameter_manager.py::TestConfigureCommandWithCMakeArgs::test_configure_with_multiple_cmake_args PASSED [ 65%]
2026-01-29T12:03:46.3300530Z tests/test_parameter_manager.py::TestConfigureCommandWithCMakeArgs::test_configure_with_generator_and_args PASSED [ 65%]
2026-01-29T12:03:46.3311790Z tests/test_parameter_manager.py::TestConfigureCommandWithCMakeArgs::test_configure_preserves_arg_order PASSED [ 65%]
2026-01-29T12:03:46.3321840Z tests/test_parameter_manager.py::TestBuildCommandBasic::test_build_with_minimal_arguments PASSED [ 65%]
2026-01-29T12:03:46.3331650Z tests/test_parameter_manager.py::TestBuildCommandBasic::test_build_with_parallel_jobs PASSED [ 65%]
2026-01-29T12:03:46.3342070Z tests/test_parameter_manager.py::TestBuildCommandBasic::test_build_with_verbose PASSED [ 66%]
2026-01-29T12:03:46.3352410Z tests/test_parameter_manager.py::TestBuildCommandWithTarget::test_build_with_single_target PASSED [ 66%]
2026-01-29T12:03:46.3362300Z tests/test_parameter_manager.py::TestBuildCommandWithTarget::test_build_with_multiple_targets PASSED [ 66%]
2026-01-29T12:03:46.3372690Z tests/test_parameter_manager.py::TestBuildCommandWithTarget::test_build_with_target_and_parallel PASSED [ 66%]
2026-01-29T12:03:46.3385030Z tests/test_parameter_manager.py::TestPathHandling::test_absolute_paths_used PASSED [ 66%]
2026-01-29T12:03:46.3397940Z tests/test_parameter_manager.py::TestPathHandling::test_paths_with_spaces PASSED [ 66%]
2026-01-29T12:03:46.3411420Z tests/test_parameter_manager.py::TestCommandFormat::test_configure_command_is_list PASSED [ 66%]
2026-01-29T12:03:46.3421900Z tests/test_parameter_manager.py::TestCommandFormat::test_build_command_is_list PASSED [ 67%]
2026-01-29T12:03:46.3433390Z tests/test_parameter_manager.py::TestCommandFormat::test_configure_command_structure PASSED [ 67%]
2026-01-29T12:03:46.3444060Z tests/test_parameter_manager.py::TestCommandFormat::test_build_command_structure PASSED [ 67%]
2026-01-29T12:03:46.3455660Z tests/test_parameter_manager.py::TestEnvironmentHandling::test_cmake_args_with_env_var_syntax PASSED [ 67%]
2026-01-29T12:03:46.3467150Z tests/test_parameter_manager.py::TestEnvironmentHandling::test_build_args_unchanged PASSED [ 67%]
2026-01-29T12:03:46.3479610Z tests/test_parameter_manager.py::TestEdgeCases::test_empty_cmake_args PASSED [ 67%]
2026-01-29T12:03:46.3490070Z tests/test_parameter_manager.py::TestEdgeCases::test_empty_build_args PASSED [ 67%]
2026-01-29T12:03:46.3502100Z tests/test_parameter_manager.py::TestEdgeCases::test_cmake_args_with_quotes PASSED [ 68%]
2026-01-29T12:03:46.3514620Z tests/test_parameter_override.py::TestParameterAddition::test_add_new_cmake_parameter PASSED [ 68%]
2026-01-29T12:03:46.3526320Z tests/test_parameter_override.py::TestParameterAddition::test_add_multiple_parameters PASSED [ 68%]
2026-01-29T12:03:46.3547620Z tests/test_parameter_override.py::TestParameterAddition::test_add_parameter_with_d_prefix PASSED [ 68%]
2026-01-29T12:03:46.3552410Z tests/test_parameter_override.py::TestParameterAddition::test_add_parameter_preserves_existing_args PASSED [ 68%]
2026-01-29T12:03:46.3568210Z tests/test_parameter_override.py::TestParameterOverride::test_override_existing_parameter PASSED [ 68%]
2026-01-29T12:03:46.3581080Z tests/test_parameter_override.py::TestParameterOverride::test_override_multiple_times PASSED [ 68%]
2026-01-29T12:03:46.3593540Z tests/test_parameter_override.py::TestParameterOverride::test_programmatic_overrides_cli PASSED [ 68%]
2026-01-29T12:03:46.3604370Z tests/test_parameter_override.py::TestGetParameters::test_get_parameters_returns_dict PASSED [ 69%]
2026-01-29T12:03:46.3616030Z tests/test_parameter_override.py::TestGetParameters::test_get_parameters_includes_added_params PASSED [ 69%]
2026-01-29T12:03:46.3628040Z tests/test_parameter_override.py::TestGetParameters::test_get_parameters_reflects_overrides PASSED [ 69%]
2026-01-29T12:03:46.3639650Z tests/test_parameter_override.py::TestGetParameters::test_get_parameters_handles_generator_args PASSED [ 69%]
2026-01-29T12:03:46.3652950Z tests/test_parameter_override.py::TestSpecialCharacters::test_parameter_with_spaces PASSED [ 69%]
2026-01-29T12:03:46.3664180Z tests/test_parameter_override.py::TestSpecialCharacters::test_parameter_with_quotes PASSED [ 69%]
2026-01-29T12:03:46.3677190Z tests/test_parameter_override.py::TestSpecialCharacters::test_parameter_with_equals_sign PASSED [ 69%]
2026-01-29T12:03:46.3688010Z tests/test_parameter_override.py::TestSpecialCharacters::test_parameter_with_path_separators PASSED [ 70%]
2026-01-29T12:03:46.3699030Z tests/test_parameter_override.py::TestEnvironmentVariables::test_parameter_with_env_var_syntax PASSED [ 70%]
2026-01-29T12:03:46.3710300Z tests/test_parameter_override.py::TestEnvironmentVariables::test_add_parameter_preserves_env_syntax_from_cli PASSED [ 70%]
2026-01-29T12:03:46.3722370Z tests/test_parameter_override.py::TestParameterFormatting::test_parameter_has_d_prefix_in_command PASSED [ 70%]
2026-01-29T12:03:46.3734140Z tests/test_parameter_override.py::TestParameterFormatting::test_empty_value_parameter PASSED [ 70%]
2026-01-29T12:03:46.3745590Z tests/test_parameter_override.py::TestParameterFormatting::test_boolean_style_parameters PASSED [ 70%]
2026-01-29T12:03:46.3755840Z tests/test_parameter_override.py::TestEdgeCases::test_add_parameter_to_empty_args PASSED [ 70%]
2026-01-29T12:03:46.3767360Z tests/test_parameter_override.py::TestEdgeCases::test_get_parameters_when_no_params PASSED [ 71%]
2026-01-29T12:03:46.3779450Z tests/test_parameter_override.py::TestEdgeCases::test_parameter_name_case_sensitivity PASSED [ 71%]
2026-01-29T12:03:48.1939810Z tests/test_performance.py::TestForgeOverhead::test_configure_overhead PASSED [ 71%]
2026-01-29T12:03:48.1946360Z tests/test_performance.py::TestForgeOverhead::test_startup_time PASSED   [ 71%]
2026-01-29T12:03:48.4336480Z tests/test_performance.py::TestMemoryUsage::test_memory_with_large_output PASSED [ 71%]
2026-01-29T12:03:48.4495920Z tests/test_performance.py::TestMemoryUsage::test_memory_with_many_warnings PASSED [ 71%]
2026-01-29T12:03:48.6294990Z tests/test_performance.py::TestDatabasePerformance::test_bulk_insert_warnings PASSED [ 71%]
2026-01-29T12:03:48.8028560Z tests/test_performance.py::TestDatabasePerformance::test_query_performance PASSED [ 71%]
2026-01-29T12:03:48.9706820Z tests/test_performance.py::TestDatabasePerformance::test_statistics_calculation_performance PASSED [ 72%]
2026-01-29T12:03:48.9738030Z tests/test_performance.py::TestOutputCapture::test_output_capture_overhead PASSED [ 72%]
2026-01-29T12:03:48.9753690Z tests/test_performance.py::TestScalability::test_parse_large_cmakelists PASSED [ 72%]
2026-01-29T12:03:48.9761450Z tests/test_performance.py::TestScalability::test_extract_many_packages PASSED [ 72%]
2026-01-29T12:03:48.9799230Z tests/test_persistence_build.py::TestSaveCompleteBuild::test_save_build_returns_id PASSED [ 72%]
2026-01-29T12:03:48.9834710Z tests/test_persistence_build.py::TestSaveCompleteBuild::test_save_build_with_all_fields PASSED [ 72%]
2026-01-29T12:03:48.9875710Z tests/test_persistence_build.py::TestSaveCompleteBuild::test_save_build_persists_metadata_fields PASSED [ 72%]
2026-01-29T12:03:48.9915830Z tests/test_persistence_build.py::TestConfigurationAssociation::test_save_build_with_configuration_id PASSED [ 73%]
2026-01-29T12:03:48.9953280Z tests/test_persistence_build.py::TestConfigurationAssociation::test_save_build_without_configuration PASSED [ 73%]
2026-01-29T12:03:48.9989490Z tests/test_persistence_build.py::TestConfigurationAssociation::test_multiple_builds_per_configuration PASSED [ 73%]
2026-01-29T12:03:49.0030710Z tests/test_persistence_build.py::TestTargetsSerialization::test_targets_list_serialized_as_json PASSED [ 73%]
2026-01-29T12:03:49.0063390Z tests/test_persistence_build.py::TestTargetsSerialization::test_empty_targets_list PASSED [ 73%]
2026-01-29T12:03:49.0101400Z tests/test_persistence_build.py::TestTimestampFormatting::test_build_time_is_iso8601_format PASSED [ 73%]
2026-01-29T12:03:49.0136690Z tests/test_persistence_build.py::TestTimestampFormatting::test_timestamp_roundtrip PASSED [ 73%]
2026-01-29T12:03:49.0171570Z tests/test_persistence_build.py::TestWarningErrorCounts::test_warning_count_stored PASSED [ 73%]
2026-01-29T12:03:49.0207060Z tests/test_persistence_build.py::TestWarningErrorCounts::test_error_count_stored PASSED [ 74%]
2026-01-29T12:03:49.0240020Z tests/test_persistence_build.py::TestWarningErrorCounts::test_zero_warnings_and_errors PASSED [ 74%]
2026-01-29T12:03:49.0272300Z tests/test_persistence_build.py::TestTransactionHandling::test_transaction_rollback_on_error PASSED [ 74%]
2026-01-29T12:03:49.0311670Z tests/test_persistence_build.py::TestTransactionHandling::test_successful_transaction_commit PASSED [ 74%]
2026-01-29T12:03:49.0352380Z tests/test_persistence_build.py::TestDataIntegrityConstraints::test_success_flag_is_boolean PASSED [ 74%]
2026-01-29T12:03:49.0386800Z tests/test_persistence_build.py::TestDataIntegrityConstraints::test_duration_precision PASSED [ 74%]
2026-01-29T12:03:49.0421580Z tests/test_persistence_build.py::TestForeignKeyRelationships::test_foreign_key_constraint_enforced PASSED [ 74%]
2026-01-29T12:03:49.0458540Z tests/test_persistence_build.py::TestForeignKeyRelationships::test_null_configuration_id_allowed PASSED [ 75%]
2026-01-29T12:03:49.0499300Z tests/test_persistence_configure.py::TestSaveCompleteConfiguration::test_save_configuration_returns_id PASSED [ 75%]
2026-01-29T12:03:49.0535650Z tests/test_persistence_configure.py::TestSaveCompleteConfiguration::test_save_configuration_with_all_metadata_fields PASSED [ 75%]
2026-01-29T12:03:49.0571800Z tests/test_persistence_configure.py::TestSaveCompleteConfiguration::test_save_configuration_persists_all_result_fields PASSED [ 75%]
2026-01-29T12:03:49.0605640Z tests/test_persistence_configure.py::TestJSONSerialization::test_found_packages_serialized_as_json PASSED [ 75%]
2026-01-29T12:03:49.0641370Z tests/test_persistence_configure.py::TestJSONSerialization::test_empty_found_packages_list PASSED [ 75%]
2026-01-29T12:03:49.0676380Z tests/test_persistence_configure.py::TestTimestampFormatting::test_configure_time_is_iso8601_format PASSED [ 75%]
2026-01-29T12:03:49.0715490Z tests/test_persistence_configure.py::TestTimestampFormatting::test_timestamp_roundtrip PASSED [ 76%]
2026-01-29T12:03:49.0753240Z tests/test_persistence_configure.py::TestNullHandling::test_optional_metadata_fields_can_be_none PASSED [ 76%]
2026-01-29T12:03:49.0790380Z tests/test_persistence_configure.py::TestNullHandling::test_stderr_can_be_empty_string PASSED [ 76%]
2026-01-29T12:03:49.0831330Z tests/test_persistence_configure.py::TestForeignKeyPreparation::test_configuration_id_can_be_referenced PASSED [ 76%]
2026-01-29T12:03:49.0868130Z tests/test_persistence_configure.py::TestForeignKeyPreparation::test_multiple_builds_can_reference_same_configuration PASSED [ 76%]
2026-01-29T12:03:49.0905410Z tests/test_persistence_configure.py::TestDataIntegrityConstraints::test_success_flag_is_boolean PASSED [ 76%]
2026-01-29T12:03:49.0942770Z tests/test_persistence_configure.py::TestDuplicateConfiguration::test_same_configuration_can_be_saved_multiple_times PASSED [ 76%]
2026-01-29T12:03:49.0991480Z tests/test_persistence_diagnostics.py::TestSaveSingleWarning::test_save_single_warning_returns_count PASSED [ 76%]
2026-01-29T12:03:49.1031080Z tests/test_persistence_diagnostics.py::TestSaveSingleWarning::test_save_warning_with_complete_information PASSED [ 77%]
2026-01-29T12:03:49.1081030Z tests/test_persistence_diagnostics.py::TestSaveSingleWarning::test_save_warning_with_build_id_association PASSED [ 77%]
2026-01-29T12:03:49.1144720Z tests/test_persistence_diagnostics.py::TestSaveMultipleWarnings::test_save_multiple_warnings_bulk_insert PASSED [ 77%]
2026-01-29T12:03:49.1232010Z tests/test_persistence_diagnostics.py::TestSaveMultipleWarnings::test_save_large_warning_list PASSED [ 77%]
2026-01-29T12:03:49.1273410Z tests/test_persistence_diagnostics.py::TestSaveMultipleWarnings::test_save_warnings_preserves_order PASSED [ 77%]
2026-01-29T12:03:49.1308290Z tests/test_persistence_diagnostics.py::TestSaveWarningsWithPartialInformation::test_save_warning_with_missing_warning_type PASSED [ 77%]
2026-01-29T12:03:49.1342400Z tests/test_persistence_diagnostics.py::TestSaveWarningsWithPartialInformation::test_save_warning_with_long_message PASSED [ 77%]
2026-01-29T12:03:49.1377980Z tests/test_persistence_diagnostics.py::TestSaveErrors::test_save_single_error PASSED [ 78%]
2026-01-29T12:03:49.1411480Z tests/test_persistence_diagnostics.py::TestSaveErrors::test_save_error_with_complete_information PASSED [ 78%]
2026-01-29T12:03:49.1446300Z tests/test_persistence_diagnostics.py::TestSaveErrors::test_save_multiple_errors PASSED [ 78%]
2026-01-29T12:03:49.1484190Z tests/test_persistence_diagnostics.py::TestSaveErrors::test_save_error_with_missing_optional_fields PASSED [ 78%]
2026-01-29T12:03:49.1518810Z tests/test_persistence_diagnostics.py::TestForeignKeyRelationships::test_warnings_reference_valid_build PASSED [ 78%]
2026-01-29T12:03:49.1554160Z tests/test_persistence_diagnostics.py::TestForeignKeyRelationships::test_warnings_invalid_build_id_raises_error PASSED [ 78%]
2026-01-29T12:03:49.1591140Z tests/test_persistence_diagnostics.py::TestForeignKeyRelationships::test_errors_reference_valid_build PASSED [ 78%]
2026-01-29T12:03:49.1628640Z tests/test_persistence_diagnostics.py::TestForeignKeyRelationships::test_errors_invalid_build_id_raises_error PASSED [ 78%]
2026-01-29T12:03:49.1666230Z tests/test_persistence_diagnostics.py::TestCascadeDelete::test_warnings_cascade_delete PASSED [ 79%]
2026-01-29T12:03:49.1701760Z tests/test_persistence_diagnostics.py::TestCascadeDelete::test_errors_cascade_delete PASSED [ 79%]
2026-01-29T12:03:49.1735160Z tests/test_persistence_diagnostics.py::TestTransactionHandling::test_warnings_transaction_rollback_on_error PASSED [ 79%]
2026-01-29T12:03:49.1776280Z tests/test_persistence_diagnostics.py::TestTransactionHandling::test_errors_transaction_commit_on_success PASSED [ 79%]
2026-01-29T12:03:49.1810560Z tests/test_persistence_diagnostics.py::TestEmptyDiagnosticLists::test_save_empty_warnings_list PASSED [ 79%]
2026-01-29T12:03:49.1843920Z tests/test_persistence_diagnostics.py::TestEmptyDiagnosticLists::test_save_empty_errors_list PASSED [ 79%]
2026-01-29T12:03:49.1884250Z tests/test_persistence_diagnostics.py::TestMultipleBuildsDiagnostics::test_warnings_for_different_builds PASSED [ 79%]
2026-01-29T12:03:49.1923530Z tests/test_persistence_diagnostics.py::TestMultipleBuildsDiagnostics::test_errors_for_different_builds PASSED [ 80%]
2026-01-29T12:03:49.1961020Z tests/test_persistence_init.py::TestDatabaseCreation::test_database_creation_in_default_location PASSED [ 80%]
2026-01-29T12:03:49.1998810Z tests/test_persistence_init.py::TestDatabaseCreation::test_database_creation_in_custom_location PASSED [ 80%]
2026-01-29T12:03:49.2034600Z tests/test_persistence_init.py::TestDatabaseCreation::test_database_creation_with_nonexistent_parent_directory PASSED [ 80%]
2026-01-29T12:03:49.2071030Z tests/test_persistence_init.py::TestDatabaseCreation::test_database_file_is_valid_sqlite PASSED [ 80%]
2026-01-29T12:03:49.2103220Z tests/test_persistence_init.py::TestSchemaInitialization::test_schema_created_on_first_initialization PASSED [ 80%]
2026-01-29T12:03:49.2146510Z tests/test_persistence_init.py::TestSchemaInitialization::test_idempotent_initialization_multiple_calls PASSED [ 80%]
2026-01-29T12:03:49.2185170Z tests/test_persistence_init.py::TestSchemaInitialization::test_schema_not_recreated_on_subsequent_runs PASSED [ 81%]
2026-01-29T12:03:49.2218540Z tests/test_persistence_init.py::TestSchemaInitialization::test_foreign_keys_enabled_on_initialization PASSED [ 81%]
2026-01-29T12:03:49.2252220Z tests/test_persistence_init.py::TestConnectionManagement::test_connection_established_on_initialization PASSED [ 81%]
2026-01-29T12:03:49.2286750Z tests/test_persistence_init.py::TestConnectionManagement::test_connection_is_reusable PASSED [ 81%]
2026-01-29T12:03:49.2322910Z tests/test_persistence_init.py::TestConnectionManagement::test_close_connection_explicitly PASSED [ 81%]
2026-01-29T12:03:49.2362890Z tests/test_persistence_init.py::TestConnectionManagement::test_context_manager_closes_connection PASSED [ 81%]
2026-01-29T12:03:49.2398390Z tests/test_persistence_init.py::TestConnectionManagement::test_multiple_instances_can_access_same_database PASSED [ 81%]
2026-01-29T12:03:49.2431960Z tests/test_persistence_init.py::TestSchemaVersionTracking::test_schema_version_table_exists PASSED [ 81%]
2026-01-29T12:03:49.2464540Z tests/test_persistence_init.py::TestSchemaVersionTracking::test_initial_schema_version_recorded PASSED [ 82%]
2026-01-29T12:03:49.2497700Z tests/test_persistence_init.py::TestSchemaVersionTracking::test_get_schema_version_method PASSED [ 82%]
2026-01-29T12:03:49.2538800Z tests/test_persistence_init.py::TestSchemaVersionTracking::test_schema_version_persists_across_instances PASSED [ 82%]
2026-01-29T12:03:49.2571060Z tests/test_persistence_init.py::TestSchemaVersionTracking::test_schema_version_has_timestamp PASSED [ 82%]
2026-01-29T12:03:49.2583750Z tests/test_persistence_init.py::TestErrorHandling::test_invalid_database_path_raises_error PASSED [ 82%]
2026-01-29T12:03:49.2622870Z tests/test_persistence_init.py::TestErrorHandling::test_database_with_wrong_permissions PASSED [ 82%]
2026-01-29T12:03:49.2636560Z tests/test_persistence_init.py::TestErrorHandling::test_corrupted_database_handling PASSED [ 82%]
2026-01-29T12:03:49.2722870Z tests/test_persistence_init.py::TestConcurrentAccess::test_concurrent_read_access PASSED [ 83%]
2026-01-29T12:03:49.2791390Z tests/test_persistence_init.py::TestConcurrentAccess::test_write_transaction_isolation PASSED [ 83%]
2026-01-29T12:03:49.2824390Z tests/test_persistence_init.py::TestDatabaseProperties::test_wal_mode_enabled PASSED [ 83%]
2026-01-29T12:03:49.2862140Z tests/test_persistence_init.py::TestDatabaseProperties::test_synchronous_mode_configured PASSED [ 83%]
2026-01-29T12:03:49.2897070Z tests/test_persistence_init.py::TestDatabaseProperties::test_database_encoding_is_utf8 PASSED [ 83%]
2026-01-29T12:03:49.2930340Z tests/test_persistence_queries.py::TestGetRecentBuildsBasic::test_get_recent_builds_returns_empty_list_when_no_builds PASSED [ 83%]
2026-01-29T12:03:49.2965790Z tests/test_persistence_queries.py::TestGetRecentBuildsBasic::test_get_recent_builds_returns_single_build PASSED [ 83%]
2026-01-29T12:03:49.3007590Z tests/test_persistence_queries.py::TestGetRecentBuildsBasic::test_get_recent_builds_returns_multiple_builds PASSED [ 84%]
2026-01-29T12:03:49.3047600Z tests/test_persistence_queries.py::TestGetRecentBuildsOrdering::test_get_recent_builds_ordered_by_timestamp_newest_first PASSED [ 84%]
2026-01-29T12:03:49.3099610Z tests/test_persistence_queries.py::TestGetRecentBuildsLimit::test_get_recent_builds_with_default_limit PASSED [ 84%]
2026-01-29T12:03:49.3146600Z tests/test_persistence_queries.py::TestGetRecentBuildsLimit::test_get_recent_builds_with_custom_limit PASSED [ 84%]
2026-01-29T12:03:49.3184230Z tests/test_persistence_queries.py::TestGetRecentBuildsLimit::test_get_recent_builds_limit_larger_than_available PASSED [ 84%]
2026-01-29T12:03:49.3220130Z tests/test_persistence_queries.py::TestGetRecentBuildsFiltering::test_get_recent_builds_filter_by_project_name PASSED [ 84%]
2026-01-29T12:03:49.3256080Z tests/test_persistence_queries.py::TestGetRecentBuildsFiltering::test_get_recent_builds_filter_returns_empty_when_no_match PASSED [ 84%]
2026-01-29T12:03:49.3296420Z tests/test_persistence_queries.py::TestGetRecentBuildsFiltering::test_get_recent_builds_filter_respects_limit PASSED [ 84%]
2026-01-29T12:03:49.3330480Z tests/test_persistence_queries.py::TestGetRecentBuildsReturnedFields::test_get_recent_builds_includes_all_required_fields PASSED [ 85%]
2026-01-29T12:03:49.3369510Z tests/test_persistence_queries.py::TestGetRecentBuildsReturnedFields::test_get_recent_builds_includes_timestamp_as_string PASSED [ 85%]
2026-01-29T12:03:49.3409250Z tests/test_persistence_queries.py::TestGetBuildStatisticsBasic::test_get_build_statistics_returns_empty_stats_when_no_builds PASSED [ 85%]
2026-01-29T12:03:49.3449320Z tests/test_persistence_queries.py::TestGetBuildStatisticsBasic::test_get_build_statistics_single_successful_build PASSED [ 85%]
2026-01-29T12:03:49.3488360Z tests/test_persistence_queries.py::TestGetBuildStatisticsBasic::test_get_build_statistics_single_failed_build PASSED [ 85%]
2026-01-29T12:03:49.3527530Z tests/test_persistence_queries.py::TestGetBuildStatisticsCalculations::test_get_build_statistics_multiple_builds PASSED [ 85%]
2026-01-29T12:03:49.3565000Z tests/test_persistence_queries.py::TestGetBuildStatisticsCalculations::test_get_build_statistics_success_rate_precision PASSED [ 85%]
2026-01-29T12:03:49.3600600Z tests/test_persistence_queries.py::TestGetBuildStatisticsCalculations::test_get_build_statistics_average_duration_precision PASSED [ 86%]
2026-01-29T12:03:49.3637390Z tests/test_persistence_queries.py::TestGetBuildStatisticsFiltering::test_get_build_statistics_filter_by_project_name PASSED [ 86%]
2026-01-29T12:03:49.3674790Z tests/test_persistence_queries.py::TestGetBuildStatisticsFiltering::test_get_build_statistics_filter_returns_empty_when_no_match PASSED [ 86%]
2026-01-29T12:03:49.3714460Z tests/test_persistence_queries.py::TestGetBuildStatisticsEdgeCases::test_get_build_statistics_with_zero_duration_builds PASSED [ 86%]
2026-01-29T12:03:49.3801140Z tests/test_persistence_queries.py::TestGetBuildStatisticsEdgeCases::test_get_build_statistics_with_large_numbers PASSED [ 86%]
2026-01-29T12:03:49.3909940Z tests/test_persistence_queries.py::TestQueryPerformance::test_get_recent_builds_performance_with_many_builds PASSED [ 86%]
2026-01-29T12:03:49.4014160Z tests/test_persistence_queries.py::TestQueryPerformance::test_get_build_statistics_performance_with_many_builds PASSED [ 86%]
2026-01-29T12:03:49.4022740Z tests/test_project_detection.py::TestSimpleProjectDetection::test_simple_project_call PASSED [ 86%]
2026-01-29T12:03:49.4031190Z tests/test_project_detection.py::TestSimpleProjectDetection::test_project_with_language PASSED [ 87%]
2026-01-29T12:03:49.4038210Z tests/test_project_detection.py::TestSimpleProjectDetection::test_project_with_version PASSED [ 87%]
2026-01-29T12:03:49.4044640Z tests/test_project_detection.py::TestSimpleProjectDetection::test_project_with_languages_keyword PASSED [ 87%]
2026-01-29T12:03:49.4052650Z tests/test_project_detection.py::TestSimpleProjectDetection::test_project_with_all_options PASSED [ 87%]
2026-01-29T12:03:49.4060470Z tests/test_project_detection.py::TestMultilineProjectDetection::test_multiline_project_call PASSED [ 87%]
2026-01-29T12:03:49.4068770Z tests/test_project_detection.py::TestProjectWithComments::test_project_with_comments PASSED [ 87%]
2026-01-29T12:03:49.4078450Z tests/test_project_detection.py::TestNestedProjects::test_nested_project_calls_use_outermost PASSED [ 87%]
2026-01-29T12:03:49.4086440Z tests/test_project_detection.py::TestProjectWithSpecialCharacters::test_project_with_spaces_in_quotes PASSED [ 88%]
2026-01-29T12:03:49.4093930Z tests/test_project_detection.py::TestCaseInsensitivity::test_lowercase_project_command PASSED [ 88%]
2026-01-29T12:03:49.4099370Z tests/test_project_detection.py::TestErrorCases::test_file_not_found PASSED [ 88%]
2026-01-29T12:03:49.4106590Z tests/test_project_detection.py::TestErrorCases::test_no_project_call PASSED [ 88%]
2026-01-29T12:03:49.4115900Z tests/test_project_detection.py::TestErrorCases::test_with_actual_cmakelists_filename PASSED [ 88%]
2026-01-29T12:03:49.4125980Z tests/test_project_detection.py::TestPathHandling::test_with_string_path PASSED [ 88%]
2026-01-29T12:03:49.4130660Z tests/test_project_detection.py::TestPathHandling::test_with_path_object PASSED [ 88%]
2026-01-29T12:03:49.4140390Z tests/test_project_detection.py::TestFileEncodingHandling::test_with_invalid_encoding PASSED [ 89%]
2026-01-29T12:03:49.4148020Z tests/test_project_structure.py::test_all_required_directories_exist PASSED [ 89%]
2026-01-29T12:03:49.4155140Z tests/test_project_structure.py::test_all_init_files_present PASSED      [ 89%]
2026-01-29T12:03:49.4167140Z tests/test_project_structure.py::test_all_modules_can_be_imported PASSED [ 89%]
2026-01-29T12:03:49.4167940Z tests/test_project_structure.py::test_pytest_discovers_tests_directory PASSED [ 89%]
2026-01-29T12:03:49.4205090Z tests/test_project_structure.py::test_main_entry_point_exists PASSED     [ 89%]
2026-01-29T12:03:49.4205630Z tests/test_project_structure.py::test_required_placeholder_files_exist PASSED [ 89%]
2026-01-29T12:03:49.4206130Z tests/test_project_structure.py::test_fixtures_directory_exists PASSED   [ 89%]
2026-01-29T12:03:49.4206740Z tests/test_target_extraction.py::TestNinjaTargetExtraction::test_extract_simple_ninja_target PASSED [ 90%]
2026-01-29T12:03:49.4207370Z tests/test_target_extraction.py::TestNinjaTargetExtraction::test_extract_ninja_library_target PASSED [ 90%]
2026-01-29T12:03:49.4208010Z tests/test_target_extraction.py::TestNinjaTargetExtraction::test_extract_ninja_shared_library PASSED [ 90%]
2026-01-29T12:03:49.4212580Z tests/test_target_extraction.py::TestNinjaTargetExtraction::test_extract_multiple_ninja_targets PASSED [ 90%]
2026-01-29T12:03:49.4218170Z tests/test_target_extraction.py::TestNinjaTargetExtraction::test_extract_ninja_with_completion_percentage PASSED [ 90%]
2026-01-29T12:03:49.4223930Z tests/test_target_extraction.py::TestMakeTargetExtraction::test_extract_simple_make_target PASSED [ 90%]
2026-01-29T12:03:49.4229340Z tests/test_target_extraction.py::TestMakeTargetExtraction::test_extract_make_library_target PASSED [ 90%]
2026-01-29T12:03:49.4234750Z tests/test_target_extraction.py::TestMakeTargetExtraction::test_extract_make_shared_library PASSED [ 91%]
2026-01-29T12:03:49.4240560Z tests/test_target_extraction.py::TestMakeTargetExtraction::test_extract_multiple_make_targets PASSED [ 91%]
2026-01-29T12:03:49.4246460Z tests/test_target_extraction.py::TestMSVCTargetExtraction::test_extract_simple_msvc_target PASSED [ 91%]
2026-01-29T12:03:49.4251800Z tests/test_target_extraction.py::TestMSVCTargetExtraction::test_extract_msvc_library_target PASSED [ 91%]
2026-01-29T12:03:49.4257720Z tests/test_target_extraction.py::TestMSVCTargetExtraction::test_extract_msvc_dll_target PASSED [ 91%]
2026-01-29T12:03:49.4263400Z tests/test_target_extraction.py::TestMSVCTargetExtraction::test_extract_multiple_msvc_targets PASSED [ 91%]
2026-01-29T12:03:49.4276610Z tests/test_target_extraction.py::TestTargetTypeDetection::test_detect_executable_from_extension PASSED [ 91%]
2026-01-29T12:03:49.4277410Z tests/test_target_extraction.py::TestTargetTypeDetection::test_detect_executable_exe_extension PASSED [ 92%]
2026-01-29T12:03:49.4281920Z tests/test_target_extraction.py::TestTargetTypeDetection::test_detect_static_library_from_extension PASSED [ 92%]
2026-01-29T12:03:49.4287740Z tests/test_target_extraction.py::TestTargetTypeDetection::test_detect_static_library_lib_extension PASSED [ 92%]
2026-01-29T12:03:49.4292960Z tests/test_target_extraction.py::TestTargetTypeDetection::test_detect_shared_library_so_extension PASSED [ 92%]
2026-01-29T12:03:49.4298360Z tests/test_target_extraction.py::TestTargetTypeDetection::test_detect_shared_library_dll_extension PASSED [ 92%]
2026-01-29T12:03:49.4303940Z tests/test_target_extraction.py::TestTargetTypeDetection::test_detect_shared_library_dylib_extension PASSED [ 92%]
2026-01-29T12:03:49.4309220Z tests/test_target_extraction.py::TestBuildProgressTracking::test_extract_ninja_progress_steps PASSED [ 92%]
2026-01-29T12:03:49.4314710Z tests/test_target_extraction.py::TestBuildProgressTracking::test_extract_make_percentage_progress PASSED [ 92%]
2026-01-29T12:03:49.4321390Z tests/test_target_extraction.py::TestBuildProgressTracking::test_track_compilation_count PASSED [ 93%]
2026-01-29T12:03:49.4327200Z tests/test_target_extraction.py::TestBuildOrderDetection::test_detect_build_order_from_sequence PASSED [ 93%]
2026-01-29T12:03:49.4332920Z tests/test_target_extraction.py::TestBuildOrderDetection::test_detect_dependency_order PASSED [ 93%]
2026-01-29T12:03:49.4338950Z tests/test_target_extraction.py::TestParallelBuildOutput::test_extract_from_parallel_ninja_output PASSED [ 93%]
2026-01-29T12:03:49.4345000Z tests/test_target_extraction.py::TestParallelBuildOutput::test_handle_interleaved_make_output PASSED [ 93%]
2026-01-29T12:03:49.4351190Z tests/test_target_extraction.py::TestParallelBuildOutput::test_handle_scrambled_ninja_output PASSED [ 93%]
2026-01-29T12:03:49.4356240Z tests/test_target_extraction.py::TestEmptyAndInvalidOutput::test_extract_from_empty_output PASSED [ 93%]
2026-01-29T12:03:49.4361550Z tests/test_target_extraction.py::TestEmptyAndInvalidOutput::test_extract_from_output_without_targets PASSED [ 94%]
2026-01-29T12:03:49.4369340Z tests/test_target_extraction.py::TestEmptyAndInvalidOutput::test_extract_from_clean_output PASSED [ 94%]
2026-01-29T12:03:49.4374530Z tests/test_target_extraction.py::TestEdgeCases::test_target_with_spaces_in_path PASSED [ 94%]
2026-01-29T12:03:49.4380010Z tests/test_target_extraction.py::TestEdgeCases::test_target_with_special_characters PASSED [ 94%]
2026-01-29T12:03:49.4442220Z tests/test_target_extraction.py::TestEdgeCases::test_very_long_build_output PASSED [ 94%]
2026-01-29T12:03:49.4449610Z tests/test_target_extraction.py::TestEdgeCases::test_target_with_unicode_characters PASSED [ 94%]
2026-01-29T12:03:49.4459330Z tests/test_warning_error_extraction.py::TestGCCWarningExtraction::test_extract_simple_gcc_warning PASSED [ 94%]
2026-01-29T12:03:49.4466090Z tests/test_warning_error_extraction.py::TestGCCWarningExtraction::test_extract_gcc_warning_with_full_path PASSED [ 94%]
2026-01-29T12:03:49.4471940Z tests/test_warning_error_extraction.py::TestGCCWarningExtraction::test_extract_multiple_gcc_warnings PASSED [ 95%]
2026-01-29T12:03:49.4477620Z tests/test_warning_error_extraction.py::TestGCCWarningExtraction::test_extract_gcc_warning_without_column PASSED [ 95%]
2026-01-29T12:03:49.4482930Z tests/test_warning_error_extraction.py::TestGCCWarningExtraction::test_extract_gcc_multiline_warning PASSED [ 95%]
2026-01-29T12:03:49.4488140Z tests/test_warning_error_extraction.py::TestClangWarningExtraction::test_extract_simple_clang_warning PASSED [ 95%]
2026-01-29T12:03:49.4494610Z tests/test_warning_error_extraction.py::TestClangWarningExtraction::test_extract_clang_warning_with_note PASSED [ 95%]
2026-01-29T12:03:49.4503440Z tests/test_warning_error_extraction.py::TestClangWarningExtraction::test_extract_clang_warning_with_fixit PASSED [ 95%]
2026-01-29T12:03:49.4510430Z tests/test_warning_error_extraction.py::TestMSVCWarningExtraction::test_extract_simple_msvc_warning PASSED [ 95%]
2026-01-29T12:03:49.4519940Z tests/test_warning_error_extraction.py::TestMSVCWarningExtraction::test_extract_msvc_warning_with_column PASSED [ 96%]
2026-01-29T12:03:49.4526300Z tests/test_warning_error_extraction.py::TestMSVCWarningExtraction::test_extract_msvc_warning_with_full_path PASSED [ 96%]
2026-01-29T12:03:49.4533980Z tests/test_warning_error_extraction.py::TestMSVCWarningExtraction::test_extract_multiple_msvc_warnings PASSED [ 96%]
2026-01-29T12:03:49.4571680Z tests/test_warning_error_extraction.py::TestGCCErrorExtraction::test_extract_simple_gcc_error PASSED [ 96%]
2026-01-29T12:03:49.4572510Z tests/test_warning_error_extraction.py::TestGCCErrorExtraction::test_extract_gcc_fatal_error PASSED [ 96%]
2026-01-29T12:03:49.4573150Z tests/test_warning_error_extraction.py::TestGCCErrorExtraction::test_extract_multiple_gcc_errors PASSED [ 96%]
2026-01-29T12:03:49.4573800Z tests/test_warning_error_extraction.py::TestClangErrorExtraction::test_extract_simple_clang_error PASSED [ 96%]
2026-01-29T12:03:49.4574470Z tests/test_warning_error_extraction.py::TestClangErrorExtraction::test_extract_clang_error_with_multiline PASSED [ 97%]
2026-01-29T12:03:49.4575150Z tests/test_warning_error_extraction.py::TestMSVCErrorExtraction::test_extract_simple_msvc_error PASSED [ 97%]
2026-01-29T12:03:49.4580440Z tests/test_warning_error_extraction.py::TestMSVCErrorExtraction::test_extract_msvc_error_with_column PASSED [ 97%]
2026-01-29T12:03:49.4585610Z tests/test_warning_error_extraction.py::TestMSVCErrorExtraction::test_extract_msvc_fatal_error PASSED [ 97%]
2026-01-29T12:03:49.4590850Z tests/test_warning_error_extraction.py::TestWarningWithoutFileInfo::test_extract_warning_without_file_info PASSED [ 97%]
2026-01-29T12:03:49.4597640Z tests/test_warning_error_extraction.py::TestWarningWithoutFileInfo::test_extract_linker_warning PASSED [ 97%]
2026-01-29T12:03:49.4603690Z tests/test_warning_error_extraction.py::TestColoredOutputHandling::test_extract_warning_with_ansi_colors PASSED [ 97%]
2026-01-29T12:03:49.4608820Z tests/test_warning_error_extraction.py::TestColoredOutputHandling::test_extract_error_with_ansi_colors PASSED [ 97%]
2026-01-29T12:03:49.4614450Z tests/test_warning_error_extraction.py::TestWarningCounting::test_count_warnings PASSED [ 98%]
2026-01-29T12:03:49.4619880Z tests/test_warning_error_extraction.py::TestWarningCounting::test_count_by_type PASSED [ 98%]
2026-01-29T12:03:49.4625570Z tests/test_warning_error_extraction.py::TestWarningDeduplication::test_deduplicate_identical_warnings PASSED [ 98%]
2026-01-29T12:03:49.4631640Z tests/test_warning_error_extraction.py::TestWarningDeduplication::test_no_deduplication_when_disabled PASSED [ 98%]
2026-01-29T12:03:49.4636750Z tests/test_warning_error_extraction.py::TestWarningDeduplication::test_deduplicate_by_file_line_message PASSED [ 98%]
2026-01-29T12:03:49.4642020Z tests/test_warning_error_extraction.py::TestMixedWarningsAndErrors::test_extract_warnings_ignores_errors PASSED [ 98%]
2026-01-29T12:03:49.4648050Z tests/test_warning_error_extraction.py::TestMixedWarningsAndErrors::test_extract_errors_ignores_warnings PASSED [ 98%]
2026-01-29T12:03:49.4653090Z tests/test_warning_error_extraction.py::TestEmptyAndInvalidOutput::test_extract_warnings_from_empty_output PASSED [ 99%]
2026-01-29T12:03:49.4658650Z tests/test_warning_error_extraction.py::TestEmptyAndInvalidOutput::test_extract_errors_from_empty_output PASSED [ 99%]
2026-01-29T12:03:49.4664090Z tests/test_warning_error_extraction.py::TestEmptyAndInvalidOutput::test_extract_from_output_without_warnings PASSED [ 99%]
2026-01-29T12:03:49.4670830Z tests/test_warning_error_extraction.py::TestEmptyAndInvalidOutput::test_extract_from_output_without_errors PASSED [ 99%]
2026-01-29T12:03:49.4676360Z tests/test_warning_error_extraction.py::TestEdgeCases::test_warning_with_special_characters_in_filename PASSED [ 99%]
2026-01-29T12:03:49.4682180Z tests/test_warning_error_extraction.py::TestEdgeCases::test_warning_with_spaces_in_windows_path PASSED [ 99%]
2026-01-29T12:03:49.4688360Z tests/test_warning_error_extraction.py::TestEdgeCases::test_very_long_warning_message PASSED [ 99%]
2026-01-29T12:03:50.2186530Z tests/test_warning_error_extraction.py::TestEdgeCases::test_warning_with_unicode_characters PASSED [100%]
2026-01-29T12:03:50.2287570Z 
2026-01-29T12:03:50.2388490Z ================================ tests coverage ================================
2026-01-29T12:03:50.2489590Z _______________ coverage: platform darwin, python 3.9.13-final-0 _______________
2026-01-29T12:03:50.2590230Z 
2026-01-29T12:03:50.2690910Z Name                           Stmts   Miss   Cover   Missing
2026-01-29T12:03:50.2778520Z -------------------------------------------------------------
2026-01-29T12:03:50.2889150Z __init__.py                        2      0 100.00%
2026-01-29T12:03:50.2902280Z cli/__init__.py                    0      0 100.00%
2026-01-29T12:03:50.2902640Z cli/argument_errors.py            45      0 100.00%
2026-01-29T12:03:50.2902990Z cli/argument_parser.py            51      2  96.08%   135, 141
2026-01-29T12:03:50.2903330Z cli/argument_validator.py         42      0 100.00%
2026-01-29T12:03:50.2903640Z cmake/__init__.py                  0      0 100.00%
2026-01-29T12:03:50.2903970Z cmake/executor.py                117      3  97.44%   87-89
2026-01-29T12:03:50.2904320Z cmake/parameter_manager.py       100      1  99.00%   179
2026-01-29T12:03:50.2904670Z inspector/__init__.py              0      0 100.00%
2026-01-29T12:03:50.2905040Z inspector/build_inspector.py     250     19  92.40%   526, 591, 664-676, 688-697
2026-01-29T12:03:50.2905640Z models/__init__.py                 4      0 100.00%
2026-01-29T12:03:50.2906100Z models/arguments.py               34      2  94.12%   48, 85
2026-01-29T12:03:50.2906440Z models/metadata.py                72      0 100.00%
2026-01-29T12:03:50.2906850Z models/records.py                  0      0 100.00%
2026-01-29T12:03:50.2907280Z models/results.py                 47      0 100.00%
2026-01-29T12:03:50.2907600Z storage/__init__.py                2      0 100.00%
2026-01-29T12:03:50.2908020Z storage/data_persistence.py      134      8  94.03%   147, 223-225, 490-491, 567-568
2026-01-29T12:03:50.2908400Z storage/persistence.py            35      0 100.00%
2026-01-29T12:03:50.2908770Z storage/query.py                   0      0 100.00%
2026-01-29T12:03:50.2909070Z utils/__init__.py                  0      0 100.00%
2026-01-29T12:03:50.2909540Z utils/formatting.py              117      6  94.87%   53, 135, 185-186, 219-220
2026-01-29T12:03:50.2910290Z utils/logging.py                   0      0 100.00%
2026-01-29T12:03:50.2910600Z utils/logging_config.py           39      0 100.00%
2026-01-29T12:03:50.2911130Z utils/paths.py                     0      0 100.00%
2026-01-29T12:03:50.2911610Z -------------------------------------------------------------
2026-01-29T12:03:50.2912110Z TOTAL                           1091     41  96.24%
2026-01-29T12:03:50.2912410Z Coverage HTML written to dir htmlcov
2026-01-29T12:03:50.2912840Z Coverage XML written to file coverage.xml
2026-01-29T12:03:50.2913210Z Required test coverage of 90.0% reached. Total coverage: 96.24%
2026-01-29T12:03:50.2913600Z ============================= 738 passed in 22.26s =============================
2026-01-29T12:03:50.2978420Z Post job cleanup.
2026-01-29T12:03:50.6493050Z Post job cleanup.
2026-01-29T12:03:50.7425720Z [command]/opt/homebrew/bin/git version
2026-01-29T12:03:50.7624540Z git version 2.52.0
2026-01-29T12:03:50.7656680Z Copying '/Users/runner/.gitconfig' to '/Users/runner/work/_temp/fe30a1d3-9bce-466b-9b2a-1127289a0bee/.gitconfig'
2026-01-29T12:03:50.7662710Z Temporarily overriding HOME='/Users/runner/work/_temp/fe30a1d3-9bce-466b-9b2a-1127289a0bee' before making global git config changes
2026-01-29T12:03:50.7663430Z Adding repository directory to the temporary git global config as a safe directory
2026-01-29T12:03:50.7666040Z [command]/opt/homebrew/bin/git config --global --add safe.directory /Users/runner/work/argos/argos
2026-01-29T12:03:50.7753970Z [command]/opt/homebrew/bin/git config --local --name-only --get-regexp core\.sshCommand
2026-01-29T12:03:50.7816890Z [command]/opt/homebrew/bin/git submodule foreach --recursive sh -c "git config --local --name-only --get-regexp 'core\.sshCommand' && git config --local --unset-all 'core.sshCommand' || :"
2026-01-29T12:03:50.8544350Z [command]/opt/homebrew/bin/git config --local --name-only --get-regexp http\.https\:\/\/github\.com\/\.extraheader
2026-01-29T12:03:50.8590430Z http.https://github.com/.extraheader
2026-01-29T12:03:50.8597600Z [command]/opt/homebrew/bin/git config --local --unset-all http.https://github.com/.extraheader
2026-01-29T12:03:50.8651180Z [command]/opt/homebrew/bin/git submodule foreach --recursive sh -c "git config --local --name-only --get-regexp 'http\.https\:\/\/github\.com\/\.extraheader' && git config --local --unset-all 'http.https://github.com/.extraheader' || :"
2026-01-29T12:03:50.9434800Z [command]/opt/homebrew/bin/git config --local --name-only --get-regexp ^includeIf\.gitdir:
2026-01-29T12:03:50.9488500Z [command]/opt/homebrew/bin/git submodule foreach --recursive git config --local --show-origin --name-only --get-regexp remote.origin.url
2026-01-29T12:03:51.0319100Z Cleaning up orphan processes
