2026-01-29T12:03:02.2956439Z Current runner version: '2.331.0'
2026-01-29T12:03:02.2979823Z ##[group]Runner Image Provisioner
2026-01-29T12:03:02.2981115Z Hosted Compute Agent
2026-01-29T12:03:02.2981718Z Version: 20260115.477
2026-01-29T12:03:02.2982287Z Commit: 4b342d620503cbe250a3154040964899ea7c9b00
2026-01-29T12:03:02.2983146Z Build Date: 2026-01-15T22:32:41Z
2026-01-29T12:03:02.2983787Z Worker ID: {001911c2-effb-4a5e-92b6-35c6843d7f7c}
2026-01-29T12:03:02.2984499Z Azure Region: northcentralus
2026-01-29T12:03:02.2985113Z ##[endgroup]
2026-01-29T12:03:02.2986750Z ##[group]Operating System
2026-01-29T12:03:02.2987413Z Ubuntu
2026-01-29T12:03:02.2987955Z 24.04.3
2026-01-29T12:03:02.2988450Z LTS
2026-01-29T12:03:02.2988908Z ##[endgroup]
2026-01-29T12:03:02.2989487Z ##[group]Runner Image
2026-01-29T12:03:02.2990031Z Image: ubuntu-24.04
2026-01-29T12:03:02.2990851Z Version: 20260119.4.1
2026-01-29T12:03:02.2992159Z Included Software: https://github.com/actions/runner-images/blob/ubuntu24/20260119.4/images/ubuntu/Ubuntu2404-Readme.md
2026-01-29T12:03:02.2993608Z Image Release: https://github.com/actions/runner-images/releases/tag/ubuntu24%2F20260119.4
2026-01-29T12:03:02.2994546Z ##[endgroup]
2026-01-29T12:03:02.2995677Z ##[group]GITHUB_TOKEN Permissions
2026-01-29T12:03:02.2997937Z Contents: read
2026-01-29T12:03:02.2998584Z Metadata: read
2026-01-29T12:03:02.2999117Z Packages: read
2026-01-29T12:03:02.2999610Z ##[endgroup]
2026-01-29T12:03:02.3001896Z Secret source: Actions
2026-01-29T12:03:02.3002938Z Prepare workflow directory
2026-01-29T12:03:02.3371840Z Prepare all required actions
2026-01-29T12:03:02.3426139Z Getting action download info
2026-01-29T12:03:02.6790284Z Download action repository 'actions/checkout@v4' (SHA:34e114876b0b11c390a56381ad16ebd13914f8d5)
2026-01-29T12:03:02.7832493Z Download action repository 'actions/setup-python@v5' (SHA:a26af69be951a213d495a4c3e4e4022e16d87065)
2026-01-29T12:03:02.8963014Z Download action repository 'codecov/codecov-action@v4' (SHA:b9fd7d16f6d7d1b5d2bec1a2887e65ceed900238)
2026-01-29T12:03:03.4115412Z Complete job name: test (ubuntu-latest, 3.9)
2026-01-29T12:03:03.4728408Z ##[group]Run actions/checkout@v4
2026-01-29T12:03:03.4729253Z with:
2026-01-29T12:03:03.4729653Z   repository: lmvcruz/argos
2026-01-29T12:03:03.4730283Z   token: ***
2026-01-29T12:03:03.4730855Z   ssh-strict: true
2026-01-29T12:03:03.4731298Z   ssh-user: git
2026-01-29T12:03:03.4731701Z   persist-credentials: true
2026-01-29T12:03:03.4732141Z   clean: true
2026-01-29T12:03:03.4732546Z   sparse-checkout-cone-mode: true
2026-01-29T12:03:03.4733017Z   fetch-depth: 1
2026-01-29T12:03:03.4733395Z   fetch-tags: false
2026-01-29T12:03:03.4733789Z   show-progress: true
2026-01-29T12:03:03.4734186Z   lfs: false
2026-01-29T12:03:03.4734573Z   submodules: false
2026-01-29T12:03:03.4734969Z   set-safe-directory: true
2026-01-29T12:03:03.4735657Z ##[endgroup]
2026-01-29T12:03:03.5789530Z Syncing repository: lmvcruz/argos
2026-01-29T12:03:03.5791524Z ##[group]Getting Git version info
2026-01-29T12:03:03.5792201Z Working directory is '/home/runner/work/argos/argos'
2026-01-29T12:03:03.5793326Z [command]/usr/bin/git version
2026-01-29T12:03:03.5856942Z git version 2.52.0
2026-01-29T12:03:03.5883490Z ##[endgroup]
2026-01-29T12:03:03.5899401Z Temporarily overriding HOME='/home/runner/work/_temp/78316d42-8b9e-42d6-a078-caefd2b56b71' before making global git config changes
2026-01-29T12:03:03.5901982Z Adding repository directory to the temporary git global config as a safe directory
2026-01-29T12:03:03.5913051Z [command]/usr/bin/git config --global --add safe.directory /home/runner/work/argos/argos
2026-01-29T12:03:03.5952328Z Deleting the contents of '/home/runner/work/argos/argos'
2026-01-29T12:03:03.5956248Z ##[group]Initializing the repository
2026-01-29T12:03:03.5961084Z [command]/usr/bin/git init /home/runner/work/argos/argos
2026-01-29T12:03:03.6039249Z hint: Using 'master' as the name for the initial branch. This default branch name
2026-01-29T12:03:03.6040850Z hint: will change to "main" in Git 3.0. To configure the initial branch name
2026-01-29T12:03:03.6042124Z hint: to use in all of your new repositories, which will suppress this warning,
2026-01-29T12:03:03.6043384Z hint: call:
2026-01-29T12:03:03.6043782Z hint:
2026-01-29T12:03:03.6044269Z hint: 	git config --global init.defaultBranch <name>
2026-01-29T12:03:03.6045296Z hint:
2026-01-29T12:03:03.6046275Z hint: Names commonly chosen instead of 'master' are 'main', 'trunk' and
2026-01-29T12:03:03.6047911Z hint: 'development'. The just-created branch can be renamed via this command:
2026-01-29T12:03:03.6049198Z hint:
2026-01-29T12:03:03.6049922Z hint: 	git branch -m <name>
2026-01-29T12:03:03.6051022Z hint:
2026-01-29T12:03:03.6052028Z hint: Disable this message with "git config set advice.defaultBranchName false"
2026-01-29T12:03:03.6053672Z Initialized empty Git repository in /home/runner/work/argos/argos/.git/
2026-01-29T12:03:03.6056926Z [command]/usr/bin/git remote add origin https://github.com/lmvcruz/argos
2026-01-29T12:03:03.6089692Z ##[endgroup]
2026-01-29T12:03:03.6091135Z ##[group]Disabling automatic garbage collection
2026-01-29T12:03:03.6094956Z [command]/usr/bin/git config --local gc.auto 0
2026-01-29T12:03:03.6123544Z ##[endgroup]
2026-01-29T12:03:03.6124813Z ##[group]Setting up auth
2026-01-29T12:03:03.6131171Z [command]/usr/bin/git config --local --name-only --get-regexp core\.sshCommand
2026-01-29T12:03:03.6161657Z [command]/usr/bin/git submodule foreach --recursive sh -c "git config --local --name-only --get-regexp 'core\.sshCommand' && git config --local --unset-all 'core.sshCommand' || :"
2026-01-29T12:03:03.6472249Z [command]/usr/bin/git config --local --name-only --get-regexp http\.https\:\/\/github\.com\/\.extraheader
2026-01-29T12:03:03.6502530Z [command]/usr/bin/git submodule foreach --recursive sh -c "git config --local --name-only --get-regexp 'http\.https\:\/\/github\.com\/\.extraheader' && git config --local --unset-all 'http.https://github.com/.extraheader' || :"
2026-01-29T12:03:03.6717642Z [command]/usr/bin/git config --local --name-only --get-regexp ^includeIf\.gitdir:
2026-01-29T12:03:03.6746859Z [command]/usr/bin/git submodule foreach --recursive git config --local --show-origin --name-only --get-regexp remote.origin.url
2026-01-29T12:03:03.6971845Z [command]/usr/bin/git config --local http.https://github.com/.extraheader AUTHORIZATION: basic ***
2026-01-29T12:03:03.7005066Z ##[endgroup]
2026-01-29T12:03:03.7006285Z ##[group]Fetching the repository
2026-01-29T12:03:03.7015116Z [command]/usr/bin/git -c protocol.version=2 fetch --no-tags --prune --no-recurse-submodules --depth=1 origin +7f7ddd0266788b52ce4c638daa5f9c530ac86029:refs/remotes/origin/main
2026-01-29T12:03:04.0295212Z From https://github.com/lmvcruz/argos
2026-01-29T12:03:04.0296337Z  * [new ref]         7f7ddd0266788b52ce4c638daa5f9c530ac86029 -> origin/main
2026-01-29T12:03:04.0329814Z ##[endgroup]
2026-01-29T12:03:04.0331273Z ##[group]Determining the checkout info
2026-01-29T12:03:04.0332836Z ##[endgroup]
2026-01-29T12:03:04.0338255Z [command]/usr/bin/git sparse-checkout disable
2026-01-29T12:03:04.0381935Z [command]/usr/bin/git config --local --unset-all extensions.worktreeConfig
2026-01-29T12:03:04.0409788Z ##[group]Checking out the ref
2026-01-29T12:03:04.0414420Z [command]/usr/bin/git checkout --progress --force -B main refs/remotes/origin/main
2026-01-29T12:03:04.0542132Z Switched to a new branch 'main'
2026-01-29T12:03:04.0545381Z branch 'main' set up to track 'origin/main'.
2026-01-29T12:03:04.0552057Z ##[endgroup]
2026-01-29T12:03:04.0584810Z [command]/usr/bin/git log -1 --format=%H
2026-01-29T12:03:04.0606304Z 7f7ddd0266788b52ce4c638daa5f9c530ac86029
2026-01-29T12:03:04.0869987Z ##[group]Run actions/setup-python@v5
2026-01-29T12:03:04.0870826Z with:
2026-01-29T12:03:04.0871220Z   python-version: 3.9
2026-01-29T12:03:04.0871684Z   check-latest: false
2026-01-29T12:03:04.0872320Z   token: ***
2026-01-29T12:03:04.0872742Z   update-environment: true
2026-01-29T12:03:04.0873286Z   allow-prereleases: false
2026-01-29T12:03:04.0873786Z   freethreaded: false
2026-01-29T12:03:04.0874227Z ##[endgroup]
2026-01-29T12:03:04.2519386Z ##[group]Installed versions
2026-01-29T12:03:04.2603690Z Version 3.9 was not found in the local cache
2026-01-29T12:03:04.7808210Z Version 3.9 is available for downloading
2026-01-29T12:03:04.7811108Z Download from "https://github.com/actions/python-versions/releases/download/3.9.25-19039189640/python-3.9.25-linux-24.04-x64.tar.gz"
2026-01-29T12:03:05.3719659Z Extract downloaded archive
2026-01-29T12:03:05.3852543Z [command]/usr/bin/tar xz --warning=no-unknown-keyword --overwrite -C /home/runner/work/_temp/cba279d6-fce7-4b2b-86c9-b1a3b02ae15c -f /home/runner/work/_temp/0a7b2939-ed23-4c2a-9534-d5e6a40fb59f
2026-01-29T12:03:06.7612746Z Execute installation script
2026-01-29T12:03:06.7705733Z Check if Python hostedtoolcache folder exist...
2026-01-29T12:03:06.7706445Z Create Python 3.9.25 folder
2026-01-29T12:03:06.7721005Z Copy Python binaries to hostedtoolcache folder
2026-01-29T12:03:07.2670793Z Create additional symlinks (Required for the UsePythonVersion Azure Pipelines task and the setup-python GitHub Action)
2026-01-29T12:03:07.2711366Z Upgrading pip...
2026-01-29T12:03:09.4523778Z Looking in links: /tmp/tmpdwdn83ng
2026-01-29T12:03:09.4528390Z Requirement already satisfied: setuptools in /opt/hostedtoolcache/Python/3.9.25/x64/lib/python3.9/site-packages (79.0.1)
2026-01-29T12:03:09.4533639Z Requirement already satisfied: pip in /opt/hostedtoolcache/Python/3.9.25/x64/lib/python3.9/site-packages (23.0.1)
2026-01-29T12:03:10.6443156Z Collecting pip
2026-01-29T12:03:10.7098964Z Downloading pip-25.3-py3-none-any.whl (1.8 MB)
2026-01-29T12:03:10.7856412Z ━━━━━━━━━━━━━━━━━━━━━━━━━━━━━━━━━━━━━━━━ 1.8/1.8 MB 24.5 MB/s eta 0:00:00
2026-01-29T12:03:10.7858212Z 
2026-01-29T12:03:10.8453032Z Installing collected packages: pip
2026-01-29T12:03:10.8453611Z Attempting uninstall: pip
2026-01-29T12:03:10.8460077Z Found existing installation: pip 23.0.1
2026-01-29T12:03:11.0236651Z Uninstalling pip-23.0.1:
2026-01-29T12:03:11.0364470Z Successfully uninstalled pip-23.0.1
2026-01-29T12:03:11.8443193Z Successfully installed pip-25.3
2026-01-29T12:03:11.8923059Z Create complete file
2026-01-29T12:03:11.8966837Z Successfully set up CPython (3.9.25)
2026-01-29T12:03:11.8968680Z ##[endgroup]
2026-01-29T12:03:11.9197895Z ##[group]Run python -m pip install --upgrade pip
2026-01-29T12:03:11.9198307Z [36;1mpython -m pip install --upgrade pip[0m
2026-01-29T12:03:11.9198613Z [36;1mpip install -r requirements.txt[0m
2026-01-29T12:03:11.9236766Z shell: /usr/bin/bash -e {0}
2026-01-29T12:03:11.9237009Z env:
2026-01-29T12:03:11.9237249Z   pythonLocation: /opt/hostedtoolcache/Python/3.9.25/x64
2026-01-29T12:03:11.9237663Z   PKG_CONFIG_PATH: /opt/hostedtoolcache/Python/3.9.25/x64/lib/pkgconfig
2026-01-29T12:03:11.9238053Z   Python_ROOT_DIR: /opt/hostedtoolcache/Python/3.9.25/x64
2026-01-29T12:03:11.9238428Z   Python2_ROOT_DIR: /opt/hostedtoolcache/Python/3.9.25/x64
2026-01-29T12:03:11.9238802Z   Python3_ROOT_DIR: /opt/hostedtoolcache/Python/3.9.25/x64
2026-01-29T12:03:11.9239192Z   LD_LIBRARY_PATH: /opt/hostedtoolcache/Python/3.9.25/x64/lib
2026-01-29T12:03:11.9239514Z ##[endgroup]
2026-01-29T12:03:12.2655169Z Requirement already satisfied: pip in /opt/hostedtoolcache/Python/3.9.25/x64/lib/python3.9/site-packages (25.3)
2026-01-29T12:03:12.8754533Z Collecting pytest>=7.4.0 (from -r requirements.txt (line 5))
2026-01-29T12:03:12.9585290Z   Downloading pytest-8.4.2-py3-none-any.whl.metadata (7.7 kB)
2026-01-29T12:03:12.9801056Z Collecting pytest-cov>=4.1.0 (from -r requirements.txt (line 6))
2026-01-29T12:03:13.0012853Z   Downloading pytest_cov-7.0.0-py3-none-any.whl.metadata (31 kB)
2026-01-29T12:03:13.0470826Z Collecting pytest-mock>=3.11.1 (from -r requirements.txt (line 7))
2026-01-29T12:03:13.0682734Z   Downloading pytest_mock-3.15.1-py3-none-any.whl.metadata (3.9 kB)
2026-01-29T12:03:13.1603723Z Collecting psutil>=5.9.0 (from -r requirements.txt (line 8))
2026-01-29T12:03:13.1821418Z   Downloading psutil-7.2.2-cp36-abi3-manylinux2010_x86_64.manylinux_2_12_x86_64.manylinux_2_28_x86_64.whl.metadata (22 kB)
2026-01-29T12:03:13.2537295Z Collecting black>=23.7.0 (from -r requirements.txt (line 11))
2026-01-29T12:03:13.2750819Z   Downloading black-25.11.0-cp39-cp39-manylinux2014_x86_64.manylinux_2_17_x86_64.manylinux_2_28_x86_64.whl.metadata (85 kB)
2026-01-29T12:03:13.3236214Z Collecting flake8>=6.1.0 (from -r requirements.txt (line 12))
2026-01-29T12:03:13.3447922Z   Downloading flake8-7.3.0-py2.py3-none-any.whl.metadata (3.8 kB)
2026-01-29T12:03:13.4743719Z Collecting mypy>=1.5.0 (from -r requirements.txt (line 13))
2026-01-29T12:03:13.4958147Z   Downloading mypy-1.19.1-cp39-cp39-manylinux2014_x86_64.manylinux_2_17_x86_64.manylinux_2_28_x86_64.whl.metadata (2.2 kB)
2026-01-29T12:03:13.5162367Z Collecting radon>=6.0.1 (from -r requirements.txt (line 16))
2026-01-29T12:03:13.5372513Z   Downloading radon-6.0.1-py2.py3-none-any.whl.metadata (8.2 kB)
2026-01-29T12:03:13.5808308Z Collecting pylint>=3.0.0 (from -r requirements.txt (line 17))
2026-01-29T12:03:13.6147450Z   Downloading pylint-3.3.9-py3-none-any.whl.metadata (12 kB)
2026-01-29T12:03:13.6514373Z Collecting isort>=5.12.0 (from -r requirements.txt (line 20))
2026-01-29T12:03:13.6724609Z   Downloading isort-6.1.0-py3-none-any.whl.metadata (12 kB)
2026-01-29T12:03:13.6903948Z Collecting autoflake>=2.2.1 (from -r requirements.txt (line 21))
2026-01-29T12:03:13.7112238Z   Downloading autoflake-2.3.1-py3-none-any.whl.metadata (7.6 kB)
2026-01-29T12:03:13.7283032Z Collecting vulture>=2.10 (from -r requirements.txt (line 24))
2026-01-29T12:03:13.7501736Z   Downloading vulture-2.14-py2.py3-none-any.whl.metadata (24 kB)
2026-01-29T12:03:13.7653465Z Collecting exceptiongroup>=1 (from pytest>=7.4.0->-r requirements.txt (line 5))
2026-01-29T12:03:13.7899704Z   Downloading exceptiongroup-1.3.1-py3-none-any.whl.metadata (6.7 kB)
2026-01-29T12:03:13.8019949Z Collecting iniconfig>=1 (from pytest>=7.4.0->-r requirements.txt (line 5))
2026-01-29T12:03:13.8231636Z   Downloading iniconfig-2.1.0-py3-none-any.whl.metadata (2.7 kB)
2026-01-29T12:03:13.8434634Z Collecting packaging>=20 (from pytest>=7.4.0->-r requirements.txt (line 5))
2026-01-29T12:03:13.8645060Z   Downloading packaging-26.0-py3-none-any.whl.metadata (3.3 kB)
2026-01-29T12:03:13.8785263Z Collecting pluggy<2,>=1.5 (from pytest>=7.4.0->-r requirements.txt (line 5))
2026-01-29T12:03:13.9018561Z   Downloading pluggy-1.6.0-py3-none-any.whl.metadata (4.8 kB)
2026-01-29T12:03:13.9264811Z Collecting pygments>=2.7.2 (from pytest>=7.4.0->-r requirements.txt (line 5))
2026-01-29T12:03:13.9481060Z   Downloading pygments-2.19.2-py3-none-any.whl.metadata (2.5 kB)
2026-01-29T12:03:13.9721946Z Collecting tomli>=1 (from pytest>=7.4.0->-r requirements.txt (line 5))
2026-01-29T12:03:13.9935224Z   Downloading tomli-2.4.0-py3-none-any.whl.metadata (10 kB)
2026-01-29T12:03:14.4746690Z Collecting coverage>=7.10.6 (from coverage[toml]>=7.10.6->pytest-cov>=4.1.0->-r requirements.txt (line 6))
2026-01-29T12:03:14.4962415Z   Downloading coverage-7.10.7-cp39-cp39-manylinux1_x86_64.manylinux_2_28_x86_64.manylinux_2_5_x86_64.whl.metadata (8.9 kB)
2026-01-29T12:03:14.5469060Z Collecting click>=8.0.0 (from black>=23.7.0->-r requirements.txt (line 11))
2026-01-29T12:03:14.5684129Z   Downloading click-8.1.8-py3-none-any.whl.metadata (2.3 kB)
2026-01-29T12:03:14.5814248Z Collecting mypy-extensions>=0.4.3 (from black>=23.7.0->-r requirements.txt (line 11))
2026-01-29T12:03:14.6030862Z   Downloading mypy_extensions-1.1.0-py3-none-any.whl.metadata (1.1 kB)
2026-01-29T12:03:14.6237271Z Collecting pathspec>=0.9.0 (from black>=23.7.0->-r requirements.txt (line 11))
2026-01-29T12:03:14.6446443Z   Downloading pathspec-1.0.4-py3-none-any.whl.metadata (13 kB)
2026-01-29T12:03:14.6690876Z Collecting platformdirs>=2 (from black>=23.7.0->-r requirements.txt (line 11))
2026-01-29T12:03:14.6901697Z   Downloading platformdirs-4.4.0-py3-none-any.whl.metadata (12 kB)
2026-01-29T12:03:14.7080148Z Collecting pytokens>=0.3.0 (from black>=23.7.0->-r requirements.txt (line 11))
2026-01-29T12:03:14.7294087Z   Downloading pytokens-0.4.0-cp39-cp39-manylinux2014_x86_64.manylinux_2_17_x86_64.manylinux_2_28_x86_64.whl.metadata (3.8 kB)
2026-01-29T12:03:14.7563184Z Collecting typing-extensions>=4.0.1 (from black>=23.7.0->-r requirements.txt (line 11))
2026-01-29T12:03:14.7775120Z   Downloading typing_extensions-4.15.0-py3-none-any.whl.metadata (3.3 kB)
2026-01-29T12:03:14.7922187Z Collecting mccabe<0.8.0,>=0.7.0 (from flake8>=6.1.0->-r requirements.txt (line 12))
2026-01-29T12:03:14.8132623Z   Downloading mccabe-0.7.0-py2.py3-none-any.whl.metadata (5.0 kB)
2026-01-29T12:03:14.8268710Z Collecting pycodestyle<2.15.0,>=2.14.0 (from flake8>=6.1.0->-r requirements.txt (line 12))
2026-01-29T12:03:14.8482054Z   Downloading pycodestyle-2.14.0-py2.py3-none-any.whl.metadata (4.5 kB)
2026-01-29T12:03:14.8657664Z Collecting pyflakes<3.5.0,>=3.4.0 (from flake8>=6.1.0->-r requirements.txt (line 12))
2026-01-29T12:03:14.8866636Z   Downloading pyflakes-3.4.0-py2.py3-none-any.whl.metadata (3.5 kB)
2026-01-29T12:03:15.0395931Z Collecting librt>=0.6.2 (from mypy>=1.5.0->-r requirements.txt (line 13))
2026-01-29T12:03:15.0607214Z   Downloading librt-0.7.8-cp39-cp39-manylinux2014_x86_64.manylinux_2_17_x86_64.manylinux_2_28_x86_64.whl.metadata (1.3 kB)
2026-01-29T12:03:15.0745669Z Collecting mando<0.8,>=0.6 (from radon>=6.0.1->-r requirements.txt (line 16))
2026-01-29T12:03:15.0955091Z   Downloading mando-0.7.1-py2.py3-none-any.whl.metadata (7.4 kB)
2026-01-29T12:03:15.1133626Z Collecting colorama>=0.4.1 (from radon>=6.0.1->-r requirements.txt (line 16))
2026-01-29T12:03:15.1340498Z   Downloading colorama-0.4.6-py2.py3-none-any.whl.metadata (17 kB)
2026-01-29T12:03:15.1499649Z Collecting six (from mando<0.8,>=0.6->radon>=6.0.1->-r requirements.txt (line 16))
2026-01-29T12:03:15.1707308Z   Downloading six-1.17.0-py2.py3-none-any.whl.metadata (1.7 kB)
2026-01-29T12:03:15.2195089Z Collecting astroid<=3.4.0.dev0,>=3.3.8 (from pylint>=3.0.0->-r requirements.txt (line 17))
2026-01-29T12:03:15.2410185Z   Downloading astroid-3.3.11-py3-none-any.whl.metadata (4.4 kB)
2026-01-29T12:03:15.2571007Z Collecting dill>=0.2 (from pylint>=3.0.0->-r requirements.txt (line 17))
2026-01-29T12:03:15.2781832Z   Downloading dill-0.4.1-py3-none-any.whl.metadata (10 kB)
2026-01-29T12:03:15.3289557Z Collecting tomlkit>=0.10.1 (from pylint>=3.0.0->-r requirements.txt (line 17))
2026-01-29T12:03:15.3500794Z   Downloading tomlkit-0.14.0-py3-none-any.whl.metadata (2.8 kB)
2026-01-29T12:03:15.3938239Z Collecting importlib-metadata>=4.6.0 (from isort>=5.12.0->-r requirements.txt (line 20))
2026-01-29T12:03:15.4149211Z   Downloading importlib_metadata-8.7.1-py3-none-any.whl.metadata (4.7 kB)
2026-01-29T12:03:15.4648884Z Collecting zipp>=3.20 (from importlib-metadata>=4.6.0->isort>=5.12.0->-r requirements.txt (line 20))
2026-01-29T12:03:15.4955765Z   Downloading zipp-3.23.0-py3-none-any.whl.metadata (3.6 kB)
2026-01-29T12:03:15.5422415Z Downloading pytest-8.4.2-py3-none-any.whl (365 kB)
2026-01-29T12:03:15.5914036Z Downloading pluggy-1.6.0-py3-none-any.whl (20 kB)
2026-01-29T12:03:15.6149252Z Downloading pytest_cov-7.0.0-py3-none-any.whl (22 kB)
2026-01-29T12:03:15.6381827Z Downloading pytest_mock-3.15.1-py3-none-any.whl (10 kB)
2026-01-29T12:03:15.6613485Z Downloading psutil-7.2.2-cp36-abi3-manylinux2010_x86_64.manylinux_2_12_x86_64.manylinux_2_28_x86_64.whl (155 kB)
2026-01-29T12:03:15.6858964Z Downloading black-25.11.0-cp39-cp39-manylinux2014_x86_64.manylinux_2_17_x86_64.manylinux_2_28_x86_64.whl (1.7 MB)
2026-01-29T12:03:15.7300997Z    ━━━━━━━━━━━━━━━━━━━━━━━━━━━━━━━━━━━━━━━━ 1.7/1.7 MB 35.9 MB/s  0:00:00
2026-01-29T12:03:15.7515103Z Downloading flake8-7.3.0-py2.py3-none-any.whl (57 kB)
2026-01-29T12:03:15.7751272Z Downloading mccabe-0.7.0-py2.py3-none-any.whl (7.3 kB)
2026-01-29T12:03:15.7983730Z Downloading pycodestyle-2.14.0-py2.py3-none-any.whl (31 kB)
2026-01-29T12:03:15.8217806Z Downloading pyflakes-3.4.0-py2.py3-none-any.whl (63 kB)
2026-01-29T12:03:15.8455095Z Downloading mypy-1.19.1-cp39-cp39-manylinux2014_x86_64.manylinux_2_17_x86_64.manylinux_2_28_x86_64.whl (13.5 MB)
2026-01-29T12:03:15.9386054Z    ━━━━━━━━━━━━━━━━━━━━━━━━━━━━━━━━━━━━━━━━ 13.5/13.5 MB 147.7 MB/s  0:00:00
2026-01-29T12:03:15.9597523Z Downloading radon-6.0.1-py2.py3-none-any.whl (52 kB)
2026-01-29T12:03:15.9829269Z Downloading mando-0.7.1-py2.py3-none-any.whl (28 kB)
2026-01-29T12:03:16.0057938Z Downloading pylint-3.3.9-py3-none-any.whl (523 kB)
2026-01-29T12:03:16.0315374Z Downloading isort-6.1.0-py3-none-any.whl (94 kB)
2026-01-29T12:03:16.0549279Z Downloading astroid-3.3.11-py3-none-any.whl (275 kB)
2026-01-29T12:03:16.0796422Z Downloading autoflake-2.3.1-py3-none-any.whl (32 kB)
2026-01-29T12:03:16.1025511Z Downloading vulture-2.14-py2.py3-none-any.whl (28 kB)
2026-01-29T12:03:16.1258940Z Downloading click-8.1.8-py3-none-any.whl (98 kB)
2026-01-29T12:03:16.1489270Z Downloading colorama-0.4.6-py2.py3-none-any.whl (25 kB)
2026-01-29T12:03:16.1724721Z Downloading coverage-7.10.7-cp39-cp39-manylinux1_x86_64.manylinux_2_28_x86_64.manylinux_2_5_x86_64.whl (246 kB)
2026-01-29T12:03:16.1960062Z Downloading dill-0.4.1-py3-none-any.whl (120 kB)
2026-01-29T12:03:16.2229487Z Downloading exceptiongroup-1.3.1-py3-none-any.whl (16 kB)
2026-01-29T12:03:16.2456950Z Downloading importlib_metadata-8.7.1-py3-none-any.whl (27 kB)
2026-01-29T12:03:16.2683102Z Downloading iniconfig-2.1.0-py3-none-any.whl (6.0 kB)
2026-01-29T12:03:16.2910771Z Downloading librt-0.7.8-cp39-cp39-manylinux2014_x86_64.manylinux_2_17_x86_64.manylinux_2_28_x86_64.whl (186 kB)
2026-01-29T12:03:16.3143675Z Downloading mypy_extensions-1.1.0-py3-none-any.whl (5.0 kB)
2026-01-29T12:03:16.3370976Z Downloading packaging-26.0-py3-none-any.whl (74 kB)
2026-01-29T12:03:16.3602452Z Downloading pathspec-1.0.4-py3-none-any.whl (55 kB)
2026-01-29T12:03:16.3834787Z Downloading platformdirs-4.4.0-py3-none-any.whl (18 kB)
2026-01-29T12:03:16.4063542Z Downloading pygments-2.19.2-py3-none-any.whl (1.2 MB)
2026-01-29T12:03:16.4155280Z    ━━━━━━━━━━━━━━━━━━━━━━━━━━━━━━━━━━━━━━━━ 1.2/1.2 MB 157.0 MB/s  0:00:00
2026-01-29T12:03:16.4364802Z Downloading pytokens-0.4.0-cp39-cp39-manylinux2014_x86_64.manylinux_2_17_x86_64.manylinux_2_28_x86_64.whl (258 kB)
2026-01-29T12:03:16.4603128Z Downloading tomli-2.4.0-py3-none-any.whl (14 kB)
2026-01-29T12:03:16.4828376Z Downloading tomlkit-0.14.0-py3-none-any.whl (39 kB)
2026-01-29T12:03:16.5055986Z Downloading typing_extensions-4.15.0-py3-none-any.whl (44 kB)
2026-01-29T12:03:16.5284065Z Downloading zipp-3.23.0-py3-none-any.whl (10 kB)
2026-01-29T12:03:16.5521969Z Downloading six-1.17.0-py2.py3-none-any.whl (11 kB)
2026-01-29T12:03:16.6971960Z Installing collected packages: zipp, typing-extensions, tomlkit, tomli, six, pytokens, pygments, pyflakes, pycodestyle, psutil, pluggy, platformdirs, pathspec, packaging, mypy-extensions, mccabe, librt, iniconfig, dill, coverage, colorama, click, vulture, mypy, mando, importlib-metadata, flake8, exceptiongroup, black, autoflake, astroid, radon, pytest, isort, pytest-mock, pytest-cov, pylint
2026-01-29T12:03:20.2290920Z 
2026-01-29T12:03:20.2361187Z Successfully installed astroid-3.3.11 autoflake-2.3.1 black-25.11.0 click-8.1.8 colorama-0.4.6 coverage-7.10.7 dill-0.4.1 exceptiongroup-1.3.1 flake8-7.3.0 importlib-metadata-8.7.1 iniconfig-2.1.0 isort-6.1.0 librt-0.7.8 mando-0.7.1 mccabe-0.7.0 mypy-1.19.1 mypy-extensions-1.1.0 packaging-26.0 pathspec-1.0.4 platformdirs-4.4.0 pluggy-1.6.0 psutil-7.2.2 pycodestyle-2.14.0 pyflakes-3.4.0 pygments-2.19.2 pylint-3.3.9 pytest-8.4.2 pytest-cov-7.0.0 pytest-mock-3.15.1 pytokens-0.4.0 radon-6.0.1 six-1.17.0 tomli-2.4.0 tomlkit-0.14.0 typing-extensions-4.15.0 vulture-2.14 zipp-3.23.0
2026-01-29T12:03:20.3732406Z ##[group]Run pytest --cov=forge --cov-report=xml --cov-report=term-missing
2026-01-29T12:03:20.3732965Z [36;1mpytest --cov=forge --cov-report=xml --cov-report=term-missing[0m
2026-01-29T12:03:20.3767292Z shell: /usr/bin/bash -e {0}
2026-01-29T12:03:20.3767519Z env:
2026-01-29T12:03:20.3767766Z   pythonLocation: /opt/hostedtoolcache/Python/3.9.25/x64
2026-01-29T12:03:20.3768172Z   PKG_CONFIG_PATH: /opt/hostedtoolcache/Python/3.9.25/x64/lib/pkgconfig
2026-01-29T12:03:20.3768581Z   Python_ROOT_DIR: /opt/hostedtoolcache/Python/3.9.25/x64
2026-01-29T12:03:20.3769124Z   Python2_ROOT_DIR: /opt/hostedtoolcache/Python/3.9.25/x64
2026-01-29T12:03:20.3769481Z   Python3_ROOT_DIR: /opt/hostedtoolcache/Python/3.9.25/x64
2026-01-29T12:03:20.3769849Z   LD_LIBRARY_PATH: /opt/hostedtoolcache/Python/3.9.25/x64/lib
2026-01-29T12:03:20.3770160Z ##[endgroup]
2026-01-29T12:03:20.7602659Z ============================= test session starts ==============================
2026-01-29T12:03:20.7603727Z platform linux -- Python 3.9.25, pytest-8.4.2, pluggy-1.6.0 -- /opt/hostedtoolcache/Python/3.9.25/x64/bin/python
2026-01-29T12:03:20.7604596Z cachedir: .pytest_cache
2026-01-29T12:03:20.7605002Z rootdir: /home/runner/work/argos/argos/forge
2026-01-29T12:03:20.7605459Z configfile: pytest.ini
2026-01-29T12:03:20.7605800Z testpaths: tests
2026-01-29T12:03:20.7606130Z plugins: cov-7.0.0, mock-3.15.1
2026-01-29T12:03:22.5442407Z collecting ... collected 738 items
2026-01-29T12:03:22.5442701Z 
2026-01-29T12:03:22.5461172Z tests/test_argument_errors.py::TestArgumentErrorCreation::test_argument_error_with_single_message PASSED [  0%]
2026-01-29T12:03:22.5472525Z tests/test_argument_errors.py::TestArgumentErrorCreation::test_argument_error_with_validation_error PASSED [  0%]
2026-01-29T12:03:22.5483372Z tests/test_argument_errors.py::TestArgumentErrorCreation::test_argument_error_has_exit_code PASSED [  0%]
2026-01-29T12:03:22.5494329Z tests/test_argument_errors.py::TestArgumentErrorCreation::test_argument_error_preserves_original_exception PASSED [  0%]
2026-01-29T12:03:22.5505544Z tests/test_argument_errors.py::TestErrorMessageFormatting::test_formatted_error_includes_error_prefix PASSED [  0%]
2026-01-29T12:03:22.5516937Z tests/test_argument_errors.py::TestErrorMessageFormatting::test_formatted_error_includes_message PASSED [  0%]
2026-01-29T12:03:22.5528690Z tests/test_argument_errors.py::TestErrorMessageFormatting::test_formatted_error_includes_help_reference PASSED [  0%]
2026-01-29T12:03:22.5540533Z tests/test_argument_errors.py::TestErrorMessageFormatting::test_formatted_error_suggests_fixes PASSED [  1%]
2026-01-29T12:03:22.5551952Z tests/test_argument_errors.py::TestColoredOutput::test_plain_output_no_ansi_codes PASSED [  1%]
2026-01-29T12:03:22.5563605Z tests/test_argument_errors.py::TestColoredOutput::test_colored_output_has_ansi_codes PASSED [  1%]
2026-01-29T12:03:22.5574953Z tests/test_argument_errors.py::TestColoredOutput::test_colored_output_resets_at_end PASSED [  1%]
2026-01-29T12:03:22.5586412Z tests/test_argument_errors.py::TestColoredOutput::test_color_auto_detection PASSED [  1%]
2026-01-29T12:03:22.5603099Z tests/test_argument_errors.py::TestColoredOutput::test_color_detection_on_unix PASSED [  1%]
2026-01-29T12:03:22.5630535Z tests/test_argument_errors.py::TestColoredOutput::test_color_detection_on_windows_with_wt PASSED [  1%]
2026-01-29T12:03:22.5645621Z tests/test_argument_errors.py::TestColoredOutput::test_color_detection_no_tty PASSED [  2%]
2026-01-29T12:03:22.5657347Z tests/test_argument_errors.py::TestMultiLineErrors::test_multiline_error_preserves_structure PASSED [  2%]
2026-01-29T12:03:22.5669197Z tests/test_argument_errors.py::TestMultiLineErrors::test_error_with_suggestion_on_new_line PASSED [  2%]
2026-01-29T12:03:22.5681144Z tests/test_argument_errors.py::TestErrorContextInformation::test_error_includes_command_example PASSED [  2%]
2026-01-29T12:03:22.5692944Z tests/test_argument_errors.py::TestErrorContextInformation::test_error_shows_problematic_path PASSED [  2%]
2026-01-29T12:03:22.5705014Z tests/test_argument_errors.py::TestErrorContextInformation::test_error_references_documentation PASSED [  2%]
2026-01-29T12:03:22.5716517Z tests/test_argument_errors.py::TestValidationErrorConversion::test_convert_simple_validation_error PASSED [  2%]
2026-01-29T12:03:22.5728479Z tests/test_argument_errors.py::TestValidationErrorConversion::test_convert_validation_error_extracts_suggestion PASSED [  2%]
2026-01-29T12:03:22.5740235Z tests/test_argument_errors.py::TestValidationErrorConversion::test_convert_validation_error_adds_help_reference PASSED [  3%]
2026-01-29T12:03:22.5752141Z tests/test_argument_errors.py::TestErrorExitCodes::test_validation_error_has_exit_code_2 PASSED [  3%]
2026-01-29T12:03:22.5763497Z tests/test_argument_errors.py::TestErrorExitCodes::test_can_override_exit_code PASSED [  3%]
2026-01-29T12:03:22.5775186Z tests/test_argument_errors.py::TestErrorStringRepresentation::test_str_representation_is_user_friendly PASSED [  3%]
2026-01-29T12:03:22.5787326Z tests/test_argument_errors.py::TestErrorStringRepresentation::test_repr_includes_class_info PASSED [  3%]
2026-01-29T12:03:22.5827857Z tests/test_argument_parser.py::TestBasicParsing::test_parse_with_only_required_build_dir PASSED [  3%]
2026-01-29T12:03:22.5854130Z tests/test_argument_parser.py::TestBasicParsing::test_parse_with_source_dir_and_build_dir PASSED [  3%]
2026-01-29T12:03:22.5883578Z tests/test_argument_parser.py::TestBasicParsing::test_parse_with_all_optional_arguments PASSED [  4%]
2026-01-29T12:03:22.5908307Z tests/test_argument_parser.py::TestCMakeArguments::test_parse_cmake_args_single_value PASSED [  4%]
2026-01-29T12:03:22.5932689Z tests/test_argument_parser.py::TestCMakeArguments::test_parse_cmake_args_multiple_values PASSED [  4%]
2026-01-29T12:03:22.5956769Z tests/test_argument_parser.py::TestCMakeArguments::test_parse_build_args_single_value PASSED [  4%]
2026-01-29T12:03:22.5980861Z tests/test_argument_parser.py::TestCMakeArguments::test_parse_build_args_multiple_values PASSED [  4%]
2026-01-29T12:03:22.6005177Z tests/test_argument_parser.py::TestFlags::test_parse_verbose_flag PASSED [  4%]
2026-01-29T12:03:22.6029073Z tests/test_argument_parser.py::TestFlags::test_parse_without_verbose_flag PASSED [  4%]
2026-01-29T12:03:22.6054628Z tests/test_argument_parser.py::TestFlags::test_parse_project_name_override PASSED [  5%]
2026-01-29T12:03:22.6078894Z tests/test_argument_parser.py::TestFlags::test_parse_no_configure_flag PASSED [  5%]
2026-01-29T12:03:22.6103170Z tests/test_argument_parser.py::TestFlags::test_parse_clean_build_flag PASSED [  5%]
2026-01-29T12:03:22.6140108Z tests/test_argument_parser.py::TestHelpAndVersion::test_help_message_generation PASSED [  5%]
2026-01-29T12:03:22.6159357Z tests/test_argument_parser.py::TestHelpAndVersion::test_version_output PASSED [  5%]
2026-01-29T12:03:22.6187380Z tests/test_argument_parser.py::TestPathHandling::test_relative_paths_converted_to_absolute PASSED [  5%]
2026-01-29T12:03:22.6211368Z tests/test_argument_parser.py::TestPathHandling::test_tilde_expansion_in_paths PASSED [  5%]
2026-01-29T12:03:22.6236508Z tests/test_argument_parser.py::TestSysArgvSimulation::test_parse_from_sys_argv PASSED [  5%]
2026-01-29T12:03:22.6260845Z tests/test_argument_parser.py::TestSysArgvSimulation::test_parse_with_equals_syntax PASSED [  6%]
2026-01-29T12:03:22.6285347Z tests/test_argument_parser.py::TestDefaultValues::test_default_values_set_correctly PASSED [  6%]
2026-01-29T12:03:22.6307485Z tests/test_argument_parser.py::TestErrorCases::test_parse_without_required_argument PASSED [  6%]
2026-01-29T12:03:22.6337357Z tests/test_argument_parser.py::TestErrorCases::test_parse_with_unknown_argument PASSED [  6%]
2026-01-29T12:03:22.6356863Z tests/test_argument_validation.py::TestValidArgumentCombinations::test_validate_with_existing_source_and_build_dirs PASSED [  6%]
2026-01-29T12:03:22.6374969Z tests/test_argument_validation.py::TestValidArgumentCombinations::test_validate_with_source_dir_only PASSED [  6%]
2026-01-29T12:03:22.6393377Z tests/test_argument_validation.py::TestValidArgumentCombinations::test_validate_with_build_dir_only PASSED [  6%]
2026-01-29T12:03:22.6411415Z tests/test_argument_validation.py::TestValidArgumentCombinations::test_validate_with_valid_database_path PASSED [  7%]
2026-01-29T12:03:22.6428492Z tests/test_argument_validation.py::TestBuildDirectoryValidation::test_error_when_build_dir_missing_and_no_source_dir PASSED [  7%]
2026-01-29T12:03:22.6446426Z tests/test_argument_validation.py::TestBuildDirectoryValidation::test_error_when_build_dir_missing_no_cmake_cache PASSED [  7%]
2026-01-29T12:03:22.6463283Z tests/test_argument_validation.py::TestSourceDirectoryValidation::test_error_when_source_dir_does_not_exist PASSED [  7%]
2026-01-29T12:03:22.6481026Z tests/test_argument_validation.py::TestSourceDirectoryValidation::test_error_when_source_dir_missing_cmakelists PASSED [  7%]
2026-01-29T12:03:22.6498916Z tests/test_argument_validation.py::TestSourceDirectoryValidation::test_error_when_source_dir_is_file PASSED [  7%]
2026-01-29T12:03:22.6518028Z tests/test_argument_validation.py::TestDatabaseValidation::test_error_when_database_path_is_directory PASSED [  7%]
2026-01-29T12:03:22.6541256Z tests/test_argument_validation.py::TestDatabaseValidation::test_error_when_database_parent_does_not_exist PASSED [  7%]
2026-01-29T12:03:22.6559566Z tests/test_argument_validation.py::TestPathNormalization::test_paths_are_absolute PASSED [  8%]
2026-01-29T12:03:22.6579894Z tests/test_argument_validation.py::TestPathNormalization::test_symlinks_are_resolved PASSED [  8%]
2026-01-29T12:03:22.6598071Z tests/test_argument_validation.py::TestMutuallyExclusiveOptions::test_no_configure_requires_existing_build PASSED [  8%]
2026-01-29T12:03:22.6615293Z tests/test_argument_validation.py::TestMutuallyExclusiveOptions::test_no_configure_with_nonexistent_build_dir PASSED [  8%]
2026-01-29T12:03:22.6633447Z tests/test_argument_validation.py::TestMutuallyExclusiveOptions::test_clean_build_with_no_configure_is_invalid PASSED [  8%]
2026-01-29T12:03:22.6650234Z tests/test_argument_validation.py::TestValidationErrorMessages::test_error_message_includes_path PASSED [  8%]
2026-01-29T12:03:22.6667299Z tests/test_argument_validation.py::TestValidationErrorMessages::test_error_message_suggests_fix PASSED [  8%]
2026-01-29T12:03:22.6684991Z tests/test_argument_validation.py::TestValidationErrorMessages::test_validation_error_has_context PASSED [  9%]
2026-01-29T12:03:22.6703134Z tests/test_argument_validation.py::TestMultipleValidationErrors::test_reports_first_error_encountered PASSED [  9%]
2026-01-29T12:03:22.6770504Z tests/test_build_inspection_integration.py::TestCompleteSuccessfulBuild::test_complete_ninja_build_inspection PASSED [  9%]
2026-01-29T12:03:22.6791289Z tests/test_build_inspection_integration.py::TestCompleteSuccessfulBuild::test_complete_make_build_inspection PASSED [  9%]
2026-01-29T12:03:22.6811849Z tests/test_build_inspection_integration.py::TestBuildWithWarnings::test_build_with_gcc_warnings PASSED [  9%]
2026-01-29T12:03:22.6831923Z tests/test_build_inspection_integration.py::TestBuildWithWarnings::test_build_with_msvc_warnings PASSED [  9%]
2026-01-29T12:03:22.6852707Z tests/test_build_inspection_integration.py::TestFailedBuild::test_build_with_compilation_errors PASSED [  9%]
2026-01-29T12:03:22.6872645Z tests/test_build_inspection_integration.py::TestFailedBuild::test_build_with_link_errors PASSED [ 10%]
2026-01-29T12:03:22.6893025Z tests/test_build_inspection_integration.py::TestPartialOutput::test_build_with_minimal_output PASSED [ 10%]
2026-01-29T12:03:22.6911672Z tests/test_build_inspection_integration.py::TestPartialOutput::test_build_with_empty_output PASSED [ 10%]
2026-01-29T12:03:22.6923690Z tests/test_build_inspection_integration.py::TestPartialOutput::test_build_without_source_dir PASSED [ 10%]
2026-01-29T12:03:22.6943598Z tests/test_build_inspection_integration.py::TestMetadataCompleteness::test_metadata_has_all_required_fields PASSED [ 10%]
2026-01-29T12:03:22.6963419Z tests/test_build_inspection_integration.py::TestMetadataCompleteness::test_targets_list_is_correct_type PASSED [ 10%]
2026-01-29T12:03:22.6982973Z tests/test_build_inspection_integration.py::TestMetadataCompleteness::test_warnings_list_is_correct_type PASSED [ 10%]
2026-01-29T12:03:22.7005634Z tests/test_build_inspection_integration.py::TestIntegrationWithRealFixtures::test_with_ninja_fixture PASSED [ 10%]
2026-01-29T12:03:22.7024050Z tests/test_build_inspection_integration.py::TestEdgeCases::test_multiple_projects_use_first PASSED [ 11%]
2026-01-29T12:03:22.7042988Z tests/test_build_inspection_integration.py::TestEdgeCases::test_ansi_color_codes_handled PASSED [ 11%]
2026-01-29T12:03:22.7239062Z tests/test_build_inspection_integration.py::TestEdgeCases::test_very_large_output PASSED [ 11%]
2026-01-29T12:03:22.7258849Z tests/test_cmake_detection.py::TestCMakeDetection::test_cmake_detected_when_available PASSED [ 11%]
2026-01-29T12:03:22.7272931Z tests/test_cmake_detection.py::TestCMakeDetection::test_cmake_not_found_returns_false PASSED [ 11%]
2026-01-29T12:03:22.7287353Z tests/test_cmake_detection.py::TestCMakeDetection::test_cmake_check_handles_other_exceptions PASSED [ 11%]
2026-01-29T12:03:22.7306991Z tests/test_cmake_detection.py::TestCMakeDetection::test_cmake_check_handles_nonzero_exit_code PASSED [ 11%]
2026-01-29T12:03:22.7326269Z tests/test_cmake_detection.py::TestCMakeDetection::test_cmake_check_uses_timeout PASSED [ 12%]
2026-01-29T12:03:22.7348364Z tests/test_cmake_detection.py::TestCMakeVersionExtraction::test_get_version_standard_format PASSED [ 12%]
2026-01-29T12:03:22.7367527Z tests/test_cmake_detection.py::TestCMakeVersionExtraction::test_get_version_two_part_version PASSED [ 12%]
2026-01-29T12:03:22.7386730Z tests/test_cmake_detection.py::TestCMakeVersionExtraction::test_get_version_with_patch_and_suffix PASSED [ 12%]
2026-01-29T12:03:22.7405898Z tests/test_cmake_detection.py::TestCMakeVersionExtraction::test_get_version_multiline_output PASSED [ 12%]
2026-01-29T12:03:22.7419576Z tests/test_cmake_detection.py::TestCMakeVersionExtraction::test_get_version_cmake_not_found PASSED [ 12%]
2026-01-29T12:03:22.7434023Z tests/test_cmake_detection.py::TestCMakeVersionExtraction::test_get_version_handles_exceptions PASSED [ 12%]
2026-01-29T12:03:22.7453731Z tests/test_cmake_detection.py::TestCMakeVersionExtraction::test_get_version_invalid_output_format PASSED [ 13%]
2026-01-29T12:03:22.7472539Z tests/test_cmake_detection.py::TestCMakeVersionExtraction::test_get_version_empty_output PASSED [ 13%]
2026-01-29T12:03:22.7490914Z tests/test_cmake_detection.py::TestCMakeVersionExtraction::test_get_version_with_rc_suffix PASSED [ 13%]
2026-01-29T12:03:22.7503309Z tests/test_cmake_detection.py::TestVersionComparison::test_compare_version_greater PASSED [ 13%]
2026-01-29T12:03:22.7514084Z tests/test_cmake_detection.py::TestVersionComparison::test_compare_version_less PASSED [ 13%]
2026-01-29T12:03:22.7524989Z tests/test_cmake_detection.py::TestVersionComparison::test_compare_version_equal PASSED [ 13%]
2026-01-29T12:03:22.7536773Z tests/test_cmake_detection.py::TestVersionComparison::test_compare_version_different_lengths PASSED [ 13%]
2026-01-29T12:03:22.7547654Z tests/test_cmake_detection.py::TestVersionComparison::test_compare_version_major_difference PASSED [ 13%]
2026-01-29T12:03:22.7558556Z tests/test_cmake_detection.py::TestVersionComparison::test_compare_version_with_suffix_ignored PASSED [ 14%]
2026-01-29T12:03:22.7572599Z tests/test_cmake_detection.py::TestVersionComparison::test_check_minimum_version_success PASSED [ 14%]
2026-01-29T12:03:22.7586394Z tests/test_cmake_detection.py::TestVersionComparison::test_check_minimum_version_fail PASSED [ 14%]
2026-01-29T12:03:22.7600277Z tests/test_cmake_detection.py::TestVersionComparison::test_check_minimum_version_equal PASSED [ 14%]
2026-01-29T12:03:22.7615212Z tests/test_cmake_detection.py::TestVersionComparison::test_check_minimum_version_cmake_not_found PASSED [ 14%]
2026-01-29T12:03:22.7633384Z tests/test_cmake_detection.py::TestCMakePathResolution::test_cmake_found_in_path PASSED [ 14%]
2026-01-29T12:03:22.7659760Z tests/test_cmake_detection.py::TestCMakePathResolution::test_cmake_custom_path PASSED [ 14%]
2026-01-29T12:03:22.7678798Z tests/test_cmake_detection.py::TestCMakePathResolution::test_cmake_path_with_spaces PASSED [ 15%]
2026-01-29T12:03:22.7697899Z tests/test_cmake_detection.py::TestCMakeDetectionIntegration::test_detection_before_execution PASSED [ 15%]
2026-01-29T12:03:22.7717618Z tests/test_cmake_detection.py::TestCMakeDetectionIntegration::test_version_info_caching PASSED [ 15%]
2026-01-29T12:03:22.7731722Z tests/test_cmake_detection.py::TestCMakeDetectionIntegration::test_helpful_error_message_when_cmake_missing PASSED [ 15%]
2026-01-29T12:03:22.8215103Z tests/test_cmake_detection.py::TestRealCMakeDetection::test_real_cmake_detection PASSED [ 15%]
2026-01-29T12:03:22.8251881Z tests/test_configure_inspection.py::TestCMakeVersionExtraction::test_extract_cmake_version_from_linux_output PASSED [ 15%]
2026-01-29T12:03:22.8266585Z tests/test_configure_inspection.py::TestCMakeVersionExtraction::test_extract_cmake_version_from_windows_output PASSED [ 15%]
2026-01-29T12:03:22.8281144Z tests/test_configure_inspection.py::TestCMakeVersionExtraction::test_extract_cmake_version_from_macos_output PASSED [ 15%]
2026-01-29T12:03:22.8299728Z tests/test_configure_inspection.py::TestCMakeVersionExtraction::test_cmake_version_none_when_missing PASSED [ 16%]
2026-01-29T12:03:22.8314299Z tests/test_configure_inspection.py::TestGeneratorDetection::test_detect_visual_studio_generator PASSED [ 16%]
2026-01-29T12:03:22.8328819Z tests/test_configure_inspection.py::TestGeneratorDetection::test_generator_none_when_not_specified PASSED [ 16%]
2026-01-29T12:03:22.8343134Z tests/test_configure_inspection.py::TestCompilerDetection::test_detect_gccompiler_c PASSED [ 16%]
2026-01-29T12:03:22.8357212Z tests/test_configure_inspection.py::TestCompilerDetection::test_detect_msvcompiler_c PASSED [ 16%]
2026-01-29T12:03:22.8372140Z tests/test_configure_inspection.py::TestCompilerDetection::test_detect_clang_compiler PASSED [ 16%]
2026-01-29T12:03:22.8383534Z tests/test_configure_inspection.py::TestCompilerDetection::test_compiler_none_when_missing PASSED [ 16%]
2026-01-29T12:03:22.8397883Z tests/test_configure_inspection.py::TestSystemInfoExtraction::test_extract_linux_system_info PASSED [ 17%]
2026-01-29T12:03:22.8412262Z tests/test_configure_inspection.py::TestSystemInfoExtraction::test_extract_windows_system_info PASSED [ 17%]
2026-01-29T12:03:22.8426356Z tests/test_configure_inspection.py::TestSystemInfoExtraction::test_extract_macos_system_info PASSED [ 17%]
2026-01-29T12:03:22.8437725Z tests/test_configure_inspection.py::TestSystemInfoExtraction::test_system_info_none_when_missing PASSED [ 17%]
2026-01-29T12:03:22.8452413Z tests/test_configure_inspection.py::TestFoundPackagesDetection::test_detect_single_package PASSED [ 17%]
2026-01-29T12:03:22.8467027Z tests/test_configure_inspection.py::TestFoundPackagesDetection::test_detect_multiple_packages PASSED [ 17%]
2026-01-29T12:03:22.8481321Z tests/test_configure_inspection.py::TestFoundPackagesDetection::test_package_order_preserved PASSED [ 17%]
2026-01-29T12:03:22.8495622Z tests/test_configure_inspection.py::TestFoundPackagesDetection::test_no_packages_when_none_found PASSED [ 18%]
2026-01-29T12:03:22.8509860Z tests/test_configure_inspection.py::TestFoundPackagesDetection::test_python_package_detected PASSED [ 18%]
2026-01-29T12:03:22.8524592Z tests/test_configure_inspection.py::TestBuildTypeDetection::test_detect_release_build_type PASSED [ 18%]
2026-01-29T12:03:22.8538786Z tests/test_configure_inspection.py::TestBuildTypeDetection::test_detect_debug_build_type PASSED [ 18%]
2026-01-29T12:03:22.8553341Z tests/test_configure_inspection.py::TestBuildTypeDetection::test_detect_relwithdebinfo_build_type PASSED [ 18%]
2026-01-29T12:03:22.8564888Z tests/test_configure_inspection.py::TestBuildTypeDetection::test_build_type_none_when_missing PASSED [ 18%]
2026-01-29T12:03:22.8576163Z tests/test_configure_inspection.py::TestBuildTypeDetection::test_detect_build_type_from_cache_variable PASSED [ 18%]
2026-01-29T12:03:22.8587975Z tests/test_configure_inspection.py::TestBuildTypeDetection::test_detect_build_type_from_cache_variable_release PASSED [ 18%]
2026-01-29T12:03:22.8600144Z tests/test_configure_inspection.py::TestBuildTypeDetection::test_detect_build_type_from_simple_assignment PASSED [ 19%]
2026-01-29T12:03:22.8614623Z tests/test_configure_inspection.py::TestPartialInformation::test_handle_minimal_output PASSED [ 19%]
2026-01-29T12:03:22.8625954Z tests/test_configure_inspection.py::TestPartialInformation::test_handle_empty_output PASSED [ 19%]
2026-01-29T12:03:22.8637493Z tests/test_configure_inspection.py::TestPartialInformation::test_handle_partial_compiler_info PASSED [ 19%]
2026-01-29T12:03:22.8656363Z tests/test_configure_inspection.py::TestCrossPlatformOutput::test_all_platforms_return_valid_metadata PASSED [ 19%]
2026-01-29T12:03:22.8674683Z tests/test_configure_inspection.py::TestCrossPlatformOutput::test_platform_specificompiler_cs_detected PASSED [ 19%]
2026-01-29T12:03:22.8688889Z tests/test_configure_inspection.py::TestMetadataIntegrity::test_metadata_has_all_fields PASSED [ 19%]
2026-01-29T12:03:22.8703396Z tests/test_configure_inspection.py::TestMetadataIntegrity::test_found_packages_is_list PASSED [ 20%]
2026-01-29T12:03:22.8718589Z tests/test_configure_inspection.py::TestMetadataIntegrity::test_string_fields_are_strings_or_none PASSED [ 20%]
2026-01-29T12:03:22.8739015Z tests/test_database_schema.py::TestDatabaseCreation::test_database_creation_with_none_path_uses_default PASSED [ 20%]
2026-01-29T12:03:22.9002933Z tests/test_database_schema.py::TestDatabaseCreation::test_context_manager_closes_connection PASSED [ 20%]
2026-01-29T12:03:22.9243209Z tests/test_database_schema.py::TestDatabaseCreation::test_database_creation_in_temporary_location PASSED [ 20%]
2026-01-29T12:03:22.9481420Z tests/test_database_schema.py::TestDatabaseCreation::test_database_creation_in_default_location PASSED [ 20%]
2026-01-29T12:03:22.9770059Z tests/test_database_schema.py::TestDatabaseCreation::test_database_connection_established PASSED [ 20%]
2026-01-29T12:03:23.0008378Z tests/test_database_schema.py::TestDatabaseCreation::test_idempotent_initialization PASSED [ 21%]
2026-01-29T12:03:23.0247809Z tests/test_database_schema.py::TestTableStructure::test_all_tables_created PASSED [ 21%]
2026-01-29T12:03:23.0451291Z tests/test_database_schema.py::TestTableStructure::test_configurations_table_columns PASSED [ 21%]
2026-01-29T12:03:23.0649597Z tests/test_database_schema.py::TestTableStructure::test_builds_table_columns PASSED [ 21%]
2026-01-29T12:03:23.0860556Z tests/test_database_schema.py::TestTableStructure::test_warnings_table_columns PASSED [ 21%]
2026-01-29T12:03:23.1056134Z tests/test_database_schema.py::TestTableStructure::test_errors_table_columns PASSED [ 21%]
2026-01-29T12:03:23.1264106Z tests/test_database_schema.py::TestTableStructure::test_build_targets_table_columns PASSED [ 21%]
2026-01-29T12:03:23.1471277Z tests/test_database_schema.py::TestIndexes::test_all_indexes_created PASSED [ 21%]
2026-01-29T12:03:23.1674051Z tests/test_database_schema.py::TestConstraints::test_foreign_key_constraints_enabled PASSED [ 22%]
2026-01-29T12:03:23.1907658Z tests/test_database_schema.py::TestConstraints::test_builds_foreign_key_to_configurations PASSED [ 22%]
2026-01-29T12:03:23.2113541Z tests/test_database_schema.py::TestConstraints::test_builds_foreign_key_constraint_enforced PASSED [ 22%]
2026-01-29T12:03:23.2331307Z tests/test_database_schema.py::TestConstraints::test_warnings_foreign_key_cascade_delete PASSED [ 22%]
2026-01-29T12:03:23.2548043Z tests/test_database_schema.py::TestConstraints::test_errors_foreign_key_cascade_delete PASSED [ 22%]
2026-01-29T12:03:23.2759727Z tests/test_database_schema.py::TestConstraints::test_default_values_set_correctly PASSED [ 22%]
2026-01-29T12:03:23.3000087Z tests/test_database_schema.py::TestConstraints::test_builds_default_warning_error_counts PASSED [ 22%]
2026-01-29T12:03:23.3204561Z tests/test_database_schema.py::TestConnectionManagement::test_connection_reuse PASSED [ 23%]
2026-01-29T12:03:23.3404708Z tests/test_database_schema.py::TestConnectionManagement::test_close_connection PASSED [ 23%]
2026-01-29T12:03:23.3416271Z tests/test_documentation.py::TestModuleDocstrings::test_main_package_docstring PASSED [ 23%]
2026-01-29T12:03:23.3427271Z tests/test_documentation.py::TestModuleDocstrings::test_models_package_docstring PASSED [ 23%]
2026-01-29T12:03:23.3438639Z tests/test_documentation.py::TestModuleDocstrings::test_utils_package_docstring PASSED [ 23%]
2026-01-29T12:03:23.3449940Z tests/test_documentation.py::TestClassDocstrings::test_data_model_classes_have_docstrings PASSED [ 23%]
2026-01-29T12:03:23.3461943Z tests/test_documentation.py::TestClassDocstrings::test_cli_classes_have_docstrings PASSED [ 23%]
2026-01-29T12:03:23.3472827Z tests/test_documentation.py::TestClassDocstrings::test_cmake_classes_have_docstrings PASSED [ 23%]
2026-01-29T12:03:23.3484250Z tests/test_documentation.py::TestClassDocstrings::test_inspector_classes_have_docstrings PASSED [ 24%]
2026-01-29T12:03:23.3495474Z tests/test_documentation.py::TestClassDocstrings::test_storage_classes_have_docstrings PASSED [ 24%]
2026-01-29T12:03:23.3507422Z tests/test_documentation.py::TestMethodDocstrings::test_cmake_executor_methods_have_docstrings PASSED [ 24%]
2026-01-29T12:03:23.3519288Z tests/test_documentation.py::TestMethodDocstrings::test_parameter_manager_methods_have_docstrings PASSED [ 24%]
2026-01-29T12:03:23.3531941Z tests/test_documentation.py::TestMethodDocstrings::test_build_inspector_methods_have_docstrings PASSED [ 24%]
2026-01-29T12:03:23.3543812Z tests/test_documentation.py::TestMethodDocstrings::test_persistence_methods_have_docstrings PASSED [ 24%]
2026-01-29T12:03:23.3555826Z tests/test_documentation.py::TestFunctionDocstrings::test_formatting_functions_have_docstrings PASSED [ 24%]
2026-01-29T12:03:23.3567277Z tests/test_documentation.py::TestFunctionDocstrings::test_logging_config_functions_have_docstrings PASSED [ 25%]
2026-01-29T12:03:23.3578002Z tests/test_documentation.py::TestDocstringFormat::test_forge_arguments_docstring_format PASSED [ 25%]
2026-01-29T12:03:23.3588863Z tests/test_documentation.py::TestDocstringFormat::test_executor_execute_configure_docstring_format PASSED [ 25%]
2026-01-29T12:03:23.3599750Z tests/test_documentation.py::TestDocstringFormat::test_format_duration_docstring_format PASSED [ 25%]
2026-01-29T12:03:23.3612061Z tests/test_documentation.py::TestDocstringCompleteness::test_parameter_docstrings_match_signatures PASSED [ 25%]
2026-01-29T12:03:23.3623111Z tests/test_documentation.py::TestDocstringCompleteness::test_return_types_documented PASSED [ 25%]
2026-01-29T12:03:23.3634602Z tests/test_documentation.py::TestDocstringExamples::test_format_duration_examples PASSED [ 25%]
2026-01-29T12:03:23.3646162Z tests/test_documentation.py::TestDocstringExamples::test_format_timestamp_examples PASSED [ 26%]
2026-01-29T12:03:23.3657994Z tests/test_documentation.py::TestAPIExportCompleteness::test_models_all_export PASSED [ 26%]
2026-01-29T12:03:25.3117704Z tests/test_e2e_samples.py::TestSimpleExecutable::test_configure_and_build_simple_executable PASSED [ 26%]
2026-01-29T12:03:25.8443559Z tests/test_e2e_samples.py::TestSimpleExecutable::test_build_only_simple_executable PASSED [ 26%]
2026-01-29T12:03:31.9659248Z tests/test_e2e_samples.py::TestMultipleTargets::test_multiple_targets_project PASSED [ 26%]
2026-01-29T12:03:32.4886484Z tests/test_e2e_samples.py::TestHeaderOnlyLibrary::test_header_only_library PASSED [ 26%]
2026-01-29T12:03:33.0933814Z tests/test_e2e_samples.py::TestSubdirectories::test_project_with_subdirectories PASSED [ 26%]
2026-01-29T12:03:33.6223106Z tests/test_e2e_samples.py::TestBuildTypes::test_debug_build PASSED       [ 26%]
2026-01-29T12:03:34.2408944Z tests/test_e2e_samples.py::TestBuildTypes::test_release_build PASSED     [ 27%]
2026-01-29T12:03:34.7573905Z tests/test_e2e_samples.py::TestEndToEndWorkflow::test_complete_workflow_with_metadata PASSED [ 27%]
2026-01-29T12:03:35.2751120Z tests/test_e2e_samples.py::TestEndToEndWorkflow::test_verbose_output PASSED [ 27%]
2026-01-29T12:03:36.2097568Z tests/test_e2e_samples.py::TestDataPersistence::test_multiple_builds_same_project PASSED [ 27%]
2026-01-29T12:03:37.3343917Z tests/test_e2e_samples.py::TestDataPersistence::test_multiple_different_projects PASSED [ 27%]
2026-01-29T12:03:37.4622572Z tests/test_edge_cases.py::TestVeryLongOutput::test_very_long_configure_output PASSED [ 27%]
2026-01-29T12:03:37.5769281Z tests/test_edge_cases.py::TestUnicodeOutput::test_unicode_in_configure_output PASSED [ 27%]
2026-01-29T12:03:37.6916386Z tests/test_edge_cases.py::TestPathsWithSpecialCharacters::test_path_with_spaces PASSED [ 28%]
2026-01-29T12:03:37.8061168Z tests/test_edge_cases.py::TestBuildDuration::test_very_quick_build PASSED [ 28%]
2026-01-29T12:03:37.8099998Z tests/test_edge_cases.py::TestDatabaseEdgeCases::test_database_directory_not_exists PASSED [ 28%]
2026-01-29T12:03:37.8128055Z tests/test_executor_basic.py::TestSuccessfulExecution::test_execute_configure_success PASSED [ 28%]
2026-01-29T12:03:37.8154481Z tests/test_executor_basic.py::TestSuccessfulExecution::test_execute_build_success PASSED [ 28%]
2026-01-29T12:03:37.8207583Z tests/test_executor_basic.py::TestSuccessfulExecution::test_execute_with_echo_command PASSED [ 28%]
2026-01-29T12:03:37.8246493Z tests/test_executor_basic.py::TestFailedExecution::test_execute_configure_failure PASSED [ 28%]
2026-01-29T12:03:37.8271882Z tests/test_executor_basic.py::TestFailedExecution::test_execute_build_failure PASSED [ 28%]
2026-01-29T12:03:37.8316867Z tests/test_executor_basic.py::TestFailedExecution::test_execute_with_failing_command PASSED [ 29%]
2026-01-29T12:03:37.8357296Z tests/test_executor_basic.py::TestCommandNotFound::test_command_not_found_configure PASSED [ 29%]
2026-01-29T12:03:37.8397455Z tests/test_executor_basic.py::TestCommandNotFound::test_command_not_found_build PASSED [ 29%]
2026-01-29T12:03:37.8416182Z tests/test_executor_basic.py::TestCommandNotFound::test_general_exception_configure PASSED [ 29%]
2026-01-29T12:03:37.8431184Z tests/test_executor_basic.py::TestCommandNotFound::test_general_exception_build PASSED [ 29%]
2026-01-29T12:03:37.8457237Z tests/test_executor_basic.py::TestTimeoutHandling::test_execution_timeout PASSED [ 29%]
2026-01-29T12:03:37.8483404Z tests/test_executor_basic.py::TestTimeoutHandling::test_timeout_with_existing_stderr PASSED [ 29%]
2026-01-29T12:03:37.8508398Z tests/test_executor_basic.py::TestTimeoutHandling::test_timeout_build_command PASSED [ 30%]
2026-01-29T12:03:37.8613391Z tests/test_executor_basic.py::TestWorkingDirectory::test_working_directory_is_set PASSED [ 30%]
2026-01-29T12:03:37.8635539Z tests/test_executor_basic.py::TestWorkingDirectory::test_default_working_directory PASSED [ 30%]
2026-01-29T12:03:37.8681360Z tests/test_executor_basic.py::TestResultObjectPopulation::test_configure_result_has_all_fields PASSED [ 30%]
2026-01-29T12:03:37.8727423Z tests/test_executor_basic.py::TestResultObjectPopulation::test_build_result_has_all_fields PASSED [ 30%]
2026-01-29T12:03:37.8773570Z tests/test_executor_basic.py::TestResultObjectPopulation::test_stdout_is_captured PASSED [ 30%]
2026-01-29T12:03:37.8818295Z tests/test_executor_basic.py::TestResultObjectPopulation::test_stderr_is_captured PASSED [ 30%]
2026-01-29T12:03:37.8864380Z tests/test_executor_basic.py::TestExitCodeCapture::test_exit_code_zero PASSED [ 31%]
2026-01-29T12:03:37.8909233Z tests/test_executor_basic.py::TestExitCodeCapture::test_exit_code_nonzero PASSED [ 31%]
2026-01-29T12:03:37.8933013Z tests/test_executor_basic.py::TestExitCodeCapture::test_exit_code_in_result_object PASSED [ 31%]
2026-01-29T12:03:37.9086090Z tests/test_executor_integration.py::TestRealProcessExecution::test_real_stdout_capture PASSED [ 31%]
2026-01-29T12:03:37.9235689Z tests/test_executor_integration.py::TestRealProcessExecution::test_real_stderr_capture PASSED [ 31%]
2026-01-29T12:03:37.9384390Z tests/test_executor_integration.py::TestRealProcessExecution::test_real_exit_code_success PASSED [ 31%]
2026-01-29T12:03:37.9533193Z tests/test_executor_integration.py::TestRealProcessExecution::test_real_exit_code_failure PASSED [ 31%]
2026-01-29T12:03:37.9574029Z tests/test_executor_integration.py::TestRealProcessExecution::test_real_command_not_found PASSED [ 31%]
2026-01-29T12:03:37.9723578Z tests/test_executor_integration.py::TestRealProcessExecution::test_real_unicode_output PASSED [ 32%]
2026-01-29T12:03:37.9877743Z tests/test_executor_integration.py::TestRealProcessExecution::test_real_large_output PASSED [ 32%]
2026-01-29T12:03:38.0027114Z tests/test_executor_integration.py::TestRealProcessExecution::test_real_multiline_output PASSED [ 32%]
2026-01-29T12:03:38.0176646Z tests/test_executor_integration.py::TestRealProcessExecution::test_real_mixed_output PASSED [ 32%]
2026-01-29T12:03:38.0324852Z tests/test_executor_integration.py::TestRealProcessExecution::test_real_empty_output PASSED [ 32%]
2026-01-29T12:03:38.0479150Z tests/test_executor_integration.py::TestRealProcessExecution::test_real_working_directory PASSED [ 32%]
2026-01-29T12:03:38.1640236Z tests/test_executor_integration.py::TestRealProcessExecution::test_real_timing_accuracy PASSED [ 32%]
2026-01-29T12:03:38.1920968Z tests/test_executor_integration.py::TestRealProcessExecution::test_real_multiple_executions_independent PASSED [ 33%]
2026-01-29T12:03:38.2068999Z tests/test_executor_integration.py::TestRealBuildExecution::test_real_build_stdout_capture PASSED [ 33%]
2026-01-29T12:03:38.2217113Z tests/test_executor_integration.py::TestRealBuildExecution::test_real_build_exit_code PASSED [ 33%]
2026-01-29T12:03:38.2884604Z tests/test_executor_integration.py::TestRealBuildExecution::test_real_build_timing PASSED [ 33%]
2026-01-29T12:03:38.3033275Z tests/test_executor_integration.py::TestRealStreamingBehavior::test_real_streaming_enabled PASSED [ 33%]
2026-01-29T12:03:38.3183400Z tests/test_executor_integration.py::TestRealStreamingBehavior::test_real_streaming_disabled PASSED [ 33%]
2026-01-29T12:03:38.8244381Z tests/test_executor_integration.py::TestRealTimeoutBehavior::test_real_timeout_kills_process PASSED [ 33%]
2026-01-29T12:03:38.8401438Z tests/test_executor_integration.py::TestRealTimeoutBehavior::test_real_timeout_not_triggered PASSED [ 34%]
2026-01-29T12:03:38.8552553Z tests/test_executor_integration.py::TestRealEdgeCases::test_real_output_with_no_newline PASSED [ 34%]
2026-01-29T12:03:38.8702485Z tests/test_executor_integration.py::TestRealEdgeCases::test_real_output_with_multiple_newlines PASSED [ 34%]
2026-01-29T12:03:38.8851085Z tests/test_executor_integration.py::TestRealEdgeCases::test_real_binary_output_handling PASSED [ 34%]
2026-01-29T12:03:38.9002876Z tests/test_executor_integration.py::TestRealEdgeCases::test_real_very_long_line PASSED [ 34%]
2026-01-29T12:03:38.9156859Z tests/test_executor_integration.py::TestRealEdgeCases::test_real_rapid_output PASSED [ 34%]
2026-01-29T12:03:38.9306680Z tests/test_executor_integration.py::TestRealEdgeCases::test_real_stderr_without_stdout PASSED [ 34%]
2026-01-29T12:03:38.9455482Z tests/test_executor_integration.py::TestRealEdgeCases::test_real_exit_with_output PASSED [ 34%]
2026-01-29T12:03:38.9503572Z tests/test_executor_integration.py::TestRealCrossCompatibility::test_real_python_executable PASSED [ 35%]
2026-01-29T12:03:38.9654370Z tests/test_executor_integration.py::TestRealCrossCompatibility::test_real_path_handling PASSED [ 35%]
2026-01-29T12:03:38.9806076Z tests/test_executor_integration.py::TestRealCrossCompatibility::test_real_environment_inheritance PASSED [ 35%]
2026-01-29T12:03:38.9829625Z tests/test_executor_output.py::TestStdoutCapture::test_stdout_captured_completely PASSED [ 35%]
2026-01-29T12:03:38.9870481Z tests/test_executor_output.py::TestStdoutCapture::test_large_stdout_handling PASSED [ 35%]
2026-01-29T12:03:38.9891181Z tests/test_executor_output.py::TestStdoutCapture::test_stdout_with_unicode_characters PASSED [ 35%]
2026-01-29T12:03:38.9910925Z tests/test_executor_output.py::TestStderrCapture::test_stderr_captured_completely PASSED [ 35%]
2026-01-29T12:03:38.9931166Z tests/test_executor_output.py::TestStderrCapture::test_stderr_with_warnings PASSED [ 36%]
2026-01-29T12:03:38.9965380Z tests/test_executor_output.py::TestMixedOutput::test_mixed_stdout_stderr PASSED [ 36%]
2026-01-29T12:03:38.9985276Z tests/test_executor_output.py::TestMixedOutput::test_empty_stdout_with_stderr PASSED [ 36%]
2026-01-29T12:03:39.0004617Z tests/test_executor_output.py::TestMixedOutput::test_empty_stderr_with_stdout PASSED [ 36%]
2026-01-29T12:03:39.0025052Z tests/test_executor_output.py::TestSpecialCharacters::test_ansi_color_codes_in_output PASSED [ 36%]
2026-01-29T12:03:39.0044938Z tests/test_executor_output.py::TestSpecialCharacters::test_carriage_return_handling PASSED [ 36%]
2026-01-29T12:03:39.0064855Z tests/test_executor_output.py::TestSpecialCharacters::test_null_bytes_in_output PASSED [ 36%]
2026-01-29T12:03:39.0084491Z tests/test_executor_output.py::TestSpecialCharacters::test_invalid_utf8_sequences PASSED [ 36%]
2026-01-29T12:03:39.0104922Z tests/test_executor_output.py::TestOutputBuffering::test_output_with_no_trailing_newline PASSED [ 37%]
2026-01-29T12:03:39.0125004Z tests/test_executor_output.py::TestOutputBuffering::test_output_with_multiple_newlines PASSED [ 37%]
2026-01-29T12:03:39.0145150Z tests/test_executor_output.py::TestOutputBuffering::test_very_long_lines PASSED [ 37%]
2026-01-29T12:03:39.0164498Z tests/test_executor_output.py::TestBuildOutput::test_build_stdout_capture PASSED [ 37%]
2026-01-29T12:03:39.0184872Z tests/test_executor_output.py::TestBuildOutput::test_build_with_compilation_errors PASSED [ 37%]
2026-01-29T12:03:39.0204600Z tests/test_executor_output.py::TestEmptyOutput::test_no_output_success PASSED [ 37%]
2026-01-29T12:03:39.0224394Z tests/test_executor_output.py::TestEmptyOutput::test_no_output_failure PASSED [ 37%]
2026-01-29T12:03:39.0244390Z tests/test_executor_output.py::TestRealTimeStreaming::test_stdout_streams_to_console PASSED [ 38%]
2026-01-29T12:03:39.0264561Z tests/test_executor_output.py::TestRealTimeStreaming::test_stderr_streams_to_console PASSED [ 38%]
2026-01-29T12:03:39.0291922Z tests/test_executor_output.py::TestRealTimeStreaming::test_streaming_can_be_disabled PASSED [ 38%]
2026-01-29T12:03:39.0311441Z tests/test_executor_output.py::TestRealTimeStreaming::test_interleaved_output_streaming PASSED [ 38%]
2026-01-29T12:03:39.0348291Z tests/test_executor_output.py::TestStreamingPerformance::test_streaming_with_large_output PASSED [ 38%]
2026-01-29T12:03:39.0368125Z tests/test_executor_output.py::TestStreamingPerformance::test_streaming_performance_mode PASSED [ 38%]
2026-01-29T12:03:39.0388002Z tests/test_executor_output.py::TestStreamingPerformance::test_streaming_with_stderr_only PASSED [ 38%]
2026-01-29T12:03:39.0413329Z tests/test_executor_output.py::TestStreamingPerformance::test_streaming_disabled_with_timeout PASSED [ 39%]
2026-01-29T12:03:39.0435293Z tests/test_executor_results.py::TestTimingAccuracy::test_start_time_recorded_before_execution PASSED [ 39%]
2026-01-29T12:03:39.0455873Z tests/test_executor_results.py::TestTimingAccuracy::test_end_time_recorded_after_execution PASSED [ 39%]
2026-01-29T12:03:39.0476662Z tests/test_executor_results.py::TestTimingAccuracy::test_duration_calculated_correctly PASSED [ 39%]
2026-01-29T12:03:39.0496678Z tests/test_executor_results.py::TestTimingAccuracy::test_timing_with_sub_millisecond_precision PASSED [ 39%]
2026-01-29T12:03:39.0516713Z tests/test_executor_results.py::TestTimingAccuracy::test_timing_for_quick_commands PASSED [ 39%]
2026-01-29T12:03:39.1537372Z tests/test_executor_results.py::TestTimingAccuracy::test_timing_for_longer_commands PASSED [ 39%]
2026-01-29T12:03:39.1560011Z tests/test_executor_results.py::TestTimingAccuracy::test_timing_consistency_across_multiple_calls PASSED [ 39%]
2026-01-29T12:03:39.1580859Z tests/test_executor_results.py::TestConfigureResultPopulation::test_configure_result_has_all_required_fields PASSED [ 40%]
2026-01-29T12:03:39.1600542Z tests/test_executor_results.py::TestConfigureResultPopulation::test_configure_result_success_field_correct PASSED [ 40%]
2026-01-29T12:03:39.1620816Z tests/test_executor_results.py::TestConfigureResultPopulation::test_configure_result_failure_field_correct PASSED [ 40%]
2026-01-29T12:03:39.1649826Z tests/test_executor_results.py::TestConfigureResultPopulation::test_configure_result_stdout_populated PASSED [ 40%]
2026-01-29T12:03:39.1669225Z tests/test_executor_results.py::TestConfigureResultPopulation::test_configure_result_stderr_populated PASSED [ 40%]
2026-01-29T12:03:39.1689344Z tests/test_executor_results.py::TestConfigureResultPopulation::test_configure_result_datetime_types PASSED [ 40%]
2026-01-29T12:03:39.1709412Z tests/test_executor_results.py::TestConfigureResultPopulation::test_configure_result_optional_fields_none PASSED [ 40%]
2026-01-29T12:03:39.1729075Z tests/test_executor_results.py::TestBuildResultPopulation::test_build_result_has_all_required_fields PASSED [ 41%]
2026-01-29T12:03:39.1747960Z tests/test_executor_results.py::TestBuildResultPopulation::test_build_result_success_with_exit_code_zero PASSED [ 41%]
2026-01-29T12:03:39.1767607Z tests/test_executor_results.py::TestBuildResultPopulation::test_build_result_failure_with_nonzero_exit_code PASSED [ 41%]
2026-01-29T12:03:39.1787051Z tests/test_executor_results.py::TestBuildResultPopulation::test_build_result_stdout_populated PASSED [ 41%]
2026-01-29T12:03:39.1806617Z tests/test_executor_results.py::TestBuildResultPopulation::test_build_result_stderr_populated PASSED [ 41%]
2026-01-29T12:03:39.1825026Z tests/test_executor_results.py::TestBuildResultPopulation::test_build_result_timing_fields PASSED [ 41%]
2026-01-29T12:03:39.1844802Z tests/test_executor_results.py::TestBuildResultPopulation::test_build_result_optional_fields_defaults PASSED [ 41%]
2026-01-29T12:03:39.1858649Z tests/test_executor_results.py::TestErrorCaseResultPopulation::test_command_not_found_result PASSED [ 42%]
2026-01-29T12:03:39.1883128Z tests/test_executor_results.py::TestErrorCaseResultPopulation::test_timeout_result_population PASSED [ 42%]
2026-01-29T12:03:39.1897145Z tests/test_executor_results.py::TestErrorCaseResultPopulation::test_general_exception_result PASSED [ 42%]
2026-01-29T12:03:39.1917625Z tests/test_executor_results.py::TestResultObjectConsistency::test_configure_and_build_results_structure_similar PASSED [ 42%]
2026-01-29T12:03:39.1936566Z tests/test_executor_results.py::TestResultObjectConsistency::test_results_are_independent_objects PASSED [ 42%]
2026-01-29T12:03:39.1956084Z tests/test_executor_results.py::TestResultObjectConsistency::test_empty_output_still_creates_valid_result PASSED [ 42%]
2026-01-29T12:03:39.1982300Z tests/test_executor_results.py::TestDurationCalculation::test_duration_is_positive PASSED [ 42%]
2026-01-29T12:03:39.2000964Z tests/test_executor_results.py::TestDurationCalculation::test_duration_matches_time_difference PASSED [ 42%]
2026-01-29T12:03:39.2020608Z tests/test_executor_results.py::TestDurationCalculation::test_duration_precision PASSED [ 43%]
2026-01-29T12:03:39.2039813Z tests/test_executor_results.py::TestDurationCalculation::test_start_time_before_end_time PASSED [ 43%]
2026-01-29T12:03:39.2560774Z tests/test_executor_results.py::TestDurationCalculation::test_duration_with_simulated_delay PASSED [ 43%]
2026-01-29T12:03:39.2576352Z tests/test_generator_detection.py::TestNinjaDetection::test_ninja_selected_when_available PASSED [ 43%]
2026-01-29T12:03:39.2593634Z tests/test_generator_detection.py::TestNinjaDetection::test_ninja_not_selected_when_unavailable PASSED [ 43%]
2026-01-29T12:03:39.2607002Z tests/test_generator_detection.py::TestNinjaDetection::test_ninja_detection_case_insensitive PASSED [ 43%]
2026-01-29T12:03:39.2624585Z tests/test_generator_detection.py::TestUnixMakefilesFallback::test_unix_makefiles_on_linux_without_ninja PASSED [ 43%]
2026-01-29T12:03:39.2641489Z tests/test_generator_detection.py::TestUnixMakefilesFallback::test_unix_makefiles_on_macos_without_ninja PASSED [ 44%]
2026-01-29T12:03:39.2659003Z tests/test_generator_detection.py::TestUnixMakefilesFallback::test_unix_makefiles_not_used_on_windows PASSED [ 44%]
2026-01-29T12:03:39.2675852Z tests/test_generator_detection.py::TestVisualStudioDetection::test_visual_studio_on_windows_without_ninja PASSED [ 44%]
2026-01-29T12:03:39.2696046Z tests/test_generator_detection.py::TestVisualStudioDetection::test_visual_studio_version_detection PASSED [ 44%]
2026-01-29T12:03:39.2712390Z tests/test_generator_detection.py::TestVisualStudioDetection::test_visual_studio_not_used_on_unix PASSED [ 44%]
2026-01-29T12:03:39.2732372Z tests/test_generator_detection.py::TestVisualStudioDetection::test_nmake_fallback_when_vs_not_found PASSED [ 44%]
2026-01-29T12:03:39.2743839Z tests/test_generator_detection.py::TestExplicitGeneratorSpecification::test_explicit_generator_overrides_detection PASSED [ 44%]
2026-01-29T12:03:39.2755017Z tests/test_generator_detection.py::TestExplicitGeneratorSpecification::test_explicit_generator_with_spaces PASSED [ 44%]
2026-01-29T12:03:39.2766147Z tests/test_generator_detection.py::TestExplicitGeneratorSpecification::test_explicit_generator_separate_arg PASSED [ 45%]
2026-01-29T12:03:39.2780081Z tests/test_generator_detection.py::TestExplicitGeneratorSpecification::test_explicit_generator_not_overridden_by_detection PASSED [ 45%]
2026-01-29T12:03:39.2795118Z tests/test_generator_detection.py::TestGeneratorValidation::test_invalid_generator_raises_error PASSED [ 45%]
2026-01-29T12:03:39.2806166Z tests/test_generator_detection.py::TestGeneratorValidation::test_valid_generator_passes_validation PASSED [ 45%]
2026-01-29T12:03:39.2818759Z tests/test_generator_detection.py::TestGeneratorValidation::test_empty_generator_name_raises_error PASSED [ 45%]
2026-01-29T12:03:39.2832229Z tests/test_generator_detection.py::TestGeneratorValidation::test_empty_generator_after_g_flag PASSED [ 45%]
2026-01-29T12:03:39.2845026Z tests/test_generator_detection.py::TestGeneratorValidation::test_empty_generator_string_after_g PASSED [ 45%]
2026-01-29T12:03:39.2860113Z tests/test_generator_detection.py::TestGeneratorAvailability::test_check_generator_available_with_ninja PASSED [ 46%]
2026-01-29T12:03:39.2874435Z tests/test_generator_detection.py::TestGeneratorAvailability::test_check_generator_unavailable PASSED [ 46%]
2026-01-29T12:03:39.2888482Z tests/test_generator_detection.py::TestGeneratorAvailability::test_unix_makefiles_always_available_on_unix PASSED [ 46%]
2026-01-29T12:03:39.2906179Z tests/test_generator_detection.py::TestGeneratorAvailability::test_visual_studio_availability_on_windows PASSED [ 46%]
2026-01-29T12:03:39.2919983Z tests/test_generator_detection.py::TestGeneratorAvailability::test_visual_studio_not_available_on_unix PASSED [ 46%]
2026-01-29T12:03:39.2934121Z tests/test_generator_detection.py::TestGeneratorAvailability::test_nmake_available_on_windows PASSED [ 46%]
2026-01-29T12:03:39.2948336Z tests/test_generator_detection.py::TestGeneratorAvailability::test_nmake_not_available_on_unix PASSED [ 46%]
2026-01-29T12:03:39.2959384Z tests/test_generator_detection.py::TestGeneratorAvailability::test_unknown_generator_unavailable PASSED [ 47%]
2026-01-29T12:03:39.2979385Z tests/test_generator_detection.py::TestPlatformSpecificBehavior::test_generator_priority_on_linux PASSED [ 47%]
2026-01-29T12:03:39.3001940Z tests/test_generator_detection.py::TestPlatformSpecificBehavior::test_generator_priority_on_windows PASSED [ 47%]
2026-01-29T12:03:39.3018267Z tests/test_generator_detection.py::TestPlatformSpecificBehavior::test_unsupported_platform_fallback PASSED [ 47%]
2026-01-29T12:03:39.3039501Z tests/test_generator_detection.py::TestGeneratorInCommandGeneration::test_detected_generator_in_configure_command PASSED [ 47%]
2026-01-29T12:03:39.3051676Z tests/test_generator_detection.py::TestGeneratorInCommandGeneration::test_explicit_generator_preserved_in_command PASSED [ 47%]
2026-01-29T12:03:39.3064684Z tests/test_generator_detection.py::TestGeneratorInCommandGeneration::test_generator_not_duplicated_in_command PASSED [ 47%]
2026-01-29T12:03:39.3083393Z tests/test_logging.py::TestLoggingConfiguration::test_configure_logging_default_level PASSED [ 47%]
2026-01-29T12:03:39.3100910Z tests/test_logging.py::TestLoggingConfiguration::test_configure_logging_verbose_level PASSED [ 48%]
2026-01-29T12:03:39.3116020Z tests/test_logging.py::TestLoggingConfiguration::test_configure_logging_info_level_explicit PASSED [ 48%]
2026-01-29T12:03:39.3130700Z tests/test_logging.py::TestLoggingConfiguration::test_configure_logging_warning_level PASSED [ 48%]
2026-01-29T12:03:39.3145438Z tests/test_logging.py::TestLoggingConfiguration::test_configure_logging_error_level PASSED [ 48%]
2026-01-29T12:03:39.3157062Z tests/test_logging.py::TestLoggerRetrieval::test_get_logger_returns_logger PASSED [ 48%]
2026-01-29T12:03:39.3167981Z tests/test_logging.py::TestLoggerRetrieval::test_get_logger_with_name PASSED [ 48%]
2026-01-29T12:03:39.3178690Z tests/test_logging.py::TestLoggerRetrieval::test_get_logger_default_name PASSED [ 48%]
2026-01-29T12:03:39.3190703Z tests/test_logging.py::TestLoggerRetrieval::test_get_logger_same_name_returns_same_instance PASSED [ 49%]
2026-01-29T12:03:39.3204228Z tests/test_logging.py::TestConsoleOutput::test_log_output_to_console_default PASSED [ 49%]
2026-01-29T12:03:39.3215394Z tests/test_logging.py::TestConsoleOutput::test_console_handler_configured PASSED [ 49%]
2026-01-29T12:03:39.3236913Z tests/test_logging.py::TestFileOutput::test_log_output_to_file PASSED    [ 49%]
2026-01-29T12:03:39.3258193Z tests/test_logging.py::TestFileOutput::test_log_file_created_in_directory PASSED [ 49%]
2026-01-29T12:03:39.3279967Z tests/test_logging.py::TestFileOutput::test_both_console_and_file_output PASSED [ 49%]
2026-01-29T12:03:39.3294201Z tests/test_logging.py::TestLogFormatting::test_log_format_includes_level PASSED [ 49%]
2026-01-29T12:03:39.3308101Z tests/test_logging.py::TestLogFormatting::test_log_format_includes_message PASSED [ 50%]
2026-01-29T12:03:39.3322054Z tests/test_logging.py::TestLogFormatting::test_log_format_includes_logger_name PASSED [ 50%]
2026-01-29T12:03:39.3338141Z tests/test_logging.py::TestLogFormatting::test_log_format_different_levels PASSED [ 50%]
2026-01-29T12:03:39.3357810Z tests/test_logging.py::TestExceptionLogging::test_exception_logged_with_traceback PASSED [ 50%]
2026-01-29T12:03:39.3372751Z tests/test_logging.py::TestExceptionLogging::test_exception_traceback_includes_file_info PASSED [ 50%]
2026-01-29T12:03:39.3386549Z tests/test_logging.py::TestExceptionLogging::test_error_without_exception_context PASSED [ 50%]
2026-01-29T12:03:39.3400494Z tests/test_logging.py::TestPerformanceLogging::test_timing_info_logged PASSED [ 50%]
2026-01-29T12:03:39.3416317Z tests/test_logging.py::TestPerformanceLogging::test_multiple_timing_logs PASSED [ 50%]
2026-01-29T12:03:39.3427666Z tests/test_logging.py::TestLoggingReset::test_reset_logging_clears_handlers PASSED [ 51%]
2026-01-29T12:03:39.3441960Z tests/test_logging.py::TestLoggingReset::test_reconfigure_after_reset PASSED [ 51%]
2026-01-29T12:03:39.3455613Z tests/test_logging.py::TestContextualLogging::test_log_with_extra_context PASSED [ 51%]
2026-01-29T12:03:39.3469209Z tests/test_logging.py::TestContextualLogging::test_log_structured_data PASSED [ 51%]
2026-01-29T12:03:39.3484171Z tests/test_logging.py::TestMultipleLoggers::test_different_modules_same_config PASSED [ 51%]
2026-01-29T12:03:39.3498931Z tests/test_logging.py::TestMultipleLoggers::test_logger_hierarchy PASSED [ 51%]
2026-01-29T12:03:39.3513032Z tests/test_logging.py::TestEdgeCases::test_configure_logging_multiple_times PASSED [ 51%]
2026-01-29T12:03:39.3526636Z tests/test_logging.py::TestEdgeCases::test_log_with_none_message PASSED  [ 52%]
2026-01-29T12:03:39.3540121Z tests/test_logging.py::TestEdgeCases::test_log_with_empty_string PASSED  [ 52%]
2026-01-29T12:03:39.3554016Z tests/test_logging.py::TestEdgeCases::test_log_with_unicode PASSED       [ 52%]
2026-01-29T12:03:39.3577164Z tests/test_logging.py::TestEdgeCases::test_log_file_path_with_spaces PASSED [ 52%]
2026-01-29T12:03:39.3614365Z tests/test_main_errors.py::TestCMakeNotFoundError::test_cmake_not_found_returns_127 PASSED [ 52%]
2026-01-29T12:03:39.3650930Z tests/test_main_errors.py::TestCMakeNotFoundError::test_cmake_not_found_error_message PASSED [ 52%]
2026-01-29T12:03:39.3747791Z tests/test_main_errors.py::TestConfigurationFailure::test_configure_failure_returns_exit_code PASSED [ 52%]
2026-01-29T12:03:39.3802630Z tests/test_main_errors.py::TestConfigurationFailure::test_configure_failure_error_message PASSED [ 52%]
2026-01-29T12:03:39.3860666Z tests/test_main_errors.py::TestConfigurationFailure::test_configure_failure_no_build_attempted PASSED [ 53%]
2026-01-29T12:03:39.3925116Z tests/test_main_errors.py::TestBuildFailure::test_build_failure_returns_exit_code PASSED [ 53%]
2026-01-29T12:03:39.3989186Z tests/test_main_errors.py::TestBuildFailure::test_build_failure_error_message PASSED [ 53%]
2026-01-29T12:03:39.4045443Z tests/test_main_errors.py::TestBuildFailure::test_build_failure_data_still_saved PASSED [ 53%]
2026-01-29T12:03:39.4103395Z tests/test_main_errors.py::TestDatabaseErrors::test_database_connection_error_continues PASSED [ 53%]
2026-01-29T12:03:39.4164323Z tests/test_main_errors.py::TestDatabaseErrors::test_database_init_error_continues PASSED [ 53%]
2026-01-29T12:03:39.4218829Z tests/test_main_errors.py::TestKeyboardInterrupt::test_keyboard_interrupt_returns_130 PASSED [ 53%]
2026-01-29T12:03:39.4269074Z tests/test_main_errors.py::TestKeyboardInterrupt::test_keyboard_interrupt_during_build PASSED [ 54%]
2026-01-29T12:03:39.4341511Z tests/test_main_errors.py::TestPartialDataHandling::test_config_success_build_fail_saves_config PASSED [ 54%]
2026-01-29T12:03:39.4366436Z tests/test_main_errors.py::TestInvalidArguments::test_missing_required_args_returns_error PASSED [ 54%]
2026-01-29T12:03:39.4388317Z tests/test_main_errors.py::TestInvalidArguments::test_invalid_path_error_message PASSED [ 54%]
2026-01-29T12:03:39.4442943Z tests/test_main_errors.py::TestResourceCleanup::test_database_connection_closed_on_error PASSED [ 54%]
2026-01-29T12:03:39.4498427Z tests/test_main_errors.py::TestResourceCleanup::test_error_during_inspection_continues PASSED [ 54%]
2026-01-29T12:03:39.4529489Z tests/test_main_errors.py::TestErrorMessageClarity::test_validation_error_message_helpful PASSED [ 54%]
2026-01-29T12:03:39.4582325Z tests/test_main_errors.py::TestErrorMessageClarity::test_exception_message_logged PASSED [ 55%]
2026-01-29T12:03:39.4660035Z tests/test_main_integration.py::TestBasicWorkflow::test_build_only_workflow PASSED [ 55%]
2026-01-29T12:03:39.4682438Z tests/test_main_integration.py::TestBasicWorkflow::test_invalid_arguments_returns_error PASSED [ 55%]
2026-01-29T12:03:39.4842397Z tests/test_main_integration.py::TestBasicWorkflow::test_cmake_not_found_returns_error PASSED [ 55%]
2026-01-29T12:03:39.4905887Z tests/test_main_integration.py::TestExitCodes::test_successful_build_returns_zero PASSED [ 55%]
2026-01-29T12:03:39.4968783Z tests/test_main_integration.py::TestExitCodes::test_failed_build_returns_nonzero PASSED [ 55%]
2026-01-29T12:03:39.5031889Z tests/test_main_integration.py::TestVerboseMode::test_verbose_mode_works PASSED [ 55%]
2026-01-29T12:03:39.5044055Z tests/test_models.py::TestForgeArguments::test_create_with_valid_data PASSED [ 55%]
2026-01-29T12:03:39.5055399Z tests/test_models.py::TestForgeArguments::test_create_with_minimal_data PASSED [ 56%]
2026-01-29T12:03:39.5067250Z tests/test_models.py::TestForgeArguments::test_missing_required_field PASSED [ 56%]
2026-01-29T12:03:39.5078653Z tests/test_models.py::TestForgeArguments::test_path_handling_string_conversion PASSED [ 56%]
2026-01-29T12:03:39.5090110Z tests/test_models.py::TestForgeArguments::test_to_dict PASSED            [ 56%]
2026-01-29T12:03:39.5101565Z tests/test_models.py::TestForgeArguments::test_from_dict PASSED          [ 56%]
2026-01-29T12:03:39.5114340Z tests/test_models.py::TestForgeArguments::test_json_serialization PASSED [ 56%]
2026-01-29T12:03:39.5125341Z tests/test_models.py::TestConfigureResult::test_create_with_all_fields PASSED [ 56%]
2026-01-29T12:03:39.5152714Z tests/test_models.py::TestConfigureResult::test_create_with_optional_fields_none PASSED [ 57%]
2026-01-29T12:03:39.5153896Z tests/test_models.py::TestConfigureResult::test_json_serialization PASSED [ 57%]
2026-01-29T12:03:39.5158663Z tests/test_models.py::TestBuildResult::test_create_with_all_fields PASSED [ 57%]
2026-01-29T12:03:39.5170103Z tests/test_models.py::TestBuildResult::test_create_with_minimal_fields PASSED [ 57%]
2026-01-29T12:03:39.5181165Z tests/test_models.py::TestBuildResult::test_to_dict PASSED               [ 57%]
2026-01-29T12:03:39.5192254Z tests/test_models.py::TestBuildResult::test_from_dict PASSED             [ 57%]
2026-01-29T12:03:39.5203373Z tests/test_models.py::TestConfigureMetadata::test_create_with_all_fields PASSED [ 57%]
2026-01-29T12:03:39.5214434Z tests/test_models.py::TestConfigureMetadata::test_create_with_optional_fields_none PASSED [ 57%]
2026-01-29T12:03:39.5225721Z tests/test_models.py::TestConfigureMetadata::test_json_serialization PASSED [ 58%]
2026-01-29T12:03:39.5236653Z tests/test_models.py::TestBuildMetadata::test_create_with_all_fields PASSED [ 58%]
2026-01-29T12:03:39.5247488Z tests/test_models.py::TestBuildMetadata::test_create_with_empty_diagnostics PASSED [ 58%]
2026-01-29T12:03:39.5258363Z tests/test_models.py::TestBuildMetadata::test_to_dict PASSED             [ 58%]
2026-01-29T12:03:39.5269386Z tests/test_models.py::TestBuildMetadata::test_from_dict PASSED           [ 58%]
2026-01-29T12:03:39.5280722Z tests/test_models.py::TestBuildTarget::test_create_simple_target PASSED  [ 58%]
2026-01-29T12:03:39.5291645Z tests/test_models.py::TestBuildTarget::test_create_target_with_progress PASSED [ 58%]
2026-01-29T12:03:39.5302605Z tests/test_models.py::TestBuildTarget::test_to_dict PASSED               [ 59%]
2026-01-29T12:03:39.5313509Z tests/test_models.py::TestBuildTarget::test_from_dict PASSED             [ 59%]
2026-01-29T12:03:39.5325517Z tests/test_models.py::TestBuildTarget::test_serialization_roundtrip PASSED [ 59%]
2026-01-29T12:03:39.5336438Z tests/test_models.py::TestBuildWarning::test_create_with_complete_info PASSED [ 59%]
2026-01-29T12:03:39.5347055Z tests/test_models.py::TestBuildWarning::test_create_with_partial_info PASSED [ 59%]
2026-01-29T12:03:39.5358186Z tests/test_models.py::TestBuildWarning::test_json_serialization PASSED   [ 59%]
2026-01-29T12:03:39.5368986Z tests/test_models.py::TestError::test_create_with_complete_info PASSED   [ 59%]
2026-01-29T12:03:39.5379697Z tests/test_models.py::TestError::test_create_with_minimal_info PASSED    [ 60%]
2026-01-29T12:03:39.5391973Z tests/test_models.py::TestError::test_json_serialization PASSED          [ 60%]
2026-01-29T12:03:39.5403186Z tests/test_output_formatting.py::TestDurationFormatting::test_format_duration_milliseconds PASSED [ 60%]
2026-01-29T12:03:39.5413953Z tests/test_output_formatting.py::TestDurationFormatting::test_format_duration_seconds PASSED [ 60%]
2026-01-29T12:03:39.5424758Z tests/test_output_formatting.py::TestDurationFormatting::test_format_duration_minutes PASSED [ 60%]
2026-01-29T12:03:39.5435436Z tests/test_output_formatting.py::TestDurationFormatting::test_format_duration_hours PASSED [ 60%]
2026-01-29T12:03:39.5446384Z tests/test_output_formatting.py::TestDurationFormatting::test_format_duration_zero PASSED [ 60%]
2026-01-29T12:03:39.5457825Z tests/test_output_formatting.py::TestDurationFormatting::test_format_duration_very_small PASSED [ 60%]
2026-01-29T12:03:39.5469045Z tests/test_output_formatting.py::TestTimestampFormatting::test_format_timestamp_datetime PASSED [ 61%]
2026-01-29T12:03:39.5480090Z tests/test_output_formatting.py::TestTimestampFormatting::test_format_timestamp_iso_string PASSED [ 61%]
2026-01-29T12:03:39.5490929Z tests/test_output_formatting.py::TestTimestampFormatting::test_format_timestamp_none PASSED [ 61%]
2026-01-29T12:03:39.5501956Z tests/test_output_formatting.py::TestTimestampFormatting::test_format_timestamp_invalid PASSED [ 61%]
2026-01-29T12:03:39.5518577Z tests/test_output_formatting.py::TestColorSupport::test_supports_color_with_tty PASSED [ 61%]
2026-01-29T12:03:39.5533552Z tests/test_output_formatting.py::TestColorSupport::test_supports_color_no_tty PASSED [ 61%]
2026-01-29T12:03:39.5561456Z tests/test_output_formatting.py::TestColorSupport::test_supports_color_windows_with_wt PASSED [ 61%]
2026-01-29T12:03:39.5589828Z tests/test_output_formatting.py::TestColorSupport::test_supports_color_windows_without_wt PASSED [ 62%]
2026-01-29T12:03:39.5628960Z tests/test_output_formatting.py::TestColorSupport::test_supports_color_no_color_env PASSED [ 62%]
2026-01-29T12:03:39.5657827Z tests/test_output_formatting.py::TestPrintFunctions::test_print_success_with_color PASSED [ 62%]
2026-01-29T12:03:39.5683961Z tests/test_output_formatting.py::TestPrintFunctions::test_print_success_without_color PASSED [ 62%]
2026-01-29T12:03:39.5712332Z tests/test_output_formatting.py::TestPrintFunctions::test_print_error_with_color PASSED [ 62%]
2026-01-29T12:03:39.5730042Z tests/test_output_formatting.py::TestPrintFunctions::test_print_error_without_color PASSED [ 62%]
2026-01-29T12:03:39.5747033Z tests/test_output_formatting.py::TestPrintFunctions::test_print_warning_with_color PASSED [ 62%]
2026-01-29T12:03:39.5764028Z tests/test_output_formatting.py::TestPrintFunctions::test_print_warning_without_color PASSED [ 63%]
2026-01-29T12:03:39.5777735Z tests/test_output_formatting.py::TestPrintFunctions::test_print_section_header PASSED [ 63%]
2026-01-29T12:03:39.5792155Z tests/test_output_formatting.py::TestConfigureSummary::test_print_configure_summary_success PASSED [ 63%]
2026-01-29T12:03:39.5806094Z tests/test_output_formatting.py::TestConfigureSummary::test_print_configure_summary_failure PASSED [ 63%]
2026-01-29T12:03:39.5819847Z tests/test_output_formatting.py::TestConfigureSummary::test_print_configure_summary_minimal_metadata PASSED [ 63%]
2026-01-29T12:03:39.5834046Z tests/test_output_formatting.py::TestBuildSummary::test_print_build_summary_success_no_warnings PASSED [ 63%]
2026-01-29T12:03:39.5847792Z tests/test_output_formatting.py::TestBuildSummary::test_print_build_summary_success_with_warnings PASSED [ 63%]
2026-01-29T12:03:39.5861905Z tests/test_output_formatting.py::TestBuildSummary::test_print_build_summary_failure PASSED [ 63%]
2026-01-29T12:03:39.5875777Z tests/test_output_formatting.py::TestBuildSummary::test_print_build_summary_multiple_targets PASSED [ 64%]
2026-01-29T12:03:39.5890846Z tests/test_output_formatting.py::TestBuildSummary::test_print_build_summary_no_metadata PASSED [ 64%]
2026-01-29T12:03:39.5907056Z tests/test_output_formatting.py::TestVerboseOutput::test_verbose_mode_shows_details PASSED [ 64%]
2026-01-29T12:03:39.5921701Z tests/test_output_formatting.py::TestVerboseOutput::test_verbose_mode_shows_timestamps PASSED [ 64%]
2026-01-29T12:03:39.5936550Z tests/test_output_formatting.py::TestOutputConsistency::test_all_summaries_use_consistent_formatting PASSED [ 64%]
2026-01-29T12:03:39.5951781Z tests/test_output_formatting.py::TestOutputConsistency::test_line_length_is_reasonable PASSED [ 64%]
2026-01-29T12:03:39.5974160Z tests/test_parameter_manager.py::TestConfigureCommandBasic::test_configure_with_minimal_arguments PASSED [ 64%]
2026-01-29T12:03:39.5994759Z tests/test_parameter_manager.py::TestConfigureCommandBasic::test_configure_with_generator PASSED [ 65%]
2026-01-29T12:03:39.6016453Z tests/test_parameter_manager.py::TestConfigureCommandBasic::test_configure_with_build_type PASSED [ 65%]
2026-01-29T12:03:39.6038163Z tests/test_parameter_manager.py::TestConfigureCommandWithCMakeArgs::test_configure_with_single_cmake_arg PASSED [ 65%]
2026-01-29T12:03:39.6059819Z tests/test_parameter_manager.py::TestConfigureCommandWithCMakeArgs::test_configure_with_multiple_cmake_args PASSED [ 65%]
2026-01-29T12:03:39.6080978Z tests/test_parameter_manager.py::TestConfigureCommandWithCMakeArgs::test_configure_with_generator_and_args PASSED [ 65%]
2026-01-29T12:03:39.6103060Z tests/test_parameter_manager.py::TestConfigureCommandWithCMakeArgs::test_configure_preserves_arg_order PASSED [ 65%]
2026-01-29T12:03:39.6122554Z tests/test_parameter_manager.py::TestBuildCommandBasic::test_build_with_minimal_arguments PASSED [ 65%]
2026-01-29T12:03:39.6141883Z tests/test_parameter_manager.py::TestBuildCommandBasic::test_build_with_parallel_jobs PASSED [ 65%]
2026-01-29T12:03:39.6161087Z tests/test_parameter_manager.py::TestBuildCommandBasic::test_build_with_verbose PASSED [ 66%]
2026-01-29T12:03:39.6181049Z tests/test_parameter_manager.py::TestBuildCommandWithTarget::test_build_with_single_target PASSED [ 66%]
2026-01-29T12:03:39.6200717Z tests/test_parameter_manager.py::TestBuildCommandWithTarget::test_build_with_multiple_targets PASSED [ 66%]
2026-01-29T12:03:39.6220686Z tests/test_parameter_manager.py::TestBuildCommandWithTarget::test_build_with_target_and_parallel PASSED [ 66%]
2026-01-29T12:03:39.6243208Z tests/test_parameter_manager.py::TestPathHandling::test_absolute_paths_used PASSED [ 66%]
2026-01-29T12:03:39.6264961Z tests/test_parameter_manager.py::TestPathHandling::test_paths_with_spaces PASSED [ 66%]
2026-01-29T12:03:39.6286906Z tests/test_parameter_manager.py::TestCommandFormat::test_configure_command_is_list PASSED [ 66%]
2026-01-29T12:03:39.6306256Z tests/test_parameter_manager.py::TestCommandFormat::test_build_command_is_list PASSED [ 67%]
2026-01-29T12:03:39.6327062Z tests/test_parameter_manager.py::TestCommandFormat::test_configure_command_structure PASSED [ 67%]
2026-01-29T12:03:39.6346695Z tests/test_parameter_manager.py::TestCommandFormat::test_build_command_structure PASSED [ 67%]
2026-01-29T12:03:39.6368614Z tests/test_parameter_manager.py::TestEnvironmentHandling::test_cmake_args_with_env_var_syntax PASSED [ 67%]
2026-01-29T12:03:39.6388213Z tests/test_parameter_manager.py::TestEnvironmentHandling::test_build_args_unchanged PASSED [ 67%]
2026-01-29T12:03:39.6409984Z tests/test_parameter_manager.py::TestEdgeCases::test_empty_cmake_args PASSED [ 67%]
2026-01-29T12:03:39.6429720Z tests/test_parameter_manager.py::TestEdgeCases::test_empty_build_args PASSED [ 67%]
2026-01-29T12:03:39.6452529Z tests/test_parameter_manager.py::TestEdgeCases::test_cmake_args_with_quotes PASSED [ 68%]
2026-01-29T12:03:39.6474612Z tests/test_parameter_override.py::TestParameterAddition::test_add_new_cmake_parameter PASSED [ 68%]
2026-01-29T12:03:39.6496683Z tests/test_parameter_override.py::TestParameterAddition::test_add_multiple_parameters PASSED [ 68%]
2026-01-29T12:03:39.6518602Z tests/test_parameter_override.py::TestParameterAddition::test_add_parameter_with_d_prefix PASSED [ 68%]
2026-01-29T12:03:39.6539657Z tests/test_parameter_override.py::TestParameterAddition::test_add_parameter_preserves_existing_args PASSED [ 68%]
2026-01-29T12:03:39.6562319Z tests/test_parameter_override.py::TestParameterOverride::test_override_existing_parameter PASSED [ 68%]
2026-01-29T12:03:39.6584449Z tests/test_parameter_override.py::TestParameterOverride::test_override_multiple_times PASSED [ 68%]
2026-01-29T12:03:39.6607165Z tests/test_parameter_override.py::TestParameterOverride::test_programmatic_overrides_cli PASSED [ 68%]
2026-01-29T12:03:39.6627467Z tests/test_parameter_override.py::TestGetParameters::test_get_parameters_returns_dict PASSED [ 69%]
2026-01-29T12:03:39.6647407Z tests/test_parameter_override.py::TestGetParameters::test_get_parameters_includes_added_params PASSED [ 69%]
2026-01-29T12:03:39.6667366Z tests/test_parameter_override.py::TestGetParameters::test_get_parameters_reflects_overrides PASSED [ 69%]
2026-01-29T12:03:39.6687431Z tests/test_parameter_override.py::TestGetParameters::test_get_parameters_handles_generator_args PASSED [ 69%]
2026-01-29T12:03:39.6709258Z tests/test_parameter_override.py::TestSpecialCharacters::test_parameter_with_spaces PASSED [ 69%]
2026-01-29T12:03:39.6728850Z tests/test_parameter_override.py::TestSpecialCharacters::test_parameter_with_quotes PASSED [ 69%]
2026-01-29T12:03:39.6748732Z tests/test_parameter_override.py::TestSpecialCharacters::test_parameter_with_equals_sign PASSED [ 69%]
2026-01-29T12:03:39.6768722Z tests/test_parameter_override.py::TestSpecialCharacters::test_parameter_with_path_separators PASSED [ 70%]
2026-01-29T12:03:39.6788730Z tests/test_parameter_override.py::TestEnvironmentVariables::test_parameter_with_env_var_syntax PASSED [ 70%]
2026-01-29T12:03:39.6809095Z tests/test_parameter_override.py::TestEnvironmentVariables::test_add_parameter_preserves_env_syntax_from_cli PASSED [ 70%]
2026-01-29T12:03:39.6831721Z tests/test_parameter_override.py::TestParameterFormatting::test_parameter_has_d_prefix_in_command PASSED [ 70%]
2026-01-29T12:03:39.6853820Z tests/test_parameter_override.py::TestParameterFormatting::test_empty_value_parameter PASSED [ 70%]
2026-01-29T12:03:39.6873846Z tests/test_parameter_override.py::TestParameterFormatting::test_boolean_style_parameters PASSED [ 70%]
2026-01-29T12:03:39.6893574Z tests/test_parameter_override.py::TestEdgeCases::test_add_parameter_to_empty_args PASSED [ 70%]
2026-01-29T12:03:39.6913649Z tests/test_parameter_override.py::TestEdgeCases::test_get_parameters_when_no_params PASSED [ 71%]
2026-01-29T12:03:39.6934475Z tests/test_parameter_override.py::TestEdgeCases::test_parameter_name_case_sensitivity PASSED [ 71%]
2026-01-29T12:03:40.3757815Z tests/test_performance.py::TestForgeOverhead::test_configure_overhead PASSED [ 71%]
2026-01-29T12:03:40.3769862Z tests/test_performance.py::TestForgeOverhead::test_startup_time PASSED   [ 71%]
2026-01-29T12:03:40.5188768Z tests/test_performance.py::TestMemoryUsage::test_memory_with_large_output PASSED [ 71%]
2026-01-29T12:03:40.5279336Z tests/test_performance.py::TestMemoryUsage::test_memory_with_many_warnings PASSED [ 71%]
2026-01-29T12:03:40.6403082Z tests/test_performance.py::TestDatabasePerformance::test_bulk_insert_warnings PASSED [ 71%]
2026-01-29T12:03:40.7474424Z tests/test_performance.py::TestDatabasePerformance::test_query_performance PASSED [ 71%]
2026-01-29T12:03:40.8543931Z tests/test_performance.py::TestDatabasePerformance::test_statistics_calculation_performance PASSED [ 72%]
2026-01-29T12:03:40.8589600Z tests/test_performance.py::TestOutputCapture::test_output_capture_overhead PASSED [ 72%]
2026-01-29T12:03:40.8609242Z tests/test_performance.py::TestScalability::test_parse_large_cmakelists PASSED [ 72%]
2026-01-29T12:03:40.8622781Z tests/test_performance.py::TestScalability::test_extract_many_packages PASSED [ 72%]
2026-01-29T12:03:40.8685491Z tests/test_persistence_build.py::TestSaveCompleteBuild::test_save_build_returns_id PASSED [ 72%]
2026-01-29T12:03:40.8746546Z tests/test_persistence_build.py::TestSaveCompleteBuild::test_save_build_with_all_fields PASSED [ 72%]
2026-01-29T12:03:40.8805942Z tests/test_persistence_build.py::TestSaveCompleteBuild::test_save_build_persists_metadata_fields PASSED [ 72%]
2026-01-29T12:03:40.8866921Z tests/test_persistence_build.py::TestConfigurationAssociation::test_save_build_with_configuration_id PASSED [ 73%]
2026-01-29T12:03:40.8927935Z tests/test_persistence_build.py::TestConfigurationAssociation::test_save_build_without_configuration PASSED [ 73%]
2026-01-29T12:03:40.8992333Z tests/test_persistence_build.py::TestConfigurationAssociation::test_multiple_builds_per_configuration PASSED [ 73%]
2026-01-29T12:03:40.9053163Z tests/test_persistence_build.py::TestTargetsSerialization::test_targets_list_serialized_as_json PASSED [ 73%]
2026-01-29T12:03:40.9113724Z tests/test_persistence_build.py::TestTargetsSerialization::test_empty_targets_list PASSED [ 73%]
2026-01-29T12:03:40.9174276Z tests/test_persistence_build.py::TestTimestampFormatting::test_build_time_is_iso8601_format PASSED [ 73%]
2026-01-29T12:03:40.9234878Z tests/test_persistence_build.py::TestTimestampFormatting::test_timestamp_roundtrip PASSED [ 73%]
2026-01-29T12:03:40.9295358Z tests/test_persistence_build.py::TestWarningErrorCounts::test_warning_count_stored PASSED [ 73%]
2026-01-29T12:03:40.9356793Z tests/test_persistence_build.py::TestWarningErrorCounts::test_error_count_stored PASSED [ 74%]
2026-01-29T12:03:40.9418366Z tests/test_persistence_build.py::TestWarningErrorCounts::test_zero_warnings_and_errors PASSED [ 74%]
2026-01-29T12:03:40.9479586Z tests/test_persistence_build.py::TestTransactionHandling::test_transaction_rollback_on_error PASSED [ 74%]
2026-01-29T12:03:40.9548513Z tests/test_persistence_build.py::TestTransactionHandling::test_successful_transaction_commit PASSED [ 74%]
2026-01-29T12:03:40.9615343Z tests/test_persistence_build.py::TestDataIntegrityConstraints::test_success_flag_is_boolean PASSED [ 74%]
2026-01-29T12:03:40.9675842Z tests/test_persistence_build.py::TestDataIntegrityConstraints::test_duration_precision PASSED [ 74%]
2026-01-29T12:03:40.9737685Z tests/test_persistence_build.py::TestForeignKeyRelationships::test_foreign_key_constraint_enforced PASSED [ 74%]
2026-01-29T12:03:40.9798978Z tests/test_persistence_build.py::TestForeignKeyRelationships::test_null_configuration_id_allowed PASSED [ 75%]
2026-01-29T12:03:40.9859024Z tests/test_persistence_configure.py::TestSaveCompleteConfiguration::test_save_configuration_returns_id PASSED [ 75%]
2026-01-29T12:03:40.9922253Z tests/test_persistence_configure.py::TestSaveCompleteConfiguration::test_save_configuration_with_all_metadata_fields PASSED [ 75%]
2026-01-29T12:03:40.9987780Z tests/test_persistence_configure.py::TestSaveCompleteConfiguration::test_save_configuration_persists_all_result_fields PASSED [ 75%]
2026-01-29T12:03:41.0059972Z tests/test_persistence_configure.py::TestJSONSerialization::test_found_packages_serialized_as_json PASSED [ 75%]
2026-01-29T12:03:41.0127718Z tests/test_persistence_configure.py::TestJSONSerialization::test_empty_found_packages_list PASSED [ 75%]
2026-01-29T12:03:41.0195726Z tests/test_persistence_configure.py::TestTimestampFormatting::test_configure_time_is_iso8601_format PASSED [ 75%]
2026-01-29T12:03:41.0257878Z tests/test_persistence_configure.py::TestTimestampFormatting::test_timestamp_roundtrip PASSED [ 76%]
2026-01-29T12:03:41.0320813Z tests/test_persistence_configure.py::TestNullHandling::test_optional_metadata_fields_can_be_none PASSED [ 76%]
2026-01-29T12:03:41.0385058Z tests/test_persistence_configure.py::TestNullHandling::test_stderr_can_be_empty_string PASSED [ 76%]
2026-01-29T12:03:41.0451047Z tests/test_persistence_configure.py::TestForeignKeyPreparation::test_configuration_id_can_be_referenced PASSED [ 76%]
2026-01-29T12:03:41.0515591Z tests/test_persistence_configure.py::TestForeignKeyPreparation::test_multiple_builds_can_reference_same_configuration PASSED [ 76%]
2026-01-29T12:03:41.0587456Z tests/test_persistence_configure.py::TestDataIntegrityConstraints::test_success_flag_is_boolean PASSED [ 76%]
2026-01-29T12:03:41.0654269Z tests/test_persistence_configure.py::TestDuplicateConfiguration::test_same_configuration_can_be_saved_multiple_times PASSED [ 76%]
2026-01-29T12:03:41.0718133Z tests/test_persistence_diagnostics.py::TestSaveSingleWarning::test_save_single_warning_returns_count PASSED [ 76%]
2026-01-29T12:03:41.0782502Z tests/test_persistence_diagnostics.py::TestSaveSingleWarning::test_save_warning_with_complete_information PASSED [ 77%]
2026-01-29T12:03:41.0849116Z tests/test_persistence_diagnostics.py::TestSaveSingleWarning::test_save_warning_with_build_id_association PASSED [ 77%]
2026-01-29T12:03:41.0912282Z tests/test_persistence_diagnostics.py::TestSaveMultipleWarnings::test_save_multiple_warnings_bulk_insert PASSED [ 77%]
2026-01-29T12:03:41.1060260Z tests/test_persistence_diagnostics.py::TestSaveMultipleWarnings::test_save_large_warning_list PASSED [ 77%]
2026-01-29T12:03:41.1126041Z tests/test_persistence_diagnostics.py::TestSaveMultipleWarnings::test_save_warnings_preserves_order PASSED [ 77%]
2026-01-29T12:03:41.1197184Z tests/test_persistence_diagnostics.py::TestSaveWarningsWithPartialInformation::test_save_warning_with_missing_warning_type PASSED [ 77%]
2026-01-29T12:03:41.1264507Z tests/test_persistence_diagnostics.py::TestSaveWarningsWithPartialInformation::test_save_warning_with_long_message PASSED [ 77%]
2026-01-29T12:03:41.1331605Z tests/test_persistence_diagnostics.py::TestSaveErrors::test_save_single_error PASSED [ 78%]
2026-01-29T12:03:41.1400041Z tests/test_persistence_diagnostics.py::TestSaveErrors::test_save_error_with_complete_information PASSED [ 78%]
2026-01-29T12:03:41.1465287Z tests/test_persistence_diagnostics.py::TestSaveErrors::test_save_multiple_errors PASSED [ 78%]
2026-01-29T12:03:41.1528649Z tests/test_persistence_diagnostics.py::TestSaveErrors::test_save_error_with_missing_optional_fields PASSED [ 78%]
2026-01-29T12:03:41.1593406Z tests/test_persistence_diagnostics.py::TestForeignKeyRelationships::test_warnings_reference_valid_build PASSED [ 78%]
2026-01-29T12:03:41.1660960Z tests/test_persistence_diagnostics.py::TestForeignKeyRelationships::test_warnings_invalid_build_id_raises_error PASSED [ 78%]
2026-01-29T12:03:41.1725948Z tests/test_persistence_diagnostics.py::TestForeignKeyRelationships::test_errors_reference_valid_build PASSED [ 78%]
2026-01-29T12:03:41.1789591Z tests/test_persistence_diagnostics.py::TestForeignKeyRelationships::test_errors_invalid_build_id_raises_error PASSED [ 78%]
2026-01-29T12:03:41.1857301Z tests/test_persistence_diagnostics.py::TestCascadeDelete::test_warnings_cascade_delete PASSED [ 79%]
2026-01-29T12:03:41.1922866Z tests/test_persistence_diagnostics.py::TestCascadeDelete::test_errors_cascade_delete PASSED [ 79%]
2026-01-29T12:03:41.1989654Z tests/test_persistence_diagnostics.py::TestTransactionHandling::test_warnings_transaction_rollback_on_error PASSED [ 79%]
2026-01-29T12:03:41.2062774Z tests/test_persistence_diagnostics.py::TestTransactionHandling::test_errors_transaction_commit_on_success PASSED [ 79%]
2026-01-29T12:03:41.2127378Z tests/test_persistence_diagnostics.py::TestEmptyDiagnosticLists::test_save_empty_warnings_list PASSED [ 79%]
2026-01-29T12:03:41.2190739Z tests/test_persistence_diagnostics.py::TestEmptyDiagnosticLists::test_save_empty_errors_list PASSED [ 79%]
2026-01-29T12:03:41.2260747Z tests/test_persistence_diagnostics.py::TestMultipleBuildsDiagnostics::test_warnings_for_different_builds PASSED [ 79%]
2026-01-29T12:03:41.2329557Z tests/test_persistence_diagnostics.py::TestMultipleBuildsDiagnostics::test_errors_for_different_builds PASSED [ 80%]
2026-01-29T12:03:41.2389572Z tests/test_persistence_init.py::TestDatabaseCreation::test_database_creation_in_default_location PASSED [ 80%]
2026-01-29T12:03:41.2450821Z tests/test_persistence_init.py::TestDatabaseCreation::test_database_creation_in_custom_location PASSED [ 80%]
2026-01-29T12:03:41.2513925Z tests/test_persistence_init.py::TestDatabaseCreation::test_database_creation_with_nonexistent_parent_directory PASSED [ 80%]
2026-01-29T12:03:41.2578874Z tests/test_persistence_init.py::TestDatabaseCreation::test_database_file_is_valid_sqlite PASSED [ 80%]
2026-01-29T12:03:41.2641134Z tests/test_persistence_init.py::TestSchemaInitialization::test_schema_created_on_first_initialization PASSED [ 80%]
2026-01-29T12:03:41.2717965Z tests/test_persistence_init.py::TestSchemaInitialization::test_idempotent_initialization_multiple_calls PASSED [ 80%]
2026-01-29T12:03:41.2786007Z tests/test_persistence_init.py::TestSchemaInitialization::test_schema_not_recreated_on_subsequent_runs PASSED [ 81%]
2026-01-29T12:03:41.2847279Z tests/test_persistence_init.py::TestSchemaInitialization::test_foreign_keys_enabled_on_initialization PASSED [ 81%]
2026-01-29T12:03:41.2908151Z tests/test_persistence_init.py::TestConnectionManagement::test_connection_established_on_initialization PASSED [ 81%]
2026-01-29T12:03:41.2970130Z tests/test_persistence_init.py::TestConnectionManagement::test_connection_is_reusable PASSED [ 81%]
2026-01-29T12:03:41.3077215Z tests/test_persistence_init.py::TestConnectionManagement::test_close_connection_explicitly PASSED [ 81%]
2026-01-29T12:03:41.3164863Z tests/test_persistence_init.py::TestConnectionManagement::test_context_manager_closes_connection PASSED [ 81%]
2026-01-29T12:03:41.3272927Z tests/test_persistence_init.py::TestConnectionManagement::test_multiple_instances_can_access_same_database PASSED [ 81%]
2026-01-29T12:03:41.3393318Z tests/test_persistence_init.py::TestSchemaVersionTracking::test_schema_version_table_exists PASSED [ 81%]
2026-01-29T12:03:41.3501518Z tests/test_persistence_init.py::TestSchemaVersionTracking::test_initial_schema_version_recorded PASSED [ 82%]
2026-01-29T12:03:41.3590563Z tests/test_persistence_init.py::TestSchemaVersionTracking::test_get_schema_version_method PASSED [ 82%]
2026-01-29T12:03:41.3726063Z tests/test_persistence_init.py::TestSchemaVersionTracking::test_schema_version_persists_across_instances PASSED [ 82%]
2026-01-29T12:03:41.3955794Z tests/test_persistence_init.py::TestSchemaVersionTracking::test_schema_version_has_timestamp PASSED [ 82%]
2026-01-29T12:03:41.3987651Z tests/test_persistence_init.py::TestErrorHandling::test_invalid_database_path_raises_error PASSED [ 82%]
2026-01-29T12:03:41.4164240Z tests/test_persistence_init.py::TestErrorHandling::test_database_with_wrong_permissions PASSED [ 82%]
2026-01-29T12:03:41.4196987Z tests/test_persistence_init.py::TestErrorHandling::test_corrupted_database_handling PASSED [ 82%]
2026-01-29T12:03:41.4682556Z tests/test_persistence_init.py::TestConcurrentAccess::test_concurrent_read_access PASSED [ 83%]
2026-01-29T12:03:41.5182076Z tests/test_persistence_init.py::TestConcurrentAccess::test_write_transaction_isolation PASSED [ 83%]
2026-01-29T12:03:41.5630588Z tests/test_persistence_init.py::TestDatabaseProperties::test_wal_mode_enabled PASSED [ 83%]
2026-01-29T12:03:41.6066786Z tests/test_persistence_init.py::TestDatabaseProperties::test_synchronous_mode_configured PASSED [ 83%]
2026-01-29T12:03:41.6159273Z tests/test_persistence_init.py::TestDatabaseProperties::test_database_encoding_is_utf8 PASSED [ 83%]
2026-01-29T12:03:41.6727036Z tests/test_persistence_queries.py::TestGetRecentBuildsBasic::test_get_recent_builds_returns_empty_list_when_no_builds PASSED [ 83%]
2026-01-29T12:03:41.6838147Z tests/test_persistence_queries.py::TestGetRecentBuildsBasic::test_get_recent_builds_returns_single_build PASSED [ 83%]
2026-01-29T12:03:41.7230050Z tests/test_persistence_queries.py::TestGetRecentBuildsBasic::test_get_recent_builds_returns_multiple_builds PASSED [ 84%]
2026-01-29T12:03:41.7328499Z tests/test_persistence_queries.py::TestGetRecentBuildsOrdering::test_get_recent_builds_ordered_by_timestamp_newest_first PASSED [ 84%]
2026-01-29T12:03:41.8555107Z tests/test_persistence_queries.py::TestGetRecentBuildsLimit::test_get_recent_builds_with_default_limit PASSED [ 84%]
2026-01-29T12:03:41.9057346Z tests/test_persistence_queries.py::TestGetRecentBuildsLimit::test_get_recent_builds_with_custom_limit PASSED [ 84%]
2026-01-29T12:03:41.9126001Z tests/test_persistence_queries.py::TestGetRecentBuildsLimit::test_get_recent_builds_limit_larger_than_available PASSED [ 84%]
2026-01-29T12:03:41.9193170Z tests/test_persistence_queries.py::TestGetRecentBuildsFiltering::test_get_recent_builds_filter_by_project_name PASSED [ 84%]
2026-01-29T12:03:41.9260114Z tests/test_persistence_queries.py::TestGetRecentBuildsFiltering::test_get_recent_builds_filter_returns_empty_when_no_match PASSED [ 84%]
2026-01-29T12:03:41.9333435Z tests/test_persistence_queries.py::TestGetRecentBuildsFiltering::test_get_recent_builds_filter_respects_limit PASSED [ 84%]
2026-01-29T12:03:41.9397768Z tests/test_persistence_queries.py::TestGetRecentBuildsReturnedFields::test_get_recent_builds_includes_all_required_fields PASSED [ 85%]
2026-01-29T12:03:41.9463367Z tests/test_persistence_queries.py::TestGetRecentBuildsReturnedFields::test_get_recent_builds_includes_timestamp_as_string PASSED [ 85%]
2026-01-29T12:03:41.9524616Z tests/test_persistence_queries.py::TestGetBuildStatisticsBasic::test_get_build_statistics_returns_empty_stats_when_no_builds PASSED [ 85%]
2026-01-29T12:03:41.9588867Z tests/test_persistence_queries.py::TestGetBuildStatisticsBasic::test_get_build_statistics_single_successful_build PASSED [ 85%]
2026-01-29T12:03:41.9653519Z tests/test_persistence_queries.py::TestGetBuildStatisticsBasic::test_get_build_statistics_single_failed_build PASSED [ 85%]
2026-01-29T12:03:41.9723003Z tests/test_persistence_queries.py::TestGetBuildStatisticsCalculations::test_get_build_statistics_multiple_builds PASSED [ 85%]
2026-01-29T12:03:41.9791646Z tests/test_persistence_queries.py::TestGetBuildStatisticsCalculations::test_get_build_statistics_success_rate_precision PASSED [ 85%]
2026-01-29T12:03:41.9858472Z tests/test_persistence_queries.py::TestGetBuildStatisticsCalculations::test_get_build_statistics_average_duration_precision PASSED [ 86%]
2026-01-29T12:03:41.9928370Z tests/test_persistence_queries.py::TestGetBuildStatisticsFiltering::test_get_build_statistics_filter_by_project_name PASSED [ 86%]
2026-01-29T12:03:41.9991802Z tests/test_persistence_queries.py::TestGetBuildStatisticsFiltering::test_get_build_statistics_filter_returns_empty_when_no_match PASSED [ 86%]
2026-01-29T12:03:42.0066718Z tests/test_persistence_queries.py::TestGetBuildStatisticsEdgeCases::test_get_build_statistics_with_zero_duration_builds PASSED [ 86%]
2026-01-29T12:03:42.0202122Z tests/test_persistence_queries.py::TestGetBuildStatisticsEdgeCases::test_get_build_statistics_with_large_numbers PASSED [ 86%]
2026-01-29T12:03:42.0368507Z tests/test_persistence_queries.py::TestQueryPerformance::test_get_recent_builds_performance_with_many_builds PASSED [ 86%]
2026-01-29T12:03:42.0534614Z tests/test_persistence_queries.py::TestQueryPerformance::test_get_build_statistics_performance_with_many_builds PASSED [ 86%]
2026-01-29T12:03:42.0547244Z tests/test_project_detection.py::TestSimpleProjectDetection::test_simple_project_call PASSED [ 86%]
2026-01-29T12:03:42.0559162Z tests/test_project_detection.py::TestSimpleProjectDetection::test_project_with_language PASSED [ 87%]
2026-01-29T12:03:42.0571100Z tests/test_project_detection.py::TestSimpleProjectDetection::test_project_with_version PASSED [ 87%]
2026-01-29T12:03:42.0583107Z tests/test_project_detection.py::TestSimpleProjectDetection::test_project_with_languages_keyword PASSED [ 87%]
2026-01-29T12:03:42.0594939Z tests/test_project_detection.py::TestSimpleProjectDetection::test_project_with_all_options PASSED [ 87%]
2026-01-29T12:03:42.0606761Z tests/test_project_detection.py::TestMultilineProjectDetection::test_multiline_project_call PASSED [ 87%]
2026-01-29T12:03:42.0618737Z tests/test_project_detection.py::TestProjectWithComments::test_project_with_comments PASSED [ 87%]
2026-01-29T12:03:42.0632905Z tests/test_project_detection.py::TestNestedProjects::test_nested_project_calls_use_outermost PASSED [ 87%]
2026-01-29T12:03:42.0645449Z tests/test_project_detection.py::TestProjectWithSpecialCharacters::test_project_with_spaces_in_quotes PASSED [ 88%]
2026-01-29T12:03:42.0658272Z tests/test_project_detection.py::TestCaseInsensitivity::test_lowercase_project_command PASSED [ 88%]
2026-01-29T12:03:42.0669864Z tests/test_project_detection.py::TestErrorCases::test_file_not_found PASSED [ 88%]
2026-01-29T12:03:42.0682180Z tests/test_project_detection.py::TestErrorCases::test_no_project_call PASSED [ 88%]
2026-01-29T12:03:42.0696998Z tests/test_project_detection.py::TestErrorCases::test_with_actual_cmakelists_filename PASSED [ 88%]
2026-01-29T12:03:42.0709229Z tests/test_project_detection.py::TestPathHandling::test_with_string_path PASSED [ 88%]
2026-01-29T12:03:42.0721884Z tests/test_project_detection.py::TestPathHandling::test_with_path_object PASSED [ 88%]
2026-01-29T12:03:42.0737291Z tests/test_project_detection.py::TestFileEncodingHandling::test_with_invalid_encoding PASSED [ 89%]
2026-01-29T12:03:42.0749882Z tests/test_project_structure.py::test_all_required_directories_exist PASSED [ 89%]
2026-01-29T12:03:42.0763214Z tests/test_project_structure.py::test_all_init_files_present PASSED      [ 89%]
2026-01-29T12:03:42.0774392Z tests/test_project_structure.py::test_all_modules_can_be_imported PASSED [ 89%]
2026-01-29T12:03:42.0786244Z tests/test_project_structure.py::test_pytest_discovers_tests_directory PASSED [ 89%]
2026-01-29T12:03:42.0798121Z tests/test_project_structure.py::test_main_entry_point_exists PASSED     [ 89%]
2026-01-29T12:03:42.0812082Z tests/test_project_structure.py::test_required_placeholder_files_exist PASSED [ 89%]
2026-01-29T12:03:42.0824336Z tests/test_project_structure.py::test_fixtures_directory_exists PASSED   [ 89%]
2026-01-29T12:03:42.0836292Z tests/test_target_extraction.py::TestNinjaTargetExtraction::test_extract_simple_ninja_target PASSED [ 90%]
2026-01-29T12:03:42.0847798Z tests/test_target_extraction.py::TestNinjaTargetExtraction::test_extract_ninja_library_target PASSED [ 90%]
2026-01-29T12:03:42.0859185Z tests/test_target_extraction.py::TestNinjaTargetExtraction::test_extract_ninja_shared_library PASSED [ 90%]
2026-01-29T12:03:42.0871442Z tests/test_target_extraction.py::TestNinjaTargetExtraction::test_extract_multiple_ninja_targets PASSED [ 90%]
2026-01-29T12:03:42.0883085Z tests/test_target_extraction.py::TestNinjaTargetExtraction::test_extract_ninja_with_completion_percentage PASSED [ 90%]
2026-01-29T12:03:42.0895761Z tests/test_target_extraction.py::TestMakeTargetExtraction::test_extract_simple_make_target PASSED [ 90%]
2026-01-29T12:03:42.0907839Z tests/test_target_extraction.py::TestMakeTargetExtraction::test_extract_make_library_target PASSED [ 90%]
2026-01-29T12:03:42.0920013Z tests/test_target_extraction.py::TestMakeTargetExtraction::test_extract_make_shared_library PASSED [ 91%]
2026-01-29T12:03:42.0932545Z tests/test_target_extraction.py::TestMakeTargetExtraction::test_extract_multiple_make_targets PASSED [ 91%]
2026-01-29T12:03:42.0944723Z tests/test_target_extraction.py::TestMSVCTargetExtraction::test_extract_simple_msvc_target PASSED [ 91%]
2026-01-29T12:03:42.0956546Z tests/test_target_extraction.py::TestMSVCTargetExtraction::test_extract_msvc_library_target PASSED [ 91%]
2026-01-29T12:03:42.0968291Z tests/test_target_extraction.py::TestMSVCTargetExtraction::test_extract_msvc_dll_target PASSED [ 91%]
2026-01-29T12:03:42.0980768Z tests/test_target_extraction.py::TestMSVCTargetExtraction::test_extract_multiple_msvc_targets PASSED [ 91%]
2026-01-29T12:03:42.0992242Z tests/test_target_extraction.py::TestTargetTypeDetection::test_detect_executable_from_extension PASSED [ 91%]
2026-01-29T12:03:42.1003919Z tests/test_target_extraction.py::TestTargetTypeDetection::test_detect_executable_exe_extension PASSED [ 92%]
2026-01-29T12:03:42.1015414Z tests/test_target_extraction.py::TestTargetTypeDetection::test_detect_static_library_from_extension PASSED [ 92%]
2026-01-29T12:03:42.1027162Z tests/test_target_extraction.py::TestTargetTypeDetection::test_detect_static_library_lib_extension PASSED [ 92%]
2026-01-29T12:03:42.1038635Z tests/test_target_extraction.py::TestTargetTypeDetection::test_detect_shared_library_so_extension PASSED [ 92%]
2026-01-29T12:03:42.1050608Z tests/test_target_extraction.py::TestTargetTypeDetection::test_detect_shared_library_dll_extension PASSED [ 92%]
2026-01-29T12:03:42.1062219Z tests/test_target_extraction.py::TestTargetTypeDetection::test_detect_shared_library_dylib_extension PASSED [ 92%]
2026-01-29T12:03:42.1073871Z tests/test_target_extraction.py::TestBuildProgressTracking::test_extract_ninja_progress_steps PASSED [ 92%]
2026-01-29T12:03:42.1085870Z tests/test_target_extraction.py::TestBuildProgressTracking::test_extract_make_percentage_progress PASSED [ 92%]
2026-01-29T12:03:42.1097496Z tests/test_target_extraction.py::TestBuildProgressTracking::test_track_compilation_count PASSED [ 93%]
2026-01-29T12:03:42.1109201Z tests/test_target_extraction.py::TestBuildOrderDetection::test_detect_build_order_from_sequence PASSED [ 93%]
2026-01-29T12:03:42.1121233Z tests/test_target_extraction.py::TestBuildOrderDetection::test_detect_dependency_order PASSED [ 93%]
2026-01-29T12:03:42.1133395Z tests/test_target_extraction.py::TestParallelBuildOutput::test_extract_from_parallel_ninja_output PASSED [ 93%]
2026-01-29T12:03:42.1146223Z tests/test_target_extraction.py::TestParallelBuildOutput::test_handle_interleaved_make_output PASSED [ 93%]
2026-01-29T12:03:42.1158926Z tests/test_target_extraction.py::TestParallelBuildOutput::test_handle_scrambled_ninja_output PASSED [ 93%]
2026-01-29T12:03:42.1170609Z tests/test_target_extraction.py::TestEmptyAndInvalidOutput::test_extract_from_empty_output PASSED [ 93%]
2026-01-29T12:03:42.1182258Z tests/test_target_extraction.py::TestEmptyAndInvalidOutput::test_extract_from_output_without_targets PASSED [ 94%]
2026-01-29T12:03:42.1193722Z tests/test_target_extraction.py::TestEmptyAndInvalidOutput::test_extract_from_clean_output PASSED [ 94%]
2026-01-29T12:03:42.1206012Z tests/test_target_extraction.py::TestEdgeCases::test_target_with_spaces_in_path PASSED [ 94%]
2026-01-29T12:03:42.1217734Z tests/test_target_extraction.py::TestEdgeCases::test_target_with_special_characters PASSED [ 94%]
2026-01-29T12:03:42.1320871Z tests/test_target_extraction.py::TestEdgeCases::test_very_long_build_output PASSED [ 94%]
2026-01-29T12:03:42.1333230Z tests/test_target_extraction.py::TestEdgeCases::test_target_with_unicode_characters PASSED [ 94%]
2026-01-29T12:03:42.1345092Z tests/test_warning_error_extraction.py::TestGCCWarningExtraction::test_extract_simple_gcc_warning PASSED [ 94%]
2026-01-29T12:03:42.1356696Z tests/test_warning_error_extraction.py::TestGCCWarningExtraction::test_extract_gcc_warning_with_full_path PASSED [ 94%]
2026-01-29T12:03:42.1368453Z tests/test_warning_error_extraction.py::TestGCCWarningExtraction::test_extract_multiple_gcc_warnings PASSED [ 95%]
2026-01-29T12:03:42.1380238Z tests/test_warning_error_extraction.py::TestGCCWarningExtraction::test_extract_gcc_warning_without_column PASSED [ 95%]
2026-01-29T12:03:42.1392498Z tests/test_warning_error_extraction.py::TestGCCWarningExtraction::test_extract_gcc_multiline_warning PASSED [ 95%]
2026-01-29T12:03:42.1404099Z tests/test_warning_error_extraction.py::TestClangWarningExtraction::test_extract_simple_clang_warning PASSED [ 95%]
2026-01-29T12:03:42.1415758Z tests/test_warning_error_extraction.py::TestClangWarningExtraction::test_extract_clang_warning_with_note PASSED [ 95%]
2026-01-29T12:03:42.1427502Z tests/test_warning_error_extraction.py::TestClangWarningExtraction::test_extract_clang_warning_with_fixit PASSED [ 95%]
2026-01-29T12:03:42.1439033Z tests/test_warning_error_extraction.py::TestMSVCWarningExtraction::test_extract_simple_msvc_warning PASSED [ 95%]
2026-01-29T12:03:42.1450673Z tests/test_warning_error_extraction.py::TestMSVCWarningExtraction::test_extract_msvc_warning_with_column PASSED [ 96%]
2026-01-29T12:03:42.1462355Z tests/test_warning_error_extraction.py::TestMSVCWarningExtraction::test_extract_msvc_warning_with_full_path PASSED [ 96%]
2026-01-29T12:03:42.1474284Z tests/test_warning_error_extraction.py::TestMSVCWarningExtraction::test_extract_multiple_msvc_warnings PASSED [ 96%]
2026-01-29T12:03:42.1485730Z tests/test_warning_error_extraction.py::TestGCCErrorExtraction::test_extract_simple_gcc_error PASSED [ 96%]
2026-01-29T12:03:42.1497117Z tests/test_warning_error_extraction.py::TestGCCErrorExtraction::test_extract_gcc_fatal_error PASSED [ 96%]
2026-01-29T12:03:42.1508621Z tests/test_warning_error_extraction.py::TestGCCErrorExtraction::test_extract_multiple_gcc_errors PASSED [ 96%]
2026-01-29T12:03:42.1520072Z tests/test_warning_error_extraction.py::TestClangErrorExtraction::test_extract_simple_clang_error PASSED [ 96%]
2026-01-29T12:03:42.1531834Z tests/test_warning_error_extraction.py::TestClangErrorExtraction::test_extract_clang_error_with_multiline PASSED [ 97%]
2026-01-29T12:03:42.1543218Z tests/test_warning_error_extraction.py::TestMSVCErrorExtraction::test_extract_simple_msvc_error PASSED [ 97%]
2026-01-29T12:03:42.1554682Z tests/test_warning_error_extraction.py::TestMSVCErrorExtraction::test_extract_msvc_error_with_column PASSED [ 97%]
2026-01-29T12:03:42.1566280Z tests/test_warning_error_extraction.py::TestMSVCErrorExtraction::test_extract_msvc_fatal_error PASSED [ 97%]
2026-01-29T12:03:42.1578110Z tests/test_warning_error_extraction.py::TestWarningWithoutFileInfo::test_extract_warning_without_file_info PASSED [ 97%]
2026-01-29T12:03:42.1589689Z tests/test_warning_error_extraction.py::TestWarningWithoutFileInfo::test_extract_linker_warning PASSED [ 97%]
2026-01-29T12:03:42.1601494Z tests/test_warning_error_extraction.py::TestColoredOutputHandling::test_extract_warning_with_ansi_colors PASSED [ 97%]
2026-01-29T12:03:42.1613215Z tests/test_warning_error_extraction.py::TestColoredOutputHandling::test_extract_error_with_ansi_colors PASSED [ 97%]
2026-01-29T12:03:42.1624760Z tests/test_warning_error_extraction.py::TestWarningCounting::test_count_warnings PASSED [ 98%]
2026-01-29T12:03:42.1636376Z tests/test_warning_error_extraction.py::TestWarningCounting::test_count_by_type PASSED [ 98%]
2026-01-29T12:03:42.1648134Z tests/test_warning_error_extraction.py::TestWarningDeduplication::test_deduplicate_identical_warnings PASSED [ 98%]
2026-01-29T12:03:42.1659956Z tests/test_warning_error_extraction.py::TestWarningDeduplication::test_no_deduplication_when_disabled PASSED [ 98%]
2026-01-29T12:03:42.1671934Z tests/test_warning_error_extraction.py::TestWarningDeduplication::test_deduplicate_by_file_line_message PASSED [ 98%]
2026-01-29T12:03:42.1683656Z tests/test_warning_error_extraction.py::TestMixedWarningsAndErrors::test_extract_warnings_ignores_errors PASSED [ 98%]
2026-01-29T12:03:42.1695235Z tests/test_warning_error_extraction.py::TestMixedWarningsAndErrors::test_extract_errors_ignores_warnings PASSED [ 98%]
2026-01-29T12:03:42.1706496Z tests/test_warning_error_extraction.py::TestEmptyAndInvalidOutput::test_extract_warnings_from_empty_output PASSED [ 99%]
2026-01-29T12:03:42.1718178Z tests/test_warning_error_extraction.py::TestEmptyAndInvalidOutput::test_extract_errors_from_empty_output PASSED [ 99%]
2026-01-29T12:03:42.1729846Z tests/test_warning_error_extraction.py::TestEmptyAndInvalidOutput::test_extract_from_output_without_warnings PASSED [ 99%]
2026-01-29T12:03:42.1741448Z tests/test_warning_error_extraction.py::TestEmptyAndInvalidOutput::test_extract_from_output_without_errors PASSED [ 99%]
2026-01-29T12:03:42.1753183Z tests/test_warning_error_extraction.py::TestEdgeCases::test_warning_with_special_characters_in_filename PASSED [ 99%]
2026-01-29T12:03:42.1764689Z tests/test_warning_error_extraction.py::TestEdgeCases::test_warning_with_spaces_in_windows_path PASSED [ 99%]
2026-01-29T12:03:42.1776338Z tests/test_warning_error_extraction.py::TestEdgeCases::test_very_long_warning_message PASSED [ 99%]
2026-01-29T12:03:42.9406395Z tests/test_warning_error_extraction.py::TestEdgeCases::test_warning_with_unicode_characters PASSED [100%]
2026-01-29T12:03:42.9407299Z 
2026-01-29T12:03:42.9407553Z ================================ tests coverage ================================
2026-01-29T12:03:42.9408355Z _______________ coverage: platform linux, python 3.9.25-final-0 ________________
2026-01-29T12:03:42.9408891Z 
2026-01-29T12:03:42.9409111Z Name                           Stmts   Miss   Cover   Missing
2026-01-29T12:03:42.9409718Z -------------------------------------------------------------
2026-01-29T12:03:42.9410162Z __init__.py                        2      0 100.00%
2026-01-29T12:03:42.9410973Z cli/__init__.py                    0      0 100.00%
2026-01-29T12:03:42.9411342Z cli/argument_errors.py            45      0 100.00%
2026-01-29T12:03:42.9411744Z cli/argument_parser.py            51      2  96.08%   135, 141
2026-01-29T12:03:42.9412175Z cli/argument_validator.py         42      0 100.00%
2026-01-29T12:03:42.9412527Z cmake/__init__.py                  0      0 100.00%
2026-01-29T12:03:42.9412908Z cmake/executor.py                117      3  97.44%   87-89
2026-01-29T12:03:42.9413325Z cmake/parameter_manager.py       100      1  99.00%   179
2026-01-29T12:03:42.9413634Z inspector/__init__.py              0      0 100.00%
2026-01-29T12:03:42.9414000Z inspector/build_inspector.py     250     19  92.40%   526, 591, 664-676, 688-697
2026-01-29T12:03:42.9414373Z models/__init__.py                 4      0 100.00%
2026-01-29T12:03:42.9414691Z models/arguments.py               34      2  94.12%   48, 85
2026-01-29T12:03:42.9414997Z models/metadata.py                72      0 100.00%
2026-01-29T12:03:42.9415275Z models/records.py                  0      0 100.00%
2026-01-29T12:03:42.9415545Z models/results.py                 47      0 100.00%
2026-01-29T12:03:42.9415818Z storage/__init__.py                2      0 100.00%
2026-01-29T12:03:42.9416181Z storage/data_persistence.py      134      8  94.03%   147, 223-225, 490-491, 567-568
2026-01-29T12:03:42.9416580Z storage/persistence.py            35      0 100.00%
2026-01-29T12:03:42.9416898Z storage/query.py                   0      0 100.00%
2026-01-29T12:03:42.9417172Z utils/__init__.py                  0      0 100.00%
2026-01-29T12:03:42.9417518Z utils/formatting.py              117      6  94.87%   53, 135, 185-186, 219-220
2026-01-29T12:03:42.9417862Z utils/logging.py                   0      0 100.00%
2026-01-29T12:03:42.9418140Z utils/logging_config.py           39      0 100.00%
2026-01-29T12:03:42.9418742Z utils/paths.py                     0      0 100.00%
2026-01-29T12:03:42.9419053Z -------------------------------------------------------------
2026-01-29T12:03:42.9419346Z TOTAL                           1091     41  96.24%
2026-01-29T12:03:42.9419604Z Coverage HTML written to dir htmlcov
2026-01-29T12:03:42.9419869Z Coverage XML written to file coverage.xml
2026-01-29T12:03:42.9420194Z Required test coverage of 90.0% reached. Total coverage: 96.24%
2026-01-29T12:03:42.9420792Z ============================= 738 passed in 22.15s =============================
2026-01-29T12:03:42.9928428Z Post job cleanup.
2026-01-29T12:03:43.1552945Z Post job cleanup.
2026-01-29T12:03:43.2483848Z [command]/usr/bin/git version
2026-01-29T12:03:43.2520809Z git version 2.52.0
2026-01-29T12:03:43.2562547Z Temporarily overriding HOME='/home/runner/work/_temp/6348f3c2-b21b-4dbb-bff2-65f048555c62' before making global git config changes
2026-01-29T12:03:43.2563789Z Adding repository directory to the temporary git global config as a safe directory
2026-01-29T12:03:43.2568060Z [command]/usr/bin/git config --global --add safe.directory /home/runner/work/argos/argos
2026-01-29T12:03:43.2603476Z [command]/usr/bin/git config --local --name-only --get-regexp core\.sshCommand
2026-01-29T12:03:43.2635035Z [command]/usr/bin/git submodule foreach --recursive sh -c "git config --local --name-only --get-regexp 'core\.sshCommand' && git config --local --unset-all 'core.sshCommand' || :"
2026-01-29T12:03:43.2860666Z [command]/usr/bin/git config --local --name-only --get-regexp http\.https\:\/\/github\.com\/\.extraheader
2026-01-29T12:03:43.2883119Z http.https://github.com/.extraheader
2026-01-29T12:03:43.2895575Z [command]/usr/bin/git config --local --unset-all http.https://github.com/.extraheader
2026-01-29T12:03:43.2928795Z [command]/usr/bin/git submodule foreach --recursive sh -c "git config --local --name-only --get-regexp 'http\.https\:\/\/github\.com\/\.extraheader' && git config --local --unset-all 'http.https://github.com/.extraheader' || :"
2026-01-29T12:03:43.3168247Z [command]/usr/bin/git config --local --name-only --get-regexp ^includeIf\.gitdir:
2026-01-29T12:03:43.3200066Z [command]/usr/bin/git submodule foreach --recursive git config --local --show-origin --name-only --get-regexp remote.origin.url
2026-01-29T12:03:43.3556467Z Cleaning up orphan processes
