2026-01-29T12:03:02.8427496Z Current runner version: '2.331.0'
2026-01-29T12:03:02.8453004Z ##[group]Runner Image Provisioner
2026-01-29T12:03:02.8453844Z Hosted Compute Agent
2026-01-29T12:03:02.8454542Z Version: 20260115.477
2026-01-29T12:03:02.8455103Z Commit: 4b342d620503cbe250a3154040964899ea7c9b00
2026-01-29T12:03:02.8455786Z Build Date: 2026-01-15T22:32:41Z
2026-01-29T12:03:02.8456479Z Worker ID: {4d863ed3-9d67-489b-a4f3-c1e2f0ffa232}
2026-01-29T12:03:02.8457225Z Azure Region: westcentralus
2026-01-29T12:03:02.8457789Z ##[endgroup]
2026-01-29T12:03:02.8459507Z ##[group]Operating System
2026-01-29T12:03:02.8460128Z Ubuntu
2026-01-29T12:03:02.8460550Z 24.04.3
2026-01-29T12:03:02.8461072Z LTS
2026-01-29T12:03:02.8461547Z ##[endgroup]
2026-01-29T12:03:02.8462040Z ##[group]Runner Image
2026-01-29T12:03:02.8462627Z Image: ubuntu-24.04
2026-01-29T12:03:02.8463118Z Version: 20260119.4.1
2026-01-29T12:03:02.8464256Z Included Software: https://github.com/actions/runner-images/blob/ubuntu24/20260119.4/images/ubuntu/Ubuntu2404-Readme.md
2026-01-29T12:03:02.8465788Z Image Release: https://github.com/actions/runner-images/releases/tag/ubuntu24%2F20260119.4
2026-01-29T12:03:02.8466659Z ##[endgroup]
2026-01-29T12:03:02.8467780Z ##[group]GITHUB_TOKEN Permissions
2026-01-29T12:03:02.8469703Z Contents: read
2026-01-29T12:03:02.8470234Z Metadata: read
2026-01-29T12:03:02.8470894Z Packages: read
2026-01-29T12:03:02.8471386Z ##[endgroup]
2026-01-29T12:03:02.8473423Z Secret source: Actions
2026-01-29T12:03:02.8474256Z Prepare workflow directory
2026-01-29T12:03:02.8806386Z Prepare all required actions
2026-01-29T12:03:02.8846128Z Getting action download info
2026-01-29T12:03:03.3391654Z Download action repository 'actions/checkout@v4' (SHA:34e114876b0b11c390a56381ad16ebd13914f8d5)
2026-01-29T12:03:03.4449478Z Download action repository 'actions/setup-python@v5' (SHA:a26af69be951a213d495a4c3e4e4022e16d87065)
2026-01-29T12:03:03.5259876Z Download action repository 'codecov/codecov-action@v4' (SHA:b9fd7d16f6d7d1b5d2bec1a2887e65ceed900238)
2026-01-29T12:03:04.2587843Z Complete job name: test (ubuntu-latest, 3.10)
2026-01-29T12:03:04.3231474Z ##[group]Run actions/checkout@v4
2026-01-29T12:03:04.3232370Z with:
2026-01-29T12:03:04.3232799Z   repository: lmvcruz/argos
2026-01-29T12:03:04.3233489Z   token: ***
2026-01-29T12:03:04.3233898Z   ssh-strict: true
2026-01-29T12:03:04.3234325Z   ssh-user: git
2026-01-29T12:03:04.3234769Z   persist-credentials: true
2026-01-29T12:03:04.3235257Z   clean: true
2026-01-29T12:03:04.3235691Z   sparse-checkout-cone-mode: true
2026-01-29T12:03:04.3236213Z   fetch-depth: 1
2026-01-29T12:03:04.3236638Z   fetch-tags: false
2026-01-29T12:03:04.3237078Z   show-progress: true
2026-01-29T12:03:04.3237535Z   lfs: false
2026-01-29T12:03:04.3237953Z   submodules: false
2026-01-29T12:03:04.3238616Z   set-safe-directory: true
2026-01-29T12:03:04.3239390Z ##[endgroup]
2026-01-29T12:03:04.4310262Z Syncing repository: lmvcruz/argos
2026-01-29T12:03:04.4312046Z ##[group]Getting Git version info
2026-01-29T12:03:04.4312767Z Working directory is '/home/runner/work/argos/argos'
2026-01-29T12:03:04.4313839Z [command]/usr/bin/git version
2026-01-29T12:03:04.4384738Z git version 2.52.0
2026-01-29T12:03:04.4412388Z ##[endgroup]
2026-01-29T12:03:04.4428900Z Temporarily overriding HOME='/home/runner/work/_temp/df4a1dbf-fd5e-45b8-a137-e65668464310' before making global git config changes
2026-01-29T12:03:04.4431592Z Adding repository directory to the temporary git global config as a safe directory
2026-01-29T12:03:04.4442541Z [command]/usr/bin/git config --global --add safe.directory /home/runner/work/argos/argos
2026-01-29T12:03:04.4481453Z Deleting the contents of '/home/runner/work/argos/argos'
2026-01-29T12:03:04.4485814Z ##[group]Initializing the repository
2026-01-29T12:03:04.4491062Z [command]/usr/bin/git init /home/runner/work/argos/argos
2026-01-29T12:03:04.4582623Z hint: Using 'master' as the name for the initial branch. This default branch name
2026-01-29T12:03:04.4584106Z hint: will change to "main" in Git 3.0. To configure the initial branch name
2026-01-29T12:03:04.4586195Z hint: to use in all of your new repositories, which will suppress this warning,
2026-01-29T12:03:04.4587292Z hint: call:
2026-01-29T12:03:04.4588046Z hint:
2026-01-29T12:03:04.4589280Z hint: 	git config --global init.defaultBranch <name>
2026-01-29T12:03:04.4590506Z hint:
2026-01-29T12:03:04.4591632Z hint: Names commonly chosen instead of 'master' are 'main', 'trunk' and
2026-01-29T12:03:04.4593546Z hint: 'development'. The just-created branch can be renamed via this command:
2026-01-29T12:03:04.4594963Z hint:
2026-01-29T12:03:04.4595676Z hint: 	git branch -m <name>
2026-01-29T12:03:04.4596522Z hint:
2026-01-29T12:03:04.4597774Z hint: Disable this message with "git config set advice.defaultBranchName false"
2026-01-29T12:03:04.4600120Z Initialized empty Git repository in /home/runner/work/argos/argos/.git/
2026-01-29T12:03:04.4603018Z [command]/usr/bin/git remote add origin https://github.com/lmvcruz/argos
2026-01-29T12:03:04.4635471Z ##[endgroup]
2026-01-29T12:03:04.4636842Z ##[group]Disabling automatic garbage collection
2026-01-29T12:03:04.4640686Z [command]/usr/bin/git config --local gc.auto 0
2026-01-29T12:03:04.4670619Z ##[endgroup]
2026-01-29T12:03:04.4671992Z ##[group]Setting up auth
2026-01-29T12:03:04.4678152Z [command]/usr/bin/git config --local --name-only --get-regexp core\.sshCommand
2026-01-29T12:03:04.4709699Z [command]/usr/bin/git submodule foreach --recursive sh -c "git config --local --name-only --get-regexp 'core\.sshCommand' && git config --local --unset-all 'core.sshCommand' || :"
2026-01-29T12:03:04.5032798Z [command]/usr/bin/git config --local --name-only --get-regexp http\.https\:\/\/github\.com\/\.extraheader
2026-01-29T12:03:04.5064788Z [command]/usr/bin/git submodule foreach --recursive sh -c "git config --local --name-only --get-regexp 'http\.https\:\/\/github\.com\/\.extraheader' && git config --local --unset-all 'http.https://github.com/.extraheader' || :"
2026-01-29T12:03:04.5288323Z [command]/usr/bin/git config --local --name-only --get-regexp ^includeIf\.gitdir:
2026-01-29T12:03:04.5318774Z [command]/usr/bin/git submodule foreach --recursive git config --local --show-origin --name-only --get-regexp remote.origin.url
2026-01-29T12:03:04.5547034Z [command]/usr/bin/git config --local http.https://github.com/.extraheader AUTHORIZATION: basic ***
2026-01-29T12:03:04.5581592Z ##[endgroup]
2026-01-29T12:03:04.5582382Z ##[group]Fetching the repository
2026-01-29T12:03:04.5591069Z [command]/usr/bin/git -c protocol.version=2 fetch --no-tags --prune --no-recurse-submodules --depth=1 origin +7f7ddd0266788b52ce4c638daa5f9c530ac86029:refs/remotes/origin/main
2026-01-29T12:03:05.0931144Z From https://github.com/lmvcruz/argos
2026-01-29T12:03:05.0932443Z  * [new ref]         7f7ddd0266788b52ce4c638daa5f9c530ac86029 -> origin/main
2026-01-29T12:03:05.0963228Z ##[endgroup]
2026-01-29T12:03:05.0963948Z ##[group]Determining the checkout info
2026-01-29T12:03:05.0965497Z ##[endgroup]
2026-01-29T12:03:05.0970840Z [command]/usr/bin/git sparse-checkout disable
2026-01-29T12:03:05.1010768Z [command]/usr/bin/git config --local --unset-all extensions.worktreeConfig
2026-01-29T12:03:05.1035949Z ##[group]Checking out the ref
2026-01-29T12:03:05.1040479Z [command]/usr/bin/git checkout --progress --force -B main refs/remotes/origin/main
2026-01-29T12:03:05.1165351Z Switched to a new branch 'main'
2026-01-29T12:03:05.1168585Z branch 'main' set up to track 'origin/main'.
2026-01-29T12:03:05.1175141Z ##[endgroup]
2026-01-29T12:03:05.1208060Z [command]/usr/bin/git log -1 --format=%H
2026-01-29T12:03:05.1229304Z 7f7ddd0266788b52ce4c638daa5f9c530ac86029
2026-01-29T12:03:05.1530427Z ##[group]Run actions/setup-python@v5
2026-01-29T12:03:05.1531067Z with:
2026-01-29T12:03:05.1531527Z   python-version: 3.10
2026-01-29T12:03:05.1532041Z   check-latest: false
2026-01-29T12:03:05.1532694Z   token: ***
2026-01-29T12:03:05.1533172Z   update-environment: true
2026-01-29T12:03:05.1533722Z   allow-prereleases: false
2026-01-29T12:03:05.1534260Z   freethreaded: false
2026-01-29T12:03:05.1534710Z ##[endgroup]
2026-01-29T12:03:05.3212025Z ##[group]Installed versions
2026-01-29T12:03:05.3309566Z Successfully set up CPython (3.10.19)
2026-01-29T12:03:05.3311128Z ##[endgroup]
2026-01-29T12:03:05.3430281Z ##[group]Run python -m pip install --upgrade pip
2026-01-29T12:03:05.3431062Z [36;1mpython -m pip install --upgrade pip[0m
2026-01-29T12:03:05.3431688Z [36;1mpip install -r requirements.txt[0m
2026-01-29T12:03:05.3479520Z shell: /usr/bin/bash -e {0}
2026-01-29T12:03:05.3480043Z env:
2026-01-29T12:03:05.3480562Z   pythonLocation: /opt/hostedtoolcache/Python/3.10.19/x64
2026-01-29T12:03:05.3481387Z   PKG_CONFIG_PATH: /opt/hostedtoolcache/Python/3.10.19/x64/lib/pkgconfig
2026-01-29T12:03:05.3482191Z   Python_ROOT_DIR: /opt/hostedtoolcache/Python/3.10.19/x64
2026-01-29T12:03:05.3482903Z   Python2_ROOT_DIR: /opt/hostedtoolcache/Python/3.10.19/x64
2026-01-29T12:03:05.3483624Z   Python3_ROOT_DIR: /opt/hostedtoolcache/Python/3.10.19/x64
2026-01-29T12:03:05.3484363Z   LD_LIBRARY_PATH: /opt/hostedtoolcache/Python/3.10.19/x64/lib
2026-01-29T12:03:05.3485008Z ##[endgroup]
2026-01-29T12:03:06.0543677Z Requirement already satisfied: pip in /opt/hostedtoolcache/Python/3.10.19/x64/lib/python3.10/site-packages (25.3)
2026-01-29T12:03:06.9435129Z Collecting pytest>=7.4.0 (from -r requirements.txt (line 5))
2026-01-29T12:03:07.0459184Z   Downloading pytest-9.0.2-py3-none-any.whl.metadata (7.6 kB)
2026-01-29T12:03:07.0856402Z Collecting pytest-cov>=4.1.0 (from -r requirements.txt (line 6))
2026-01-29T12:03:07.1050294Z   Downloading pytest_cov-7.0.0-py3-none-any.whl.metadata (31 kB)
2026-01-29T12:03:07.1698202Z Collecting pytest-mock>=3.11.1 (from -r requirements.txt (line 7))
2026-01-29T12:03:07.1892186Z   Downloading pytest_mock-3.15.1-py3-none-any.whl.metadata (3.9 kB)
2026-01-29T12:03:07.3278307Z Collecting psutil>=5.9.0 (from -r requirements.txt (line 8))
2026-01-29T12:03:07.3477030Z   Downloading psutil-7.2.2-cp36-abi3-manylinux2010_x86_64.manylinux_2_12_x86_64.manylinux_2_28_x86_64.whl.metadata (22 kB)
2026-01-29T12:03:07.4469775Z Collecting black>=23.7.0 (from -r requirements.txt (line 11))
2026-01-29T12:03:07.4679272Z   Downloading black-26.1.0-cp310-cp310-manylinux2014_x86_64.manylinux_2_17_x86_64.manylinux_2_28_x86_64.whl.metadata (88 kB)
2026-01-29T12:03:07.5350573Z Collecting flake8>=6.1.0 (from -r requirements.txt (line 12))
2026-01-29T12:03:07.5547935Z   Downloading flake8-7.3.0-py2.py3-none-any.whl.metadata (3.8 kB)
2026-01-29T12:03:07.7327003Z Collecting mypy>=1.5.0 (from -r requirements.txt (line 13))
2026-01-29T12:03:07.7532511Z   Downloading mypy-1.19.1-cp310-cp310-manylinux2014_x86_64.manylinux_2_17_x86_64.manylinux_2_28_x86_64.whl.metadata (2.2 kB)
2026-01-29T12:03:07.7965527Z Collecting radon>=6.0.1 (from -r requirements.txt (line 16))
2026-01-29T12:03:07.8169582Z   Downloading radon-6.0.1-py2.py3-none-any.whl.metadata (8.2 kB)
2026-01-29T12:03:07.8833345Z Collecting pylint>=3.0.0 (from -r requirements.txt (line 17))
2026-01-29T12:03:07.9028992Z   Downloading pylint-4.0.4-py3-none-any.whl.metadata (12 kB)
2026-01-29T12:03:07.9625143Z Collecting isort>=5.12.0 (from -r requirements.txt (line 20))
2026-01-29T12:03:07.9819332Z   Downloading isort-7.0.0-py3-none-any.whl.metadata (11 kB)
2026-01-29T12:03:08.0163596Z Collecting autoflake>=2.2.1 (from -r requirements.txt (line 21))
2026-01-29T12:03:08.0360742Z   Downloading autoflake-2.3.1-py3-none-any.whl.metadata (7.6 kB)
2026-01-29T12:03:08.0723218Z Collecting vulture>=2.10 (from -r requirements.txt (line 24))
2026-01-29T12:03:08.0925725Z   Downloading vulture-2.14-py2.py3-none-any.whl.metadata (24 kB)
2026-01-29T12:03:08.1247155Z Collecting exceptiongroup>=1 (from pytest>=7.4.0->-r requirements.txt (line 5))
2026-01-29T12:03:08.1443044Z   Downloading exceptiongroup-1.3.1-py3-none-any.whl.metadata (6.7 kB)
2026-01-29T12:03:08.1721404Z Collecting iniconfig>=1.0.1 (from pytest>=7.4.0->-r requirements.txt (line 5))
2026-01-29T12:03:08.1914608Z   Downloading iniconfig-2.3.0-py3-none-any.whl.metadata (2.5 kB)
2026-01-29T12:03:08.2272536Z Collecting packaging>=22 (from pytest>=7.4.0->-r requirements.txt (line 5))
2026-01-29T12:03:08.2469552Z   Downloading packaging-26.0-py3-none-any.whl.metadata (3.3 kB)
2026-01-29T12:03:08.2783375Z Collecting pluggy<2,>=1.5 (from pytest>=7.4.0->-r requirements.txt (line 5))
2026-01-29T12:03:08.2976938Z   Downloading pluggy-1.6.0-py3-none-any.whl.metadata (4.8 kB)
2026-01-29T12:03:08.3395175Z Collecting pygments>=2.7.2 (from pytest>=7.4.0->-r requirements.txt (line 5))
2026-01-29T12:03:08.3589704Z   Downloading pygments-2.19.2-py3-none-any.whl.metadata (2.5 kB)
2026-01-29T12:03:08.4004384Z Collecting tomli>=1 (from pytest>=7.4.0->-r requirements.txt (line 5))
2026-01-29T12:03:08.4196935Z   Downloading tomli-2.4.0-py3-none-any.whl.metadata (10 kB)
2026-01-29T12:03:09.0074866Z Collecting coverage>=7.10.6 (from coverage[toml]>=7.10.6->pytest-cov>=4.1.0->-r requirements.txt (line 6))
2026-01-29T12:03:09.0271756Z   Downloading coverage-7.13.2-cp310-cp310-manylinux1_x86_64.manylinux_2_28_x86_64.manylinux_2_5_x86_64.whl.metadata (8.5 kB)
2026-01-29T12:03:09.0953323Z Collecting click>=8.0.0 (from black>=23.7.0->-r requirements.txt (line 11))
2026-01-29T12:03:09.1147387Z   Downloading click-8.3.1-py3-none-any.whl.metadata (2.6 kB)
2026-01-29T12:03:09.1422685Z Collecting mypy-extensions>=0.4.3 (from black>=23.7.0->-r requirements.txt (line 11))
2026-01-29T12:03:09.1615908Z   Downloading mypy_extensions-1.1.0-py3-none-any.whl.metadata (1.1 kB)
2026-01-29T12:03:09.1913111Z Collecting pathspec>=1.0.0 (from black>=23.7.0->-r requirements.txt (line 11))
2026-01-29T12:03:09.2104537Z   Downloading pathspec-1.0.4-py3-none-any.whl.metadata (13 kB)
2026-01-29T12:03:09.2492302Z Collecting platformdirs>=2 (from black>=23.7.0->-r requirements.txt (line 11))
2026-01-29T12:03:09.2685132Z   Downloading platformdirs-4.5.1-py3-none-any.whl.metadata (12 kB)
2026-01-29T12:03:09.3016284Z Collecting pytokens>=0.3.0 (from black>=23.7.0->-r requirements.txt (line 11))
2026-01-29T12:03:09.3226121Z   Downloading pytokens-0.4.0-cp310-cp310-manylinux2014_x86_64.manylinux_2_17_x86_64.manylinux_2_28_x86_64.whl.metadata (3.8 kB)
2026-01-29T12:03:09.3634393Z Collecting typing-extensions>=4.0.1 (from black>=23.7.0->-r requirements.txt (line 11))
2026-01-29T12:03:09.3830533Z   Downloading typing_extensions-4.15.0-py3-none-any.whl.metadata (3.3 kB)
2026-01-29T12:03:09.4133988Z Collecting mccabe<0.8.0,>=0.7.0 (from flake8>=6.1.0->-r requirements.txt (line 12))
2026-01-29T12:03:09.4325024Z   Downloading mccabe-0.7.0-py2.py3-none-any.whl.metadata (5.0 kB)
2026-01-29T12:03:09.4623710Z Collecting pycodestyle<2.15.0,>=2.14.0 (from flake8>=6.1.0->-r requirements.txt (line 12))
2026-01-29T12:03:09.4817018Z   Downloading pycodestyle-2.14.0-py2.py3-none-any.whl.metadata (4.5 kB)
2026-01-29T12:03:09.5124273Z Collecting pyflakes<3.5.0,>=3.4.0 (from flake8>=6.1.0->-r requirements.txt (line 12))
2026-01-29T12:03:09.5318252Z   Downloading pyflakes-3.4.0-py2.py3-none-any.whl.metadata (3.5 kB)
2026-01-29T12:03:09.7156891Z Collecting librt>=0.6.2 (from mypy>=1.5.0->-r requirements.txt (line 13))
2026-01-29T12:03:09.7367876Z   Downloading librt-0.7.8-cp310-cp310-manylinux2014_x86_64.manylinux_2_17_x86_64.manylinux_2_28_x86_64.whl.metadata (1.3 kB)
2026-01-29T12:03:09.7662760Z Collecting mando<0.8,>=0.6 (from radon>=6.0.1->-r requirements.txt (line 16))
2026-01-29T12:03:09.7854091Z   Downloading mando-0.7.1-py2.py3-none-any.whl.metadata (7.4 kB)
2026-01-29T12:03:09.8189165Z Collecting colorama>=0.4.1 (from radon>=6.0.1->-r requirements.txt (line 16))
2026-01-29T12:03:09.8378876Z   Downloading colorama-0.4.6-py2.py3-none-any.whl.metadata (17 kB)
2026-01-29T12:03:09.8690604Z Collecting six (from mando<0.8,>=0.6->radon>=6.0.1->-r requirements.txt (line 16))
2026-01-29T12:03:09.8883841Z   Downloading six-1.17.0-py2.py3-none-any.whl.metadata (1.7 kB)
2026-01-29T12:03:09.9549022Z Collecting astroid<=4.1.dev0,>=4.0.2 (from pylint>=3.0.0->-r requirements.txt (line 17))
2026-01-29T12:03:09.9742637Z   Downloading astroid-4.0.3-py3-none-any.whl.metadata (4.4 kB)
2026-01-29T12:03:10.0053771Z Collecting dill>=0.2 (from pylint>=3.0.0->-r requirements.txt (line 17))
2026-01-29T12:03:10.0253125Z   Downloading dill-0.4.1-py3-none-any.whl.metadata (10 kB)
2026-01-29T12:03:10.0871804Z Collecting tomlkit>=0.10.1 (from pylint>=3.0.0->-r requirements.txt (line 17))
2026-01-29T12:03:10.1065253Z   Downloading tomlkit-0.14.0-py3-none-any.whl.metadata (2.8 kB)
2026-01-29T12:03:10.1684951Z Downloading pytest-9.0.2-py3-none-any.whl (374 kB)
2026-01-29T12:03:10.2156966Z Downloading pluggy-1.6.0-py3-none-any.whl (20 kB)
2026-01-29T12:03:10.2372986Z Downloading pytest_cov-7.0.0-py3-none-any.whl (22 kB)
2026-01-29T12:03:10.2588059Z Downloading pytest_mock-3.15.1-py3-none-any.whl (10 kB)
2026-01-29T12:03:10.2801853Z Downloading psutil-7.2.2-cp36-abi3-manylinux2010_x86_64.manylinux_2_12_x86_64.manylinux_2_28_x86_64.whl (155 kB)
2026-01-29T12:03:10.3031458Z Downloading black-26.1.0-cp310-cp310-manylinux2014_x86_64.manylinux_2_17_x86_64.manylinux_2_28_x86_64.whl (1.8 MB)
2026-01-29T12:03:10.3454486Z    ━━━━━━━━━━━━━━━━━━━━━━━━━━━━━━━━━━━━━━━━ 1.8/1.8 MB 39.9 MB/s  0:00:00
2026-01-29T12:03:10.3646607Z Downloading flake8-7.3.0-py2.py3-none-any.whl (57 kB)
2026-01-29T12:03:10.3863679Z Downloading mccabe-0.7.0-py2.py3-none-any.whl (7.3 kB)
2026-01-29T12:03:10.4076409Z Downloading pycodestyle-2.14.0-py2.py3-none-any.whl (31 kB)
2026-01-29T12:03:10.4288630Z Downloading pyflakes-3.4.0-py2.py3-none-any.whl (63 kB)
2026-01-29T12:03:10.4523905Z Downloading mypy-1.19.1-cp310-cp310-manylinux2014_x86_64.manylinux_2_17_x86_64.manylinux_2_28_x86_64.whl (13.5 MB)
2026-01-29T12:03:10.5381871Z    ━━━━━━━━━━━━━━━━━━━━━━━━━━━━━━━━━━━━━━━━ 13.5/13.5 MB 161.6 MB/s  0:00:00
2026-01-29T12:03:10.5575281Z Downloading radon-6.0.1-py2.py3-none-any.whl (52 kB)
2026-01-29T12:03:10.5794171Z Downloading mando-0.7.1-py2.py3-none-any.whl (28 kB)
2026-01-29T12:03:10.6012299Z Downloading pylint-4.0.4-py3-none-any.whl (536 kB)
2026-01-29T12:03:10.6075205Z    ━━━━━━━━━━━━━━━━━━━━━━━━━━━━━━━━━━━━━━━━ 536.4/536.4 kB 76.7 MB/s  0:00:00
2026-01-29T12:03:10.6292101Z Downloading isort-7.0.0-py3-none-any.whl (94 kB)
2026-01-29T12:03:10.6514673Z Downloading astroid-4.0.3-py3-none-any.whl (276 kB)
2026-01-29T12:03:10.6738382Z Downloading autoflake-2.3.1-py3-none-any.whl (32 kB)
2026-01-29T12:03:10.6949907Z Downloading vulture-2.14-py2.py3-none-any.whl (28 kB)
2026-01-29T12:03:10.7165813Z Downloading click-8.3.1-py3-none-any.whl (108 kB)
2026-01-29T12:03:10.7423746Z Downloading colorama-0.4.6-py2.py3-none-any.whl (25 kB)
2026-01-29T12:03:10.7639859Z Downloading coverage-7.13.2-cp310-cp310-manylinux1_x86_64.manylinux_2_28_x86_64.manylinux_2_5_x86_64.whl (247 kB)
2026-01-29T12:03:10.7860125Z Downloading dill-0.4.1-py3-none-any.whl (120 kB)
2026-01-29T12:03:10.8075772Z Downloading exceptiongroup-1.3.1-py3-none-any.whl (16 kB)
2026-01-29T12:03:10.8291969Z Downloading iniconfig-2.3.0-py3-none-any.whl (7.5 kB)
2026-01-29T12:03:10.8535056Z Downloading librt-0.7.8-cp310-cp310-manylinux2014_x86_64.manylinux_2_17_x86_64.manylinux_2_28_x86_64.whl (186 kB)
2026-01-29T12:03:10.8752284Z Downloading mypy_extensions-1.1.0-py3-none-any.whl (5.0 kB)
2026-01-29T12:03:10.8972688Z Downloading packaging-26.0-py3-none-any.whl (74 kB)
2026-01-29T12:03:10.9192501Z Downloading pathspec-1.0.4-py3-none-any.whl (55 kB)
2026-01-29T12:03:10.9445969Z Downloading platformdirs-4.5.1-py3-none-any.whl (18 kB)
2026-01-29T12:03:10.9657406Z Downloading pygments-2.19.2-py3-none-any.whl (1.2 MB)
2026-01-29T12:03:10.9762470Z    ━━━━━━━━━━━━━━━━━━━━━━━━━━━━━━━━━━━━━━━━ 1.2/1.2 MB 127.0 MB/s  0:00:00
2026-01-29T12:03:10.9959023Z Downloading pytokens-0.4.0-cp310-cp310-manylinux2014_x86_64.manylinux_2_17_x86_64.manylinux_2_28_x86_64.whl (258 kB)
2026-01-29T12:03:11.0184880Z Downloading tomli-2.4.0-py3-none-any.whl (14 kB)
2026-01-29T12:03:11.0411062Z Downloading tomlkit-0.14.0-py3-none-any.whl (39 kB)
2026-01-29T12:03:11.0621955Z Downloading typing_extensions-4.15.0-py3-none-any.whl (44 kB)
2026-01-29T12:03:11.0839390Z Downloading six-1.17.0-py2.py3-none-any.whl (11 kB)
2026-01-29T12:03:11.2160990Z Installing collected packages: typing-extensions, tomlkit, tomli, six, pytokens, pygments, pyflakes, pycodestyle, psutil, pluggy, platformdirs, pathspec, packaging, mypy-extensions, mccabe, librt, isort, iniconfig, dill, coverage, colorama, click, vulture, mypy, mando, flake8, exceptiongroup, black, autoflake, astroid, radon, pytest, pylint, pytest-mock, pytest-cov
2026-01-29T12:03:14.6319374Z 
2026-01-29T12:03:14.6381712Z Successfully installed astroid-4.0.3 autoflake-2.3.1 black-26.1.0 click-8.3.1 colorama-0.4.6 coverage-7.13.2 dill-0.4.1 exceptiongroup-1.3.1 flake8-7.3.0 iniconfig-2.3.0 isort-7.0.0 librt-0.7.8 mando-0.7.1 mccabe-0.7.0 mypy-1.19.1 mypy-extensions-1.1.0 packaging-26.0 pathspec-1.0.4 platformdirs-4.5.1 pluggy-1.6.0 psutil-7.2.2 pycodestyle-2.14.0 pyflakes-3.4.0 pygments-2.19.2 pylint-4.0.4 pytest-9.0.2 pytest-cov-7.0.0 pytest-mock-3.15.1 pytokens-0.4.0 radon-6.0.1 six-1.17.0 tomli-2.4.0 tomlkit-0.14.0 typing-extensions-4.15.0 vulture-2.14
2026-01-29T12:03:14.7786431Z ##[group]Run pytest --cov=forge --cov-report=xml --cov-report=term-missing
2026-01-29T12:03:14.7786990Z [36;1mpytest --cov=forge --cov-report=xml --cov-report=term-missing[0m
2026-01-29T12:03:14.7821058Z shell: /usr/bin/bash -e {0}
2026-01-29T12:03:14.7821288Z env:
2026-01-29T12:03:14.7821527Z   pythonLocation: /opt/hostedtoolcache/Python/3.10.19/x64
2026-01-29T12:03:14.7821955Z   PKG_CONFIG_PATH: /opt/hostedtoolcache/Python/3.10.19/x64/lib/pkgconfig
2026-01-29T12:03:14.7822357Z   Python_ROOT_DIR: /opt/hostedtoolcache/Python/3.10.19/x64
2026-01-29T12:03:14.7822736Z   Python2_ROOT_DIR: /opt/hostedtoolcache/Python/3.10.19/x64
2026-01-29T12:03:14.7823112Z   Python3_ROOT_DIR: /opt/hostedtoolcache/Python/3.10.19/x64
2026-01-29T12:03:14.7823483Z   LD_LIBRARY_PATH: /opt/hostedtoolcache/Python/3.10.19/x64/lib
2026-01-29T12:03:14.7823789Z ##[endgroup]
2026-01-29T12:03:15.2053350Z ============================= test session starts ==============================
2026-01-29T12:03:15.2054656Z platform linux -- Python 3.10.19, pytest-9.0.2, pluggy-1.6.0 -- /opt/hostedtoolcache/Python/3.10.19/x64/bin/python
2026-01-29T12:03:15.2055307Z cachedir: .pytest_cache
2026-01-29T12:03:15.2055610Z rootdir: /home/runner/work/argos/argos/forge
2026-01-29T12:03:15.2056111Z configfile: pytest.ini (WARNING: ignoring pytest config in pyproject.toml!)
2026-01-29T12:03:15.2056567Z testpaths: tests
2026-01-29T12:03:15.2056808Z plugins: cov-7.0.0, mock-3.15.1
2026-01-29T12:03:17.2538708Z collecting ... collected 738 items
2026-01-29T12:03:17.2539055Z 
2026-01-29T12:03:17.2561297Z tests/test_argument_errors.py::TestArgumentErrorCreation::test_argument_error_with_single_message PASSED [  0%]
2026-01-29T12:03:17.2573630Z tests/test_argument_errors.py::TestArgumentErrorCreation::test_argument_error_with_validation_error PASSED [  0%]
2026-01-29T12:03:17.2585812Z tests/test_argument_errors.py::TestArgumentErrorCreation::test_argument_error_has_exit_code PASSED [  0%]
2026-01-29T12:03:17.2598215Z tests/test_argument_errors.py::TestArgumentErrorCreation::test_argument_error_preserves_original_exception PASSED [  0%]
2026-01-29T12:03:17.2610578Z tests/test_argument_errors.py::TestErrorMessageFormatting::test_formatted_error_includes_error_prefix PASSED [  0%]
2026-01-29T12:03:17.2622661Z tests/test_argument_errors.py::TestErrorMessageFormatting::test_formatted_error_includes_message PASSED [  0%]
2026-01-29T12:03:17.2635080Z tests/test_argument_errors.py::TestErrorMessageFormatting::test_formatted_error_includes_help_reference PASSED [  0%]
2026-01-29T12:03:17.2647325Z tests/test_argument_errors.py::TestErrorMessageFormatting::test_formatted_error_suggests_fixes PASSED [  1%]
2026-01-29T12:03:17.2659345Z tests/test_argument_errors.py::TestColoredOutput::test_plain_output_no_ansi_codes PASSED [  1%]
2026-01-29T12:03:17.2671675Z tests/test_argument_errors.py::TestColoredOutput::test_colored_output_has_ansi_codes PASSED [  1%]
2026-01-29T12:03:17.2683847Z tests/test_argument_errors.py::TestColoredOutput::test_colored_output_resets_at_end PASSED [  1%]
2026-01-29T12:03:17.2695899Z tests/test_argument_errors.py::TestColoredOutput::test_color_auto_detection PASSED [  1%]
2026-01-29T12:03:17.2714392Z tests/test_argument_errors.py::TestColoredOutput::test_color_detection_on_unix PASSED [  1%]
2026-01-29T12:03:17.2744880Z tests/test_argument_errors.py::TestColoredOutput::test_color_detection_on_windows_with_wt PASSED [  1%]
2026-01-29T12:03:17.2760691Z tests/test_argument_errors.py::TestColoredOutput::test_color_detection_no_tty PASSED [  2%]
2026-01-29T12:03:17.2773222Z tests/test_argument_errors.py::TestMultiLineErrors::test_multiline_error_preserves_structure PASSED [  2%]
2026-01-29T12:03:17.2785628Z tests/test_argument_errors.py::TestMultiLineErrors::test_error_with_suggestion_on_new_line PASSED [  2%]
2026-01-29T12:03:17.2797896Z tests/test_argument_errors.py::TestErrorContextInformation::test_error_includes_command_example PASSED [  2%]
2026-01-29T12:03:17.2810809Z tests/test_argument_errors.py::TestErrorContextInformation::test_error_shows_problematic_path PASSED [  2%]
2026-01-29T12:03:17.2822822Z tests/test_argument_errors.py::TestErrorContextInformation::test_error_references_documentation PASSED [  2%]
2026-01-29T12:03:17.2835041Z tests/test_argument_errors.py::TestValidationErrorConversion::test_convert_simple_validation_error PASSED [  2%]
2026-01-29T12:03:17.2847436Z tests/test_argument_errors.py::TestValidationErrorConversion::test_convert_validation_error_extracts_suggestion PASSED [  2%]
2026-01-29T12:03:17.2860596Z tests/test_argument_errors.py::TestValidationErrorConversion::test_convert_validation_error_adds_help_reference PASSED [  3%]
2026-01-29T12:03:17.2872610Z tests/test_argument_errors.py::TestErrorExitCodes::test_validation_error_has_exit_code_2 PASSED [  3%]
2026-01-29T12:03:17.2889106Z tests/test_argument_errors.py::TestErrorExitCodes::test_can_override_exit_code PASSED [  3%]
2026-01-29T12:03:17.2901762Z tests/test_argument_errors.py::TestErrorStringRepresentation::test_str_representation_is_user_friendly PASSED [  3%]
2026-01-29T12:03:17.2914934Z tests/test_argument_errors.py::TestErrorStringRepresentation::test_repr_includes_class_info PASSED [  3%]
2026-01-29T12:03:17.2962292Z tests/test_argument_parser.py::TestBasicParsing::test_parse_with_only_required_build_dir PASSED [  3%]
2026-01-29T12:03:17.2991337Z tests/test_argument_parser.py::TestBasicParsing::test_parse_with_source_dir_and_build_dir PASSED [  3%]
2026-01-29T12:03:17.3030907Z tests/test_argument_parser.py::TestBasicParsing::test_parse_with_all_optional_arguments PASSED [  4%]
2026-01-29T12:03:17.3075825Z tests/test_argument_parser.py::TestCMakeArguments::test_parse_cmake_args_single_value PASSED [  4%]
2026-01-29T12:03:17.3106483Z tests/test_argument_parser.py::TestCMakeArguments::test_parse_cmake_args_multiple_values PASSED [  4%]
2026-01-29T12:03:17.3133845Z tests/test_argument_parser.py::TestCMakeArguments::test_parse_build_args_single_value PASSED [  4%]
2026-01-29T12:03:17.3161491Z tests/test_argument_parser.py::TestCMakeArguments::test_parse_build_args_multiple_values PASSED [  4%]
2026-01-29T12:03:17.3188954Z tests/test_argument_parser.py::TestFlags::test_parse_verbose_flag PASSED [  4%]
2026-01-29T12:03:17.3215982Z tests/test_argument_parser.py::TestFlags::test_parse_without_verbose_flag PASSED [  4%]
2026-01-29T12:03:17.3244567Z tests/test_argument_parser.py::TestFlags::test_parse_project_name_override PASSED [  5%]
2026-01-29T12:03:17.3271775Z tests/test_argument_parser.py::TestFlags::test_parse_no_configure_flag PASSED [  5%]
2026-01-29T12:03:17.3298686Z tests/test_argument_parser.py::TestFlags::test_parse_clean_build_flag PASSED [  5%]
2026-01-29T12:03:17.3338832Z tests/test_argument_parser.py::TestHelpAndVersion::test_help_message_generation PASSED [  5%]
2026-01-29T12:03:17.3360237Z tests/test_argument_parser.py::TestHelpAndVersion::test_version_output PASSED [  5%]
2026-01-29T12:03:17.3391529Z tests/test_argument_parser.py::TestPathHandling::test_relative_paths_converted_to_absolute PASSED [  5%]
2026-01-29T12:03:17.3418721Z tests/test_argument_parser.py::TestPathHandling::test_tilde_expansion_in_paths PASSED [  5%]
2026-01-29T12:03:17.3446846Z tests/test_argument_parser.py::TestSysArgvSimulation::test_parse_from_sys_argv PASSED [  5%]
2026-01-29T12:03:17.3474329Z tests/test_argument_parser.py::TestSysArgvSimulation::test_parse_with_equals_syntax PASSED [  6%]
2026-01-29T12:03:17.3501876Z tests/test_argument_parser.py::TestDefaultValues::test_default_values_set_correctly PASSED [  6%]
2026-01-29T12:03:17.3525802Z tests/test_argument_parser.py::TestErrorCases::test_parse_without_required_argument PASSED [  6%]
2026-01-29T12:03:17.3559190Z tests/test_argument_parser.py::TestErrorCases::test_parse_with_unknown_argument PASSED [  6%]
2026-01-29T12:03:17.3580188Z tests/test_argument_validation.py::TestValidArgumentCombinations::test_validate_with_existing_source_and_build_dirs PASSED [  6%]
2026-01-29T12:03:17.3600399Z tests/test_argument_validation.py::TestValidArgumentCombinations::test_validate_with_source_dir_only PASSED [  6%]
2026-01-29T12:03:17.3620558Z tests/test_argument_validation.py::TestValidArgumentCombinations::test_validate_with_build_dir_only PASSED [  6%]
2026-01-29T12:03:17.3641214Z tests/test_argument_validation.py::TestValidArgumentCombinations::test_validate_with_valid_database_path PASSED [  7%]
2026-01-29T12:03:17.3660140Z tests/test_argument_validation.py::TestBuildDirectoryValidation::test_error_when_build_dir_missing_and_no_source_dir PASSED [  7%]
2026-01-29T12:03:17.3680237Z tests/test_argument_validation.py::TestBuildDirectoryValidation::test_error_when_build_dir_missing_no_cmake_cache PASSED [  7%]
2026-01-29T12:03:17.3699052Z tests/test_argument_validation.py::TestSourceDirectoryValidation::test_error_when_source_dir_does_not_exist PASSED [  7%]
2026-01-29T12:03:17.3719036Z tests/test_argument_validation.py::TestSourceDirectoryValidation::test_error_when_source_dir_missing_cmakelists PASSED [  7%]
2026-01-29T12:03:17.3738942Z tests/test_argument_validation.py::TestSourceDirectoryValidation::test_error_when_source_dir_is_file PASSED [  7%]
2026-01-29T12:03:17.3760266Z tests/test_argument_validation.py::TestDatabaseValidation::test_error_when_database_path_is_directory PASSED [  7%]
2026-01-29T12:03:17.3782942Z tests/test_argument_validation.py::TestDatabaseValidation::test_error_when_database_parent_does_not_exist PASSED [  7%]
2026-01-29T12:03:17.3804181Z tests/test_argument_validation.py::TestPathNormalization::test_paths_are_absolute PASSED [  8%]
2026-01-29T12:03:17.3827131Z tests/test_argument_validation.py::TestPathNormalization::test_symlinks_are_resolved PASSED [  8%]
2026-01-29T12:03:17.3847310Z tests/test_argument_validation.py::TestMutuallyExclusiveOptions::test_no_configure_requires_existing_build PASSED [  8%]
2026-01-29T12:03:17.3867000Z tests/test_argument_validation.py::TestMutuallyExclusiveOptions::test_no_configure_with_nonexistent_build_dir PASSED [  8%]
2026-01-29T12:03:17.3887350Z tests/test_argument_validation.py::TestMutuallyExclusiveOptions::test_clean_build_with_no_configure_is_invalid PASSED [  8%]
2026-01-29T12:03:17.3907262Z tests/test_argument_validation.py::TestValidationErrorMessages::test_error_message_includes_path PASSED [  8%]
2026-01-29T12:03:17.3926987Z tests/test_argument_validation.py::TestValidationErrorMessages::test_error_message_suggests_fix PASSED [  8%]
2026-01-29T12:03:17.3947001Z tests/test_argument_validation.py::TestValidationErrorMessages::test_validation_error_has_context PASSED [  9%]
2026-01-29T12:03:17.3967346Z tests/test_argument_validation.py::TestMultipleValidationErrors::test_reports_first_error_encountered PASSED [  9%]
2026-01-29T12:03:17.4045438Z tests/test_build_inspection_integration.py::TestCompleteSuccessfulBuild::test_complete_ninja_build_inspection PASSED [  9%]
2026-01-29T12:03:17.4069108Z tests/test_build_inspection_integration.py::TestCompleteSuccessfulBuild::test_complete_make_build_inspection PASSED [  9%]
2026-01-29T12:03:17.4091671Z tests/test_build_inspection_integration.py::TestBuildWithWarnings::test_build_with_gcc_warnings PASSED [  9%]
2026-01-29T12:03:17.4113840Z tests/test_build_inspection_integration.py::TestBuildWithWarnings::test_build_with_msvc_warnings PASSED [  9%]
2026-01-29T12:03:17.4137026Z tests/test_build_inspection_integration.py::TestFailedBuild::test_build_with_compilation_errors PASSED [  9%]
2026-01-29T12:03:17.4159414Z tests/test_build_inspection_integration.py::TestFailedBuild::test_build_with_link_errors PASSED [ 10%]
2026-01-29T12:03:17.4184788Z tests/test_build_inspection_integration.py::TestPartialOutput::test_build_with_minimal_output PASSED [ 10%]
2026-01-29T12:03:17.4206337Z tests/test_build_inspection_integration.py::TestPartialOutput::test_build_with_empty_output PASSED [ 10%]
2026-01-29T12:03:17.4219645Z tests/test_build_inspection_integration.py::TestPartialOutput::test_build_without_source_dir PASSED [ 10%]
2026-01-29T12:03:17.4242912Z tests/test_build_inspection_integration.py::TestMetadataCompleteness::test_metadata_has_all_required_fields PASSED [ 10%]
2026-01-29T12:03:17.4265795Z tests/test_build_inspection_integration.py::TestMetadataCompleteness::test_targets_list_is_correct_type PASSED [ 10%]
2026-01-29T12:03:17.4287998Z tests/test_build_inspection_integration.py::TestMetadataCompleteness::test_warnings_list_is_correct_type PASSED [ 10%]
2026-01-29T12:03:17.4314037Z tests/test_build_inspection_integration.py::TestIntegrationWithRealFixtures::test_with_ninja_fixture PASSED [ 10%]
2026-01-29T12:03:17.4336424Z tests/test_build_inspection_integration.py::TestEdgeCases::test_multiple_projects_use_first PASSED [ 11%]
2026-01-29T12:03:17.4359209Z tests/test_build_inspection_integration.py::TestEdgeCases::test_ansi_color_codes_handled PASSED [ 11%]
2026-01-29T12:03:17.4580394Z tests/test_build_inspection_integration.py::TestEdgeCases::test_very_large_output PASSED [ 11%]
2026-01-29T12:03:17.4604156Z tests/test_cmake_detection.py::TestCMakeDetection::test_cmake_detected_when_available PASSED [ 11%]
2026-01-29T12:03:17.4620151Z tests/test_cmake_detection.py::TestCMakeDetection::test_cmake_not_found_returns_false PASSED [ 11%]
2026-01-29T12:03:17.4635871Z tests/test_cmake_detection.py::TestCMakeDetection::test_cmake_check_handles_other_exceptions PASSED [ 11%]
2026-01-29T12:03:17.4659111Z tests/test_cmake_detection.py::TestCMakeDetection::test_cmake_check_handles_nonzero_exit_code PASSED [ 11%]
2026-01-29T12:03:17.4682572Z tests/test_cmake_detection.py::TestCMakeDetection::test_cmake_check_uses_timeout PASSED [ 12%]
2026-01-29T12:03:17.4708977Z tests/test_cmake_detection.py::TestCMakeVersionExtraction::test_get_version_standard_format PASSED [ 12%]
2026-01-29T12:03:17.4737938Z tests/test_cmake_detection.py::TestCMakeVersionExtraction::test_get_version_two_part_version PASSED [ 12%]
2026-01-29T12:03:17.4760821Z tests/test_cmake_detection.py::TestCMakeVersionExtraction::test_get_version_with_patch_and_suffix PASSED [ 12%]
2026-01-29T12:03:17.4782822Z tests/test_cmake_detection.py::TestCMakeVersionExtraction::test_get_version_multiline_output PASSED [ 12%]
2026-01-29T12:03:17.4798636Z tests/test_cmake_detection.py::TestCMakeVersionExtraction::test_get_version_cmake_not_found PASSED [ 12%]
2026-01-29T12:03:17.4814482Z tests/test_cmake_detection.py::TestCMakeVersionExtraction::test_get_version_handles_exceptions PASSED [ 12%]
2026-01-29T12:03:17.4837354Z tests/test_cmake_detection.py::TestCMakeVersionExtraction::test_get_version_invalid_output_format PASSED [ 13%]
2026-01-29T12:03:17.4860357Z tests/test_cmake_detection.py::TestCMakeVersionExtraction::test_get_version_empty_output PASSED [ 13%]
2026-01-29T12:03:17.4882546Z tests/test_cmake_detection.py::TestCMakeVersionExtraction::test_get_version_with_rc_suffix PASSED [ 13%]
2026-01-29T12:03:17.4895910Z tests/test_cmake_detection.py::TestVersionComparison::test_compare_version_greater PASSED [ 13%]
2026-01-29T12:03:17.4908022Z tests/test_cmake_detection.py::TestVersionComparison::test_compare_version_less PASSED [ 13%]
2026-01-29T12:03:17.4920589Z tests/test_cmake_detection.py::TestVersionComparison::test_compare_version_equal PASSED [ 13%]
2026-01-29T12:03:17.4932839Z tests/test_cmake_detection.py::TestVersionComparison::test_compare_version_different_lengths PASSED [ 13%]
2026-01-29T12:03:17.4945138Z tests/test_cmake_detection.py::TestVersionComparison::test_compare_version_major_difference PASSED [ 13%]
2026-01-29T12:03:17.4958689Z tests/test_cmake_detection.py::TestVersionComparison::test_compare_version_with_suffix_ignored PASSED [ 14%]
2026-01-29T12:03:17.4974798Z tests/test_cmake_detection.py::TestVersionComparison::test_check_minimum_version_success PASSED [ 14%]
2026-01-29T12:03:17.4990767Z tests/test_cmake_detection.py::TestVersionComparison::test_check_minimum_version_fail PASSED [ 14%]
2026-01-29T12:03:17.5006449Z tests/test_cmake_detection.py::TestVersionComparison::test_check_minimum_version_equal PASSED [ 14%]
2026-01-29T12:03:17.5023150Z tests/test_cmake_detection.py::TestVersionComparison::test_check_minimum_version_cmake_not_found PASSED [ 14%]
2026-01-29T12:03:17.5044652Z tests/test_cmake_detection.py::TestCMakePathResolution::test_cmake_found_in_path PASSED [ 14%]
2026-01-29T12:03:17.5067580Z tests/test_cmake_detection.py::TestCMakePathResolution::test_cmake_custom_path PASSED [ 14%]
2026-01-29T12:03:17.5090072Z tests/test_cmake_detection.py::TestCMakePathResolution::test_cmake_path_with_spaces PASSED [ 15%]
2026-01-29T12:03:17.5112159Z tests/test_cmake_detection.py::TestCMakeDetectionIntegration::test_detection_before_execution PASSED [ 15%]
2026-01-29T12:03:17.5134969Z tests/test_cmake_detection.py::TestCMakeDetectionIntegration::test_version_info_caching PASSED [ 15%]
2026-01-29T12:03:17.5151017Z tests/test_cmake_detection.py::TestCMakeDetectionIntegration::test_helpful_error_message_when_cmake_missing PASSED [ 15%]
2026-01-29T12:03:18.1155520Z tests/test_cmake_detection.py::TestRealCMakeDetection::test_real_cmake_detection PASSED [ 15%]
2026-01-29T12:03:18.1194988Z tests/test_configure_inspection.py::TestCMakeVersionExtraction::test_extract_cmake_version_from_linux_output PASSED [ 15%]
2026-01-29T12:03:18.1210637Z tests/test_configure_inspection.py::TestCMakeVersionExtraction::test_extract_cmake_version_from_windows_output PASSED [ 15%]
2026-01-29T12:03:18.1226025Z tests/test_configure_inspection.py::TestCMakeVersionExtraction::test_extract_cmake_version_from_macos_output PASSED [ 15%]
2026-01-29T12:03:18.1246560Z tests/test_configure_inspection.py::TestCMakeVersionExtraction::test_cmake_version_none_when_missing PASSED [ 16%]
2026-01-29T12:03:18.1262299Z tests/test_configure_inspection.py::TestGeneratorDetection::test_detect_visual_studio_generator PASSED [ 16%]
2026-01-29T12:03:18.1277960Z tests/test_configure_inspection.py::TestGeneratorDetection::test_generator_none_when_not_specified PASSED [ 16%]
2026-01-29T12:03:18.1293594Z tests/test_configure_inspection.py::TestCompilerDetection::test_detect_gccompiler_c PASSED [ 16%]
2026-01-29T12:03:18.1308905Z tests/test_configure_inspection.py::TestCompilerDetection::test_detect_msvcompiler_c PASSED [ 16%]
2026-01-29T12:03:18.1324449Z tests/test_configure_inspection.py::TestCompilerDetection::test_detect_clang_compiler PASSED [ 16%]
2026-01-29T12:03:18.1337035Z tests/test_configure_inspection.py::TestCompilerDetection::test_compiler_none_when_missing PASSED [ 16%]
2026-01-29T12:03:18.1352790Z tests/test_configure_inspection.py::TestSystemInfoExtraction::test_extract_linux_system_info PASSED [ 17%]
2026-01-29T12:03:18.1368253Z tests/test_configure_inspection.py::TestSystemInfoExtraction::test_extract_windows_system_info PASSED [ 17%]
2026-01-29T12:03:18.1383964Z tests/test_configure_inspection.py::TestSystemInfoExtraction::test_extract_macos_system_info PASSED [ 17%]
2026-01-29T12:03:18.1396420Z tests/test_configure_inspection.py::TestSystemInfoExtraction::test_system_info_none_when_missing PASSED [ 17%]
2026-01-29T12:03:18.1412047Z tests/test_configure_inspection.py::TestFoundPackagesDetection::test_detect_single_package PASSED [ 17%]
2026-01-29T12:03:18.1427674Z tests/test_configure_inspection.py::TestFoundPackagesDetection::test_detect_multiple_packages PASSED [ 17%]
2026-01-29T12:03:18.1443287Z tests/test_configure_inspection.py::TestFoundPackagesDetection::test_package_order_preserved PASSED [ 17%]
2026-01-29T12:03:18.1458721Z tests/test_configure_inspection.py::TestFoundPackagesDetection::test_no_packages_when_none_found PASSED [ 18%]
2026-01-29T12:03:18.1474304Z tests/test_configure_inspection.py::TestFoundPackagesDetection::test_python_package_detected PASSED [ 18%]
2026-01-29T12:03:18.1490161Z tests/test_configure_inspection.py::TestBuildTypeDetection::test_detect_release_build_type PASSED [ 18%]
2026-01-29T12:03:18.1505283Z tests/test_configure_inspection.py::TestBuildTypeDetection::test_detect_debug_build_type PASSED [ 18%]
2026-01-29T12:03:18.1520762Z tests/test_configure_inspection.py::TestBuildTypeDetection::test_detect_relwithdebinfo_build_type PASSED [ 18%]
2026-01-29T12:03:18.1533010Z tests/test_configure_inspection.py::TestBuildTypeDetection::test_build_type_none_when_missing PASSED [ 18%]
2026-01-29T12:03:18.1545416Z tests/test_configure_inspection.py::TestBuildTypeDetection::test_detect_build_type_from_cache_variable PASSED [ 18%]
2026-01-29T12:03:18.1557981Z tests/test_configure_inspection.py::TestBuildTypeDetection::test_detect_build_type_from_cache_variable_release PASSED [ 18%]
2026-01-29T12:03:18.1570230Z tests/test_configure_inspection.py::TestBuildTypeDetection::test_detect_build_type_from_simple_assignment PASSED [ 19%]
2026-01-29T12:03:18.1585475Z tests/test_configure_inspection.py::TestPartialInformation::test_handle_minimal_output PASSED [ 19%]
2026-01-29T12:03:18.1597860Z tests/test_configure_inspection.py::TestPartialInformation::test_handle_empty_output PASSED [ 19%]
2026-01-29T12:03:18.1610305Z tests/test_configure_inspection.py::TestPartialInformation::test_handle_partial_compiler_info PASSED [ 19%]
2026-01-29T12:03:18.1629469Z tests/test_configure_inspection.py::TestCrossPlatformOutput::test_all_platforms_return_valid_metadata PASSED [ 19%]
2026-01-29T12:03:18.1648381Z tests/test_configure_inspection.py::TestCrossPlatformOutput::test_platform_specificompiler_cs_detected PASSED [ 19%]
2026-01-29T12:03:18.1663938Z tests/test_configure_inspection.py::TestMetadataIntegrity::test_metadata_has_all_fields PASSED [ 19%]
2026-01-29T12:03:18.1679846Z tests/test_configure_inspection.py::TestMetadataIntegrity::test_found_packages_is_list PASSED [ 20%]
2026-01-29T12:03:18.1698050Z tests/test_configure_inspection.py::TestMetadataIntegrity::test_string_fields_are_strings_or_none PASSED [ 20%]
2026-01-29T12:03:18.1721269Z tests/test_database_schema.py::TestDatabaseCreation::test_database_creation_with_none_path_uses_default PASSED [ 20%]
2026-01-29T12:03:18.2013344Z tests/test_database_schema.py::TestDatabaseCreation::test_context_manager_closes_connection PASSED [ 20%]
2026-01-29T12:03:18.2315936Z tests/test_database_schema.py::TestDatabaseCreation::test_database_creation_in_temporary_location PASSED [ 20%]
2026-01-29T12:03:18.2576502Z tests/test_database_schema.py::TestDatabaseCreation::test_database_creation_in_default_location PASSED [ 20%]
2026-01-29T12:03:18.2838025Z tests/test_database_schema.py::TestDatabaseCreation::test_database_connection_established PASSED [ 20%]
2026-01-29T12:03:18.3096234Z tests/test_database_schema.py::TestDatabaseCreation::test_idempotent_initialization PASSED [ 21%]
2026-01-29T12:03:18.3379392Z tests/test_database_schema.py::TestTableStructure::test_all_tables_created PASSED [ 21%]
2026-01-29T12:03:18.3631142Z tests/test_database_schema.py::TestTableStructure::test_configurations_table_columns PASSED [ 21%]
2026-01-29T12:03:18.3906322Z tests/test_database_schema.py::TestTableStructure::test_builds_table_columns PASSED [ 21%]
2026-01-29T12:03:18.4154159Z tests/test_database_schema.py::TestTableStructure::test_warnings_table_columns PASSED [ 21%]
2026-01-29T12:03:18.4441280Z tests/test_database_schema.py::TestTableStructure::test_errors_table_columns PASSED [ 21%]
2026-01-29T12:03:18.4721220Z tests/test_database_schema.py::TestTableStructure::test_build_targets_table_columns PASSED [ 21%]
2026-01-29T12:03:18.5002395Z tests/test_database_schema.py::TestIndexes::test_all_indexes_created PASSED [ 21%]
2026-01-29T12:03:18.5272071Z tests/test_database_schema.py::TestConstraints::test_foreign_key_constraints_enabled PASSED [ 22%]
2026-01-29T12:03:18.5549451Z tests/test_database_schema.py::TestConstraints::test_builds_foreign_key_to_configurations PASSED [ 22%]
2026-01-29T12:03:18.5818612Z tests/test_database_schema.py::TestConstraints::test_builds_foreign_key_constraint_enforced PASSED [ 22%]
2026-01-29T12:03:18.6112615Z tests/test_database_schema.py::TestConstraints::test_warnings_foreign_key_cascade_delete PASSED [ 22%]
2026-01-29T12:03:18.6440925Z tests/test_database_schema.py::TestConstraints::test_errors_foreign_key_cascade_delete PASSED [ 22%]
2026-01-29T12:03:18.6684753Z tests/test_database_schema.py::TestConstraints::test_default_values_set_correctly PASSED [ 22%]
2026-01-29T12:03:18.7005106Z tests/test_database_schema.py::TestConstraints::test_builds_default_warning_error_counts PASSED [ 22%]
2026-01-29T12:03:18.7238294Z tests/test_database_schema.py::TestConnectionManagement::test_connection_reuse PASSED [ 23%]
2026-01-29T12:03:18.7499691Z tests/test_database_schema.py::TestConnectionManagement::test_close_connection PASSED [ 23%]
2026-01-29T12:03:18.7511457Z tests/test_documentation.py::TestModuleDocstrings::test_main_package_docstring PASSED [ 23%]
2026-01-29T12:03:18.7523463Z tests/test_documentation.py::TestModuleDocstrings::test_models_package_docstring PASSED [ 23%]
2026-01-29T12:03:18.7535286Z tests/test_documentation.py::TestModuleDocstrings::test_utils_package_docstring PASSED [ 23%]
2026-01-29T12:03:18.7547057Z tests/test_documentation.py::TestClassDocstrings::test_data_model_classes_have_docstrings PASSED [ 23%]
2026-01-29T12:03:18.7559688Z tests/test_documentation.py::TestClassDocstrings::test_cli_classes_have_docstrings PASSED [ 23%]
2026-01-29T12:03:18.7571499Z tests/test_documentation.py::TestClassDocstrings::test_cmake_classes_have_docstrings PASSED [ 23%]
2026-01-29T12:03:18.7584099Z tests/test_documentation.py::TestClassDocstrings::test_inspector_classes_have_docstrings PASSED [ 24%]
2026-01-29T12:03:18.7596366Z tests/test_documentation.py::TestClassDocstrings::test_storage_classes_have_docstrings PASSED [ 24%]
2026-01-29T12:03:18.7609717Z tests/test_documentation.py::TestMethodDocstrings::test_cmake_executor_methods_have_docstrings PASSED [ 24%]
2026-01-29T12:03:18.7623223Z tests/test_documentation.py::TestMethodDocstrings::test_parameter_manager_methods_have_docstrings PASSED [ 24%]
2026-01-29T12:03:18.7636856Z tests/test_documentation.py::TestMethodDocstrings::test_build_inspector_methods_have_docstrings PASSED [ 24%]
2026-01-29T12:03:18.7650292Z tests/test_documentation.py::TestMethodDocstrings::test_persistence_methods_have_docstrings PASSED [ 24%]
2026-01-29T12:03:18.7663988Z tests/test_documentation.py::TestFunctionDocstrings::test_formatting_functions_have_docstrings PASSED [ 24%]
2026-01-29T12:03:18.7676995Z tests/test_documentation.py::TestFunctionDocstrings::test_logging_config_functions_have_docstrings PASSED [ 25%]
2026-01-29T12:03:18.7689616Z tests/test_documentation.py::TestDocstringFormat::test_forge_arguments_docstring_format PASSED [ 25%]
2026-01-29T12:03:18.7702036Z tests/test_documentation.py::TestDocstringFormat::test_executor_execute_configure_docstring_format PASSED [ 25%]
2026-01-29T12:03:18.7714292Z tests/test_documentation.py::TestDocstringFormat::test_format_duration_docstring_format PASSED [ 25%]
2026-01-29T12:03:18.7727414Z tests/test_documentation.py::TestDocstringCompleteness::test_parameter_docstrings_match_signatures PASSED [ 25%]
2026-01-29T12:03:18.7739982Z tests/test_documentation.py::TestDocstringCompleteness::test_return_types_documented PASSED [ 25%]
2026-01-29T12:03:18.7752716Z tests/test_documentation.py::TestDocstringExamples::test_format_duration_examples PASSED [ 25%]
2026-01-29T12:03:18.7765648Z tests/test_documentation.py::TestDocstringExamples::test_format_timestamp_examples PASSED [ 26%]
2026-01-29T12:03:18.7779150Z tests/test_documentation.py::TestAPIExportCompleteness::test_models_all_export PASSED [ 26%]
2026-01-29T12:03:20.0053875Z tests/test_e2e_samples.py::TestSimpleExecutable::test_configure_and_build_simple_executable PASSED [ 26%]
2026-01-29T12:03:20.5246124Z tests/test_e2e_samples.py::TestSimpleExecutable::test_build_only_simple_executable PASSED [ 26%]
2026-01-29T12:03:21.4513863Z tests/test_e2e_samples.py::TestMultipleTargets::test_multiple_targets_project PASSED [ 26%]
2026-01-29T12:03:21.9648263Z tests/test_e2e_samples.py::TestHeaderOnlyLibrary::test_header_only_library PASSED [ 26%]
2026-01-29T12:03:22.5323124Z tests/test_e2e_samples.py::TestSubdirectories::test_project_with_subdirectories PASSED [ 26%]
2026-01-29T12:03:23.0565955Z tests/test_e2e_samples.py::TestBuildTypes::test_debug_build PASSED       [ 26%]
2026-01-29T12:03:23.5899347Z tests/test_e2e_samples.py::TestBuildTypes::test_release_build PASSED     [ 27%]
2026-01-29T12:03:24.1004200Z tests/test_e2e_samples.py::TestEndToEndWorkflow::test_complete_workflow_with_metadata PASSED [ 27%]
2026-01-29T12:03:24.6086670Z tests/test_e2e_samples.py::TestEndToEndWorkflow::test_verbose_output PASSED [ 27%]
2026-01-29T12:03:25.5374293Z tests/test_e2e_samples.py::TestDataPersistence::test_multiple_builds_same_project PASSED [ 27%]
2026-01-29T12:03:26.5047643Z tests/test_e2e_samples.py::TestDataPersistence::test_multiple_different_projects PASSED [ 27%]
2026-01-29T12:03:26.6312118Z tests/test_edge_cases.py::TestVeryLongOutput::test_very_long_configure_output PASSED [ 27%]
2026-01-29T12:03:26.7444473Z tests/test_edge_cases.py::TestUnicodeOutput::test_unicode_in_configure_output PASSED [ 27%]
2026-01-29T12:03:26.8573655Z tests/test_edge_cases.py::TestPathsWithSpecialCharacters::test_path_with_spaces PASSED [ 28%]
2026-01-29T12:03:26.9696800Z tests/test_edge_cases.py::TestBuildDuration::test_very_quick_build PASSED [ 28%]
2026-01-29T12:03:26.9735450Z tests/test_edge_cases.py::TestDatabaseEdgeCases::test_database_directory_not_exists PASSED [ 28%]
2026-01-29T12:03:26.9766849Z tests/test_executor_basic.py::TestSuccessfulExecution::test_execute_configure_success PASSED [ 28%]
2026-01-29T12:03:26.9796265Z tests/test_executor_basic.py::TestSuccessfulExecution::test_execute_build_success PASSED [ 28%]
2026-01-29T12:03:26.9826062Z tests/test_executor_basic.py::TestSuccessfulExecution::test_execute_with_echo_command PASSED [ 28%]
2026-01-29T12:03:26.9855709Z tests/test_executor_basic.py::TestFailedExecution::test_execute_configure_failure PASSED [ 28%]
2026-01-29T12:03:26.9885802Z tests/test_executor_basic.py::TestFailedExecution::test_execute_build_failure PASSED [ 28%]
2026-01-29T12:03:26.9908143Z tests/test_executor_basic.py::TestFailedExecution::test_execute_with_failing_command PASSED [ 29%]
2026-01-29T12:03:26.9925445Z tests/test_executor_basic.py::TestCommandNotFound::test_command_not_found_configure PASSED [ 29%]
2026-01-29T12:03:26.9942300Z tests/test_executor_basic.py::TestCommandNotFound::test_command_not_found_build PASSED [ 29%]
2026-01-29T12:03:26.9959493Z tests/test_executor_basic.py::TestCommandNotFound::test_general_exception_configure PASSED [ 29%]
2026-01-29T12:03:26.9974966Z tests/test_executor_basic.py::TestCommandNotFound::test_general_exception_build PASSED [ 29%]
2026-01-29T12:03:27.0003449Z tests/test_executor_basic.py::TestTimeoutHandling::test_execution_timeout PASSED [ 29%]
2026-01-29T12:03:27.0032320Z tests/test_executor_basic.py::TestTimeoutHandling::test_timeout_with_existing_stderr PASSED [ 29%]
2026-01-29T12:03:27.0069258Z tests/test_executor_basic.py::TestTimeoutHandling::test_timeout_build_command PASSED [ 30%]
2026-01-29T12:03:27.0160451Z tests/test_executor_basic.py::TestWorkingDirectory::test_working_directory_is_set PASSED [ 30%]
2026-01-29T12:03:27.0182591Z tests/test_executor_basic.py::TestWorkingDirectory::test_default_working_directory PASSED [ 30%]
2026-01-29T12:03:27.0205840Z tests/test_executor_basic.py::TestResultObjectPopulation::test_configure_result_has_all_fields PASSED [ 30%]
2026-01-29T12:03:27.0229063Z tests/test_executor_basic.py::TestResultObjectPopulation::test_build_result_has_all_fields PASSED [ 30%]
2026-01-29T12:03:27.0253932Z tests/test_executor_basic.py::TestResultObjectPopulation::test_stdout_is_captured PASSED [ 30%]
2026-01-29T12:03:27.0276514Z tests/test_executor_basic.py::TestResultObjectPopulation::test_stderr_is_captured PASSED [ 30%]
2026-01-29T12:03:27.0300473Z tests/test_executor_basic.py::TestExitCodeCapture::test_exit_code_zero PASSED [ 31%]
2026-01-29T12:03:27.0322684Z tests/test_executor_basic.py::TestExitCodeCapture::test_exit_code_nonzero PASSED [ 31%]
2026-01-29T12:03:27.0345836Z tests/test_executor_basic.py::TestExitCodeCapture::test_exit_code_in_result_object PASSED [ 31%]
2026-01-29T12:03:27.0481297Z tests/test_executor_integration.py::TestRealProcessExecution::test_real_stdout_capture PASSED [ 31%]
2026-01-29T12:03:27.0616416Z tests/test_executor_integration.py::TestRealProcessExecution::test_real_stderr_capture PASSED [ 31%]
2026-01-29T12:03:27.0749025Z tests/test_executor_integration.py::TestRealProcessExecution::test_real_exit_code_success PASSED [ 31%]
2026-01-29T12:03:27.0881722Z tests/test_executor_integration.py::TestRealProcessExecution::test_real_exit_code_failure PASSED [ 31%]
2026-01-29T12:03:27.0900064Z tests/test_executor_integration.py::TestRealProcessExecution::test_real_command_not_found PASSED [ 31%]
2026-01-29T12:03:27.1031588Z tests/test_executor_integration.py::TestRealProcessExecution::test_real_unicode_output PASSED [ 32%]
2026-01-29T12:03:27.1165899Z tests/test_executor_integration.py::TestRealProcessExecution::test_real_large_output PASSED [ 32%]
2026-01-29T12:03:27.1294819Z tests/test_executor_integration.py::TestRealProcessExecution::test_real_multiline_output PASSED [ 32%]
2026-01-29T12:03:27.1424993Z tests/test_executor_integration.py::TestRealProcessExecution::test_real_mixed_output PASSED [ 32%]
2026-01-29T12:03:27.1559709Z tests/test_executor_integration.py::TestRealProcessExecution::test_real_empty_output PASSED [ 32%]
2026-01-29T12:03:27.1693852Z tests/test_executor_integration.py::TestRealProcessExecution::test_real_working_directory PASSED [ 32%]
2026-01-29T12:03:27.2839152Z tests/test_executor_integration.py::TestRealProcessExecution::test_real_timing_accuracy PASSED [ 32%]
2026-01-29T12:03:27.3093029Z tests/test_executor_integration.py::TestRealProcessExecution::test_real_multiple_executions_independent PASSED [ 33%]
2026-01-29T12:03:27.3223864Z tests/test_executor_integration.py::TestRealBuildExecution::test_real_build_stdout_capture PASSED [ 33%]
2026-01-29T12:03:27.3353129Z tests/test_executor_integration.py::TestRealBuildExecution::test_real_build_exit_code PASSED [ 33%]
2026-01-29T12:03:27.3988864Z tests/test_executor_integration.py::TestRealBuildExecution::test_real_build_timing PASSED [ 33%]
2026-01-29T12:03:27.4121216Z tests/test_executor_integration.py::TestRealStreamingBehavior::test_real_streaming_enabled PASSED [ 33%]
2026-01-29T12:03:27.4250871Z tests/test_executor_integration.py::TestRealStreamingBehavior::test_real_streaming_disabled PASSED [ 33%]
2026-01-29T12:03:27.9286489Z tests/test_executor_integration.py::TestRealTimeoutBehavior::test_real_timeout_kills_process PASSED [ 33%]
2026-01-29T12:03:27.9420678Z tests/test_executor_integration.py::TestRealTimeoutBehavior::test_real_timeout_not_triggered PASSED [ 34%]
2026-01-29T12:03:27.9551474Z tests/test_executor_integration.py::TestRealEdgeCases::test_real_output_with_no_newline PASSED [ 34%]
2026-01-29T12:03:27.9681611Z tests/test_executor_integration.py::TestRealEdgeCases::test_real_output_with_multiple_newlines PASSED [ 34%]
2026-01-29T12:03:27.9812420Z tests/test_executor_integration.py::TestRealEdgeCases::test_real_binary_output_handling PASSED [ 34%]
2026-01-29T12:03:27.9945588Z tests/test_executor_integration.py::TestRealEdgeCases::test_real_very_long_line PASSED [ 34%]
2026-01-29T12:03:28.0085049Z tests/test_executor_integration.py::TestRealEdgeCases::test_real_rapid_output PASSED [ 34%]
2026-01-29T12:03:28.0216704Z tests/test_executor_integration.py::TestRealEdgeCases::test_real_stderr_without_stdout PASSED [ 34%]
2026-01-29T12:03:28.0349406Z tests/test_executor_integration.py::TestRealEdgeCases::test_real_exit_with_output PASSED [ 34%]
2026-01-29T12:03:28.0375168Z tests/test_executor_integration.py::TestRealCrossCompatibility::test_real_python_executable PASSED [ 35%]
2026-01-29T12:03:28.0504973Z tests/test_executor_integration.py::TestRealCrossCompatibility::test_real_path_handling PASSED [ 35%]
2026-01-29T12:03:28.0637123Z tests/test_executor_integration.py::TestRealCrossCompatibility::test_real_environment_inheritance PASSED [ 35%]
2026-01-29T12:03:28.0661467Z tests/test_executor_output.py::TestStdoutCapture::test_stdout_captured_completely PASSED [ 35%]
2026-01-29T12:03:28.0711825Z tests/test_executor_output.py::TestStdoutCapture::test_large_stdout_handling PASSED [ 35%]
2026-01-29T12:03:28.0733975Z tests/test_executor_output.py::TestStdoutCapture::test_stdout_with_unicode_characters PASSED [ 35%]
2026-01-29T12:03:28.0756737Z tests/test_executor_output.py::TestStderrCapture::test_stderr_captured_completely PASSED [ 35%]
2026-01-29T12:03:28.0779488Z tests/test_executor_output.py::TestStderrCapture::test_stderr_with_warnings PASSED [ 36%]
2026-01-29T12:03:28.0802411Z tests/test_executor_output.py::TestMixedOutput::test_mixed_stdout_stderr PASSED [ 36%]
2026-01-29T12:03:28.0824237Z tests/test_executor_output.py::TestMixedOutput::test_empty_stdout_with_stderr PASSED [ 36%]
2026-01-29T12:03:28.0846968Z tests/test_executor_output.py::TestMixedOutput::test_empty_stderr_with_stdout PASSED [ 36%]
2026-01-29T12:03:28.0869692Z tests/test_executor_output.py::TestSpecialCharacters::test_ansi_color_codes_in_output PASSED [ 36%]
2026-01-29T12:03:28.0891975Z tests/test_executor_output.py::TestSpecialCharacters::test_carriage_return_handling PASSED [ 36%]
2026-01-29T12:03:28.0913649Z tests/test_executor_output.py::TestSpecialCharacters::test_null_bytes_in_output PASSED [ 36%]
2026-01-29T12:03:28.0936238Z tests/test_executor_output.py::TestSpecialCharacters::test_invalid_utf8_sequences PASSED [ 36%]
2026-01-29T12:03:28.0967589Z tests/test_executor_output.py::TestOutputBuffering::test_output_with_no_trailing_newline PASSED [ 37%]
2026-01-29T12:03:28.0988995Z tests/test_executor_output.py::TestOutputBuffering::test_output_with_multiple_newlines PASSED [ 37%]
2026-01-29T12:03:28.1011869Z tests/test_executor_output.py::TestOutputBuffering::test_very_long_lines PASSED [ 37%]
2026-01-29T12:03:28.1034108Z tests/test_executor_output.py::TestBuildOutput::test_build_stdout_capture PASSED [ 37%]
2026-01-29T12:03:28.1056381Z tests/test_executor_output.py::TestBuildOutput::test_build_with_compilation_errors PASSED [ 37%]
2026-01-29T12:03:28.1077631Z tests/test_executor_output.py::TestEmptyOutput::test_no_output_success PASSED [ 37%]
2026-01-29T12:03:28.1099869Z tests/test_executor_output.py::TestEmptyOutput::test_no_output_failure PASSED [ 37%]
2026-01-29T12:03:28.1122679Z tests/test_executor_output.py::TestRealTimeStreaming::test_stdout_streams_to_console PASSED [ 38%]
2026-01-29T12:03:28.1145015Z tests/test_executor_output.py::TestRealTimeStreaming::test_stderr_streams_to_console PASSED [ 38%]
2026-01-29T12:03:28.1166563Z tests/test_executor_output.py::TestRealTimeStreaming::test_streaming_can_be_disabled PASSED [ 38%]
2026-01-29T12:03:28.1189691Z tests/test_executor_output.py::TestRealTimeStreaming::test_interleaved_output_streaming PASSED [ 38%]
2026-01-29T12:03:28.1233887Z tests/test_executor_output.py::TestStreamingPerformance::test_streaming_with_large_output PASSED [ 38%]
2026-01-29T12:03:28.1255794Z tests/test_executor_output.py::TestStreamingPerformance::test_streaming_performance_mode PASSED [ 38%]
2026-01-29T12:03:28.1277516Z tests/test_executor_output.py::TestStreamingPerformance::test_streaming_with_stderr_only PASSED [ 38%]
2026-01-29T12:03:28.1306857Z tests/test_executor_output.py::TestStreamingPerformance::test_streaming_disabled_with_timeout PASSED [ 39%]
2026-01-29T12:03:28.1328961Z tests/test_executor_results.py::TestTimingAccuracy::test_start_time_recorded_before_execution PASSED [ 39%]
2026-01-29T12:03:28.1361580Z tests/test_executor_results.py::TestTimingAccuracy::test_end_time_recorded_after_execution PASSED [ 39%]
2026-01-29T12:03:28.1383775Z tests/test_executor_results.py::TestTimingAccuracy::test_duration_calculated_correctly PASSED [ 39%]
2026-01-29T12:03:28.1405962Z tests/test_executor_results.py::TestTimingAccuracy::test_timing_with_sub_millisecond_precision PASSED [ 39%]
2026-01-29T12:03:28.1427429Z tests/test_executor_results.py::TestTimingAccuracy::test_timing_for_quick_commands PASSED [ 39%]
2026-01-29T12:03:28.2451906Z tests/test_executor_results.py::TestTimingAccuracy::test_timing_for_longer_commands PASSED [ 39%]
2026-01-29T12:03:28.2477492Z tests/test_executor_results.py::TestTimingAccuracy::test_timing_consistency_across_multiple_calls PASSED [ 39%]
2026-01-29T12:03:28.2499758Z tests/test_executor_results.py::TestConfigureResultPopulation::test_configure_result_has_all_required_fields PASSED [ 40%]
2026-01-29T12:03:28.2522612Z tests/test_executor_results.py::TestConfigureResultPopulation::test_configure_result_success_field_correct PASSED [ 40%]
2026-01-29T12:03:28.2545493Z tests/test_executor_results.py::TestConfigureResultPopulation::test_configure_result_failure_field_correct PASSED [ 40%]
2026-01-29T12:03:28.2567899Z tests/test_executor_results.py::TestConfigureResultPopulation::test_configure_result_stdout_populated PASSED [ 40%]
2026-01-29T12:03:28.2589978Z tests/test_executor_results.py::TestConfigureResultPopulation::test_configure_result_stderr_populated PASSED [ 40%]
2026-01-29T12:03:28.2612917Z tests/test_executor_results.py::TestConfigureResultPopulation::test_configure_result_datetime_types PASSED [ 40%]
2026-01-29T12:03:28.2635485Z tests/test_executor_results.py::TestConfigureResultPopulation::test_configure_result_optional_fields_none PASSED [ 40%]
2026-01-29T12:03:28.2657990Z tests/test_executor_results.py::TestBuildResultPopulation::test_build_result_has_all_required_fields PASSED [ 41%]
2026-01-29T12:03:28.2680117Z tests/test_executor_results.py::TestBuildResultPopulation::test_build_result_success_with_exit_code_zero PASSED [ 41%]
2026-01-29T12:03:28.2702633Z tests/test_executor_results.py::TestBuildResultPopulation::test_build_result_failure_with_nonzero_exit_code PASSED [ 41%]
2026-01-29T12:03:28.2734986Z tests/test_executor_results.py::TestBuildResultPopulation::test_build_result_stdout_populated PASSED [ 41%]
2026-01-29T12:03:28.2756254Z tests/test_executor_results.py::TestBuildResultPopulation::test_build_result_stderr_populated PASSED [ 41%]
2026-01-29T12:03:28.2778945Z tests/test_executor_results.py::TestBuildResultPopulation::test_build_result_timing_fields PASSED [ 41%]
2026-01-29T12:03:28.2801276Z tests/test_executor_results.py::TestBuildResultPopulation::test_build_result_optional_fields_defaults PASSED [ 41%]
2026-01-29T12:03:28.2817145Z tests/test_executor_results.py::TestErrorCaseResultPopulation::test_command_not_found_result PASSED [ 42%]
2026-01-29T12:03:28.2845548Z tests/test_executor_results.py::TestErrorCaseResultPopulation::test_timeout_result_population PASSED [ 42%]
2026-01-29T12:03:28.2861974Z tests/test_executor_results.py::TestErrorCaseResultPopulation::test_general_exception_result PASSED [ 42%]
2026-01-29T12:03:28.2885236Z tests/test_executor_results.py::TestResultObjectConsistency::test_configure_and_build_results_structure_similar PASSED [ 42%]
2026-01-29T12:03:28.2907174Z tests/test_executor_results.py::TestResultObjectConsistency::test_results_are_independent_objects PASSED [ 42%]
2026-01-29T12:03:28.2929663Z tests/test_executor_results.py::TestResultObjectConsistency::test_empty_output_still_creates_valid_result PASSED [ 42%]
2026-01-29T12:03:28.2951885Z tests/test_executor_results.py::TestDurationCalculation::test_duration_is_positive PASSED [ 42%]
2026-01-29T12:03:28.2974304Z tests/test_executor_results.py::TestDurationCalculation::test_duration_matches_time_difference PASSED [ 42%]
2026-01-29T12:03:28.2995636Z tests/test_executor_results.py::TestDurationCalculation::test_duration_precision PASSED [ 43%]
2026-01-29T12:03:28.3018067Z tests/test_executor_results.py::TestDurationCalculation::test_start_time_before_end_time PASSED [ 43%]
2026-01-29T12:03:28.3544038Z tests/test_executor_results.py::TestDurationCalculation::test_duration_with_simulated_delay PASSED [ 43%]
2026-01-29T12:03:28.3560531Z tests/test_generator_detection.py::TestNinjaDetection::test_ninja_selected_when_available PASSED [ 43%]
2026-01-29T12:03:28.3579501Z tests/test_generator_detection.py::TestNinjaDetection::test_ninja_not_selected_when_unavailable PASSED [ 43%]
2026-01-29T12:03:28.3596495Z tests/test_generator_detection.py::TestNinjaDetection::test_ninja_detection_case_insensitive PASSED [ 43%]
2026-01-29T12:03:28.3615340Z tests/test_generator_detection.py::TestUnixMakefilesFallback::test_unix_makefiles_on_linux_without_ninja PASSED [ 43%]
2026-01-29T12:03:28.3646589Z tests/test_generator_detection.py::TestUnixMakefilesFallback::test_unix_makefiles_on_macos_without_ninja PASSED [ 44%]
2026-01-29T12:03:28.3665471Z tests/test_generator_detection.py::TestUnixMakefilesFallback::test_unix_makefiles_not_used_on_windows PASSED [ 44%]
2026-01-29T12:03:28.3685591Z tests/test_generator_detection.py::TestVisualStudioDetection::test_visual_studio_on_windows_without_ninja PASSED [ 44%]
2026-01-29T12:03:28.3707054Z tests/test_generator_detection.py::TestVisualStudioDetection::test_visual_studio_version_detection PASSED [ 44%]
2026-01-29T12:03:28.3726587Z tests/test_generator_detection.py::TestVisualStudioDetection::test_visual_studio_not_used_on_unix PASSED [ 44%]
2026-01-29T12:03:28.3748196Z tests/test_generator_detection.py::TestVisualStudioDetection::test_nmake_fallback_when_vs_not_found PASSED [ 44%]
2026-01-29T12:03:28.3760915Z tests/test_generator_detection.py::TestExplicitGeneratorSpecification::test_explicit_generator_overrides_detection PASSED [ 44%]
2026-01-29T12:03:28.3773027Z tests/test_generator_detection.py::TestExplicitGeneratorSpecification::test_explicit_generator_with_spaces PASSED [ 44%]
2026-01-29T12:03:28.3785120Z tests/test_generator_detection.py::TestExplicitGeneratorSpecification::test_explicit_generator_separate_arg PASSED [ 45%]
2026-01-29T12:03:28.3802269Z tests/test_generator_detection.py::TestExplicitGeneratorSpecification::test_explicit_generator_not_overridden_by_detection PASSED [ 45%]
2026-01-29T12:03:28.3816987Z tests/test_generator_detection.py::TestGeneratorValidation::test_invalid_generator_raises_error PASSED [ 45%]
2026-01-29T12:03:28.3829144Z tests/test_generator_detection.py::TestGeneratorValidation::test_valid_generator_passes_validation PASSED [ 45%]
2026-01-29T12:03:28.3843177Z tests/test_generator_detection.py::TestGeneratorValidation::test_empty_generator_name_raises_error PASSED [ 45%]
2026-01-29T12:03:28.3858158Z tests/test_generator_detection.py::TestGeneratorValidation::test_empty_generator_after_g_flag PASSED [ 45%]
2026-01-29T12:03:28.3872484Z tests/test_generator_detection.py::TestGeneratorValidation::test_empty_generator_string_after_g PASSED [ 45%]
2026-01-29T12:03:28.3888152Z tests/test_generator_detection.py::TestGeneratorAvailability::test_check_generator_available_with_ninja PASSED [ 46%]
2026-01-29T12:03:28.3903941Z tests/test_generator_detection.py::TestGeneratorAvailability::test_check_generator_unavailable PASSED [ 46%]
2026-01-29T12:03:28.3920885Z tests/test_generator_detection.py::TestGeneratorAvailability::test_unix_makefiles_always_available_on_unix PASSED [ 46%]
2026-01-29T12:03:28.3939717Z tests/test_generator_detection.py::TestGeneratorAvailability::test_visual_studio_availability_on_windows PASSED [ 46%]
2026-01-29T12:03:28.3955259Z tests/test_generator_detection.py::TestGeneratorAvailability::test_visual_studio_not_available_on_unix PASSED [ 46%]
2026-01-29T12:03:28.3971933Z tests/test_generator_detection.py::TestGeneratorAvailability::test_nmake_available_on_windows PASSED [ 46%]
2026-01-29T12:03:28.3987490Z tests/test_generator_detection.py::TestGeneratorAvailability::test_nmake_not_available_on_unix PASSED [ 46%]
2026-01-29T12:03:28.3999743Z tests/test_generator_detection.py::TestGeneratorAvailability::test_unknown_generator_unavailable PASSED [ 47%]
2026-01-29T12:03:28.4022316Z tests/test_generator_detection.py::TestPlatformSpecificBehavior::test_generator_priority_on_linux PASSED [ 47%]
2026-01-29T12:03:28.4047890Z tests/test_generator_detection.py::TestPlatformSpecificBehavior::test_generator_priority_on_windows PASSED [ 47%]
2026-01-29T12:03:28.4066735Z tests/test_generator_detection.py::TestPlatformSpecificBehavior::test_unsupported_platform_fallback PASSED [ 47%]
2026-01-29T12:03:28.4083881Z tests/test_generator_detection.py::TestGeneratorInCommandGeneration::test_detected_generator_in_configure_command PASSED [ 47%]
2026-01-29T12:03:28.4097036Z tests/test_generator_detection.py::TestGeneratorInCommandGeneration::test_explicit_generator_preserved_in_command PASSED [ 47%]
2026-01-29T12:03:28.4111157Z tests/test_generator_detection.py::TestGeneratorInCommandGeneration::test_generator_not_duplicated_in_command PASSED [ 47%]
2026-01-29T12:03:28.4130866Z tests/test_logging.py::TestLoggingConfiguration::test_configure_logging_default_level PASSED [ 47%]
2026-01-29T12:03:28.4148294Z tests/test_logging.py::TestLoggingConfiguration::test_configure_logging_verbose_level PASSED [ 48%]
2026-01-29T12:03:28.4165093Z tests/test_logging.py::TestLoggingConfiguration::test_configure_logging_info_level_explicit PASSED [ 48%]
2026-01-29T12:03:28.4181343Z tests/test_logging.py::TestLoggingConfiguration::test_configure_logging_warning_level PASSED [ 48%]
2026-01-29T12:03:28.4199103Z tests/test_logging.py::TestLoggingConfiguration::test_configure_logging_error_level PASSED [ 48%]
2026-01-29T12:03:28.4211101Z tests/test_logging.py::TestLoggerRetrieval::test_get_logger_returns_logger PASSED [ 48%]
2026-01-29T12:03:28.4222936Z tests/test_logging.py::TestLoggerRetrieval::test_get_logger_with_name PASSED [ 48%]
2026-01-29T12:03:28.4234578Z tests/test_logging.py::TestLoggerRetrieval::test_get_logger_default_name PASSED [ 48%]
2026-01-29T12:03:28.4246422Z tests/test_logging.py::TestLoggerRetrieval::test_get_logger_same_name_returns_same_instance PASSED [ 49%]
2026-01-29T12:03:28.4262340Z tests/test_logging.py::TestConsoleOutput::test_log_output_to_console_default PASSED [ 49%]
2026-01-29T12:03:28.4274606Z tests/test_logging.py::TestConsoleOutput::test_console_handler_configured PASSED [ 49%]
2026-01-29T12:03:28.4299218Z tests/test_logging.py::TestFileOutput::test_log_output_to_file PASSED    [ 49%]
2026-01-29T12:03:28.4323146Z tests/test_logging.py::TestFileOutput::test_log_file_created_in_directory PASSED [ 49%]
2026-01-29T12:03:28.4347989Z tests/test_logging.py::TestFileOutput::test_both_console_and_file_output PASSED [ 49%]
2026-01-29T12:03:28.4364277Z tests/test_logging.py::TestLogFormatting::test_log_format_includes_level PASSED [ 49%]
2026-01-29T12:03:28.4380360Z tests/test_logging.py::TestLogFormatting::test_log_format_includes_message PASSED [ 50%]
2026-01-29T12:03:28.4396351Z tests/test_logging.py::TestLogFormatting::test_log_format_includes_logger_name PASSED [ 50%]
2026-01-29T12:03:28.4415271Z tests/test_logging.py::TestLogFormatting::test_log_format_different_levels PASSED [ 50%]
2026-01-29T12:03:28.4438740Z tests/test_logging.py::TestExceptionLogging::test_exception_logged_with_traceback PASSED [ 50%]
2026-01-29T12:03:28.4455672Z tests/test_logging.py::TestExceptionLogging::test_exception_traceback_includes_file_info PASSED [ 50%]
2026-01-29T12:03:28.4472107Z tests/test_logging.py::TestExceptionLogging::test_error_without_exception_context PASSED [ 50%]
2026-01-29T12:03:28.4488068Z tests/test_logging.py::TestPerformanceLogging::test_timing_info_logged PASSED [ 50%]
2026-01-29T12:03:28.4506605Z tests/test_logging.py::TestPerformanceLogging::test_multiple_timing_logs PASSED [ 50%]
2026-01-29T12:03:28.4519097Z tests/test_logging.py::TestLoggingReset::test_reset_logging_clears_handlers PASSED [ 51%]
2026-01-29T12:03:28.4535601Z tests/test_logging.py::TestLoggingReset::test_reconfigure_after_reset PASSED [ 51%]
2026-01-29T12:03:28.4551597Z tests/test_logging.py::TestContextualLogging::test_log_with_extra_context PASSED [ 51%]
2026-01-29T12:03:28.4568071Z tests/test_logging.py::TestContextualLogging::test_log_structured_data PASSED [ 51%]
2026-01-29T12:03:28.4585180Z tests/test_logging.py::TestMultipleLoggers::test_different_modules_same_config PASSED [ 51%]
2026-01-29T12:03:28.4602425Z tests/test_logging.py::TestMultipleLoggers::test_logger_hierarchy PASSED [ 51%]
2026-01-29T12:03:28.4618892Z tests/test_logging.py::TestEdgeCases::test_configure_logging_multiple_times PASSED [ 51%]
2026-01-29T12:03:28.4634527Z tests/test_logging.py::TestEdgeCases::test_log_with_none_message PASSED  [ 52%]
2026-01-29T12:03:28.4650286Z tests/test_logging.py::TestEdgeCases::test_log_with_empty_string PASSED  [ 52%]
2026-01-29T12:03:28.4666227Z tests/test_logging.py::TestEdgeCases::test_log_with_unicode PASSED       [ 52%]
2026-01-29T12:03:28.4692393Z tests/test_logging.py::TestEdgeCases::test_log_file_path_with_spaces PASSED [ 52%]
2026-01-29T12:03:28.4734721Z tests/test_main_errors.py::TestCMakeNotFoundError::test_cmake_not_found_returns_127 PASSED [ 52%]
2026-01-29T12:03:28.4777606Z tests/test_main_errors.py::TestCMakeNotFoundError::test_cmake_not_found_error_message PASSED [ 52%]
2026-01-29T12:03:28.4878265Z tests/test_main_errors.py::TestConfigurationFailure::test_configure_failure_returns_exit_code PASSED [ 52%]
2026-01-29T12:03:28.4950993Z tests/test_main_errors.py::TestConfigurationFailure::test_configure_failure_error_message PASSED [ 52%]
2026-01-29T12:03:28.5015378Z tests/test_main_errors.py::TestConfigurationFailure::test_configure_failure_no_build_attempted PASSED [ 53%]
2026-01-29T12:03:28.5086762Z tests/test_main_errors.py::TestBuildFailure::test_build_failure_returns_exit_code PASSED [ 53%]
2026-01-29T12:03:28.5158153Z tests/test_main_errors.py::TestBuildFailure::test_build_failure_error_message PASSED [ 53%]
2026-01-29T12:03:28.5221854Z tests/test_main_errors.py::TestBuildFailure::test_build_failure_data_still_saved PASSED [ 53%]
2026-01-29T12:03:28.5286036Z tests/test_main_errors.py::TestDatabaseErrors::test_database_connection_error_continues PASSED [ 53%]
2026-01-29T12:03:28.5345297Z tests/test_main_errors.py::TestDatabaseErrors::test_database_init_error_continues PASSED [ 53%]
2026-01-29T12:03:28.5405727Z tests/test_main_errors.py::TestKeyboardInterrupt::test_keyboard_interrupt_returns_130 PASSED [ 53%]
2026-01-29T12:03:28.5464215Z tests/test_main_errors.py::TestKeyboardInterrupt::test_keyboard_interrupt_during_build PASSED [ 54%]
2026-01-29T12:03:28.5686444Z tests/test_main_errors.py::TestPartialDataHandling::test_config_success_build_fail_saves_config PASSED [ 54%]
2026-01-29T12:03:28.5714087Z tests/test_main_errors.py::TestInvalidArguments::test_missing_required_args_returns_error PASSED [ 54%]
2026-01-29T12:03:28.5738361Z tests/test_main_errors.py::TestInvalidArguments::test_invalid_path_error_message PASSED [ 54%]
2026-01-29T12:03:28.5801859Z tests/test_main_errors.py::TestResourceCleanup::test_database_connection_closed_on_error PASSED [ 54%]
2026-01-29T12:03:28.5864051Z tests/test_main_errors.py::TestResourceCleanup::test_error_during_inspection_continues PASSED [ 54%]
2026-01-29T12:03:28.5899362Z tests/test_main_errors.py::TestErrorMessageClarity::test_validation_error_message_helpful PASSED [ 54%]
2026-01-29T12:03:28.5957783Z tests/test_main_errors.py::TestErrorMessageClarity::test_exception_message_logged PASSED [ 55%]
2026-01-29T12:03:28.6022494Z tests/test_main_integration.py::TestBasicWorkflow::test_build_only_workflow PASSED [ 55%]
2026-01-29T12:03:28.6045758Z tests/test_main_integration.py::TestBasicWorkflow::test_invalid_arguments_returns_error PASSED [ 55%]
2026-01-29T12:03:28.6085141Z tests/test_main_integration.py::TestBasicWorkflow::test_cmake_not_found_returns_error PASSED [ 55%]
2026-01-29T12:03:28.6141169Z tests/test_main_integration.py::TestExitCodes::test_successful_build_returns_zero PASSED [ 55%]
2026-01-29T12:03:28.6196809Z tests/test_main_integration.py::TestExitCodes::test_failed_build_returns_nonzero PASSED [ 55%]
2026-01-29T12:03:28.6254344Z tests/test_main_integration.py::TestVerboseMode::test_verbose_mode_works PASSED [ 55%]
2026-01-29T12:03:28.6267173Z tests/test_models.py::TestForgeArguments::test_create_with_valid_data PASSED [ 55%]
2026-01-29T12:03:28.6279467Z tests/test_models.py::TestForgeArguments::test_create_with_minimal_data PASSED [ 56%]
2026-01-29T12:03:28.6291593Z tests/test_models.py::TestForgeArguments::test_missing_required_field PASSED [ 56%]
2026-01-29T12:03:28.6303845Z tests/test_models.py::TestForgeArguments::test_path_handling_string_conversion PASSED [ 56%]
2026-01-29T12:03:28.6316010Z tests/test_models.py::TestForgeArguments::test_to_dict PASSED            [ 56%]
2026-01-29T12:03:28.6328106Z tests/test_models.py::TestForgeArguments::test_from_dict PASSED          [ 56%]
2026-01-29T12:03:28.6342625Z tests/test_models.py::TestForgeArguments::test_json_serialization PASSED [ 56%]
2026-01-29T12:03:28.6354439Z tests/test_models.py::TestConfigureResult::test_create_with_all_fields PASSED [ 56%]
2026-01-29T12:03:28.6366166Z tests/test_models.py::TestConfigureResult::test_create_with_optional_fields_none PASSED [ 57%]
2026-01-29T12:03:28.6378348Z tests/test_models.py::TestConfigureResult::test_json_serialization PASSED [ 57%]
2026-01-29T12:03:28.6390381Z tests/test_models.py::TestBuildResult::test_create_with_all_fields PASSED [ 57%]
2026-01-29T12:03:28.6401930Z tests/test_models.py::TestBuildResult::test_create_with_minimal_fields PASSED [ 57%]
2026-01-29T12:03:28.6413648Z tests/test_models.py::TestBuildResult::test_to_dict PASSED               [ 57%]
2026-01-29T12:03:28.6425254Z tests/test_models.py::TestBuildResult::test_from_dict PASSED             [ 57%]
2026-01-29T12:03:28.6436841Z tests/test_models.py::TestConfigureMetadata::test_create_with_all_fields PASSED [ 57%]
2026-01-29T12:03:28.6448387Z tests/test_models.py::TestConfigureMetadata::test_create_with_optional_fields_none PASSED [ 57%]
2026-01-29T12:03:28.6460546Z tests/test_models.py::TestConfigureMetadata::test_json_serialization PASSED [ 58%]
2026-01-29T12:03:28.6472266Z tests/test_models.py::TestBuildMetadata::test_create_with_all_fields PASSED [ 58%]
2026-01-29T12:03:28.6484018Z tests/test_models.py::TestBuildMetadata::test_create_with_empty_diagnostics PASSED [ 58%]
2026-01-29T12:03:28.6495864Z tests/test_models.py::TestBuildMetadata::test_to_dict PASSED             [ 58%]
2026-01-29T12:03:28.6507809Z tests/test_models.py::TestBuildMetadata::test_from_dict PASSED           [ 58%]
2026-01-29T12:03:28.6520068Z tests/test_models.py::TestBuildTarget::test_create_simple_target PASSED  [ 58%]
2026-01-29T12:03:28.6531810Z tests/test_models.py::TestBuildTarget::test_create_target_with_progress PASSED [ 58%]
2026-01-29T12:03:28.6543464Z tests/test_models.py::TestBuildTarget::test_to_dict PASSED               [ 59%]
2026-01-29T12:03:28.6555051Z tests/test_models.py::TestBuildTarget::test_from_dict PASSED             [ 59%]
2026-01-29T12:03:28.6567117Z tests/test_models.py::TestBuildTarget::test_serialization_roundtrip PASSED [ 59%]
2026-01-29T12:03:28.6581701Z tests/test_models.py::TestBuildWarning::test_create_with_complete_info PASSED [ 59%]
2026-01-29T12:03:28.6593531Z tests/test_models.py::TestBuildWarning::test_create_with_partial_info PASSED [ 59%]
2026-01-29T12:03:28.6605660Z tests/test_models.py::TestBuildWarning::test_json_serialization PASSED   [ 59%]
2026-01-29T12:03:28.6617396Z tests/test_models.py::TestError::test_create_with_complete_info PASSED   [ 59%]
2026-01-29T12:03:28.6628973Z tests/test_models.py::TestError::test_create_with_minimal_info PASSED    [ 60%]
2026-01-29T12:03:28.6641904Z tests/test_models.py::TestError::test_json_serialization PASSED          [ 60%]
2026-01-29T12:03:28.6653969Z tests/test_output_formatting.py::TestDurationFormatting::test_format_duration_milliseconds PASSED [ 60%]
2026-01-29T12:03:28.6665650Z tests/test_output_formatting.py::TestDurationFormatting::test_format_duration_seconds PASSED [ 60%]
2026-01-29T12:03:28.6678365Z tests/test_output_formatting.py::TestDurationFormatting::test_format_duration_minutes PASSED [ 60%]
2026-01-29T12:03:28.6690406Z tests/test_output_formatting.py::TestDurationFormatting::test_format_duration_hours PASSED [ 60%]
2026-01-29T12:03:28.6702307Z tests/test_output_formatting.py::TestDurationFormatting::test_format_duration_zero PASSED [ 60%]
2026-01-29T12:03:28.6714273Z tests/test_output_formatting.py::TestDurationFormatting::test_format_duration_very_small PASSED [ 60%]
2026-01-29T12:03:28.6726208Z tests/test_output_formatting.py::TestTimestampFormatting::test_format_timestamp_datetime PASSED [ 61%]
2026-01-29T12:03:28.6738050Z tests/test_output_formatting.py::TestTimestampFormatting::test_format_timestamp_iso_string PASSED [ 61%]
2026-01-29T12:03:28.6749790Z tests/test_output_formatting.py::TestTimestampFormatting::test_format_timestamp_none PASSED [ 61%]
2026-01-29T12:03:28.6761567Z tests/test_output_formatting.py::TestTimestampFormatting::test_format_timestamp_invalid PASSED [ 61%]
2026-01-29T12:03:28.6780755Z tests/test_output_formatting.py::TestColorSupport::test_supports_color_with_tty PASSED [ 61%]
2026-01-29T12:03:28.6797581Z tests/test_output_formatting.py::TestColorSupport::test_supports_color_no_tty PASSED [ 61%]
2026-01-29T12:03:28.6853962Z tests/test_output_formatting.py::TestColorSupport::test_supports_color_windows_with_wt PASSED [ 61%]
2026-01-29T12:03:28.6885712Z tests/test_output_formatting.py::TestColorSupport::test_supports_color_windows_without_wt PASSED [ 62%]
2026-01-29T12:03:28.6914257Z tests/test_output_formatting.py::TestColorSupport::test_supports_color_no_color_env PASSED [ 62%]
2026-01-29T12:03:28.6934479Z tests/test_output_formatting.py::TestPrintFunctions::test_print_success_with_color PASSED [ 62%]
2026-01-29T12:03:28.6954505Z tests/test_output_formatting.py::TestPrintFunctions::test_print_success_without_color PASSED [ 62%]
2026-01-29T12:03:28.6974405Z tests/test_output_formatting.py::TestPrintFunctions::test_print_error_with_color PASSED [ 62%]
2026-01-29T12:03:28.6995248Z tests/test_output_formatting.py::TestPrintFunctions::test_print_error_without_color PASSED [ 62%]
2026-01-29T12:03:28.7015027Z tests/test_output_formatting.py::TestPrintFunctions::test_print_warning_with_color PASSED [ 62%]
2026-01-29T12:03:28.7034726Z tests/test_output_formatting.py::TestPrintFunctions::test_print_warning_without_color PASSED [ 63%]
2026-01-29T12:03:28.7051247Z tests/test_output_formatting.py::TestPrintFunctions::test_print_section_header PASSED [ 63%]
2026-01-29T12:03:28.7067732Z tests/test_output_formatting.py::TestConfigureSummary::test_print_configure_summary_success PASSED [ 63%]
2026-01-29T12:03:28.7084497Z tests/test_output_formatting.py::TestConfigureSummary::test_print_configure_summary_failure PASSED [ 63%]
2026-01-29T12:03:28.7101253Z tests/test_output_formatting.py::TestConfigureSummary::test_print_configure_summary_minimal_metadata PASSED [ 63%]
2026-01-29T12:03:28.7117656Z tests/test_output_formatting.py::TestBuildSummary::test_print_build_summary_success_no_warnings PASSED [ 63%]
2026-01-29T12:03:28.7134428Z tests/test_output_formatting.py::TestBuildSummary::test_print_build_summary_success_with_warnings PASSED [ 63%]
2026-01-29T12:03:28.7151180Z tests/test_output_formatting.py::TestBuildSummary::test_print_build_summary_failure PASSED [ 63%]
2026-01-29T12:03:28.7167609Z tests/test_output_formatting.py::TestBuildSummary::test_print_build_summary_multiple_targets PASSED [ 64%]
2026-01-29T12:03:28.7184223Z tests/test_output_formatting.py::TestBuildSummary::test_print_build_summary_no_metadata PASSED [ 64%]
2026-01-29T12:03:28.7201399Z tests/test_output_formatting.py::TestVerboseOutput::test_verbose_mode_shows_details PASSED [ 64%]
2026-01-29T12:03:28.7218025Z tests/test_output_formatting.py::TestVerboseOutput::test_verbose_mode_shows_timestamps PASSED [ 64%]
2026-01-29T12:03:28.7235099Z tests/test_output_formatting.py::TestOutputConsistency::test_all_summaries_use_consistent_formatting PASSED [ 64%]
2026-01-29T12:03:28.7252350Z tests/test_output_formatting.py::TestOutputConsistency::test_line_length_is_reasonable PASSED [ 64%]
2026-01-29T12:03:28.7277369Z tests/test_parameter_manager.py::TestConfigureCommandBasic::test_configure_with_minimal_arguments PASSED [ 64%]
2026-01-29T12:03:28.7300723Z tests/test_parameter_manager.py::TestConfigureCommandBasic::test_configure_with_generator PASSED [ 65%]
2026-01-29T12:03:28.7325171Z tests/test_parameter_manager.py::TestConfigureCommandBasic::test_configure_with_build_type PASSED [ 65%]
2026-01-29T12:03:28.7349431Z tests/test_parameter_manager.py::TestConfigureCommandWithCMakeArgs::test_configure_with_single_cmake_arg PASSED [ 65%]
2026-01-29T12:03:28.7374144Z tests/test_parameter_manager.py::TestConfigureCommandWithCMakeArgs::test_configure_with_multiple_cmake_args PASSED [ 65%]
2026-01-29T12:03:28.7397502Z tests/test_parameter_manager.py::TestConfigureCommandWithCMakeArgs::test_configure_with_generator_and_args PASSED [ 65%]
2026-01-29T12:03:28.7422679Z tests/test_parameter_manager.py::TestConfigureCommandWithCMakeArgs::test_configure_preserves_arg_order PASSED [ 65%]
2026-01-29T12:03:28.7445346Z tests/test_parameter_manager.py::TestBuildCommandBasic::test_build_with_minimal_arguments PASSED [ 65%]
2026-01-29T12:03:28.7468086Z tests/test_parameter_manager.py::TestBuildCommandBasic::test_build_with_parallel_jobs PASSED [ 65%]
2026-01-29T12:03:28.7490477Z tests/test_parameter_manager.py::TestBuildCommandBasic::test_build_with_verbose PASSED [ 66%]
2026-01-29T12:03:28.7512509Z tests/test_parameter_manager.py::TestBuildCommandWithTarget::test_build_with_single_target PASSED [ 66%]
2026-01-29T12:03:28.7534817Z tests/test_parameter_manager.py::TestBuildCommandWithTarget::test_build_with_multiple_targets PASSED [ 66%]
2026-01-29T12:03:28.7557662Z tests/test_parameter_manager.py::TestBuildCommandWithTarget::test_build_with_target_and_parallel PASSED [ 66%]
2026-01-29T12:03:28.7583356Z tests/test_parameter_manager.py::TestPathHandling::test_absolute_paths_used PASSED [ 66%]
2026-01-29T12:03:28.7607480Z tests/test_parameter_manager.py::TestPathHandling::test_paths_with_spaces PASSED [ 66%]
2026-01-29T12:03:28.7632725Z tests/test_parameter_manager.py::TestCommandFormat::test_configure_command_is_list PASSED [ 66%]
2026-01-29T12:03:28.7654636Z tests/test_parameter_manager.py::TestCommandFormat::test_build_command_is_list PASSED [ 67%]
2026-01-29T12:03:28.7678085Z tests/test_parameter_manager.py::TestCommandFormat::test_configure_command_structure PASSED [ 67%]
2026-01-29T12:03:28.7700596Z tests/test_parameter_manager.py::TestCommandFormat::test_build_command_structure PASSED [ 67%]
2026-01-29T12:03:28.7724963Z tests/test_parameter_manager.py::TestEnvironmentHandling::test_cmake_args_with_env_var_syntax PASSED [ 67%]
2026-01-29T12:03:28.7747040Z tests/test_parameter_manager.py::TestEnvironmentHandling::test_build_args_unchanged PASSED [ 67%]
2026-01-29T12:03:28.7771560Z tests/test_parameter_manager.py::TestEdgeCases::test_empty_cmake_args PASSED [ 67%]
2026-01-29T12:03:28.7793394Z tests/test_parameter_manager.py::TestEdgeCases::test_empty_build_args PASSED [ 67%]
2026-01-29T12:03:28.7818298Z tests/test_parameter_manager.py::TestEdgeCases::test_cmake_args_with_quotes PASSED [ 68%]
2026-01-29T12:03:28.7843117Z tests/test_parameter_override.py::TestParameterAddition::test_add_new_cmake_parameter PASSED [ 68%]
2026-01-29T12:03:28.7867586Z tests/test_parameter_override.py::TestParameterAddition::test_add_multiple_parameters PASSED [ 68%]
2026-01-29T12:03:28.7892239Z tests/test_parameter_override.py::TestParameterAddition::test_add_parameter_with_d_prefix PASSED [ 68%]
2026-01-29T12:03:28.7916040Z tests/test_parameter_override.py::TestParameterAddition::test_add_parameter_preserves_existing_args PASSED [ 68%]
2026-01-29T12:03:28.7940880Z tests/test_parameter_override.py::TestParameterOverride::test_override_existing_parameter PASSED [ 68%]
2026-01-29T12:03:28.7965392Z tests/test_parameter_override.py::TestParameterOverride::test_override_multiple_times PASSED [ 68%]
2026-01-29T12:03:28.7990220Z tests/test_parameter_override.py::TestParameterOverride::test_programmatic_overrides_cli PASSED [ 68%]
2026-01-29T12:03:28.8012332Z tests/test_parameter_override.py::TestGetParameters::test_get_parameters_returns_dict PASSED [ 69%]
2026-01-29T12:03:28.8034591Z tests/test_parameter_override.py::TestGetParameters::test_get_parameters_includes_added_params PASSED [ 69%]
2026-01-29T12:03:28.8057058Z tests/test_parameter_override.py::TestGetParameters::test_get_parameters_reflects_overrides PASSED [ 69%]
2026-01-29T12:03:28.8079876Z tests/test_parameter_override.py::TestGetParameters::test_get_parameters_handles_generator_args PASSED [ 69%]
2026-01-29T12:03:28.8104815Z tests/test_parameter_override.py::TestSpecialCharacters::test_parameter_with_spaces PASSED [ 69%]
2026-01-29T12:03:28.8126686Z tests/test_parameter_override.py::TestSpecialCharacters::test_parameter_with_quotes PASSED [ 69%]
2026-01-29T12:03:28.8148935Z tests/test_parameter_override.py::TestSpecialCharacters::test_parameter_with_equals_sign PASSED [ 69%]
2026-01-29T12:03:28.8171704Z tests/test_parameter_override.py::TestSpecialCharacters::test_parameter_with_path_separators PASSED [ 70%]
2026-01-29T12:03:28.8194031Z tests/test_parameter_override.py::TestEnvironmentVariables::test_parameter_with_env_var_syntax PASSED [ 70%]
2026-01-29T12:03:28.8216841Z tests/test_parameter_override.py::TestEnvironmentVariables::test_add_parameter_preserves_env_syntax_from_cli PASSED [ 70%]
2026-01-29T12:03:28.8243479Z tests/test_parameter_override.py::TestParameterFormatting::test_parameter_has_d_prefix_in_command PASSED [ 70%]
2026-01-29T12:03:28.8267932Z tests/test_parameter_override.py::TestParameterFormatting::test_empty_value_parameter PASSED [ 70%]
2026-01-29T12:03:28.8290594Z tests/test_parameter_override.py::TestParameterFormatting::test_boolean_style_parameters PASSED [ 70%]
2026-01-29T12:03:28.8312923Z tests/test_parameter_override.py::TestEdgeCases::test_add_parameter_to_empty_args PASSED [ 70%]
2026-01-29T12:03:28.8335273Z tests/test_parameter_override.py::TestEdgeCases::test_get_parameters_when_no_params PASSED [ 71%]
2026-01-29T12:03:28.8358630Z tests/test_parameter_override.py::TestEdgeCases::test_parameter_name_case_sensitivity PASSED [ 71%]
2026-01-29T12:03:29.5327707Z tests/test_performance.py::TestForgeOverhead::test_configure_overhead PASSED [ 71%]
2026-01-29T12:03:29.5342426Z tests/test_performance.py::TestForgeOverhead::test_startup_time PASSED   [ 71%]
2026-01-29T12:03:29.6798059Z tests/test_performance.py::TestMemoryUsage::test_memory_with_large_output PASSED [ 71%]
2026-01-29T12:03:29.6907914Z tests/test_performance.py::TestMemoryUsage::test_memory_with_many_warnings PASSED [ 71%]
2026-01-29T12:03:29.8038837Z tests/test_performance.py::TestDatabasePerformance::test_bulk_insert_warnings PASSED [ 71%]
2026-01-29T12:03:29.9118873Z tests/test_performance.py::TestDatabasePerformance::test_query_performance PASSED [ 71%]
2026-01-29T12:03:30.0195767Z tests/test_performance.py::TestDatabasePerformance::test_statistics_calculation_performance PASSED [ 72%]
2026-01-29T12:03:30.0249368Z tests/test_performance.py::TestOutputCapture::test_output_capture_overhead PASSED [ 72%]
2026-01-29T12:03:30.0287278Z tests/test_performance.py::TestScalability::test_parse_large_cmakelists PASSED [ 72%]
2026-01-29T12:03:30.0288288Z tests/test_performance.py::TestScalability::test_extract_many_packages PASSED [ 72%]
2026-01-29T12:03:30.0361560Z tests/test_persistence_build.py::TestSaveCompleteBuild::test_save_build_returns_id PASSED [ 72%]
2026-01-29T12:03:30.0429541Z tests/test_persistence_build.py::TestSaveCompleteBuild::test_save_build_with_all_fields PASSED [ 72%]
2026-01-29T12:03:30.0540892Z tests/test_persistence_build.py::TestSaveCompleteBuild::test_save_build_persists_metadata_fields PASSED [ 72%]
2026-01-29T12:03:30.0608648Z tests/test_persistence_build.py::TestConfigurationAssociation::test_save_build_with_configuration_id PASSED [ 73%]
2026-01-29T12:03:30.0686559Z tests/test_persistence_build.py::TestConfigurationAssociation::test_save_build_without_configuration PASSED [ 73%]
2026-01-29T12:03:30.0757597Z tests/test_persistence_build.py::TestConfigurationAssociation::test_multiple_builds_per_configuration PASSED [ 73%]
2026-01-29T12:03:30.0831424Z tests/test_persistence_build.py::TestTargetsSerialization::test_targets_list_serialized_as_json PASSED [ 73%]
2026-01-29T12:03:30.0899495Z tests/test_persistence_build.py::TestTargetsSerialization::test_empty_targets_list PASSED [ 73%]
2026-01-29T12:03:30.0966083Z tests/test_persistence_build.py::TestTimestampFormatting::test_build_time_is_iso8601_format PASSED [ 73%]
2026-01-29T12:03:30.1031592Z tests/test_persistence_build.py::TestTimestampFormatting::test_timestamp_roundtrip PASSED [ 73%]
2026-01-29T12:03:30.1095824Z tests/test_persistence_build.py::TestWarningErrorCounts::test_warning_count_stored PASSED [ 73%]
2026-01-29T12:03:30.1160737Z tests/test_persistence_build.py::TestWarningErrorCounts::test_error_count_stored PASSED [ 74%]
2026-01-29T12:03:30.1225319Z tests/test_persistence_build.py::TestWarningErrorCounts::test_zero_warnings_and_errors PASSED [ 74%]
2026-01-29T12:03:30.1290556Z tests/test_persistence_build.py::TestTransactionHandling::test_transaction_rollback_on_error PASSED [ 74%]
2026-01-29T12:03:30.1362609Z tests/test_persistence_build.py::TestTransactionHandling::test_successful_transaction_commit PASSED [ 74%]
2026-01-29T12:03:30.1431630Z tests/test_persistence_build.py::TestDataIntegrityConstraints::test_success_flag_is_boolean PASSED [ 74%]
2026-01-29T12:03:30.1501239Z tests/test_persistence_build.py::TestDataIntegrityConstraints::test_duration_precision PASSED [ 74%]
2026-01-29T12:03:30.1566306Z tests/test_persistence_build.py::TestForeignKeyRelationships::test_foreign_key_constraint_enforced PASSED [ 74%]
2026-01-29T12:03:30.1690028Z tests/test_persistence_build.py::TestForeignKeyRelationships::test_null_configuration_id_allowed PASSED [ 75%]
2026-01-29T12:03:30.1756045Z tests/test_persistence_configure.py::TestSaveCompleteConfiguration::test_save_configuration_returns_id PASSED [ 75%]
2026-01-29T12:03:30.1824716Z tests/test_persistence_configure.py::TestSaveCompleteConfiguration::test_save_configuration_with_all_metadata_fields PASSED [ 75%]
2026-01-29T12:03:30.1900430Z tests/test_persistence_configure.py::TestSaveCompleteConfiguration::test_save_configuration_persists_all_result_fields PASSED [ 75%]
2026-01-29T12:03:30.1972991Z tests/test_persistence_configure.py::TestJSONSerialization::test_found_packages_serialized_as_json PASSED [ 75%]
2026-01-29T12:03:30.2040476Z tests/test_persistence_configure.py::TestJSONSerialization::test_empty_found_packages_list PASSED [ 75%]
2026-01-29T12:03:30.2108779Z tests/test_persistence_configure.py::TestTimestampFormatting::test_configure_time_is_iso8601_format PASSED [ 75%]
2026-01-29T12:03:30.2175017Z tests/test_persistence_configure.py::TestTimestampFormatting::test_timestamp_roundtrip PASSED [ 76%]
2026-01-29T12:03:30.2243422Z tests/test_persistence_configure.py::TestNullHandling::test_optional_metadata_fields_can_be_none PASSED [ 76%]
2026-01-29T12:03:30.2311936Z tests/test_persistence_configure.py::TestNullHandling::test_stderr_can_be_empty_string PASSED [ 76%]
2026-01-29T12:03:30.2384397Z tests/test_persistence_configure.py::TestForeignKeyPreparation::test_configuration_id_can_be_referenced PASSED [ 76%]
2026-01-29T12:03:30.2456308Z tests/test_persistence_configure.py::TestForeignKeyPreparation::test_multiple_builds_can_reference_same_configuration PASSED [ 76%]
2026-01-29T12:03:30.2526486Z tests/test_persistence_configure.py::TestDataIntegrityConstraints::test_success_flag_is_boolean PASSED [ 76%]
2026-01-29T12:03:30.2599160Z tests/test_persistence_configure.py::TestDuplicateConfiguration::test_same_configuration_can_be_saved_multiple_times PASSED [ 76%]
2026-01-29T12:03:30.2669342Z tests/test_persistence_diagnostics.py::TestSaveSingleWarning::test_save_single_warning_returns_count PASSED [ 76%]
2026-01-29T12:03:30.2764122Z tests/test_persistence_diagnostics.py::TestSaveSingleWarning::test_save_warning_with_complete_information PASSED [ 77%]
2026-01-29T12:03:30.2834682Z tests/test_persistence_diagnostics.py::TestSaveSingleWarning::test_save_warning_with_build_id_association PASSED [ 77%]
2026-01-29T12:03:30.2940806Z tests/test_persistence_diagnostics.py::TestSaveMultipleWarnings::test_save_multiple_warnings_bulk_insert PASSED [ 77%]
2026-01-29T12:03:30.6849345Z tests/test_persistence_diagnostics.py::TestSaveMultipleWarnings::test_save_large_warning_list PASSED [ 77%]
2026-01-29T12:03:30.6923520Z tests/test_persistence_diagnostics.py::TestSaveMultipleWarnings::test_save_warnings_preserves_order PASSED [ 77%]
2026-01-29T12:03:30.6999599Z tests/test_persistence_diagnostics.py::TestSaveWarningsWithPartialInformation::test_save_warning_with_missing_warning_type PASSED [ 77%]
2026-01-29T12:03:30.7069289Z tests/test_persistence_diagnostics.py::TestSaveWarningsWithPartialInformation::test_save_warning_with_long_message PASSED [ 77%]
2026-01-29T12:03:30.7302228Z tests/test_persistence_diagnostics.py::TestSaveErrors::test_save_single_error PASSED [ 78%]
2026-01-29T12:03:30.7371699Z tests/test_persistence_diagnostics.py::TestSaveErrors::test_save_error_with_complete_information PASSED [ 78%]
2026-01-29T12:03:30.7440819Z tests/test_persistence_diagnostics.py::TestSaveErrors::test_save_multiple_errors PASSED [ 78%]
2026-01-29T12:03:30.7509900Z tests/test_persistence_diagnostics.py::TestSaveErrors::test_save_error_with_missing_optional_fields PASSED [ 78%]
2026-01-29T12:03:30.7580372Z tests/test_persistence_diagnostics.py::TestForeignKeyRelationships::test_warnings_reference_valid_build PASSED [ 78%]
2026-01-29T12:03:30.7649291Z tests/test_persistence_diagnostics.py::TestForeignKeyRelationships::test_warnings_invalid_build_id_raises_error PASSED [ 78%]
2026-01-29T12:03:30.7717039Z tests/test_persistence_diagnostics.py::TestForeignKeyRelationships::test_errors_reference_valid_build PASSED [ 78%]
2026-01-29T12:03:30.7791394Z tests/test_persistence_diagnostics.py::TestForeignKeyRelationships::test_errors_invalid_build_id_raises_error PASSED [ 78%]
2026-01-29T12:03:30.7860806Z tests/test_persistence_diagnostics.py::TestCascadeDelete::test_warnings_cascade_delete PASSED [ 79%]
2026-01-29T12:03:30.7930427Z tests/test_persistence_diagnostics.py::TestCascadeDelete::test_errors_cascade_delete PASSED [ 79%]
2026-01-29T12:03:30.7999026Z tests/test_persistence_diagnostics.py::TestTransactionHandling::test_warnings_transaction_rollback_on_error PASSED [ 79%]
2026-01-29T12:03:30.8082385Z tests/test_persistence_diagnostics.py::TestTransactionHandling::test_errors_transaction_commit_on_success PASSED [ 79%]
2026-01-29T12:03:30.8152925Z tests/test_persistence_diagnostics.py::TestEmptyDiagnosticLists::test_save_empty_warnings_list PASSED [ 79%]
2026-01-29T12:03:30.8236084Z tests/test_persistence_diagnostics.py::TestEmptyDiagnosticLists::test_save_empty_errors_list PASSED [ 79%]
2026-01-29T12:03:30.8307555Z tests/test_persistence_diagnostics.py::TestMultipleBuildsDiagnostics::test_warnings_for_different_builds PASSED [ 79%]
2026-01-29T12:03:30.8380148Z tests/test_persistence_diagnostics.py::TestMultipleBuildsDiagnostics::test_errors_for_different_builds PASSED [ 80%]
2026-01-29T12:03:30.8445156Z tests/test_persistence_init.py::TestDatabaseCreation::test_database_creation_in_default_location PASSED [ 80%]
2026-01-29T12:03:30.8511963Z tests/test_persistence_init.py::TestDatabaseCreation::test_database_creation_in_custom_location PASSED [ 80%]
2026-01-29T12:03:30.8582024Z tests/test_persistence_init.py::TestDatabaseCreation::test_database_creation_with_nonexistent_parent_directory PASSED [ 80%]
2026-01-29T12:03:30.8653986Z tests/test_persistence_init.py::TestDatabaseCreation::test_database_file_is_valid_sqlite PASSED [ 80%]
2026-01-29T12:03:30.8720928Z tests/test_persistence_init.py::TestSchemaInitialization::test_schema_created_on_first_initialization PASSED [ 80%]
2026-01-29T12:03:30.8800791Z tests/test_persistence_init.py::TestSchemaInitialization::test_idempotent_initialization_multiple_calls PASSED [ 80%]
2026-01-29T12:03:30.8880849Z tests/test_persistence_init.py::TestSchemaInitialization::test_schema_not_recreated_on_subsequent_runs PASSED [ 81%]
2026-01-29T12:03:30.8948370Z tests/test_persistence_init.py::TestSchemaInitialization::test_foreign_keys_enabled_on_initialization PASSED [ 81%]
2026-01-29T12:03:30.9012451Z tests/test_persistence_init.py::TestConnectionManagement::test_connection_established_on_initialization PASSED [ 81%]
2026-01-29T12:03:30.9077027Z tests/test_persistence_init.py::TestConnectionManagement::test_connection_is_reusable PASSED [ 81%]
2026-01-29T12:03:30.9141198Z tests/test_persistence_init.py::TestConnectionManagement::test_close_connection_explicitly PASSED [ 81%]
2026-01-29T12:03:30.9210555Z tests/test_persistence_init.py::TestConnectionManagement::test_context_manager_closes_connection PASSED [ 81%]
2026-01-29T12:03:30.9280212Z tests/test_persistence_init.py::TestConnectionManagement::test_multiple_instances_can_access_same_database PASSED [ 81%]
2026-01-29T12:03:30.9369096Z tests/test_persistence_init.py::TestSchemaVersionTracking::test_schema_version_table_exists PASSED [ 81%]
2026-01-29T12:03:30.9435337Z tests/test_persistence_init.py::TestSchemaVersionTracking::test_initial_schema_version_recorded PASSED [ 82%]
2026-01-29T12:03:30.9500844Z tests/test_persistence_init.py::TestSchemaVersionTracking::test_get_schema_version_method PASSED [ 82%]
2026-01-29T12:03:30.9573257Z tests/test_persistence_init.py::TestSchemaVersionTracking::test_schema_version_persists_across_instances PASSED [ 82%]
2026-01-29T12:03:30.9642665Z tests/test_persistence_init.py::TestSchemaVersionTracking::test_schema_version_has_timestamp PASSED [ 82%]
2026-01-29T12:03:30.9666587Z tests/test_persistence_init.py::TestErrorHandling::test_invalid_database_path_raises_error PASSED [ 82%]
2026-01-29T12:03:30.9739972Z tests/test_persistence_init.py::TestErrorHandling::test_database_with_wrong_permissions PASSED [ 82%]
2026-01-29T12:03:30.9765397Z tests/test_persistence_init.py::TestErrorHandling::test_corrupted_database_handling PASSED [ 82%]
2026-01-29T12:03:30.9859470Z tests/test_persistence_init.py::TestConcurrentAccess::test_concurrent_read_access PASSED [ 83%]
2026-01-29T12:03:30.9930506Z tests/test_persistence_init.py::TestConcurrentAccess::test_write_transaction_isolation PASSED [ 83%]
2026-01-29T12:03:30.9995664Z tests/test_persistence_init.py::TestDatabaseProperties::test_wal_mode_enabled PASSED [ 83%]
2026-01-29T12:03:31.0063220Z tests/test_persistence_init.py::TestDatabaseProperties::test_synchronous_mode_configured PASSED [ 83%]
2026-01-29T12:03:31.0129481Z tests/test_persistence_init.py::TestDatabaseProperties::test_database_encoding_is_utf8 PASSED [ 83%]
2026-01-29T12:03:31.0195767Z tests/test_persistence_queries.py::TestGetRecentBuildsBasic::test_get_recent_builds_returns_empty_list_when_no_builds PASSED [ 83%]
2026-01-29T12:03:31.0273643Z tests/test_persistence_queries.py::TestGetRecentBuildsBasic::test_get_recent_builds_returns_single_build PASSED [ 83%]
2026-01-29T12:03:31.0346075Z tests/test_persistence_queries.py::TestGetRecentBuildsBasic::test_get_recent_builds_returns_multiple_builds PASSED [ 84%]
2026-01-29T12:03:31.0439430Z tests/test_persistence_queries.py::TestGetRecentBuildsOrdering::test_get_recent_builds_ordered_by_timestamp_newest_first PASSED [ 84%]
2026-01-29T12:03:31.0523648Z tests/test_persistence_queries.py::TestGetRecentBuildsLimit::test_get_recent_builds_with_default_limit PASSED [ 84%]
2026-01-29T12:03:31.0603912Z tests/test_persistence_queries.py::TestGetRecentBuildsLimit::test_get_recent_builds_with_custom_limit PASSED [ 84%]
2026-01-29T12:03:31.0678285Z tests/test_persistence_queries.py::TestGetRecentBuildsLimit::test_get_recent_builds_limit_larger_than_available PASSED [ 84%]
2026-01-29T12:03:31.0754738Z tests/test_persistence_queries.py::TestGetRecentBuildsFiltering::test_get_recent_builds_filter_by_project_name PASSED [ 84%]
2026-01-29T12:03:31.0825942Z tests/test_persistence_queries.py::TestGetRecentBuildsFiltering::test_get_recent_builds_filter_returns_empty_when_no_match PASSED [ 84%]
2026-01-29T12:03:31.0904338Z tests/test_persistence_queries.py::TestGetRecentBuildsFiltering::test_get_recent_builds_filter_respects_limit PASSED [ 84%]
2026-01-29T12:03:31.0974868Z tests/test_persistence_queries.py::TestGetRecentBuildsReturnedFields::test_get_recent_builds_includes_all_required_fields PASSED [ 85%]
2026-01-29T12:03:31.1046400Z tests/test_persistence_queries.py::TestGetRecentBuildsReturnedFields::test_get_recent_builds_includes_timestamp_as_string PASSED [ 85%]
2026-01-29T12:03:31.1116637Z tests/test_persistence_queries.py::TestGetBuildStatisticsBasic::test_get_build_statistics_returns_empty_stats_when_no_builds PASSED [ 85%]
2026-01-29T12:03:31.1187423Z tests/test_persistence_queries.py::TestGetBuildStatisticsBasic::test_get_build_statistics_single_successful_build PASSED [ 85%]
2026-01-29T12:03:31.1257734Z tests/test_persistence_queries.py::TestGetBuildStatisticsBasic::test_get_build_statistics_single_failed_build PASSED [ 85%]
2026-01-29T12:03:31.1330760Z tests/test_persistence_queries.py::TestGetBuildStatisticsCalculations::test_get_build_statistics_multiple_builds PASSED [ 85%]
2026-01-29T12:03:31.1404450Z tests/test_persistence_queries.py::TestGetBuildStatisticsCalculations::test_get_build_statistics_success_rate_precision PASSED [ 85%]
2026-01-29T12:03:31.1476490Z tests/test_persistence_queries.py::TestGetBuildStatisticsCalculations::test_get_build_statistics_average_duration_precision PASSED [ 86%]
2026-01-29T12:03:31.1573580Z tests/test_persistence_queries.py::TestGetBuildStatisticsFiltering::test_get_build_statistics_filter_by_project_name PASSED [ 86%]
2026-01-29T12:03:31.1644597Z tests/test_persistence_queries.py::TestGetBuildStatisticsFiltering::test_get_build_statistics_filter_returns_empty_when_no_match PASSED [ 86%]
2026-01-29T12:03:31.1723667Z tests/test_persistence_queries.py::TestGetBuildStatisticsEdgeCases::test_get_build_statistics_with_zero_duration_builds PASSED [ 86%]
2026-01-29T12:03:31.1876300Z tests/test_persistence_queries.py::TestGetBuildStatisticsEdgeCases::test_get_build_statistics_with_large_numbers PASSED [ 86%]
2026-01-29T12:03:31.2049531Z tests/test_persistence_queries.py::TestQueryPerformance::test_get_recent_builds_performance_with_many_builds PASSED [ 86%]
2026-01-29T12:03:31.2220012Z tests/test_persistence_queries.py::TestQueryPerformance::test_get_build_statistics_performance_with_many_builds PASSED [ 86%]
2026-01-29T12:03:31.2234228Z tests/test_project_detection.py::TestSimpleProjectDetection::test_simple_project_call PASSED [ 86%]
2026-01-29T12:03:31.2247984Z tests/test_project_detection.py::TestSimpleProjectDetection::test_project_with_language PASSED [ 87%]
2026-01-29T12:03:31.2261891Z tests/test_project_detection.py::TestSimpleProjectDetection::test_project_with_version PASSED [ 87%]
2026-01-29T12:03:31.2275446Z tests/test_project_detection.py::TestSimpleProjectDetection::test_project_with_languages_keyword PASSED [ 87%]
2026-01-29T12:03:31.2289039Z tests/test_project_detection.py::TestSimpleProjectDetection::test_project_with_all_options PASSED [ 87%]
2026-01-29T12:03:31.2302623Z tests/test_project_detection.py::TestMultilineProjectDetection::test_multiline_project_call PASSED [ 87%]
2026-01-29T12:03:31.2316006Z tests/test_project_detection.py::TestProjectWithComments::test_project_with_comments PASSED [ 87%]
2026-01-29T12:03:31.2329366Z tests/test_project_detection.py::TestNestedProjects::test_nested_project_calls_use_outermost PASSED [ 87%]
2026-01-29T12:03:31.2343814Z tests/test_project_detection.py::TestProjectWithSpecialCharacters::test_project_with_spaces_in_quotes PASSED [ 88%]
2026-01-29T12:03:31.2357454Z tests/test_project_detection.py::TestCaseInsensitivity::test_lowercase_project_command PASSED [ 88%]
2026-01-29T12:03:31.2370689Z tests/test_project_detection.py::TestErrorCases::test_file_not_found PASSED [ 88%]
2026-01-29T12:03:31.2384027Z tests/test_project_detection.py::TestErrorCases::test_no_project_call PASSED [ 88%]
2026-01-29T12:03:31.2400044Z tests/test_project_detection.py::TestErrorCases::test_with_actual_cmakelists_filename PASSED [ 88%]
2026-01-29T12:03:31.2413527Z tests/test_project_detection.py::TestPathHandling::test_with_string_path PASSED [ 88%]
2026-01-29T12:03:31.2427093Z tests/test_project_detection.py::TestPathHandling::test_with_path_object PASSED [ 88%]
2026-01-29T12:03:31.2443796Z tests/test_project_detection.py::TestFileEncodingHandling::test_with_invalid_encoding PASSED [ 89%]
2026-01-29T12:03:31.2457574Z tests/test_project_structure.py::test_all_required_directories_exist PASSED [ 89%]
2026-01-29T12:03:31.2472403Z tests/test_project_structure.py::test_all_init_files_present PASSED      [ 89%]
2026-01-29T12:03:31.2484629Z tests/test_project_structure.py::test_all_modules_can_be_imported PASSED [ 89%]
2026-01-29T12:03:31.2497034Z tests/test_project_structure.py::test_pytest_discovers_tests_directory PASSED [ 89%]
2026-01-29T12:03:31.2510599Z tests/test_project_structure.py::test_main_entry_point_exists PASSED     [ 89%]
2026-01-29T12:03:31.2525859Z tests/test_project_structure.py::test_required_placeholder_files_exist PASSED [ 89%]
2026-01-29T12:03:31.2539413Z tests/test_project_structure.py::test_fixtures_directory_exists PASSED   [ 89%]
2026-01-29T12:03:31.2552688Z tests/test_target_extraction.py::TestNinjaTargetExtraction::test_extract_simple_ninja_target PASSED [ 90%]
2026-01-29T12:03:31.2565330Z tests/test_target_extraction.py::TestNinjaTargetExtraction::test_extract_ninja_library_target PASSED [ 90%]
2026-01-29T12:03:31.2577954Z tests/test_target_extraction.py::TestNinjaTargetExtraction::test_extract_ninja_shared_library PASSED [ 90%]
2026-01-29T12:03:31.2591491Z tests/test_target_extraction.py::TestNinjaTargetExtraction::test_extract_multiple_ninja_targets PASSED [ 90%]
2026-01-29T12:03:31.2604188Z tests/test_target_extraction.py::TestNinjaTargetExtraction::test_extract_ninja_with_completion_percentage PASSED [ 90%]
2026-01-29T12:03:31.2617283Z tests/test_target_extraction.py::TestMakeTargetExtraction::test_extract_simple_make_target PASSED [ 90%]
2026-01-29T12:03:31.2631817Z tests/test_target_extraction.py::TestMakeTargetExtraction::test_extract_make_library_target PASSED [ 90%]
2026-01-29T12:03:31.2644354Z tests/test_target_extraction.py::TestMakeTargetExtraction::test_extract_make_shared_library PASSED [ 91%]
2026-01-29T12:03:31.2657052Z tests/test_target_extraction.py::TestMakeTargetExtraction::test_extract_multiple_make_targets PASSED [ 91%]
2026-01-29T12:03:31.2669853Z tests/test_target_extraction.py::TestMSVCTargetExtraction::test_extract_simple_msvc_target PASSED [ 91%]
2026-01-29T12:03:31.2682452Z tests/test_target_extraction.py::TestMSVCTargetExtraction::test_extract_msvc_library_target PASSED [ 91%]
2026-01-29T12:03:31.2694941Z tests/test_target_extraction.py::TestMSVCTargetExtraction::test_extract_msvc_dll_target PASSED [ 91%]
2026-01-29T12:03:31.2708041Z tests/test_target_extraction.py::TestMSVCTargetExtraction::test_extract_multiple_msvc_targets PASSED [ 91%]
2026-01-29T12:03:31.2720458Z tests/test_target_extraction.py::TestTargetTypeDetection::test_detect_executable_from_extension PASSED [ 91%]
2026-01-29T12:03:31.2732750Z tests/test_target_extraction.py::TestTargetTypeDetection::test_detect_executable_exe_extension PASSED [ 92%]
2026-01-29T12:03:31.2744720Z tests/test_target_extraction.py::TestTargetTypeDetection::test_detect_static_library_from_extension PASSED [ 92%]
2026-01-29T12:03:31.2756985Z tests/test_target_extraction.py::TestTargetTypeDetection::test_detect_static_library_lib_extension PASSED [ 92%]
2026-01-29T12:03:31.2769183Z tests/test_target_extraction.py::TestTargetTypeDetection::test_detect_shared_library_so_extension PASSED [ 92%]
2026-01-29T12:03:31.2781567Z tests/test_target_extraction.py::TestTargetTypeDetection::test_detect_shared_library_dll_extension PASSED [ 92%]
2026-01-29T12:03:31.2793649Z tests/test_target_extraction.py::TestTargetTypeDetection::test_detect_shared_library_dylib_extension PASSED [ 92%]
2026-01-29T12:03:31.2805933Z tests/test_target_extraction.py::TestBuildProgressTracking::test_extract_ninja_progress_steps PASSED [ 92%]
2026-01-29T12:03:31.2818637Z tests/test_target_extraction.py::TestBuildProgressTracking::test_extract_make_percentage_progress PASSED [ 92%]
2026-01-29T12:03:31.2831153Z tests/test_target_extraction.py::TestBuildProgressTracking::test_track_compilation_count PASSED [ 93%]
2026-01-29T12:03:31.2843453Z tests/test_target_extraction.py::TestBuildOrderDetection::test_detect_build_order_from_sequence PASSED [ 93%]
2026-01-29T12:03:31.2857831Z tests/test_target_extraction.py::TestBuildOrderDetection::test_detect_dependency_order PASSED [ 93%]
2026-01-29T12:03:31.2870730Z tests/test_target_extraction.py::TestParallelBuildOutput::test_extract_from_parallel_ninja_output PASSED [ 93%]
2026-01-29T12:03:31.2884015Z tests/test_target_extraction.py::TestParallelBuildOutput::test_handle_interleaved_make_output PASSED [ 93%]
2026-01-29T12:03:31.2897072Z tests/test_target_extraction.py::TestParallelBuildOutput::test_handle_scrambled_ninja_output PASSED [ 93%]
2026-01-29T12:03:31.2908931Z tests/test_target_extraction.py::TestEmptyAndInvalidOutput::test_extract_from_empty_output PASSED [ 93%]
2026-01-29T12:03:31.2921223Z tests/test_target_extraction.py::TestEmptyAndInvalidOutput::test_extract_from_output_without_targets PASSED [ 94%]
2026-01-29T12:03:31.2933226Z tests/test_target_extraction.py::TestEmptyAndInvalidOutput::test_extract_from_clean_output PASSED [ 94%]
2026-01-29T12:03:31.2946275Z tests/test_target_extraction.py::TestEdgeCases::test_target_with_spaces_in_path PASSED [ 94%]
2026-01-29T12:03:31.2958278Z tests/test_target_extraction.py::TestEdgeCases::test_target_with_special_characters PASSED [ 94%]
2026-01-29T12:03:31.3074964Z tests/test_target_extraction.py::TestEdgeCases::test_very_long_build_output PASSED [ 94%]
2026-01-29T12:03:31.3087574Z tests/test_target_extraction.py::TestEdgeCases::test_target_with_unicode_characters PASSED [ 94%]
2026-01-29T12:03:31.3100185Z tests/test_warning_error_extraction.py::TestGCCWarningExtraction::test_extract_simple_gcc_warning PASSED [ 94%]
2026-01-29T12:03:31.3112305Z tests/test_warning_error_extraction.py::TestGCCWarningExtraction::test_extract_gcc_warning_with_full_path PASSED [ 94%]
2026-01-29T12:03:31.3124605Z tests/test_warning_error_extraction.py::TestGCCWarningExtraction::test_extract_multiple_gcc_warnings PASSED [ 95%]
2026-01-29T12:03:31.3136723Z tests/test_warning_error_extraction.py::TestGCCWarningExtraction::test_extract_gcc_warning_without_column PASSED [ 95%]
2026-01-29T12:03:31.3148938Z tests/test_warning_error_extraction.py::TestGCCWarningExtraction::test_extract_gcc_multiline_warning PASSED [ 95%]
2026-01-29T12:03:31.3161108Z tests/test_warning_error_extraction.py::TestClangWarningExtraction::test_extract_simple_clang_warning PASSED [ 95%]
2026-01-29T12:03:31.3173179Z tests/test_warning_error_extraction.py::TestClangWarningExtraction::test_extract_clang_warning_with_note PASSED [ 95%]
2026-01-29T12:03:31.3185425Z tests/test_warning_error_extraction.py::TestClangWarningExtraction::test_extract_clang_warning_with_fixit PASSED [ 95%]
2026-01-29T12:03:31.3197461Z tests/test_warning_error_extraction.py::TestMSVCWarningExtraction::test_extract_simple_msvc_warning PASSED [ 95%]
2026-01-29T12:03:31.3209586Z tests/test_warning_error_extraction.py::TestMSVCWarningExtraction::test_extract_msvc_warning_with_column PASSED [ 96%]
2026-01-29T12:03:31.3221793Z tests/test_warning_error_extraction.py::TestMSVCWarningExtraction::test_extract_msvc_warning_with_full_path PASSED [ 96%]
2026-01-29T12:03:31.3234093Z tests/test_warning_error_extraction.py::TestMSVCWarningExtraction::test_extract_multiple_msvc_warnings PASSED [ 96%]
2026-01-29T12:03:31.3246044Z tests/test_warning_error_extraction.py::TestGCCErrorExtraction::test_extract_simple_gcc_error PASSED [ 96%]
2026-01-29T12:03:31.3257996Z tests/test_warning_error_extraction.py::TestGCCErrorExtraction::test_extract_gcc_fatal_error PASSED [ 96%]
2026-01-29T12:03:31.3270268Z tests/test_warning_error_extraction.py::TestGCCErrorExtraction::test_extract_multiple_gcc_errors PASSED [ 96%]
2026-01-29T12:03:31.3282105Z tests/test_warning_error_extraction.py::TestClangErrorExtraction::test_extract_simple_clang_error PASSED [ 96%]
2026-01-29T12:03:31.3294147Z tests/test_warning_error_extraction.py::TestClangErrorExtraction::test_extract_clang_error_with_multiline PASSED [ 97%]
2026-01-29T12:03:31.3306064Z tests/test_warning_error_extraction.py::TestMSVCErrorExtraction::test_extract_simple_msvc_error PASSED [ 97%]
2026-01-29T12:03:31.3318058Z tests/test_warning_error_extraction.py::TestMSVCErrorExtraction::test_extract_msvc_error_with_column PASSED [ 97%]
2026-01-29T12:03:31.3330229Z tests/test_warning_error_extraction.py::TestMSVCErrorExtraction::test_extract_msvc_fatal_error PASSED [ 97%]
2026-01-29T12:03:31.3342285Z tests/test_warning_error_extraction.py::TestWarningWithoutFileInfo::test_extract_warning_without_file_info PASSED [ 97%]
2026-01-29T12:03:31.3354206Z tests/test_warning_error_extraction.py::TestWarningWithoutFileInfo::test_extract_linker_warning PASSED [ 97%]
2026-01-29T12:03:31.3366184Z tests/test_warning_error_extraction.py::TestColoredOutputHandling::test_extract_warning_with_ansi_colors PASSED [ 97%]
2026-01-29T12:03:31.3378108Z tests/test_warning_error_extraction.py::TestColoredOutputHandling::test_extract_error_with_ansi_colors PASSED [ 97%]
2026-01-29T12:03:31.3390268Z tests/test_warning_error_extraction.py::TestWarningCounting::test_count_warnings PASSED [ 98%]
2026-01-29T12:03:31.3402498Z tests/test_warning_error_extraction.py::TestWarningCounting::test_count_by_type PASSED [ 98%]
2026-01-29T12:03:31.3415051Z tests/test_warning_error_extraction.py::TestWarningDeduplication::test_deduplicate_identical_warnings PASSED [ 98%]
2026-01-29T12:03:31.3427065Z tests/test_warning_error_extraction.py::TestWarningDeduplication::test_no_deduplication_when_disabled PASSED [ 98%]
2026-01-29T12:03:31.3439538Z tests/test_warning_error_extraction.py::TestWarningDeduplication::test_deduplicate_by_file_line_message PASSED [ 98%]
2026-01-29T12:03:31.3451766Z tests/test_warning_error_extraction.py::TestMixedWarningsAndErrors::test_extract_warnings_ignores_errors PASSED [ 98%]
2026-01-29T12:03:31.3463800Z tests/test_warning_error_extraction.py::TestMixedWarningsAndErrors::test_extract_errors_ignores_warnings PASSED [ 98%]
2026-01-29T12:03:31.3475482Z tests/test_warning_error_extraction.py::TestEmptyAndInvalidOutput::test_extract_warnings_from_empty_output PASSED [ 99%]
2026-01-29T12:03:31.3487067Z tests/test_warning_error_extraction.py::TestEmptyAndInvalidOutput::test_extract_errors_from_empty_output PASSED [ 99%]
2026-01-29T12:03:31.3499221Z tests/test_warning_error_extraction.py::TestEmptyAndInvalidOutput::test_extract_from_output_without_warnings PASSED [ 99%]
2026-01-29T12:03:31.3511285Z tests/test_warning_error_extraction.py::TestEmptyAndInvalidOutput::test_extract_from_output_without_errors PASSED [ 99%]
2026-01-29T12:03:31.3523285Z tests/test_warning_error_extraction.py::TestEdgeCases::test_warning_with_special_characters_in_filename PASSED [ 99%]
2026-01-29T12:03:31.3535154Z tests/test_warning_error_extraction.py::TestEdgeCases::test_warning_with_spaces_in_windows_path PASSED [ 99%]
2026-01-29T12:03:31.3547386Z tests/test_warning_error_extraction.py::TestEdgeCases::test_very_long_warning_message PASSED [ 99%]
2026-01-29T12:03:32.1316912Z tests/test_warning_error_extraction.py::TestEdgeCases::test_warning_with_unicode_characters PASSED [100%]
2026-01-29T12:03:32.1317857Z 
2026-01-29T12:03:32.1318123Z ================================ tests coverage ================================
2026-01-29T12:03:32.1319939Z _______________ coverage: platform linux, python 3.10.19-final-0 _______________
2026-01-29T12:03:32.1320476Z 
2026-01-29T12:03:32.1320718Z Name                           Stmts   Miss   Cover   Missing
2026-01-29T12:03:32.1321304Z -------------------------------------------------------------
2026-01-29T12:03:32.1321825Z __init__.py                        2      0 100.00%
2026-01-29T12:03:32.1322300Z cli/__init__.py                    0      0 100.00%
2026-01-29T12:03:32.1322753Z cli/argument_errors.py            45      0 100.00%
2026-01-29T12:03:32.1323223Z cli/argument_parser.py            51      0 100.00%
2026-01-29T12:03:32.1323576Z cli/argument_validator.py         42      0 100.00%
2026-01-29T12:03:32.1323914Z cmake/__init__.py                  0      0 100.00%
2026-01-29T12:03:32.1324292Z cmake/executor.py                117      3  97.44%   87-89
2026-01-29T12:03:32.1324699Z cmake/parameter_manager.py       100      1  99.00%   179
2026-01-29T12:03:32.1325084Z inspector/__init__.py              0      0 100.00%
2026-01-29T12:03:32.1325538Z inspector/build_inspector.py     250     19  92.40%   526, 591, 664-676, 688-697
2026-01-29T12:03:32.1326002Z models/__init__.py                 4      0 100.00%
2026-01-29T12:03:32.1326385Z models/arguments.py               34      2  94.12%   48, 85
2026-01-29T12:03:32.1327113Z models/metadata.py                72      0 100.00%
2026-01-29T12:03:32.1327463Z models/records.py                  0      0 100.00%
2026-01-29T12:03:32.1327800Z models/results.py                 47      0 100.00%
2026-01-29T12:03:32.1328140Z storage/__init__.py                2      0 100.00%
2026-01-29T12:03:32.1328872Z storage/data_persistence.py      134      8  94.03%   147, 223-225, 490-491, 567-568
2026-01-29T12:03:32.1329348Z storage/persistence.py            35      0 100.00%
2026-01-29T12:03:32.1329699Z storage/query.py                   0      0 100.00%
2026-01-29T12:03:32.1330031Z utils/__init__.py                  0      0 100.00%
2026-01-29T12:03:32.1330450Z utils/formatting.py              117      6  94.87%   53, 135, 185-186, 219-220
2026-01-29T12:03:32.1330875Z utils/logging.py                   0      0 100.00%
2026-01-29T12:03:32.1331347Z utils/logging_config.py           39      0 100.00%
2026-01-29T12:03:32.1331677Z utils/paths.py                     0      0 100.00%
2026-01-29T12:03:32.1331992Z -------------------------------------------------------------
2026-01-29T12:03:32.1332296Z TOTAL                           1091     39  96.43%
2026-01-29T12:03:32.1332558Z Coverage HTML written to dir htmlcov
2026-01-29T12:03:32.1332824Z Coverage XML written to file coverage.xml
2026-01-29T12:03:32.1333159Z Required test coverage of 90.0% reached. Total coverage: 96.43%
2026-01-29T12:03:32.1333531Z ============================= 738 passed in 16.86s =============================
2026-01-29T12:03:32.1880143Z Post job cleanup.
2026-01-29T12:03:32.3542891Z Post job cleanup.
2026-01-29T12:03:32.4480374Z [command]/usr/bin/git version
2026-01-29T12:03:32.4515943Z git version 2.52.0
2026-01-29T12:03:32.4558016Z Temporarily overriding HOME='/home/runner/work/_temp/d0b4639d-49c5-422b-b607-f7bba131c450' before making global git config changes
2026-01-29T12:03:32.4559346Z Adding repository directory to the temporary git global config as a safe directory
2026-01-29T12:03:32.4574239Z [command]/usr/bin/git config --global --add safe.directory /home/runner/work/argos/argos
2026-01-29T12:03:32.4609100Z [command]/usr/bin/git config --local --name-only --get-regexp core\.sshCommand
2026-01-29T12:03:32.4641927Z [command]/usr/bin/git submodule foreach --recursive sh -c "git config --local --name-only --get-regexp 'core\.sshCommand' && git config --local --unset-all 'core.sshCommand' || :"
2026-01-29T12:03:32.4879348Z [command]/usr/bin/git config --local --name-only --get-regexp http\.https\:\/\/github\.com\/\.extraheader
2026-01-29T12:03:32.4902381Z http.https://github.com/.extraheader
2026-01-29T12:03:32.4919486Z [command]/usr/bin/git config --local --unset-all http.https://github.com/.extraheader
2026-01-29T12:03:32.4954483Z [command]/usr/bin/git submodule foreach --recursive sh -c "git config --local --name-only --get-regexp 'http\.https\:\/\/github\.com\/\.extraheader' && git config --local --unset-all 'http.https://github.com/.extraheader' || :"
2026-01-29T12:03:32.5197601Z [command]/usr/bin/git config --local --name-only --get-regexp ^includeIf\.gitdir:
2026-01-29T12:03:32.5233040Z [command]/usr/bin/git submodule foreach --recursive git config --local --show-origin --name-only --get-regexp remote.origin.url
2026-01-29T12:03:32.5604958Z Cleaning up orphan processes
