2026-01-29T12:03:03.8581213Z Current runner version: '2.331.0'
2026-01-29T12:03:03.8612377Z ##[group]Runner Image Provisioner
2026-01-29T12:03:03.8613144Z Hosted Compute Agent
2026-01-29T12:03:03.8613690Z Version: 20260115.477
2026-01-29T12:03:03.8614215Z Commit: 4b342d620503cbe250a3154040964899ea7c9b00
2026-01-29T12:03:03.8614810Z Build Date: 2026-01-15T22:32:41Z
2026-01-29T12:03:03.8615404Z Worker ID: {6f0abc94-34df-4328-8e47-12591ec10e65}
2026-01-29T12:03:03.8615984Z Azure Region: westus
2026-01-29T12:03:03.8616502Z ##[endgroup]
2026-01-29T12:03:03.8617809Z ##[group]Operating System
2026-01-29T12:03:03.8618346Z Microsoft Windows Server 2025
2026-01-29T12:03:03.8618876Z 10.0.26100
2026-01-29T12:03:03.8619257Z Datacenter
2026-01-29T12:03:03.8619656Z ##[endgroup]
2026-01-29T12:03:03.8620069Z ##[group]Runner Image
2026-01-29T12:03:03.8620534Z Image: windows-2025
2026-01-29T12:03:03.8620945Z Version: 20260119.4.1
2026-01-29T12:03:03.8622661Z Included Software: https://github.com/actions/runner-images/blob/win25/20260119.4/images/windows/Windows2025-Readme.md
2026-01-29T12:03:03.8624000Z Image Release: https://github.com/actions/runner-images/releases/tag/win25%2F20260119.4
2026-01-29T12:03:03.8624852Z ##[endgroup]
2026-01-29T12:03:03.8625833Z ##[group]GITHUB_TOKEN Permissions
2026-01-29T12:03:03.8627588Z Contents: read
2026-01-29T12:03:03.8628179Z Metadata: read
2026-01-29T12:03:03.8628883Z Packages: read
2026-01-29T12:03:03.8629360Z ##[endgroup]
2026-01-29T12:03:03.8631684Z Secret source: Actions
2026-01-29T12:03:03.8632447Z Prepare workflow directory
2026-01-29T12:03:03.9040507Z Prepare all required actions
2026-01-29T12:03:03.9079115Z Getting action download info
2026-01-29T12:03:04.3506956Z Download action repository 'actions/checkout@v4' (SHA:34e114876b0b11c390a56381ad16ebd13914f8d5)
2026-01-29T12:03:04.4882892Z Download action repository 'actions/setup-python@v5' (SHA:a26af69be951a213d495a4c3e4e4022e16d87065)
2026-01-29T12:03:04.6446950Z Download action repository 'codecov/codecov-action@v4' (SHA:b9fd7d16f6d7d1b5d2bec1a2887e65ceed900238)
2026-01-29T12:03:05.5116148Z Complete job name: test (windows-latest, 3.10)
2026-01-29T12:03:05.7033789Z ##[group]Run actions/checkout@v4
2026-01-29T12:03:05.7035160Z with:
2026-01-29T12:03:05.7035787Z   repository: lmvcruz/argos
2026-01-29T12:03:05.7037068Z   token: ***
2026-01-29T12:03:05.7037704Z   ssh-strict: true
2026-01-29T12:03:05.7038372Z   ssh-user: git
2026-01-29T12:03:05.7039039Z   persist-credentials: true
2026-01-29T12:03:05.7039801Z   clean: true
2026-01-29T12:03:05.7040468Z   sparse-checkout-cone-mode: true
2026-01-29T12:03:05.7041286Z   fetch-depth: 1
2026-01-29T12:03:05.7042096Z   fetch-tags: false
2026-01-29T12:03:05.7042782Z   show-progress: true
2026-01-29T12:03:05.7043467Z   lfs: false
2026-01-29T12:03:05.7044075Z   submodules: false
2026-01-29T12:03:05.7044760Z   set-safe-directory: true
2026-01-29T12:03:05.7045774Z ##[endgroup]
2026-01-29T12:03:05.8837179Z Syncing repository: lmvcruz/argos
2026-01-29T12:03:05.8840782Z ##[group]Getting Git version info
2026-01-29T12:03:05.8842968Z Working directory is 'D:\a\argos\argos'
2026-01-29T12:03:05.9817503Z [command]"C:\Program Files\Git\bin\git.exe" version
2026-01-29T12:03:06.4305733Z git version 2.52.0.windows.1
2026-01-29T12:03:06.4363930Z ##[endgroup]
2026-01-29T12:03:06.4387760Z Temporarily overriding HOME='D:\a\_temp\95b61a68-fb3b-4c16-89e1-66d7b219ee27' before making global git config changes
2026-01-29T12:03:06.4390484Z Adding repository directory to the temporary git global config as a safe directory
2026-01-29T12:03:06.4399051Z [command]"C:\Program Files\Git\bin\git.exe" config --global --add safe.directory D:\a\argos\argos
2026-01-29T12:03:06.4713334Z Deleting the contents of 'D:\a\argos\argos'
2026-01-29T12:03:06.4720459Z ##[group]Initializing the repository
2026-01-29T12:03:06.4729892Z [command]"C:\Program Files\Git\bin\git.exe" init D:\a\argos\argos
2026-01-29T12:03:06.5506686Z Initialized empty Git repository in D:/a/argos/argos/.git/
2026-01-29T12:03:06.5571385Z [command]"C:\Program Files\Git\bin\git.exe" remote add origin https://github.com/lmvcruz/argos
2026-01-29T12:03:06.5933306Z ##[endgroup]
2026-01-29T12:03:06.5935284Z ##[group]Disabling automatic garbage collection
2026-01-29T12:03:06.5942878Z [command]"C:\Program Files\Git\bin\git.exe" config --local gc.auto 0
2026-01-29T12:03:06.6247603Z ##[endgroup]
2026-01-29T12:03:06.6248749Z ##[group]Setting up auth
2026-01-29T12:03:06.6261753Z [command]"C:\Program Files\Git\bin\git.exe" config --local --name-only --get-regexp core\.sshCommand
2026-01-29T12:03:06.6565299Z [command]"C:\Program Files\Git\bin\git.exe" submodule foreach --recursive "sh -c \"git config --local --name-only --get-regexp 'core\.sshCommand' && git config --local --unset-all 'core.sshCommand' || :\""
2026-01-29T12:03:08.5257669Z [command]"C:\Program Files\Git\bin\git.exe" config --local --name-only --get-regexp http\.https\:\/\/github\.com\/\.extraheader
2026-01-29T12:03:08.5557282Z [command]"C:\Program Files\Git\bin\git.exe" submodule foreach --recursive "sh -c \"git config --local --name-only --get-regexp 'http\.https\:\/\/github\.com\/\.extraheader' && git config --local --unset-all 'http.https://github.com/.extraheader' || :\""
2026-01-29T12:03:09.1080088Z [command]"C:\Program Files\Git\bin\git.exe" config --local --name-only --get-regexp ^includeIf\.gitdir:
2026-01-29T12:03:09.1378151Z [command]"C:\Program Files\Git\bin\git.exe" submodule foreach --recursive "git config --local --show-origin --name-only --get-regexp remote.origin.url"
2026-01-29T12:03:09.6830962Z [command]"C:\Program Files\Git\bin\git.exe" config --local http.https://github.com/.extraheader "AUTHORIZATION: basic ***"
2026-01-29T12:03:09.7146182Z ##[endgroup]
2026-01-29T12:03:09.7146626Z ##[group]Fetching the repository
2026-01-29T12:03:09.7160377Z [command]"C:\Program Files\Git\bin\git.exe" -c protocol.version=2 fetch --no-tags --prune --no-recurse-submodules --depth=1 origin +7f7ddd0266788b52ce4c638daa5f9c530ac86029:refs/remotes/origin/main
2026-01-29T12:03:10.6965275Z From https://github.com/lmvcruz/argos
2026-01-29T12:03:10.6968918Z  * [new ref]         7f7ddd0266788b52ce4c638daa5f9c530ac86029 -> origin/main
2026-01-29T12:03:10.7145900Z ##[endgroup]
2026-01-29T12:03:10.7147010Z ##[group]Determining the checkout info
2026-01-29T12:03:10.7148765Z ##[endgroup]
2026-01-29T12:03:10.7164483Z [command]"C:\Program Files\Git\bin\git.exe" sparse-checkout disable
2026-01-29T12:03:10.7503901Z [command]"C:\Program Files\Git\bin\git.exe" config --local --unset-all extensions.worktreeConfig
2026-01-29T12:03:10.7808574Z ##[group]Checking out the ref
2026-01-29T12:03:10.7818755Z [command]"C:\Program Files\Git\bin\git.exe" checkout --progress --force -B main refs/remotes/origin/main
2026-01-29T12:03:10.8590996Z branch 'main' set up to track 'origin/main'.
2026-01-29T12:03:10.8599346Z Switched to a new branch 'main'
2026-01-29T12:03:10.8637156Z ##[endgroup]
2026-01-29T12:03:10.8960854Z [command]"C:\Program Files\Git\bin\git.exe" log -1 --format=%H
2026-01-29T12:03:10.9228973Z 7f7ddd0266788b52ce4c638daa5f9c530ac86029
2026-01-29T12:03:10.9702979Z ##[group]Run actions/setup-python@v5
2026-01-29T12:03:10.9703331Z with:
2026-01-29T12:03:10.9703512Z   python-version: 3.10
2026-01-29T12:03:10.9703735Z   check-latest: false
2026-01-29T12:03:10.9704064Z   token: ***
2026-01-29T12:03:10.9704242Z   update-environment: true
2026-01-29T12:03:10.9704458Z   allow-prereleases: false
2026-01-29T12:03:10.9704669Z   freethreaded: false
2026-01-29T12:03:10.9704886Z ##[endgroup]
2026-01-29T12:03:11.1938665Z ##[group]Installed versions
2026-01-29T12:03:11.2073939Z Successfully set up CPython (3.10.11)
2026-01-29T12:03:11.2074725Z ##[endgroup]
2026-01-29T12:03:11.2346481Z ##[group]Run python -m pip install --upgrade pip
2026-01-29T12:03:11.2346957Z [36;1mpython -m pip install --upgrade pip[0m
2026-01-29T12:03:11.2347269Z [36;1mpip install -r requirements.txt[0m
2026-01-29T12:03:11.2685282Z shell: C:\Program Files\PowerShell\7\pwsh.EXE -command ". '{0}'"
2026-01-29T12:03:11.2685639Z env:
2026-01-29T12:03:11.2686778Z   pythonLocation: C:\hostedtoolcache\windows\Python\3.10.11\x64
2026-01-29T12:03:11.2687249Z   PKG_CONFIG_PATH: C:\hostedtoolcache\windows\Python\3.10.11\x64/lib/pkgconfig
2026-01-29T12:03:11.2687683Z   Python_ROOT_DIR: C:\hostedtoolcache\windows\Python\3.10.11\x64
2026-01-29T12:03:11.2688071Z   Python2_ROOT_DIR: C:\hostedtoolcache\windows\Python\3.10.11\x64
2026-01-29T12:03:11.2688452Z   Python3_ROOT_DIR: C:\hostedtoolcache\windows\Python\3.10.11\x64
2026-01-29T12:03:11.2688738Z ##[endgroup]
2026-01-29T12:03:28.6270430Z Requirement already satisfied: pip in c:\hostedtoolcache\windows\python\3.10.11\x64\lib\site-packages (25.3)
2026-01-29T12:03:30.1945876Z Collecting pytest>=7.4.0 (from -r requirements.txt (line 5))
2026-01-29T12:03:30.2279632Z   Downloading pytest-9.0.2-py3-none-any.whl.metadata (7.6 kB)
2026-01-29T12:03:30.3499542Z Collecting pytest-cov>=4.1.0 (from -r requirements.txt (line 6))
2026-01-29T12:03:30.3550573Z   Downloading pytest_cov-7.0.0-py3-none-any.whl.metadata (31 kB)
2026-01-29T12:03:30.4496196Z Collecting pytest-mock>=3.11.1 (from -r requirements.txt (line 7))
2026-01-29T12:03:30.4547339Z   Downloading pytest_mock-3.15.1-py3-none-any.whl.metadata (3.9 kB)
2026-01-29T12:03:30.6263133Z Collecting psutil>=5.9.0 (from -r requirements.txt (line 8))
2026-01-29T12:03:30.6313981Z   Downloading psutil-7.2.2-cp37-abi3-win_amd64.whl.metadata (22 kB)
2026-01-29T12:03:30.7792496Z Collecting black>=23.7.0 (from -r requirements.txt (line 11))
2026-01-29T12:03:30.7871405Z   Downloading black-26.1.0-cp310-cp310-win_amd64.whl.metadata (88 kB)
2026-01-29T12:03:30.8845090Z Collecting flake8>=6.1.0 (from -r requirements.txt (line 12))
2026-01-29T12:03:30.8893089Z   Downloading flake8-7.3.0-py2.py3-none-any.whl.metadata (3.8 kB)
2026-01-29T12:03:31.1139687Z Collecting mypy>=1.5.0 (from -r requirements.txt (line 13))
2026-01-29T12:03:31.1193853Z   Downloading mypy-1.19.1-cp310-cp310-win_amd64.whl.metadata (2.3 kB)
2026-01-29T12:03:31.2084174Z Collecting radon>=6.0.1 (from -r requirements.txt (line 16))
2026-01-29T12:03:31.2134791Z   Downloading radon-6.0.1-py2.py3-none-any.whl.metadata (8.2 kB)
2026-01-29T12:03:31.3240424Z Collecting pylint>=3.0.0 (from -r requirements.txt (line 17))
2026-01-29T12:03:31.3290632Z   Downloading pylint-4.0.4-py3-none-any.whl.metadata (12 kB)
2026-01-29T12:03:31.4439735Z Collecting isort>=5.12.0 (from -r requirements.txt (line 20))
2026-01-29T12:03:31.4495623Z   Downloading isort-7.0.0-py3-none-any.whl.metadata (11 kB)
2026-01-29T12:03:31.5369690Z Collecting autoflake>=2.2.1 (from -r requirements.txt (line 21))
2026-01-29T12:03:31.5426130Z   Downloading autoflake-2.3.1-py3-none-any.whl.metadata (7.6 kB)
2026-01-29T12:03:31.6593085Z Collecting vulture>=2.10 (from -r requirements.txt (line 24))
2026-01-29T12:03:31.6652485Z   Downloading vulture-2.14-py2.py3-none-any.whl.metadata (24 kB)
2026-01-29T12:03:31.7495882Z Collecting colorama>=0.4 (from pytest>=7.4.0->-r requirements.txt (line 5))
2026-01-29T12:03:31.7544051Z   Downloading colorama-0.4.6-py2.py3-none-any.whl.metadata (17 kB)
2026-01-29T12:03:31.8628145Z Collecting exceptiongroup>=1 (from pytest>=7.4.0->-r requirements.txt (line 5))
2026-01-29T12:03:31.8674909Z   Downloading exceptiongroup-1.3.1-py3-none-any.whl.metadata (6.7 kB)
2026-01-29T12:03:31.9674854Z Collecting iniconfig>=1.0.1 (from pytest>=7.4.0->-r requirements.txt (line 5))
2026-01-29T12:03:31.9717938Z   Downloading iniconfig-2.3.0-py3-none-any.whl.metadata (2.5 kB)
2026-01-29T12:03:32.0633631Z Collecting packaging>=22 (from pytest>=7.4.0->-r requirements.txt (line 5))
2026-01-29T12:03:32.0761140Z   Downloading packaging-26.0-py3-none-any.whl.metadata (3.3 kB)
2026-01-29T12:03:32.1415235Z Collecting pluggy<2,>=1.5 (from pytest>=7.4.0->-r requirements.txt (line 5))
2026-01-29T12:03:32.1465850Z   Downloading pluggy-1.6.0-py3-none-any.whl.metadata (4.8 kB)
2026-01-29T12:03:32.2410811Z Collecting pygments>=2.7.2 (from pytest>=7.4.0->-r requirements.txt (line 5))
2026-01-29T12:03:32.2460629Z   Downloading pygments-2.19.2-py3-none-any.whl.metadata (2.5 kB)
2026-01-29T12:03:32.3258043Z Collecting tomli>=1 (from pytest>=7.4.0->-r requirements.txt (line 5))
2026-01-29T12:03:32.3304540Z   Downloading tomli-2.4.0-py3-none-any.whl.metadata (10 kB)
2026-01-29T12:03:32.8568103Z Collecting coverage>=7.10.6 (from coverage[toml]>=7.10.6->pytest-cov>=4.1.0->-r requirements.txt (line 6))
2026-01-29T12:03:32.8638313Z   Downloading coverage-7.13.2-cp310-cp310-win_amd64.whl.metadata (8.7 kB)
2026-01-29T12:03:32.9950141Z Collecting click>=8.0.0 (from black>=23.7.0->-r requirements.txt (line 11))
2026-01-29T12:03:32.9996469Z   Downloading click-8.3.1-py3-none-any.whl.metadata (2.6 kB)
2026-01-29T12:03:33.0620718Z Collecting mypy-extensions>=0.4.3 (from black>=23.7.0->-r requirements.txt (line 11))
2026-01-29T12:03:33.0665378Z   Downloading mypy_extensions-1.1.0-py3-none-any.whl.metadata (1.1 kB)
2026-01-29T12:03:33.1546947Z Collecting pathspec>=1.0.0 (from black>=23.7.0->-r requirements.txt (line 11))
2026-01-29T12:03:33.1589612Z   Downloading pathspec-1.0.4-py3-none-any.whl.metadata (13 kB)
2026-01-29T12:03:33.2456671Z Collecting platformdirs>=2 (from black>=23.7.0->-r requirements.txt (line 11))
2026-01-29T12:03:33.2501725Z   Downloading platformdirs-4.5.1-py3-none-any.whl.metadata (12 kB)
2026-01-29T12:03:33.3112596Z Collecting pytokens>=0.3.0 (from black>=23.7.0->-r requirements.txt (line 11))
2026-01-29T12:03:33.3169942Z   Downloading pytokens-0.4.0-cp310-cp310-win_amd64.whl.metadata (3.9 kB)
2026-01-29T12:03:33.4097785Z Collecting typing-extensions>=4.0.1 (from black>=23.7.0->-r requirements.txt (line 11))
2026-01-29T12:03:33.4143360Z   Downloading typing_extensions-4.15.0-py3-none-any.whl.metadata (3.3 kB)
2026-01-29T12:03:33.4742771Z Collecting mccabe<0.8.0,>=0.7.0 (from flake8>=6.1.0->-r requirements.txt (line 12))
2026-01-29T12:03:33.4788388Z   Downloading mccabe-0.7.0-py2.py3-none-any.whl.metadata (5.0 kB)
2026-01-29T12:03:33.8555033Z Collecting pycodestyle<2.15.0,>=2.14.0 (from flake8>=6.1.0->-r requirements.txt (line 12))
2026-01-29T12:03:33.8600142Z   Downloading pycodestyle-2.14.0-py2.py3-none-any.whl.metadata (4.5 kB)
2026-01-29T12:03:33.9087784Z Collecting pyflakes<3.5.0,>=3.4.0 (from flake8>=6.1.0->-r requirements.txt (line 12))
2026-01-29T12:03:33.9131429Z   Downloading pyflakes-3.4.0-py2.py3-none-any.whl.metadata (3.5 kB)
2026-01-29T12:03:34.1199839Z Collecting librt>=0.6.2 (from mypy>=1.5.0->-r requirements.txt (line 13))
2026-01-29T12:03:34.1264213Z   Downloading librt-0.7.8-cp310-cp310-win_amd64.whl.metadata (1.4 kB)
2026-01-29T12:03:34.2053795Z Collecting mando<0.8,>=0.6 (from radon>=6.0.1->-r requirements.txt (line 16))
2026-01-29T12:03:34.2109354Z   Downloading mando-0.7.1-py2.py3-none-any.whl.metadata (7.4 kB)
2026-01-29T12:03:34.3001940Z Collecting six (from mando<0.8,>=0.6->radon>=6.0.1->-r requirements.txt (line 16))
2026-01-29T12:03:34.3051497Z   Downloading six-1.17.0-py2.py3-none-any.whl.metadata (1.7 kB)
2026-01-29T12:03:34.4514785Z Collecting astroid<=4.1.dev0,>=4.0.2 (from pylint>=3.0.0->-r requirements.txt (line 17))
2026-01-29T12:03:34.4561591Z   Downloading astroid-4.0.3-py3-none-any.whl.metadata (4.4 kB)
2026-01-29T12:03:34.5324008Z Collecting dill>=0.2 (from pylint>=3.0.0->-r requirements.txt (line 17))
2026-01-29T12:03:34.5370256Z   Downloading dill-0.4.1-py3-none-any.whl.metadata (10 kB)
2026-01-29T12:03:34.6286903Z Collecting tomlkit>=0.10.1 (from pylint>=3.0.0->-r requirements.txt (line 17))
2026-01-29T12:03:34.6357613Z   Downloading tomlkit-0.14.0-py3-none-any.whl.metadata (2.8 kB)
2026-01-29T12:03:34.7128512Z Downloading pytest-9.0.2-py3-none-any.whl (374 kB)
2026-01-29T12:03:34.7649233Z Downloading pluggy-1.6.0-py3-none-any.whl (20 kB)
2026-01-29T12:03:34.7946300Z Downloading pytest_cov-7.0.0-py3-none-any.whl (22 kB)
2026-01-29T12:03:34.8302984Z Downloading pytest_mock-3.15.1-py3-none-any.whl (10 kB)
2026-01-29T12:03:34.8752844Z Downloading psutil-7.2.2-cp37-abi3-win_amd64.whl (137 kB)
2026-01-29T12:03:34.9048110Z Downloading black-26.1.0-cp310-cp310-win_amd64.whl (1.4 MB)
2026-01-29T12:03:34.9912017Z    ---------------------------------------- 1.4/1.4 MB 14.6 MB/s  0:00:00
2026-01-29T12:03:34.9954140Z Downloading flake8-7.3.0-py2.py3-none-any.whl (57 kB)
2026-01-29T12:03:35.0316173Z Downloading mccabe-0.7.0-py2.py3-none-any.whl (7.3 kB)
2026-01-29T12:03:35.0537887Z Downloading pycodestyle-2.14.0-py2.py3-none-any.whl (31 kB)
2026-01-29T12:03:35.1086909Z Downloading pyflakes-3.4.0-py2.py3-none-any.whl (63 kB)
2026-01-29T12:03:35.1490373Z Downloading mypy-1.19.1-cp310-cp310-win_amd64.whl (10.1 MB)
2026-01-29T12:03:35.3121339Z    ---------------------------------------- 10.1/10.1 MB 62.8 MB/s  0:00:00
2026-01-29T12:03:35.3172819Z Downloading radon-6.0.1-py2.py3-none-any.whl (52 kB)
2026-01-29T12:03:35.3667670Z Downloading mando-0.7.1-py2.py3-none-any.whl (28 kB)
2026-01-29T12:03:35.3995188Z Downloading pylint-4.0.4-py3-none-any.whl (536 kB)
2026-01-29T12:03:35.4476758Z    ---------------------------------------- 536.4/536.4 kB 5.8 MB/s  0:00:00
2026-01-29T12:03:35.4519670Z Downloading isort-7.0.0-py3-none-any.whl (94 kB)
2026-01-29T12:03:35.4994224Z Downloading astroid-4.0.3-py3-none-any.whl (276 kB)
2026-01-29T12:03:35.5353271Z Downloading autoflake-2.3.1-py3-none-any.whl (32 kB)
2026-01-29T12:03:35.5694465Z Downloading vulture-2.14-py2.py3-none-any.whl (28 kB)
2026-01-29T12:03:35.6513557Z Downloading click-8.3.1-py3-none-any.whl (108 kB)
2026-01-29T12:03:35.7577114Z Downloading colorama-0.4.6-py2.py3-none-any.whl (25 kB)
2026-01-29T12:03:35.8020995Z Downloading coverage-7.13.2-cp310-cp310-win_amd64.whl (222 kB)
2026-01-29T12:03:35.8690917Z Downloading dill-0.4.1-py3-none-any.whl (120 kB)
2026-01-29T12:03:35.9287967Z Downloading exceptiongroup-1.3.1-py3-none-any.whl (16 kB)
2026-01-29T12:03:35.9778500Z Downloading iniconfig-2.3.0-py3-none-any.whl (7.5 kB)
2026-01-29T12:03:36.0038484Z Downloading librt-0.7.8-cp310-cp310-win_amd64.whl (49 kB)
2026-01-29T12:03:36.0524126Z Downloading mypy_extensions-1.1.0-py3-none-any.whl (5.0 kB)
2026-01-29T12:03:36.1197720Z Downloading packaging-26.0-py3-none-any.whl (74 kB)
2026-01-29T12:03:36.1693603Z Downloading pathspec-1.0.4-py3-none-any.whl (55 kB)
2026-01-29T12:03:36.1900114Z Downloading platformdirs-4.5.1-py3-none-any.whl (18 kB)
2026-01-29T12:03:36.2428437Z Downloading pygments-2.19.2-py3-none-any.whl (1.2 MB)
2026-01-29T12:03:36.3031920Z    ---------------------------------------- 1.2/1.2 MB 15.5 MB/s  0:00:00
2026-01-29T12:03:36.3085030Z Downloading pytokens-0.4.0-cp310-cp310-win_amd64.whl (102 kB)
2026-01-29T12:03:36.3676038Z Downloading tomli-2.4.0-py3-none-any.whl (14 kB)
2026-01-29T12:03:36.3883849Z Downloading tomlkit-0.14.0-py3-none-any.whl (39 kB)
2026-01-29T12:03:36.4230879Z Downloading typing_extensions-4.15.0-py3-none-any.whl (44 kB)
2026-01-29T12:03:36.4498579Z Downloading six-1.17.0-py2.py3-none-any.whl (11 kB)
2026-01-29T12:03:36.6948291Z Installing collected packages: typing-extensions, tomlkit, tomli, six, pytokens, pygments, pyflakes, pycodestyle, psutil, pluggy, platformdirs, pathspec, packaging, mypy-extensions, mccabe, librt, isort, iniconfig, dill, coverage, colorama, vulture, mypy, mando, flake8, exceptiongroup, click, autoflake, astroid, radon, pytest, pylint, black, pytest-mock, pytest-cov
2026-01-29T12:03:48.0562022Z 
2026-01-29T12:03:48.0732515Z Successfully installed astroid-4.0.3 autoflake-2.3.1 black-26.1.0 click-8.3.1 colorama-0.4.6 coverage-7.13.2 dill-0.4.1 exceptiongroup-1.3.1 flake8-7.3.0 iniconfig-2.3.0 isort-7.0.0 librt-0.7.8 mando-0.7.1 mccabe-0.7.0 mypy-1.19.1 mypy-extensions-1.1.0 packaging-26.0 pathspec-1.0.4 platformdirs-4.5.1 pluggy-1.6.0 psutil-7.2.2 pycodestyle-2.14.0 pyflakes-3.4.0 pygments-2.19.2 pylint-4.0.4 pytest-9.0.2 pytest-cov-7.0.0 pytest-mock-3.15.1 pytokens-0.4.0 radon-6.0.1 six-1.17.0 tomli-2.4.0 tomlkit-0.14.0 typing-extensions-4.15.0 vulture-2.14
2026-01-29T12:03:49.3819215Z ##[group]Run pytest --cov=forge --cov-report=xml --cov-report=term-missing
2026-01-29T12:03:49.3819787Z [36;1mpytest --cov=forge --cov-report=xml --cov-report=term-missing[0m
2026-01-29T12:03:49.3903435Z shell: C:\Program Files\PowerShell\7\pwsh.EXE -command ". '{0}'"
2026-01-29T12:03:49.3903757Z env:
2026-01-29T12:03:49.3904018Z   pythonLocation: C:\hostedtoolcache\windows\Python\3.10.11\x64
2026-01-29T12:03:49.3904453Z   PKG_CONFIG_PATH: C:\hostedtoolcache\windows\Python\3.10.11\x64/lib/pkgconfig
2026-01-29T12:03:49.3904874Z   Python_ROOT_DIR: C:\hostedtoolcache\windows\Python\3.10.11\x64
2026-01-29T12:03:49.3905249Z   Python2_ROOT_DIR: C:\hostedtoolcache\windows\Python\3.10.11\x64
2026-01-29T12:03:49.3905617Z   Python3_ROOT_DIR: C:\hostedtoolcache\windows\Python\3.10.11\x64
2026-01-29T12:03:49.3905908Z ##[endgroup]
2026-01-29T12:03:51.2544436Z ============================= test session starts =============================
2026-01-29T12:03:51.2545455Z platform win32 -- Python 3.10.11, pytest-9.0.2, pluggy-1.6.0 -- C:\hostedtoolcache\windows\Python\3.10.11\x64\python.exe
2026-01-29T12:03:51.2546252Z cachedir: .pytest_cache
2026-01-29T12:03:51.2546592Z rootdir: D:\a\argos\argos\forge
2026-01-29T12:03:51.2547206Z configfile: pytest.ini (WARNING: ignoring pytest config in pyproject.toml!)
2026-01-29T12:03:51.2547822Z testpaths: tests
2026-01-29T12:03:51.2548141Z plugins: cov-7.0.0, mock-3.15.1
2026-01-29T12:03:53.8842389Z collecting ... collected 738 items
2026-01-29T12:03:53.8842669Z 
2026-01-29T12:03:53.8883391Z tests/test_argument_errors.py::TestArgumentErrorCreation::test_argument_error_with_single_message PASSED [  0%]
2026-01-29T12:03:53.8900470Z tests/test_argument_errors.py::TestArgumentErrorCreation::test_argument_error_with_validation_error PASSED [  0%]
2026-01-29T12:03:53.8917065Z tests/test_argument_errors.py::TestArgumentErrorCreation::test_argument_error_has_exit_code PASSED [  0%]
2026-01-29T12:03:53.8935112Z tests/test_argument_errors.py::TestArgumentErrorCreation::test_argument_error_preserves_original_exception PASSED [  0%]
2026-01-29T12:03:53.8950858Z tests/test_argument_errors.py::TestErrorMessageFormatting::test_formatted_error_includes_error_prefix PASSED [  0%]
2026-01-29T12:03:53.8967507Z tests/test_argument_errors.py::TestErrorMessageFormatting::test_formatted_error_includes_message PASSED [  0%]
2026-01-29T12:03:53.8984092Z tests/test_argument_errors.py::TestErrorMessageFormatting::test_formatted_error_includes_help_reference PASSED [  0%]
2026-01-29T12:03:53.9000453Z tests/test_argument_errors.py::TestErrorMessageFormatting::test_formatted_error_suggests_fixes PASSED [  1%]
2026-01-29T12:03:53.9016762Z tests/test_argument_errors.py::TestColoredOutput::test_plain_output_no_ansi_codes PASSED [  1%]
2026-01-29T12:03:53.9032679Z tests/test_argument_errors.py::TestColoredOutput::test_colored_output_has_ansi_codes PASSED [  1%]
2026-01-29T12:03:53.9048149Z tests/test_argument_errors.py::TestColoredOutput::test_colored_output_resets_at_end PASSED [  1%]
2026-01-29T12:03:53.9065139Z tests/test_argument_errors.py::TestColoredOutput::test_color_auto_detection PASSED [  1%]
2026-01-29T12:03:53.9097521Z tests/test_argument_errors.py::TestColoredOutput::test_color_detection_on_unix PASSED [  1%]
2026-01-29T12:03:53.9155106Z tests/test_argument_errors.py::TestColoredOutput::test_color_detection_on_windows_with_wt PASSED [  1%]
2026-01-29T12:03:53.9178636Z tests/test_argument_errors.py::TestColoredOutput::test_color_detection_no_tty PASSED [  2%]
2026-01-29T12:03:53.9196037Z tests/test_argument_errors.py::TestMultiLineErrors::test_multiline_error_preserves_structure PASSED [  2%]
2026-01-29T12:03:53.9213170Z tests/test_argument_errors.py::TestMultiLineErrors::test_error_with_suggestion_on_new_line PASSED [  2%]
2026-01-29T12:03:53.9230534Z tests/test_argument_errors.py::TestErrorContextInformation::test_error_includes_command_example PASSED [  2%]
2026-01-29T12:03:53.9249322Z tests/test_argument_errors.py::TestErrorContextInformation::test_error_shows_problematic_path PASSED [  2%]
2026-01-29T12:03:53.9263244Z tests/test_argument_errors.py::TestErrorContextInformation::test_error_references_documentation PASSED [  2%]
2026-01-29T12:03:53.9279775Z tests/test_argument_errors.py::TestValidationErrorConversion::test_convert_simple_validation_error PASSED [  2%]
2026-01-29T12:03:53.9297235Z tests/test_argument_errors.py::TestValidationErrorConversion::test_convert_validation_error_extracts_suggestion PASSED [  2%]
2026-01-29T12:03:53.9314168Z tests/test_argument_errors.py::TestValidationErrorConversion::test_convert_validation_error_adds_help_reference PASSED [  3%]
2026-01-29T12:03:53.9333828Z tests/test_argument_errors.py::TestErrorExitCodes::test_validation_error_has_exit_code_2 PASSED [  3%]
2026-01-29T12:03:53.9350272Z tests/test_argument_errors.py::TestErrorExitCodes::test_can_override_exit_code PASSED [  3%]
2026-01-29T12:03:53.9365844Z tests/test_argument_errors.py::TestErrorStringRepresentation::test_str_representation_is_user_friendly PASSED [  3%]
2026-01-29T12:03:53.9382679Z tests/test_argument_errors.py::TestErrorStringRepresentation::test_repr_includes_class_info PASSED [  3%]
2026-01-29T12:03:53.9542041Z tests/test_argument_parser.py::TestBasicParsing::test_parse_with_only_required_build_dir PASSED [  3%]
2026-01-29T12:03:53.9595814Z tests/test_argument_parser.py::TestBasicParsing::test_parse_with_source_dir_and_build_dir PASSED [  3%]
2026-01-29T12:03:53.9655705Z tests/test_argument_parser.py::TestBasicParsing::test_parse_with_all_optional_arguments PASSED [  4%]
2026-01-29T12:03:53.9703419Z tests/test_argument_parser.py::TestCMakeArguments::test_parse_cmake_args_single_value PASSED [  4%]
2026-01-29T12:03:53.9751823Z tests/test_argument_parser.py::TestCMakeArguments::test_parse_cmake_args_multiple_values PASSED [  4%]
2026-01-29T12:03:53.9799482Z tests/test_argument_parser.py::TestCMakeArguments::test_parse_build_args_single_value PASSED [  4%]
2026-01-29T12:03:53.9848415Z tests/test_argument_parser.py::TestCMakeArguments::test_parse_build_args_multiple_values PASSED [  4%]
2026-01-29T12:03:53.9930146Z tests/test_argument_parser.py::TestFlags::test_parse_verbose_flag PASSED [  4%]
2026-01-29T12:03:53.9978339Z tests/test_argument_parser.py::TestFlags::test_parse_without_verbose_flag PASSED [  4%]
2026-01-29T12:03:54.0027999Z tests/test_argument_parser.py::TestFlags::test_parse_project_name_override PASSED [  5%]
2026-01-29T12:03:54.0073947Z tests/test_argument_parser.py::TestFlags::test_parse_no_configure_flag PASSED [  5%]
2026-01-29T12:03:54.0120391Z tests/test_argument_parser.py::TestFlags::test_parse_clean_build_flag PASSED [  5%]
2026-01-29T12:03:54.0173995Z tests/test_argument_parser.py::TestHelpAndVersion::test_help_message_generation PASSED [  5%]
2026-01-29T12:03:54.0198593Z tests/test_argument_parser.py::TestHelpAndVersion::test_version_output PASSED [  5%]
2026-01-29T12:03:54.0254931Z tests/test_argument_parser.py::TestPathHandling::test_relative_paths_converted_to_absolute PASSED [  5%]
2026-01-29T12:03:54.0300215Z tests/test_argument_parser.py::TestPathHandling::test_tilde_expansion_in_paths PASSED [  5%]
2026-01-29T12:03:54.0398329Z tests/test_argument_parser.py::TestSysArgvSimulation::test_parse_from_sys_argv PASSED [  5%]
2026-01-29T12:03:54.0445233Z tests/test_argument_parser.py::TestSysArgvSimulation::test_parse_with_equals_syntax PASSED [  6%]
2026-01-29T12:03:54.0541335Z tests/test_argument_parser.py::TestDefaultValues::test_default_values_set_correctly PASSED [  6%]
2026-01-29T12:03:54.0572538Z tests/test_argument_parser.py::TestErrorCases::test_parse_without_required_argument PASSED [  6%]
2026-01-29T12:03:54.0627741Z tests/test_argument_parser.py::TestErrorCases::test_parse_with_unknown_argument PASSED [  6%]
2026-01-29T12:03:54.0677667Z tests/test_argument_validation.py::TestValidArgumentCombinations::test_validate_with_existing_source_and_build_dirs PASSED [  6%]
2026-01-29T12:03:54.0723483Z tests/test_argument_validation.py::TestValidArgumentCombinations::test_validate_with_source_dir_only PASSED [  6%]
2026-01-29T12:03:54.0765982Z tests/test_argument_validation.py::TestValidArgumentCombinations::test_validate_with_build_dir_only PASSED [  6%]
2026-01-29T12:03:54.0812833Z tests/test_argument_validation.py::TestValidArgumentCombinations::test_validate_with_valid_database_path PASSED [  7%]
2026-01-29T12:03:54.0848745Z tests/test_argument_validation.py::TestBuildDirectoryValidation::test_error_when_build_dir_missing_and_no_source_dir PASSED [  7%]
2026-01-29T12:03:54.0891508Z tests/test_argument_validation.py::TestBuildDirectoryValidation::test_error_when_build_dir_missing_no_cmake_cache PASSED [  7%]
2026-01-29T12:03:54.0929666Z tests/test_argument_validation.py::TestSourceDirectoryValidation::test_error_when_source_dir_does_not_exist PASSED [  7%]
2026-01-29T12:03:54.0970957Z tests/test_argument_validation.py::TestSourceDirectoryValidation::test_error_when_source_dir_missing_cmakelists PASSED [  7%]
2026-01-29T12:03:54.1097369Z tests/test_argument_validation.py::TestSourceDirectoryValidation::test_error_when_source_dir_is_file PASSED [  7%]
2026-01-29T12:03:54.1146396Z tests/test_argument_validation.py::TestDatabaseValidation::test_error_when_database_path_is_directory PASSED [  7%]
2026-01-29T12:03:54.1193958Z tests/test_argument_validation.py::TestDatabaseValidation::test_error_when_database_parent_does_not_exist PASSED [  7%]
2026-01-29T12:03:54.1275300Z tests/test_argument_validation.py::TestPathNormalization::test_paths_are_absolute PASSED [  8%]
2026-01-29T12:03:54.1328595Z tests/test_argument_validation.py::TestPathNormalization::test_symlinks_are_resolved PASSED [  8%]
2026-01-29T12:03:54.1369495Z tests/test_argument_validation.py::TestMutuallyExclusiveOptions::test_no_configure_requires_existing_build PASSED [  8%]
2026-01-29T12:03:54.1407669Z tests/test_argument_validation.py::TestMutuallyExclusiveOptions::test_no_configure_with_nonexistent_build_dir PASSED [  8%]
2026-01-29T12:03:54.1451589Z tests/test_argument_validation.py::TestMutuallyExclusiveOptions::test_clean_build_with_no_configure_is_invalid PASSED [  8%]
2026-01-29T12:03:54.1489332Z tests/test_argument_validation.py::TestValidationErrorMessages::test_error_message_includes_path PASSED [  8%]
2026-01-29T12:03:54.1534029Z tests/test_argument_validation.py::TestValidationErrorMessages::test_error_message_suggests_fix PASSED [  8%]
2026-01-29T12:03:54.1576955Z tests/test_argument_validation.py::TestValidationErrorMessages::test_validation_error_has_context PASSED [  9%]
2026-01-29T12:03:54.1618355Z tests/test_argument_validation.py::TestMultipleValidationErrors::test_reports_first_error_encountered PASSED [  9%]
2026-01-29T12:03:54.1782391Z tests/test_build_inspection_integration.py::TestCompleteSuccessfulBuild::test_complete_ninja_build_inspection PASSED [  9%]
2026-01-29T12:03:54.1889117Z tests/test_build_inspection_integration.py::TestCompleteSuccessfulBuild::test_complete_make_build_inspection PASSED [  9%]
2026-01-29T12:03:54.1945205Z tests/test_build_inspection_integration.py::TestBuildWithWarnings::test_build_with_gcc_warnings PASSED [  9%]
2026-01-29T12:03:54.1999564Z tests/test_build_inspection_integration.py::TestBuildWithWarnings::test_build_with_msvc_warnings PASSED [  9%]
2026-01-29T12:03:54.2048497Z tests/test_build_inspection_integration.py::TestFailedBuild::test_build_with_compilation_errors PASSED [  9%]
2026-01-29T12:03:54.2096992Z tests/test_build_inspection_integration.py::TestFailedBuild::test_build_with_link_errors PASSED [ 10%]
2026-01-29T12:03:54.2149972Z tests/test_build_inspection_integration.py::TestPartialOutput::test_build_with_minimal_output PASSED [ 10%]
2026-01-29T12:03:54.2204542Z tests/test_build_inspection_integration.py::TestPartialOutput::test_build_with_empty_output PASSED [ 10%]
2026-01-29T12:03:54.2222141Z tests/test_build_inspection_integration.py::TestPartialOutput::test_build_without_source_dir PASSED [ 10%]
2026-01-29T12:03:54.2271148Z tests/test_build_inspection_integration.py::TestMetadataCompleteness::test_metadata_has_all_required_fields PASSED [ 10%]
2026-01-29T12:03:54.2320531Z tests/test_build_inspection_integration.py::TestMetadataCompleteness::test_targets_list_is_correct_type PASSED [ 10%]
2026-01-29T12:03:54.2372527Z tests/test_build_inspection_integration.py::TestMetadataCompleteness::test_warnings_list_is_correct_type PASSED [ 10%]
2026-01-29T12:03:54.2426840Z tests/test_build_inspection_integration.py::TestIntegrationWithRealFixtures::test_with_ninja_fixture PASSED [ 10%]
2026-01-29T12:03:54.2477284Z tests/test_build_inspection_integration.py::TestEdgeCases::test_multiple_projects_use_first PASSED [ 11%]
2026-01-29T12:03:54.2526622Z tests/test_build_inspection_integration.py::TestEdgeCases::test_ansi_color_codes_handled PASSED [ 11%]
2026-01-29T12:03:54.2782096Z tests/test_build_inspection_integration.py::TestEdgeCases::test_very_large_output PASSED [ 11%]
2026-01-29T12:03:54.2813659Z tests/test_cmake_detection.py::TestCMakeDetection::test_cmake_detected_when_available PASSED [ 11%]
2026-01-29T12:03:54.2834864Z tests/test_cmake_detection.py::TestCMakeDetection::test_cmake_not_found_returns_false PASSED [ 11%]
2026-01-29T12:03:54.2855356Z tests/test_cmake_detection.py::TestCMakeDetection::test_cmake_check_handles_other_exceptions PASSED [ 11%]
2026-01-29T12:03:54.2883165Z tests/test_cmake_detection.py::TestCMakeDetection::test_cmake_check_handles_nonzero_exit_code PASSED [ 11%]
2026-01-29T12:03:54.2917661Z tests/test_cmake_detection.py::TestCMakeDetection::test_cmake_check_uses_timeout PASSED [ 12%]
2026-01-29T12:03:54.2951423Z tests/test_cmake_detection.py::TestCMakeVersionExtraction::test_get_version_standard_format PASSED [ 12%]
2026-01-29T12:03:54.2995239Z tests/test_cmake_detection.py::TestCMakeVersionExtraction::test_get_version_two_part_version PASSED [ 12%]
2026-01-29T12:03:54.3021822Z tests/test_cmake_detection.py::TestCMakeVersionExtraction::test_get_version_with_patch_and_suffix PASSED [ 12%]
2026-01-29T12:03:54.3048668Z tests/test_cmake_detection.py::TestCMakeVersionExtraction::test_get_version_multiline_output PASSED [ 12%]
2026-01-29T12:03:54.3068400Z tests/test_cmake_detection.py::TestCMakeVersionExtraction::test_get_version_cmake_not_found PASSED [ 12%]
2026-01-29T12:03:54.3088769Z tests/test_cmake_detection.py::TestCMakeVersionExtraction::test_get_version_handles_exceptions PASSED [ 12%]
2026-01-29T12:03:54.3117472Z tests/test_cmake_detection.py::TestCMakeVersionExtraction::test_get_version_invalid_output_format PASSED [ 13%]
2026-01-29T12:03:54.3145100Z tests/test_cmake_detection.py::TestCMakeVersionExtraction::test_get_version_empty_output PASSED [ 13%]
2026-01-29T12:03:54.3174229Z tests/test_cmake_detection.py::TestCMakeVersionExtraction::test_get_version_with_rc_suffix PASSED [ 13%]
2026-01-29T12:03:54.3191880Z tests/test_cmake_detection.py::TestVersionComparison::test_compare_version_greater PASSED [ 13%]
2026-01-29T12:03:54.3206656Z tests/test_cmake_detection.py::TestVersionComparison::test_compare_version_less PASSED [ 13%]
2026-01-29T12:03:54.3222768Z tests/test_cmake_detection.py::TestVersionComparison::test_compare_version_equal PASSED [ 13%]
2026-01-29T12:03:54.3238326Z tests/test_cmake_detection.py::TestVersionComparison::test_compare_version_different_lengths PASSED [ 13%]
2026-01-29T12:03:54.3255301Z tests/test_cmake_detection.py::TestVersionComparison::test_compare_version_major_difference PASSED [ 13%]
2026-01-29T12:03:54.3273173Z tests/test_cmake_detection.py::TestVersionComparison::test_compare_version_with_suffix_ignored PASSED [ 14%]
2026-01-29T12:03:54.3294628Z tests/test_cmake_detection.py::TestVersionComparison::test_check_minimum_version_success PASSED [ 14%]
2026-01-29T12:03:54.3315387Z tests/test_cmake_detection.py::TestVersionComparison::test_check_minimum_version_fail PASSED [ 14%]
2026-01-29T12:03:54.3334753Z tests/test_cmake_detection.py::TestVersionComparison::test_check_minimum_version_equal PASSED [ 14%]
2026-01-29T12:03:54.3356863Z tests/test_cmake_detection.py::TestVersionComparison::test_check_minimum_version_cmake_not_found PASSED [ 14%]
2026-01-29T12:03:54.3382470Z tests/test_cmake_detection.py::TestCMakePathResolution::test_cmake_found_in_path PASSED [ 14%]
2026-01-29T12:03:54.3409373Z tests/test_cmake_detection.py::TestCMakePathResolution::test_cmake_custom_path PASSED [ 14%]
2026-01-29T12:03:54.3435597Z tests/test_cmake_detection.py::TestCMakePathResolution::test_cmake_path_with_spaces PASSED [ 15%]
2026-01-29T12:03:54.3462843Z tests/test_cmake_detection.py::TestCMakeDetectionIntegration::test_detection_before_execution PASSED [ 15%]
2026-01-29T12:03:54.3490597Z tests/test_cmake_detection.py::TestCMakeDetectionIntegration::test_version_info_caching PASSED [ 15%]
2026-01-29T12:03:54.3511326Z tests/test_cmake_detection.py::TestCMakeDetectionIntegration::test_helpful_error_message_when_cmake_missing PASSED [ 15%]
2026-01-29T12:03:55.5642069Z tests/test_cmake_detection.py::TestRealCMakeDetection::test_real_cmake_detection PASSED [ 15%]
2026-01-29T12:03:55.5690595Z tests/test_configure_inspection.py::TestCMakeVersionExtraction::test_extract_cmake_version_from_linux_output PASSED [ 15%]
2026-01-29T12:03:55.5712349Z tests/test_configure_inspection.py::TestCMakeVersionExtraction::test_extract_cmake_version_from_windows_output PASSED [ 15%]
2026-01-29T12:03:55.5732363Z tests/test_configure_inspection.py::TestCMakeVersionExtraction::test_extract_cmake_version_from_macos_output PASSED [ 15%]
2026-01-29T12:03:55.5758167Z tests/test_configure_inspection.py::TestCMakeVersionExtraction::test_cmake_version_none_when_missing PASSED [ 16%]
2026-01-29T12:03:55.5778561Z tests/test_configure_inspection.py::TestGeneratorDetection::test_detect_visual_studio_generator PASSED [ 16%]
2026-01-29T12:03:55.5798461Z tests/test_configure_inspection.py::TestGeneratorDetection::test_generator_none_when_not_specified PASSED [ 16%]
2026-01-29T12:03:55.5819075Z tests/test_configure_inspection.py::TestCompilerDetection::test_detect_gccompiler_c PASSED [ 16%]
2026-01-29T12:03:55.5838956Z tests/test_configure_inspection.py::TestCompilerDetection::test_detect_msvcompiler_c PASSED [ 16%]
2026-01-29T12:03:55.5858344Z tests/test_configure_inspection.py::TestCompilerDetection::test_detect_clang_compiler PASSED [ 16%]
2026-01-29T12:03:55.5875837Z tests/test_configure_inspection.py::TestCompilerDetection::test_compiler_none_when_missing PASSED [ 16%]
2026-01-29T12:03:55.5896044Z tests/test_configure_inspection.py::TestSystemInfoExtraction::test_extract_linux_system_info PASSED [ 17%]
2026-01-29T12:03:55.5916120Z tests/test_configure_inspection.py::TestSystemInfoExtraction::test_extract_windows_system_info PASSED [ 17%]
2026-01-29T12:03:55.5936166Z tests/test_configure_inspection.py::TestSystemInfoExtraction::test_extract_macos_system_info PASSED [ 17%]
2026-01-29T12:03:55.5953714Z tests/test_configure_inspection.py::TestSystemInfoExtraction::test_system_info_none_when_missing PASSED [ 17%]
2026-01-29T12:03:55.5974783Z tests/test_configure_inspection.py::TestFoundPackagesDetection::test_detect_single_package PASSED [ 17%]
2026-01-29T12:03:55.5994913Z tests/test_configure_inspection.py::TestFoundPackagesDetection::test_detect_multiple_packages PASSED [ 17%]
2026-01-29T12:03:55.6015385Z tests/test_configure_inspection.py::TestFoundPackagesDetection::test_package_order_preserved PASSED [ 17%]
2026-01-29T12:03:55.6035476Z tests/test_configure_inspection.py::TestFoundPackagesDetection::test_no_packages_when_none_found PASSED [ 18%]
2026-01-29T12:03:55.6054665Z tests/test_configure_inspection.py::TestFoundPackagesDetection::test_python_package_detected PASSED [ 18%]
2026-01-29T12:03:55.6073974Z tests/test_configure_inspection.py::TestBuildTypeDetection::test_detect_release_build_type PASSED [ 18%]
2026-01-29T12:03:55.6094047Z tests/test_configure_inspection.py::TestBuildTypeDetection::test_detect_debug_build_type PASSED [ 18%]
2026-01-29T12:03:55.6117230Z tests/test_configure_inspection.py::TestBuildTypeDetection::test_detect_relwithdebinfo_build_type PASSED [ 18%]
2026-01-29T12:03:55.6133738Z tests/test_configure_inspection.py::TestBuildTypeDetection::test_build_type_none_when_missing PASSED [ 18%]
2026-01-29T12:03:55.6151295Z tests/test_configure_inspection.py::TestBuildTypeDetection::test_detect_build_type_from_cache_variable PASSED [ 18%]
2026-01-29T12:03:55.6166741Z tests/test_configure_inspection.py::TestBuildTypeDetection::test_detect_build_type_from_cache_variable_release PASSED [ 18%]
2026-01-29T12:03:55.6183356Z tests/test_configure_inspection.py::TestBuildTypeDetection::test_detect_build_type_from_simple_assignment PASSED [ 19%]
2026-01-29T12:03:55.6204505Z tests/test_configure_inspection.py::TestPartialInformation::test_handle_minimal_output PASSED [ 19%]
2026-01-29T12:03:55.6220182Z tests/test_configure_inspection.py::TestPartialInformation::test_handle_empty_output PASSED [ 19%]
2026-01-29T12:03:55.6236063Z tests/test_configure_inspection.py::TestPartialInformation::test_handle_partial_compiler_info PASSED [ 19%]
2026-01-29T12:03:55.6265477Z tests/test_configure_inspection.py::TestCrossPlatformOutput::test_all_platforms_return_valid_metadata PASSED [ 19%]
2026-01-29T12:03:55.6291863Z tests/test_configure_inspection.py::TestCrossPlatformOutput::test_platform_specificompiler_cs_detected PASSED [ 19%]
2026-01-29T12:03:55.6312134Z tests/test_configure_inspection.py::TestMetadataIntegrity::test_metadata_has_all_fields PASSED [ 19%]
2026-01-29T12:03:55.6331968Z tests/test_configure_inspection.py::TestMetadataIntegrity::test_found_packages_is_list PASSED [ 20%]
2026-01-29T12:03:55.6353760Z tests/test_configure_inspection.py::TestMetadataIntegrity::test_string_fields_are_strings_or_none PASSED [ 20%]
2026-01-29T12:03:55.6403564Z tests/test_database_schema.py::TestDatabaseCreation::test_database_creation_with_none_path_uses_default PASSED [ 20%]
2026-01-29T12:03:56.8594756Z tests/test_database_schema.py::TestDatabaseCreation::test_context_manager_closes_connection PASSED [ 20%]
2026-01-29T12:03:58.3986431Z tests/test_database_schema.py::TestDatabaseCreation::test_database_creation_in_temporary_location PASSED [ 20%]
2026-01-29T12:03:59.7820711Z tests/test_database_schema.py::TestDatabaseCreation::test_database_creation_in_default_location PASSED [ 20%]
2026-01-29T12:04:00.7458400Z tests/test_database_schema.py::TestDatabaseCreation::test_database_connection_established PASSED [ 20%]
2026-01-29T12:04:01.6401088Z tests/test_database_schema.py::TestDatabaseCreation::test_idempotent_initialization PASSED [ 21%]
2026-01-29T12:04:02.5677846Z tests/test_database_schema.py::TestTableStructure::test_all_tables_created PASSED [ 21%]
2026-01-29T12:04:03.6918678Z tests/test_database_schema.py::TestTableStructure::test_configurations_table_columns PASSED [ 21%]
2026-01-29T12:04:04.0375219Z tests/test_database_schema.py::TestTableStructure::test_builds_table_columns PASSED [ 21%]
2026-01-29T12:04:04.3532985Z tests/test_database_schema.py::TestTableStructure::test_warnings_table_columns PASSED [ 21%]
2026-01-29T12:04:04.7059902Z tests/test_database_schema.py::TestTableStructure::test_errors_table_columns PASSED [ 21%]
2026-01-29T12:04:05.0224807Z tests/test_database_schema.py::TestTableStructure::test_build_targets_table_columns PASSED [ 21%]
2026-01-29T12:04:05.3623399Z tests/test_database_schema.py::TestIndexes::test_all_indexes_created PASSED [ 21%]
2026-01-29T12:04:05.6837527Z tests/test_database_schema.py::TestConstraints::test_foreign_key_constraints_enabled PASSED [ 22%]
2026-01-29T12:04:06.0165578Z tests/test_database_schema.py::TestConstraints::test_builds_foreign_key_to_configurations PASSED [ 22%]
2026-01-29T12:04:06.3708408Z tests/test_database_schema.py::TestConstraints::test_builds_foreign_key_constraint_enforced PASSED [ 22%]
2026-01-29T12:04:06.7249448Z tests/test_database_schema.py::TestConstraints::test_warnings_foreign_key_cascade_delete PASSED [ 22%]
2026-01-29T12:04:07.0776138Z tests/test_database_schema.py::TestConstraints::test_errors_foreign_key_cascade_delete PASSED [ 22%]
2026-01-29T12:04:07.3959358Z tests/test_database_schema.py::TestConstraints::test_default_values_set_correctly PASSED [ 22%]
2026-01-29T12:04:07.7320805Z tests/test_database_schema.py::TestConstraints::test_builds_default_warning_error_counts PASSED [ 22%]
2026-01-29T12:04:08.0482162Z tests/test_database_schema.py::TestConnectionManagement::test_connection_reuse PASSED [ 23%]
2026-01-29T12:04:08.3441555Z tests/test_database_schema.py::TestConnectionManagement::test_close_connection PASSED [ 23%]
2026-01-29T12:04:08.3456773Z tests/test_documentation.py::TestModuleDocstrings::test_main_package_docstring PASSED [ 23%]
2026-01-29T12:04:08.3471316Z tests/test_documentation.py::TestModuleDocstrings::test_models_package_docstring PASSED [ 23%]
2026-01-29T12:04:08.3486068Z tests/test_documentation.py::TestModuleDocstrings::test_utils_package_docstring PASSED [ 23%]
2026-01-29T12:04:08.3501768Z tests/test_documentation.py::TestClassDocstrings::test_data_model_classes_have_docstrings PASSED [ 23%]
2026-01-29T12:04:08.3517929Z tests/test_documentation.py::TestClassDocstrings::test_cli_classes_have_docstrings PASSED [ 23%]
2026-01-29T12:04:08.3532652Z tests/test_documentation.py::TestClassDocstrings::test_cmake_classes_have_docstrings PASSED [ 23%]
2026-01-29T12:04:08.3548816Z tests/test_documentation.py::TestClassDocstrings::test_inspector_classes_have_docstrings PASSED [ 24%]
2026-01-29T12:04:08.3563574Z tests/test_documentation.py::TestClassDocstrings::test_storage_classes_have_docstrings PASSED [ 24%]
2026-01-29T12:04:08.3579740Z tests/test_documentation.py::TestMethodDocstrings::test_cmake_executor_methods_have_docstrings PASSED [ 24%]
2026-01-29T12:04:08.3595539Z tests/test_documentation.py::TestMethodDocstrings::test_parameter_manager_methods_have_docstrings PASSED [ 24%]
2026-01-29T12:04:08.3611667Z tests/test_documentation.py::TestMethodDocstrings::test_build_inspector_methods_have_docstrings PASSED [ 24%]
2026-01-29T12:04:08.3626855Z tests/test_documentation.py::TestMethodDocstrings::test_persistence_methods_have_docstrings PASSED [ 24%]
2026-01-29T12:04:08.3642339Z tests/test_documentation.py::TestFunctionDocstrings::test_formatting_functions_have_docstrings PASSED [ 24%]
2026-01-29T12:04:08.3658033Z tests/test_documentation.py::TestFunctionDocstrings::test_logging_config_functions_have_docstrings PASSED [ 25%]
2026-01-29T12:04:08.3672779Z tests/test_documentation.py::TestDocstringFormat::test_forge_arguments_docstring_format PASSED [ 25%]
2026-01-29T12:04:08.3688085Z tests/test_documentation.py::TestDocstringFormat::test_executor_execute_configure_docstring_format PASSED [ 25%]
2026-01-29T12:04:08.3702809Z tests/test_documentation.py::TestDocstringFormat::test_format_duration_docstring_format PASSED [ 25%]
2026-01-29T12:04:08.3719280Z tests/test_documentation.py::TestDocstringCompleteness::test_parameter_docstrings_match_signatures PASSED [ 25%]
2026-01-29T12:04:08.3734170Z tests/test_documentation.py::TestDocstringCompleteness::test_return_types_documented PASSED [ 25%]
2026-01-29T12:04:08.3749527Z tests/test_documentation.py::TestDocstringExamples::test_format_duration_examples PASSED [ 25%]
2026-01-29T12:04:08.3764623Z tests/test_documentation.py::TestDocstringExamples::test_format_timestamp_examples PASSED [ 26%]
2026-01-29T12:04:08.3781075Z tests/test_documentation.py::TestAPIExportCompleteness::test_models_all_export PASSED [ 26%]
2026-01-29T12:04:14.9774253Z tests/test_e2e_samples.py::TestSimpleExecutable::test_configure_and_build_simple_executable PASSED [ 26%]
2026-01-29T12:04:17.0920942Z tests/test_e2e_samples.py::TestSimpleExecutable::test_build_only_simple_executable PASSED [ 26%]
2026-01-29T12:04:19.1813653Z tests/test_e2e_samples.py::TestMultipleTargets::test_multiple_targets_project PASSED [ 26%]
2026-01-29T12:04:21.3553636Z tests/test_e2e_samples.py::TestHeaderOnlyLibrary::test_header_only_library PASSED [ 26%]
2026-01-29T12:04:23.6859916Z tests/test_e2e_samples.py::TestSubdirectories::test_project_with_subdirectories PASSED [ 26%]
2026-01-29T12:04:23.6884767Z tests/test_e2e_samples.py::TestBuildTypes::test_debug_build SKIPPED      [ 26%]
2026-01-29T12:04:23.6899449Z tests/test_e2e_samples.py::TestBuildTypes::test_release_build SKIPPED    [ 27%]
2026-01-29T12:04:25.8259141Z tests/test_e2e_samples.py::TestEndToEndWorkflow::test_complete_workflow_with_metadata PASSED [ 27%]
2026-01-29T12:04:27.7061937Z tests/test_e2e_samples.py::TestEndToEndWorkflow::test_verbose_output PASSED [ 27%]
2026-01-29T12:04:31.3651351Z tests/test_e2e_samples.py::TestDataPersistence::test_multiple_builds_same_project PASSED [ 27%]
2026-01-29T12:04:35.1683967Z tests/test_e2e_samples.py::TestDataPersistence::test_multiple_different_projects PASSED [ 27%]
2026-01-29T12:04:35.4026009Z tests/test_edge_cases.py::TestVeryLongOutput::test_very_long_configure_output PASSED [ 27%]
2026-01-29T12:04:35.6025133Z tests/test_edge_cases.py::TestUnicodeOutput::test_unicode_in_configure_output PASSED [ 27%]
2026-01-29T12:04:35.8095515Z tests/test_edge_cases.py::TestPathsWithSpecialCharacters::test_path_with_spaces PASSED [ 28%]
2026-01-29T12:04:36.0078915Z tests/test_edge_cases.py::TestBuildDuration::test_very_quick_build PASSED [ 28%]
2026-01-29T12:04:36.0152597Z tests/test_edge_cases.py::TestDatabaseEdgeCases::test_database_directory_not_exists PASSED [ 28%]
2026-01-29T12:04:36.0216253Z tests/test_executor_basic.py::TestSuccessfulExecution::test_execute_configure_success PASSED [ 28%]
2026-01-29T12:04:36.0277882Z tests/test_executor_basic.py::TestSuccessfulExecution::test_execute_build_success PASSED [ 28%]
2026-01-29T12:04:36.0478267Z tests/test_executor_basic.py::TestSuccessfulExecution::test_execute_with_echo_command PASSED [ 28%]
2026-01-29T12:04:36.0543224Z tests/test_executor_basic.py::TestFailedExecution::test_execute_configure_failure PASSED [ 28%]
2026-01-29T12:04:36.0608281Z tests/test_executor_basic.py::TestFailedExecution::test_execute_build_failure PASSED [ 28%]
2026-01-29T12:04:36.2588748Z tests/test_executor_basic.py::TestFailedExecution::test_execute_with_failing_command PASSED [ 29%]
2026-01-29T12:04:36.2626275Z tests/test_executor_basic.py::TestCommandNotFound::test_command_not_found_configure PASSED [ 29%]
2026-01-29T12:04:36.2661406Z tests/test_executor_basic.py::TestCommandNotFound::test_command_not_found_build PASSED [ 29%]
2026-01-29T12:04:36.2681701Z tests/test_executor_basic.py::TestCommandNotFound::test_general_exception_configure PASSED [ 29%]
2026-01-29T12:04:36.2702252Z tests/test_executor_basic.py::TestCommandNotFound::test_general_exception_build PASSED [ 29%]
2026-01-29T12:04:36.2733995Z tests/test_executor_basic.py::TestTimeoutHandling::test_execution_timeout PASSED [ 29%]
2026-01-29T12:04:36.2766517Z tests/test_executor_basic.py::TestTimeoutHandling::test_timeout_with_existing_stderr PASSED [ 29%]
2026-01-29T12:04:36.2808628Z tests/test_executor_basic.py::TestTimeoutHandling::test_timeout_build_command PASSED [ 30%]
2026-01-29T12:04:36.2951043Z tests/test_executor_basic.py::TestWorkingDirectory::test_working_directory_is_set PASSED [ 30%]
2026-01-29T12:04:36.2977298Z tests/test_executor_basic.py::TestWorkingDirectory::test_default_working_directory PASSED [ 30%]
2026-01-29T12:04:36.3096405Z tests/test_executor_basic.py::TestResultObjectPopulation::test_configure_result_has_all_fields PASSED [ 30%]
2026-01-29T12:04:36.3211961Z tests/test_executor_basic.py::TestResultObjectPopulation::test_build_result_has_all_fields PASSED [ 30%]
2026-01-29T12:04:36.3330912Z tests/test_executor_basic.py::TestResultObjectPopulation::test_stdout_is_captured PASSED [ 30%]
2026-01-29T12:04:36.5032669Z tests/test_executor_basic.py::TestResultObjectPopulation::test_stderr_is_captured PASSED [ 30%]
2026-01-29T12:04:36.5165023Z tests/test_executor_basic.py::TestExitCodeCapture::test_exit_code_zero PASSED [ 31%]
2026-01-29T12:04:36.6799943Z tests/test_executor_basic.py::TestExitCodeCapture::test_exit_code_nonzero PASSED [ 31%]
2026-01-29T12:04:36.6828160Z tests/test_executor_basic.py::TestExitCodeCapture::test_exit_code_in_result_object PASSED [ 31%]
2026-01-29T12:04:36.7127892Z tests/test_executor_integration.py::TestRealProcessExecution::test_real_stdout_capture PASSED [ 31%]
2026-01-29T12:04:36.7429348Z tests/test_executor_integration.py::TestRealProcessExecution::test_real_stderr_capture PASSED [ 31%]
2026-01-29T12:04:36.7725655Z tests/test_executor_integration.py::TestRealProcessExecution::test_real_exit_code_success PASSED [ 31%]
2026-01-29T12:04:36.8016104Z tests/test_executor_integration.py::TestRealProcessExecution::test_real_exit_code_failure PASSED [ 31%]
2026-01-29T12:04:36.8046298Z tests/test_executor_integration.py::TestRealProcessExecution::test_real_command_not_found PASSED [ 31%]
2026-01-29T12:04:36.8337262Z tests/test_executor_integration.py::TestRealProcessExecution::test_real_unicode_output PASSED [ 32%]
2026-01-29T12:04:36.8641510Z tests/test_executor_integration.py::TestRealProcessExecution::test_real_large_output PASSED [ 32%]
2026-01-29T12:04:36.8930892Z tests/test_executor_integration.py::TestRealProcessExecution::test_real_multiline_output PASSED [ 32%]
2026-01-29T12:04:36.9219434Z tests/test_executor_integration.py::TestRealProcessExecution::test_real_mixed_output PASSED [ 32%]
2026-01-29T12:04:36.9504495Z tests/test_executor_integration.py::TestRealProcessExecution::test_real_empty_output PASSED [ 32%]
2026-01-29T12:04:36.9804213Z tests/test_executor_integration.py::TestRealProcessExecution::test_real_working_directory PASSED [ 32%]
2026-01-29T12:04:37.1110240Z tests/test_executor_integration.py::TestRealProcessExecution::test_real_timing_accuracy PASSED [ 32%]
2026-01-29T12:04:37.1677501Z tests/test_executor_integration.py::TestRealProcessExecution::test_real_multiple_executions_independent PASSED [ 33%]
2026-01-29T12:04:37.1985135Z tests/test_executor_integration.py::TestRealBuildExecution::test_real_build_stdout_capture PASSED [ 33%]
2026-01-29T12:04:37.2325111Z tests/test_executor_integration.py::TestRealBuildExecution::test_real_build_exit_code PASSED [ 33%]
2026-01-29T12:04:37.3187378Z tests/test_executor_integration.py::TestRealBuildExecution::test_real_build_timing PASSED [ 33%]
2026-01-29T12:04:37.3478254Z tests/test_executor_integration.py::TestRealStreamingBehavior::test_real_streaming_enabled PASSED [ 33%]
2026-01-29T12:04:37.3774458Z tests/test_executor_integration.py::TestRealStreamingBehavior::test_real_streaming_disabled PASSED [ 33%]
2026-01-29T12:04:37.8851064Z tests/test_executor_integration.py::TestRealTimeoutBehavior::test_real_timeout_kills_process PASSED [ 33%]
2026-01-29T12:04:37.9153068Z tests/test_executor_integration.py::TestRealTimeoutBehavior::test_real_timeout_not_triggered PASSED [ 34%]
2026-01-29T12:04:37.9447866Z tests/test_executor_integration.py::TestRealEdgeCases::test_real_output_with_no_newline PASSED [ 34%]
2026-01-29T12:04:37.9726574Z tests/test_executor_integration.py::TestRealEdgeCases::test_real_output_with_multiple_newlines PASSED [ 34%]
2026-01-29T12:04:38.0007453Z tests/test_executor_integration.py::TestRealEdgeCases::test_real_binary_output_handling PASSED [ 34%]
2026-01-29T12:04:38.0299244Z tests/test_executor_integration.py::TestRealEdgeCases::test_real_very_long_line PASSED [ 34%]
2026-01-29T12:04:38.0600458Z tests/test_executor_integration.py::TestRealEdgeCases::test_real_rapid_output PASSED [ 34%]
2026-01-29T12:04:38.0884168Z tests/test_executor_integration.py::TestRealEdgeCases::test_real_stderr_without_stdout PASSED [ 34%]
2026-01-29T12:04:38.1165173Z tests/test_executor_integration.py::TestRealEdgeCases::test_real_exit_with_output PASSED [ 34%]
2026-01-29T12:04:38.1266296Z tests/test_executor_integration.py::TestRealCrossCompatibility::test_real_python_executable PASSED [ 35%]
2026-01-29T12:04:38.1547013Z tests/test_executor_integration.py::TestRealCrossCompatibility::test_real_path_handling PASSED [ 35%]
2026-01-29T12:04:38.1827302Z tests/test_executor_integration.py::TestRealCrossCompatibility::test_real_environment_inheritance PASSED [ 35%]
2026-01-29T12:04:38.1857491Z tests/test_executor_output.py::TestStdoutCapture::test_stdout_captured_completely PASSED [ 35%]
2026-01-29T12:04:38.1911745Z tests/test_executor_output.py::TestStdoutCapture::test_large_stdout_handling PASSED [ 35%]
2026-01-29T12:04:38.1938849Z tests/test_executor_output.py::TestStdoutCapture::test_stdout_with_unicode_characters PASSED [ 35%]
2026-01-29T12:04:38.1965509Z tests/test_executor_output.py::TestStderrCapture::test_stderr_captured_completely PASSED [ 35%]
2026-01-29T12:04:38.1993086Z tests/test_executor_output.py::TestStderrCapture::test_stderr_with_warnings PASSED [ 36%]
2026-01-29T12:04:38.2021012Z tests/test_executor_output.py::TestMixedOutput::test_mixed_stdout_stderr PASSED [ 36%]
2026-01-29T12:04:38.2047360Z tests/test_executor_output.py::TestMixedOutput::test_empty_stdout_with_stderr PASSED [ 36%]
2026-01-29T12:04:38.2073739Z tests/test_executor_output.py::TestMixedOutput::test_empty_stderr_with_stdout PASSED [ 36%]
2026-01-29T12:04:38.2101132Z tests/test_executor_output.py::TestSpecialCharacters::test_ansi_color_codes_in_output PASSED [ 36%]
2026-01-29T12:04:38.2127993Z tests/test_executor_output.py::TestSpecialCharacters::test_carriage_return_handling PASSED [ 36%]
2026-01-29T12:04:38.2163069Z tests/test_executor_output.py::TestSpecialCharacters::test_null_bytes_in_output PASSED [ 36%]
2026-01-29T12:04:38.2189082Z tests/test_executor_output.py::TestSpecialCharacters::test_invalid_utf8_sequences PASSED [ 36%]
2026-01-29T12:04:38.2232110Z tests/test_executor_output.py::TestOutputBuffering::test_output_with_no_trailing_newline PASSED [ 37%]
2026-01-29T12:04:38.2272627Z tests/test_executor_output.py::TestOutputBuffering::test_output_with_multiple_newlines PASSED [ 37%]
2026-01-29T12:04:38.2310619Z tests/test_executor_output.py::TestOutputBuffering::test_very_long_lines PASSED [ 37%]
2026-01-29T12:04:38.2338345Z tests/test_executor_output.py::TestBuildOutput::test_build_stdout_capture PASSED [ 37%]
2026-01-29T12:04:38.2364645Z tests/test_executor_output.py::TestBuildOutput::test_build_with_compilation_errors PASSED [ 37%]
2026-01-29T12:04:38.2389815Z tests/test_executor_output.py::TestEmptyOutput::test_no_output_success PASSED [ 37%]
2026-01-29T12:04:38.2414763Z tests/test_executor_output.py::TestEmptyOutput::test_no_output_failure PASSED [ 37%]
2026-01-29T12:04:38.2441167Z tests/test_executor_output.py::TestRealTimeStreaming::test_stdout_streams_to_console PASSED [ 38%]
2026-01-29T12:04:38.2467408Z tests/test_executor_output.py::TestRealTimeStreaming::test_stderr_streams_to_console PASSED [ 38%]
2026-01-29T12:04:38.2494443Z tests/test_executor_output.py::TestRealTimeStreaming::test_streaming_can_be_disabled PASSED [ 38%]
2026-01-29T12:04:38.2520442Z tests/test_executor_output.py::TestRealTimeStreaming::test_interleaved_output_streaming PASSED [ 38%]
2026-01-29T12:04:38.2570567Z tests/test_executor_output.py::TestStreamingPerformance::test_streaming_with_large_output PASSED [ 38%]
2026-01-29T12:04:38.2596737Z tests/test_executor_output.py::TestStreamingPerformance::test_streaming_performance_mode PASSED [ 38%]
2026-01-29T12:04:38.2623778Z tests/test_executor_output.py::TestStreamingPerformance::test_streaming_with_stderr_only PASSED [ 38%]
2026-01-29T12:04:38.2673569Z tests/test_executor_output.py::TestStreamingPerformance::test_streaming_disabled_with_timeout PASSED [ 39%]
2026-01-29T12:04:38.2701932Z tests/test_executor_results.py::TestTimingAccuracy::test_start_time_recorded_before_execution PASSED [ 39%]
2026-01-29T12:04:38.2728119Z tests/test_executor_results.py::TestTimingAccuracy::test_end_time_recorded_after_execution PASSED [ 39%]
2026-01-29T12:04:38.2755402Z tests/test_executor_results.py::TestTimingAccuracy::test_duration_calculated_correctly PASSED [ 39%]
2026-01-29T12:04:38.2783103Z tests/test_executor_results.py::TestTimingAccuracy::test_timing_with_sub_millisecond_precision PASSED [ 39%]
2026-01-29T12:04:38.2816458Z tests/test_executor_results.py::TestTimingAccuracy::test_timing_for_quick_commands PASSED [ 39%]
2026-01-29T12:04:38.3924811Z tests/test_executor_results.py::TestTimingAccuracy::test_timing_for_longer_commands PASSED [ 39%]
2026-01-29T12:04:38.3959395Z tests/test_executor_results.py::TestTimingAccuracy::test_timing_consistency_across_multiple_calls PASSED [ 39%]
2026-01-29T12:04:38.3990784Z tests/test_executor_results.py::TestConfigureResultPopulation::test_configure_result_has_all_required_fields PASSED [ 40%]
2026-01-29T12:04:38.4018140Z tests/test_executor_results.py::TestConfigureResultPopulation::test_configure_result_success_field_correct PASSED [ 40%]
2026-01-29T12:04:38.4047275Z tests/test_executor_results.py::TestConfigureResultPopulation::test_configure_result_failure_field_correct PASSED [ 40%]
2026-01-29T12:04:38.4076060Z tests/test_executor_results.py::TestConfigureResultPopulation::test_configure_result_stdout_populated PASSED [ 40%]
2026-01-29T12:04:38.4104566Z tests/test_executor_results.py::TestConfigureResultPopulation::test_configure_result_stderr_populated PASSED [ 40%]
2026-01-29T12:04:38.4133154Z tests/test_executor_results.py::TestConfigureResultPopulation::test_configure_result_datetime_types PASSED [ 40%]
2026-01-29T12:04:38.4160869Z tests/test_executor_results.py::TestConfigureResultPopulation::test_configure_result_optional_fields_none PASSED [ 40%]
2026-01-29T12:04:38.4188497Z tests/test_executor_results.py::TestBuildResultPopulation::test_build_result_has_all_required_fields PASSED [ 41%]
2026-01-29T12:04:38.4230634Z tests/test_executor_results.py::TestBuildResultPopulation::test_build_result_success_with_exit_code_zero PASSED [ 41%]
2026-01-29T12:04:38.4256668Z tests/test_executor_results.py::TestBuildResultPopulation::test_build_result_failure_with_nonzero_exit_code PASSED [ 41%]
2026-01-29T12:04:38.4284137Z tests/test_executor_results.py::TestBuildResultPopulation::test_build_result_stdout_populated PASSED [ 41%]
2026-01-29T12:04:38.4310684Z tests/test_executor_results.py::TestBuildResultPopulation::test_build_result_stderr_populated PASSED [ 41%]
2026-01-29T12:04:38.4337035Z tests/test_executor_results.py::TestBuildResultPopulation::test_build_result_timing_fields PASSED [ 41%]
2026-01-29T12:04:38.4365000Z tests/test_executor_results.py::TestBuildResultPopulation::test_build_result_optional_fields_defaults PASSED [ 41%]
2026-01-29T12:04:38.4384711Z tests/test_executor_results.py::TestErrorCaseResultPopulation::test_command_not_found_result PASSED [ 42%]
2026-01-29T12:04:38.4416775Z tests/test_executor_results.py::TestErrorCaseResultPopulation::test_timeout_result_population PASSED [ 42%]
2026-01-29T12:04:38.4435978Z tests/test_executor_results.py::TestErrorCaseResultPopulation::test_general_exception_result PASSED [ 42%]
2026-01-29T12:04:38.4464780Z tests/test_executor_results.py::TestResultObjectConsistency::test_configure_and_build_results_structure_similar PASSED [ 42%]
2026-01-29T12:04:38.4492562Z tests/test_executor_results.py::TestResultObjectConsistency::test_results_are_independent_objects PASSED [ 42%]
2026-01-29T12:04:38.4518178Z tests/test_executor_results.py::TestResultObjectConsistency::test_empty_output_still_creates_valid_result PASSED [ 42%]
2026-01-29T12:04:38.4547508Z tests/test_executor_results.py::TestDurationCalculation::test_duration_is_positive PASSED [ 42%]
2026-01-29T12:04:38.4576160Z tests/test_executor_results.py::TestDurationCalculation::test_duration_matches_time_difference PASSED [ 42%]
2026-01-29T12:04:38.4604459Z tests/test_executor_results.py::TestDurationCalculation::test_duration_precision PASSED [ 43%]
2026-01-29T12:04:38.4632039Z tests/test_executor_results.py::TestDurationCalculation::test_start_time_before_end_time PASSED [ 43%]
2026-01-29T12:04:38.5174600Z tests/test_executor_results.py::TestDurationCalculation::test_duration_with_simulated_delay PASSED [ 43%]
2026-01-29T12:04:38.5196734Z tests/test_generator_detection.py::TestNinjaDetection::test_ninja_selected_when_available PASSED [ 43%]
2026-01-29T12:04:38.5236008Z tests/test_generator_detection.py::TestNinjaDetection::test_ninja_not_selected_when_unavailable PASSED [ 43%]
2026-01-29T12:04:38.5255665Z tests/test_generator_detection.py::TestNinjaDetection::test_ninja_detection_case_insensitive PASSED [ 43%]
2026-01-29T12:04:38.5278511Z tests/test_generator_detection.py::TestUnixMakefilesFallback::test_unix_makefiles_on_linux_without_ninja PASSED [ 43%]
2026-01-29T12:04:38.5302237Z tests/test_generator_detection.py::TestUnixMakefilesFallback::test_unix_makefiles_on_macos_without_ninja PASSED [ 44%]
2026-01-29T12:04:38.5324413Z tests/test_generator_detection.py::TestUnixMakefilesFallback::test_unix_makefiles_not_used_on_windows PASSED [ 44%]
2026-01-29T12:04:38.5348350Z tests/test_generator_detection.py::TestVisualStudioDetection::test_visual_studio_on_windows_without_ninja PASSED [ 44%]
2026-01-29T12:04:38.5373647Z tests/test_generator_detection.py::TestVisualStudioDetection::test_visual_studio_version_detection PASSED [ 44%]
2026-01-29T12:04:38.5397028Z tests/test_generator_detection.py::TestVisualStudioDetection::test_visual_studio_not_used_on_unix PASSED [ 44%]
2026-01-29T12:04:38.5423321Z tests/test_generator_detection.py::TestVisualStudioDetection::test_nmake_fallback_when_vs_not_found PASSED [ 44%]
2026-01-29T12:04:38.5439319Z tests/test_generator_detection.py::TestExplicitGeneratorSpecification::test_explicit_generator_overrides_detection PASSED [ 44%]
2026-01-29T12:04:38.5455572Z tests/test_generator_detection.py::TestExplicitGeneratorSpecification::test_explicit_generator_with_spaces PASSED [ 44%]
2026-01-29T12:04:38.5471204Z tests/test_generator_detection.py::TestExplicitGeneratorSpecification::test_explicit_generator_separate_arg PASSED [ 45%]
2026-01-29T12:04:38.5490843Z tests/test_generator_detection.py::TestExplicitGeneratorSpecification::test_explicit_generator_not_overridden_by_detection PASSED [ 45%]
2026-01-29T12:04:38.5510033Z tests/test_generator_detection.py::TestGeneratorValidation::test_invalid_generator_raises_error PASSED [ 45%]
2026-01-29T12:04:38.5525748Z tests/test_generator_detection.py::TestGeneratorValidation::test_valid_generator_passes_validation PASSED [ 45%]
2026-01-29T12:04:38.5543635Z tests/test_generator_detection.py::TestGeneratorValidation::test_empty_generator_name_raises_error PASSED [ 45%]
2026-01-29T12:04:38.5563132Z tests/test_generator_detection.py::TestGeneratorValidation::test_empty_generator_after_g_flag PASSED [ 45%]
2026-01-29T12:04:38.5581405Z tests/test_generator_detection.py::TestGeneratorValidation::test_empty_generator_string_after_g PASSED [ 45%]
2026-01-29T12:04:38.5601635Z tests/test_generator_detection.py::TestGeneratorAvailability::test_check_generator_available_with_ninja PASSED [ 46%]
2026-01-29T12:04:38.5621659Z tests/test_generator_detection.py::TestGeneratorAvailability::test_check_generator_unavailable PASSED [ 46%]
2026-01-29T12:04:38.5642812Z tests/test_generator_detection.py::TestGeneratorAvailability::test_unix_makefiles_always_available_on_unix PASSED [ 46%]
2026-01-29T12:04:38.5665813Z tests/test_generator_detection.py::TestGeneratorAvailability::test_visual_studio_availability_on_windows PASSED [ 46%]
2026-01-29T12:04:38.5685039Z tests/test_generator_detection.py::TestGeneratorAvailability::test_visual_studio_not_available_on_unix PASSED [ 46%]
2026-01-29T12:04:38.5705059Z tests/test_generator_detection.py::TestGeneratorAvailability::test_nmake_available_on_windows PASSED [ 46%]
2026-01-29T12:04:38.5723981Z tests/test_generator_detection.py::TestGeneratorAvailability::test_nmake_not_available_on_unix PASSED [ 46%]
2026-01-29T12:04:38.5739451Z tests/test_generator_detection.py::TestGeneratorAvailability::test_unknown_generator_unavailable PASSED [ 47%]
2026-01-29T12:04:38.5766173Z tests/test_generator_detection.py::TestPlatformSpecificBehavior::test_generator_priority_on_linux PASSED [ 47%]
2026-01-29T12:04:38.5795719Z tests/test_generator_detection.py::TestPlatformSpecificBehavior::test_generator_priority_on_windows PASSED [ 47%]
2026-01-29T12:04:38.5818516Z tests/test_generator_detection.py::TestPlatformSpecificBehavior::test_unsupported_platform_fallback PASSED [ 47%]
2026-01-29T12:04:38.5843542Z tests/test_generator_detection.py::TestGeneratorInCommandGeneration::test_detected_generator_in_configure_command PASSED [ 47%]
2026-01-29T12:04:38.5863907Z tests/test_generator_detection.py::TestGeneratorInCommandGeneration::test_explicit_generator_preserved_in_command PASSED [ 47%]
2026-01-29T12:04:38.5886425Z tests/test_generator_detection.py::TestGeneratorInCommandGeneration::test_generator_not_duplicated_in_command PASSED [ 47%]
2026-01-29T12:04:38.5916730Z tests/test_logging.py::TestLoggingConfiguration::test_configure_logging_default_level PASSED [ 47%]
2026-01-29T12:04:38.5940101Z tests/test_logging.py::TestLoggingConfiguration::test_configure_logging_verbose_level PASSED [ 48%]
2026-01-29T12:04:38.5961739Z tests/test_logging.py::TestLoggingConfiguration::test_configure_logging_info_level_explicit PASSED [ 48%]
2026-01-29T12:04:38.5984873Z tests/test_logging.py::TestLoggingConfiguration::test_configure_logging_warning_level PASSED [ 48%]
2026-01-29T12:04:38.6006151Z tests/test_logging.py::TestLoggingConfiguration::test_configure_logging_error_level PASSED [ 48%]
2026-01-29T12:04:38.6021083Z tests/test_logging.py::TestLoggerRetrieval::test_get_logger_returns_logger PASSED [ 48%]
2026-01-29T12:04:38.6036047Z tests/test_logging.py::TestLoggerRetrieval::test_get_logger_with_name PASSED [ 48%]
2026-01-29T12:04:38.6051305Z tests/test_logging.py::TestLoggerRetrieval::test_get_logger_default_name PASSED [ 48%]
2026-01-29T12:04:38.6066588Z tests/test_logging.py::TestLoggerRetrieval::test_get_logger_same_name_returns_same_instance PASSED [ 49%]
2026-01-29T12:04:38.6087180Z tests/test_logging.py::TestConsoleOutput::test_log_output_to_console_default PASSED [ 49%]
2026-01-29T12:04:38.6103108Z tests/test_logging.py::TestConsoleOutput::test_console_handler_configured PASSED [ 49%]
2026-01-29T12:04:38.6169647Z tests/test_logging.py::TestFileOutput::test_log_output_to_file PASSED    [ 49%]
2026-01-29T12:04:38.6238688Z tests/test_logging.py::TestFileOutput::test_log_file_created_in_directory PASSED [ 49%]
2026-01-29T12:04:38.6306039Z tests/test_logging.py::TestFileOutput::test_both_console_and_file_output PASSED [ 49%]
2026-01-29T12:04:38.6328007Z tests/test_logging.py::TestLogFormatting::test_log_format_includes_level PASSED [ 49%]
2026-01-29T12:04:38.6348863Z tests/test_logging.py::TestLogFormatting::test_log_format_includes_message PASSED [ 50%]
2026-01-29T12:04:38.6369973Z tests/test_logging.py::TestLogFormatting::test_log_format_includes_logger_name PASSED [ 50%]
2026-01-29T12:04:38.6395194Z tests/test_logging.py::TestLogFormatting::test_log_format_different_levels PASSED [ 50%]
2026-01-29T12:04:38.6429798Z tests/test_logging.py::TestExceptionLogging::test_exception_logged_with_traceback PASSED [ 50%]
2026-01-29T12:04:38.6452659Z tests/test_logging.py::TestExceptionLogging::test_exception_traceback_includes_file_info PASSED [ 50%]
2026-01-29T12:04:38.6473616Z tests/test_logging.py::TestExceptionLogging::test_error_without_exception_context PASSED [ 50%]
2026-01-29T12:04:38.6494824Z tests/test_logging.py::TestPerformanceLogging::test_timing_info_logged PASSED [ 50%]
2026-01-29T12:04:38.6518752Z tests/test_logging.py::TestPerformanceLogging::test_multiple_timing_logs PASSED [ 50%]
2026-01-29T12:04:38.6534439Z tests/test_logging.py::TestLoggingReset::test_reset_logging_clears_handlers PASSED [ 51%]
2026-01-29T12:04:38.6556054Z tests/test_logging.py::TestLoggingReset::test_reconfigure_after_reset PASSED [ 51%]
2026-01-29T12:04:38.6577146Z tests/test_logging.py::TestContextualLogging::test_log_with_extra_context PASSED [ 51%]
2026-01-29T12:04:38.6598320Z tests/test_logging.py::TestContextualLogging::test_log_structured_data PASSED [ 51%]
2026-01-29T12:04:38.6620520Z tests/test_logging.py::TestMultipleLoggers::test_different_modules_same_config PASSED [ 51%]
2026-01-29T12:04:38.6642307Z tests/test_logging.py::TestMultipleLoggers::test_logger_hierarchy PASSED [ 51%]
2026-01-29T12:04:38.6663190Z tests/test_logging.py::TestEdgeCases::test_configure_logging_multiple_times PASSED [ 51%]
2026-01-29T12:04:38.6683556Z tests/test_logging.py::TestEdgeCases::test_log_with_none_message PASSED  [ 52%]
2026-01-29T12:04:38.6703980Z tests/test_logging.py::TestEdgeCases::test_log_with_empty_string PASSED  [ 52%]
2026-01-29T12:04:38.6724987Z tests/test_logging.py::TestEdgeCases::test_log_with_unicode PASSED       [ 52%]
2026-01-29T12:04:38.6794051Z tests/test_logging.py::TestEdgeCases::test_log_file_path_with_spaces PASSED [ 52%]
2026-01-29T12:04:38.6881545Z tests/test_main_errors.py::TestCMakeNotFoundError::test_cmake_not_found_returns_127 PASSED [ 52%]
2026-01-29T12:04:38.6968856Z tests/test_main_errors.py::TestCMakeNotFoundError::test_cmake_not_found_error_message PASSED [ 52%]
2026-01-29T12:04:38.7648260Z tests/test_main_errors.py::TestConfigurationFailure::test_configure_failure_returns_exit_code PASSED [ 52%]
2026-01-29T12:04:38.7865535Z tests/test_main_errors.py::TestConfigurationFailure::test_configure_failure_error_message PASSED [ 52%]
2026-01-29T12:04:38.8104619Z tests/test_main_errors.py::TestConfigurationFailure::test_configure_failure_no_build_attempted PASSED [ 53%]
2026-01-29T12:04:38.8627904Z tests/test_main_errors.py::TestBuildFailure::test_build_failure_returns_exit_code PASSED [ 53%]
2026-01-29T12:04:38.9017979Z tests/test_main_errors.py::TestBuildFailure::test_build_failure_error_message PASSED [ 53%]
2026-01-29T12:04:38.9132914Z tests/test_main_errors.py::TestBuildFailure::test_build_failure_data_still_saved PASSED [ 53%]
2026-01-29T12:04:38.9252665Z tests/test_main_errors.py::TestDatabaseErrors::test_database_connection_error_continues PASSED [ 53%]
2026-01-29T12:04:38.9349984Z tests/test_main_errors.py::TestDatabaseErrors::test_database_init_error_continues PASSED [ 53%]
2026-01-29T12:04:38.9535138Z tests/test_main_errors.py::TestKeyboardInterrupt::test_keyboard_interrupt_returns_130 PASSED [ 53%]
2026-01-29T12:04:38.9635598Z tests/test_main_errors.py::TestKeyboardInterrupt::test_keyboard_interrupt_during_build PASSED [ 54%]
2026-01-29T12:04:39.0065831Z tests/test_main_errors.py::TestPartialDataHandling::test_config_success_build_fail_saves_config PASSED [ 54%]
2026-01-29T12:04:39.0096583Z tests/test_main_errors.py::TestInvalidArguments::test_missing_required_args_returns_error PASSED [ 54%]
2026-01-29T12:04:39.0128287Z tests/test_main_errors.py::TestInvalidArguments::test_invalid_path_error_message PASSED [ 54%]
2026-01-29T12:04:39.0236739Z tests/test_main_errors.py::TestResourceCleanup::test_database_connection_closed_on_error PASSED [ 54%]
2026-01-29T12:04:39.0341534Z tests/test_main_errors.py::TestResourceCleanup::test_error_during_inspection_continues PASSED [ 54%]
2026-01-29T12:04:39.0395031Z tests/test_main_errors.py::TestErrorMessageClarity::test_validation_error_message_helpful PASSED [ 54%]
2026-01-29T12:04:39.0494368Z tests/test_main_errors.py::TestErrorMessageClarity::test_exception_message_logged PASSED [ 55%]
2026-01-29T12:04:39.0709663Z tests/test_main_integration.py::TestBasicWorkflow::test_build_only_workflow PASSED [ 55%]
2026-01-29T12:04:39.0736312Z tests/test_main_integration.py::TestBasicWorkflow::test_invalid_arguments_returns_error PASSED [ 55%]
2026-01-29T12:04:39.0806009Z tests/test_main_integration.py::TestBasicWorkflow::test_cmake_not_found_returns_error PASSED [ 55%]
2026-01-29T12:04:39.0900760Z tests/test_main_integration.py::TestExitCodes::test_successful_build_returns_zero PASSED [ 55%]
2026-01-29T12:04:39.0995453Z tests/test_main_integration.py::TestExitCodes::test_failed_build_returns_nonzero PASSED [ 55%]
2026-01-29T12:04:39.1095371Z tests/test_main_integration.py::TestVerboseMode::test_verbose_mode_works PASSED [ 55%]
2026-01-29T12:04:39.1111676Z tests/test_models.py::TestForgeArguments::test_create_with_valid_data PASSED [ 55%]
2026-01-29T12:04:39.1127136Z tests/test_models.py::TestForgeArguments::test_create_with_minimal_data PASSED [ 56%]
2026-01-29T12:04:39.1142413Z tests/test_models.py::TestForgeArguments::test_missing_required_field PASSED [ 56%]
2026-01-29T12:04:39.1157136Z tests/test_models.py::TestForgeArguments::test_path_handling_string_conversion PASSED [ 56%]
2026-01-29T12:04:39.1172502Z tests/test_models.py::TestForgeArguments::test_to_dict PASSED            [ 56%]
2026-01-29T12:04:39.1188424Z tests/test_models.py::TestForgeArguments::test_from_dict PASSED          [ 56%]
2026-01-29T12:04:39.1209454Z tests/test_models.py::TestForgeArguments::test_json_serialization PASSED [ 56%]
2026-01-29T12:04:39.1225174Z tests/test_models.py::TestConfigureResult::test_create_with_all_fields PASSED [ 56%]
2026-01-29T12:04:39.1240126Z tests/test_models.py::TestConfigureResult::test_create_with_optional_fields_none PASSED [ 57%]
2026-01-29T12:04:39.1256065Z tests/test_models.py::TestConfigureResult::test_json_serialization PASSED [ 57%]
2026-01-29T12:04:39.1270593Z tests/test_models.py::TestBuildResult::test_create_with_all_fields PASSED [ 57%]
2026-01-29T12:04:39.1285616Z tests/test_models.py::TestBuildResult::test_create_with_minimal_fields PASSED [ 57%]
2026-01-29T12:04:39.1300623Z tests/test_models.py::TestBuildResult::test_to_dict PASSED               [ 57%]
2026-01-29T12:04:39.1315489Z tests/test_models.py::TestBuildResult::test_from_dict PASSED             [ 57%]
2026-01-29T12:04:39.1329970Z tests/test_models.py::TestConfigureMetadata::test_create_with_all_fields PASSED [ 57%]
2026-01-29T12:04:39.1345205Z tests/test_models.py::TestConfigureMetadata::test_create_with_optional_fields_none PASSED [ 57%]
2026-01-29T12:04:39.1360744Z tests/test_models.py::TestConfigureMetadata::test_json_serialization PASSED [ 58%]
2026-01-29T12:04:39.1376037Z tests/test_models.py::TestBuildMetadata::test_create_with_all_fields PASSED [ 58%]
2026-01-29T12:04:39.1390597Z tests/test_models.py::TestBuildMetadata::test_create_with_empty_diagnostics PASSED [ 58%]
2026-01-29T12:04:39.1405851Z tests/test_models.py::TestBuildMetadata::test_to_dict PASSED             [ 58%]
2026-01-29T12:04:39.1421307Z tests/test_models.py::TestBuildMetadata::test_from_dict PASSED           [ 58%]
2026-01-29T12:04:39.1436428Z tests/test_models.py::TestBuildTarget::test_create_simple_target PASSED  [ 58%]
2026-01-29T12:04:39.1734164Z tests/test_models.py::TestBuildTarget::test_create_target_with_progress PASSED [ 58%]
2026-01-29T12:04:39.1750463Z tests/test_models.py::TestBuildTarget::test_to_dict PASSED               [ 59%]
2026-01-29T12:04:39.1765647Z tests/test_models.py::TestBuildTarget::test_from_dict PASSED             [ 59%]
2026-01-29T12:04:39.1781806Z tests/test_models.py::TestBuildTarget::test_serialization_roundtrip PASSED [ 59%]
2026-01-29T12:04:39.1797228Z tests/test_models.py::TestBuildWarning::test_create_with_complete_info PASSED [ 59%]
2026-01-29T12:04:39.1812449Z tests/test_models.py::TestBuildWarning::test_create_with_partial_info PASSED [ 59%]
2026-01-29T12:04:39.1828063Z tests/test_models.py::TestBuildWarning::test_json_serialization PASSED   [ 59%]
2026-01-29T12:04:39.1842653Z tests/test_models.py::TestError::test_create_with_complete_info PASSED   [ 59%]
2026-01-29T12:04:39.1857965Z tests/test_models.py::TestError::test_create_with_minimal_info PASSED    [ 60%]
2026-01-29T12:04:39.1874810Z tests/test_models.py::TestError::test_json_serialization PASSED          [ 60%]
2026-01-29T12:04:39.1890506Z tests/test_output_formatting.py::TestDurationFormatting::test_format_duration_milliseconds PASSED [ 60%]
2026-01-29T12:04:39.1905582Z tests/test_output_formatting.py::TestDurationFormatting::test_format_duration_seconds PASSED [ 60%]
2026-01-29T12:04:39.1920737Z tests/test_output_formatting.py::TestDurationFormatting::test_format_duration_minutes PASSED [ 60%]
2026-01-29T12:04:39.1936101Z tests/test_output_formatting.py::TestDurationFormatting::test_format_duration_hours PASSED [ 60%]
2026-01-29T12:04:39.1951230Z tests/test_output_formatting.py::TestDurationFormatting::test_format_duration_zero PASSED [ 60%]
2026-01-29T12:04:39.1966062Z tests/test_output_formatting.py::TestDurationFormatting::test_format_duration_very_small PASSED [ 60%]
2026-01-29T12:04:39.1981508Z tests/test_output_formatting.py::TestTimestampFormatting::test_format_timestamp_datetime PASSED [ 61%]
2026-01-29T12:04:39.1997205Z tests/test_output_formatting.py::TestTimestampFormatting::test_format_timestamp_iso_string PASSED [ 61%]
2026-01-29T12:04:39.2012714Z tests/test_output_formatting.py::TestTimestampFormatting::test_format_timestamp_none PASSED [ 61%]
2026-01-29T12:04:39.2028568Z tests/test_output_formatting.py::TestTimestampFormatting::test_format_timestamp_invalid PASSED [ 61%]
2026-01-29T12:04:39.2051448Z tests/test_output_formatting.py::TestColorSupport::test_supports_color_with_tty PASSED [ 61%]
2026-01-29T12:04:39.2072789Z tests/test_output_formatting.py::TestColorSupport::test_supports_color_no_tty PASSED [ 61%]
2026-01-29T12:04:39.2123793Z tests/test_output_formatting.py::TestColorSupport::test_supports_color_windows_with_wt PASSED [ 61%]
2026-01-29T12:04:39.2175855Z tests/test_output_formatting.py::TestColorSupport::test_supports_color_windows_without_wt PASSED [ 62%]
2026-01-29T12:04:39.2224725Z tests/test_output_formatting.py::TestColorSupport::test_supports_color_no_color_env PASSED [ 62%]
2026-01-29T12:04:39.2251294Z tests/test_output_formatting.py::TestPrintFunctions::test_print_success_with_color PASSED [ 62%]
2026-01-29T12:04:39.2274677Z tests/test_output_formatting.py::TestPrintFunctions::test_print_success_without_color PASSED [ 62%]
2026-01-29T12:04:39.2298995Z tests/test_output_formatting.py::TestPrintFunctions::test_print_error_with_color PASSED [ 62%]
2026-01-29T12:04:39.2322508Z tests/test_output_formatting.py::TestPrintFunctions::test_print_error_without_color PASSED [ 62%]
2026-01-29T12:04:39.2345779Z tests/test_output_formatting.py::TestPrintFunctions::test_print_warning_with_color PASSED [ 62%]
2026-01-29T12:04:39.2368667Z tests/test_output_formatting.py::TestPrintFunctions::test_print_warning_without_color PASSED [ 63%]
2026-01-29T12:04:39.2387601Z tests/test_output_formatting.py::TestPrintFunctions::test_print_section_header PASSED [ 63%]
2026-01-29T12:04:39.2407130Z tests/test_output_formatting.py::TestConfigureSummary::test_print_configure_summary_success PASSED [ 63%]
2026-01-29T12:04:39.2426356Z tests/test_output_formatting.py::TestConfigureSummary::test_print_configure_summary_failure PASSED [ 63%]
2026-01-29T12:04:39.2445416Z tests/test_output_formatting.py::TestConfigureSummary::test_print_configure_summary_minimal_metadata PASSED [ 63%]
2026-01-29T12:04:39.2466248Z tests/test_output_formatting.py::TestBuildSummary::test_print_build_summary_success_no_warnings PASSED [ 63%]
2026-01-29T12:04:39.2485609Z tests/test_output_formatting.py::TestBuildSummary::test_print_build_summary_success_with_warnings PASSED [ 63%]
2026-01-29T12:04:39.2505121Z tests/test_output_formatting.py::TestBuildSummary::test_print_build_summary_failure PASSED [ 63%]
2026-01-29T12:04:39.2524582Z tests/test_output_formatting.py::TestBuildSummary::test_print_build_summary_multiple_targets PASSED [ 64%]
2026-01-29T12:04:39.2543934Z tests/test_output_formatting.py::TestBuildSummary::test_print_build_summary_no_metadata PASSED [ 64%]
2026-01-29T12:04:39.2564294Z tests/test_output_formatting.py::TestVerboseOutput::test_verbose_mode_shows_details PASSED [ 64%]
2026-01-29T12:04:39.2585197Z tests/test_output_formatting.py::TestVerboseOutput::test_verbose_mode_shows_timestamps PASSED [ 64%]
2026-01-29T12:04:39.2605211Z tests/test_output_formatting.py::TestOutputConsistency::test_all_summaries_use_consistent_formatting PASSED [ 64%]
2026-01-29T12:04:39.2627444Z tests/test_output_formatting.py::TestOutputConsistency::test_line_length_is_reasonable PASSED [ 64%]
2026-01-29T12:04:39.2766544Z tests/test_parameter_manager.py::TestConfigureCommandBasic::test_configure_with_minimal_arguments PASSED [ 64%]
2026-01-29T12:04:39.2832854Z tests/test_parameter_manager.py::TestConfigureCommandBasic::test_configure_with_generator PASSED [ 65%]
2026-01-29T12:04:39.2962792Z tests/test_parameter_manager.py::TestConfigureCommandBasic::test_configure_with_build_type PASSED [ 65%]
2026-01-29T12:04:39.3093717Z tests/test_parameter_manager.py::TestConfigureCommandWithCMakeArgs::test_configure_with_single_cmake_arg PASSED [ 65%]
2026-01-29T12:04:39.3222635Z tests/test_parameter_manager.py::TestConfigureCommandWithCMakeArgs::test_configure_with_multiple_cmake_args PASSED [ 65%]
2026-01-29T12:04:39.3269925Z tests/test_parameter_manager.py::TestConfigureCommandWithCMakeArgs::test_configure_with_generator_and_args PASSED [ 65%]
2026-01-29T12:04:39.3397917Z tests/test_parameter_manager.py::TestConfigureCommandWithCMakeArgs::test_configure_preserves_arg_order PASSED [ 65%]
2026-01-29T12:04:39.3439230Z tests/test_parameter_manager.py::TestBuildCommandBasic::test_build_with_minimal_arguments PASSED [ 65%]
2026-01-29T12:04:39.3479506Z tests/test_parameter_manager.py::TestBuildCommandBasic::test_build_with_parallel_jobs PASSED [ 65%]
2026-01-29T12:04:39.3519344Z tests/test_parameter_manager.py::TestBuildCommandBasic::test_build_with_verbose PASSED [ 66%]
2026-01-29T12:04:39.3561815Z tests/test_parameter_manager.py::TestBuildCommandWithTarget::test_build_with_single_target PASSED [ 66%]
2026-01-29T12:04:39.3603811Z tests/test_parameter_manager.py::TestBuildCommandWithTarget::test_build_with_multiple_targets PASSED [ 66%]
2026-01-29T12:04:39.3644078Z tests/test_parameter_manager.py::TestBuildCommandWithTarget::test_build_with_target_and_parallel PASSED [ 66%]
2026-01-29T12:04:39.3791374Z tests/test_parameter_manager.py::TestPathHandling::test_absolute_paths_used PASSED [ 66%]
2026-01-29T12:04:39.3952029Z tests/test_parameter_manager.py::TestPathHandling::test_paths_with_spaces PASSED [ 66%]
2026-01-29T12:04:39.4081739Z tests/test_parameter_manager.py::TestCommandFormat::test_configure_command_is_list PASSED [ 66%]
2026-01-29T12:04:39.4125864Z tests/test_parameter_manager.py::TestCommandFormat::test_build_command_is_list PASSED [ 67%]
2026-01-29T12:04:39.4173999Z tests/test_parameter_manager.py::TestCommandFormat::test_configure_command_structure PASSED [ 67%]
2026-01-29T12:04:39.4217110Z tests/test_parameter_manager.py::TestCommandFormat::test_build_command_structure PASSED [ 67%]
2026-01-29T12:04:39.4347919Z tests/test_parameter_manager.py::TestEnvironmentHandling::test_cmake_args_with_env_var_syntax PASSED [ 67%]
2026-01-29T12:04:39.4393217Z tests/test_parameter_manager.py::TestEnvironmentHandling::test_build_args_unchanged PASSED [ 67%]
2026-01-29T12:04:39.4525070Z tests/test_parameter_manager.py::TestEdgeCases::test_empty_cmake_args PASSED [ 67%]
2026-01-29T12:04:39.4569392Z tests/test_parameter_manager.py::TestEdgeCases::test_empty_build_args PASSED [ 67%]
2026-01-29T12:04:39.4700308Z tests/test_parameter_manager.py::TestEdgeCases::test_cmake_args_with_quotes PASSED [ 68%]
2026-01-29T12:04:39.4825724Z tests/test_parameter_override.py::TestParameterAddition::test_add_new_cmake_parameter PASSED [ 68%]
2026-01-29T12:04:39.4957802Z tests/test_parameter_override.py::TestParameterAddition::test_add_multiple_parameters PASSED [ 68%]
2026-01-29T12:04:39.5090580Z tests/test_parameter_override.py::TestParameterAddition::test_add_parameter_with_d_prefix PASSED [ 68%]
2026-01-29T12:04:39.5140450Z tests/test_parameter_override.py::TestParameterAddition::test_add_parameter_preserves_existing_args PASSED [ 68%]
2026-01-29T12:04:39.5271597Z tests/test_parameter_override.py::TestParameterOverride::test_override_existing_parameter PASSED [ 68%]
2026-01-29T12:04:39.5400727Z tests/test_parameter_override.py::TestParameterOverride::test_override_multiple_times PASSED [ 68%]
2026-01-29T12:04:39.5529554Z tests/test_parameter_override.py::TestParameterOverride::test_programmatic_overrides_cli PASSED [ 68%]
2026-01-29T12:04:39.5574067Z tests/test_parameter_override.py::TestGetParameters::test_get_parameters_returns_dict PASSED [ 69%]
2026-01-29T12:04:39.5615631Z tests/test_parameter_override.py::TestGetParameters::test_get_parameters_includes_added_params PASSED [ 69%]
2026-01-29T12:04:39.5671290Z tests/test_parameter_override.py::TestGetParameters::test_get_parameters_reflects_overrides PASSED [ 69%]
2026-01-29T12:04:39.5713530Z tests/test_parameter_override.py::TestGetParameters::test_get_parameters_handles_generator_args PASSED [ 69%]
2026-01-29T12:04:39.5843893Z tests/test_parameter_override.py::TestSpecialCharacters::test_parameter_with_spaces PASSED [ 69%]
2026-01-29T12:04:39.5885955Z tests/test_parameter_override.py::TestSpecialCharacters::test_parameter_with_quotes PASSED [ 69%]
2026-01-29T12:04:39.5928001Z tests/test_parameter_override.py::TestSpecialCharacters::test_parameter_with_equals_sign PASSED [ 69%]
2026-01-29T12:04:39.5969755Z tests/test_parameter_override.py::TestSpecialCharacters::test_parameter_with_path_separators PASSED [ 70%]
2026-01-29T12:04:39.6011057Z tests/test_parameter_override.py::TestEnvironmentVariables::test_parameter_with_env_var_syntax PASSED [ 70%]
2026-01-29T12:04:39.6055141Z tests/test_parameter_override.py::TestEnvironmentVariables::test_add_parameter_preserves_env_syntax_from_cli PASSED [ 70%]
2026-01-29T12:04:39.6184869Z tests/test_parameter_override.py::TestParameterFormatting::test_parameter_has_d_prefix_in_command PASSED [ 70%]
2026-01-29T12:04:39.6313375Z tests/test_parameter_override.py::TestParameterFormatting::test_empty_value_parameter PASSED [ 70%]
2026-01-29T12:04:39.6356683Z tests/test_parameter_override.py::TestParameterFormatting::test_boolean_style_parameters PASSED [ 70%]
2026-01-29T12:04:39.6398435Z tests/test_parameter_override.py::TestEdgeCases::test_add_parameter_to_empty_args PASSED [ 70%]
2026-01-29T12:04:39.6441479Z tests/test_parameter_override.py::TestEdgeCases::test_get_parameters_when_no_params PASSED [ 71%]
2026-01-29T12:04:39.6485584Z tests/test_parameter_override.py::TestEdgeCases::test_parameter_name_case_sensitivity PASSED [ 71%]
2026-01-29T12:04:49.0062016Z tests/test_performance.py::TestForgeOverhead::test_configure_overhead PASSED [ 71%]
2026-01-29T12:04:49.0080644Z tests/test_performance.py::TestForgeOverhead::test_startup_time PASSED   [ 71%]
2026-01-29T12:04:49.1607555Z tests/test_performance.py::TestMemoryUsage::test_memory_with_large_output PASSED [ 71%]
2026-01-29T12:04:49.1727670Z tests/test_performance.py::TestMemoryUsage::test_memory_with_many_warnings PASSED [ 71%]
2026-01-29T12:04:49.3548478Z tests/test_performance.py::TestDatabasePerformance::test_bulk_insert_warnings PASSED [ 71%]
2026-01-29T12:04:49.5137068Z tests/test_performance.py::TestDatabasePerformance::test_query_performance PASSED [ 71%]
2026-01-29T12:04:49.6723905Z tests/test_performance.py::TestDatabasePerformance::test_statistics_calculation_performance PASSED [ 72%]
2026-01-29T12:04:49.6821447Z tests/test_performance.py::TestOutputCapture::test_output_capture_overhead PASSED [ 72%]
2026-01-29T12:04:49.6876002Z tests/test_performance.py::TestScalability::test_parse_large_cmakelists PASSED [ 72%]
2026-01-29T12:04:49.6904139Z tests/test_performance.py::TestScalability::test_extract_many_packages PASSED [ 72%]
2026-01-29T12:04:49.7531602Z tests/test_persistence_build.py::TestSaveCompleteBuild::test_save_build_returns_id PASSED [ 72%]
2026-01-29T12:04:49.8039426Z tests/test_persistence_build.py::TestSaveCompleteBuild::test_save_build_with_all_fields PASSED [ 72%]
2026-01-29T12:04:49.8561663Z tests/test_persistence_build.py::TestSaveCompleteBuild::test_save_build_persists_metadata_fields PASSED [ 72%]
2026-01-29T12:04:49.9153509Z tests/test_persistence_build.py::TestConfigurationAssociation::test_save_build_with_configuration_id PASSED [ 73%]
2026-01-29T12:04:49.9649626Z tests/test_persistence_build.py::TestConfigurationAssociation::test_save_build_without_configuration PASSED [ 73%]
2026-01-29T12:04:50.0105909Z tests/test_persistence_build.py::TestConfigurationAssociation::test_multiple_builds_per_configuration PASSED [ 73%]
2026-01-29T12:04:50.0691085Z tests/test_persistence_build.py::TestTargetsSerialization::test_targets_list_serialized_as_json PASSED [ 73%]
2026-01-29T12:04:50.1199870Z tests/test_persistence_build.py::TestTargetsSerialization::test_empty_targets_list PASSED [ 73%]
2026-01-29T12:04:50.1715047Z tests/test_persistence_build.py::TestTimestampFormatting::test_build_time_is_iso8601_format PASSED [ 73%]
2026-01-29T12:04:50.2221005Z tests/test_persistence_build.py::TestTimestampFormatting::test_timestamp_roundtrip PASSED [ 73%]
2026-01-29T12:04:50.2774295Z tests/test_persistence_build.py::TestWarningErrorCounts::test_warning_count_stored PASSED [ 73%]
2026-01-29T12:04:50.3458963Z tests/test_persistence_build.py::TestWarningErrorCounts::test_error_count_stored PASSED [ 74%]
2026-01-29T12:04:50.3962890Z tests/test_persistence_build.py::TestWarningErrorCounts::test_zero_warnings_and_errors PASSED [ 74%]
2026-01-29T12:04:50.4469826Z tests/test_persistence_build.py::TestTransactionHandling::test_transaction_rollback_on_error PASSED [ 74%]
2026-01-29T12:04:50.5028614Z tests/test_persistence_build.py::TestTransactionHandling::test_successful_transaction_commit PASSED [ 74%]
2026-01-29T12:04:50.5545197Z tests/test_persistence_build.py::TestDataIntegrityConstraints::test_success_flag_is_boolean PASSED [ 74%]
2026-01-29T12:04:50.6071389Z tests/test_persistence_build.py::TestDataIntegrityConstraints::test_duration_precision PASSED [ 74%]
2026-01-29T12:04:50.6571957Z tests/test_persistence_build.py::TestForeignKeyRelationships::test_foreign_key_constraint_enforced PASSED [ 74%]
2026-01-29T12:04:50.7113054Z tests/test_persistence_build.py::TestForeignKeyRelationships::test_null_configuration_id_allowed PASSED [ 75%]
2026-01-29T12:04:50.7586843Z tests/test_persistence_configure.py::TestSaveCompleteConfiguration::test_save_configuration_returns_id PASSED [ 75%]
2026-01-29T12:04:50.8040201Z tests/test_persistence_configure.py::TestSaveCompleteConfiguration::test_save_configuration_with_all_metadata_fields PASSED [ 75%]
2026-01-29T12:04:50.8536546Z tests/test_persistence_configure.py::TestSaveCompleteConfiguration::test_save_configuration_persists_all_result_fields PASSED [ 75%]
2026-01-29T12:04:50.9022780Z tests/test_persistence_configure.py::TestJSONSerialization::test_found_packages_serialized_as_json PASSED [ 75%]
2026-01-29T12:04:50.9529444Z tests/test_persistence_configure.py::TestJSONSerialization::test_empty_found_packages_list PASSED [ 75%]
2026-01-29T12:04:51.0082820Z tests/test_persistence_configure.py::TestTimestampFormatting::test_configure_time_is_iso8601_format PASSED [ 75%]
2026-01-29T12:04:51.0610267Z tests/test_persistence_configure.py::TestTimestampFormatting::test_timestamp_roundtrip PASSED [ 76%]
2026-01-29T12:04:51.1118612Z tests/test_persistence_configure.py::TestNullHandling::test_optional_metadata_fields_can_be_none PASSED [ 76%]
2026-01-29T12:04:51.1639828Z tests/test_persistence_configure.py::TestNullHandling::test_stderr_can_be_empty_string PASSED [ 76%]
2026-01-29T12:04:51.2142436Z tests/test_persistence_configure.py::TestForeignKeyPreparation::test_configuration_id_can_be_referenced PASSED [ 76%]
2026-01-29T12:04:51.2699743Z tests/test_persistence_configure.py::TestForeignKeyPreparation::test_multiple_builds_can_reference_same_configuration PASSED [ 76%]
2026-01-29T12:04:51.3186320Z tests/test_persistence_configure.py::TestDataIntegrityConstraints::test_success_flag_is_boolean PASSED [ 76%]
2026-01-29T12:04:51.3761550Z tests/test_persistence_configure.py::TestDuplicateConfiguration::test_same_configuration_can_be_saved_multiple_times PASSED [ 76%]
2026-01-29T12:04:51.4307972Z tests/test_persistence_diagnostics.py::TestSaveSingleWarning::test_save_single_warning_returns_count PASSED [ 76%]
2026-01-29T12:04:51.4863794Z tests/test_persistence_diagnostics.py::TestSaveSingleWarning::test_save_warning_with_complete_information PASSED [ 77%]
2026-01-29T12:04:51.5323370Z tests/test_persistence_diagnostics.py::TestSaveSingleWarning::test_save_warning_with_build_id_association PASSED [ 77%]
2026-01-29T12:04:51.5790939Z tests/test_persistence_diagnostics.py::TestSaveMultipleWarnings::test_save_multiple_warnings_bulk_insert PASSED [ 77%]
2026-01-29T12:04:51.6558299Z tests/test_persistence_diagnostics.py::TestSaveMultipleWarnings::test_save_large_warning_list PASSED [ 77%]
2026-01-29T12:04:51.7036413Z tests/test_persistence_diagnostics.py::TestSaveMultipleWarnings::test_save_warnings_preserves_order PASSED [ 77%]
2026-01-29T12:04:51.7554950Z tests/test_persistence_diagnostics.py::TestSaveWarningsWithPartialInformation::test_save_warning_with_missing_warning_type PASSED [ 77%]
2026-01-29T12:04:51.8059851Z tests/test_persistence_diagnostics.py::TestSaveWarningsWithPartialInformation::test_save_warning_with_long_message PASSED [ 77%]
2026-01-29T12:04:51.8856151Z tests/test_persistence_diagnostics.py::TestSaveErrors::test_save_single_error PASSED [ 78%]
2026-01-29T12:04:51.9386214Z tests/test_persistence_diagnostics.py::TestSaveErrors::test_save_error_with_complete_information PASSED [ 78%]
2026-01-29T12:04:51.9960930Z tests/test_persistence_diagnostics.py::TestSaveErrors::test_save_multiple_errors PASSED [ 78%]
2026-01-29T12:04:52.0494044Z tests/test_persistence_diagnostics.py::TestSaveErrors::test_save_error_with_missing_optional_fields PASSED [ 78%]
2026-01-29T12:04:52.2215708Z tests/test_persistence_diagnostics.py::TestForeignKeyRelationships::test_warnings_reference_valid_build PASSED [ 78%]
2026-01-29T12:04:52.2712688Z tests/test_persistence_diagnostics.py::TestForeignKeyRelationships::test_warnings_invalid_build_id_raises_error PASSED [ 78%]
2026-01-29T12:04:52.3220652Z tests/test_persistence_diagnostics.py::TestForeignKeyRelationships::test_errors_reference_valid_build PASSED [ 78%]
2026-01-29T12:04:52.3700411Z tests/test_persistence_diagnostics.py::TestForeignKeyRelationships::test_errors_invalid_build_id_raises_error PASSED [ 78%]
2026-01-29T12:04:52.4243596Z tests/test_persistence_diagnostics.py::TestCascadeDelete::test_warnings_cascade_delete PASSED [ 79%]
2026-01-29T12:04:52.4780985Z tests/test_persistence_diagnostics.py::TestCascadeDelete::test_errors_cascade_delete PASSED [ 79%]
2026-01-29T12:04:52.5248898Z tests/test_persistence_diagnostics.py::TestTransactionHandling::test_warnings_transaction_rollback_on_error PASSED [ 79%]
2026-01-29T12:04:52.5734066Z tests/test_persistence_diagnostics.py::TestTransactionHandling::test_errors_transaction_commit_on_success PASSED [ 79%]
2026-01-29T12:04:52.6230574Z tests/test_persistence_diagnostics.py::TestEmptyDiagnosticLists::test_save_empty_warnings_list PASSED [ 79%]
2026-01-29T12:04:52.7037067Z tests/test_persistence_diagnostics.py::TestEmptyDiagnosticLists::test_save_empty_errors_list PASSED [ 79%]
2026-01-29T12:04:52.7577475Z tests/test_persistence_diagnostics.py::TestMultipleBuildsDiagnostics::test_warnings_for_different_builds PASSED [ 79%]
2026-01-29T12:04:52.8046859Z tests/test_persistence_diagnostics.py::TestMultipleBuildsDiagnostics::test_errors_for_different_builds PASSED [ 80%]
2026-01-29T12:04:52.8522988Z tests/test_persistence_init.py::TestDatabaseCreation::test_database_creation_in_default_location PASSED [ 80%]
2026-01-29T12:04:52.8984428Z tests/test_persistence_init.py::TestDatabaseCreation::test_database_creation_in_custom_location PASSED [ 80%]
2026-01-29T12:04:52.9469887Z tests/test_persistence_init.py::TestDatabaseCreation::test_database_creation_with_nonexistent_parent_directory PASSED [ 80%]
2026-01-29T12:04:52.9922759Z tests/test_persistence_init.py::TestDatabaseCreation::test_database_file_is_valid_sqlite PASSED [ 80%]
2026-01-29T12:04:53.0333848Z tests/test_persistence_init.py::TestSchemaInitialization::test_schema_created_on_first_initialization PASSED [ 80%]
2026-01-29T12:04:53.0855088Z tests/test_persistence_init.py::TestSchemaInitialization::test_idempotent_initialization_multiple_calls PASSED [ 80%]
2026-01-29T12:04:53.1380121Z tests/test_persistence_init.py::TestSchemaInitialization::test_schema_not_recreated_on_subsequent_runs PASSED [ 81%]
2026-01-29T12:04:53.2517516Z tests/test_persistence_init.py::TestSchemaInitialization::test_foreign_keys_enabled_on_initialization PASSED [ 81%]
2026-01-29T12:04:53.3073560Z tests/test_persistence_init.py::TestConnectionManagement::test_connection_established_on_initialization PASSED [ 81%]
2026-01-29T12:04:53.3581729Z tests/test_persistence_init.py::TestConnectionManagement::test_connection_is_reusable PASSED [ 81%]
2026-01-29T12:04:53.4167292Z tests/test_persistence_init.py::TestConnectionManagement::test_close_connection_explicitly PASSED [ 81%]
2026-01-29T12:04:53.4767537Z tests/test_persistence_init.py::TestConnectionManagement::test_context_manager_closes_connection PASSED [ 81%]
2026-01-29T12:04:53.5397852Z tests/test_persistence_init.py::TestConnectionManagement::test_multiple_instances_can_access_same_database PASSED [ 81%]
2026-01-29T12:04:53.5906231Z tests/test_persistence_init.py::TestSchemaVersionTracking::test_schema_version_table_exists PASSED [ 81%]
2026-01-29T12:04:53.6405564Z tests/test_persistence_init.py::TestSchemaVersionTracking::test_initial_schema_version_recorded PASSED [ 82%]
2026-01-29T12:04:53.6911083Z tests/test_persistence_init.py::TestSchemaVersionTracking::test_get_schema_version_method PASSED [ 82%]
2026-01-29T12:04:53.7455343Z tests/test_persistence_init.py::TestSchemaVersionTracking::test_schema_version_persists_across_instances PASSED [ 82%]
2026-01-29T12:04:53.7975270Z tests/test_persistence_init.py::TestSchemaVersionTracking::test_schema_version_has_timestamp PASSED [ 82%]
2026-01-29T12:04:53.8023979Z tests/test_persistence_init.py::TestErrorHandling::test_invalid_database_path_raises_error SKIPPED [ 82%]
2026-01-29T12:04:53.8600589Z tests/test_persistence_init.py::TestErrorHandling::test_database_with_wrong_permissions PASSED [ 82%]
2026-01-29T12:04:53.8671346Z tests/test_persistence_init.py::TestErrorHandling::test_corrupted_database_handling PASSED [ 82%]
2026-01-29T12:04:53.9244136Z tests/test_persistence_init.py::TestConcurrentAccess::test_concurrent_read_access PASSED [ 83%]
2026-01-29T12:04:53.9822639Z tests/test_persistence_init.py::TestConcurrentAccess::test_write_transaction_isolation PASSED [ 83%]
2026-01-29T12:04:54.0431022Z tests/test_persistence_init.py::TestDatabaseProperties::test_wal_mode_enabled PASSED [ 83%]
2026-01-29T12:04:54.0999488Z tests/test_persistence_init.py::TestDatabaseProperties::test_synchronous_mode_configured PASSED [ 83%]
2026-01-29T12:04:54.1578292Z tests/test_persistence_init.py::TestDatabaseProperties::test_database_encoding_is_utf8 PASSED [ 83%]
2026-01-29T12:04:54.2106334Z tests/test_persistence_queries.py::TestGetRecentBuildsBasic::test_get_recent_builds_returns_empty_list_when_no_builds PASSED [ 83%]
2026-01-29T12:04:54.3557318Z tests/test_persistence_queries.py::TestGetRecentBuildsBasic::test_get_recent_builds_returns_single_build PASSED [ 83%]
2026-01-29T12:04:54.4131423Z tests/test_persistence_queries.py::TestGetRecentBuildsBasic::test_get_recent_builds_returns_multiple_builds PASSED [ 84%]
2026-01-29T12:04:54.4598354Z tests/test_persistence_queries.py::TestGetRecentBuildsOrdering::test_get_recent_builds_ordered_by_timestamp_newest_first PASSED [ 84%]
2026-01-29T12:04:54.5183515Z tests/test_persistence_queries.py::TestGetRecentBuildsLimit::test_get_recent_builds_with_default_limit PASSED [ 84%]
2026-01-29T12:04:54.5697238Z tests/test_persistence_queries.py::TestGetRecentBuildsLimit::test_get_recent_builds_with_custom_limit PASSED [ 84%]
2026-01-29T12:04:54.6334259Z tests/test_persistence_queries.py::TestGetRecentBuildsLimit::test_get_recent_builds_limit_larger_than_available PASSED [ 84%]
2026-01-29T12:04:54.6919357Z tests/test_persistence_queries.py::TestGetRecentBuildsFiltering::test_get_recent_builds_filter_by_project_name PASSED [ 84%]
2026-01-29T12:04:54.7398987Z tests/test_persistence_queries.py::TestGetRecentBuildsFiltering::test_get_recent_builds_filter_returns_empty_when_no_match PASSED [ 84%]
2026-01-29T12:04:54.7918053Z tests/test_persistence_queries.py::TestGetRecentBuildsFiltering::test_get_recent_builds_filter_respects_limit PASSED [ 84%]
2026-01-29T12:04:54.8386608Z tests/test_persistence_queries.py::TestGetRecentBuildsReturnedFields::test_get_recent_builds_includes_all_required_fields PASSED [ 85%]
2026-01-29T12:04:54.8906612Z tests/test_persistence_queries.py::TestGetRecentBuildsReturnedFields::test_get_recent_builds_includes_timestamp_as_string PASSED [ 85%]
2026-01-29T12:04:54.9366818Z tests/test_persistence_queries.py::TestGetBuildStatisticsBasic::test_get_build_statistics_returns_empty_stats_when_no_builds PASSED [ 85%]
2026-01-29T12:04:54.9880523Z tests/test_persistence_queries.py::TestGetBuildStatisticsBasic::test_get_build_statistics_single_successful_build PASSED [ 85%]
2026-01-29T12:04:55.0351054Z tests/test_persistence_queries.py::TestGetBuildStatisticsBasic::test_get_build_statistics_single_failed_build PASSED [ 85%]
2026-01-29T12:04:55.0888665Z tests/test_persistence_queries.py::TestGetBuildStatisticsCalculations::test_get_build_statistics_multiple_builds PASSED [ 85%]
2026-01-29T12:04:55.1376298Z tests/test_persistence_queries.py::TestGetBuildStatisticsCalculations::test_get_build_statistics_success_rate_precision PASSED [ 85%]
2026-01-29T12:04:55.1882549Z tests/test_persistence_queries.py::TestGetBuildStatisticsCalculations::test_get_build_statistics_average_duration_precision PASSED [ 86%]
2026-01-29T12:04:55.2408048Z tests/test_persistence_queries.py::TestGetBuildStatisticsFiltering::test_get_build_statistics_filter_by_project_name PASSED [ 86%]
2026-01-29T12:04:55.2904289Z tests/test_persistence_queries.py::TestGetBuildStatisticsFiltering::test_get_build_statistics_filter_returns_empty_when_no_match PASSED [ 86%]
2026-01-29T12:04:55.3408670Z tests/test_persistence_queries.py::TestGetBuildStatisticsEdgeCases::test_get_build_statistics_with_zero_duration_builds PASSED [ 86%]
2026-01-29T12:04:55.3956704Z tests/test_persistence_queries.py::TestGetBuildStatisticsEdgeCases::test_get_build_statistics_with_large_numbers PASSED [ 86%]
2026-01-29T12:04:55.5300017Z tests/test_persistence_queries.py::TestQueryPerformance::test_get_recent_builds_performance_with_many_builds PASSED [ 86%]
2026-01-29T12:04:55.6670869Z tests/test_persistence_queries.py::TestQueryPerformance::test_get_build_statistics_performance_with_many_builds PASSED [ 86%]
2026-01-29T12:04:55.6692670Z tests/test_project_detection.py::TestSimpleProjectDetection::test_simple_project_call PASSED [ 86%]
2026-01-29T12:04:55.6711933Z tests/test_project_detection.py::TestSimpleProjectDetection::test_project_with_language PASSED [ 87%]
2026-01-29T12:04:55.6732664Z tests/test_project_detection.py::TestSimpleProjectDetection::test_project_with_version PASSED [ 87%]
2026-01-29T12:04:55.6751271Z tests/test_project_detection.py::TestSimpleProjectDetection::test_project_with_languages_keyword PASSED [ 87%]
2026-01-29T12:04:55.6769766Z tests/test_project_detection.py::TestSimpleProjectDetection::test_project_with_all_options PASSED [ 87%]
2026-01-29T12:04:55.6788061Z tests/test_project_detection.py::TestMultilineProjectDetection::test_multiline_project_call PASSED [ 87%]
2026-01-29T12:04:55.6806350Z tests/test_project_detection.py::TestProjectWithComments::test_project_with_comments PASSED [ 87%]
2026-01-29T12:04:55.6825088Z tests/test_project_detection.py::TestNestedProjects::test_nested_project_calls_use_outermost PASSED [ 87%]
2026-01-29T12:04:55.6843960Z tests/test_project_detection.py::TestProjectWithSpecialCharacters::test_project_with_spaces_in_quotes PASSED [ 88%]
2026-01-29T12:04:55.6862429Z tests/test_project_detection.py::TestCaseInsensitivity::test_lowercase_project_command PASSED [ 88%]
2026-01-29T12:04:55.6879027Z tests/test_project_detection.py::TestErrorCases::test_file_not_found PASSED [ 88%]
2026-01-29T12:04:55.6897224Z tests/test_project_detection.py::TestErrorCases::test_no_project_call PASSED [ 88%]
2026-01-29T12:04:55.6922859Z tests/test_project_detection.py::TestErrorCases::test_with_actual_cmakelists_filename PASSED [ 88%]
2026-01-29T12:04:55.6940514Z tests/test_project_detection.py::TestPathHandling::test_with_string_path PASSED [ 88%]
2026-01-29T12:04:55.6959879Z tests/test_project_detection.py::TestPathHandling::test_with_path_object PASSED [ 88%]
2026-01-29T12:04:55.6985730Z tests/test_project_detection.py::TestFileEncodingHandling::test_with_invalid_encoding PASSED [ 89%]
2026-01-29T12:04:55.7007419Z tests/test_project_structure.py::test_all_required_directories_exist PASSED [ 89%]
2026-01-29T12:04:55.7029744Z tests/test_project_structure.py::test_all_init_files_present PASSED      [ 89%]
2026-01-29T12:04:55.7045370Z tests/test_project_structure.py::test_all_modules_can_be_imported PASSED [ 89%]
2026-01-29T12:04:55.7062870Z tests/test_project_structure.py::test_pytest_discovers_tests_directory PASSED [ 89%]
2026-01-29T12:04:55.7081120Z tests/test_project_structure.py::test_main_entry_point_exists PASSED     [ 89%]
2026-01-29T12:04:55.7107511Z tests/test_project_structure.py::test_required_placeholder_files_exist PASSED [ 89%]
2026-01-29T12:04:55.7126953Z tests/test_project_structure.py::test_fixtures_directory_exists PASSED   [ 89%]
2026-01-29T12:04:55.7144285Z tests/test_target_extraction.py::TestNinjaTargetExtraction::test_extract_simple_ninja_target PASSED [ 90%]
2026-01-29T12:04:55.7161020Z tests/test_target_extraction.py::TestNinjaTargetExtraction::test_extract_ninja_library_target PASSED [ 90%]
2026-01-29T12:04:55.7177211Z tests/test_target_extraction.py::TestNinjaTargetExtraction::test_extract_ninja_shared_library PASSED [ 90%]
2026-01-29T12:04:55.7193867Z tests/test_target_extraction.py::TestNinjaTargetExtraction::test_extract_multiple_ninja_targets PASSED [ 90%]
2026-01-29T12:04:55.7209808Z tests/test_target_extraction.py::TestNinjaTargetExtraction::test_extract_ninja_with_completion_percentage PASSED [ 90%]
2026-01-29T12:04:55.7226908Z tests/test_target_extraction.py::TestMakeTargetExtraction::test_extract_simple_make_target PASSED [ 90%]
2026-01-29T12:04:55.7243919Z tests/test_target_extraction.py::TestMakeTargetExtraction::test_extract_make_library_target PASSED [ 90%]
2026-01-29T12:04:55.7260624Z tests/test_target_extraction.py::TestMakeTargetExtraction::test_extract_make_shared_library PASSED [ 91%]
2026-01-29T12:04:55.7277587Z tests/test_target_extraction.py::TestMakeTargetExtraction::test_extract_multiple_make_targets PASSED [ 91%]
2026-01-29T12:04:55.7294292Z tests/test_target_extraction.py::TestMSVCTargetExtraction::test_extract_simple_msvc_target PASSED [ 91%]
2026-01-29T12:04:55.7311233Z tests/test_target_extraction.py::TestMSVCTargetExtraction::test_extract_msvc_library_target PASSED [ 91%]
2026-01-29T12:04:55.7327438Z tests/test_target_extraction.py::TestMSVCTargetExtraction::test_extract_msvc_dll_target PASSED [ 91%]
2026-01-29T12:04:55.7344972Z tests/test_target_extraction.py::TestMSVCTargetExtraction::test_extract_multiple_msvc_targets PASSED [ 91%]
2026-01-29T12:04:55.7361605Z tests/test_target_extraction.py::TestTargetTypeDetection::test_detect_executable_from_extension PASSED [ 91%]
2026-01-29T12:04:55.7377956Z tests/test_target_extraction.py::TestTargetTypeDetection::test_detect_executable_exe_extension PASSED [ 92%]
2026-01-29T12:04:55.7394077Z tests/test_target_extraction.py::TestTargetTypeDetection::test_detect_static_library_from_extension PASSED [ 92%]
2026-01-29T12:04:55.7410259Z tests/test_target_extraction.py::TestTargetTypeDetection::test_detect_static_library_lib_extension PASSED [ 92%]
2026-01-29T12:04:55.7425910Z tests/test_target_extraction.py::TestTargetTypeDetection::test_detect_shared_library_so_extension PASSED [ 92%]
2026-01-29T12:04:55.7442359Z tests/test_target_extraction.py::TestTargetTypeDetection::test_detect_shared_library_dll_extension PASSED [ 92%]
2026-01-29T12:04:55.7458767Z tests/test_target_extraction.py::TestTargetTypeDetection::test_detect_shared_library_dylib_extension PASSED [ 92%]
2026-01-29T12:04:55.7475413Z tests/test_target_extraction.py::TestBuildProgressTracking::test_extract_ninja_progress_steps PASSED [ 92%]
2026-01-29T12:04:55.7492307Z tests/test_target_extraction.py::TestBuildProgressTracking::test_extract_make_percentage_progress PASSED [ 92%]
2026-01-29T12:04:55.7508274Z tests/test_target_extraction.py::TestBuildProgressTracking::test_track_compilation_count PASSED [ 93%]
2026-01-29T12:04:55.7523961Z tests/test_target_extraction.py::TestBuildOrderDetection::test_detect_build_order_from_sequence PASSED [ 93%]
2026-01-29T12:04:55.7540769Z tests/test_target_extraction.py::TestBuildOrderDetection::test_detect_dependency_order PASSED [ 93%]
2026-01-29T12:04:55.7557627Z tests/test_target_extraction.py::TestParallelBuildOutput::test_extract_from_parallel_ninja_output PASSED [ 93%]
2026-01-29T12:04:55.7575209Z tests/test_target_extraction.py::TestParallelBuildOutput::test_handle_interleaved_make_output PASSED [ 93%]
2026-01-29T12:04:55.7592467Z tests/test_target_extraction.py::TestParallelBuildOutput::test_handle_scrambled_ninja_output PASSED [ 93%]
2026-01-29T12:04:55.7608306Z tests/test_target_extraction.py::TestEmptyAndInvalidOutput::test_extract_from_empty_output PASSED [ 93%]
2026-01-29T12:04:55.7624513Z tests/test_target_extraction.py::TestEmptyAndInvalidOutput::test_extract_from_output_without_targets PASSED [ 94%]
2026-01-29T12:04:55.7641547Z tests/test_target_extraction.py::TestEmptyAndInvalidOutput::test_extract_from_clean_output PASSED [ 94%]
2026-01-29T12:04:55.7659182Z tests/test_target_extraction.py::TestEdgeCases::test_target_with_spaces_in_path PASSED [ 94%]
2026-01-29T12:04:55.7675589Z tests/test_target_extraction.py::TestEdgeCases::test_target_with_special_characters PASSED [ 94%]
2026-01-29T12:04:55.7795794Z tests/test_target_extraction.py::TestEdgeCases::test_very_long_build_output PASSED [ 94%]
2026-01-29T12:04:55.7814263Z tests/test_target_extraction.py::TestEdgeCases::test_target_with_unicode_characters PASSED [ 94%]
2026-01-29T12:04:55.7831151Z tests/test_warning_error_extraction.py::TestGCCWarningExtraction::test_extract_simple_gcc_warning PASSED [ 94%]
2026-01-29T12:04:55.7847111Z tests/test_warning_error_extraction.py::TestGCCWarningExtraction::test_extract_gcc_warning_with_full_path PASSED [ 94%]
2026-01-29T12:04:55.7863876Z tests/test_warning_error_extraction.py::TestGCCWarningExtraction::test_extract_multiple_gcc_warnings PASSED [ 95%]
2026-01-29T12:04:55.7880334Z tests/test_warning_error_extraction.py::TestGCCWarningExtraction::test_extract_gcc_warning_without_column PASSED [ 95%]
2026-01-29T12:04:55.7896894Z tests/test_warning_error_extraction.py::TestGCCWarningExtraction::test_extract_gcc_multiline_warning PASSED [ 95%]
2026-01-29T12:04:55.7913686Z tests/test_warning_error_extraction.py::TestClangWarningExtraction::test_extract_simple_clang_warning PASSED [ 95%]
2026-01-29T12:04:55.7930744Z tests/test_warning_error_extraction.py::TestClangWarningExtraction::test_extract_clang_warning_with_note PASSED [ 95%]
2026-01-29T12:04:55.7948073Z tests/test_warning_error_extraction.py::TestClangWarningExtraction::test_extract_clang_warning_with_fixit PASSED [ 95%]
2026-01-29T12:04:55.7964993Z tests/test_warning_error_extraction.py::TestMSVCWarningExtraction::test_extract_simple_msvc_warning PASSED [ 95%]
2026-01-29T12:04:55.7981528Z tests/test_warning_error_extraction.py::TestMSVCWarningExtraction::test_extract_msvc_warning_with_column PASSED [ 96%]
2026-01-29T12:04:55.8004567Z tests/test_warning_error_extraction.py::TestMSVCWarningExtraction::test_extract_msvc_warning_with_full_path PASSED [ 96%]
2026-01-29T12:04:55.8027338Z tests/test_warning_error_extraction.py::TestMSVCWarningExtraction::test_extract_multiple_msvc_warnings PASSED [ 96%]
2026-01-29T12:04:55.8044628Z tests/test_warning_error_extraction.py::TestGCCErrorExtraction::test_extract_simple_gcc_error PASSED [ 96%]
2026-01-29T12:04:55.8061459Z tests/test_warning_error_extraction.py::TestGCCErrorExtraction::test_extract_gcc_fatal_error PASSED [ 96%]
2026-01-29T12:04:55.8079872Z tests/test_warning_error_extraction.py::TestGCCErrorExtraction::test_extract_multiple_gcc_errors PASSED [ 96%]
2026-01-29T12:04:55.8096743Z tests/test_warning_error_extraction.py::TestClangErrorExtraction::test_extract_simple_clang_error PASSED [ 96%]
2026-01-29T12:04:55.8114444Z tests/test_warning_error_extraction.py::TestClangErrorExtraction::test_extract_clang_error_with_multiline PASSED [ 97%]
2026-01-29T12:04:55.8131544Z tests/test_warning_error_extraction.py::TestMSVCErrorExtraction::test_extract_simple_msvc_error PASSED [ 97%]
2026-01-29T12:04:55.8148617Z tests/test_warning_error_extraction.py::TestMSVCErrorExtraction::test_extract_msvc_error_with_column PASSED [ 97%]
2026-01-29T12:04:55.8165678Z tests/test_warning_error_extraction.py::TestMSVCErrorExtraction::test_extract_msvc_fatal_error PASSED [ 97%]
2026-01-29T12:04:55.8183217Z tests/test_warning_error_extraction.py::TestWarningWithoutFileInfo::test_extract_warning_without_file_info PASSED [ 97%]
2026-01-29T12:04:55.8199846Z tests/test_warning_error_extraction.py::TestWarningWithoutFileInfo::test_extract_linker_warning PASSED [ 97%]
2026-01-29T12:04:55.8217481Z tests/test_warning_error_extraction.py::TestColoredOutputHandling::test_extract_warning_with_ansi_colors PASSED [ 97%]
2026-01-29T12:04:55.8234415Z tests/test_warning_error_extraction.py::TestColoredOutputHandling::test_extract_error_with_ansi_colors PASSED [ 97%]
2026-01-29T12:04:55.8251084Z tests/test_warning_error_extraction.py::TestWarningCounting::test_count_warnings PASSED [ 98%]
2026-01-29T12:04:55.8267761Z tests/test_warning_error_extraction.py::TestWarningCounting::test_count_by_type PASSED [ 98%]
2026-01-29T12:04:55.8284369Z tests/test_warning_error_extraction.py::TestWarningDeduplication::test_deduplicate_identical_warnings PASSED [ 98%]
2026-01-29T12:04:55.8300549Z tests/test_warning_error_extraction.py::TestWarningDeduplication::test_no_deduplication_when_disabled PASSED [ 98%]
2026-01-29T12:04:55.8317651Z tests/test_warning_error_extraction.py::TestWarningDeduplication::test_deduplicate_by_file_line_message PASSED [ 98%]
2026-01-29T12:04:55.8334583Z tests/test_warning_error_extraction.py::TestMixedWarningsAndErrors::test_extract_warnings_ignores_errors PASSED [ 98%]
2026-01-29T12:04:55.8351215Z tests/test_warning_error_extraction.py::TestMixedWarningsAndErrors::test_extract_errors_ignores_warnings PASSED [ 98%]
2026-01-29T12:04:55.8367723Z tests/test_warning_error_extraction.py::TestEmptyAndInvalidOutput::test_extract_warnings_from_empty_output PASSED [ 99%]
2026-01-29T12:04:55.8384260Z tests/test_warning_error_extraction.py::TestEmptyAndInvalidOutput::test_extract_errors_from_empty_output PASSED [ 99%]
2026-01-29T12:04:55.8401236Z tests/test_warning_error_extraction.py::TestEmptyAndInvalidOutput::test_extract_from_output_without_warnings PASSED [ 99%]
2026-01-29T12:04:55.8417254Z tests/test_warning_error_extraction.py::TestEmptyAndInvalidOutput::test_extract_from_output_without_errors PASSED [ 99%]
2026-01-29T12:04:55.8434108Z tests/test_warning_error_extraction.py::TestEdgeCases::test_warning_with_special_characters_in_filename PASSED [ 99%]
2026-01-29T12:04:55.8450865Z tests/test_warning_error_extraction.py::TestEdgeCases::test_warning_with_spaces_in_windows_path PASSED [ 99%]
2026-01-29T12:04:55.8467575Z tests/test_warning_error_extraction.py::TestEdgeCases::test_very_long_warning_message PASSED [ 99%]
2026-01-29T12:04:56.9118366Z tests/test_warning_error_extraction.py::TestEdgeCases::test_warning_with_unicode_characters PASSED [100%]
2026-01-29T12:04:56.9119176Z 
2026-01-29T12:04:56.9119424Z =============================== tests coverage ================================
2026-01-29T12:04:56.9120222Z ______________ coverage: platform win32, python 3.10.11-final-0 _______________
2026-01-29T12:04:56.9120736Z 
2026-01-29T12:04:56.9120932Z Name                           Stmts   Miss   Cover   Missing
2026-01-29T12:04:56.9121546Z -------------------------------------------------------------
2026-01-29T12:04:56.9122136Z __init__.py                        2      0 100.00%
2026-01-29T12:04:56.9122660Z cli\__init__.py                    0      0 100.00%
2026-01-29T12:04:56.9123236Z cli\argument_errors.py            45      0 100.00%
2026-01-29T12:04:56.9123797Z cli\argument_parser.py            51      0 100.00%
2026-01-29T12:04:56.9124336Z cli\argument_validator.py         42      0 100.00%
2026-01-29T12:04:56.9124890Z cmake\__init__.py                  0      0 100.00%
2026-01-29T12:04:56.9125476Z cmake\executor.py                117      3  97.44%   87-89
2026-01-29T12:04:56.9126092Z cmake\parameter_manager.py       100      1  99.00%   179
2026-01-29T12:04:56.9126677Z inspector\__init__.py              0      0 100.00%
2026-01-29T12:04:56.9127374Z inspector\build_inspector.py     250     19  92.40%   526, 591, 664-676, 688-697
2026-01-29T12:04:56.9128080Z models\__init__.py                 4      0 100.00%
2026-01-29T12:04:56.9128573Z models\arguments.py               34      2  94.12%   48, 85
2026-01-29T12:04:56.9129092Z models\metadata.py                72      0 100.00%
2026-01-29T12:04:56.9129591Z models\records.py                  0      0 100.00%
2026-01-29T12:04:56.9130866Z models\results.py                 47      0 100.00%
2026-01-29T12:04:56.9131407Z storage\__init__.py                2      0 100.00%
2026-01-29T12:04:56.9132053Z storage\data_persistence.py      134      8  94.03%   147, 223-225, 490-491, 567-568
2026-01-29T12:04:56.9132975Z storage\persistence.py            35      0 100.00%
2026-01-29T12:04:56.9133472Z storage\query.py                   0      0 100.00%
2026-01-29T12:04:56.9133926Z utils\__init__.py                  0      0 100.00%
2026-01-29T12:04:56.9134465Z utils\formatting.py              117      6  94.87%   53, 135, 185-186, 219-220
2026-01-29T12:04:56.9135044Z utils\logging.py                   0      0 100.00%
2026-01-29T12:04:56.9135551Z utils\logging_config.py           39      0 100.00%
2026-01-29T12:04:56.9136032Z utils\paths.py                     0      0 100.00%
2026-01-29T12:04:56.9136536Z -------------------------------------------------------------
2026-01-29T12:04:56.9137010Z TOTAL                           1091     39  96.43%
2026-01-29T12:04:56.9137407Z Coverage HTML written to dir htmlcov
2026-01-29T12:04:56.9137786Z Coverage XML written to file coverage.xml
2026-01-29T12:04:56.9138294Z Required test coverage of 90.0% reached. Total coverage: 96.43%
2026-01-29T12:04:56.9138894Z ================== 735 passed, 3 skipped in 65.60s (0:01:05) ==================
2026-01-29T12:04:57.1285908Z Post job cleanup.
2026-01-29T12:04:57.4844036Z Post job cleanup.
2026-01-29T12:04:57.7593990Z [command]"C:\Program Files\Git\bin\git.exe" version
2026-01-29T12:04:57.7890967Z git version 2.52.0.windows.1
2026-01-29T12:04:57.7971550Z Temporarily overriding HOME='D:\a\_temp\54eb9bef-698c-4c38-934f-14f3acc49a14' before making global git config changes
2026-01-29T12:04:57.7972752Z Adding repository directory to the temporary git global config as a safe directory
2026-01-29T12:04:57.7983560Z [command]"C:\Program Files\Git\bin\git.exe" config --global --add safe.directory D:\a\argos\argos
2026-01-29T12:04:57.8303166Z [command]"C:\Program Files\Git\bin\git.exe" config --local --name-only --get-regexp core\.sshCommand
2026-01-29T12:04:57.8609494Z [command]"C:\Program Files\Git\bin\git.exe" submodule foreach --recursive "sh -c \"git config --local --name-only --get-regexp 'core\.sshCommand' && git config --local --unset-all 'core.sshCommand' || :\""
2026-01-29T12:04:58.4663297Z [command]"C:\Program Files\Git\bin\git.exe" config --local --name-only --get-regexp http\.https\:\/\/github\.com\/\.extraheader
2026-01-29T12:04:58.4941613Z http.https://github.com/.extraheader
2026-01-29T12:04:58.4998912Z [command]"C:\Program Files\Git\bin\git.exe" config --local --unset-all http.https://github.com/.extraheader
2026-01-29T12:04:58.5365359Z [command]"C:\Program Files\Git\bin\git.exe" submodule foreach --recursive "sh -c \"git config --local --name-only --get-regexp 'http\.https\:\/\/github\.com\/\.extraheader' && git config --local --unset-all 'http.https://github.com/.extraheader' || :\""
2026-01-29T12:04:59.1423117Z [command]"C:\Program Files\Git\bin\git.exe" config --local --name-only --get-regexp ^includeIf\.gitdir:
2026-01-29T12:04:59.1789597Z [command]"C:\Program Files\Git\bin\git.exe" submodule foreach --recursive "git config --local --show-origin --name-only --get-regexp remote.origin.url"
2026-01-29T12:04:59.7840431Z Cleaning up orphan processes
2026-01-29T12:04:59.8112742Z Terminate orphan process: pid (10208) (vctip)
