2026-01-29T12:03:01.9913390Z Current runner version: '2.331.0'
2026-01-29T12:03:01.9927230Z ##[group]Runner Image Provisioner
2026-01-29T12:03:01.9927680Z Hosted Compute Agent
2026-01-29T12:03:01.9928000Z Version: 20260123.484
2026-01-29T12:03:01.9928360Z Commit: 6bd6555ca37d84114959e1c76d2c01448ff61c5d
2026-01-29T12:03:01.9928770Z Build Date: 2026-01-23T19:41:17Z
2026-01-29T12:03:01.9929160Z Worker ID: {ac422def-50cc-4287-a1a1-543c32fc988b}
2026-01-29T12:03:01.9929560Z Azure Region: westus
2026-01-29T12:03:01.9929880Z ##[endgroup]
2026-01-29T12:03:01.9930670Z ##[group]Operating System
2026-01-29T12:03:01.9931000Z macOS
2026-01-29T12:03:01.9931260Z 15.7.3
2026-01-29T12:03:01.9931500Z 24G419
2026-01-29T12:03:01.9931760Z ##[endgroup]
2026-01-29T12:03:01.9932040Z ##[group]Runner Image
2026-01-29T12:03:01.9932340Z Image: macos-15-arm64
2026-01-29T12:03:01.9932630Z Version: 20260127.0129.1
2026-01-29T12:03:01.9933340Z Included Software: https://github.com/actions/runner-images/blob/macos-15-arm64/20260127.0129/images/macos/macos-15-arm64-Readme.md
2026-01-29T12:03:01.9934250Z Image Release: https://github.com/actions/runner-images/releases/tag/macos-15-arm64%2F20260127.0129
2026-01-29T12:03:01.9934810Z ##[endgroup]
2026-01-29T12:03:01.9935440Z ##[group]GITHUB_TOKEN Permissions
2026-01-29T12:03:01.9936310Z Contents: read
2026-01-29T12:03:01.9936600Z Metadata: read
2026-01-29T12:03:01.9936870Z Packages: read
2026-01-29T12:03:01.9937160Z ##[endgroup]
2026-01-29T12:03:01.9938310Z Secret source: Actions
2026-01-29T12:03:01.9938680Z Prepare workflow directory
2026-01-29T12:03:02.0131750Z Prepare all required actions
2026-01-29T12:03:02.0156680Z Getting action download info
2026-01-29T12:03:02.3790860Z Download action repository 'actions/checkout@v4' (SHA:34e114876b0b11c390a56381ad16ebd13914f8d5)
2026-01-29T12:03:02.6080270Z Download action repository 'actions/setup-python@v5' (SHA:a26af69be951a213d495a4c3e4e4022e16d87065)
2026-01-29T12:03:02.6764370Z Download action repository 'codecov/codecov-action@v4' (SHA:b9fd7d16f6d7d1b5d2bec1a2887e65ceed900238)
2026-01-29T12:03:03.8335930Z Complete job name: test (macos-latest, 3.10)
2026-01-29T12:03:03.8666330Z ##[group]Run actions/checkout@v4
2026-01-29T12:03:03.8666850Z with:
2026-01-29T12:03:03.8667140Z   repository: lmvcruz/argos
2026-01-29T12:03:03.8667590Z   token: ***
2026-01-29T12:03:03.8667880Z   ssh-strict: true
2026-01-29T12:03:03.8668160Z   ssh-user: git
2026-01-29T12:03:03.8668470Z   persist-credentials: true
2026-01-29T12:03:03.8668860Z   clean: true
2026-01-29T12:03:03.8669170Z   sparse-checkout-cone-mode: true
2026-01-29T12:03:03.8669520Z   fetch-depth: 1
2026-01-29T12:03:03.8669810Z   fetch-tags: false
2026-01-29T12:03:03.8670110Z   show-progress: true
2026-01-29T12:03:03.8670410Z   lfs: false
2026-01-29T12:03:03.8670700Z   submodules: false
2026-01-29T12:03:03.8671010Z   set-safe-directory: true
2026-01-29T12:03:03.8671440Z ##[endgroup]
2026-01-29T12:03:04.1108330Z Syncing repository: lmvcruz/argos
2026-01-29T12:03:04.1109800Z ##[group]Getting Git version info
2026-01-29T12:03:04.1110430Z Working directory is '/Users/runner/work/argos/argos'
2026-01-29T12:03:04.1111260Z [command]/opt/homebrew/bin/git version
2026-01-29T12:03:04.1633470Z git version 2.52.0
2026-01-29T12:03:04.1654920Z ##[endgroup]
2026-01-29T12:03:04.1661100Z Copying '/Users/runner/.gitconfig' to '/Users/runner/work/_temp/6eab36a0-5a28-4b08-9c3d-feaeb0c90af8/.gitconfig'
2026-01-29T12:03:04.1672500Z Temporarily overriding HOME='/Users/runner/work/_temp/6eab36a0-5a28-4b08-9c3d-feaeb0c90af8' before making global git config changes
2026-01-29T12:03:04.1673780Z Adding repository directory to the temporary git global config as a safe directory
2026-01-29T12:03:04.1676330Z [command]/opt/homebrew/bin/git config --global --add safe.directory /Users/runner/work/argos/argos
2026-01-29T12:03:04.1766960Z Deleting the contents of '/Users/runner/work/argos/argos'
2026-01-29T12:03:04.1798290Z ##[group]Initializing the repository
2026-01-29T12:03:04.1799090Z [command]/opt/homebrew/bin/git init /Users/runner/work/argos/argos
2026-01-29T12:03:04.1915240Z hint: Using 'master' as the name for the initial branch. This default branch name
2026-01-29T12:03:04.1917780Z hint: will change to "main" in Git 3.0. To configure the initial branch name
2026-01-29T12:03:04.1918820Z hint: to use in all of your new repositories, which will suppress this warning,
2026-01-29T12:03:04.1919440Z hint: call:
2026-01-29T12:03:04.1919770Z hint:
2026-01-29T12:03:04.1920200Z hint: 	git config --global init.defaultBranch <name>
2026-01-29T12:03:04.1920670Z hint:
2026-01-29T12:03:04.1921110Z hint: Names commonly chosen instead of 'master' are 'main', 'trunk' and
2026-01-29T12:03:04.1921820Z hint: 'development'. The just-created branch can be renamed via this command:
2026-01-29T12:03:04.1922520Z hint:
2026-01-29T12:03:04.1922830Z hint: 	git branch -m <name>
2026-01-29T12:03:04.1923210Z hint:
2026-01-29T12:03:04.1923700Z hint: Disable this message with "git config set advice.defaultBranchName false"
2026-01-29T12:03:04.1924440Z Initialized empty Git repository in /Users/runner/work/argos/argos/.git/
2026-01-29T12:03:04.1925860Z [command]/opt/homebrew/bin/git remote add origin https://github.com/lmvcruz/argos
2026-01-29T12:03:04.1984270Z ##[endgroup]
2026-01-29T12:03:04.1984910Z ##[group]Disabling automatic garbage collection
2026-01-29T12:03:04.1986150Z [command]/opt/homebrew/bin/git config --local gc.auto 0
2026-01-29T12:03:04.2034050Z ##[endgroup]
2026-01-29T12:03:04.2034720Z ##[group]Setting up auth
2026-01-29T12:03:04.2037840Z [command]/opt/homebrew/bin/git config --local --name-only --get-regexp core\.sshCommand
2026-01-29T12:03:04.2085100Z [command]/opt/homebrew/bin/git submodule foreach --recursive sh -c "git config --local --name-only --get-regexp 'core\.sshCommand' && git config --local --unset-all 'core.sshCommand' || :"
2026-01-29T12:03:04.2741310Z [command]/opt/homebrew/bin/git config --local --name-only --get-regexp http\.https\:\/\/github\.com\/\.extraheader
2026-01-29T12:03:04.2788110Z [command]/opt/homebrew/bin/git submodule foreach --recursive sh -c "git config --local --name-only --get-regexp 'http\.https\:\/\/github\.com\/\.extraheader' && git config --local --unset-all 'http.https://github.com/.extraheader' || :"
2026-01-29T12:03:04.3381480Z [command]/opt/homebrew/bin/git config --local --name-only --get-regexp ^includeIf\.gitdir:
2026-01-29T12:03:04.3440700Z [command]/opt/homebrew/bin/git submodule foreach --recursive git config --local --show-origin --name-only --get-regexp remote.origin.url
2026-01-29T12:03:04.4104060Z [command]/opt/homebrew/bin/git config --local http.https://github.com/.extraheader AUTHORIZATION: basic ***
2026-01-29T12:03:04.4157930Z ##[endgroup]
2026-01-29T12:03:04.4158550Z ##[group]Fetching the repository
2026-01-29T12:03:04.4162800Z [command]/opt/homebrew/bin/git -c protocol.version=2 fetch --no-tags --prune --no-recurse-submodules --depth=1 origin +7f7ddd0266788b52ce4c638daa5f9c530ac86029:refs/remotes/origin/main
2026-01-29T12:03:05.1295890Z From https://github.com/lmvcruz/argos
2026-01-29T12:03:05.1296960Z  * [new ref]         7f7ddd0266788b52ce4c638daa5f9c530ac86029 -> origin/main
2026-01-29T12:03:05.1371340Z ##[endgroup]
2026-01-29T12:03:05.1372070Z ##[group]Determining the checkout info
2026-01-29T12:03:05.1372850Z ##[endgroup]
2026-01-29T12:03:05.1374440Z [command]/opt/homebrew/bin/git sparse-checkout disable
2026-01-29T12:03:05.1435670Z [command]/opt/homebrew/bin/git config --local --unset-all extensions.worktreeConfig
2026-01-29T12:03:05.1485650Z ##[group]Checking out the ref
2026-01-29T12:03:05.1487570Z [command]/opt/homebrew/bin/git checkout --progress --force -B main refs/remotes/origin/main
2026-01-29T12:03:05.1671130Z Switched to a new branch 'main'
2026-01-29T12:03:05.1673220Z branch 'main' set up to track 'origin/main'.
2026-01-29T12:03:05.1678630Z ##[endgroup]
2026-01-29T12:03:05.1739350Z [command]/opt/homebrew/bin/git log -1 --format=%H
2026-01-29T12:03:05.1785810Z 7f7ddd0266788b52ce4c638daa5f9c530ac86029
2026-01-29T12:03:05.2028130Z ##[group]Run actions/setup-python@v5
2026-01-29T12:03:05.2028920Z with:
2026-01-29T12:03:05.2029460Z   python-version: 3.10
2026-01-29T12:03:05.2030290Z   check-latest: false
2026-01-29T12:03:05.2031090Z   token: ***
2026-01-29T12:03:05.2031660Z   update-environment: true
2026-01-29T12:03:05.2032360Z   allow-prereleases: false
2026-01-29T12:03:05.2033020Z   freethreaded: false
2026-01-29T12:03:05.2033610Z ##[endgroup]
2026-01-29T12:03:05.3302080Z ##[group]Installed versions
2026-01-29T12:03:05.3337830Z Version 3.10 was not found in the local cache
2026-01-29T12:03:06.3642670Z Version 3.10 is available for downloading
2026-01-29T12:03:06.3643740Z Download from "https://github.com/actions/python-versions/releases/download/3.10.11-11114431484/python-3.10.11-darwin-arm64.tar.gz"
2026-01-29T12:03:06.9793030Z Extract downloaded archive
2026-01-29T12:03:06.9914040Z [command]/usr/bin/tar xz -C /Users/runner/work/_temp/740c2e6e-69b2-4f62-817a-5b9bb4c1a300 -f /Users/runner/work/_temp/d6406c3f-e927-485c-b162-11d86448682e
2026-01-29T12:03:07.0380470Z Execute installation script
2026-01-29T12:03:07.0509360Z Check if Python hostedtoolcache folder exist...
2026-01-29T12:03:07.0548720Z Install Python binaries from prebuilt package
2026-01-29T12:03:18.4561730Z installer: Package name is Python
2026-01-29T12:03:18.4587180Z installer: Upgrading at base path /
2026-01-29T12:03:18.4609390Z installer: The upgrade was successful.
2026-01-29T12:03:18.4612240Z Create hostedtoolcach symlinks (Required for the backward compatibility)
2026-01-29T12:03:18.4624950Z Create Python 3.10.11 folder
2026-01-29T12:03:18.4701210Z Create additional symlinks (Required for the UsePythonVersion Azure Pipelines task and the setup-python GitHub Action)
2026-01-29T12:03:18.4775960Z Upgrading pip...
2026-01-29T12:03:19.5976820Z Looking in links: /var/folders/yz/zr09txvs5dn18vt4cn21kzl40000gn/T/tmpd82vi3d3
2026-01-29T12:03:19.5984470Z Requirement already satisfied: setuptools in /Library/Frameworks/Python.framework/Versions/3.10/lib/python3.10/site-packages (65.5.0)
2026-01-29T12:03:19.6012020Z Requirement already satisfied: pip in /Library/Frameworks/Python.framework/Versions/3.10/lib/python3.10/site-packages (23.0.1)
2026-01-29T12:03:19.9632210Z Collecting pip
2026-01-29T12:03:20.0231170Z Downloading pip-25.3-py3-none-any.whl (1.8 MB)
2026-01-29T12:03:20.0864720Z ━━━━━━━━━━━━━━━━━━━━━━━━━━━━━━━━━━━━━━━━ 1.8/1.8 MB 28.8 MB/s eta 0:00:00
2026-01-29T12:03:20.0865000Z 
2026-01-29T12:03:20.1096390Z Installing collected packages: pip
2026-01-29T12:03:20.1096700Z Attempting uninstall: pip
2026-01-29T12:03:20.1098730Z Found existing installation: pip 23.0.1
2026-01-29T12:03:20.1919390Z Uninstalling pip-23.0.1:
2026-01-29T12:03:20.3671260Z Successfully uninstalled pip-23.0.1
2026-01-29T12:03:20.8730710Z Successfully installed pip-25.3
2026-01-29T12:03:20.9064310Z Install OpenSSL certificates
2026-01-29T12:03:21.1993230Z Collecting certifi
2026-01-29T12:03:21.2016040Z Using cached certifi-2026.1.4-py3-none-any.whl.metadata (2.5 kB)
2026-01-29T12:03:21.2046770Z Using cached certifi-2026.1.4-py3-none-any.whl (152 kB)
2026-01-29T12:03:21.2129790Z Installing collected packages: certifi
2026-01-29T12:03:21.2176320Z Successfully installed certifi-2026.1.4
2026-01-29T12:03:21.3029230Z -- pip install --upgrade certifi
2026-01-29T12:03:21.3029700Z  -- removing any existing file or link
2026-01-29T12:03:21.3030100Z  -- creating symlink to certifi certificate bundle
2026-01-29T12:03:21.3030420Z  -- setting permissions
2026-01-29T12:03:21.3030750Z  -- update complete
2026-01-29T12:03:21.3069120Z Create complete file
2026-01-29T12:03:21.3123420Z Successfully set up CPython (3.10.11)
2026-01-29T12:03:21.3124020Z ##[endgroup]
2026-01-29T12:03:21.3208050Z ##[group]Run python -m pip install --upgrade pip
2026-01-29T12:03:21.3208420Z [36;1mpython -m pip install --upgrade pip[0m
2026-01-29T12:03:21.3208630Z [36;1mpip install -r requirements.txt[0m
2026-01-29T12:03:21.3243810Z shell: /bin/bash -e {0}
2026-01-29T12:03:21.3243980Z env:
2026-01-29T12:03:21.3244260Z   pythonLocation: /Users/runner/hostedtoolcache/Python/3.10.11/arm64
2026-01-29T12:03:21.3244640Z   PKG_CONFIG_PATH: /Users/runner/hostedtoolcache/Python/3.10.11/arm64/lib/pkgconfig
2026-01-29T12:03:21.3247900Z   Python_ROOT_DIR: /Users/runner/hostedtoolcache/Python/3.10.11/arm64
2026-01-29T12:03:21.3248250Z   Python2_ROOT_DIR: /Users/runner/hostedtoolcache/Python/3.10.11/arm64
2026-01-29T12:03:21.3248590Z   Python3_ROOT_DIR: /Users/runner/hostedtoolcache/Python/3.10.11/arm64
2026-01-29T12:03:21.3248850Z ##[endgroup]
2026-01-29T12:03:21.5754750Z Requirement already satisfied: pip in /Library/Frameworks/Python.framework/Versions/3.10/lib/python3.10/site-packages (25.3)
2026-01-29T12:03:21.9678120Z Collecting pytest>=7.4.0 (from -r requirements.txt (line 5))
2026-01-29T12:03:22.0090870Z   Downloading pytest-9.0.2-py3-none-any.whl.metadata (7.6 kB)
2026-01-29T12:03:22.0343430Z Collecting pytest-cov>=4.1.0 (from -r requirements.txt (line 6))
2026-01-29T12:03:22.0462690Z   Downloading pytest_cov-7.0.0-py3-none-any.whl.metadata (31 kB)
2026-01-29T12:03:22.0805750Z Collecting pytest-mock>=3.11.1 (from -r requirements.txt (line 7))
2026-01-29T12:03:22.0925130Z   Downloading pytest_mock-3.15.1-py3-none-any.whl.metadata (3.9 kB)
2026-01-29T12:03:22.1583350Z Collecting psutil>=5.9.0 (from -r requirements.txt (line 8))
2026-01-29T12:03:22.1703370Z   Downloading psutil-7.2.2-cp36-abi3-macosx_11_0_arm64.whl.metadata (22 kB)
2026-01-29T12:03:22.2162020Z Collecting black>=23.7.0 (from -r requirements.txt (line 11))
2026-01-29T12:03:22.2291400Z   Downloading black-26.1.0-cp310-cp310-macosx_11_0_arm64.whl.metadata (88 kB)
2026-01-29T12:03:22.2662330Z Collecting flake8>=6.1.0 (from -r requirements.txt (line 12))
2026-01-29T12:03:22.2783060Z   Downloading flake8-7.3.0-py2.py3-none-any.whl.metadata (3.8 kB)
2026-01-29T12:03:22.3517300Z Collecting mypy>=1.5.0 (from -r requirements.txt (line 13))
2026-01-29T12:03:22.3652350Z   Downloading mypy-1.19.1-cp310-cp310-macosx_11_0_arm64.whl.metadata (2.2 kB)
2026-01-29T12:03:22.3899120Z Collecting radon>=6.0.1 (from -r requirements.txt (line 16))
2026-01-29T12:03:22.4021680Z   Downloading radon-6.0.1-py2.py3-none-any.whl.metadata (8.2 kB)
2026-01-29T12:03:22.4368010Z Collecting pylint>=3.0.0 (from -r requirements.txt (line 17))
2026-01-29T12:03:22.4488840Z   Downloading pylint-4.0.4-py3-none-any.whl.metadata (12 kB)
2026-01-29T12:03:22.4798260Z Collecting isort>=5.12.0 (from -r requirements.txt (line 20))
2026-01-29T12:03:22.4918080Z   Downloading isort-7.0.0-py3-none-any.whl.metadata (11 kB)
2026-01-29T12:03:22.5150890Z Collecting autoflake>=2.2.1 (from -r requirements.txt (line 21))
2026-01-29T12:03:22.5276260Z   Downloading autoflake-2.3.1-py3-none-any.whl.metadata (7.6 kB)
2026-01-29T12:03:22.5497580Z Collecting vulture>=2.10 (from -r requirements.txt (line 24))
2026-01-29T12:03:22.5620680Z   Downloading vulture-2.14-py2.py3-none-any.whl.metadata (24 kB)
2026-01-29T12:03:22.5832410Z Collecting exceptiongroup>=1 (from pytest>=7.4.0->-r requirements.txt (line 5))
2026-01-29T12:03:22.5950730Z   Downloading exceptiongroup-1.3.1-py3-none-any.whl.metadata (6.7 kB)
2026-01-29T12:03:22.6141260Z Collecting iniconfig>=1.0.1 (from pytest>=7.4.0->-r requirements.txt (line 5))
2026-01-29T12:03:22.6259220Z   Downloading iniconfig-2.3.0-py3-none-any.whl.metadata (2.5 kB)
2026-01-29T12:03:22.6472980Z Collecting packaging>=22 (from pytest>=7.4.0->-r requirements.txt (line 5))
2026-01-29T12:03:22.6591810Z   Downloading packaging-26.0-py3-none-any.whl.metadata (3.3 kB)
2026-01-29T12:03:22.6792580Z Collecting pluggy<2,>=1.5 (from pytest>=7.4.0->-r requirements.txt (line 5))
2026-01-29T12:03:22.6910360Z   Downloading pluggy-1.6.0-py3-none-any.whl.metadata (4.8 kB)
2026-01-29T12:03:22.7147720Z Collecting pygments>=2.7.2 (from pytest>=7.4.0->-r requirements.txt (line 5))
2026-01-29T12:03:22.7266840Z   Downloading pygments-2.19.2-py3-none-any.whl.metadata (2.5 kB)
2026-01-29T12:03:22.7680840Z Collecting tomli>=1 (from pytest>=7.4.0->-r requirements.txt (line 5))
2026-01-29T12:03:22.7798560Z   Downloading tomli-2.4.0-py3-none-any.whl.metadata (10 kB)
2026-01-29T12:03:23.0281140Z Collecting coverage>=7.10.6 (from coverage[toml]>=7.10.6->pytest-cov>=4.1.0->-r requirements.txt (line 6))
2026-01-29T12:03:23.0408940Z   Downloading coverage-7.13.2-cp310-cp310-macosx_11_0_arm64.whl.metadata (8.5 kB)
2026-01-29T12:03:23.1005300Z Collecting click>=8.0.0 (from black>=23.7.0->-r requirements.txt (line 11))
2026-01-29T12:03:23.1124030Z   Downloading click-8.3.1-py3-none-any.whl.metadata (2.6 kB)
2026-01-29T12:03:23.1316240Z Collecting mypy-extensions>=0.4.3 (from black>=23.7.0->-r requirements.txt (line 11))
2026-01-29T12:03:23.1434700Z   Downloading mypy_extensions-1.1.0-py3-none-any.whl.metadata (1.1 kB)
2026-01-29T12:03:23.1649930Z Collecting pathspec>=1.0.0 (from black>=23.7.0->-r requirements.txt (line 11))
2026-01-29T12:03:23.1773320Z   Downloading pathspec-1.0.4-py3-none-any.whl.metadata (13 kB)
2026-01-29T12:03:23.2040920Z Collecting platformdirs>=2 (from black>=23.7.0->-r requirements.txt (line 11))
2026-01-29T12:03:23.2160930Z   Downloading platformdirs-4.5.1-py3-none-any.whl.metadata (12 kB)
2026-01-29T12:03:23.2410150Z Collecting pytokens>=0.3.0 (from black>=23.7.0->-r requirements.txt (line 11))
2026-01-29T12:03:23.2536680Z   Downloading pytokens-0.4.0-cp310-cp310-macosx_11_0_arm64.whl.metadata (3.8 kB)
2026-01-29T12:03:23.2830390Z Collecting typing-extensions>=4.0.1 (from black>=23.7.0->-r requirements.txt (line 11))
2026-01-29T12:03:23.2955140Z   Downloading typing_extensions-4.15.0-py3-none-any.whl.metadata (3.3 kB)
2026-01-29T12:03:23.3159900Z Collecting mccabe<0.8.0,>=0.7.0 (from flake8>=6.1.0->-r requirements.txt (line 12))
2026-01-29T12:03:23.3282880Z   Downloading mccabe-0.7.0-py2.py3-none-any.whl.metadata (5.0 kB)
2026-01-29T12:03:23.3501170Z Collecting pycodestyle<2.15.0,>=2.14.0 (from flake8>=6.1.0->-r requirements.txt (line 12))
2026-01-29T12:03:23.3623230Z   Downloading pycodestyle-2.14.0-py2.py3-none-any.whl.metadata (4.5 kB)
2026-01-29T12:03:23.3851790Z Collecting pyflakes<3.5.0,>=3.4.0 (from flake8>=6.1.0->-r requirements.txt (line 12))
2026-01-29T12:03:23.3974370Z   Downloading pyflakes-3.4.0-py2.py3-none-any.whl.metadata (3.5 kB)
2026-01-29T12:03:23.4992360Z Collecting librt>=0.6.2 (from mypy>=1.5.0->-r requirements.txt (line 13))
2026-01-29T12:03:23.5120710Z   Downloading librt-0.7.8-cp310-cp310-macosx_11_0_arm64.whl.metadata (1.3 kB)
2026-01-29T12:03:23.5328090Z Collecting mando<0.8,>=0.6 (from radon>=6.0.1->-r requirements.txt (line 16))
2026-01-29T12:03:23.5462290Z   Downloading mando-0.7.1-py2.py3-none-any.whl.metadata (7.4 kB)
2026-01-29T12:03:23.5709650Z Collecting colorama>=0.4.1 (from radon>=6.0.1->-r requirements.txt (line 16))
2026-01-29T12:03:23.5831280Z   Downloading colorama-0.4.6-py2.py3-none-any.whl.metadata (17 kB)
2026-01-29T12:03:23.6052070Z Collecting six (from mando<0.8,>=0.6->radon>=6.0.1->-r requirements.txt (line 16))
2026-01-29T12:03:23.6171700Z   Downloading six-1.17.0-py2.py3-none-any.whl.metadata (1.7 kB)
2026-01-29T12:03:23.6511730Z Collecting astroid<=4.1.dev0,>=4.0.2 (from pylint>=3.0.0->-r requirements.txt (line 17))
2026-01-29T12:03:23.6697540Z   Downloading astroid-4.0.3-py3-none-any.whl.metadata (4.4 kB)
2026-01-29T12:03:23.6909100Z Collecting dill>=0.2 (from pylint>=3.0.0->-r requirements.txt (line 17))
2026-01-29T12:03:23.7031650Z   Downloading dill-0.4.1-py3-none-any.whl.metadata (10 kB)
2026-01-29T12:03:23.7394280Z Collecting tomlkit>=0.10.1 (from pylint>=3.0.0->-r requirements.txt (line 17))
2026-01-29T12:03:23.7514310Z   Downloading tomlkit-0.14.0-py3-none-any.whl.metadata (2.8 kB)
2026-01-29T12:03:23.7861750Z Downloading pytest-9.0.2-py3-none-any.whl (374 kB)
2026-01-29T12:03:23.8146660Z Downloading pluggy-1.6.0-py3-none-any.whl (20 kB)
2026-01-29T12:03:23.8289370Z Downloading pytest_cov-7.0.0-py3-none-any.whl (22 kB)
2026-01-29T12:03:23.8450400Z Downloading pytest_mock-3.15.1-py3-none-any.whl (10 kB)
2026-01-29T12:03:23.8626230Z Downloading psutil-7.2.2-cp36-abi3-macosx_11_0_arm64.whl (129 kB)
2026-01-29T12:03:23.8805910Z Downloading black-26.1.0-cp310-cp310-macosx_11_0_arm64.whl (1.7 MB)
2026-01-29T12:03:23.9059010Z    ━━━━━━━━━━━━━━━━━━━━━━━━━━━━━━━━━━━━━━━━ 1.7/1.7 MB 63.1 MB/s  0:00:00
2026-01-29T12:03:23.9188640Z Downloading flake8-7.3.0-py2.py3-none-any.whl (57 kB)
2026-01-29T12:03:23.9335300Z Downloading mccabe-0.7.0-py2.py3-none-any.whl (7.3 kB)
2026-01-29T12:03:23.9481630Z Downloading pycodestyle-2.14.0-py2.py3-none-any.whl (31 kB)
2026-01-29T12:03:23.9629390Z Downloading pyflakes-3.4.0-py2.py3-none-any.whl (63 kB)
2026-01-29T12:03:23.9806290Z Downloading mypy-1.19.1-cp310-cp310-macosx_11_0_arm64.whl (12.2 MB)
2026-01-29T12:03:24.0379940Z    ━━━━━━━━━━━━━━━━━━━━━━━━━━━━━━━━━━━━━━━━ 12.2/12.2 MB 217.6 MB/s  0:00:00
2026-01-29T12:03:24.0509820Z Downloading radon-6.0.1-py2.py3-none-any.whl (52 kB)
2026-01-29T12:03:24.0662570Z Downloading mando-0.7.1-py2.py3-none-any.whl (28 kB)
2026-01-29T12:03:24.0823810Z Downloading pylint-4.0.4-py3-none-any.whl (536 kB)
2026-01-29T12:03:24.0876830Z    ━━━━━━━━━━━━━━━━━━━━━━━━━━━━━━━━━━━━━━━━ 536.4/536.4 kB 74.3 MB/s  0:00:00
2026-01-29T12:03:24.0999480Z Downloading isort-7.0.0-py3-none-any.whl (94 kB)
2026-01-29T12:03:24.1148800Z Downloading astroid-4.0.3-py3-none-any.whl (276 kB)
2026-01-29T12:03:24.1312280Z Downloading autoflake-2.3.1-py3-none-any.whl (32 kB)
2026-01-29T12:03:24.1464010Z Downloading vulture-2.14-py2.py3-none-any.whl (28 kB)
2026-01-29T12:03:24.1611430Z Downloading click-8.3.1-py3-none-any.whl (108 kB)
2026-01-29T12:03:24.1784170Z Downloading colorama-0.4.6-py2.py3-none-any.whl (25 kB)
2026-01-29T12:03:24.1931260Z Downloading coverage-7.13.2-cp310-cp310-macosx_11_0_arm64.whl (219 kB)
2026-01-29T12:03:24.2087680Z Downloading dill-0.4.1-py3-none-any.whl (120 kB)
2026-01-29T12:03:24.2231260Z Downloading exceptiongroup-1.3.1-py3-none-any.whl (16 kB)
2026-01-29T12:03:24.2379590Z Downloading iniconfig-2.3.0-py3-none-any.whl (7.5 kB)
2026-01-29T12:03:24.2528600Z Downloading librt-0.7.8-cp310-cp310-macosx_11_0_arm64.whl (58 kB)
2026-01-29T12:03:24.2672260Z Downloading mypy_extensions-1.1.0-py3-none-any.whl (5.0 kB)
2026-01-29T12:03:24.2820600Z Downloading packaging-26.0-py3-none-any.whl (74 kB)
2026-01-29T12:03:24.2966740Z Downloading pathspec-1.0.4-py3-none-any.whl (55 kB)
2026-01-29T12:03:24.3115410Z Downloading platformdirs-4.5.1-py3-none-any.whl (18 kB)
2026-01-29T12:03:24.3263940Z Downloading pygments-2.19.2-py3-none-any.whl (1.2 MB)
2026-01-29T12:03:24.3557190Z    ━━━━━━━━━━━━━━━━━━━━━━━━━━━━━━━━━━━━━━━━ 1.2/1.2 MB 34.8 MB/s  0:00:00
2026-01-29T12:03:24.3701930Z Downloading pytokens-0.4.0-cp310-cp310-macosx_11_0_arm64.whl (160 kB)
2026-01-29T12:03:24.3851510Z Downloading tomli-2.4.0-py3-none-any.whl (14 kB)
2026-01-29T12:03:24.3994650Z Downloading tomlkit-0.14.0-py3-none-any.whl (39 kB)
2026-01-29T12:03:24.4138450Z Downloading typing_extensions-4.15.0-py3-none-any.whl (44 kB)
2026-01-29T12:03:24.4291150Z Downloading six-1.17.0-py2.py3-none-any.whl (11 kB)
2026-01-29T12:03:24.4993500Z Installing collected packages: typing-extensions, tomlkit, tomli, six, pytokens, pygments, pyflakes, pycodestyle, psutil, pluggy, platformdirs, pathspec, packaging, mypy-extensions, mccabe, librt, isort, iniconfig, dill, coverage, colorama, click, vulture, mypy, mando, flake8, exceptiongroup, black, autoflake, astroid, radon, pytest, pylint, pytest-mock, pytest-cov
2026-01-29T12:03:26.6222500Z 
2026-01-29T12:03:26.6256840Z Successfully installed astroid-4.0.3 autoflake-2.3.1 black-26.1.0 click-8.3.1 colorama-0.4.6 coverage-7.13.2 dill-0.4.1 exceptiongroup-1.3.1 flake8-7.3.0 iniconfig-2.3.0 isort-7.0.0 librt-0.7.8 mando-0.7.1 mccabe-0.7.0 mypy-1.19.1 mypy-extensions-1.1.0 packaging-26.0 pathspec-1.0.4 platformdirs-4.5.1 pluggy-1.6.0 psutil-7.2.2 pycodestyle-2.14.0 pyflakes-3.4.0 pygments-2.19.2 pylint-4.0.4 pytest-9.0.2 pytest-cov-7.0.0 pytest-mock-3.15.1 pytokens-0.4.0 radon-6.0.1 six-1.17.0 tomli-2.4.0 tomlkit-0.14.0 typing-extensions-4.15.0 vulture-2.14
2026-01-29T12:03:26.7426850Z ##[group]Run pytest --cov=forge --cov-report=xml --cov-report=term-missing
2026-01-29T12:03:26.7427270Z [36;1mpytest --cov=forge --cov-report=xml --cov-report=term-missing[0m
2026-01-29T12:03:26.7456860Z shell: /bin/bash -e {0}
2026-01-29T12:03:26.7457010Z env:
2026-01-29T12:03:26.7457230Z   pythonLocation: /Users/runner/hostedtoolcache/Python/3.10.11/arm64
2026-01-29T12:03:26.7457820Z   PKG_CONFIG_PATH: /Users/runner/hostedtoolcache/Python/3.10.11/arm64/lib/pkgconfig
2026-01-29T12:03:26.7458200Z   Python_ROOT_DIR: /Users/runner/hostedtoolcache/Python/3.10.11/arm64
2026-01-29T12:03:26.7458530Z   Python2_ROOT_DIR: /Users/runner/hostedtoolcache/Python/3.10.11/arm64
2026-01-29T12:03:26.7458940Z   Python3_ROOT_DIR: /Users/runner/hostedtoolcache/Python/3.10.11/arm64
2026-01-29T12:03:26.7459180Z ##[endgroup]
2026-01-29T12:03:27.0498590Z ============================= test session starts ==============================
2026-01-29T12:03:27.0500010Z platform darwin -- Python 3.10.11, pytest-9.0.2, pluggy-1.6.0 -- /Library/Frameworks/Python.framework/Versions/3.10/bin/python
2026-01-29T12:03:27.0501130Z cachedir: .pytest_cache
2026-01-29T12:03:27.0502940Z rootdir: /Users/runner/work/argos/argos/forge
2026-01-29T12:03:27.0503390Z configfile: pytest.ini (WARNING: ignoring pytest config in pyproject.toml!)
2026-01-29T12:03:27.0503730Z testpaths: tests
2026-01-29T12:03:27.0503960Z plugins: mock-3.15.1, cov-7.0.0
2026-01-29T12:03:28.2058970Z collecting ... collected 738 items
2026-01-29T12:03:28.2059150Z 
2026-01-29T12:03:28.2069900Z tests/test_argument_errors.py::TestArgumentErrorCreation::test_argument_error_with_single_message PASSED [  0%]
2026-01-29T12:03:28.2075340Z tests/test_argument_errors.py::TestArgumentErrorCreation::test_argument_error_with_validation_error PASSED [  0%]
2026-01-29T12:03:28.2080640Z tests/test_argument_errors.py::TestArgumentErrorCreation::test_argument_error_has_exit_code PASSED [  0%]
2026-01-29T12:03:28.2086370Z tests/test_argument_errors.py::TestArgumentErrorCreation::test_argument_error_preserves_original_exception PASSED [  0%]
2026-01-29T12:03:28.2091840Z tests/test_argument_errors.py::TestErrorMessageFormatting::test_formatted_error_includes_error_prefix PASSED [  0%]
2026-01-29T12:03:28.2097110Z tests/test_argument_errors.py::TestErrorMessageFormatting::test_formatted_error_includes_message PASSED [  0%]
2026-01-29T12:03:28.2102250Z tests/test_argument_errors.py::TestErrorMessageFormatting::test_formatted_error_includes_help_reference PASSED [  0%]
2026-01-29T12:03:28.2107510Z tests/test_argument_errors.py::TestErrorMessageFormatting::test_formatted_error_suggests_fixes PASSED [  1%]
2026-01-29T12:03:28.2112880Z tests/test_argument_errors.py::TestColoredOutput::test_plain_output_no_ansi_codes PASSED [  1%]
2026-01-29T12:03:28.2117880Z tests/test_argument_errors.py::TestColoredOutput::test_colored_output_has_ansi_codes PASSED [  1%]
2026-01-29T12:03:28.2122930Z tests/test_argument_errors.py::TestColoredOutput::test_colored_output_resets_at_end PASSED [  1%]
2026-01-29T12:03:28.2128170Z tests/test_argument_errors.py::TestColoredOutput::test_color_auto_detection PASSED [  1%]
2026-01-29T12:03:28.2137180Z tests/test_argument_errors.py::TestColoredOutput::test_color_detection_on_unix PASSED [  1%]
2026-01-29T12:03:28.2151960Z tests/test_argument_errors.py::TestColoredOutput::test_color_detection_on_windows_with_wt PASSED [  1%]
2026-01-29T12:03:28.2159230Z tests/test_argument_errors.py::TestColoredOutput::test_color_detection_no_tty PASSED [  2%]
2026-01-29T12:03:28.2164450Z tests/test_argument_errors.py::TestMultiLineErrors::test_multiline_error_preserves_structure PASSED [  2%]
2026-01-29T12:03:28.2169560Z tests/test_argument_errors.py::TestMultiLineErrors::test_error_with_suggestion_on_new_line PASSED [  2%]
2026-01-29T12:03:28.2174850Z tests/test_argument_errors.py::TestErrorContextInformation::test_error_includes_command_example PASSED [  2%]
2026-01-29T12:03:28.2180570Z tests/test_argument_errors.py::TestErrorContextInformation::test_error_shows_problematic_path PASSED [  2%]
2026-01-29T12:03:28.2184650Z tests/test_argument_errors.py::TestErrorContextInformation::test_error_references_documentation PASSED [  2%]
2026-01-29T12:03:28.2190040Z tests/test_argument_errors.py::TestValidationErrorConversion::test_convert_simple_validation_error PASSED [  2%]
2026-01-29T12:03:28.2195630Z tests/test_argument_errors.py::TestValidationErrorConversion::test_convert_validation_error_extracts_suggestion PASSED [  2%]
2026-01-29T12:03:28.2200540Z tests/test_argument_errors.py::TestValidationErrorConversion::test_convert_validation_error_adds_help_reference PASSED [  3%]
2026-01-29T12:03:28.2205500Z tests/test_argument_errors.py::TestErrorExitCodes::test_validation_error_has_exit_code_2 PASSED [  3%]
2026-01-29T12:03:28.2210460Z tests/test_argument_errors.py::TestErrorExitCodes::test_can_override_exit_code PASSED [  3%]
2026-01-29T12:03:28.2215640Z tests/test_argument_errors.py::TestErrorStringRepresentation::test_str_representation_is_user_friendly PASSED [  3%]
2026-01-29T12:03:28.2221080Z tests/test_argument_errors.py::TestErrorStringRepresentation::test_repr_includes_class_info PASSED [  3%]
2026-01-29T12:03:28.2256780Z tests/test_argument_parser.py::TestBasicParsing::test_parse_with_only_required_build_dir PASSED [  3%]
2026-01-29T12:03:28.2271670Z tests/test_argument_parser.py::TestBasicParsing::test_parse_with_source_dir_and_build_dir PASSED [  3%]
2026-01-29T12:03:28.2288620Z tests/test_argument_parser.py::TestBasicParsing::test_parse_with_all_optional_arguments PASSED [  4%]
2026-01-29T12:03:28.2302290Z tests/test_argument_parser.py::TestCMakeArguments::test_parse_cmake_args_single_value PASSED [  4%]
2026-01-29T12:03:28.2315570Z tests/test_argument_parser.py::TestCMakeArguments::test_parse_cmake_args_multiple_values PASSED [  4%]
2026-01-29T12:03:28.2328760Z tests/test_argument_parser.py::TestCMakeArguments::test_parse_build_args_single_value PASSED [  4%]
2026-01-29T12:03:28.2341950Z tests/test_argument_parser.py::TestCMakeArguments::test_parse_build_args_multiple_values PASSED [  4%]
2026-01-29T12:03:28.2354730Z tests/test_argument_parser.py::TestFlags::test_parse_verbose_flag PASSED [  4%]
2026-01-29T12:03:28.2368460Z tests/test_argument_parser.py::TestFlags::test_parse_without_verbose_flag PASSED [  4%]
2026-01-29T12:03:28.2383320Z tests/test_argument_parser.py::TestFlags::test_parse_project_name_override PASSED [  5%]
2026-01-29T12:03:28.2398840Z tests/test_argument_parser.py::TestFlags::test_parse_no_configure_flag PASSED [  5%]
2026-01-29T12:03:28.2413880Z tests/test_argument_parser.py::TestFlags::test_parse_clean_build_flag PASSED [  5%]
2026-01-29T12:03:28.2434670Z tests/test_argument_parser.py::TestHelpAndVersion::test_help_message_generation PASSED [  5%]
2026-01-29T12:03:28.2444420Z tests/test_argument_parser.py::TestHelpAndVersion::test_version_output PASSED [  5%]
2026-01-29T12:03:28.2462630Z tests/test_argument_parser.py::TestPathHandling::test_relative_paths_converted_to_absolute PASSED [  5%]
2026-01-29T12:03:28.2476150Z tests/test_argument_parser.py::TestPathHandling::test_tilde_expansion_in_paths PASSED [  5%]
2026-01-29T12:03:28.2490090Z tests/test_argument_parser.py::TestSysArgvSimulation::test_parse_from_sys_argv PASSED [  5%]
2026-01-29T12:03:28.2503510Z tests/test_argument_parser.py::TestSysArgvSimulation::test_parse_with_equals_syntax PASSED [  6%]
2026-01-29T12:03:28.2519250Z tests/test_argument_parser.py::TestDefaultValues::test_default_values_set_correctly PASSED [  6%]
2026-01-29T12:03:28.2530580Z tests/test_argument_parser.py::TestErrorCases::test_parse_without_required_argument PASSED [  6%]
2026-01-29T12:03:28.2547680Z tests/test_argument_parser.py::TestErrorCases::test_parse_with_unknown_argument PASSED [  6%]
2026-01-29T12:03:28.2559340Z tests/test_argument_validation.py::TestValidArgumentCombinations::test_validate_with_existing_source_and_build_dirs PASSED [  6%]
2026-01-29T12:03:28.2569510Z tests/test_argument_validation.py::TestValidArgumentCombinations::test_validate_with_source_dir_only PASSED [  6%]
2026-01-29T12:03:28.2579790Z tests/test_argument_validation.py::TestValidArgumentCombinations::test_validate_with_build_dir_only PASSED [  6%]
2026-01-29T12:03:28.2589570Z tests/test_argument_validation.py::TestValidArgumentCombinations::test_validate_with_valid_database_path PASSED [  7%]
2026-01-29T12:03:28.2598650Z tests/test_argument_validation.py::TestBuildDirectoryValidation::test_error_when_build_dir_missing_and_no_source_dir PASSED [  7%]
2026-01-29T12:03:28.2608230Z tests/test_argument_validation.py::TestBuildDirectoryValidation::test_error_when_build_dir_missing_no_cmake_cache PASSED [  7%]
2026-01-29T12:03:28.2617270Z tests/test_argument_validation.py::TestSourceDirectoryValidation::test_error_when_source_dir_does_not_exist PASSED [  7%]
2026-01-29T12:03:28.2628570Z tests/test_argument_validation.py::TestSourceDirectoryValidation::test_error_when_source_dir_missing_cmakelists PASSED [  7%]
2026-01-29T12:03:28.2639580Z tests/test_argument_validation.py::TestSourceDirectoryValidation::test_error_when_source_dir_is_file PASSED [  7%]
2026-01-29T12:03:28.2650410Z tests/test_argument_validation.py::TestDatabaseValidation::test_error_when_database_path_is_directory PASSED [  7%]
2026-01-29T12:03:28.2663040Z tests/test_argument_validation.py::TestDatabaseValidation::test_error_when_database_parent_does_not_exist PASSED [  7%]
2026-01-29T12:03:28.2674370Z tests/test_argument_validation.py::TestPathNormalization::test_paths_are_absolute PASSED [  8%]
2026-01-29T12:03:28.2688430Z tests/test_argument_validation.py::TestPathNormalization::test_symlinks_are_resolved PASSED [  8%]
2026-01-29T12:03:28.2698780Z tests/test_argument_validation.py::TestMutuallyExclusiveOptions::test_no_configure_requires_existing_build PASSED [  8%]
2026-01-29T12:03:28.2708160Z tests/test_argument_validation.py::TestMutuallyExclusiveOptions::test_no_configure_with_nonexistent_build_dir PASSED [  8%]
2026-01-29T12:03:28.2719600Z tests/test_argument_validation.py::TestMutuallyExclusiveOptions::test_clean_build_with_no_configure_is_invalid PASSED [  8%]
2026-01-29T12:03:28.2729820Z tests/test_argument_validation.py::TestValidationErrorMessages::test_error_message_includes_path PASSED [  8%]
2026-01-29T12:03:28.2738550Z tests/test_argument_validation.py::TestValidationErrorMessages::test_error_message_suggests_fix PASSED [  8%]
2026-01-29T12:03:28.2748410Z tests/test_argument_validation.py::TestValidationErrorMessages::test_validation_error_has_context PASSED [  9%]
2026-01-29T12:03:28.2758290Z tests/test_argument_validation.py::TestMultipleValidationErrors::test_reports_first_error_encountered PASSED [  9%]
2026-01-29T12:03:28.2799660Z tests/test_build_inspection_integration.py::TestCompleteSuccessfulBuild::test_complete_ninja_build_inspection PASSED [  9%]
2026-01-29T12:03:28.2813830Z tests/test_build_inspection_integration.py::TestCompleteSuccessfulBuild::test_complete_make_build_inspection PASSED [  9%]
2026-01-29T12:03:28.2827080Z tests/test_build_inspection_integration.py::TestBuildWithWarnings::test_build_with_gcc_warnings PASSED [  9%]
2026-01-29T12:03:28.2839190Z tests/test_build_inspection_integration.py::TestBuildWithWarnings::test_build_with_msvc_warnings PASSED [  9%]
2026-01-29T12:03:28.2851100Z tests/test_build_inspection_integration.py::TestFailedBuild::test_build_with_compilation_errors PASSED [  9%]
2026-01-29T12:03:28.2862070Z tests/test_build_inspection_integration.py::TestFailedBuild::test_build_with_link_errors PASSED [ 10%]
2026-01-29T12:03:28.2874080Z tests/test_build_inspection_integration.py::TestPartialOutput::test_build_with_minimal_output PASSED [ 10%]
2026-01-29T12:03:28.2884530Z tests/test_build_inspection_integration.py::TestPartialOutput::test_build_with_empty_output PASSED [ 10%]
2026-01-29T12:03:28.2889940Z tests/test_build_inspection_integration.py::TestPartialOutput::test_build_without_source_dir PASSED [ 10%]
2026-01-29T12:03:28.2900870Z tests/test_build_inspection_integration.py::TestMetadataCompleteness::test_metadata_has_all_required_fields PASSED [ 10%]
2026-01-29T12:03:28.2911550Z tests/test_build_inspection_integration.py::TestMetadataCompleteness::test_targets_list_is_correct_type PASSED [ 10%]
2026-01-29T12:03:28.2922220Z tests/test_build_inspection_integration.py::TestMetadataCompleteness::test_warnings_list_is_correct_type PASSED [ 10%]
2026-01-29T12:03:28.2940820Z tests/test_build_inspection_integration.py::TestIntegrationWithRealFixtures::test_with_ninja_fixture PASSED [ 10%]
2026-01-29T12:03:28.2952410Z tests/test_build_inspection_integration.py::TestEdgeCases::test_multiple_projects_use_first PASSED [ 11%]
2026-01-29T12:03:28.2963730Z tests/test_build_inspection_integration.py::TestEdgeCases::test_ansi_color_codes_handled PASSED [ 11%]
2026-01-29T12:03:28.3080300Z tests/test_build_inspection_integration.py::TestEdgeCases::test_very_large_output PASSED [ 11%]
2026-01-29T12:03:28.3092500Z tests/test_cmake_detection.py::TestCMakeDetection::test_cmake_detected_when_available PASSED [ 11%]
2026-01-29T12:03:28.3099850Z tests/test_cmake_detection.py::TestCMakeDetection::test_cmake_not_found_returns_false PASSED [ 11%]
2026-01-29T12:03:28.3107060Z tests/test_cmake_detection.py::TestCMakeDetection::test_cmake_check_handles_other_exceptions PASSED [ 11%]
2026-01-29T12:03:28.3117790Z tests/test_cmake_detection.py::TestCMakeDetection::test_cmake_check_handles_nonzero_exit_code PASSED [ 11%]
2026-01-29T12:03:28.3127990Z tests/test_cmake_detection.py::TestCMakeDetection::test_cmake_check_uses_timeout PASSED [ 12%]
2026-01-29T12:03:28.3142950Z tests/test_cmake_detection.py::TestCMakeVersionExtraction::test_get_version_standard_format PASSED [ 12%]
2026-01-29T12:03:28.3153880Z tests/test_cmake_detection.py::TestCMakeVersionExtraction::test_get_version_two_part_version PASSED [ 12%]
2026-01-29T12:03:28.3164620Z tests/test_cmake_detection.py::TestCMakeVersionExtraction::test_get_version_with_patch_and_suffix PASSED [ 12%]
2026-01-29T12:03:28.3174770Z tests/test_cmake_detection.py::TestCMakeVersionExtraction::test_get_version_multiline_output PASSED [ 12%]
2026-01-29T12:03:28.3182690Z tests/test_cmake_detection.py::TestCMakeVersionExtraction::test_get_version_cmake_not_found PASSED [ 12%]
2026-01-29T12:03:28.3189700Z tests/test_cmake_detection.py::TestCMakeVersionExtraction::test_get_version_handles_exceptions PASSED [ 12%]
2026-01-29T12:03:28.3200190Z tests/test_cmake_detection.py::TestCMakeVersionExtraction::test_get_version_invalid_output_format PASSED [ 13%]
2026-01-29T12:03:28.3210610Z tests/test_cmake_detection.py::TestCMakeVersionExtraction::test_get_version_empty_output PASSED [ 13%]
2026-01-29T12:03:28.3220770Z tests/test_cmake_detection.py::TestCMakeVersionExtraction::test_get_version_with_rc_suffix PASSED [ 13%]
2026-01-29T12:03:28.3226960Z tests/test_cmake_detection.py::TestVersionComparison::test_compare_version_greater PASSED [ 13%]
2026-01-29T12:03:28.3232050Z tests/test_cmake_detection.py::TestVersionComparison::test_compare_version_less PASSED [ 13%]
2026-01-29T12:03:28.3237110Z tests/test_cmake_detection.py::TestVersionComparison::test_compare_version_equal PASSED [ 13%]
2026-01-29T12:03:28.3248260Z tests/test_cmake_detection.py::TestVersionComparison::test_compare_version_different_lengths PASSED [ 13%]
2026-01-29T12:03:28.3253130Z tests/test_cmake_detection.py::TestVersionComparison::test_compare_version_major_difference PASSED [ 13%]
2026-01-29T12:03:28.3258260Z tests/test_cmake_detection.py::TestVersionComparison::test_compare_version_with_suffix_ignored PASSED [ 14%]
2026-01-29T12:03:28.3265650Z tests/test_cmake_detection.py::TestVersionComparison::test_check_minimum_version_success PASSED [ 14%]
2026-01-29T12:03:28.3272560Z tests/test_cmake_detection.py::TestVersionComparison::test_check_minimum_version_fail PASSED [ 14%]
2026-01-29T12:03:28.3279500Z tests/test_cmake_detection.py::TestVersionComparison::test_check_minimum_version_equal PASSED [ 14%]
2026-01-29T12:03:28.3287060Z tests/test_cmake_detection.py::TestVersionComparison::test_check_minimum_version_cmake_not_found PASSED [ 14%]
2026-01-29T12:03:28.3296890Z tests/test_cmake_detection.py::TestCMakePathResolution::test_cmake_found_in_path PASSED [ 14%]
2026-01-29T12:03:28.3307560Z tests/test_cmake_detection.py::TestCMakePathResolution::test_cmake_custom_path PASSED [ 14%]
2026-01-29T12:03:28.3317210Z tests/test_cmake_detection.py::TestCMakePathResolution::test_cmake_path_with_spaces PASSED [ 15%]
2026-01-29T12:03:28.3328770Z tests/test_cmake_detection.py::TestCMakeDetectionIntegration::test_detection_before_execution PASSED [ 15%]
2026-01-29T12:03:28.3339650Z tests/test_cmake_detection.py::TestCMakeDetectionIntegration::test_version_info_caching PASSED [ 15%]
2026-01-29T12:03:28.3346880Z tests/test_cmake_detection.py::TestCMakeDetectionIntegration::test_helpful_error_message_when_cmake_missing PASSED [ 15%]
2026-01-29T12:03:28.3796690Z tests/test_cmake_detection.py::TestRealCMakeDetection::test_real_cmake_detection PASSED [ 15%]
2026-01-29T12:03:28.3822090Z tests/test_configure_inspection.py::TestCMakeVersionExtraction::test_extract_cmake_version_from_linux_output PASSED [ 15%]
2026-01-29T12:03:28.3833660Z tests/test_configure_inspection.py::TestCMakeVersionExtraction::test_extract_cmake_version_from_windows_output PASSED [ 15%]
2026-01-29T12:03:28.3841950Z tests/test_configure_inspection.py::TestCMakeVersionExtraction::test_extract_cmake_version_from_macos_output PASSED [ 15%]
2026-01-29T12:03:28.3854330Z tests/test_configure_inspection.py::TestCMakeVersionExtraction::test_cmake_version_none_when_missing PASSED [ 16%]
2026-01-29T12:03:28.3861990Z tests/test_configure_inspection.py::TestGeneratorDetection::test_detect_visual_studio_generator PASSED [ 16%]
2026-01-29T12:03:28.3870750Z tests/test_configure_inspection.py::TestGeneratorDetection::test_generator_none_when_not_specified PASSED [ 16%]
2026-01-29T12:03:28.3878170Z tests/test_configure_inspection.py::TestCompilerDetection::test_detect_gccompiler_c PASSED [ 16%]
2026-01-29T12:03:28.3885340Z tests/test_configure_inspection.py::TestCompilerDetection::test_detect_msvcompiler_c PASSED [ 16%]
2026-01-29T12:03:28.3892810Z tests/test_configure_inspection.py::TestCompilerDetection::test_detect_clang_compiler PASSED [ 16%]
2026-01-29T12:03:28.3898210Z tests/test_configure_inspection.py::TestCompilerDetection::test_compiler_none_when_missing PASSED [ 16%]
2026-01-29T12:03:28.3905080Z tests/test_configure_inspection.py::TestSystemInfoExtraction::test_extract_linux_system_info PASSED [ 17%]
2026-01-29T12:03:28.3912140Z tests/test_configure_inspection.py::TestSystemInfoExtraction::test_extract_windows_system_info PASSED [ 17%]
2026-01-29T12:03:28.3918930Z tests/test_configure_inspection.py::TestSystemInfoExtraction::test_extract_macos_system_info PASSED [ 17%]
2026-01-29T12:03:28.3924340Z tests/test_configure_inspection.py::TestSystemInfoExtraction::test_system_info_none_when_missing PASSED [ 17%]
2026-01-29T12:03:28.3931450Z tests/test_configure_inspection.py::TestFoundPackagesDetection::test_detect_single_package PASSED [ 17%]
2026-01-29T12:03:28.3941310Z tests/test_configure_inspection.py::TestFoundPackagesDetection::test_detect_multiple_packages PASSED [ 17%]
2026-01-29T12:03:28.3948820Z tests/test_configure_inspection.py::TestFoundPackagesDetection::test_package_order_preserved PASSED [ 17%]
2026-01-29T12:03:28.3955960Z tests/test_configure_inspection.py::TestFoundPackagesDetection::test_no_packages_when_none_found PASSED [ 18%]
2026-01-29T12:03:28.3962980Z tests/test_configure_inspection.py::TestFoundPackagesDetection::test_python_package_detected PASSED [ 18%]
2026-01-29T12:03:28.3969880Z tests/test_configure_inspection.py::TestBuildTypeDetection::test_detect_release_build_type PASSED [ 18%]
2026-01-29T12:03:28.3976760Z tests/test_configure_inspection.py::TestBuildTypeDetection::test_detect_debug_build_type PASSED [ 18%]
2026-01-29T12:03:28.3983550Z tests/test_configure_inspection.py::TestBuildTypeDetection::test_detect_relwithdebinfo_build_type PASSED [ 18%]
2026-01-29T12:03:28.3988810Z tests/test_configure_inspection.py::TestBuildTypeDetection::test_build_type_none_when_missing PASSED [ 18%]
2026-01-29T12:03:28.3994570Z tests/test_configure_inspection.py::TestBuildTypeDetection::test_detect_build_type_from_cache_variable PASSED [ 18%]
2026-01-29T12:03:28.4000460Z tests/test_configure_inspection.py::TestBuildTypeDetection::test_detect_build_type_from_cache_variable_release PASSED [ 18%]
2026-01-29T12:03:28.4005270Z tests/test_configure_inspection.py::TestBuildTypeDetection::test_detect_build_type_from_simple_assignment PASSED [ 19%]
2026-01-29T12:03:28.4012450Z tests/test_configure_inspection.py::TestPartialInformation::test_handle_minimal_output PASSED [ 19%]
2026-01-29T12:03:28.4018030Z tests/test_configure_inspection.py::TestPartialInformation::test_handle_empty_output PASSED [ 19%]
2026-01-29T12:03:28.4023410Z tests/test_configure_inspection.py::TestPartialInformation::test_handle_partial_compiler_info PASSED [ 19%]
2026-01-29T12:03:28.4032050Z tests/test_configure_inspection.py::TestCrossPlatformOutput::test_all_platforms_return_valid_metadata PASSED [ 19%]
2026-01-29T12:03:28.4040910Z tests/test_configure_inspection.py::TestCrossPlatformOutput::test_platform_specificompiler_cs_detected PASSED [ 19%]
2026-01-29T12:03:28.4048170Z tests/test_configure_inspection.py::TestMetadataIntegrity::test_metadata_has_all_fields PASSED [ 19%]
2026-01-29T12:03:28.4054610Z tests/test_configure_inspection.py::TestMetadataIntegrity::test_found_packages_is_list PASSED [ 20%]
2026-01-29T12:03:28.4062030Z tests/test_configure_inspection.py::TestMetadataIntegrity::test_string_fields_are_strings_or_none PASSED [ 20%]
2026-01-29T12:03:28.4076500Z tests/test_database_schema.py::TestDatabaseCreation::test_database_creation_with_none_path_uses_default PASSED [ 20%]
2026-01-29T12:03:28.4197940Z tests/test_database_schema.py::TestDatabaseCreation::test_context_manager_closes_connection PASSED [ 20%]
2026-01-29T12:03:28.4269530Z tests/test_database_schema.py::TestDatabaseCreation::test_database_creation_in_temporary_location PASSED [ 20%]
2026-01-29T12:03:28.4350150Z tests/test_database_schema.py::TestDatabaseCreation::test_database_creation_in_default_location PASSED [ 20%]
2026-01-29T12:03:28.4429840Z tests/test_database_schema.py::TestDatabaseCreation::test_database_connection_established PASSED [ 20%]
2026-01-29T12:03:28.4529570Z tests/test_database_schema.py::TestDatabaseCreation::test_idempotent_initialization PASSED [ 21%]
2026-01-29T12:03:28.4614210Z tests/test_database_schema.py::TestTableStructure::test_all_tables_created PASSED [ 21%]
2026-01-29T12:03:28.4696420Z tests/test_database_schema.py::TestTableStructure::test_configurations_table_columns PASSED [ 21%]
2026-01-29T12:03:28.4777410Z tests/test_database_schema.py::TestTableStructure::test_builds_table_columns PASSED [ 21%]
2026-01-29T12:03:28.4863530Z tests/test_database_schema.py::TestTableStructure::test_warnings_table_columns PASSED [ 21%]
2026-01-29T12:03:28.4943770Z tests/test_database_schema.py::TestTableStructure::test_errors_table_columns PASSED [ 21%]
2026-01-29T12:03:28.5020560Z tests/test_database_schema.py::TestTableStructure::test_build_targets_table_columns PASSED [ 21%]
2026-01-29T12:03:28.5098350Z tests/test_database_schema.py::TestIndexes::test_all_indexes_created PASSED [ 21%]
2026-01-29T12:03:28.5184850Z tests/test_database_schema.py::TestConstraints::test_foreign_key_constraints_enabled PASSED [ 22%]
2026-01-29T12:03:28.5273660Z tests/test_database_schema.py::TestConstraints::test_builds_foreign_key_to_configurations PASSED [ 22%]
2026-01-29T12:03:28.5347610Z tests/test_database_schema.py::TestConstraints::test_builds_foreign_key_constraint_enforced PASSED [ 22%]
2026-01-29T12:03:28.5429040Z tests/test_database_schema.py::TestConstraints::test_warnings_foreign_key_cascade_delete PASSED [ 22%]
2026-01-29T12:03:28.5522010Z tests/test_database_schema.py::TestConstraints::test_errors_foreign_key_cascade_delete PASSED [ 22%]
2026-01-29T12:03:28.5604090Z tests/test_database_schema.py::TestConstraints::test_default_values_set_correctly PASSED [ 22%]
2026-01-29T12:03:28.5687870Z tests/test_database_schema.py::TestConstraints::test_builds_default_warning_error_counts PASSED [ 22%]
2026-01-29T12:03:28.5762390Z tests/test_database_schema.py::TestConnectionManagement::test_connection_reuse PASSED [ 23%]
2026-01-29T12:03:28.5835480Z tests/test_database_schema.py::TestConnectionManagement::test_close_connection PASSED [ 23%]
2026-01-29T12:03:28.5841120Z tests/test_documentation.py::TestModuleDocstrings::test_main_package_docstring PASSED [ 23%]
2026-01-29T12:03:28.5846320Z tests/test_documentation.py::TestModuleDocstrings::test_models_package_docstring PASSED [ 23%]
2026-01-29T12:03:28.5851580Z tests/test_documentation.py::TestModuleDocstrings::test_utils_package_docstring PASSED [ 23%]
2026-01-29T12:03:28.5857300Z tests/test_documentation.py::TestClassDocstrings::test_data_model_classes_have_docstrings PASSED [ 23%]
2026-01-29T12:03:28.5862610Z tests/test_documentation.py::TestClassDocstrings::test_cli_classes_have_docstrings PASSED [ 23%]
2026-01-29T12:03:28.5867670Z tests/test_documentation.py::TestClassDocstrings::test_cmake_classes_have_docstrings PASSED [ 23%]
2026-01-29T12:03:28.5873120Z tests/test_documentation.py::TestClassDocstrings::test_inspector_classes_have_docstrings PASSED [ 24%]
2026-01-29T12:03:28.5878290Z tests/test_documentation.py::TestClassDocstrings::test_storage_classes_have_docstrings PASSED [ 24%]
2026-01-29T12:03:28.5884000Z tests/test_documentation.py::TestMethodDocstrings::test_cmake_executor_methods_have_docstrings PASSED [ 24%]
2026-01-29T12:03:28.5889990Z tests/test_documentation.py::TestMethodDocstrings::test_parameter_manager_methods_have_docstrings PASSED [ 24%]
2026-01-29T12:03:28.5895470Z tests/test_documentation.py::TestMethodDocstrings::test_build_inspector_methods_have_docstrings PASSED [ 24%]
2026-01-29T12:03:28.5900990Z tests/test_documentation.py::TestMethodDocstrings::test_persistence_methods_have_docstrings PASSED [ 24%]
2026-01-29T12:03:28.5906580Z tests/test_documentation.py::TestFunctionDocstrings::test_formatting_functions_have_docstrings PASSED [ 24%]
2026-01-29T12:03:28.5911930Z tests/test_documentation.py::TestFunctionDocstrings::test_logging_config_functions_have_docstrings PASSED [ 25%]
2026-01-29T12:03:28.5916800Z tests/test_documentation.py::TestDocstringFormat::test_forge_arguments_docstring_format PASSED [ 25%]
2026-01-29T12:03:28.5922130Z tests/test_documentation.py::TestDocstringFormat::test_executor_execute_configure_docstring_format PASSED [ 25%]
2026-01-29T12:03:28.5928270Z tests/test_documentation.py::TestDocstringFormat::test_format_duration_docstring_format PASSED [ 25%]
2026-01-29T12:03:28.5933530Z tests/test_documentation.py::TestDocstringCompleteness::test_parameter_docstrings_match_signatures PASSED [ 25%]
2026-01-29T12:03:28.5945800Z tests/test_documentation.py::TestDocstringCompleteness::test_return_types_documented PASSED [ 25%]
2026-01-29T12:03:28.5951820Z tests/test_documentation.py::TestDocstringExamples::test_format_duration_examples PASSED [ 25%]
2026-01-29T12:03:28.5957830Z tests/test_documentation.py::TestDocstringExamples::test_format_timestamp_examples PASSED [ 26%]
2026-01-29T12:03:28.5964660Z tests/test_documentation.py::TestAPIExportCompleteness::test_models_all_export PASSED [ 26%]
2026-01-29T12:03:31.9155050Z tests/test_e2e_samples.py::TestSimpleExecutable::test_configure_and_build_simple_executable PASSED [ 26%]
2026-01-29T12:03:32.7663770Z tests/test_e2e_samples.py::TestSimpleExecutable::test_build_only_simple_executable PASSED [ 26%]
2026-01-29T12:03:34.5420050Z tests/test_e2e_samples.py::TestMultipleTargets::test_multiple_targets_project PASSED [ 26%]
2026-01-29T12:03:35.5236520Z tests/test_e2e_samples.py::TestHeaderOnlyLibrary::test_header_only_library PASSED [ 26%]
2026-01-29T12:03:36.4969770Z tests/test_e2e_samples.py::TestSubdirectories::test_project_with_subdirectories PASSED [ 26%]
2026-01-29T12:03:37.3086680Z tests/test_e2e_samples.py::TestBuildTypes::test_debug_build PASSED       [ 26%]
2026-01-29T12:03:38.2452450Z tests/test_e2e_samples.py::TestBuildTypes::test_release_build PASSED     [ 27%]
2026-01-29T12:03:39.0960230Z tests/test_e2e_samples.py::TestEndToEndWorkflow::test_complete_workflow_with_metadata PASSED [ 27%]
2026-01-29T12:03:39.9684910Z tests/test_e2e_samples.py::TestEndToEndWorkflow::test_verbose_output PASSED [ 27%]
2026-01-29T12:03:41.6121800Z tests/test_e2e_samples.py::TestDataPersistence::test_multiple_builds_same_project PASSED [ 27%]
2026-01-29T12:03:43.2996580Z tests/test_e2e_samples.py::TestDataPersistence::test_multiple_different_projects PASSED [ 27%]
2026-01-29T12:03:43.4394790Z tests/test_edge_cases.py::TestVeryLongOutput::test_very_long_configure_output PASSED [ 27%]
2026-01-29T12:03:43.5679560Z tests/test_edge_cases.py::TestUnicodeOutput::test_unicode_in_configure_output PASSED [ 27%]
2026-01-29T12:03:43.7547690Z tests/test_edge_cases.py::TestPathsWithSpecialCharacters::test_path_with_spaces PASSED [ 28%]
2026-01-29T12:03:43.9049200Z tests/test_edge_cases.py::TestBuildDuration::test_very_quick_build PASSED [ 28%]
2026-01-29T12:03:43.9206440Z tests/test_edge_cases.py::TestDatabaseEdgeCases::test_database_directory_not_exists PASSED [ 28%]
2026-01-29T12:03:43.9253610Z tests/test_executor_basic.py::TestSuccessfulExecution::test_execute_configure_success PASSED [ 28%]
2026-01-29T12:03:43.9272170Z tests/test_executor_basic.py::TestSuccessfulExecution::test_execute_build_success PASSED [ 28%]
2026-01-29T12:03:43.9331410Z tests/test_executor_basic.py::TestSuccessfulExecution::test_execute_with_echo_command PASSED [ 28%]
2026-01-29T12:03:43.9352060Z tests/test_executor_basic.py::TestFailedExecution::test_execute_configure_failure PASSED [ 28%]
2026-01-29T12:03:43.9369010Z tests/test_executor_basic.py::TestFailedExecution::test_execute_build_failure PASSED [ 28%]
2026-01-29T12:03:43.9436800Z tests/test_executor_basic.py::TestFailedExecution::test_execute_with_failing_command PASSED [ 29%]
2026-01-29T12:03:43.9473770Z tests/test_executor_basic.py::TestCommandNotFound::test_command_not_found_configure PASSED [ 29%]
2026-01-29T12:03:43.9501840Z tests/test_executor_basic.py::TestCommandNotFound::test_command_not_found_build PASSED [ 29%]
2026-01-29T12:03:43.9512720Z tests/test_executor_basic.py::TestCommandNotFound::test_general_exception_configure PASSED [ 29%]
2026-01-29T12:03:43.9520800Z tests/test_executor_basic.py::TestCommandNotFound::test_general_exception_build PASSED [ 29%]
2026-01-29T12:03:43.9535240Z tests/test_executor_basic.py::TestTimeoutHandling::test_execution_timeout PASSED [ 29%]
2026-01-29T12:03:43.9550660Z tests/test_executor_basic.py::TestTimeoutHandling::test_timeout_with_existing_stderr PASSED [ 29%]
2026-01-29T12:03:43.9565680Z tests/test_executor_basic.py::TestTimeoutHandling::test_timeout_build_command PASSED [ 30%]
2026-01-29T12:03:43.9623800Z tests/test_executor_basic.py::TestWorkingDirectory::test_working_directory_is_set PASSED [ 30%]
2026-01-29T12:03:43.9636410Z tests/test_executor_basic.py::TestWorkingDirectory::test_default_working_directory PASSED [ 30%]
2026-01-29T12:03:43.9685290Z tests/test_executor_basic.py::TestResultObjectPopulation::test_configure_result_has_all_fields PASSED [ 30%]
2026-01-29T12:03:43.9731680Z tests/test_executor_basic.py::TestResultObjectPopulation::test_build_result_has_all_fields PASSED [ 30%]
2026-01-29T12:03:43.9774680Z tests/test_executor_basic.py::TestResultObjectPopulation::test_stdout_is_captured PASSED [ 30%]
2026-01-29T12:03:43.9838180Z tests/test_executor_basic.py::TestResultObjectPopulation::test_stderr_is_captured PASSED [ 30%]
2026-01-29T12:03:43.9884900Z tests/test_executor_basic.py::TestExitCodeCapture::test_exit_code_zero PASSED [ 31%]
2026-01-29T12:03:43.9942120Z tests/test_executor_basic.py::TestExitCodeCapture::test_exit_code_nonzero PASSED [ 31%]
2026-01-29T12:03:43.9955760Z tests/test_executor_basic.py::TestExitCodeCapture::test_exit_code_in_result_object PASSED [ 31%]
2026-01-29T12:03:44.0164120Z tests/test_executor_integration.py::TestRealProcessExecution::test_real_stdout_capture PASSED [ 31%]
2026-01-29T12:03:44.0332200Z tests/test_executor_integration.py::TestRealProcessExecution::test_real_stderr_capture PASSED [ 31%]
2026-01-29T12:03:44.0499180Z tests/test_executor_integration.py::TestRealProcessExecution::test_real_exit_code_success PASSED [ 31%]
2026-01-29T12:03:44.0664010Z tests/test_executor_integration.py::TestRealProcessExecution::test_real_exit_code_failure PASSED [ 31%]
2026-01-29T12:03:44.0692500Z tests/test_executor_integration.py::TestRealProcessExecution::test_real_command_not_found PASSED [ 31%]
2026-01-29T12:03:44.0864910Z tests/test_executor_integration.py::TestRealProcessExecution::test_real_unicode_output PASSED [ 32%]
2026-01-29T12:03:44.1034480Z tests/test_executor_integration.py::TestRealProcessExecution::test_real_large_output PASSED [ 32%]
2026-01-29T12:03:44.1207150Z tests/test_executor_integration.py::TestRealProcessExecution::test_real_multiline_output PASSED [ 32%]
2026-01-29T12:03:44.1376940Z tests/test_executor_integration.py::TestRealProcessExecution::test_real_mixed_output PASSED [ 32%]
2026-01-29T12:03:44.1557270Z tests/test_executor_integration.py::TestRealProcessExecution::test_real_empty_output PASSED [ 32%]
2026-01-29T12:03:44.1742340Z tests/test_executor_integration.py::TestRealProcessExecution::test_real_working_directory PASSED [ 32%]
2026-01-29T12:03:44.3290910Z tests/test_executor_integration.py::TestRealProcessExecution::test_real_timing_accuracy PASSED [ 32%]
2026-01-29T12:03:44.3646500Z tests/test_executor_integration.py::TestRealProcessExecution::test_real_multiple_executions_independent PASSED [ 33%]
2026-01-29T12:03:44.3831910Z tests/test_executor_integration.py::TestRealBuildExecution::test_real_build_stdout_capture PASSED [ 33%]
2026-01-29T12:03:44.4000510Z tests/test_executor_integration.py::TestRealBuildExecution::test_real_build_exit_code PASSED [ 33%]
2026-01-29T12:03:44.5213630Z tests/test_executor_integration.py::TestRealBuildExecution::test_real_build_timing PASSED [ 33%]
2026-01-29T12:03:44.5383730Z tests/test_executor_integration.py::TestRealStreamingBehavior::test_real_streaming_enabled PASSED [ 33%]
2026-01-29T12:03:44.5560950Z tests/test_executor_integration.py::TestRealStreamingBehavior::test_real_streaming_disabled PASSED [ 33%]
2026-01-29T12:03:45.0613210Z tests/test_executor_integration.py::TestRealTimeoutBehavior::test_real_timeout_kills_process PASSED [ 33%]
2026-01-29T12:03:45.0779160Z tests/test_executor_integration.py::TestRealTimeoutBehavior::test_real_timeout_not_triggered PASSED [ 34%]
2026-01-29T12:03:45.0946450Z tests/test_executor_integration.py::TestRealEdgeCases::test_real_output_with_no_newline PASSED [ 34%]
2026-01-29T12:03:45.1115000Z tests/test_executor_integration.py::TestRealEdgeCases::test_real_output_with_multiple_newlines PASSED [ 34%]
2026-01-29T12:03:45.1277850Z tests/test_executor_integration.py::TestRealEdgeCases::test_real_binary_output_handling PASSED [ 34%]
2026-01-29T12:03:45.1446670Z tests/test_executor_integration.py::TestRealEdgeCases::test_real_very_long_line PASSED [ 34%]
2026-01-29T12:03:45.1613350Z tests/test_executor_integration.py::TestRealEdgeCases::test_real_rapid_output PASSED [ 34%]
2026-01-29T12:03:45.1787060Z tests/test_executor_integration.py::TestRealEdgeCases::test_real_stderr_without_stdout PASSED [ 34%]
2026-01-29T12:03:45.1972170Z tests/test_executor_integration.py::TestRealEdgeCases::test_real_exit_with_output PASSED [ 34%]
2026-01-29T12:03:45.2088590Z tests/test_executor_integration.py::TestRealCrossCompatibility::test_real_python_executable PASSED [ 35%]
2026-01-29T12:03:45.2261250Z tests/test_executor_integration.py::TestRealCrossCompatibility::test_real_path_handling PASSED [ 35%]
2026-01-29T12:03:45.2455680Z tests/test_executor_integration.py::TestRealCrossCompatibility::test_real_environment_inheritance PASSED [ 35%]
2026-01-29T12:03:45.2471350Z tests/test_executor_output.py::TestStdoutCapture::test_stdout_captured_completely PASSED [ 35%]
2026-01-29T12:03:45.2505770Z tests/test_executor_output.py::TestStdoutCapture::test_large_stdout_handling PASSED [ 35%]
2026-01-29T12:03:45.2527430Z tests/test_executor_output.py::TestStdoutCapture::test_stdout_with_unicode_characters PASSED [ 35%]
2026-01-29T12:03:45.2539380Z tests/test_executor_output.py::TestStderrCapture::test_stderr_captured_completely PASSED [ 35%]
2026-01-29T12:03:45.2576640Z tests/test_executor_output.py::TestStderrCapture::test_stderr_with_warnings PASSED [ 36%]
2026-01-29T12:03:45.2577640Z tests/test_executor_output.py::TestMixedOutput::test_mixed_stdout_stderr PASSED [ 36%]
2026-01-29T12:03:45.2579050Z tests/test_executor_output.py::TestMixedOutput::test_empty_stdout_with_stderr PASSED [ 36%]
2026-01-29T12:03:45.2591470Z tests/test_executor_output.py::TestMixedOutput::test_empty_stderr_with_stdout PASSED [ 36%]
2026-01-29T12:03:45.2604070Z tests/test_executor_output.py::TestSpecialCharacters::test_ansi_color_codes_in_output PASSED [ 36%]
2026-01-29T12:03:45.2617420Z tests/test_executor_output.py::TestSpecialCharacters::test_carriage_return_handling PASSED [ 36%]
2026-01-29T12:03:45.2629710Z tests/test_executor_output.py::TestSpecialCharacters::test_null_bytes_in_output PASSED [ 36%]
2026-01-29T12:03:45.2640440Z tests/test_executor_output.py::TestSpecialCharacters::test_invalid_utf8_sequences PASSED [ 36%]
2026-01-29T12:03:45.2652070Z tests/test_executor_output.py::TestOutputBuffering::test_output_with_no_trailing_newline PASSED [ 37%]
2026-01-29T12:03:45.2664660Z tests/test_executor_output.py::TestOutputBuffering::test_output_with_multiple_newlines PASSED [ 37%]
2026-01-29T12:03:45.2677090Z tests/test_executor_output.py::TestOutputBuffering::test_very_long_lines PASSED [ 37%]
2026-01-29T12:03:45.2691240Z tests/test_executor_output.py::TestBuildOutput::test_build_stdout_capture PASSED [ 37%]
2026-01-29T12:03:45.2703800Z tests/test_executor_output.py::TestBuildOutput::test_build_with_compilation_errors PASSED [ 37%]
2026-01-29T12:03:45.2714880Z tests/test_executor_output.py::TestEmptyOutput::test_no_output_success PASSED [ 37%]
2026-01-29T12:03:45.2735120Z tests/test_executor_output.py::TestEmptyOutput::test_no_output_failure PASSED [ 37%]
2026-01-29T12:03:45.2744910Z tests/test_executor_output.py::TestRealTimeStreaming::test_stdout_streams_to_console PASSED [ 38%]
2026-01-29T12:03:45.2756360Z tests/test_executor_output.py::TestRealTimeStreaming::test_stderr_streams_to_console PASSED [ 38%]
2026-01-29T12:03:45.2767830Z tests/test_executor_output.py::TestRealTimeStreaming::test_streaming_can_be_disabled PASSED [ 38%]
2026-01-29T12:03:45.2780960Z tests/test_executor_output.py::TestRealTimeStreaming::test_interleaved_output_streaming PASSED [ 38%]
2026-01-29T12:03:45.2814390Z tests/test_executor_output.py::TestStreamingPerformance::test_streaming_with_large_output PASSED [ 38%]
2026-01-29T12:03:45.2826280Z tests/test_executor_output.py::TestStreamingPerformance::test_streaming_performance_mode PASSED [ 38%]
2026-01-29T12:03:45.2839540Z tests/test_executor_output.py::TestStreamingPerformance::test_streaming_with_stderr_only PASSED [ 38%]
2026-01-29T12:03:45.2855700Z tests/test_executor_output.py::TestStreamingPerformance::test_streaming_disabled_with_timeout PASSED [ 39%]
2026-01-29T12:03:45.2867770Z tests/test_executor_results.py::TestTimingAccuracy::test_start_time_recorded_before_execution PASSED [ 39%]
2026-01-29T12:03:45.2884780Z tests/test_executor_results.py::TestTimingAccuracy::test_end_time_recorded_after_execution PASSED [ 39%]
2026-01-29T12:03:45.2890920Z tests/test_executor_results.py::TestTimingAccuracy::test_duration_calculated_correctly PASSED [ 39%]
2026-01-29T12:03:45.2903240Z tests/test_executor_results.py::TestTimingAccuracy::test_timing_with_sub_millisecond_precision PASSED [ 39%]
2026-01-29T12:03:45.2919630Z tests/test_executor_results.py::TestTimingAccuracy::test_timing_for_quick_commands PASSED [ 39%]
2026-01-29T12:03:45.4333920Z tests/test_executor_results.py::TestTimingAccuracy::test_timing_for_longer_commands PASSED [ 39%]
2026-01-29T12:03:45.4347300Z tests/test_executor_results.py::TestTimingAccuracy::test_timing_consistency_across_multiple_calls PASSED [ 39%]
2026-01-29T12:03:45.4366420Z tests/test_executor_results.py::TestConfigureResultPopulation::test_configure_result_has_all_required_fields PASSED [ 40%]
2026-01-29T12:03:45.4379200Z tests/test_executor_results.py::TestConfigureResultPopulation::test_configure_result_success_field_correct PASSED [ 40%]
2026-01-29T12:03:45.4390980Z tests/test_executor_results.py::TestConfigureResultPopulation::test_configure_result_failure_field_correct PASSED [ 40%]
2026-01-29T12:03:45.4402210Z tests/test_executor_results.py::TestConfigureResultPopulation::test_configure_result_stdout_populated PASSED [ 40%]
2026-01-29T12:03:45.4416360Z tests/test_executor_results.py::TestConfigureResultPopulation::test_configure_result_stderr_populated PASSED [ 40%]
2026-01-29T12:03:45.4426590Z tests/test_executor_results.py::TestConfigureResultPopulation::test_configure_result_datetime_types PASSED [ 40%]
2026-01-29T12:03:45.4438700Z tests/test_executor_results.py::TestConfigureResultPopulation::test_configure_result_optional_fields_none PASSED [ 40%]
2026-01-29T12:03:45.4450870Z tests/test_executor_results.py::TestBuildResultPopulation::test_build_result_has_all_required_fields PASSED [ 41%]
2026-01-29T12:03:45.4461670Z tests/test_executor_results.py::TestBuildResultPopulation::test_build_result_success_with_exit_code_zero PASSED [ 41%]
2026-01-29T12:03:45.4472420Z tests/test_executor_results.py::TestBuildResultPopulation::test_build_result_failure_with_nonzero_exit_code PASSED [ 41%]
2026-01-29T12:03:45.4484300Z tests/test_executor_results.py::TestBuildResultPopulation::test_build_result_stdout_populated PASSED [ 41%]
2026-01-29T12:03:45.4497920Z tests/test_executor_results.py::TestBuildResultPopulation::test_build_result_stderr_populated PASSED [ 41%]
2026-01-29T12:03:45.4509080Z tests/test_executor_results.py::TestBuildResultPopulation::test_build_result_timing_fields PASSED [ 41%]
2026-01-29T12:03:45.4520510Z tests/test_executor_results.py::TestBuildResultPopulation::test_build_result_optional_fields_defaults PASSED [ 41%]
2026-01-29T12:03:45.4530290Z tests/test_executor_results.py::TestErrorCaseResultPopulation::test_command_not_found_result PASSED [ 42%]
2026-01-29T12:03:45.4552920Z tests/test_executor_results.py::TestErrorCaseResultPopulation::test_timeout_result_population PASSED [ 42%]
2026-01-29T12:03:45.4560910Z tests/test_executor_results.py::TestErrorCaseResultPopulation::test_general_exception_result PASSED [ 42%]
2026-01-29T12:03:45.4582610Z tests/test_executor_results.py::TestResultObjectConsistency::test_configure_and_build_results_structure_similar PASSED [ 42%]
2026-01-29T12:03:45.4597250Z tests/test_executor_results.py::TestResultObjectConsistency::test_results_are_independent_objects PASSED [ 42%]
2026-01-29T12:03:45.4609250Z tests/test_executor_results.py::TestResultObjectConsistency::test_empty_output_still_creates_valid_result PASSED [ 42%]
2026-01-29T12:03:45.4619200Z tests/test_executor_results.py::TestDurationCalculation::test_duration_is_positive PASSED [ 42%]
2026-01-29T12:03:45.4632450Z tests/test_executor_results.py::TestDurationCalculation::test_duration_matches_time_difference PASSED [ 42%]
2026-01-29T12:03:45.4643190Z tests/test_executor_results.py::TestDurationCalculation::test_duration_precision PASSED [ 43%]
2026-01-29T12:03:45.4653640Z tests/test_executor_results.py::TestDurationCalculation::test_start_time_before_end_time PASSED [ 43%]
2026-01-29T12:03:45.5675270Z tests/test_executor_results.py::TestDurationCalculation::test_duration_with_simulated_delay PASSED [ 43%]
2026-01-29T12:03:45.5683730Z tests/test_generator_detection.py::TestNinjaDetection::test_ninja_selected_when_available PASSED [ 43%]
2026-01-29T12:03:45.5693420Z tests/test_generator_detection.py::TestNinjaDetection::test_ninja_not_selected_when_unavailable PASSED [ 43%]
2026-01-29T12:03:45.5702830Z tests/test_generator_detection.py::TestNinjaDetection::test_ninja_detection_case_insensitive PASSED [ 43%]
2026-01-29T12:03:45.5712050Z tests/test_generator_detection.py::TestUnixMakefilesFallback::test_unix_makefiles_on_linux_without_ninja PASSED [ 43%]
2026-01-29T12:03:45.5721830Z tests/test_generator_detection.py::TestUnixMakefilesFallback::test_unix_makefiles_on_macos_without_ninja PASSED [ 44%]
2026-01-29T12:03:45.5730480Z tests/test_generator_detection.py::TestUnixMakefilesFallback::test_unix_makefiles_not_used_on_windows PASSED [ 44%]
2026-01-29T12:03:45.5739990Z tests/test_generator_detection.py::TestVisualStudioDetection::test_visual_studio_on_windows_without_ninja PASSED [ 44%]
2026-01-29T12:03:45.5750490Z tests/test_generator_detection.py::TestVisualStudioDetection::test_visual_studio_version_detection PASSED [ 44%]
2026-01-29T12:03:45.5759240Z tests/test_generator_detection.py::TestVisualStudioDetection::test_visual_studio_not_used_on_unix PASSED [ 44%]
2026-01-29T12:03:45.5769930Z tests/test_generator_detection.py::TestVisualStudioDetection::test_nmake_fallback_when_vs_not_found PASSED [ 44%]
2026-01-29T12:03:45.5775750Z tests/test_generator_detection.py::TestExplicitGeneratorSpecification::test_explicit_generator_overrides_detection PASSED [ 44%]
2026-01-29T12:03:45.5781500Z tests/test_generator_detection.py::TestExplicitGeneratorSpecification::test_explicit_generator_with_spaces PASSED [ 44%]
2026-01-29T12:03:45.5786920Z tests/test_generator_detection.py::TestExplicitGeneratorSpecification::test_explicit_generator_separate_arg PASSED [ 45%]
2026-01-29T12:03:45.5794400Z tests/test_generator_detection.py::TestExplicitGeneratorSpecification::test_explicit_generator_not_overridden_by_detection PASSED [ 45%]
2026-01-29T12:03:45.5804120Z tests/test_generator_detection.py::TestGeneratorValidation::test_invalid_generator_raises_error PASSED [ 45%]
2026-01-29T12:03:45.5810300Z tests/test_generator_detection.py::TestGeneratorValidation::test_valid_generator_passes_validation PASSED [ 45%]
2026-01-29T12:03:45.5817000Z tests/test_generator_detection.py::TestGeneratorValidation::test_empty_generator_name_raises_error PASSED [ 45%]
2026-01-29T12:03:45.5824600Z tests/test_generator_detection.py::TestGeneratorValidation::test_empty_generator_after_g_flag PASSED [ 45%]
2026-01-29T12:03:45.5831250Z tests/test_generator_detection.py::TestGeneratorValidation::test_empty_generator_string_after_g PASSED [ 45%]
2026-01-29T12:03:45.5838960Z tests/test_generator_detection.py::TestGeneratorAvailability::test_check_generator_available_with_ninja PASSED [ 46%]
2026-01-29T12:03:45.5846620Z tests/test_generator_detection.py::TestGeneratorAvailability::test_check_generator_unavailable PASSED [ 46%]
2026-01-29T12:03:45.5855010Z tests/test_generator_detection.py::TestGeneratorAvailability::test_unix_makefiles_always_available_on_unix PASSED [ 46%]
2026-01-29T12:03:45.5864470Z tests/test_generator_detection.py::TestGeneratorAvailability::test_visual_studio_availability_on_windows PASSED [ 46%]
2026-01-29T12:03:45.5871880Z tests/test_generator_detection.py::TestGeneratorAvailability::test_visual_studio_not_available_on_unix PASSED [ 46%]
2026-01-29T12:03:45.5886840Z tests/test_generator_detection.py::TestGeneratorAvailability::test_nmake_available_on_windows PASSED [ 46%]
2026-01-29T12:03:45.5900080Z tests/test_generator_detection.py::TestGeneratorAvailability::test_nmake_not_available_on_unix PASSED [ 46%]
2026-01-29T12:03:45.5905360Z tests/test_generator_detection.py::TestGeneratorAvailability::test_unknown_generator_unavailable PASSED [ 47%]
2026-01-29T12:03:45.5917510Z tests/test_generator_detection.py::TestPlatformSpecificBehavior::test_generator_priority_on_linux PASSED [ 47%]
2026-01-29T12:03:45.5932330Z tests/test_generator_detection.py::TestPlatformSpecificBehavior::test_generator_priority_on_windows PASSED [ 47%]
2026-01-29T12:03:45.5941610Z tests/test_generator_detection.py::TestPlatformSpecificBehavior::test_unsupported_platform_fallback PASSED [ 47%]
2026-01-29T12:03:45.5950360Z tests/test_generator_detection.py::TestGeneratorInCommandGeneration::test_detected_generator_in_configure_command PASSED [ 47%]
2026-01-29T12:03:45.5956500Z tests/test_generator_detection.py::TestGeneratorInCommandGeneration::test_explicit_generator_preserved_in_command PASSED [ 47%]
2026-01-29T12:03:45.5963000Z tests/test_generator_detection.py::TestGeneratorInCommandGeneration::test_generator_not_duplicated_in_command PASSED [ 47%]
2026-01-29T12:03:45.5975380Z tests/test_logging.py::TestLoggingConfiguration::test_configure_logging_default_level PASSED [ 47%]
2026-01-29T12:03:45.5983500Z tests/test_logging.py::TestLoggingConfiguration::test_configure_logging_verbose_level PASSED [ 48%]
2026-01-29T12:03:45.5991140Z tests/test_logging.py::TestLoggingConfiguration::test_configure_logging_info_level_explicit PASSED [ 48%]
2026-01-29T12:03:45.5998720Z tests/test_logging.py::TestLoggingConfiguration::test_configure_logging_warning_level PASSED [ 48%]
2026-01-29T12:03:45.6007980Z tests/test_logging.py::TestLoggingConfiguration::test_configure_logging_error_level PASSED [ 48%]
2026-01-29T12:03:45.6013080Z tests/test_logging.py::TestLoggerRetrieval::test_get_logger_returns_logger PASSED [ 48%]
2026-01-29T12:03:45.6018430Z tests/test_logging.py::TestLoggerRetrieval::test_get_logger_with_name PASSED [ 48%]
2026-01-29T12:03:45.6024070Z tests/test_logging.py::TestLoggerRetrieval::test_get_logger_default_name PASSED [ 48%]
2026-01-29T12:03:45.6028670Z tests/test_logging.py::TestLoggerRetrieval::test_get_logger_same_name_returns_same_instance PASSED [ 49%]
2026-01-29T12:03:45.6036530Z tests/test_logging.py::TestConsoleOutput::test_log_output_to_console_default PASSED [ 49%]
2026-01-29T12:03:45.6042260Z tests/test_logging.py::TestConsoleOutput::test_console_handler_configured PASSED [ 49%]
2026-01-29T12:03:45.6056920Z tests/test_logging.py::TestFileOutput::test_log_output_to_file PASSED    [ 49%]
2026-01-29T12:03:45.6073860Z tests/test_logging.py::TestFileOutput::test_log_file_created_in_directory PASSED [ 49%]
2026-01-29T12:03:45.6090580Z tests/test_logging.py::TestFileOutput::test_both_console_and_file_output PASSED [ 49%]
2026-01-29T12:03:45.6099330Z tests/test_logging.py::TestLogFormatting::test_log_format_includes_level PASSED [ 49%]
2026-01-29T12:03:45.6108250Z tests/test_logging.py::TestLogFormatting::test_log_format_includes_message PASSED [ 50%]
2026-01-29T12:03:45.6117030Z tests/test_logging.py::TestLogFormatting::test_log_format_includes_logger_name PASSED [ 50%]
2026-01-29T12:03:45.6127940Z tests/test_logging.py::TestLogFormatting::test_log_format_different_levels PASSED [ 50%]
2026-01-29T12:03:45.6148560Z tests/test_logging.py::TestExceptionLogging::test_exception_logged_with_traceback PASSED [ 50%]
2026-01-29T12:03:45.6159170Z tests/test_logging.py::TestExceptionLogging::test_exception_traceback_includes_file_info PASSED [ 50%]
2026-01-29T12:03:45.6167250Z tests/test_logging.py::TestExceptionLogging::test_error_without_exception_context PASSED [ 50%]
2026-01-29T12:03:45.6175540Z tests/test_logging.py::TestPerformanceLogging::test_timing_info_logged PASSED [ 50%]
2026-01-29T12:03:45.6184160Z tests/test_logging.py::TestPerformanceLogging::test_multiple_timing_logs PASSED [ 50%]
2026-01-29T12:03:45.6190000Z tests/test_logging.py::TestLoggingReset::test_reset_logging_clears_handlers PASSED [ 51%]
2026-01-29T12:03:45.6198470Z tests/test_logging.py::TestLoggingReset::test_reconfigure_after_reset PASSED [ 51%]
2026-01-29T12:03:45.6207180Z tests/test_logging.py::TestContextualLogging::test_log_with_extra_context PASSED [ 51%]
2026-01-29T12:03:45.6215720Z tests/test_logging.py::TestContextualLogging::test_log_structured_data PASSED [ 51%]
2026-01-29T12:03:45.6226090Z tests/test_logging.py::TestMultipleLoggers::test_different_modules_same_config PASSED [ 51%]
2026-01-29T12:03:45.6234790Z tests/test_logging.py::TestMultipleLoggers::test_logger_hierarchy PASSED [ 51%]
2026-01-29T12:03:45.6244900Z tests/test_logging.py::TestEdgeCases::test_configure_logging_multiple_times PASSED [ 51%]
2026-01-29T12:03:45.6253440Z tests/test_logging.py::TestEdgeCases::test_log_with_none_message PASSED  [ 52%]
2026-01-29T12:03:45.6265420Z tests/test_logging.py::TestEdgeCases::test_log_with_empty_string PASSED  [ 52%]
2026-01-29T12:03:45.6272640Z tests/test_logging.py::TestEdgeCases::test_log_with_unicode PASSED       [ 52%]
2026-01-29T12:03:45.6293850Z tests/test_logging.py::TestEdgeCases::test_log_file_path_with_spaces PASSED [ 52%]
2026-01-29T12:03:45.6323180Z tests/test_main_errors.py::TestCMakeNotFoundError::test_cmake_not_found_returns_127 PASSED [ 52%]
2026-01-29T12:03:45.6349900Z tests/test_main_errors.py::TestCMakeNotFoundError::test_cmake_not_found_error_message PASSED [ 52%]
2026-01-29T12:03:45.6415260Z tests/test_main_errors.py::TestConfigurationFailure::test_configure_failure_returns_exit_code PASSED [ 52%]
2026-01-29T12:03:45.6456070Z tests/test_main_errors.py::TestConfigurationFailure::test_configure_failure_error_message PASSED [ 52%]
2026-01-29T12:03:45.6499930Z tests/test_main_errors.py::TestConfigurationFailure::test_configure_failure_no_build_attempted PASSED [ 53%]
2026-01-29T12:03:45.6540330Z tests/test_main_errors.py::TestBuildFailure::test_build_failure_returns_exit_code PASSED [ 53%]
2026-01-29T12:03:45.6585690Z tests/test_main_errors.py::TestBuildFailure::test_build_failure_error_message PASSED [ 53%]
2026-01-29T12:03:45.6634410Z tests/test_main_errors.py::TestBuildFailure::test_build_failure_data_still_saved PASSED [ 53%]
2026-01-29T12:03:45.6679050Z tests/test_main_errors.py::TestDatabaseErrors::test_database_connection_error_continues PASSED [ 53%]
2026-01-29T12:03:45.6723270Z tests/test_main_errors.py::TestDatabaseErrors::test_database_init_error_continues PASSED [ 53%]
2026-01-29T12:03:45.6760250Z tests/test_main_errors.py::TestKeyboardInterrupt::test_keyboard_interrupt_returns_130 PASSED [ 53%]
2026-01-29T12:03:45.6795910Z tests/test_main_errors.py::TestKeyboardInterrupt::test_keyboard_interrupt_during_build PASSED [ 54%]
2026-01-29T12:03:45.6847330Z tests/test_main_errors.py::TestPartialDataHandling::test_config_success_build_fail_saves_config PASSED [ 54%]
2026-01-29T12:03:45.6860530Z tests/test_main_errors.py::TestInvalidArguments::test_missing_required_args_returns_error PASSED [ 54%]
2026-01-29T12:03:45.6871910Z tests/test_main_errors.py::TestInvalidArguments::test_invalid_path_error_message PASSED [ 54%]
2026-01-29T12:03:45.6910510Z tests/test_main_errors.py::TestResourceCleanup::test_database_connection_closed_on_error PASSED [ 54%]
2026-01-29T12:03:45.6950460Z tests/test_main_errors.py::TestResourceCleanup::test_error_during_inspection_continues PASSED [ 54%]
2026-01-29T12:03:45.6982190Z tests/test_main_errors.py::TestErrorMessageClarity::test_validation_error_message_helpful PASSED [ 54%]
2026-01-29T12:03:45.7104080Z tests/test_main_errors.py::TestErrorMessageClarity::test_exception_message_logged PASSED [ 55%]
2026-01-29T12:03:45.7138330Z tests/test_main_integration.py::TestBasicWorkflow::test_build_only_workflow PASSED [ 55%]
2026-01-29T12:03:45.7148950Z tests/test_main_integration.py::TestBasicWorkflow::test_invalid_arguments_returns_error PASSED [ 55%]
2026-01-29T12:03:45.7170600Z tests/test_main_integration.py::TestBasicWorkflow::test_cmake_not_found_returns_error PASSED [ 55%]
2026-01-29T12:03:45.7200810Z tests/test_main_integration.py::TestExitCodes::test_successful_build_returns_zero PASSED [ 55%]
2026-01-29T12:03:45.7233000Z tests/test_main_integration.py::TestExitCodes::test_failed_build_returns_nonzero PASSED [ 55%]
2026-01-29T12:03:45.7263930Z tests/test_main_integration.py::TestVerboseMode::test_verbose_mode_works PASSED [ 55%]
2026-01-29T12:03:45.7270860Z tests/test_models.py::TestForgeArguments::test_create_with_valid_data PASSED [ 55%]
2026-01-29T12:03:45.7277160Z tests/test_models.py::TestForgeArguments::test_create_with_minimal_data PASSED [ 56%]
2026-01-29T12:03:45.7282200Z tests/test_models.py::TestForgeArguments::test_missing_required_field PASSED [ 56%]
2026-01-29T12:03:45.7287530Z tests/test_models.py::TestForgeArguments::test_path_handling_string_conversion PASSED [ 56%]
2026-01-29T12:03:45.7292970Z tests/test_models.py::TestForgeArguments::test_to_dict PASSED            [ 56%]
2026-01-29T12:03:45.7298490Z tests/test_models.py::TestForgeArguments::test_from_dict PASSED          [ 56%]
2026-01-29T12:03:45.7305040Z tests/test_models.py::TestForgeArguments::test_json_serialization PASSED [ 56%]
2026-01-29T12:03:45.7310210Z tests/test_models.py::TestConfigureResult::test_create_with_all_fields PASSED [ 56%]
2026-01-29T12:03:45.7316130Z tests/test_models.py::TestConfigureResult::test_create_with_optional_fields_none PASSED [ 57%]
2026-01-29T12:03:45.7321890Z tests/test_models.py::TestConfigureResult::test_json_serialization PASSED [ 57%]
2026-01-29T12:03:45.7327360Z tests/test_models.py::TestBuildResult::test_create_with_all_fields PASSED [ 57%]
2026-01-29T12:03:45.7332270Z tests/test_models.py::TestBuildResult::test_create_with_minimal_fields PASSED [ 57%]
2026-01-29T12:03:45.7338780Z tests/test_models.py::TestBuildResult::test_to_dict PASSED               [ 57%]
2026-01-29T12:03:45.7344190Z tests/test_models.py::TestBuildResult::test_from_dict PASSED             [ 57%]
2026-01-29T12:03:45.7349650Z tests/test_models.py::TestConfigureMetadata::test_create_with_all_fields PASSED [ 57%]
2026-01-29T12:03:45.7354770Z tests/test_models.py::TestConfigureMetadata::test_create_with_optional_fields_none PASSED [ 57%]
2026-01-29T12:03:45.7360120Z tests/test_models.py::TestConfigureMetadata::test_json_serialization PASSED [ 58%]
2026-01-29T12:03:45.7365380Z tests/test_models.py::TestBuildMetadata::test_create_with_all_fields PASSED [ 58%]
2026-01-29T12:03:45.7370330Z tests/test_models.py::TestBuildMetadata::test_create_with_empty_diagnostics PASSED [ 58%]
2026-01-29T12:03:45.7375280Z tests/test_models.py::TestBuildMetadata::test_to_dict PASSED             [ 58%]
2026-01-29T12:03:45.7380390Z tests/test_models.py::TestBuildMetadata::test_from_dict PASSED           [ 58%]
2026-01-29T12:03:45.7385470Z tests/test_models.py::TestBuildTarget::test_create_simple_target PASSED  [ 58%]
2026-01-29T12:03:45.7390330Z tests/test_models.py::TestBuildTarget::test_create_target_with_progress PASSED [ 58%]
2026-01-29T12:03:45.7395530Z tests/test_models.py::TestBuildTarget::test_to_dict PASSED               [ 59%]
2026-01-29T12:03:45.7400450Z tests/test_models.py::TestBuildTarget::test_from_dict PASSED             [ 59%]
2026-01-29T12:03:45.7405640Z tests/test_models.py::TestBuildTarget::test_serialization_roundtrip PASSED [ 59%]
2026-01-29T12:03:45.7410670Z tests/test_models.py::TestBuildWarning::test_create_with_complete_info PASSED [ 59%]
2026-01-29T12:03:45.7416030Z tests/test_models.py::TestBuildWarning::test_create_with_partial_info PASSED [ 59%]
2026-01-29T12:03:45.7421220Z tests/test_models.py::TestBuildWarning::test_json_serialization PASSED   [ 59%]
2026-01-29T12:03:45.7427330Z tests/test_models.py::TestError::test_create_with_complete_info PASSED   [ 59%]
2026-01-29T12:03:45.7432340Z tests/test_models.py::TestError::test_create_with_minimal_info PASSED    [ 60%]
2026-01-29T12:03:45.7437980Z tests/test_models.py::TestError::test_json_serialization PASSED          [ 60%]
2026-01-29T12:03:45.7443830Z tests/test_output_formatting.py::TestDurationFormatting::test_format_duration_milliseconds PASSED [ 60%]
2026-01-29T12:03:45.7448750Z tests/test_output_formatting.py::TestDurationFormatting::test_format_duration_seconds PASSED [ 60%]
2026-01-29T12:03:45.7454130Z tests/test_output_formatting.py::TestDurationFormatting::test_format_duration_minutes PASSED [ 60%]
2026-01-29T12:03:45.7458470Z tests/test_output_formatting.py::TestDurationFormatting::test_format_duration_hours PASSED [ 60%]
2026-01-29T12:03:45.7463430Z tests/test_output_formatting.py::TestDurationFormatting::test_format_duration_zero PASSED [ 60%]
2026-01-29T12:03:45.7468530Z tests/test_output_formatting.py::TestDurationFormatting::test_format_duration_very_small PASSED [ 60%]
2026-01-29T12:03:45.7474520Z tests/test_output_formatting.py::TestTimestampFormatting::test_format_timestamp_datetime PASSED [ 61%]
2026-01-29T12:03:45.7479710Z tests/test_output_formatting.py::TestTimestampFormatting::test_format_timestamp_iso_string PASSED [ 61%]
2026-01-29T12:03:45.7484840Z tests/test_output_formatting.py::TestTimestampFormatting::test_format_timestamp_none PASSED [ 61%]
2026-01-29T12:03:45.7489890Z tests/test_output_formatting.py::TestTimestampFormatting::test_format_timestamp_invalid PASSED [ 61%]
2026-01-29T12:03:45.7499050Z tests/test_output_formatting.py::TestColorSupport::test_supports_color_with_tty PASSED [ 61%]
2026-01-29T12:03:45.7506890Z tests/test_output_formatting.py::TestColorSupport::test_supports_color_no_tty PASSED [ 61%]
2026-01-29T12:03:45.7521200Z tests/test_output_formatting.py::TestColorSupport::test_supports_color_windows_with_wt PASSED [ 61%]
2026-01-29T12:03:45.7536030Z tests/test_output_formatting.py::TestColorSupport::test_supports_color_windows_without_wt PASSED [ 62%]
2026-01-29T12:03:45.7548330Z tests/test_output_formatting.py::TestColorSupport::test_supports_color_no_color_env PASSED [ 62%]
2026-01-29T12:03:45.7557270Z tests/test_output_formatting.py::TestPrintFunctions::test_print_success_with_color PASSED [ 62%]
2026-01-29T12:03:45.7565530Z tests/test_output_formatting.py::TestPrintFunctions::test_print_success_without_color PASSED [ 62%]
2026-01-29T12:03:45.7575280Z tests/test_output_formatting.py::TestPrintFunctions::test_print_error_with_color PASSED [ 62%]
2026-01-29T12:03:45.7584510Z tests/test_output_formatting.py::TestPrintFunctions::test_print_error_without_color PASSED [ 62%]
2026-01-29T12:03:45.7593000Z tests/test_output_formatting.py::TestPrintFunctions::test_print_warning_with_color PASSED [ 62%]
2026-01-29T12:03:45.7601210Z tests/test_output_formatting.py::TestPrintFunctions::test_print_warning_without_color PASSED [ 63%]
2026-01-29T12:03:45.7610780Z tests/test_output_formatting.py::TestPrintFunctions::test_print_section_header PASSED [ 63%]
2026-01-29T12:03:45.7618280Z tests/test_output_formatting.py::TestConfigureSummary::test_print_configure_summary_success PASSED [ 63%]
2026-01-29T12:03:45.7625140Z tests/test_output_formatting.py::TestConfigureSummary::test_print_configure_summary_failure PASSED [ 63%]
2026-01-29T12:03:45.7632130Z tests/test_output_formatting.py::TestConfigureSummary::test_print_configure_summary_minimal_metadata PASSED [ 63%]
2026-01-29T12:03:45.7639000Z tests/test_output_formatting.py::TestBuildSummary::test_print_build_summary_success_no_warnings PASSED [ 63%]
2026-01-29T12:03:45.7645900Z tests/test_output_formatting.py::TestBuildSummary::test_print_build_summary_success_with_warnings PASSED [ 63%]
2026-01-29T12:03:45.7652650Z tests/test_output_formatting.py::TestBuildSummary::test_print_build_summary_failure PASSED [ 63%]
2026-01-29T12:03:45.7659530Z tests/test_output_formatting.py::TestBuildSummary::test_print_build_summary_multiple_targets PASSED [ 64%]
2026-01-29T12:03:45.7666130Z tests/test_output_formatting.py::TestBuildSummary::test_print_build_summary_no_metadata PASSED [ 64%]
2026-01-29T12:03:45.7673840Z tests/test_output_formatting.py::TestVerboseOutput::test_verbose_mode_shows_details PASSED [ 64%]
2026-01-29T12:03:45.7681620Z tests/test_output_formatting.py::TestVerboseOutput::test_verbose_mode_shows_timestamps PASSED [ 64%]
2026-01-29T12:03:45.7689000Z tests/test_output_formatting.py::TestOutputConsistency::test_all_summaries_use_consistent_formatting PASSED [ 64%]
2026-01-29T12:03:45.7696540Z tests/test_output_formatting.py::TestOutputConsistency::test_line_length_is_reasonable PASSED [ 64%]
2026-01-29T12:03:45.7709530Z tests/test_parameter_manager.py::TestConfigureCommandBasic::test_configure_with_minimal_arguments PASSED [ 64%]
2026-01-29T12:03:45.7720930Z tests/test_parameter_manager.py::TestConfigureCommandBasic::test_configure_with_generator PASSED [ 65%]
2026-01-29T12:03:45.7732700Z tests/test_parameter_manager.py::TestConfigureCommandBasic::test_configure_with_build_type PASSED [ 65%]
2026-01-29T12:03:45.7744510Z tests/test_parameter_manager.py::TestConfigureCommandWithCMakeArgs::test_configure_with_single_cmake_arg PASSED [ 65%]
2026-01-29T12:03:45.7755880Z tests/test_parameter_manager.py::TestConfigureCommandWithCMakeArgs::test_configure_with_multiple_cmake_args PASSED [ 65%]
2026-01-29T12:03:45.7767590Z tests/test_parameter_manager.py::TestConfigureCommandWithCMakeArgs::test_configure_with_generator_and_args PASSED [ 65%]
2026-01-29T12:03:45.7779330Z tests/test_parameter_manager.py::TestConfigureCommandWithCMakeArgs::test_configure_preserves_arg_order PASSED [ 65%]
2026-01-29T12:03:45.7789770Z tests/test_parameter_manager.py::TestBuildCommandBasic::test_build_with_minimal_arguments PASSED [ 65%]
2026-01-29T12:03:45.7799910Z tests/test_parameter_manager.py::TestBuildCommandBasic::test_build_with_parallel_jobs PASSED [ 65%]
2026-01-29T12:03:45.7810740Z tests/test_parameter_manager.py::TestBuildCommandBasic::test_build_with_verbose PASSED [ 66%]
2026-01-29T12:03:45.7822180Z tests/test_parameter_manager.py::TestBuildCommandWithTarget::test_build_with_single_target PASSED [ 66%]
2026-01-29T12:03:45.7833710Z tests/test_parameter_manager.py::TestBuildCommandWithTarget::test_build_with_multiple_targets PASSED [ 66%]
2026-01-29T12:03:45.7845530Z tests/test_parameter_manager.py::TestBuildCommandWithTarget::test_build_with_target_and_parallel PASSED [ 66%]
2026-01-29T12:03:45.7860110Z tests/test_parameter_manager.py::TestPathHandling::test_absolute_paths_used PASSED [ 66%]
2026-01-29T12:03:45.7873410Z tests/test_parameter_manager.py::TestPathHandling::test_paths_with_spaces PASSED [ 66%]
2026-01-29T12:03:45.7888710Z tests/test_parameter_manager.py::TestCommandFormat::test_configure_command_is_list PASSED [ 66%]
2026-01-29T12:03:45.7899840Z tests/test_parameter_manager.py::TestCommandFormat::test_build_command_is_list PASSED [ 67%]
2026-01-29T12:03:45.7913060Z tests/test_parameter_manager.py::TestCommandFormat::test_configure_command_structure PASSED [ 67%]
2026-01-29T12:03:45.7925870Z tests/test_parameter_manager.py::TestCommandFormat::test_build_command_structure PASSED [ 67%]
2026-01-29T12:03:45.7938540Z tests/test_parameter_manager.py::TestEnvironmentHandling::test_cmake_args_with_env_var_syntax PASSED [ 67%]
2026-01-29T12:03:45.7950370Z tests/test_parameter_manager.py::TestEnvironmentHandling::test_build_args_unchanged PASSED [ 67%]
2026-01-29T12:03:45.7962600Z tests/test_parameter_manager.py::TestEdgeCases::test_empty_cmake_args PASSED [ 67%]
2026-01-29T12:03:45.7974370Z tests/test_parameter_manager.py::TestEdgeCases::test_empty_build_args PASSED [ 67%]
2026-01-29T12:03:45.7986870Z tests/test_parameter_manager.py::TestEdgeCases::test_cmake_args_with_quotes PASSED [ 68%]
2026-01-29T12:03:45.8000690Z tests/test_parameter_override.py::TestParameterAddition::test_add_new_cmake_parameter PASSED [ 68%]
2026-01-29T12:03:45.8013300Z tests/test_parameter_override.py::TestParameterAddition::test_add_multiple_parameters PASSED [ 68%]
2026-01-29T12:03:45.8032570Z tests/test_parameter_override.py::TestParameterAddition::test_add_parameter_with_d_prefix PASSED [ 68%]
2026-01-29T12:03:45.8041080Z tests/test_parameter_override.py::TestParameterAddition::test_add_parameter_preserves_existing_args PASSED [ 68%]
2026-01-29T12:03:45.8054630Z tests/test_parameter_override.py::TestParameterOverride::test_override_existing_parameter PASSED [ 68%]
2026-01-29T12:03:45.8068840Z tests/test_parameter_override.py::TestParameterOverride::test_override_multiple_times PASSED [ 68%]
2026-01-29T12:03:45.8083170Z tests/test_parameter_override.py::TestParameterOverride::test_programmatic_overrides_cli PASSED [ 68%]
2026-01-29T12:03:45.8096000Z tests/test_parameter_override.py::TestGetParameters::test_get_parameters_returns_dict PASSED [ 69%]
2026-01-29T12:03:45.8107370Z tests/test_parameter_override.py::TestGetParameters::test_get_parameters_includes_added_params PASSED [ 69%]
2026-01-29T12:03:45.8118190Z tests/test_parameter_override.py::TestGetParameters::test_get_parameters_reflects_overrides PASSED [ 69%]
2026-01-29T12:03:45.8129180Z tests/test_parameter_override.py::TestGetParameters::test_get_parameters_handles_generator_args PASSED [ 69%]
2026-01-29T12:03:45.8141280Z tests/test_parameter_override.py::TestSpecialCharacters::test_parameter_with_spaces PASSED [ 69%]
2026-01-29T12:03:45.8152130Z tests/test_parameter_override.py::TestSpecialCharacters::test_parameter_with_quotes PASSED [ 69%]
2026-01-29T12:03:45.8162880Z tests/test_parameter_override.py::TestSpecialCharacters::test_parameter_with_equals_sign PASSED [ 69%]
2026-01-29T12:03:45.8173360Z tests/test_parameter_override.py::TestSpecialCharacters::test_parameter_with_path_separators PASSED [ 70%]
2026-01-29T12:03:45.8183700Z tests/test_parameter_override.py::TestEnvironmentVariables::test_parameter_with_env_var_syntax PASSED [ 70%]
2026-01-29T12:03:45.8195120Z tests/test_parameter_override.py::TestEnvironmentVariables::test_add_parameter_preserves_env_syntax_from_cli PASSED [ 70%]
2026-01-29T12:03:45.8207530Z tests/test_parameter_override.py::TestParameterFormatting::test_parameter_has_d_prefix_in_command PASSED [ 70%]
2026-01-29T12:03:45.8219060Z tests/test_parameter_override.py::TestParameterFormatting::test_empty_value_parameter PASSED [ 70%]
2026-01-29T12:03:45.8231130Z tests/test_parameter_override.py::TestParameterFormatting::test_boolean_style_parameters PASSED [ 70%]
2026-01-29T12:03:45.8242200Z tests/test_parameter_override.py::TestEdgeCases::test_add_parameter_to_empty_args PASSED [ 70%]
2026-01-29T12:03:45.8252820Z tests/test_parameter_override.py::TestEdgeCases::test_get_parameters_when_no_params PASSED [ 71%]
2026-01-29T12:03:45.8263860Z tests/test_parameter_override.py::TestEdgeCases::test_parameter_name_case_sensitivity PASSED [ 71%]
2026-01-29T12:03:47.3353780Z tests/test_performance.py::TestForgeOverhead::test_configure_overhead PASSED [ 71%]
2026-01-29T12:03:47.3378500Z tests/test_performance.py::TestForgeOverhead::test_startup_time PASSED   [ 71%]
2026-01-29T12:03:47.5667180Z tests/test_performance.py::TestMemoryUsage::test_memory_with_large_output PASSED [ 71%]
2026-01-29T12:03:47.5738620Z tests/test_performance.py::TestMemoryUsage::test_memory_with_many_warnings PASSED [ 71%]
2026-01-29T12:03:47.7240640Z tests/test_performance.py::TestDatabasePerformance::test_bulk_insert_warnings PASSED [ 71%]
2026-01-29T12:03:47.8848520Z tests/test_performance.py::TestDatabasePerformance::test_query_performance PASSED [ 71%]
2026-01-29T12:03:48.0272240Z tests/test_performance.py::TestDatabasePerformance::test_statistics_calculation_performance PASSED [ 72%]
2026-01-29T12:03:48.0391660Z tests/test_performance.py::TestOutputCapture::test_output_capture_overhead PASSED [ 72%]
2026-01-29T12:03:48.0431630Z tests/test_performance.py::TestScalability::test_parse_large_cmakelists PASSED [ 72%]
2026-01-29T12:03:48.0452180Z tests/test_performance.py::TestScalability::test_extract_many_packages PASSED [ 72%]
2026-01-29T12:03:48.0548740Z tests/test_persistence_build.py::TestSaveCompleteBuild::test_save_build_returns_id PASSED [ 72%]
2026-01-29T12:03:48.0628060Z tests/test_persistence_build.py::TestSaveCompleteBuild::test_save_build_with_all_fields PASSED [ 72%]
2026-01-29T12:03:48.0695700Z tests/test_persistence_build.py::TestSaveCompleteBuild::test_save_build_persists_metadata_fields PASSED [ 72%]
2026-01-29T12:03:48.0751960Z tests/test_persistence_build.py::TestConfigurationAssociation::test_save_build_with_configuration_id PASSED [ 73%]
2026-01-29T12:03:48.0801190Z tests/test_persistence_build.py::TestConfigurationAssociation::test_save_build_without_configuration PASSED [ 73%]
2026-01-29T12:03:48.0851470Z tests/test_persistence_build.py::TestConfigurationAssociation::test_multiple_builds_per_configuration PASSED [ 73%]
2026-01-29T12:03:48.0894950Z tests/test_persistence_build.py::TestTargetsSerialization::test_targets_list_serialized_as_json PASSED [ 73%]
2026-01-29T12:03:48.0935920Z tests/test_persistence_build.py::TestTargetsSerialization::test_empty_targets_list PASSED [ 73%]
2026-01-29T12:03:48.0977740Z tests/test_persistence_build.py::TestTimestampFormatting::test_build_time_is_iso8601_format PASSED [ 73%]
2026-01-29T12:03:48.1016550Z tests/test_persistence_build.py::TestTimestampFormatting::test_timestamp_roundtrip PASSED [ 73%]
2026-01-29T12:03:48.1053470Z tests/test_persistence_build.py::TestWarningErrorCounts::test_warning_count_stored PASSED [ 73%]
2026-01-29T12:03:48.1086910Z tests/test_persistence_build.py::TestWarningErrorCounts::test_error_count_stored PASSED [ 74%]
2026-01-29T12:03:48.1120780Z tests/test_persistence_build.py::TestWarningErrorCounts::test_zero_warnings_and_errors PASSED [ 74%]
2026-01-29T12:03:48.1153910Z tests/test_persistence_build.py::TestTransactionHandling::test_transaction_rollback_on_error PASSED [ 74%]
2026-01-29T12:03:48.1193080Z tests/test_persistence_build.py::TestTransactionHandling::test_successful_transaction_commit PASSED [ 74%]
2026-01-29T12:03:48.1228050Z tests/test_persistence_build.py::TestDataIntegrityConstraints::test_success_flag_is_boolean PASSED [ 74%]
2026-01-29T12:03:48.1261940Z tests/test_persistence_build.py::TestDataIntegrityConstraints::test_duration_precision PASSED [ 74%]
2026-01-29T12:03:48.1293350Z tests/test_persistence_build.py::TestForeignKeyRelationships::test_foreign_key_constraint_enforced PASSED [ 74%]
2026-01-29T12:03:48.1326570Z tests/test_persistence_build.py::TestForeignKeyRelationships::test_null_configuration_id_allowed PASSED [ 75%]
2026-01-29T12:03:48.1358650Z tests/test_persistence_configure.py::TestSaveCompleteConfiguration::test_save_configuration_returns_id PASSED [ 75%]
2026-01-29T12:03:48.1391920Z tests/test_persistence_configure.py::TestSaveCompleteConfiguration::test_save_configuration_with_all_metadata_fields PASSED [ 75%]
2026-01-29T12:03:48.1428470Z tests/test_persistence_configure.py::TestSaveCompleteConfiguration::test_save_configuration_persists_all_result_fields PASSED [ 75%]
2026-01-29T12:03:48.1465180Z tests/test_persistence_configure.py::TestJSONSerialization::test_found_packages_serialized_as_json PASSED [ 75%]
2026-01-29T12:03:48.1499680Z tests/test_persistence_configure.py::TestJSONSerialization::test_empty_found_packages_list PASSED [ 75%]
2026-01-29T12:03:48.1537010Z tests/test_persistence_configure.py::TestTimestampFormatting::test_configure_time_is_iso8601_format PASSED [ 75%]
2026-01-29T12:03:48.1576520Z tests/test_persistence_configure.py::TestTimestampFormatting::test_timestamp_roundtrip PASSED [ 76%]
2026-01-29T12:03:48.1614680Z tests/test_persistence_configure.py::TestNullHandling::test_optional_metadata_fields_can_be_none PASSED [ 76%]
2026-01-29T12:03:48.1659340Z tests/test_persistence_configure.py::TestNullHandling::test_stderr_can_be_empty_string PASSED [ 76%]
2026-01-29T12:03:48.1703430Z tests/test_persistence_configure.py::TestForeignKeyPreparation::test_configuration_id_can_be_referenced PASSED [ 76%]
2026-01-29T12:03:48.1742280Z tests/test_persistence_configure.py::TestForeignKeyPreparation::test_multiple_builds_can_reference_same_configuration PASSED [ 76%]
2026-01-29T12:03:48.1777140Z tests/test_persistence_configure.py::TestDataIntegrityConstraints::test_success_flag_is_boolean PASSED [ 76%]
2026-01-29T12:03:48.1814090Z tests/test_persistence_configure.py::TestDuplicateConfiguration::test_same_configuration_can_be_saved_multiple_times PASSED [ 76%]
2026-01-29T12:03:48.1846910Z tests/test_persistence_diagnostics.py::TestSaveSingleWarning::test_save_single_warning_returns_count PASSED [ 76%]
2026-01-29T12:03:48.1880700Z tests/test_persistence_diagnostics.py::TestSaveSingleWarning::test_save_warning_with_complete_information PASSED [ 77%]
2026-01-29T12:03:48.1916500Z tests/test_persistence_diagnostics.py::TestSaveSingleWarning::test_save_warning_with_build_id_association PASSED [ 77%]
2026-01-29T12:03:48.1951580Z tests/test_persistence_diagnostics.py::TestSaveMultipleWarnings::test_save_multiple_warnings_bulk_insert PASSED [ 77%]
2026-01-29T12:03:48.2041000Z tests/test_persistence_diagnostics.py::TestSaveMultipleWarnings::test_save_large_warning_list PASSED [ 77%]
2026-01-29T12:03:48.2075720Z tests/test_persistence_diagnostics.py::TestSaveMultipleWarnings::test_save_warnings_preserves_order PASSED [ 77%]
2026-01-29T12:03:48.2109220Z tests/test_persistence_diagnostics.py::TestSaveWarningsWithPartialInformation::test_save_warning_with_missing_warning_type PASSED [ 77%]
2026-01-29T12:03:48.2148930Z tests/test_persistence_diagnostics.py::TestSaveWarningsWithPartialInformation::test_save_warning_with_long_message PASSED [ 77%]
2026-01-29T12:03:48.2182420Z tests/test_persistence_diagnostics.py::TestSaveErrors::test_save_single_error PASSED [ 78%]
2026-01-29T12:03:48.2216390Z tests/test_persistence_diagnostics.py::TestSaveErrors::test_save_error_with_complete_information PASSED [ 78%]
2026-01-29T12:03:48.2251310Z tests/test_persistence_diagnostics.py::TestSaveErrors::test_save_multiple_errors PASSED [ 78%]
2026-01-29T12:03:48.2286230Z tests/test_persistence_diagnostics.py::TestSaveErrors::test_save_error_with_missing_optional_fields PASSED [ 78%]
2026-01-29T12:03:48.2320250Z tests/test_persistence_diagnostics.py::TestForeignKeyRelationships::test_warnings_reference_valid_build PASSED [ 78%]
2026-01-29T12:03:48.2353930Z tests/test_persistence_diagnostics.py::TestForeignKeyRelationships::test_warnings_invalid_build_id_raises_error PASSED [ 78%]
2026-01-29T12:03:48.2388620Z tests/test_persistence_diagnostics.py::TestForeignKeyRelationships::test_errors_reference_valid_build PASSED [ 78%]
2026-01-29T12:03:48.2423880Z tests/test_persistence_diagnostics.py::TestForeignKeyRelationships::test_errors_invalid_build_id_raises_error PASSED [ 78%]
2026-01-29T12:03:48.2466710Z tests/test_persistence_diagnostics.py::TestCascadeDelete::test_warnings_cascade_delete PASSED [ 79%]
2026-01-29T12:03:48.2505320Z tests/test_persistence_diagnostics.py::TestCascadeDelete::test_errors_cascade_delete PASSED [ 79%]
2026-01-29T12:03:48.2546670Z tests/test_persistence_diagnostics.py::TestTransactionHandling::test_warnings_transaction_rollback_on_error PASSED [ 79%]
2026-01-29T12:03:48.2590080Z tests/test_persistence_diagnostics.py::TestTransactionHandling::test_errors_transaction_commit_on_success PASSED [ 79%]
2026-01-29T12:03:48.2628680Z tests/test_persistence_diagnostics.py::TestEmptyDiagnosticLists::test_save_empty_warnings_list PASSED [ 79%]
2026-01-29T12:03:48.2665440Z tests/test_persistence_diagnostics.py::TestEmptyDiagnosticLists::test_save_empty_errors_list PASSED [ 79%]
2026-01-29T12:03:48.2703070Z tests/test_persistence_diagnostics.py::TestMultipleBuildsDiagnostics::test_warnings_for_different_builds PASSED [ 79%]
2026-01-29T12:03:48.2739240Z tests/test_persistence_diagnostics.py::TestMultipleBuildsDiagnostics::test_errors_for_different_builds PASSED [ 80%]
2026-01-29T12:03:48.2772620Z tests/test_persistence_init.py::TestDatabaseCreation::test_database_creation_in_default_location PASSED [ 80%]
2026-01-29T12:03:48.2806590Z tests/test_persistence_init.py::TestDatabaseCreation::test_database_creation_in_custom_location PASSED [ 80%]
2026-01-29T12:03:48.2845800Z tests/test_persistence_init.py::TestDatabaseCreation::test_database_creation_with_nonexistent_parent_directory PASSED [ 80%]
2026-01-29T12:03:48.2881770Z tests/test_persistence_init.py::TestDatabaseCreation::test_database_file_is_valid_sqlite PASSED [ 80%]
2026-01-29T12:03:48.2915610Z tests/test_persistence_init.py::TestSchemaInitialization::test_schema_created_on_first_initialization PASSED [ 80%]
2026-01-29T12:03:48.2960890Z tests/test_persistence_init.py::TestSchemaInitialization::test_idempotent_initialization_multiple_calls PASSED [ 80%]
2026-01-29T12:03:48.2998520Z tests/test_persistence_init.py::TestSchemaInitialization::test_schema_not_recreated_on_subsequent_runs PASSED [ 81%]
2026-01-29T12:03:48.3033670Z tests/test_persistence_init.py::TestSchemaInitialization::test_foreign_keys_enabled_on_initialization PASSED [ 81%]
2026-01-29T12:03:48.3067510Z tests/test_persistence_init.py::TestConnectionManagement::test_connection_established_on_initialization PASSED [ 81%]
2026-01-29T12:03:48.3102470Z tests/test_persistence_init.py::TestConnectionManagement::test_connection_is_reusable PASSED [ 81%]
2026-01-29T12:03:48.3135360Z tests/test_persistence_init.py::TestConnectionManagement::test_close_connection_explicitly PASSED [ 81%]
2026-01-29T12:03:48.3168290Z tests/test_persistence_init.py::TestConnectionManagement::test_context_manager_closes_connection PASSED [ 81%]
2026-01-29T12:03:48.3203470Z tests/test_persistence_init.py::TestConnectionManagement::test_multiple_instances_can_access_same_database PASSED [ 81%]
2026-01-29T12:03:48.3238820Z tests/test_persistence_init.py::TestSchemaVersionTracking::test_schema_version_table_exists PASSED [ 81%]
2026-01-29T12:03:48.3272800Z tests/test_persistence_init.py::TestSchemaVersionTracking::test_initial_schema_version_recorded PASSED [ 82%]
2026-01-29T12:03:48.3306360Z tests/test_persistence_init.py::TestSchemaVersionTracking::test_get_schema_version_method PASSED [ 82%]
2026-01-29T12:03:48.3343860Z tests/test_persistence_init.py::TestSchemaVersionTracking::test_schema_version_persists_across_instances PASSED [ 82%]
2026-01-29T12:03:48.3376500Z tests/test_persistence_init.py::TestSchemaVersionTracking::test_schema_version_has_timestamp PASSED [ 82%]
2026-01-29T12:03:48.3389690Z tests/test_persistence_init.py::TestErrorHandling::test_invalid_database_path_raises_error PASSED [ 82%]
2026-01-29T12:03:48.3427190Z tests/test_persistence_init.py::TestErrorHandling::test_database_with_wrong_permissions PASSED [ 82%]
2026-01-29T12:03:48.3441130Z tests/test_persistence_init.py::TestErrorHandling::test_corrupted_database_handling PASSED [ 82%]
2026-01-29T12:03:48.3484270Z tests/test_persistence_init.py::TestConcurrentAccess::test_concurrent_read_access PASSED [ 83%]
2026-01-29T12:03:48.3522190Z tests/test_persistence_init.py::TestConcurrentAccess::test_write_transaction_isolation PASSED [ 83%]
2026-01-29T12:03:48.3558130Z tests/test_persistence_init.py::TestDatabaseProperties::test_wal_mode_enabled PASSED [ 83%]
2026-01-29T12:03:48.3589920Z tests/test_persistence_init.py::TestDatabaseProperties::test_synchronous_mode_configured PASSED [ 83%]
2026-01-29T12:03:48.3622120Z tests/test_persistence_init.py::TestDatabaseProperties::test_database_encoding_is_utf8 PASSED [ 83%]
2026-01-29T12:03:48.3656590Z tests/test_persistence_queries.py::TestGetRecentBuildsBasic::test_get_recent_builds_returns_empty_list_when_no_builds PASSED [ 83%]
2026-01-29T12:03:48.3691280Z tests/test_persistence_queries.py::TestGetRecentBuildsBasic::test_get_recent_builds_returns_single_build PASSED [ 83%]
2026-01-29T12:03:48.3728010Z tests/test_persistence_queries.py::TestGetRecentBuildsBasic::test_get_recent_builds_returns_multiple_builds PASSED [ 84%]
2026-01-29T12:03:48.3763800Z tests/test_persistence_queries.py::TestGetRecentBuildsOrdering::test_get_recent_builds_ordered_by_timestamp_newest_first PASSED [ 84%]
2026-01-29T12:03:48.3806120Z tests/test_persistence_queries.py::TestGetRecentBuildsLimit::test_get_recent_builds_with_default_limit PASSED [ 84%]
2026-01-29T12:03:48.3845530Z tests/test_persistence_queries.py::TestGetRecentBuildsLimit::test_get_recent_builds_with_custom_limit PASSED [ 84%]
2026-01-29T12:03:48.3882750Z tests/test_persistence_queries.py::TestGetRecentBuildsLimit::test_get_recent_builds_limit_larger_than_available PASSED [ 84%]
2026-01-29T12:03:48.3919080Z tests/test_persistence_queries.py::TestGetRecentBuildsFiltering::test_get_recent_builds_filter_by_project_name PASSED [ 84%]
2026-01-29T12:03:48.3954830Z tests/test_persistence_queries.py::TestGetRecentBuildsFiltering::test_get_recent_builds_filter_returns_empty_when_no_match PASSED [ 84%]
2026-01-29T12:03:48.3994890Z tests/test_persistence_queries.py::TestGetRecentBuildsFiltering::test_get_recent_builds_filter_respects_limit PASSED [ 84%]
2026-01-29T12:03:48.4029860Z tests/test_persistence_queries.py::TestGetRecentBuildsReturnedFields::test_get_recent_builds_includes_all_required_fields PASSED [ 85%]
2026-01-29T12:03:48.4063910Z tests/test_persistence_queries.py::TestGetRecentBuildsReturnedFields::test_get_recent_builds_includes_timestamp_as_string PASSED [ 85%]
2026-01-29T12:03:48.4097860Z tests/test_persistence_queries.py::TestGetBuildStatisticsBasic::test_get_build_statistics_returns_empty_stats_when_no_builds PASSED [ 85%]
2026-01-29T12:03:48.4133270Z tests/test_persistence_queries.py::TestGetBuildStatisticsBasic::test_get_build_statistics_single_successful_build PASSED [ 85%]
2026-01-29T12:03:48.4170000Z tests/test_persistence_queries.py::TestGetBuildStatisticsBasic::test_get_build_statistics_single_failed_build PASSED [ 85%]
2026-01-29T12:03:48.4213910Z tests/test_persistence_queries.py::TestGetBuildStatisticsCalculations::test_get_build_statistics_multiple_builds PASSED [ 85%]
2026-01-29T12:03:48.4254860Z tests/test_persistence_queries.py::TestGetBuildStatisticsCalculations::test_get_build_statistics_success_rate_precision PASSED [ 85%]
2026-01-29T12:03:48.4293860Z tests/test_persistence_queries.py::TestGetBuildStatisticsCalculations::test_get_build_statistics_average_duration_precision PASSED [ 86%]
2026-01-29T12:03:48.4331310Z tests/test_persistence_queries.py::TestGetBuildStatisticsFiltering::test_get_build_statistics_filter_by_project_name PASSED [ 86%]
2026-01-29T12:03:48.4370200Z tests/test_persistence_queries.py::TestGetBuildStatisticsFiltering::test_get_build_statistics_filter_returns_empty_when_no_match PASSED [ 86%]
2026-01-29T12:03:48.4404560Z tests/test_persistence_queries.py::TestGetBuildStatisticsEdgeCases::test_get_build_statistics_with_zero_duration_builds PASSED [ 86%]
2026-01-29T12:03:48.4477350Z tests/test_persistence_queries.py::TestGetBuildStatisticsEdgeCases::test_get_build_statistics_with_large_numbers PASSED [ 86%]
2026-01-29T12:03:48.4577490Z tests/test_persistence_queries.py::TestQueryPerformance::test_get_recent_builds_performance_with_many_builds PASSED [ 86%]
2026-01-29T12:03:48.4678550Z tests/test_persistence_queries.py::TestQueryPerformance::test_get_build_statistics_performance_with_many_builds PASSED [ 86%]
2026-01-29T12:03:48.4687210Z tests/test_project_detection.py::TestSimpleProjectDetection::test_simple_project_call PASSED [ 86%]
2026-01-29T12:03:48.4695440Z tests/test_project_detection.py::TestSimpleProjectDetection::test_project_with_language PASSED [ 87%]
2026-01-29T12:03:48.4702630Z tests/test_project_detection.py::TestSimpleProjectDetection::test_project_with_version PASSED [ 87%]
2026-01-29T12:03:48.4710180Z tests/test_project_detection.py::TestSimpleProjectDetection::test_project_with_languages_keyword PASSED [ 87%]
2026-01-29T12:03:48.4719830Z tests/test_project_detection.py::TestSimpleProjectDetection::test_project_with_all_options PASSED [ 87%]
2026-01-29T12:03:48.4727000Z tests/test_project_detection.py::TestMultilineProjectDetection::test_multiline_project_call PASSED [ 87%]
2026-01-29T12:03:48.4733690Z tests/test_project_detection.py::TestProjectWithComments::test_project_with_comments PASSED [ 87%]
2026-01-29T12:03:48.4740870Z tests/test_project_detection.py::TestNestedProjects::test_nested_project_calls_use_outermost PASSED [ 87%]
2026-01-29T12:03:48.4748740Z tests/test_project_detection.py::TestProjectWithSpecialCharacters::test_project_with_spaces_in_quotes PASSED [ 88%]
2026-01-29T12:03:48.4754890Z tests/test_project_detection.py::TestCaseInsensitivity::test_lowercase_project_command PASSED [ 88%]
2026-01-29T12:03:48.4762190Z tests/test_project_detection.py::TestErrorCases::test_file_not_found PASSED [ 88%]
2026-01-29T12:03:48.4769360Z tests/test_project_detection.py::TestErrorCases::test_no_project_call PASSED [ 88%]
2026-01-29T12:03:48.4780680Z tests/test_project_detection.py::TestErrorCases::test_with_actual_cmakelists_filename PASSED [ 88%]
2026-01-29T12:03:48.4840570Z tests/test_project_detection.py::TestPathHandling::test_with_string_path PASSED [ 88%]
2026-01-29T12:03:48.4841270Z tests/test_project_detection.py::TestPathHandling::test_with_path_object PASSED [ 88%]
2026-01-29T12:03:48.4841850Z tests/test_project_detection.py::TestFileEncodingHandling::test_with_invalid_encoding PASSED [ 89%]
2026-01-29T12:03:48.4842400Z tests/test_project_structure.py::test_all_required_directories_exist PASSED [ 89%]
2026-01-29T12:03:48.4842890Z tests/test_project_structure.py::test_all_init_files_present PASSED      [ 89%]
2026-01-29T12:03:48.4843400Z tests/test_project_structure.py::test_all_modules_can_be_imported PASSED [ 89%]
2026-01-29T12:03:48.4843880Z tests/test_project_structure.py::test_pytest_discovers_tests_directory PASSED [ 89%]
2026-01-29T12:03:48.4844370Z tests/test_project_structure.py::test_main_entry_point_exists PASSED     [ 89%]
2026-01-29T12:03:48.4847680Z tests/test_project_structure.py::test_required_placeholder_files_exist PASSED [ 89%]
2026-01-29T12:03:48.4854410Z tests/test_project_structure.py::test_fixtures_directory_exists PASSED   [ 89%]
2026-01-29T12:03:48.4860360Z tests/test_target_extraction.py::TestNinjaTargetExtraction::test_extract_simple_ninja_target PASSED [ 90%]
2026-01-29T12:03:48.4865550Z tests/test_target_extraction.py::TestNinjaTargetExtraction::test_extract_ninja_library_target PASSED [ 90%]
2026-01-29T12:03:48.4871170Z tests/test_target_extraction.py::TestNinjaTargetExtraction::test_extract_ninja_shared_library PASSED [ 90%]
2026-01-29T12:03:48.4876730Z tests/test_target_extraction.py::TestNinjaTargetExtraction::test_extract_multiple_ninja_targets PASSED [ 90%]
2026-01-29T12:03:48.4881630Z tests/test_target_extraction.py::TestNinjaTargetExtraction::test_extract_ninja_with_completion_percentage PASSED [ 90%]
2026-01-29T12:03:48.4888390Z tests/test_target_extraction.py::TestMakeTargetExtraction::test_extract_simple_make_target PASSED [ 90%]
2026-01-29T12:03:48.4894060Z tests/test_target_extraction.py::TestMakeTargetExtraction::test_extract_make_library_target PASSED [ 90%]
2026-01-29T12:03:48.4899490Z tests/test_target_extraction.py::TestMakeTargetExtraction::test_extract_make_shared_library PASSED [ 91%]
2026-01-29T12:03:48.4906030Z tests/test_target_extraction.py::TestMakeTargetExtraction::test_extract_multiple_make_targets PASSED [ 91%]
2026-01-29T12:03:48.4911860Z tests/test_target_extraction.py::TestMSVCTargetExtraction::test_extract_simple_msvc_target PASSED [ 91%]
2026-01-29T12:03:48.4917230Z tests/test_target_extraction.py::TestMSVCTargetExtraction::test_extract_msvc_library_target PASSED [ 91%]
2026-01-29T12:03:48.4923130Z tests/test_target_extraction.py::TestMSVCTargetExtraction::test_extract_msvc_dll_target PASSED [ 91%]
2026-01-29T12:03:48.4928870Z tests/test_target_extraction.py::TestMSVCTargetExtraction::test_extract_multiple_msvc_targets PASSED [ 91%]
2026-01-29T12:03:48.4933990Z tests/test_target_extraction.py::TestTargetTypeDetection::test_detect_executable_from_extension PASSED [ 91%]
2026-01-29T12:03:48.4939590Z tests/test_target_extraction.py::TestTargetTypeDetection::test_detect_executable_exe_extension PASSED [ 92%]
2026-01-29T12:03:48.4944740Z tests/test_target_extraction.py::TestTargetTypeDetection::test_detect_static_library_from_extension PASSED [ 92%]
2026-01-29T12:03:48.4949920Z tests/test_target_extraction.py::TestTargetTypeDetection::test_detect_static_library_lib_extension PASSED [ 92%]
2026-01-29T12:03:48.4955860Z tests/test_target_extraction.py::TestTargetTypeDetection::test_detect_shared_library_so_extension PASSED [ 92%]
2026-01-29T12:03:48.4961200Z tests/test_target_extraction.py::TestTargetTypeDetection::test_detect_shared_library_dll_extension PASSED [ 92%]
2026-01-29T12:03:48.4966410Z tests/test_target_extraction.py::TestTargetTypeDetection::test_detect_shared_library_dylib_extension PASSED [ 92%]
2026-01-29T12:03:48.4978990Z tests/test_target_extraction.py::TestBuildProgressTracking::test_extract_ninja_progress_steps PASSED [ 92%]
2026-01-29T12:03:48.4980280Z tests/test_target_extraction.py::TestBuildProgressTracking::test_extract_make_percentage_progress PASSED [ 92%]
2026-01-29T12:03:48.4983630Z tests/test_target_extraction.py::TestBuildProgressTracking::test_track_compilation_count PASSED [ 93%]
2026-01-29T12:03:48.4988880Z tests/test_target_extraction.py::TestBuildOrderDetection::test_detect_build_order_from_sequence PASSED [ 93%]
2026-01-29T12:03:48.4994350Z tests/test_target_extraction.py::TestBuildOrderDetection::test_detect_dependency_order PASSED [ 93%]
2026-01-29T12:03:48.5000710Z tests/test_target_extraction.py::TestParallelBuildOutput::test_extract_from_parallel_ninja_output PASSED [ 93%]
2026-01-29T12:03:48.5006670Z tests/test_target_extraction.py::TestParallelBuildOutput::test_handle_interleaved_make_output PASSED [ 93%]
2026-01-29T12:03:48.5012380Z tests/test_target_extraction.py::TestParallelBuildOutput::test_handle_scrambled_ninja_output PASSED [ 93%]
2026-01-29T12:03:48.5017810Z tests/test_target_extraction.py::TestEmptyAndInvalidOutput::test_extract_from_empty_output PASSED [ 93%]
2026-01-29T12:03:48.5023030Z tests/test_target_extraction.py::TestEmptyAndInvalidOutput::test_extract_from_output_without_targets PASSED [ 94%]
2026-01-29T12:03:48.5028140Z tests/test_target_extraction.py::TestEmptyAndInvalidOutput::test_extract_from_clean_output PASSED [ 94%]
2026-01-29T12:03:48.5034410Z tests/test_target_extraction.py::TestEdgeCases::test_target_with_spaces_in_path PASSED [ 94%]
2026-01-29T12:03:48.5039500Z tests/test_target_extraction.py::TestEdgeCases::test_target_with_special_characters PASSED [ 94%]
2026-01-29T12:03:48.5095190Z tests/test_target_extraction.py::TestEdgeCases::test_very_long_build_output PASSED [ 94%]
2026-01-29T12:03:48.5101340Z tests/test_target_extraction.py::TestEdgeCases::test_target_with_unicode_characters PASSED [ 94%]
2026-01-29T12:03:48.5112110Z tests/test_warning_error_extraction.py::TestGCCWarningExtraction::test_extract_simple_gcc_warning PASSED [ 94%]
2026-01-29T12:03:48.5113420Z tests/test_warning_error_extraction.py::TestGCCWarningExtraction::test_extract_gcc_warning_with_full_path PASSED [ 94%]
2026-01-29T12:03:48.5118730Z tests/test_warning_error_extraction.py::TestGCCWarningExtraction::test_extract_multiple_gcc_warnings PASSED [ 95%]
2026-01-29T12:03:48.5125550Z tests/test_warning_error_extraction.py::TestGCCWarningExtraction::test_extract_gcc_warning_without_column PASSED [ 95%]
2026-01-29T12:03:48.5133940Z tests/test_warning_error_extraction.py::TestGCCWarningExtraction::test_extract_gcc_multiline_warning PASSED [ 95%]
2026-01-29T12:03:48.5138480Z tests/test_warning_error_extraction.py::TestClangWarningExtraction::test_extract_simple_clang_warning PASSED [ 95%]
2026-01-29T12:03:48.5144980Z tests/test_warning_error_extraction.py::TestClangWarningExtraction::test_extract_clang_warning_with_note PASSED [ 95%]
2026-01-29T12:03:48.5186300Z tests/test_warning_error_extraction.py::TestClangWarningExtraction::test_extract_clang_warning_with_fixit PASSED [ 95%]
2026-01-29T12:03:48.5187130Z tests/test_warning_error_extraction.py::TestMSVCWarningExtraction::test_extract_simple_msvc_warning PASSED [ 95%]
2026-01-29T12:03:48.5187830Z tests/test_warning_error_extraction.py::TestMSVCWarningExtraction::test_extract_msvc_warning_with_column PASSED [ 96%]
2026-01-29T12:03:48.5188540Z tests/test_warning_error_extraction.py::TestMSVCWarningExtraction::test_extract_msvc_warning_with_full_path PASSED [ 96%]
2026-01-29T12:03:48.5189240Z tests/test_warning_error_extraction.py::TestMSVCWarningExtraction::test_extract_multiple_msvc_warnings PASSED [ 96%]
2026-01-29T12:03:48.5189920Z tests/test_warning_error_extraction.py::TestGCCErrorExtraction::test_extract_simple_gcc_error PASSED [ 96%]
2026-01-29T12:03:48.5190570Z tests/test_warning_error_extraction.py::TestGCCErrorExtraction::test_extract_gcc_fatal_error PASSED [ 96%]
2026-01-29T12:03:48.5193530Z tests/test_warning_error_extraction.py::TestGCCErrorExtraction::test_extract_multiple_gcc_errors PASSED [ 96%]
2026-01-29T12:03:48.5199040Z tests/test_warning_error_extraction.py::TestClangErrorExtraction::test_extract_simple_clang_error PASSED [ 96%]
2026-01-29T12:03:48.5204420Z tests/test_warning_error_extraction.py::TestClangErrorExtraction::test_extract_clang_error_with_multiline PASSED [ 97%]
2026-01-29T12:03:48.5209480Z tests/test_warning_error_extraction.py::TestMSVCErrorExtraction::test_extract_simple_msvc_error PASSED [ 97%]
2026-01-29T12:03:48.5215490Z tests/test_warning_error_extraction.py::TestMSVCErrorExtraction::test_extract_msvc_error_with_column PASSED [ 97%]
2026-01-29T12:03:48.5221370Z tests/test_warning_error_extraction.py::TestMSVCErrorExtraction::test_extract_msvc_fatal_error PASSED [ 97%]
2026-01-29T12:03:48.5226560Z tests/test_warning_error_extraction.py::TestWarningWithoutFileInfo::test_extract_warning_without_file_info PASSED [ 97%]
2026-01-29T12:03:48.5231670Z tests/test_warning_error_extraction.py::TestWarningWithoutFileInfo::test_extract_linker_warning PASSED [ 97%]
2026-01-29T12:03:48.5237520Z tests/test_warning_error_extraction.py::TestColoredOutputHandling::test_extract_warning_with_ansi_colors PASSED [ 97%]
2026-01-29T12:03:48.5242590Z tests/test_warning_error_extraction.py::TestColoredOutputHandling::test_extract_error_with_ansi_colors PASSED [ 97%]
2026-01-29T12:03:48.5247630Z tests/test_warning_error_extraction.py::TestWarningCounting::test_count_warnings PASSED [ 98%]
2026-01-29T12:03:48.5254420Z tests/test_warning_error_extraction.py::TestWarningCounting::test_count_by_type PASSED [ 98%]
2026-01-29T12:03:48.5260070Z tests/test_warning_error_extraction.py::TestWarningDeduplication::test_deduplicate_identical_warnings PASSED [ 98%]
2026-01-29T12:03:48.5265570Z tests/test_warning_error_extraction.py::TestWarningDeduplication::test_no_deduplication_when_disabled PASSED [ 98%]
2026-01-29T12:03:48.5271060Z tests/test_warning_error_extraction.py::TestWarningDeduplication::test_deduplicate_by_file_line_message PASSED [ 98%]
2026-01-29T12:03:48.5276330Z tests/test_warning_error_extraction.py::TestMixedWarningsAndErrors::test_extract_warnings_ignores_errors PASSED [ 98%]
2026-01-29T12:03:48.5281540Z tests/test_warning_error_extraction.py::TestMixedWarningsAndErrors::test_extract_errors_ignores_warnings PASSED [ 98%]
2026-01-29T12:03:48.5290490Z tests/test_warning_error_extraction.py::TestEmptyAndInvalidOutput::test_extract_warnings_from_empty_output PASSED [ 99%]
2026-01-29T12:03:48.5292290Z tests/test_warning_error_extraction.py::TestEmptyAndInvalidOutput::test_extract_errors_from_empty_output PASSED [ 99%]
2026-01-29T12:03:48.5297550Z tests/test_warning_error_extraction.py::TestEmptyAndInvalidOutput::test_extract_from_output_without_warnings PASSED [ 99%]
2026-01-29T12:03:48.5303060Z tests/test_warning_error_extraction.py::TestEmptyAndInvalidOutput::test_extract_from_output_without_errors PASSED [ 99%]
2026-01-29T12:03:48.5308130Z tests/test_warning_error_extraction.py::TestEdgeCases::test_warning_with_special_characters_in_filename PASSED [ 99%]
2026-01-29T12:03:48.5313170Z tests/test_warning_error_extraction.py::TestEdgeCases::test_warning_with_spaces_in_windows_path PASSED [ 99%]
2026-01-29T12:03:48.5318590Z tests/test_warning_error_extraction.py::TestEdgeCases::test_very_long_warning_message PASSED [ 99%]
2026-01-29T12:03:48.9699280Z tests/test_warning_error_extraction.py::TestEdgeCases::test_warning_with_unicode_characters PASSED [100%]
2026-01-29T12:03:48.9699760Z 
2026-01-29T12:03:48.9699890Z ================================ tests coverage ================================
2026-01-29T12:03:48.9700220Z ______________ coverage: platform darwin, python 3.10.11-final-0 _______________
2026-01-29T12:03:48.9700440Z 
2026-01-29T12:03:48.9700530Z Name                           Stmts   Miss   Cover   Missing
2026-01-29T12:03:48.9700870Z -------------------------------------------------------------
2026-01-29T12:03:48.9701180Z __init__.py                        2      0 100.00%
2026-01-29T12:03:48.9701450Z cli/__init__.py                    0      0 100.00%
2026-01-29T12:03:48.9701730Z cli/argument_errors.py            45      0 100.00%
2026-01-29T12:03:48.9701970Z cli/argument_parser.py            51      0 100.00%
2026-01-29T12:03:48.9702200Z cli/argument_validator.py         42      0 100.00%
2026-01-29T12:03:48.9702430Z cmake/__init__.py                  0      0 100.00%
2026-01-29T12:03:48.9702670Z cmake/executor.py                117      3  97.44%   87-89
2026-01-29T12:03:48.9702940Z cmake/parameter_manager.py       100      1  99.00%   179
2026-01-29T12:03:48.9703190Z inspector/__init__.py              0      0 100.00%
2026-01-29T12:03:48.9703480Z inspector/build_inspector.py     250     19  92.40%   526, 591, 664-676, 688-697
2026-01-29T12:03:48.9703780Z models/__init__.py                 4      0 100.00%
2026-01-29T12:03:48.9704030Z models/arguments.py               34      2  94.12%   48, 85
2026-01-29T12:03:48.9704280Z models/metadata.py                72      0 100.00%
2026-01-29T12:03:48.9704500Z models/records.py                  0      0 100.00%
2026-01-29T12:03:48.9704720Z models/results.py                 47      0 100.00%
2026-01-29T12:03:48.9704950Z storage/__init__.py                2      0 100.00%
2026-01-29T12:03:48.9705240Z storage/data_persistence.py      134      8  94.03%   147, 223-225, 490-491, 567-568
2026-01-29T12:03:48.9705550Z storage/persistence.py            35      0 100.00%
2026-01-29T12:03:48.9705770Z storage/query.py                   0      0 100.00%
2026-01-29T12:03:48.9705990Z utils/__init__.py                  0      0 100.00%
2026-01-29T12:03:48.9706260Z utils/formatting.py              117      6  94.87%   53, 135, 185-186, 219-220
2026-01-29T12:03:48.9706540Z utils/logging.py                   0      0 100.00%
2026-01-29T12:03:48.9707010Z utils/logging_config.py           39      0 100.00%
2026-01-29T12:03:48.9707250Z utils/paths.py                     0      0 100.00%
2026-01-29T12:03:48.9707480Z -------------------------------------------------------------
2026-01-29T12:03:48.9707700Z TOTAL                           1091     39  96.43%
2026-01-29T12:03:48.9707900Z Coverage HTML written to dir htmlcov
2026-01-29T12:03:48.9708190Z Coverage XML written to file coverage.xml
2026-01-29T12:03:48.9708430Z Required test coverage of 90.0% reached. Total coverage: 96.43%
2026-01-29T12:03:48.9708710Z ============================= 738 passed in 21.87s =============================
2026-01-29T12:03:49.0104060Z Post job cleanup.
2026-01-29T12:03:49.1428830Z Post job cleanup.
2026-01-29T12:03:49.2251740Z [command]/opt/homebrew/bin/git version
2026-01-29T12:03:49.2427320Z git version 2.52.0
2026-01-29T12:03:49.2449230Z Copying '/Users/runner/.gitconfig' to '/Users/runner/work/_temp/f5d201c7-36c4-4833-9deb-a3fffcf83cea/.gitconfig'
2026-01-29T12:03:49.2458670Z Temporarily overriding HOME='/Users/runner/work/_temp/f5d201c7-36c4-4833-9deb-a3fffcf83cea' before making global git config changes
2026-01-29T12:03:49.2459260Z Adding repository directory to the temporary git global config as a safe directory
2026-01-29T12:03:49.2462330Z [command]/opt/homebrew/bin/git config --global --add safe.directory /Users/runner/work/argos/argos
2026-01-29T12:03:49.2542930Z [command]/opt/homebrew/bin/git config --local --name-only --get-regexp core\.sshCommand
2026-01-29T12:03:49.2592710Z [command]/opt/homebrew/bin/git submodule foreach --recursive sh -c "git config --local --name-only --get-regexp 'core\.sshCommand' && git config --local --unset-all 'core.sshCommand' || :"
2026-01-29T12:03:49.3241480Z [command]/opt/homebrew/bin/git config --local --name-only --get-regexp http\.https\:\/\/github\.com\/\.extraheader
2026-01-29T12:03:49.3284300Z http.https://github.com/.extraheader
2026-01-29T12:03:49.3291980Z [command]/opt/homebrew/bin/git config --local --unset-all http.https://github.com/.extraheader
2026-01-29T12:03:49.3342570Z [command]/opt/homebrew/bin/git submodule foreach --recursive sh -c "git config --local --name-only --get-regexp 'http\.https\:\/\/github\.com\/\.extraheader' && git config --local --unset-all 'http.https://github.com/.extraheader' || :"
2026-01-29T12:03:49.3897770Z [command]/opt/homebrew/bin/git config --local --name-only --get-regexp ^includeIf\.gitdir:
2026-01-29T12:03:49.3943670Z [command]/opt/homebrew/bin/git submodule foreach --recursive git config --local --show-origin --name-only --get-regexp remote.origin.url
2026-01-29T12:03:49.4742070Z Cleaning up orphan processes
